2026-07-30 13:48:19.739 | DEBUG    | ttnn:<module>:79 - Initial ttnn.CONFIG:
Config{cache_path=/home/mvasiljevic/.cache/ttnn,model_cache_path=/home/mvasiljevic/.cache/ttnn/models,tmp_dir=/tmp/ttnn,enable_model_cache=false,enable_fast_runtime_mode=true,throw_exception_on_fallback=false,enable_logging=false,enable_graph_report=false,enable_graph_python_stack_traces=false,enable_detailed_buffer_report=false,enable_detailed_tensor_report=false,enable_comparison_mode=false,comparison_mode_should_raise_exception=false,comparison_mode_pcc=0.9999,root_report_path=generated/ttnn/reports,report_name=std::nullopt,std::nullopt}
============================= test session starts ==============================
platform linux -- Python 3.12.13, pytest-9.0.3, pluggy-1.6.0 -- /home/mvasiljevic/tt-metal/python_env/bin/python3
cachedir: .pytest_cache
benchmark: 5.2.3 (defaults: timer=time.perf_counter disable_gc=False min_rounds=5 min_time=0.000005 max_time=1.0 calibration_precision=10 warmup=False warmup_iterations=100000)
rootdir: /home/mvasiljevic/tt-metal
configfile: pytest.ini
plugins: github-actions-annotate-failures-0.3.0, anyio-4.14.2, dash-2.15.0, split-0.11.0, timeout-2.4.0, benchmark-5.2.3, cov-7.0.0
timeout: 300.0s
timeout method: signal
timeout func_only: False
collecting ... collected 1 item

models/autoports/microsoft_phi_3_5_mini_instruct/tests/optimized_decoder_perf.py::test_profile_traced_decode[blackhole-1-mesh_device0] 2026-07-30 13:48:21.437 | info     |          Device | Opening user mode device driver (tt_cluster.cpp:228)
2026-07-30 13:48:21.437 | info     |             UMD | Cluster constructor started. (cluster.cpp:348)
2026-07-30 13:48:21.437 | info     |             UMD | Creating TopologyDiscovery for architecture: blackhole (topology_discovery.cpp:91)
2026-07-30 13:48:21.437 | info     |             UMD | Starting topology discovery. (topology_discovery.cpp:110)
2026-07-30 13:48:21.438 | info     |             UMD | Established firmware bundle version: 19.8.0 (topology_discovery.cpp:569)
2026-07-30 13:48:21.438 | info     |             UMD | Firmware bundle version 19.8.0 on the system is newer than the latest fully tested version 19.5.0 for blackhole architecture. Newest features may not be supported. (topology_discovery.cpp:601)
2026-07-30 13:48:21.442 | info     |             UMD | Completed topology discovery. (topology_discovery.cpp:114)
2026-07-30 13:48:21.671 | info     |             UMD | Opening local chip ids/PCIe ids: {0, 1, 2, 3}/[0, 1, 2, 3] and remote chip ids {} (cluster.cpp:168)
2026-07-30 13:48:21.671 | info     |             UMD | IOMMU: enabled (cluster.cpp:142)
2026-07-30 13:48:21.671 | info     |             UMD | KMD version: 2.8.0 (cluster.cpp:145)
2026-07-30 13:48:21.671 | info     |             UMD | Cluster constructor completed. (cluster.cpp:520)
2026-07-30 13:48:21.673 | info     |             UMD | Starting devices in cluster (cluster.cpp:1024)
2026-07-30 13:48:21.974 | info     |             UMD | Starting devices in cluster completed. (cluster.cpp:1032)
2026-07-30 13:48:22.107 | DEBUG    | ttnn.device:__init__:152 - Using default dispatch core type for this system: DispatchCoreType.WORKER
2026-07-30 13:48:22.107 | DEBUG    | ttnn.device:__init__:154 - Using default dispatch core axis for this system: DispatchCoreAxis.COL
2026-07-30 13:48:22.107 | info     |     Distributed | Using auto discovery to generate mesh graph. (metal_env.cpp:367)
2026-07-30 13:48:22.107 | info     |     Distributed | Constructing control plane using auto-discovery (no mesh graph descriptor). (metal_env.cpp:429)
2026-07-30 13:48:22.107 | warning  |          Always | Unknown motherboard 'B850M-C' for chip_id=0 (bus_id=0x1) — falling back to bus_id as tray_id. Add this motherboard and its bus IDs to mobo_to_bus_ids in physical_system_discovery.cpp. (physical_system_discovery.cpp:89)
2026-07-30 13:48:22.107 | warning  |          Always | Unknown motherboard 'B850M-C' for chip_id=1 (bus_id=0x2) — falling back to bus_id as tray_id. Add this motherboard and its bus IDs to mobo_to_bus_ids in physical_system_discovery.cpp. (physical_system_discovery.cpp:89)
2026-07-30 13:48:22.107 | warning  |          Always | Unknown motherboard 'B850M-C' for chip_id=2 (bus_id=0x3) — falling back to bus_id as tray_id. Add this motherboard and its bus IDs to mobo_to_bus_ids in physical_system_discovery.cpp. (physical_system_discovery.cpp:89)
2026-07-30 13:48:22.107 | warning  |          Always | Unknown motherboard 'B850M-C' for chip_id=3 (bus_id=0x4) — falling back to bus_id as tray_id. Add this motherboard and its bus IDs to mobo_to_bus_ids in physical_system_discovery.cpp. (physical_system_discovery.cpp:89)
2026-07-30 13:48:22.107 | warning  |          Always | Unknown motherboard 'B850M-C' for chip_id=1 (bus_id=0x2) — falling back to bus_id as tray_id. Add this motherboard and its bus IDs to mobo_to_bus_ids in physical_system_discovery.cpp. (physical_system_discovery.cpp:89)
2026-07-30 13:48:22.107 | warning  |          Always | Unknown motherboard 'B850M-C' for chip_id=0 (bus_id=0x1) — falling back to bus_id as tray_id. Add this motherboard and its bus IDs to mobo_to_bus_ids in physical_system_discovery.cpp. (physical_system_discovery.cpp:89)
2026-07-30 13:48:22.107 | warning  |          Always | Unknown motherboard 'B850M-C' for chip_id=2 (bus_id=0x3) — falling back to bus_id as tray_id. Add this motherboard and its bus IDs to mobo_to_bus_ids in physical_system_discovery.cpp. (physical_system_discovery.cpp:89)
2026-07-30 13:48:22.107 | warning  |          Always | Unknown motherboard 'B850M-C' for chip_id=3 (bus_id=0x4) — falling back to bus_id as tray_id. Add this motherboard and its bus IDs to mobo_to_bus_ids in physical_system_discovery.cpp. (physical_system_discovery.cpp:89)
2026-07-30 13:48:22.108 | info     |          Fabric | Logical multi-mesh adjacency: intermesh degree histogram {0:1}; intra-mesh degree histograms mesh0 {2:4} (topology_mapper_utils.cpp:2342)
2026-07-30 13:48:22.108 | info     |          Fabric | Physical multi-mesh adjacency: intermesh degree histogram {0:1}; intra-mesh degree histograms mesh0 {2:4} (topology_mapper_utils.cpp:2350)
2026-07-30 13:48:22.113 | info     |    BuildKernels | Using pre-compiled firmware from: /home/mvasiljevic/tt-metal/tt_metal/pre-compiled/13793420398762238087/ (build_env_manager.cpp:347)
2026-07-30 13:48:22.113 | info     |    BuildKernels | Using pre-compiled firmware from: /home/mvasiljevic/tt-metal/tt_metal/pre-compiled/13793420398762238087/ (build_env_manager.cpp:347)
2026-07-30 13:48:22.113 | info     |    BuildKernels | Using pre-compiled firmware from: /home/mvasiljevic/tt-metal/tt_metal/pre-compiled/13793420398762238087/ (build_env_manager.cpp:347)
2026-07-30 13:48:22.113 | info     |    BuildKernels | Using pre-compiled firmware from: /home/mvasiljevic/tt-metal/tt_metal/pre-compiled/13793420398762238087/ (build_env_manager.cpp:347)
2026-07-30 13:48:22.141 | warning  |           Metal | Opening subset of mmio devices slows down UMD read/write to remote chips. If opening more devices, consider using CreateDevices API. (device_manager.cpp:261)
2026-07-30 13:48:22.180 | info     |           Metal | ShmResourceTracker: removed orphaned shm '/tt_device_154095681929600_memory' (shm_resource_tracker.cpp:282)
2026-07-30 13:48:22.758 | info     |           Metal | [Real-time profiler] Device 3 sync complete: 100 samples, frequency=1.349977 GHz, device_time_at_sync=45476960292008 cycles (realtime_profiler_manager.cpp:1127)
2026-07-30 13:48:22.772 | DEBUG    | conftest:mesh_device:599 - multidevice with 1 devices is created
[transformers] This model config has set a `rope_parameters['original_max_position_embeddings']` field, to be used together with `max_position_embeddings` to determine a scaling factor. Please set the `factor` field of `rope_parameters`with this ratio instead -- we recommend the use of this field over `original_max_position_embeddings`, as it is compatible with most model architectures.
2026-07-30 13:48:25.657 | INFO     | tracy:signpost:49 - OPT_DECODE_B1
2026-07-30 13:48:25.661 | INFO     | tracy:signpost:49 - OPT_DECODE_B1_END
OPT_POLICY name=final values=OptimizationPolicy(attention_weight_dtype=DataType.BFLOAT4_B, gate_up_weight_dtype=DataType.BFLOAT4_B, down_weight_dtype=DataType.BFLOAT4_B, kv_cache_dtype=DataType.BFLOAT8_B, attention_math_fidelity=MathFidelity.LoFi, mlp_math_fidelity=MathFidelity.LoFi, decode_core_grid=(8, 1), qkv_in0_block_w=12, o_proj_in0_block_w=12, gate_up_in0_block_w=6, down_in0_block_w=16, gate_up_split_interleaved=True, separate_gate_up_projections=False, fused_paged_cache_update=True, explicit_decode_sdpa=False, fused_rope=False, fused_prefill_rope=False, prefill_core_grid=(8, 8), prefill_qkv_in0_block_w=2, prefill_o_proj_in0_block_w=2, prefill_gate_up_in0_block_w=2, prefill_down_in0_block_w=2, prefill_qkv_out_block_h=None, prefill_o_proj_out_block_h=None, prefill_gate_up_out_block_h=None, prefill_down_out_block_h=None, prefill_qkv_out_block_w=None, prefill_o_proj_out_block_w=None, prefill_gate_up_out_block_w=None, prefill_down_out_block_w=None)
ACTIVATION_SOURCE recorded_target path=/home/mvasiljevic/tt-metal/models/autoports/microsoft_phi_3_5_mini_instruct/doc/optimized_decoder/activations/layer0_inputs.safetensors key=token_embeddings matching_next_rows=1
CACHE_SOURCE reference_fill recorded_target_prefix prefix_length=127 batch=1
PCC_RESULT path=optimized-perf-decode-final-b1 threshold=0.995 0.9992643136975439
PERF_RESULT policy=final mode=decode batch=1 context=128 trace_replays=10 mean_ms=0.466496 min_ms=0.464406
PASSED

==================================== PASSES ====================================
- generated xml file: /home/mvasiljevic/tt-metal/generated/test_reports/most_recent_tests.xml -
============================== slowest durations ===============================
2.90s call     models/autoports/microsoft_phi_3_5_mini_instruct/tests/optimized_decoder_perf.py::test_profile_traced_decode[blackhole-1-mesh_device0]
1.57s setup    models/autoports/microsoft_phi_3_5_mini_instruct/tests/optimized_decoder_perf.py::test_profile_traced_decode[blackhole-1-mesh_device0]
0.12s teardown models/autoports/microsoft_phi_3_5_mini_instruct/tests/optimized_decoder_perf.py::test_profile_traced_decode[blackhole-1-mesh_device0]
=========================== short test summary info ============================
PASSED models/autoports/microsoft_phi_3_5_mini_instruct/tests/optimized_decoder_perf.py::test_profile_traced_decode[blackhole-1-mesh_device0]
============================== 1 passed in 5.28s ===============================
nanobind: leaked 2 instances!
 - leaked instance 0x7338e6df0108 of type "ttnn._ttnn.tensor.MemoryConfig"
 - leaked instance 0x7338e7566058 of type "ttnn._ttnn.tensor.CoreRangeSet"
nanobind: leaked 20 types!
 - leaked type "ttnn._ttnn.operations.matmul.MatmulMultiCoreReuseMultiCast1DProgramConfig"
 - leaked type "ttnn._ttnn.operations.matmul.MatmulInputs"
 - leaked type "ttnn._ttnn.operations.matmul.MatmulMultiCoreReuseMultiCastBatchedDRAMShardedProgramConfig"
 - leaked type "BufferType"
 - leaked type "UnaryOpType"
 - leaked type "Layout"
 - leaked type "ttnn._ttnn.operations.matmul.MatmulMultiCoreReuseOptimizedProgramFactory"
 - leaked type "Arch"
 - leaked type "ttnn._ttnn.operations.matmul.MatmulParams"
 - leaked type "ttnn._ttnn.tensor.CoreRangeSet"
 - ... skipped remainder
nanobind: leaked 247 functions!
 - leaked function ""
 - leaked function ""
 - leaked function ""
 - leaked function "__init__"
 - leaked function "__init__"
 - leaked function ""
 - leaked function ""
 - leaked function ""
 - leaked function "clear_program_cache"
 - leaked function ""
 - ... skipped remainder
nanobind: this is likely caused by a reference counting issue in the binding code.
See https://nanobind.readthedocs.io/en/latest/refleaks.html2026-07-30 13:48:27.814 | info     |    BuildKernels | JIT cache stats: 145/161 hits (90.1%) [145 cached, 20 build-once dedup, 0 merged artifacts, 0 merged genfiles] (build_cache_telemetry.cpp:207)
2026-07-30 13:48:27.814 | info     |    BuildKernels | JIT telemetry: 3 registered TelemetryTokens (build_cache_telemetry.cpp:230)
2026-07-30 13:48:27.827 | info     |          Device | Closing user mode device drivers (tt_cluster.cpp:512)
2026-07-30 13:48:27.827 | info     |             UMD | Closing devices in cluster (cluster.cpp:1037)
2026-07-30 13:48:28.346 | info     |             UMD | Closing devices in cluster completed. (cluster.cpp:1046)
2026-07-30 13:48:28.346 | info     |             UMD | Cluster destructor started. (cluster.cpp:754)
2026-07-30 13:48:28.346 | info     |             UMD | Cluster destructor completed. (cluster.cpp:757)
