Script started on 2026-07-30 09:21:06+00:00 [COMMAND="pytest -q -s models/autoports/microsoft_phi_3_5_mini_instruct/tests/optimized_decoder_sweep.py -k topology_sweep" <not executed on terminal>]
[32m2026-07-30 09:21:08.522[0m | [34m[1mDEBUG   [0m | [36mttnn[0m:[36m<module>[0m:[36m79[0m - [34m[1mInitial ttnn.CONFIG:
Config{cache_path=/home/mvasiljevic/.cache/ttnn,model_cache_path=/home/mvasiljevic/.cache/ttnn/models,tmp_dir=/tmp/ttnn,enable_model_cache=false,enable_fast_runtime_mode=true,throw_exception_on_fallback=false,enable_logging=false,enable_graph_report=false,enable_graph_python_stack_traces=false,enable_detailed_buffer_report=false,enable_detailed_tensor_report=false,enable_comparison_mode=false,comparison_mode_should_raise_exception=false,comparison_mode_pcc=0.9999,root_report_path=generated/ttnn/reports,report_name=std::nullopt,std::nullopt}[0m
============================= test session starts ==============================
platform linux -- Python 3.12.13, pytest-9.0.3, pluggy-1.6.0 -- /home/mvasiljevic/tt-metal/python_env/bin/python3
cachedir: .pytest_cache
benchmark: 5.2.3 (defaults: timer=time.perf_counter disable_gc=False min_rounds=5 min_time=0.000005 max_time=1.0 calibration_precision=10 warmup=False warmup_iterations=100000)
rootdir: /home/mvasiljevic/tt-metal
configfile: pytest.ini
plugins: github-actions-annotate-failures-0.3.0, anyio-4.14.2, dash-2.15.0, split-0.11.0, timeout-2.4.0, benchmark-5.2.3, cov-7.0.0
timeout: 300.0s
timeout method: signal
timeout func_only: False
collecting ... collecting 38 items                                                            collected 38 items / 32 deselected / 6 selected

models/autoports/microsoft_phi_3_5_mini_instruct/tests/optimized_decoder_sweep.py::test_topology_sweep[blackhole-bf16_cache_packed-1-mesh_device0] [90m2026-07-30 09:21:10.111[0m | [32minfo    [m | [35m         Device[0m | [37mOpening user mode device driver[0m [90m(tt_cluster.cpp:228)[0m
[90m2026-07-30 09:21:10.111[0m | [32minfo    [m | [35m            UMD[0m | [37mCluster constructor started.[0m [90m(cluster.cpp:348)[0m
[90m2026-07-30 09:21:10.111[0m | [32minfo    [m | [35m            UMD[0m | [37mCreating TopologyDiscovery for architecture: blackhole[0m [90m(topology_discovery.cpp:91)[0m
[90m2026-07-30 09:21:10.111[0m | [32minfo    [m | [35m            UMD[0m | [37mStarting topology discovery.[0m [90m(topology_discovery.cpp:110)[0m
[90m2026-07-30 09:21:10.112[0m | [32minfo    [m | [35m            UMD[0m | [37mEstablished firmware bundle version: 19.8.0[0m [90m(topology_discovery.cpp:569)[0m
[90m2026-07-30 09:21:10.112[0m | [32minfo    [m | [35m            UMD[0m | [37mFirmware bundle version 19.8.0 on the system is newer than the latest fully tested version 19.5.0 for blackhole architecture. Newest features may not be supported.[0m [90m(topology_discovery.cpp:601)[0m
[90m2026-07-30 09:21:10.116[0m | [32minfo    [m | [35m            UMD[0m | [37mCompleted topology discovery.[0m [90m(topology_discovery.cpp:114)[0m
[90m2026-07-30 09:21:10.340[0m | [32minfo    [m | [35m            UMD[0m | [37mOpening local chip ids/PCIe ids: {0, 1, 2, 3}/[0, 1, 2, 3] and remote chip ids {}[0m [90m(cluster.cpp:168)[0m
[90m2026-07-30 09:21:10.340[0m | [32minfo    [m | [35m            UMD[0m | [37mIOMMU: enabled[0m [90m(cluster.cpp:142)[0m
[90m2026-07-30 09:21:10.340[0m | [32minfo    [m | [35m            UMD[0m | [37mKMD version: 2.8.0[0m [90m(cluster.cpp:145)[0m
[90m2026-07-30 09:21:10.340[0m | [32minfo    [m | [35m            UMD[0m | [37mCluster constructor completed.[0m [90m(cluster.cpp:520)[0m
[90m2026-07-30 09:21:10.342[0m | [32minfo    [m | [35m            UMD[0m | [37mStarting devices in cluster[0m [90m(cluster.cpp:1024)[0m
[90m2026-07-30 09:21:10.490[0m | [32minfo    [m | [35m            UMD[0m | [37mStarting devices in cluster completed.[0m [90m(cluster.cpp:1032)[0m
[32m2026-07-30 09:21:10.613[0m | [34m[1mDEBUG   [0m | [36mttnn.device[0m:[36m__init__[0m:[36m152[0m - [34m[1mUsing default dispatch core type for this system: DispatchCoreType.WORKER[0m
[32m2026-07-30 09:21:10.614[0m | [34m[1mDEBUG   [0m | [36mttnn.device[0m:[36m__init__[0m:[36m154[0m - [34m[1mUsing default dispatch core axis for this system: DispatchCoreAxis.COL[0m
[90m2026-07-30 09:21:10.614[0m | [32minfo    [m | [35m    Distributed[0m | [37mUsing auto discovery to generate mesh graph.[0m [90m(metal_env.cpp:367)[0m
[90m2026-07-30 09:21:10.614[0m | [32minfo    [m | [35m    Distributed[0m | [37mConstructing control plane using auto-discovery (no mesh graph descriptor).[0m [90m(metal_env.cpp:429)[0m
[90m2026-07-30 09:21:10.614[0m | [33m[1mwarning [m | [35m         Always[0m | [37mUnknown motherboard 'B850M-C' for chip_id=0 (bus_id=0x1) — falling back to bus_id as tray_id. Add this motherboard and its bus IDs to mobo_to_bus_ids in physical_system_discovery.cpp.[0m [90m(physical_system_discovery.cpp:89)[0m
[90m2026-07-30 09:21:10.614[0m | [33m[1mwarning [m | [35m         Always[0m | [37mUnknown motherboard 'B850M-C' for chip_id=1 (bus_id=0x2) — falling back to bus_id as tray_id. Add this motherboard and its bus IDs to mobo_to_bus_ids in physical_system_discovery.cpp.[0m [90m(physical_system_discovery.cpp:89)[0m
[90m2026-07-30 09:21:10.614[0m | [33m[1mwarning [m | [35m         Always[0m | [37mUnknown motherboard 'B850M-C' for chip_id=2 (bus_id=0x3) — falling back to bus_id as tray_id. Add this motherboard and its bus IDs to mobo_to_bus_ids in physical_system_discovery.cpp.[0m [90m(physical_system_discovery.cpp:89)[0m
[90m2026-07-30 09:21:10.614[0m | [33m[1mwarning [m | [35m         Always[0m | [37mUnknown motherboard 'B850M-C' for chip_id=3 (bus_id=0x4) — falling back to bus_id as tray_id. Add this motherboard and its bus IDs to mobo_to_bus_ids in physical_system_discovery.cpp.[0m [90m(physical_system_discovery.cpp:89)[0m
[90m2026-07-30 09:21:10.614[0m | [33m[1mwarning [m | [35m         Always[0m | [37mUnknown motherboard 'B850M-C' for chip_id=1 (bus_id=0x2) — falling back to bus_id as tray_id. Add this motherboard and its bus IDs to mobo_to_bus_ids in physical_system_discovery.cpp.[0m [90m(physical_system_discovery.cpp:89)[0m
[90m2026-07-30 09:21:10.614[0m | [33m[1mwarning [m | [35m         Always[0m | [37mUnknown motherboard 'B850M-C' for chip_id=0 (bus_id=0x1) — falling back to bus_id as tray_id. Add this motherboard and its bus IDs to mobo_to_bus_ids in physical_system_discovery.cpp.[0m [90m(physical_system_discovery.cpp:89)[0m
[90m2026-07-30 09:21:10.614[0m | [33m[1mwarning [m | [35m         Always[0m | [37mUnknown motherboard 'B850M-C' for chip_id=2 (bus_id=0x3) — falling back to bus_id as tray_id. Add this motherboard and its bus IDs to mobo_to_bus_ids in physical_system_discovery.cpp.[0m [90m(physical_system_discovery.cpp:89)[0m
[90m2026-07-30 09:21:10.614[0m | [33m[1mwarning [m | [35m         Always[0m | [37mUnknown motherboard 'B850M-C' for chip_id=3 (bus_id=0x4) — falling back to bus_id as tray_id. Add this motherboard and its bus IDs to mobo_to_bus_ids in physical_system_discovery.cpp.[0m [90m(physical_system_discovery.cpp:89)[0m
[90m2026-07-30 09:21:10.614[0m | [32minfo    [m | [35m         Fabric[0m | [37mLogical multi-mesh adjacency: intermesh degree histogram {0:1}; intra-mesh degree histograms mesh0 {2:4}[0m [90m(topology_mapper_utils.cpp:2342)[0m
[90m2026-07-30 09:21:10.614[0m | [32minfo    [m | [35m         Fabric[0m | [37mPhysical multi-mesh adjacency: intermesh degree histogram {0:1}; intra-mesh degree histograms mesh0 {2:4}[0m [90m(topology_mapper_utils.cpp:2350)[0m
[90m2026-07-30 09:21:10.619[0m | [32minfo    [m | [35m   BuildKernels[0m | [37mUsing pre-compiled firmware from: /home/mvasiljevic/tt-metal/tt_metal/pre-compiled/13793420398762238087/[0m [90m(build_env_manager.cpp:347)[0m
[90m2026-07-30 09:21:10.619[0m | [32minfo    [m | [35m   BuildKernels[0m | [37mUsing pre-compiled firmware from: /home/mvasiljevic/tt-metal/tt_metal/pre-compiled/13793420398762238087/[0m [90m(build_env_manager.cpp:347)[0m
[90m2026-07-30 09:21:10.619[0m | [32minfo    [m | [35m   BuildKernels[0m | [37mUsing pre-compiled firmware from: /home/mvasiljevic/tt-metal/tt_metal/pre-compiled/13793420398762238087/[0m [90m(build_env_manager.cpp:347)[0m
[90m2026-07-30 09:21:10.619[0m | [32minfo    [m | [35m   BuildKernels[0m | [37mUsing pre-compiled firmware from: /home/mvasiljevic/tt-metal/tt_metal/pre-compiled/13793420398762238087/[0m [90m(build_env_manager.cpp:347)[0m
[90m2026-07-30 09:21:10.648[0m | [33m[1mwarning [m | [35m          Metal[0m | [37mOpening subset of mmio devices slows down UMD read/write to remote chips. If opening more devices, consider using CreateDevices API.[0m [90m(device_manager.cpp:261)[0m
[90m2026-07-30 09:21:10.687[0m | [32minfo    [m | [35m          Metal[0m | [37mShmResourceTracker: removed orphaned shm '/tt_device_154095681929600_memory'[0m [90m(shm_resource_tracker.cpp:282)[0m
[90m2026-07-30 09:21:11.264[0m | [32minfo    [m | [35m          Metal[0m | [37m[Real-time profiler] Device 3 sync complete: 100 samples, frequency=1.349979 GHz, device_time_at_sync=31784785503949 cycles[0m [90m(realtime_profiler_manager.cpp:1127)[0m
[32m2026-07-30 09:21:11.280[0m | [34m[1mDEBUG   [0m | [36mconftest[0m:[36mmesh_device[0m:[36m599[0m - [34m[1mmultidevice with 1 devices is created[0m
[transformers] This model config has set a `rope_parameters['original_max_position_embeddings']` field, to be used together with `max_position_embeddings` to determine a scaling factor. Please set the `factor` field of `rope_parameters`with this ratio instead -- we recommend the use of this field over `original_max_position_embeddings`, as it is compatible with most model architectures.
SWEEP_RESULT axis=topology candidate=bf16_cache_packed batch=1 mean_ms=0.488666 min_ms=0.487290 cache=DataType.BFLOAT16 split=False
PASSED
models/autoports/microsoft_phi_3_5_mini_instruct/tests/optimized_decoder_sweep.py::test_topology_sweep[blackhole-bf16_cache_packed-32-mesh_device0] [32m2026-07-30 09:21:12.525[0m | [34m[1mDEBUG   [0m | [36mttnn.device[0m:[36m__init__[0m:[36m152[0m - [34m[1mUsing default dispatch core type for this system: DispatchCoreType.WORKER[0m
[32m2026-07-30 09:21:12.525[0m | [34m[1mDEBUG   [0m | [36mttnn.device[0m:[36m__init__[0m:[36m154[0m - [34m[1mUsing default dispatch core axis for this system: DispatchCoreAxis.COL[0m
[90m2026-07-30 09:21:12.538[0m | [32minfo    [m | [35m   BuildKernels[0m | [37mUsing pre-compiled firmware from: /home/mvasiljevic/tt-metal/tt_metal/pre-compiled/13793420398762238087/[0m [90m(build_env_manager.cpp:347)[0m
[90m2026-07-30 09:21:12.539[0m | [32minfo    [m | [35m   BuildKernels[0m | [37mUsing pre-compiled firmware from: /home/mvasiljevic/tt-metal/tt_metal/pre-compiled/13793420398762238087/[0m [90m(build_env_manager.cpp:347)[0m
[90m2026-07-30 09:21:12.540[0m | [32minfo    [m | [35m   BuildKernels[0m | [37mUsing pre-compiled firmware from: /home/mvasiljevic/tt-metal/tt_metal/pre-compiled/13793420398762238087/[0m [90m(build_env_manager.cpp:347)[0m
[90m2026-07-30 09:21:12.540[0m | [32minfo    [m | [35m   BuildKernels[0m | [37mUsing pre-compiled firmware from: /home/mvasiljevic/tt-metal/tt_metal/pre-compiled/13793420398762238087/[0m [90m(build_env_manager.cpp:347)[0m
[90m2026-07-30 09:21:12.568[0m | [33m[1mwarning [m | [35m          Metal[0m | [37mOpening subset of mmio devices slows down UMD read/write to remote chips. If opening more devices, consider using CreateDevices API.[0m [90m(device_manager.cpp:261)[0m
[32m2026-07-30 09:21:12.609[0m | [34m[1mDEBUG   [0m | [36mconftest[0m:[36mmesh_device[0m:[36m599[0m - [34m[1mmultidevice with 1 devices is created[0m
SWEEP_RESULT axis=topology candidate=bf16_cache_packed batch=32 mean_ms=0.648506 min_ms=0.646243 cache=DataType.BFLOAT16 split=False
PASSED
models/autoports/microsoft_phi_3_5_mini_instruct/tests/optimized_decoder_sweep.py::test_topology_sweep[blackhole-bfp8_cache_packed-1-mesh_device0] [32m2026-07-30 09:21:13.660[0m | [34m[1mDEBUG   [0m | [36mttnn.device[0m:[36m__init__[0m:[36m152[0m - [34m[1mUsing default dispatch core type for this system: DispatchCoreType.WORKER[0m
[32m2026-07-30 09:21:13.660[0m | [34m[1mDEBUG   [0m | [36mttnn.device[0m:[36m__init__[0m:[36m154[0m - [34m[1mUsing default dispatch core axis for this system: DispatchCoreAxis.COL[0m
[90m2026-07-30 09:21:13.672[0m | [32minfo    [m | [35m   BuildKernels[0m | [37mUsing pre-compiled firmware from: /home/mvasiljevic/tt-metal/tt_metal/pre-compiled/13793420398762238087/[0m [90m(build_env_manager.cpp:347)[0m
[90m2026-07-30 09:21:13.673[0m | [32minfo    [m | [35m   BuildKernels[0m | [37mUsing pre-compiled firmware from: /home/mvasiljevic/tt-metal/tt_metal/pre-compiled/13793420398762238087/[0m [90m(build_env_manager.cpp:347)[0m
[90m2026-07-30 09:21:13.674[0m | [32minfo    [m | [35m   BuildKernels[0m | [37mUsing pre-compiled firmware from: /home/mvasiljevic/tt-metal/tt_metal/pre-compiled/13793420398762238087/[0m [90m(build_env_manager.cpp:347)[0m
[90m2026-07-30 09:21:13.675[0m | [32minfo    [m | [35m   BuildKernels[0m | [37mUsing pre-compiled firmware from: /home/mvasiljevic/tt-metal/tt_metal/pre-compiled/13793420398762238087/[0m [90m(build_env_manager.cpp:347)[0m
[90m2026-07-30 09:21:13.703[0m | [33m[1mwarning [m | [35m          Metal[0m | [37mOpening subset of mmio devices slows down UMD read/write to remote chips. If opening more devices, consider using CreateDevices API.[0m [90m(device_manager.cpp:261)[0m
[32m2026-07-30 09:21:13.744[0m | [34m[1mDEBUG   [0m | [36mconftest[0m:[36mmesh_device[0m:[36m599[0m - [34m[1mmultidevice with 1 devices is created[0m
SWEEP_RESULT axis=topology candidate=bfp8_cache_packed batch=1 mean_ms=0.488911 min_ms=0.488161 cache=DataType.BFLOAT8_B split=False
PASSED
models/autoports/microsoft_phi_3_5_mini_instruct/tests/optimized_decoder_sweep.py::test_topology_sweep[blackhole-bfp8_cache_packed-32-mesh_device0] [32m2026-07-30 09:21:14.768[0m | [34m[1mDEBUG   [0m | [36mttnn.device[0m:[36m__init__[0m:[36m152[0m - [34m[1mUsing default dispatch core type for this system: DispatchCoreType.WORKER[0m
[32m2026-07-30 09:21:14.769[0m | [34m[1mDEBUG   [0m | [36mttnn.device[0m:[36m__init__[0m:[36m154[0m - [34m[1mUsing default dispatch core axis for this system: DispatchCoreAxis.COL[0m
[90m2026-07-30 09:21:14.781[0m | [32minfo    [m | [35m   BuildKernels[0m | [37mUsing pre-compiled firmware from: /home/mvasiljevic/tt-metal/tt_metal/pre-compiled/13793420398762238087/[0m [90m(build_env_manager.cpp:347)[0m
[90m2026-07-30 09:21:14.782[0m | [32minfo    [m | [35m   BuildKernels[0m | [37mUsing pre-compiled firmware from: /home/mvasiljevic/tt-metal/tt_metal/pre-compiled/13793420398762238087/[0m [90m(build_env_manager.cpp:347)[0m
[90m2026-07-30 09:21:14.783[0m | [32minfo    [m | [35m   BuildKernels[0m | [37mUsing pre-compiled firmware from: /home/mvasiljevic/tt-metal/tt_metal/pre-compiled/13793420398762238087/[0m [90m(build_env_manager.cpp:347)[0m
[90m2026-07-30 09:21:14.784[0m | [32minfo    [m | [35m   BuildKernels[0m | [37mUsing pre-compiled firmware from: /home/mvasiljevic/tt-metal/tt_metal/pre-compiled/13793420398762238087/[0m [90m(build_env_manager.cpp:347)[0m
[90m2026-07-30 09:21:14.814[0m | [33m[1mwarning [m | [35m          Metal[0m | [37mOpening subset of mmio devices slows down UMD read/write to remote chips. If opening more devices, consider using CreateDevices API.[0m [90m(device_manager.cpp:261)[0m
[32m2026-07-30 09:21:14.854[0m | [34m[1mDEBUG   [0m | [36mconftest[0m:[36mmesh_device[0m:[36m599[0m - [34m[1mmultidevice with 1 devices is created[0m
SWEEP_RESULT axis=topology candidate=bfp8_cache_packed batch=32 mean_ms=0.632711 min_ms=0.630584 cache=DataType.BFLOAT8_B split=False
PASSED
models/autoports/microsoft_phi_3_5_mini_instruct/tests/optimized_decoder_sweep.py::test_topology_sweep[blackhole-bfp8_cache_split-1-mesh_device0] [32m2026-07-30 09:21:16.022[0m | [34m[1mDEBUG   [0m | [36mttnn.device[0m:[36m__init__[0m:[36m152[0m - [34m[1mUsing default dispatch core type for this system: DispatchCoreType.WORKER[0m
[32m2026-07-30 09:21:16.023[0m | [34m[1mDEBUG   [0m | [36mttnn.device[0m:[36m__init__[0m:[36m154[0m - [34m[1mUsing default dispatch core axis for this system: DispatchCoreAxis.COL[0m
[90m2026-07-30 09:21:16.034[0m | [32minfo    [m | [35m   BuildKernels[0m | [37mUsing pre-compiled firmware from: /home/mvasiljevic/tt-metal/tt_metal/pre-compiled/13793420398762238087/[0m [90m(build_env_manager.cpp:347)[0m
[90m2026-07-30 09:21:16.035[0m | [32minfo    [m | [35m   BuildKernels[0m | [37mUsing pre-compiled firmware from: /home/mvasiljevic/tt-metal/tt_metal/pre-compiled/13793420398762238087/[0m [90m(build_env_manager.cpp:347)[0m
[90m2026-07-30 09:21:16.036[0m | [32minfo    [m | [35m   BuildKernels[0m | [37mUsing pre-compiled firmware from: /home/mvasiljevic/tt-metal/tt_metal/pre-compiled/13793420398762238087/[0m [90m(build_env_manager.cpp:347)[0m
[90m2026-07-30 09:21:16.037[0m | [32minfo    [m | [35m   BuildKernels[0m | [37mUsing pre-compiled firmware from: /home/mvasiljevic/tt-metal/tt_metal/pre-compiled/13793420398762238087/[0m [90m(build_env_manager.cpp:347)[0m
[90m2026-07-30 09:21:16.065[0m | [33m[1mwarning [m | [35m          Metal[0m | [37mOpening subset of mmio devices slows down UMD read/write to remote chips. If opening more devices, consider using CreateDevices API.[0m [90m(device_manager.cpp:261)[0m
[32m2026-07-30 09:21:16.105[0m | [34m[1mDEBUG   [0m | [36mconftest[0m:[36mmesh_device[0m:[36m599[0m - [34m[1mmultidevice with 1 devices is created[0m
SWEEP_RESULT axis=topology candidate=bfp8_cache_split batch=1 mean_ms=0.566527 min_ms=0.563786 cache=DataType.BFLOAT8_B split=True
PASSED
models/autoports/microsoft_phi_3_5_mini_instruct/tests/optimized_decoder_sweep.py::test_topology_sweep[blackhole-bfp8_cache_split-32-mesh_device0] [32m2026-07-30 09:21:17.108[0m | [34m[1mDEBUG   [0m | [36mttnn.device[0m:[36m__init__[0m:[36m152[0m - [34m[1mUsing default dispatch core type for this system: DispatchCoreType.WORKER[0m
[32m2026-07-30 09:21:17.108[0m | [34m[1mDEBUG   [0m | [36mttnn.device[0m:[36m__init__[0m:[36m154[0m - [34m[1mUsing default dispatch core axis for this system: DispatchCoreAxis.COL[0m
[90m2026-07-30 09:21:17.120[0m | [32minfo    [m | [35m   BuildKernels[0m | [37mUsing pre-compiled firmware from: /home/mvasiljevic/tt-metal/tt_metal/pre-compiled/13793420398762238087/[0m [90m(build_env_manager.cpp:347)[0m
[90m2026-07-30 09:21:17.121[0m | [32minfo    [m | [35m   BuildKernels[0m | [37mUsing pre-compiled firmware from: /home/mvasiljevic/tt-metal/tt_metal/pre-compiled/13793420398762238087/[0m [90m(build_env_manager.cpp:347)[0m
[90m2026-07-30 09:21:17.122[0m | [32minfo    [m | [35m   BuildKernels[0m | [37mUsing pre-compiled firmware from: /home/mvasiljevic/tt-metal/tt_metal/pre-compiled/13793420398762238087/[0m [90m(build_env_manager.cpp:347)[0m
[90m2026-07-30 09:21:17.123[0m | [32minfo    [m | [35m   BuildKernels[0m | [37mUsing pre-compiled firmware from: /home/mvasiljevic/tt-metal/tt_metal/pre-compiled/13793420398762238087/[0m [90m(build_env_manager.cpp:347)[0m
[90m2026-07-30 09:21:17.151[0m | [33m[1mwarning [m | [35m          Metal[0m | [37mOpening subset of mmio devices slows down UMD read/write to remote chips. If opening more devices, consider using CreateDevices API.[0m [90m(device_manager.cpp:261)[0m
[32m2026-07-30 09:21:17.191[0m | [34m[1mDEBUG   [0m | [36mconftest[0m:[36mmesh_device[0m:[36m599[0m - [34m[1mmultidevice with 1 devices is created[0m
SWEEP_RESULT axis=topology candidate=bfp8_cache_split batch=32 mean_ms=0.712643 min_ms=0.709243 cache=DataType.BFLOAT8_B split=True
PASSED

==================================== PASSES ====================================
- generated xml file: /home/mvasiljevic/tt-metal/generated/test_reports/most_recent_tests.xml -
============================== slowest durations ===============================
1.39s setup    models/autoports/microsoft_phi_3_5_mini_instruct/tests/optimized_decoder_sweep.py::test_topology_sweep[blackhole-bf16_cache_packed-1-mesh_device0]
0.91s call     models/autoports/microsoft_phi_3_5_mini_instruct/tests/optimized_decoder_sweep.py::test_topology_sweep[blackhole-bf16_cache_packed-1-mesh_device0]
0.83s call     models/autoports/microsoft_phi_3_5_mini_instruct/tests/optimized_decoder_sweep.py::test_topology_sweep[blackhole-bfp8_cache_split-32-mesh_device0]
0.83s call     models/autoports/microsoft_phi_3_5_mini_instruct/tests/optimized_decoder_sweep.py::test_topology_sweep[blackhole-bfp8_cache_packed-32-mesh_device0]
0.71s call     models/autoports/microsoft_phi_3_5_mini_instruct/tests/optimized_decoder_sweep.py::test_topology_sweep[blackhole-bf16_cache_packed-32-mesh_device0]
0.70s call     models/autoports/microsoft_phi_3_5_mini_instruct/tests/optimized_decoder_sweep.py::test_topology_sweep[blackhole-bfp8_cache_packed-1-mesh_device0]
0.68s call     models/autoports/microsoft_phi_3_5_mini_instruct/tests/optimized_decoder_sweep.py::test_topology_sweep[blackhole-bfp8_cache_split-1-mesh_device0]
0.30s setup    models/autoports/microsoft_phi_3_5_mini_instruct/tests/optimized_decoder_sweep.py::test_topology_sweep[blackhole-bfp8_cache_packed-1-mesh_device0]
0.30s setup    models/autoports/microsoft_phi_3_5_mini_instruct/tests/optimized_decoder_sweep.py::test_topology_sweep[blackhole-bfp8_cache_packed-32-mesh_device0]
0.30s setup    models/autoports/microsoft_phi_3_5_mini_instruct/tests/optimized_decoder_sweep.py::test_topology_sweep[blackhole-bfp8_cache_split-1-mesh_device0]
0.29s setup    models/autoports/microsoft_phi_3_5_mini_instruct/tests/optimized_decoder_sweep.py::test_topology_sweep[blackhole-bf16_cache_packed-32-mesh_device0]
0.29s setup    models/autoports/microsoft_phi_3_5_mini_instruct/tests/optimized_decoder_sweep.py::test_topology_sweep[blackhole-bfp8_cache_split-32-mesh_device0]
0.12s teardown models/autoports/microsoft_phi_3_5_mini_instruct/tests/optimized_decoder_sweep.py::test_topology_sweep[blackhole-bf16_cache_packed-32-mesh_device0]
0.12s teardown models/autoports/microsoft_phi_3_5_mini_instruct/tests/optimized_decoder_sweep.py::test_topology_sweep[blackhole-bfp8_cache_packed-32-mesh_device0]
0.12s teardown models/autoports/microsoft_phi_3_5_mini_instruct/tests/optimized_decoder_sweep.py::test_topology_sweep[blackhole-bf16_cache_packed-1-mesh_device0]
0.12s teardown models/autoports/microsoft_phi_3_5_mini_instruct/tests/optimized_decoder_sweep.py::test_topology_sweep[blackhole-bfp8_cache_split-32-mesh_device0]
0.12s teardown models/autoports/microsoft_phi_3_5_mini_instruct/tests/optimized_decoder_sweep.py::test_topology_sweep[blackhole-bfp8_cache_packed-1-mesh_device0]
0.11s teardown models/autoports/microsoft_phi_3_5_mini_instruct/tests/optimized_decoder_sweep.py::test_topology_sweep[blackhole-bfp8_cache_split-1-mesh_device0]
=========================== short test summary info ============================
PASSED models/autoports/microsoft_phi_3_5_mini_instruct/tests/optimized_decoder_sweep.py::test_topology_sweep[blackhole-bf16_cache_packed-1-mesh_device0]
PASSED models/autoports/microsoft_phi_3_5_mini_instruct/tests/optimized_decoder_sweep.py::test_topology_sweep[blackhole-bf16_cache_packed-32-mesh_device0]
PASSED models/autoports/microsoft_phi_3_5_mini_instruct/tests/optimized_decoder_sweep.py::test_topology_sweep[blackhole-bfp8_cache_packed-1-mesh_device0]
PASSED models/autoports/microsoft_phi_3_5_mini_instruct/tests/optimized_decoder_sweep.py::test_topology_sweep[blackhole-bfp8_cache_packed-32-mesh_device0]
PASSED models/autoports/microsoft_phi_3_5_mini_instruct/tests/optimized_decoder_sweep.py::test_topology_sweep[blackhole-bfp8_cache_split-1-mesh_device0]
PASSED models/autoports/microsoft_phi_3_5_mini_instruct/tests/optimized_decoder_sweep.py::test_topology_sweep[blackhole-bfp8_cache_split-32-mesh_device0]
======================= 6 passed, 32 deselected in 8.92s =======================
nanobind: leaked 2 instances!
 - leaked instance 0x79ce5364e0b8 of type "ttnn._ttnn.tensor.CoreRangeSet"
 - leaked instance 0x79ce5309c288 of type "ttnn._ttnn.tensor.MemoryConfig"
nanobind: leaked 21 types!
 - leaked type "MathFidelity"
 - leaked type "ttnn._ttnn.operations.matmul.MatmulMultiCoreReuseMultiCast1DProgramConfig"
 - leaked type "ttnn._ttnn.operations.matmul.MatmulInputs"
 - leaked type "ttnn._ttnn.operations.matmul.MatmulMultiCoreReuseMultiCastBatchedDRAMShardedProgramConfig"
 - leaked type "BufferType"
 - leaked type "UnaryOpType"
 - leaked type "Layout"
 - leaked type "ttnn._ttnn.operations.matmul.MatmulMultiCoreReuseOptimizedProgramFactory"
 - leaked type "Arch"
 - leaked type "ttnn._ttnn.operations.matmul.MatmulParams"
 - ... skipped remainder
nanobind: leaked 247 functions!
 - leaked function ""
 - leaked function "from_json"
 - leaked function ""
 - leaked function "__ne__"
 - leaked function "buffer_address"
 - leaked function ""
 - leaked function "clear_program_cache"
 - leaked function "experimental_set_per_core_allocation"
 - leaked function ""
 - leaked function "get_current_command_queue_id_for_thread"
 - ... skipped remainder
nanobind: this is likely caused by a reference counting issue in the binding code.
See https://nanobind.readthedocs.io/en/latest/refleaks.html[90m2026-07-30 09:21:20.031[0m | [32minfo    [m | [35m   BuildKernels[0m | [37mJIT cache stats: 271/271 hits (100.0%) [271 cached, 836 build-once dedup, 0 merged artifacts, 0 merged genfiles][0m [90m(build_cache_telemetry.cpp:207)[0m
[90m2026-07-30 09:21:20.031[0m | [32minfo    [m | [35m   BuildKernels[0m | [37mJIT telemetry: 3 registered TelemetryTokens[0m [90m(build_cache_telemetry.cpp:230)[0m
[90m2026-07-30 09:21:20.043[0m | [32minfo    [m | [35m         Device[0m | [37mClosing user mode device drivers[0m [90m(tt_cluster.cpp:512)[0m
[90m2026-07-30 09:21:20.043[0m | [32minfo    [m | [35m            UMD[0m | [37mClosing devices in cluster[0m [90m(cluster.cpp:1037)[0m
[90m2026-07-30 09:21:20.583[0m | [32minfo    [m | [35m            UMD[0m | [37mClosing devices in cluster completed.[0m [90m(cluster.cpp:1046)[0m
[90m2026-07-30 09:21:20.584[0m | [32minfo    [m | [35m            UMD[0m | [37mCluster destructor started.[0m [90m(cluster.cpp:754)[0m
[90m2026-07-30 09:21:20.584[0m | [32minfo    [m | [35m            UMD[0m | [37mCluster destructor completed.[0m [90m(cluster.cpp:757)[0m

Script done on 2026-07-30 09:21:20+00:00 [COMMAND_EXIT_CODE="0"]
