2026-08-13 14:38:39.725 | DEBUG    | ttnn:<module>:79 - Initial ttnn.CONFIG:
Config{cache_path=/home/mvasiljevic/.cache/ttnn,model_cache_path=/home/mvasiljevic/.cache/ttnn/models,tmp_dir=/tmp/ttnn,enable_model_cache=false,enable_fast_runtime_mode=true,throw_exception_on_fallback=false,enable_logging=false,enable_graph_report=false,enable_graph_python_stack_traces=false,enable_detailed_buffer_report=false,enable_detailed_tensor_report=false,enable_comparison_mode=false,comparison_mode_should_raise_exception=false,comparison_mode_pcc=0.9999,root_report_path=generated/ttnn/reports,report_name=std::nullopt,std::nullopt}
2026-08-13 14:38:40.602 | info     |          Device | Opening user mode device driver (tt_cluster.cpp:228)
2026-08-13 14:38:40.603 | info     |             UMD | Cluster constructor started. (cluster.cpp:348)
2026-08-13 14:38:40.603 | info     |             UMD | Creating TopologyDiscovery for architecture: blackhole (topology_discovery.cpp:91)
2026-08-13 14:38:40.603 | info     |             UMD | Starting topology discovery. (topology_discovery.cpp:110)
2026-08-13 14:38:40.604 | info     |             UMD | Established firmware bundle version: 19.8.0 (topology_discovery.cpp:569)
2026-08-13 14:38:40.604 | info     |             UMD | Firmware bundle version 19.8.0 on the system is newer than the latest fully tested version 19.5.0 for blackhole architecture. Newest features may not be supported. (topology_discovery.cpp:601)
2026-08-13 14:38:40.608 | info     |             UMD | Completed topology discovery. (topology_discovery.cpp:114)
2026-08-13 14:38:40.829 | info     |             UMD | Opening local chip ids/PCIe ids: {0, 1, 2, 3}/[0, 1, 2, 3] and remote chip ids {} (cluster.cpp:168)
2026-08-13 14:38:40.829 | info     |             UMD | IOMMU: enabled (cluster.cpp:142)
2026-08-13 14:38:40.829 | info     |             UMD | KMD version: 2.8.0 (cluster.cpp:145)
2026-08-13 14:38:40.829 | info     |             UMD | Cluster constructor completed. (cluster.cpp:520)
2026-08-13 14:38:40.831 | info     |             UMD | Starting devices in cluster (cluster.cpp:1024)
2026-08-13 14:38:40.976 | info     |             UMD | Starting devices in cluster completed. (cluster.cpp:1032)
2026-08-13 14:38:41.100 | DEBUG    | ttnn.device:__init__:152 - Using default dispatch core type for this system: DispatchCoreType.WORKER
2026-08-13 14:38:41.100 | DEBUG    | ttnn.device:__init__:154 - Using default dispatch core axis for this system: DispatchCoreAxis.COL
2026-08-13 14:38:41.100 | info     |     Distributed | Using auto discovery to generate mesh graph. (metal_env.cpp:367)
2026-08-13 14:38:41.100 | info     |     Distributed | Constructing control plane using auto-discovery (no mesh graph descriptor). (metal_env.cpp:429)
2026-08-13 14:38:41.100 | warning  |          Always | Unknown motherboard 'B850M-C' for chip_id=0 (bus_id=0x1) — falling back to bus_id as tray_id. Add this motherboard and its bus IDs to mobo_to_bus_ids in physical_system_discovery.cpp. (physical_system_discovery.cpp:89)
2026-08-13 14:38:41.100 | warning  |          Always | Unknown motherboard 'B850M-C' for chip_id=1 (bus_id=0x2) — falling back to bus_id as tray_id. Add this motherboard and its bus IDs to mobo_to_bus_ids in physical_system_discovery.cpp. (physical_system_discovery.cpp:89)
2026-08-13 14:38:41.100 | warning  |          Always | Unknown motherboard 'B850M-C' for chip_id=2 (bus_id=0x3) — falling back to bus_id as tray_id. Add this motherboard and its bus IDs to mobo_to_bus_ids in physical_system_discovery.cpp. (physical_system_discovery.cpp:89)
2026-08-13 14:38:41.100 | warning  |          Always | Unknown motherboard 'B850M-C' for chip_id=3 (bus_id=0x4) — falling back to bus_id as tray_id. Add this motherboard and its bus IDs to mobo_to_bus_ids in physical_system_discovery.cpp. (physical_system_discovery.cpp:89)
2026-08-13 14:38:41.100 | warning  |          Always | Unknown motherboard 'B850M-C' for chip_id=1 (bus_id=0x2) — falling back to bus_id as tray_id. Add this motherboard and its bus IDs to mobo_to_bus_ids in physical_system_discovery.cpp. (physical_system_discovery.cpp:89)
2026-08-13 14:38:41.101 | warning  |          Always | Unknown motherboard 'B850M-C' for chip_id=0 (bus_id=0x1) — falling back to bus_id as tray_id. Add this motherboard and its bus IDs to mobo_to_bus_ids in physical_system_discovery.cpp. (physical_system_discovery.cpp:89)
2026-08-13 14:38:41.101 | warning  |          Always | Unknown motherboard 'B850M-C' for chip_id=2 (bus_id=0x3) — falling back to bus_id as tray_id. Add this motherboard and its bus IDs to mobo_to_bus_ids in physical_system_discovery.cpp. (physical_system_discovery.cpp:89)
2026-08-13 14:38:41.101 | warning  |          Always | Unknown motherboard 'B850M-C' for chip_id=3 (bus_id=0x4) — falling back to bus_id as tray_id. Add this motherboard and its bus IDs to mobo_to_bus_ids in physical_system_discovery.cpp. (physical_system_discovery.cpp:89)
2026-08-13 14:38:41.101 | info     |          Fabric | Logical multi-mesh adjacency: intermesh degree histogram {0:1}; intra-mesh degree histograms mesh0 {2:4} (topology_mapper_utils.cpp:2342)
2026-08-13 14:38:41.101 | info     |          Fabric | Physical multi-mesh adjacency: intermesh degree histogram {0:1}; intra-mesh degree histograms mesh0 {2:4} (topology_mapper_utils.cpp:2350)
2026-08-13 14:38:41.106 | info     |    BuildKernels | Using pre-compiled firmware from: /home/mvasiljevic/tt-metal/tt_metal/pre-compiled/13793420398762238087/ (build_env_manager.cpp:347)
2026-08-13 14:38:41.106 | info     |    BuildKernels | Using pre-compiled firmware from: /home/mvasiljevic/tt-metal/tt_metal/pre-compiled/13793420398762238087/ (build_env_manager.cpp:347)
2026-08-13 14:38:41.106 | info     |    BuildKernels | Using pre-compiled firmware from: /home/mvasiljevic/tt-metal/tt_metal/pre-compiled/13793420398762238087/ (build_env_manager.cpp:347)
2026-08-13 14:38:41.106 | info     |    BuildKernels | Using pre-compiled firmware from: /home/mvasiljevic/tt-metal/tt_metal/pre-compiled/13793420398762238087/ (build_env_manager.cpp:347)
2026-08-13 14:38:41.134 | warning  |           Metal | Opening subset of mmio devices slows down UMD read/write to remote chips. If opening more devices, consider using CreateDevices API. (device_manager.cpp:261)
2026-08-13 14:38:41.173 | info     |           Metal | ShmResourceTracker: removed orphaned shm '/tt_device_154095681929600_memory' (shm_resource_tracker.cpp:282)
2026-08-13 14:38:41.173 | info     |           Metal | ShmResourceTracker: removed orphaned shm '/tt_device_154095681929601_memory' (shm_resource_tracker.cpp:282)
2026-08-13 14:38:41.173 | info     |           Metal | ShmResourceTracker: removed orphaned shm '/tt_device_154095681932032_memory' (shm_resource_tracker.cpp:282)
2026-08-13 14:38:41.173 | info     |           Metal | ShmResourceTracker: removed orphaned shm '/tt_device_154095681932033_memory' (shm_resource_tracker.cpp:282)
2026-08-13 14:38:41.751 | info     |           Metal | [Real-time profiler] Device 3 sync complete: 100 samples, frequency=1.349981 GHz, device_time_at_sync=2500625378938 cycles (realtime_profiler_manager.cpp:1127)
2026-08-13 14:38:45.415 | info     |           Metal | Fabric config changed from FabricConfig::DISABLED to FabricConfig::FABRIC_1D_RING, reinitializing control plane (metal_env.cpp:281)
2026-08-13 14:38:45.415 | info     |     Distributed | Using auto discovery to generate mesh graph. (metal_env.cpp:367)
2026-08-13 14:38:45.415 | info     |     Distributed | Constructing control plane using auto-discovery (no mesh graph descriptor). (metal_env.cpp:429)
2026-08-13 14:38:45.415 | warning  |          Always | Unknown motherboard 'B850M-C' for chip_id=0 (bus_id=0x1) — falling back to bus_id as tray_id. Add this motherboard and its bus IDs to mobo_to_bus_ids in physical_system_discovery.cpp. (physical_system_discovery.cpp:89)
2026-08-13 14:38:45.415 | warning  |          Always | Unknown motherboard 'B850M-C' for chip_id=1 (bus_id=0x2) — falling back to bus_id as tray_id. Add this motherboard and its bus IDs to mobo_to_bus_ids in physical_system_discovery.cpp. (physical_system_discovery.cpp:89)
2026-08-13 14:38:45.415 | warning  |          Always | Unknown motherboard 'B850M-C' for chip_id=2 (bus_id=0x3) — falling back to bus_id as tray_id. Add this motherboard and its bus IDs to mobo_to_bus_ids in physical_system_discovery.cpp. (physical_system_discovery.cpp:89)
2026-08-13 14:38:45.415 | warning  |          Always | Unknown motherboard 'B850M-C' for chip_id=3 (bus_id=0x4) — falling back to bus_id as tray_id. Add this motherboard and its bus IDs to mobo_to_bus_ids in physical_system_discovery.cpp. (physical_system_discovery.cpp:89)
2026-08-13 14:38:45.415 | warning  |          Always | Unknown motherboard 'B850M-C' for chip_id=1 (bus_id=0x2) — falling back to bus_id as tray_id. Add this motherboard and its bus IDs to mobo_to_bus_ids in physical_system_discovery.cpp. (physical_system_discovery.cpp:89)
2026-08-13 14:38:45.415 | warning  |          Always | Unknown motherboard 'B850M-C' for chip_id=0 (bus_id=0x1) — falling back to bus_id as tray_id. Add this motherboard and its bus IDs to mobo_to_bus_ids in physical_system_discovery.cpp. (physical_system_discovery.cpp:89)
2026-08-13 14:38:45.415 | warning  |          Always | Unknown motherboard 'B850M-C' for chip_id=2 (bus_id=0x3) — falling back to bus_id as tray_id. Add this motherboard and its bus IDs to mobo_to_bus_ids in physical_system_discovery.cpp. (physical_system_discovery.cpp:89)
2026-08-13 14:38:45.415 | warning  |          Always | Unknown motherboard 'B850M-C' for chip_id=3 (bus_id=0x4) — falling back to bus_id as tray_id. Add this motherboard and its bus IDs to mobo_to_bus_ids in physical_system_discovery.cpp. (physical_system_discovery.cpp:89)
2026-08-13 14:38:45.416 | info     |          Fabric | Logical multi-mesh adjacency: intermesh degree histogram {0:1}; intra-mesh degree histograms mesh0 {2:4} (topology_mapper_utils.cpp:2342)
2026-08-13 14:38:45.416 | info     |          Fabric | Physical multi-mesh adjacency: intermesh degree histogram {0:1}; intra-mesh degree histograms mesh0 {2:4} (topology_mapper_utils.cpp:2350)
2026-08-13 14:38:45.416 | DEBUG    | ttnn.device:__init__:152 - Using default dispatch core type for this system: DispatchCoreType.WORKER
2026-08-13 14:38:45.416 | DEBUG    | ttnn.device:__init__:154 - Using default dispatch core axis for this system: DispatchCoreAxis.COL
2026-08-13 14:38:45.428 | info     |    BuildKernels | Using pre-compiled firmware from: /home/mvasiljevic/tt-metal/tt_metal/pre-compiled/13793420398762238087/ (build_env_manager.cpp:347)
2026-08-13 14:38:45.429 | info     |    BuildKernels | Using pre-compiled firmware from: /home/mvasiljevic/tt-metal/tt_metal/pre-compiled/13793420398762238087/ (build_env_manager.cpp:347)
2026-08-13 14:38:45.429 | info     |    BuildKernels | Using pre-compiled firmware from: /home/mvasiljevic/tt-metal/tt_metal/pre-compiled/13793420398762238087/ (build_env_manager.cpp:347)
2026-08-13 14:38:45.430 | info     |    BuildKernels | Using pre-compiled firmware from: /home/mvasiljevic/tt-metal/tt_metal/pre-compiled/13793420398762238087/ (build_env_manager.cpp:347)
2026-08-13 14:38:45.461 | info     |           Metal | Initializing Fabric (fabric_firmware_initializer.cpp:288)
2026-08-13 14:38:45.477 | info     |           Metal | Fabric initialized on Device 3 (device.cpp:429)
2026-08-13 14:38:45.478 | info     |           Metal | Fabric initialized on Device 0 (device.cpp:429)
2026-08-13 14:38:45.479 | info     |           Metal | Fabric initialized on Device 1 (device.cpp:429)
2026-08-13 14:38:45.479 | info     |           Metal | Fabric initialized on Device 2 (device.cpp:429)
2026-08-13 14:38:45.479 | info     |           Metal | Fabric initialized on 4 devices (fabric_firmware_initializer.cpp:435)
2026-08-13 14:38:45.479 | info     |           Metal | Fabric Initialized with config FabricConfig::FABRIC_1D_RING (fabric_firmware_initializer.cpp:305)
2026-08-13 14:38:46.097 | info     |           Metal | [Real-time profiler] Device 0 sync complete: 100 samples, frequency=1.349980 GHz, device_time_at_sync=2453212927515 cycles (realtime_profiler_manager.cpp:1127)
2026-08-13 14:38:46.097 | info     |           Metal | [Real-time profiler] Device 2 sync complete: 100 samples, frequency=1.349979 GHz, device_time_at_sync=2495406977726 cycles (realtime_profiler_manager.cpp:1127)
2026-08-13 14:38:46.097 | info     |           Metal | [Real-time profiler] Device 1 sync complete: 100 samples, frequency=1.349985 GHz, device_time_at_sync=2461192202010 cycles (realtime_profiler_manager.cpp:1127)
2026-08-13 14:38:50.145 | INFO     | tracy:signpost:49 - PERF_DECODE
2026-08-13 14:38:50.168 | INFO     | tracy:signpost:49 - PERF_DECODE_END
OPTIMIZED_POLICY candidate=default layer_kind=full_attention attention_dtype=DataType.BFLOAT16 cache_dtype=DataType.BFLOAT8_B sdpa_fidelity=MathFidelity.HiFi4 qkv_fidelity=MathFidelity.HiFi2 o_fidelity=MathFidelity.HiFi2 qkv_w=2 o_w=3 gate_w=5 up_w=5 down_w=17 linear_packed=False linear_outer=False linear_recurrent=auto linear_recurrent_fidelity=MathFidelity.HiFi2 linear_recurrent_state_dtype=DataType.FLOAT32 linear_input_dtype=DataType.BFLOAT16 linear_input_fidelity=MathFidelity.HiFi2 linear_input_w=2 linear_output_dtype=DataType.BFLOAT16 linear_output_fidelity=MathFidelity.HiFi2 linear_output_w=3 storage_cores=8 advisor_plan=mlp_product_only
MULTICHIP_TRACED_DECODE {"baseline_candidate": "default", "batch": 32, "candidate": "default", "capture_position_pcc": "1.0", "deterministic_pcc": ["1.0", "1.0", "1.0", "1.0", "1.0", "1.0", "1.0", "1.0"], "deterministic_replay": true, "dram_memory_snapshots": {"after_capture": {"allocated_bytes": 219688960, "free_bytes": 33927042048, "largest_contiguous_bytes_free_per_bank": 4237153920, "num_banks": 8, "total_bytes": 34146731008}, "after_first_warm": {"allocated_bytes": 219688960, "free_bytes": 33927042048, "largest_contiguous_bytes_free_per_bank": 4237153920, "num_banks": 8, "total_bytes": 34146731008}, "after_load": {"allocated_bytes": 218174464, "free_bytes": 33928556544, "largest_contiguous_bytes_free_per_bank": 4237282944, "num_banks": 8, "total_bytes": 34146731008}, "after_replays": {"allocated_bytes": 219688960, "free_bytes": 33927042048, "largest_contiguous_bytes_free_per_bank": 4237153920, "num_banks": 8, "total_bytes": 34146731008}, "after_second_warm": {"allocated_bytes": 219688960, "free_bytes": 33927042048, "largest_contiguous_bytes_free_per_bank": 4237153920, "num_banks": 8, "total_bytes": 34146731008}}, "efficiency": 0.49916181097470486, "fallback_audit": true, "kind": "full", "multichip_trace_median_ms": 0.7205344438552856, "pcc": ["1.0", "1.0", "1.0", "1.0", "1.0", "1.0", "1.0"], "single_chip_median_ms": 1.4386531114578247, "single_chip_trace_replay": true, "speedup": 1.9966472438988194, "steps": 8, "trace_replay": true}
nanobind: leaked 1 instances!
 - leaked instance 0x7fae1ef67618 of type "ttnn._ttnn.tensor.CoreRangeSet"
nanobind: leaked 14 types!
 - leaked type "ttnn._ttnn.operations.matmul.MatmulMultiCoreReuseMultiCast1DProgramConfig"
 - leaked type "ttnn._ttnn.operations.matmul.MatmulInputs"
 - leaked type "ttnn._ttnn.operations.matmul.MatmulMultiCoreReuseMultiCastBatchedDRAMShardedProgramConfig"
 - leaked type "UnaryOpType"
 - leaked type "ttnn._ttnn.operations.matmul.MatmulMultiCoreReuseOptimizedProgramFactory"
 - leaked type "ttnn._ttnn.operations.matmul.MatmulParams"
 - leaked type "ttnn._ttnn.tensor.CoreRangeSet"
 - leaked type "ttnn._ttnn.operations.matmul.MatmulMultiCoreReuseProgramConfig"
 - leaked type "ttnn._ttnn.operations.matmul.MatmulDeviceOperation"
 - leaked type "ttnn._ttnn.multi_device.MeshDevice"
 - ... skipped remainder
nanobind: leaked 233 functions!
 - leaked function "to_json"
 - leaked function "__init__"
 - leaked function ""
 - leaked function "load_sub_device_manager"
 - leaked function ""
 - leaked function ""
 - leaked function ""
 - leaked function ""
 - leaked function ""
 - leaked function "host_buffer"
 - ... skipped remainder
nanobind: this is likely caused by a reference counting issue in the binding code.
See https://nanobind.readthedocs.io/en/latest/refleaks.html2026-08-13 14:38:51.203 | info     |    BuildKernels | JIT cache stats: 423/423 hits (100.0%) [423 cached, 135 build-once dedup, 0 merged artifacts, 0 merged genfiles] (build_cache_telemetry.cpp:207)
2026-08-13 14:38:51.203 | info     |    BuildKernels | JIT telemetry: 3 registered TelemetryTokens (build_cache_telemetry.cpp:230)
2026-08-13 14:38:51.216 | info     |          Device | Closing user mode device drivers (tt_cluster.cpp:512)
2026-08-13 14:38:51.216 | info     |             UMD | Closing devices in cluster (cluster.cpp:1037)
2026-08-13 14:38:51.815 | info     |             UMD | Closing devices in cluster completed. (cluster.cpp:1046)
2026-08-13 14:38:51.815 | info     |             UMD | Cluster destructor started. (cluster.cpp:754)
2026-08-13 14:38:51.815 | info     |             UMD | Cluster destructor completed. (cluster.cpp:757)
