2026-08-13 14:13:53.835 | DEBUG    | ttnn:<module>:79 - Initial ttnn.CONFIG:
Config{cache_path=/home/mvasiljevic/.cache/ttnn,model_cache_path=/home/mvasiljevic/.cache/ttnn/models,tmp_dir=/tmp/ttnn,enable_model_cache=false,enable_fast_runtime_mode=true,throw_exception_on_fallback=false,enable_logging=false,enable_graph_report=false,enable_graph_python_stack_traces=false,enable_detailed_buffer_report=false,enable_detailed_tensor_report=false,enable_comparison_mode=false,comparison_mode_should_raise_exception=false,comparison_mode_pcc=0.9999,root_report_path=generated/ttnn/reports,report_name=std::nullopt,std::nullopt}
2026-08-13 14:13:54.710 | info     |          Device | Opening user mode device driver (tt_cluster.cpp:228)
2026-08-13 14:13:54.710 | info     |             UMD | Cluster constructor started. (cluster.cpp:348)
2026-08-13 14:13:54.710 | info     |             UMD | Creating TopologyDiscovery for architecture: blackhole (topology_discovery.cpp:91)
2026-08-13 14:13:54.710 | info     |             UMD | Starting topology discovery. (topology_discovery.cpp:110)
2026-08-13 14:13:54.712 | info     |             UMD | Established firmware bundle version: 19.8.0 (topology_discovery.cpp:569)
2026-08-13 14:13:54.712 | info     |             UMD | Firmware bundle version 19.8.0 on the system is newer than the latest fully tested version 19.5.0 for blackhole architecture. Newest features may not be supported. (topology_discovery.cpp:601)
2026-08-13 14:13:54.715 | info     |             UMD | Completed topology discovery. (topology_discovery.cpp:114)
2026-08-13 14:13:54.937 | info     |             UMD | Opening local chip ids/PCIe ids: {0, 1, 2, 3}/[0, 1, 2, 3] and remote chip ids {} (cluster.cpp:168)
2026-08-13 14:13:54.937 | info     |             UMD | IOMMU: enabled (cluster.cpp:142)
2026-08-13 14:13:54.937 | info     |             UMD | KMD version: 2.8.0 (cluster.cpp:145)
2026-08-13 14:13:54.937 | info     |             UMD | Cluster constructor completed. (cluster.cpp:520)
2026-08-13 14:13:54.939 | info     |             UMD | Starting devices in cluster (cluster.cpp:1024)
2026-08-13 14:13:55.103 | info     |             UMD | Starting devices in cluster completed. (cluster.cpp:1032)
2026-08-13 14:13:55.227 | DEBUG    | ttnn.device:__init__:152 - Using default dispatch core type for this system: DispatchCoreType.WORKER
2026-08-13 14:13:55.228 | DEBUG    | ttnn.device:__init__:154 - Using default dispatch core axis for this system: DispatchCoreAxis.COL
2026-08-13 14:13:55.228 | info     |     Distributed | Using auto discovery to generate mesh graph. (metal_env.cpp:367)
2026-08-13 14:13:55.228 | info     |     Distributed | Constructing control plane using auto-discovery (no mesh graph descriptor). (metal_env.cpp:429)
2026-08-13 14:13:55.228 | warning  |          Always | Unknown motherboard 'B850M-C' for chip_id=0 (bus_id=0x1) — falling back to bus_id as tray_id. Add this motherboard and its bus IDs to mobo_to_bus_ids in physical_system_discovery.cpp. (physical_system_discovery.cpp:89)
2026-08-13 14:13:55.228 | warning  |          Always | Unknown motherboard 'B850M-C' for chip_id=1 (bus_id=0x2) — falling back to bus_id as tray_id. Add this motherboard and its bus IDs to mobo_to_bus_ids in physical_system_discovery.cpp. (physical_system_discovery.cpp:89)
2026-08-13 14:13:55.228 | warning  |          Always | Unknown motherboard 'B850M-C' for chip_id=2 (bus_id=0x3) — falling back to bus_id as tray_id. Add this motherboard and its bus IDs to mobo_to_bus_ids in physical_system_discovery.cpp. (physical_system_discovery.cpp:89)
2026-08-13 14:13:55.228 | warning  |          Always | Unknown motherboard 'B850M-C' for chip_id=3 (bus_id=0x4) — falling back to bus_id as tray_id. Add this motherboard and its bus IDs to mobo_to_bus_ids in physical_system_discovery.cpp. (physical_system_discovery.cpp:89)
2026-08-13 14:13:55.228 | warning  |          Always | Unknown motherboard 'B850M-C' for chip_id=1 (bus_id=0x2) — falling back to bus_id as tray_id. Add this motherboard and its bus IDs to mobo_to_bus_ids in physical_system_discovery.cpp. (physical_system_discovery.cpp:89)
2026-08-13 14:13:55.228 | warning  |          Always | Unknown motherboard 'B850M-C' for chip_id=0 (bus_id=0x1) — falling back to bus_id as tray_id. Add this motherboard and its bus IDs to mobo_to_bus_ids in physical_system_discovery.cpp. (physical_system_discovery.cpp:89)
2026-08-13 14:13:55.228 | warning  |          Always | Unknown motherboard 'B850M-C' for chip_id=2 (bus_id=0x3) — falling back to bus_id as tray_id. Add this motherboard and its bus IDs to mobo_to_bus_ids in physical_system_discovery.cpp. (physical_system_discovery.cpp:89)
2026-08-13 14:13:55.228 | warning  |          Always | Unknown motherboard 'B850M-C' for chip_id=3 (bus_id=0x4) — falling back to bus_id as tray_id. Add this motherboard and its bus IDs to mobo_to_bus_ids in physical_system_discovery.cpp. (physical_system_discovery.cpp:89)
2026-08-13 14:13:55.228 | info     |          Fabric | Logical multi-mesh adjacency: intermesh degree histogram {0:1}; intra-mesh degree histograms mesh0 {2:4} (topology_mapper_utils.cpp:2342)
2026-08-13 14:13:55.228 | info     |          Fabric | Physical multi-mesh adjacency: intermesh degree histogram {0:1}; intra-mesh degree histograms mesh0 {2:4} (topology_mapper_utils.cpp:2350)
2026-08-13 14:13:55.234 | info     |    BuildKernels | Using pre-compiled firmware from: /home/mvasiljevic/tt-metal/tt_metal/pre-compiled/13793420398762238087/ (build_env_manager.cpp:347)
2026-08-13 14:13:55.234 | info     |    BuildKernels | Using pre-compiled firmware from: /home/mvasiljevic/tt-metal/tt_metal/pre-compiled/13793420398762238087/ (build_env_manager.cpp:347)
2026-08-13 14:13:55.234 | info     |    BuildKernels | Using pre-compiled firmware from: /home/mvasiljevic/tt-metal/tt_metal/pre-compiled/13793420398762238087/ (build_env_manager.cpp:347)
2026-08-13 14:13:55.234 | info     |    BuildKernels | Using pre-compiled firmware from: /home/mvasiljevic/tt-metal/tt_metal/pre-compiled/13793420398762238087/ (build_env_manager.cpp:347)
2026-08-13 14:13:55.262 | warning  |           Metal | Opening subset of mmio devices slows down UMD read/write to remote chips. If opening more devices, consider using CreateDevices API. (device_manager.cpp:261)
2026-08-13 14:13:55.302 | info     |           Metal | ShmResourceTracker: removed orphaned shm '/tt_device_154095681929600_memory' (shm_resource_tracker.cpp:282)
2026-08-13 14:13:55.302 | info     |           Metal | ShmResourceTracker: removed orphaned shm '/tt_device_154095681929601_memory' (shm_resource_tracker.cpp:282)
2026-08-13 14:13:55.303 | info     |           Metal | ShmResourceTracker: removed orphaned shm '/tt_device_154095681932032_memory' (shm_resource_tracker.cpp:282)
2026-08-13 14:13:55.303 | info     |           Metal | ShmResourceTracker: removed orphaned shm '/tt_device_154095681932033_memory' (shm_resource_tracker.cpp:282)
2026-08-13 14:13:55.882 | info     |           Metal | [Real-time profiler] Device 3 sync complete: 100 samples, frequency=1.349982 GHz, device_time_at_sync=1048530460316 cycles (realtime_profiler_manager.cpp:1127)
2026-08-13 14:13:59.939 | info     |           Metal | Fabric config changed from FabricConfig::DISABLED to FabricConfig::FABRIC_1D_RING, reinitializing control plane (metal_env.cpp:281)
2026-08-13 14:13:59.939 | info     |     Distributed | Using auto discovery to generate mesh graph. (metal_env.cpp:367)
2026-08-13 14:13:59.939 | info     |     Distributed | Constructing control plane using auto-discovery (no mesh graph descriptor). (metal_env.cpp:429)
2026-08-13 14:13:59.939 | warning  |          Always | Unknown motherboard 'B850M-C' for chip_id=0 (bus_id=0x1) — falling back to bus_id as tray_id. Add this motherboard and its bus IDs to mobo_to_bus_ids in physical_system_discovery.cpp. (physical_system_discovery.cpp:89)
2026-08-13 14:13:59.939 | warning  |          Always | Unknown motherboard 'B850M-C' for chip_id=1 (bus_id=0x2) — falling back to bus_id as tray_id. Add this motherboard and its bus IDs to mobo_to_bus_ids in physical_system_discovery.cpp. (physical_system_discovery.cpp:89)
2026-08-13 14:13:59.939 | warning  |          Always | Unknown motherboard 'B850M-C' for chip_id=2 (bus_id=0x3) — falling back to bus_id as tray_id. Add this motherboard and its bus IDs to mobo_to_bus_ids in physical_system_discovery.cpp. (physical_system_discovery.cpp:89)
2026-08-13 14:13:59.939 | warning  |          Always | Unknown motherboard 'B850M-C' for chip_id=3 (bus_id=0x4) — falling back to bus_id as tray_id. Add this motherboard and its bus IDs to mobo_to_bus_ids in physical_system_discovery.cpp. (physical_system_discovery.cpp:89)
2026-08-13 14:13:59.939 | warning  |          Always | Unknown motherboard 'B850M-C' for chip_id=1 (bus_id=0x2) — falling back to bus_id as tray_id. Add this motherboard and its bus IDs to mobo_to_bus_ids in physical_system_discovery.cpp. (physical_system_discovery.cpp:89)
2026-08-13 14:13:59.939 | warning  |          Always | Unknown motherboard 'B850M-C' for chip_id=0 (bus_id=0x1) — falling back to bus_id as tray_id. Add this motherboard and its bus IDs to mobo_to_bus_ids in physical_system_discovery.cpp. (physical_system_discovery.cpp:89)
2026-08-13 14:13:59.939 | warning  |          Always | Unknown motherboard 'B850M-C' for chip_id=2 (bus_id=0x3) — falling back to bus_id as tray_id. Add this motherboard and its bus IDs to mobo_to_bus_ids in physical_system_discovery.cpp. (physical_system_discovery.cpp:89)
2026-08-13 14:13:59.939 | warning  |          Always | Unknown motherboard 'B850M-C' for chip_id=3 (bus_id=0x4) — falling back to bus_id as tray_id. Add this motherboard and its bus IDs to mobo_to_bus_ids in physical_system_discovery.cpp. (physical_system_discovery.cpp:89)
2026-08-13 14:13:59.939 | info     |          Fabric | Logical multi-mesh adjacency: intermesh degree histogram {0:1}; intra-mesh degree histograms mesh0 {2:4} (topology_mapper_utils.cpp:2342)
2026-08-13 14:13:59.939 | info     |          Fabric | Physical multi-mesh adjacency: intermesh degree histogram {0:1}; intra-mesh degree histograms mesh0 {2:4} (topology_mapper_utils.cpp:2350)
2026-08-13 14:13:59.940 | DEBUG    | ttnn.device:__init__:152 - Using default dispatch core type for this system: DispatchCoreType.WORKER
2026-08-13 14:13:59.940 | DEBUG    | ttnn.device:__init__:154 - Using default dispatch core axis for this system: DispatchCoreAxis.COL
2026-08-13 14:13:59.952 | info     |    BuildKernels | Using pre-compiled firmware from: /home/mvasiljevic/tt-metal/tt_metal/pre-compiled/13793420398762238087/ (build_env_manager.cpp:347)
2026-08-13 14:13:59.953 | info     |    BuildKernels | Using pre-compiled firmware from: /home/mvasiljevic/tt-metal/tt_metal/pre-compiled/13793420398762238087/ (build_env_manager.cpp:347)
2026-08-13 14:13:59.954 | info     |    BuildKernels | Using pre-compiled firmware from: /home/mvasiljevic/tt-metal/tt_metal/pre-compiled/13793420398762238087/ (build_env_manager.cpp:347)
2026-08-13 14:13:59.955 | info     |    BuildKernels | Using pre-compiled firmware from: /home/mvasiljevic/tt-metal/tt_metal/pre-compiled/13793420398762238087/ (build_env_manager.cpp:347)
2026-08-13 14:13:59.984 | info     |           Metal | Initializing Fabric (fabric_firmware_initializer.cpp:288)
2026-08-13 14:14:00.005 | info     |           Metal | Fabric initialized on Device 3 (device.cpp:429)
2026-08-13 14:14:00.005 | info     |           Metal | Fabric initialized on Device 0 (device.cpp:429)
2026-08-13 14:14:00.006 | info     |           Metal | Fabric initialized on Device 1 (device.cpp:429)
2026-08-13 14:14:00.007 | info     |           Metal | Fabric initialized on Device 2 (device.cpp:429)
2026-08-13 14:14:00.007 | info     |           Metal | Fabric initialized on 4 devices (fabric_firmware_initializer.cpp:435)
2026-08-13 14:14:00.007 | info     |           Metal | Fabric Initialized with config FabricConfig::FABRIC_1D_RING (fabric_firmware_initializer.cpp:305)
2026-08-13 14:14:00.625 | info     |           Metal | [Real-time profiler] Device 2 sync complete: 100 samples, frequency=1.349988 GHz, device_time_at_sync=1052159735951 cycles (realtime_profiler_manager.cpp:1127)
2026-08-13 14:14:00.625 | info     |           Metal | [Real-time profiler] Device 1 sync complete: 100 samples, frequency=1.349980 GHz, device_time_at_sync=1049608997156 cycles (realtime_profiler_manager.cpp:1127)
2026-08-13 14:14:00.626 | info     |           Metal | [Real-time profiler] Device 0 sync complete: 100 samples, frequency=1.349988 GHz, device_time_at_sync=1047792674844 cycles (realtime_profiler_manager.cpp:1127)
2026-08-13 14:14:05.530 | INFO     | tracy:signpost:49 - PERF_DECODE
2026-08-13 14:14:05.544 | INFO     | tracy:signpost:49 - PERF_DECODE_END
OPTIMIZED_POLICY candidate=default layer_kind=linear_attention attention_dtype=DataType.BFLOAT4_B cache_dtype=DataType.BFLOAT8_B sdpa_fidelity=MathFidelity.LoFi qkv_fidelity=MathFidelity.LoFi o_fidelity=MathFidelity.LoFi qkv_w=2 o_w=3 gate_w=2 up_w=2 down_w=17 linear_packed=True linear_outer=True linear_recurrent=grid4_w4 linear_recurrent_fidelity=MathFidelity.HiFi2 linear_recurrent_state_dtype=DataType.BFLOAT8_B linear_input_dtype=DataType.BFLOAT4_B linear_input_fidelity=MathFidelity.LoFi linear_input_w=5 linear_output_dtype=DataType.BFLOAT4_B linear_output_fidelity=MathFidelity.LoFi linear_output_w=12 storage_cores=8 advisor_plan=mlp_product_only
MULTICHIP_TRACED_DECODE {"baseline_candidate": "default", "batch": 1, "candidate": "default", "capture_position_pcc": "1.0", "deterministic_pcc": ["1.0", "1.0", "1.0", "1.0", "1.0", "1.0", "1.0", "1.0"], "deterministic_replay": true, "efficiency": 0.4614522760873159, "fallback_audit": true, "kind": "linear", "multichip_trace_median_ms": 0.9020408391952515, "pcc": ["1.0", "1.0", "1.0", "1.0", "1.0", "1.0", "1.0"], "single_chip_median_ms": 1.6649951934814453, "single_chip_trace_replay": true, "speedup": 1.8458091043492637, "steps": 8, "trace_replay": true}
nanobind: leaked 1 instances!
 - leaked instance 0x7cac06b7ab68 of type "ttnn._ttnn.tensor.CoreRangeSet"
nanobind: leaked 14 types!
 - leaked type "ttnn._ttnn.operations.matmul.MatmulMultiCoreReuseMultiCast1DProgramConfig"
 - leaked type "ttnn._ttnn.operations.matmul.MatmulInputs"
 - leaked type "ttnn._ttnn.operations.matmul.MatmulMultiCoreReuseMultiCastBatchedDRAMShardedProgramConfig"
 - leaked type "UnaryOpType"
 - leaked type "ttnn._ttnn.operations.matmul.MatmulMultiCoreReuseOptimizedProgramFactory"
 - leaked type "ttnn._ttnn.operations.matmul.MatmulParams"
 - leaked type "ttnn._ttnn.tensor.CoreRangeSet"
 - leaked type "ttnn._ttnn.operations.matmul.MatmulMultiCoreReuseProgramConfig"
 - leaked type "ttnn._ttnn.operations.matmul.MatmulDeviceOperation"
 - leaked type "ttnn._ttnn.multi_device.MeshDevice"
 - ... skipped remainder
nanobind: leaked 233 functions!
 - leaked function ""
 - leaked function "__init__"
 - leaked function ""
 - leaked function "sfpu_eps"
 - leaked function ""
 - leaked function "get_device_id"
 - leaked function ""
 - leaked function ""
 - leaked function "matmul_select_program_factory"
 - leaked function "reset_sub_device_stall_group"
 - ... skipped remainder
nanobind: this is likely caused by a reference counting issue in the binding code.
See https://nanobind.readthedocs.io/en/latest/refleaks.html2026-08-13 14:14:06.498 | info     |    BuildKernels | JIT cache stats: 559/559 hits (100.0%) [559 cached, 177 build-once dedup, 0 merged artifacts, 0 merged genfiles] (build_cache_telemetry.cpp:207)
2026-08-13 14:14:06.498 | info     |    BuildKernels | JIT telemetry: 3 registered TelemetryTokens (build_cache_telemetry.cpp:230)
2026-08-13 14:14:06.511 | info     |          Device | Closing user mode device drivers (tt_cluster.cpp:512)
2026-08-13 14:14:06.511 | info     |             UMD | Closing devices in cluster (cluster.cpp:1037)
2026-08-13 14:14:07.135 | info     |             UMD | Closing devices in cluster completed. (cluster.cpp:1046)
2026-08-13 14:14:07.135 | info     |             UMD | Cluster destructor started. (cluster.cpp:754)
2026-08-13 14:14:07.135 | info     |             UMD | Cluster destructor completed. (cluster.cpp:757)
