2026-08-13 14:15:41.352 | DEBUG    | ttnn:<module>:79 - Initial ttnn.CONFIG:
Config{cache_path=/home/mvasiljevic/.cache/ttnn,model_cache_path=/home/mvasiljevic/.cache/ttnn/models,tmp_dir=/tmp/ttnn,enable_model_cache=false,enable_fast_runtime_mode=true,throw_exception_on_fallback=false,enable_logging=false,enable_graph_report=false,enable_graph_python_stack_traces=false,enable_detailed_buffer_report=false,enable_detailed_tensor_report=false,enable_comparison_mode=false,comparison_mode_should_raise_exception=false,comparison_mode_pcc=0.9999,root_report_path=generated/ttnn/reports,report_name=std::nullopt,std::nullopt}
2026-08-13 14:15:42.262 | info     |          Device | Opening user mode device driver (tt_cluster.cpp:228)
2026-08-13 14:15:42.262 | info     |             UMD | Cluster constructor started. (cluster.cpp:348)
2026-08-13 14:15:42.262 | info     |             UMD | Creating TopologyDiscovery for architecture: blackhole (topology_discovery.cpp:91)
2026-08-13 14:15:42.262 | info     |             UMD | Starting topology discovery. (topology_discovery.cpp:110)
2026-08-13 14:15:42.264 | info     |             UMD | Established firmware bundle version: 19.8.0 (topology_discovery.cpp:569)
2026-08-13 14:15:42.264 | info     |             UMD | Firmware bundle version 19.8.0 on the system is newer than the latest fully tested version 19.5.0 for blackhole architecture. Newest features may not be supported. (topology_discovery.cpp:601)
2026-08-13 14:15:42.268 | info     |             UMD | Completed topology discovery. (topology_discovery.cpp:114)
2026-08-13 14:15:42.488 | info     |             UMD | Opening local chip ids/PCIe ids: {0, 1, 2, 3}/[0, 1, 2, 3] and remote chip ids {} (cluster.cpp:168)
2026-08-13 14:15:42.488 | info     |             UMD | IOMMU: enabled (cluster.cpp:142)
2026-08-13 14:15:42.488 | info     |             UMD | KMD version: 2.8.0 (cluster.cpp:145)
2026-08-13 14:15:42.488 | info     |             UMD | Cluster constructor completed. (cluster.cpp:520)
2026-08-13 14:15:42.489 | info     |             UMD | Starting devices in cluster (cluster.cpp:1024)
2026-08-13 14:15:42.716 | info     |             UMD | Starting devices in cluster completed. (cluster.cpp:1032)
2026-08-13 14:15:42.841 | DEBUG    | ttnn.device:__init__:152 - Using default dispatch core type for this system: DispatchCoreType.WORKER
2026-08-13 14:15:42.841 | DEBUG    | ttnn.device:__init__:154 - Using default dispatch core axis for this system: DispatchCoreAxis.COL
2026-08-13 14:15:42.842 | info     |     Distributed | Using auto discovery to generate mesh graph. (metal_env.cpp:367)
2026-08-13 14:15:42.842 | info     |     Distributed | Constructing control plane using auto-discovery (no mesh graph descriptor). (metal_env.cpp:429)
2026-08-13 14:15:42.842 | warning  |          Always | Unknown motherboard 'B850M-C' for chip_id=0 (bus_id=0x1) — falling back to bus_id as tray_id. Add this motherboard and its bus IDs to mobo_to_bus_ids in physical_system_discovery.cpp. (physical_system_discovery.cpp:89)
2026-08-13 14:15:42.842 | warning  |          Always | Unknown motherboard 'B850M-C' for chip_id=1 (bus_id=0x2) — falling back to bus_id as tray_id. Add this motherboard and its bus IDs to mobo_to_bus_ids in physical_system_discovery.cpp. (physical_system_discovery.cpp:89)
2026-08-13 14:15:42.842 | warning  |          Always | Unknown motherboard 'B850M-C' for chip_id=2 (bus_id=0x3) — falling back to bus_id as tray_id. Add this motherboard and its bus IDs to mobo_to_bus_ids in physical_system_discovery.cpp. (physical_system_discovery.cpp:89)
2026-08-13 14:15:42.842 | warning  |          Always | Unknown motherboard 'B850M-C' for chip_id=3 (bus_id=0x4) — falling back to bus_id as tray_id. Add this motherboard and its bus IDs to mobo_to_bus_ids in physical_system_discovery.cpp. (physical_system_discovery.cpp:89)
2026-08-13 14:15:42.842 | warning  |          Always | Unknown motherboard 'B850M-C' for chip_id=1 (bus_id=0x2) — falling back to bus_id as tray_id. Add this motherboard and its bus IDs to mobo_to_bus_ids in physical_system_discovery.cpp. (physical_system_discovery.cpp:89)
2026-08-13 14:15:42.842 | warning  |          Always | Unknown motherboard 'B850M-C' for chip_id=0 (bus_id=0x1) — falling back to bus_id as tray_id. Add this motherboard and its bus IDs to mobo_to_bus_ids in physical_system_discovery.cpp. (physical_system_discovery.cpp:89)
2026-08-13 14:15:42.842 | warning  |          Always | Unknown motherboard 'B850M-C' for chip_id=2 (bus_id=0x3) — falling back to bus_id as tray_id. Add this motherboard and its bus IDs to mobo_to_bus_ids in physical_system_discovery.cpp. (physical_system_discovery.cpp:89)
2026-08-13 14:15:42.842 | warning  |          Always | Unknown motherboard 'B850M-C' for chip_id=3 (bus_id=0x4) — falling back to bus_id as tray_id. Add this motherboard and its bus IDs to mobo_to_bus_ids in physical_system_discovery.cpp. (physical_system_discovery.cpp:89)
2026-08-13 14:15:42.842 | info     |          Fabric | Logical multi-mesh adjacency: intermesh degree histogram {0:1}; intra-mesh degree histograms mesh0 {2:4} (topology_mapper_utils.cpp:2342)
2026-08-13 14:15:42.842 | info     |          Fabric | Physical multi-mesh adjacency: intermesh degree histogram {0:1}; intra-mesh degree histograms mesh0 {2:4} (topology_mapper_utils.cpp:2350)
2026-08-13 14:15:42.904 | info     |       LLRuntime | Watcher log file: /home/mvasiljevic/tt-metal/generated/watcher/watcher.log (watcher_server.cpp:286)
2026-08-13 14:15:42.904 | info     |       LLRuntime | Watcher attached device 0 (watcher_server.cpp:132)
2026-08-13 14:15:42.904 | info     |       LLRuntime | Watcher attached device 1 (watcher_server.cpp:132)
2026-08-13 14:15:42.904 | info     |       LLRuntime | Watcher attached device 2 (watcher_server.cpp:132)
2026-08-13 14:15:42.904 | info     |       LLRuntime | Watcher attached device 3 (watcher_server.cpp:132)
2026-08-13 14:15:42.904 | info     |       LLRuntime | Watcher server initialized, disabled features: None (watcher_server.cpp:547)
2026-08-13 14:15:42.904 | info     |           Metal | Watcher checking device 0 (watcher_device_reader.cpp:393)
2026-08-13 14:15:42.904 | warning  |           Metal | Opening subset of mmio devices slows down UMD read/write to remote chips. If opening more devices, consider using CreateDevices API. (device_manager.cpp:261)
2026-08-13 14:15:42.908 | info     |           Metal | Watcher checking device 1 (watcher_device_reader.cpp:393)
2026-08-13 14:15:42.912 | info     |           Metal | Watcher checking device 2 (watcher_device_reader.cpp:393)
2026-08-13 14:15:42.916 | info     |           Metal | Watcher checking device 3 (watcher_device_reader.cpp:393)
2026-08-13 14:15:42.973 | info     |           Metal | ShmResourceTracker: removed orphaned shm '/tt_device_154095681929600_memory' (shm_resource_tracker.cpp:282)
2026-08-13 14:15:42.973 | info     |           Metal | ShmResourceTracker: removed orphaned shm '/tt_device_154095681929601_memory' (shm_resource_tracker.cpp:282)
2026-08-13 14:15:42.973 | info     |           Metal | ShmResourceTracker: removed orphaned shm '/tt_device_154095681932032_memory' (shm_resource_tracker.cpp:282)
2026-08-13 14:15:42.973 | info     |           Metal | ShmResourceTracker: removed orphaned shm '/tt_device_154095681932033_memory' (shm_resource_tracker.cpp:282)
2026-08-13 14:15:43.554 | info     |           Metal | [Real-time profiler] Device 3 sync complete: 100 samples, frequency=1.349982 GHz, device_time_at_sync=1171075639108 cycles (realtime_profiler_manager.cpp:1127)
2026-08-13 14:15:52.926 | info     |           Metal | Watcher checking device 0 (watcher_device_reader.cpp:393)
2026-08-13 14:15:52.930 | info     |           Metal | Watcher checking device 1 (watcher_device_reader.cpp:393)
2026-08-13 14:15:52.935 | info     |           Metal | Watcher checking device 2 (watcher_device_reader.cpp:393)
2026-08-13 14:15:52.939 | info     |           Metal | Watcher checking device 3 (watcher_device_reader.cpp:393)
2026-08-13 14:15:53.222 | info     |           Metal | Fabric config changed from FabricConfig::DISABLED to FabricConfig::FABRIC_1D_RING, reinitializing control plane (metal_env.cpp:281)
2026-08-13 14:15:53.222 | info     |     Distributed | Using auto discovery to generate mesh graph. (metal_env.cpp:367)
2026-08-13 14:15:53.222 | info     |     Distributed | Constructing control plane using auto-discovery (no mesh graph descriptor). (metal_env.cpp:429)
2026-08-13 14:15:53.222 | warning  |          Always | Unknown motherboard 'B850M-C' for chip_id=0 (bus_id=0x1) — falling back to bus_id as tray_id. Add this motherboard and its bus IDs to mobo_to_bus_ids in physical_system_discovery.cpp. (physical_system_discovery.cpp:89)
2026-08-13 14:15:53.222 | warning  |          Always | Unknown motherboard 'B850M-C' for chip_id=1 (bus_id=0x2) — falling back to bus_id as tray_id. Add this motherboard and its bus IDs to mobo_to_bus_ids in physical_system_discovery.cpp. (physical_system_discovery.cpp:89)
2026-08-13 14:15:53.222 | warning  |          Always | Unknown motherboard 'B850M-C' for chip_id=2 (bus_id=0x3) — falling back to bus_id as tray_id. Add this motherboard and its bus IDs to mobo_to_bus_ids in physical_system_discovery.cpp. (physical_system_discovery.cpp:89)
2026-08-13 14:15:53.222 | warning  |          Always | Unknown motherboard 'B850M-C' for chip_id=3 (bus_id=0x4) — falling back to bus_id as tray_id. Add this motherboard and its bus IDs to mobo_to_bus_ids in physical_system_discovery.cpp. (physical_system_discovery.cpp:89)
2026-08-13 14:15:53.222 | warning  |          Always | Unknown motherboard 'B850M-C' for chip_id=1 (bus_id=0x2) — falling back to bus_id as tray_id. Add this motherboard and its bus IDs to mobo_to_bus_ids in physical_system_discovery.cpp. (physical_system_discovery.cpp:89)
2026-08-13 14:15:53.222 | warning  |          Always | Unknown motherboard 'B850M-C' for chip_id=0 (bus_id=0x1) — falling back to bus_id as tray_id. Add this motherboard and its bus IDs to mobo_to_bus_ids in physical_system_discovery.cpp. (physical_system_discovery.cpp:89)
2026-08-13 14:15:53.222 | warning  |          Always | Unknown motherboard 'B850M-C' for chip_id=2 (bus_id=0x3) — falling back to bus_id as tray_id. Add this motherboard and its bus IDs to mobo_to_bus_ids in physical_system_discovery.cpp. (physical_system_discovery.cpp:89)
2026-08-13 14:15:53.222 | warning  |          Always | Unknown motherboard 'B850M-C' for chip_id=3 (bus_id=0x4) — falling back to bus_id as tray_id. Add this motherboard and its bus IDs to mobo_to_bus_ids in physical_system_discovery.cpp. (physical_system_discovery.cpp:89)
2026-08-13 14:15:53.222 | info     |          Fabric | Logical multi-mesh adjacency: intermesh degree histogram {0:1}; intra-mesh degree histograms mesh0 {2:4} (topology_mapper_utils.cpp:2342)
2026-08-13 14:15:53.222 | info     |          Fabric | Physical multi-mesh adjacency: intermesh degree histogram {0:1}; intra-mesh degree histograms mesh0 {2:4} (topology_mapper_utils.cpp:2350)
2026-08-13 14:15:53.222 | DEBUG    | ttnn.device:__init__:152 - Using default dispatch core type for this system: DispatchCoreType.WORKER
2026-08-13 14:15:53.223 | DEBUG    | ttnn.device:__init__:154 - Using default dispatch core axis for this system: DispatchCoreAxis.COL
2026-08-13 14:15:53.223 | info     |       LLRuntime | Watcher thread stopped watching... (watcher_server.cpp:595)
2026-08-13 14:15:53.223 | info     |       LLRuntime | Watcher detached device 0 (watcher_server.cpp:181)
2026-08-13 14:15:53.223 | info     |       LLRuntime | Watcher detached device 1 (watcher_server.cpp:181)
2026-08-13 14:15:53.223 | info     |       LLRuntime | Watcher detached device 2 (watcher_server.cpp:181)
2026-08-13 14:15:53.223 | info     |       LLRuntime | Watcher detached device 3 (watcher_server.cpp:181)
2026-08-13 14:15:53.285 | info     |       LLRuntime | Watcher log file: /home/mvasiljevic/tt-metal/generated/watcher/watcher.log (watcher_server.cpp:286)
2026-08-13 14:15:53.285 | info     |       LLRuntime | Watcher attached device 0 (watcher_server.cpp:132)
2026-08-13 14:15:53.285 | info     |       LLRuntime | Watcher attached device 1 (watcher_server.cpp:132)
2026-08-13 14:15:53.285 | info     |       LLRuntime | Watcher attached device 2 (watcher_server.cpp:132)
2026-08-13 14:15:53.285 | info     |       LLRuntime | Watcher attached device 3 (watcher_server.cpp:132)
2026-08-13 14:15:53.285 | info     |       LLRuntime | Watcher server initialized, disabled features: None (watcher_server.cpp:547)
2026-08-13 14:15:53.285 | info     |           Metal | Watcher checking device 0 (watcher_device_reader.cpp:393)
2026-08-13 14:15:53.288 | info     |           Metal | Initializing Fabric (fabric_firmware_initializer.cpp:288)
2026-08-13 14:15:53.291 | info     |           Metal | Watcher checking device 1 (watcher_device_reader.cpp:393)
2026-08-13 14:15:53.298 | info     |           Metal | Watcher checking device 2 (watcher_device_reader.cpp:393)
2026-08-13 14:15:53.302 | info     |           Metal | Watcher checking device 3 (watcher_device_reader.cpp:393)
2026-08-13 14:15:56.344 | critical |          Always | TT_FATAL: Program size (27920) too large for kernel config buffer (25600) on ACTIVE_ETH (assert.hpp:104)
OPTIMIZED_POLICY candidate=default layer_kind=full_attention attention_dtype=DataType.BFLOAT16 cache_dtype=DataType.BFLOAT8_B sdpa_fidelity=MathFidelity.HiFi4 qkv_fidelity=MathFidelity.HiFi2 o_fidelity=MathFidelity.HiFi2 qkv_w=2 o_w=3 gate_w=5 up_w=5 down_w=17 linear_packed=False linear_outer=False linear_recurrent=auto linear_recurrent_fidelity=MathFidelity.HiFi2 linear_recurrent_state_dtype=DataType.FLOAT32 linear_input_dtype=DataType.BFLOAT16 linear_input_fidelity=MathFidelity.HiFi2 linear_input_w=2 linear_output_dtype=DataType.BFLOAT16 linear_output_fidelity=MathFidelity.HiFi2 linear_output_w=3 storage_cores=8 advisor_plan=mlp_product_only
Traceback (most recent call last):
  File "/home/mvasiljevic/tt-metal/models/autoports/qwen_qwen3_6_27b/tests/multichip_traced_decode.py", line 199, in <module>
    main()
  File "/home/mvasiljevic/tt-metal/models/autoports/qwen_qwen3_6_27b/tests/multichip_traced_decode.py", line 105, in main
    mesh = ttnn.open_mesh_device(ttnn.MeshShape(1, 4), trace_region_size=4_000_000)
           ^^^^^^^^^^^^^^^^^^^^^^^^^^^^^^^^^^^^^^^^^^^^^^^^^^^^^^^^^^^^^^^^^^^^^^^^
  File "/home/mvasiljevic/tt-metal/ttnn/ttnn/distributed/distributed.py", line 671, in open_mesh_device
    return ttnn._ttnn.multi_device.open_mesh_device(
           ^^^^^^^^^^^^^^^^^^^^^^^^^^^^^^^^^^^^^^^^^
RuntimeError: TT_FATAL @ /home/mvasiljevic/tt-metal/tt_metal/impl/program/program.cpp:2483: state.offset <= max_size
info:
Program size (27920) too large for kernel config buffer (25600) on ACTIVE_ETH
backtrace:
 --- /home/mvasiljevic/tt-metal/build_Release/lib/libtt_metal.so(+0x8ed0da) [0x7eb5b5aed0da]
 --- /home/mvasiljevic/tt-metal/build_Release/lib/libtt_metal.so(_ZN2tt8tt_metal6detail11ProgramImpl24finalize_program_offsetsEN4ttsl10StrongTypeIiNS0_12ContextIdTagEEEPNS0_7IDeviceERKSt8functionIFRSt13unordered_mapIjSt10shared_ptrINS0_6KernelEESt4hashIjESt8equal_toIjESaISt4pairIKjSD_EEEjEERKS9_IFRSt6vectorISB_INS0_11KernelGroupEESaISU_EEjEERKS9_IFRKSS_INS0_9SemaphoreESaIS12_EEvEESt4spanIPS2_Lm18446744073709551615EE+0xa6e) [0x7eb5b5acb6fe]
 --- tt::tt_metal::detail::ProgramImpl::finalize_offsets(tt::tt_metal::IDevice*)
 --- tt::tt_metal::Device::configure_fabric()
 --- tt::tt_metal::FabricFirmwareInitializer::compile_and_configure_fabric()
 --- tt::tt_metal::FabricFirmwareInitializer::init(std::vector<tt::tt_metal::Device*, std::allocator<tt::tt_metal::Device*> > const&, std::unordered_set<tt::tt_metal::InitializerKey, std::hash<tt::tt_metal::InitializerKey>, std::equal_to<tt::tt_metal::InitializerKey>, std::allocator<tt::tt_metal::InitializerKey> > const&)
 --- tt::tt_metal::DeviceManager::initialize_fabric_and_dispatch_fw()
 --- tt::tt_metal::distributed::MeshDeviceImpl::create(ttsl::StrongType<int, tt::tt_metal::ContextIdTag>, tt::tt_metal::distributed::MeshDeviceConfig const&, unsigned long, unsigned long, unsigned long, tt::tt_metal::DispatchCoreConfig const&, std::span<unsigned int const, 18446744073709551615ul>, unsigned long)
 --- tt::tt_metal::distributed::MeshDevice::create(tt::tt_metal::distributed::MeshDeviceConfig const&, unsigned long, unsigned long, unsigned long, tt::tt_metal::DispatchCoreConfig const&, std::span<unsigned int const, 18446744073709551615ul>, unsigned long)
 --- ttnn::distributed::open_mesh_device(unsigned long, unsigned long, unsigned long, tt::tt_metal::DispatchCoreConfig const&, std::optional<tt::tt_metal::distributed::MeshShape> const&, std::optional<tt::tt_metal::distributed::MeshCoordinate> const&, std::vector<int, std::allocator<int> > const&, unsigned long)
 --- /home/mvasiljevic/tt-metal/ttnn/ttnn/_ttnn.so(+0x801f96) [0x7eb5b8c01f96]
 --- /home/mvasiljevic/tt-metal/ttnn/ttnn/_ttnn.so(+0x315575) [0x7eb5b8715575]
 --- python_env/bin/python(_PyEval_EvalFrameDefault+0x3133) [0x1815f73]
 --- python_env/bin/python(PyEval_EvalCode+0xde) [0x18931a0]
 --- python_env/bin/python() [0x18b12c9]
 --- python_env/bin/python() [0x1a2b145]
 --- python_env/bin/python(_PyRun_SimpleFileObject+0x106) [0x1a2af06]
 --- python_env/bin/python(_PyRun_AnyFileObject+0x4a) [0x1a2ac8a]
 --- python_env/bin/python() [0x1a2ac10]
 --- python_env/bin/python() [0x1a2ab1d]
 --- python_env/bin/python() [0x1ae1fe3]
 --- python_env/bin/python() [0x198c298]
 --- python_env/bin/python() [0x198c0ac]
 --- /lib/x86_64-linux-gnu/libc.so.6(+0x2a1ca) [0x7eb63aa341ca]
 --- /lib/x86_64-linux-gnu/libc.so.6(__libc_start_main+0x8b) [0x7eb63aa3428b]
 --- python_env/bin/python(_start+0x29) [0x19a4a69]

nanobind: leaked 1 instances!
 - leaked instance 0x7eb5ac48ae38 of type "ttnn._ttnn.tensor.CoreRangeSet"
nanobind: leaked 14 types!
 - leaked type "ttnn._ttnn.operations.matmul.MatmulMultiCoreReuseMultiCast1DProgramConfig"
 - leaked type "ttnn._ttnn.operations.matmul.MatmulInputs"
 - leaked type "ttnn._ttnn.operations.matmul.MatmulMultiCoreReuseMultiCastBatchedDRAMShardedProgramConfig"
 - leaked type "UnaryOpType"
 - leaked type "ttnn._ttnn.operations.matmul.MatmulMultiCoreReuseOptimizedProgramFactory"
 - leaked type "ttnn._ttnn.operations.matmul.MatmulParams"
 - leaked type "ttnn._ttnn.tensor.CoreRangeSet"
 - leaked type "ttnn._ttnn.operations.matmul.MatmulMultiCoreReuseProgramConfig"
 - leaked type "ttnn._ttnn.operations.matmul.MatmulDeviceOperation"
 - leaked type "ttnn._ttnn.multi_device.MeshDevice"
 - ... skipped remainder
nanobind: leaked 233 functions!
 - leaked function "tensor_topology"
 - leaked function ""
 - leaked function ""
 - leaked function ""
 - leaked function ""
 - leaked function ""
 - leaked function "cpu"
 - leaked function ""
 - leaked function "__repr__"
 - leaked function ""
 - ... skipped remainder
nanobind: this is likely caused by a reference counting issue in the binding code.
See https://nanobind.readthedocs.io/en/latest/refleaks.html2026-08-13 14:15:57.601 | info     |    BuildKernels | JIT cache stats: 185/266 hits (69.5%) [185 cached, 58 build-once dedup, 0 merged artifacts, 0 merged genfiles] (build_cache_telemetry.cpp:207)
2026-08-13 14:15:57.601 | info     |    BuildKernels | JIT telemetry: 3 registered TelemetryTokens (build_cache_telemetry.cpp:230)
2026-08-13 14:15:57.602 | info     |       LLRuntime | Watcher thread stopped watching... (watcher_server.cpp:595)
2026-08-13 14:15:57.602 | info     |       LLRuntime | Watcher detached device 0 (watcher_server.cpp:181)
2026-08-13 14:15:57.602 | info     |       LLRuntime | Watcher detached device 1 (watcher_server.cpp:181)
2026-08-13 14:15:57.602 | info     |       LLRuntime | Watcher detached device 2 (watcher_server.cpp:181)
2026-08-13 14:15:57.602 | info     |       LLRuntime | Watcher detached device 3 (watcher_server.cpp:181)
2026-08-13 14:15:57.614 | info     |          Device | Closing user mode device drivers (tt_cluster.cpp:512)
2026-08-13 14:15:57.614 | info     |             UMD | Closing devices in cluster (cluster.cpp:1037)
[b30c965c728b:3650328] *** Process received signal ***
[b30c965c728b:3650328] Signal: Segmentation fault (11)
[b30c965c728b:3650328] Signal code: Address not mapped (1)
[b30c965c728b:3650328] Failing at address: 0x60
[b30c965c728b:3650328] [ 0] /lib/x86_64-linux-gnu/libc.so.6(+0x45330)[0x7eb63aa4f330]
[b30c965c728b:3650328] [ 1] /home/mvasiljevic/tt-metal/build_Release/lib/libtt_metal.so(_ZN2tt8tt_metal12MetalEnvImpl7get_halEv+0x4)[0x7eb5b5c4d2e4]
[b30c965c728b:3650328] [ 2] /home/mvasiljevic/tt-metal/build_Release/lib/libtt_metal.so(_ZNK2tt8tt_metal6Kernel22binaries_exist_on_diskEPKNS0_7IDeviceERKNSt7__cxx1112basic_stringIcSt11char_traitsIcESaIcEEE+0x37)[0x7eb5b5b2c057]
[b30c965c728b:3650328] [ 3] /home/mvasiljevic/tt-metal/build_Release/lib/libtt_metal.so(_ZN2tt8tt_metal14EthernetKernel13read_binariesEPNS0_7IDeviceERKNSt7__cxx1112basic_stringIcSt11char_traitsIcESaIcEEE+0x20)[0x7eb5b5b2f800]
[b30c965c728b:3650328] [ 4] /home/mvasiljevic/tt-metal/build_Release/lib/libtt_metal.so(+0x8e835f)[0x7eb5b5ae835f]
[b30c965c728b:3650328] [ 5] /home/mvasiljevic/tt-metal/build_Release/lib/libtt_metal.so(+0xae5908)[0x7eb5b5ce5908]
[b30c965c728b:3650328] [ 6] /home/mvasiljevic/tt-metal/build_Release/lib/libtt_metal.so(+0xae588e)[0x7eb5b5ce588e]
[b30c965c728b:3650328] [ 7] /home/mvasiljevic/tt-metal/build_Release/lib/libtt_metal.so(+0x76481f)[0x7eb5b596481f]
[b30c965c728b:3650328] [ 8] /lib/x86_64-linux-gnu/libc.so.6(+0xa1ed3)[0x7eb63aaabed3]
[b30c965c728b:3650328] [ 9] /home/mvasiljevic/tt-metal/build_Release/lib/libtt_metal.so(+0x764679)[0x7eb5b5964679]
[b30c965c728b:3650328] [10] /home/mvasiljevic/tt-metal/build_Release/lib/libtt_metal.so(+0xae56de)[0x7eb5b5ce56de]
[b30c965c728b:3650328] [11] /home/mvasiljevic/tt-metal/build_Release/lib/libtt_metal.so(+0x9015d5)[0x7eb5b5b015d5]
[b30c965c728b:3650328] [12] /home/mvasiljevic/tt-metal/build_Release/lib/libtt_metal.so(+0x9000e0)[0x7eb5b5b000e0]
[b30c965c728b:3650328] [13] /home/mvasiljevic/tt-metal/build_Release/lib/libtt_metal.so(+0x8ff5c8)[0x7eb5b5aff5c8]
[b30c965c728b:3650328] [14] /lib/x86_64-linux-gnu/libstdc++.so.6(+0xf5c79)[0x7eb623254c79]
[b30c965c728b:3650328] [15] /lib/x86_64-linux-gnu/libc.so.6(+0x9caa4)[0x7eb63aaa6aa4]
[b30c965c728b:3650328] [16] /lib/x86_64-linux-gnu/libc.so.6(__clone+0x44)[0x7eb63ab33a64]
[b30c965c728b:3650328] *** End of error message ***
timeout: the monitored command dumped core
