2026-07-29 12:27:50.767 | DEBUG    | ttnn:<module>:79 - Initial ttnn.CONFIG:
Config{cache_path=/home/mvasiljevic/.cache/ttnn,model_cache_path=/home/mvasiljevic/.cache/ttnn/models,tmp_dir=/tmp/ttnn,enable_model_cache=false,enable_fast_runtime_mode=true,throw_exception_on_fallback=false,enable_logging=false,enable_graph_report=false,enable_graph_python_stack_traces=false,enable_detailed_buffer_report=false,enable_detailed_tensor_report=false,enable_comparison_mode=false,comparison_mode_should_raise_exception=false,comparison_mode_pcc=0.9999,root_report_path=generated/ttnn/reports,report_name=std::nullopt,std::nullopt}
============================= test session starts ==============================
platform linux -- Python 3.12.13, pytest-9.0.3, pluggy-1.6.0 -- /home/mvasiljevic/tt-metal/python_env/bin/python3
cachedir: .pytest_cache
benchmark: 5.2.3 (defaults: timer=time.perf_counter disable_gc=False min_rounds=5 min_time=0.000005 max_time=1.0 calibration_precision=10 warmup=False warmup_iterations=100000)
rootdir: /home/mvasiljevic/tt-metal
configfile: pytest.ini
plugins: github-actions-annotate-failures-0.3.0, anyio-4.14.2, dash-2.15.0, split-0.11.0, timeout-2.4.0, benchmark-5.2.3, cov-7.0.0
timeout: 300.0s
timeout method: signal
timeout func_only: False
collecting ... collected 10 items / 9 deselected / 1 selected

models/autoports/microsoft_phi_3_5_mini_instruct/tests/test_optimized_decoder.py::test_optimized_dense_layer_synthetic_prefill_decode_pcc_and_traced_decode 2026-07-29 12:27:52.210 | info     |          Device | Opening user mode device driver (tt_cluster.cpp:228)
2026-07-29 12:27:52.210 | info     |             UMD | Cluster constructor started. (cluster.cpp:348)
2026-07-29 12:27:52.210 | info     |             UMD | Creating TopologyDiscovery for architecture: blackhole (topology_discovery.cpp:91)
2026-07-29 12:27:52.210 | info     |             UMD | Starting topology discovery. (topology_discovery.cpp:110)
2026-07-29 12:27:52.211 | info     |             UMD | Established firmware bundle version: 19.8.0 (topology_discovery.cpp:569)
2026-07-29 12:27:52.211 | info     |             UMD | Firmware bundle version 19.8.0 on the system is newer than the latest fully tested version 19.5.0 for blackhole architecture. Newest features may not be supported. (topology_discovery.cpp:601)
2026-07-29 12:27:52.215 | info     |             UMD | Completed topology discovery. (topology_discovery.cpp:114)
2026-07-29 12:27:52.437 | info     |             UMD | Opening local chip ids/PCIe ids: {0, 1, 2, 3}/[0, 1, 2, 3] and remote chip ids {} (cluster.cpp:168)
2026-07-29 12:27:52.438 | info     |             UMD | IOMMU: enabled (cluster.cpp:142)
2026-07-29 12:27:52.438 | info     |             UMD | KMD version: 2.8.0 (cluster.cpp:145)
2026-07-29 12:27:52.438 | info     |             UMD | Cluster constructor completed. (cluster.cpp:520)
2026-07-29 12:27:52.439 | info     |             UMD | Starting devices in cluster (cluster.cpp:1024)
2026-07-29 12:27:52.645 | info     |             UMD | Starting devices in cluster completed. (cluster.cpp:1032)
2026-07-29 12:27:52.770 | DEBUG    | ttnn.device:__init__:152 - Using default dispatch core type for this system: DispatchCoreType.WORKER
2026-07-29 12:27:52.770 | DEBUG    | ttnn.device:__init__:154 - Using default dispatch core axis for this system: DispatchCoreAxis.COL
2026-07-29 12:27:52.770 | info     |     Distributed | Using auto discovery to generate mesh graph. (metal_env.cpp:367)
2026-07-29 12:27:52.770 | info     |     Distributed | Constructing control plane using auto-discovery (no mesh graph descriptor). (metal_env.cpp:429)
2026-07-29 12:27:52.770 | warning  |          Always | Unknown motherboard 'B850M-C' for chip_id=0 (bus_id=0x1) — falling back to bus_id as tray_id. Add this motherboard and its bus IDs to mobo_to_bus_ids in physical_system_discovery.cpp. (physical_system_discovery.cpp:89)
2026-07-29 12:27:52.770 | warning  |          Always | Unknown motherboard 'B850M-C' for chip_id=1 (bus_id=0x2) — falling back to bus_id as tray_id. Add this motherboard and its bus IDs to mobo_to_bus_ids in physical_system_discovery.cpp. (physical_system_discovery.cpp:89)
2026-07-29 12:27:52.770 | warning  |          Always | Unknown motherboard 'B850M-C' for chip_id=2 (bus_id=0x3) — falling back to bus_id as tray_id. Add this motherboard and its bus IDs to mobo_to_bus_ids in physical_system_discovery.cpp. (physical_system_discovery.cpp:89)
2026-07-29 12:27:52.770 | warning  |          Always | Unknown motherboard 'B850M-C' for chip_id=3 (bus_id=0x4) — falling back to bus_id as tray_id. Add this motherboard and its bus IDs to mobo_to_bus_ids in physical_system_discovery.cpp. (physical_system_discovery.cpp:89)
2026-07-29 12:27:52.770 | warning  |          Always | Unknown motherboard 'B850M-C' for chip_id=1 (bus_id=0x2) — falling back to bus_id as tray_id. Add this motherboard and its bus IDs to mobo_to_bus_ids in physical_system_discovery.cpp. (physical_system_discovery.cpp:89)
2026-07-29 12:27:52.770 | warning  |          Always | Unknown motherboard 'B850M-C' for chip_id=2 (bus_id=0x3) — falling back to bus_id as tray_id. Add this motherboard and its bus IDs to mobo_to_bus_ids in physical_system_discovery.cpp. (physical_system_discovery.cpp:89)
2026-07-29 12:27:52.770 | warning  |          Always | Unknown motherboard 'B850M-C' for chip_id=0 (bus_id=0x1) — falling back to bus_id as tray_id. Add this motherboard and its bus IDs to mobo_to_bus_ids in physical_system_discovery.cpp. (physical_system_discovery.cpp:89)
2026-07-29 12:27:52.771 | warning  |          Always | Unknown motherboard 'B850M-C' for chip_id=3 (bus_id=0x4) — falling back to bus_id as tray_id. Add this motherboard and its bus IDs to mobo_to_bus_ids in physical_system_discovery.cpp. (physical_system_discovery.cpp:89)
2026-07-29 12:27:52.771 | info     |          Fabric | Logical multi-mesh adjacency: intermesh degree histogram {0:1}; intra-mesh degree histograms mesh0 {1:2, 2:2} (topology_mapper_utils.cpp:2342)
2026-07-29 12:27:52.771 | info     |          Fabric | Physical multi-mesh adjacency: intermesh degree histogram {0:1}; intra-mesh degree histograms mesh0 {1:2, 2:2} (topology_mapper_utils.cpp:2350)
2026-07-29 12:27:52.776 | info     |    BuildKernels | Using pre-compiled firmware from: /home/mvasiljevic/tt-metal/tt_metal/pre-compiled/13793420398762238087/ (build_env_manager.cpp:347)
2026-07-29 12:27:52.776 | info     |    BuildKernels | Using pre-compiled firmware from: /home/mvasiljevic/tt-metal/tt_metal/pre-compiled/13793420398762238087/ (build_env_manager.cpp:347)
2026-07-29 12:27:52.776 | info     |    BuildKernels | Using pre-compiled firmware from: /home/mvasiljevic/tt-metal/tt_metal/pre-compiled/13793420398762238087/ (build_env_manager.cpp:347)
2026-07-29 12:27:52.776 | info     |    BuildKernels | Using pre-compiled firmware from: /home/mvasiljevic/tt-metal/tt_metal/pre-compiled/13793420398762238087/ (build_env_manager.cpp:347)
2026-07-29 12:27:52.801 | warning  |           Metal | Opening subset of mmio devices slows down UMD read/write to remote chips. If opening more devices, consider using CreateDevices API. (device_manager.cpp:261)
2026-07-29 12:27:52.840 | info     |           Metal | ShmResourceTracker: removed orphaned shm '/tt_device_154095681929601_memory' (shm_resource_tracker.cpp:282)
2026-07-29 12:27:53.418 | info     |           Metal | [Real-time profiler] Device 2 sync complete: 100 samples, frequency=1.349987 GHz, device_time_at_sync=12312556392566 cycles (realtime_profiler_manager.cpp:1127)
[transformers] This model config has set a `rope_parameters['original_max_position_embeddings']` field, to be used together with `max_position_embeddings` to determine a scaling factor. Please set the `factor` field of `rope_parameters`with this ratio instead -- we recommend the use of this field over `original_max_position_embeddings`, as it is compatible with most model architectures.
2026-07-29 12:27:56.184 | INFO     | tracy:signpost:49 - PERF_PREFILL
2026-07-29 12:27:56.186 | INFO     | tracy:signpost:49 - PERF_PREFILL_END
2026-07-29 12:27:56.219 | critical |          Always | TT_FATAL: Sharded layernorm does not support non-rectangular core grids. The shard spec grid has 32 cores but its bounding box spans 33 cores (11 x 3). (assert.hpp:104)
PHI35_HOST_TIMED_PREFILL_E2E_US: 2013.231
HF-vs-TTNN prefill PCC: Max ATOL Delta: 0.0703125, Max RTOL Delta: nan, PCC: 0.9999449733593944
FAILED

=================================== FAILURES ===================================
__ test_optimized_dense_layer_synthetic_prefill_decode_pcc_and_traced_decode ___

mesh_device = MeshDevice(1x1 grid, 1 devices)

    @pytest.mark.timeout(240)
    def test_optimized_dense_layer_synthetic_prefill_decode_pcc_and_traced_decode(mesh_device):
        seq_len = int(os.getenv("PHI35_PREFILL_SEQ_LEN", "32"))
        state = _real_layer0_state_dict() if os.getenv("PHI35_REAL_WEIGHTS") == "1" else _synthetic_state_dict()
>       result = _run_prefill_decode_pcc(mesh_device, state, seq_len=seq_len, trace_decode=True)
                 ^^^^^^^^^^^^^^^^^^^^^^^^^^^^^^^^^^^^^^^^^^^^^^^^^^^^^^^^^^^^^^^^^^^^^^^^^^^^^^^

models/autoports/microsoft_phi_3_5_mini_instruct/tests/test_optimized_decoder.py:500: 
_ _ _ _ _ _ _ _ _ _ _ _ _ _ _ _ _ _ _ _ _ _ _ _ _ _ _ _ _ _ _ _ _ _ _ _ _ _ _ _ 
models/autoports/microsoft_phi_3_5_mini_instruct/tests/test_optimized_decoder.py:432: in _run_prefill_decode_pcc
    decoder.decode_forward(
models/autoports/microsoft_phi_3_5_mini_instruct/tt/optimized_decoder.py:644: in decode_forward
    attn_in = ttnn.rms_norm(
_ _ _ _ _ _ _ _ _ _ _ _ _ _ _ _ _ _ _ _ _ _ _ _ _ _ _ _ _ _ _ _ _ _ _ _ _ _ _ _ 

self = FastOperation(python_fully_qualified_name='ttnn.rms_norm', function=<ttnn._ttnn.operations.normalization.rms_norm_t ob...<function default_postprocess_golden_function_outputs at 0x7405774379c0>, is_cpp_operation=True, is_experimental=False)
function_args = (ttnn.Tensor([[[[-1.6797e-01, -3.2196e-03,  ...,  1.4160e-01,  4.0283e-02]]]], shape=Shape([1, 1, 1, 3072]), dtype=DataType::BFLOAT16, layout=Layout::TILE),)
function_kwargs = {'compute_kernel_config': <ttnn._ttnn.operations.core.WormholeComputeKernelConfig object at 0x73e3eff04de0>, 'epsilon'...e-03,  ...,  4.0283e-02,  8.9111e-03]]]], shape=Shape([1, 1, 1, 3072]), dtype=DataType::BFLOAT16, layout=Layout::TILE)}
cq_id = None, recording = False

    def __call__(self, *function_args, **function_kwargs):
        cq_id = None
        if "queue_id" in function_kwargs:
            cq_id = function_kwargs.pop("queue_id")
        elif "cq_id" in function_kwargs:
            cq_id = function_kwargs.pop("cq_id")
    
        recording = ttnn.graph.is_python_io_recording_enabled()
        if recording:
            ttnn.graph.track_function_start(self.python_fully_qualified_name)
            ttnn.graph.record_python_operation(self.python_fully_qualified_name, function_args, function_kwargs)
            input_tensors = get_all_tensors((function_args, function_kwargs))
            set_tensor_id(input_tensors)
    
        try:
            if cq_id is None:
>               result = self.function(*function_args, **function_kwargs)
                         ^^^^^^^^^^^^^^^^^^^^^^^^^^^^^^^^^^^^^^^^^^^^^^^^
E               RuntimeError: TT_FATAL @ /home/mvasiljevic/tt-metal/ttnn/cpp/ttnn/operations/normalization/layernorm/device/layernorm_device_operation.cpp:187: shard_spec.grid.num_cores() == bbox_num_cores
E               info:
E               Sharded layernorm does not support non-rectangular core grids. The shard spec grid has 32 cores but its bounding box spans 33 cores (11 x 3).
E               backtrace:
E                --- /home/mvasiljevic/tt-metal/build_Release/lib/_ttnncpp.so(+0xf4ec93) [0x7405c374ec93]
E                --- ttnn::prim::LayerNormDeviceOperation::validate_on_program_cache_miss(ttnn::prim::LayerNormParams const&, ttnn::prim::LayerNormInputs const&)
E                --- /home/mvasiljevic/tt-metal/build_Release/lib/_ttnncpp.so(_ZN4ttnn16device_operation6detail29launch_operation_with_adapterITkNS0_36DeviceOperationWithMeshDeviceAdapterENS0_26MeshDeviceOperationAdapterINS_4prim24LayerNormDeviceOperationEEEEEvRKNT_22operation_attributes_tERKNS7_13tensor_args_tERNS7_21tensor_return_value_tEPN2tt8tt_metal11distributed10MeshDeviceE+0x1d3) [0x7405c44ae393]
E                --- /home/mvasiljevic/tt-metal/build_Release/lib/_ttnncpp.so(_ZN4ttnn16device_operation6detail6launchITkNS0_22DeviceOperationConceptENS_4prim24LayerNormDeviceOperationEEENT_21tensor_return_value_tERKNS5_22operation_attributes_tERKNS5_13tensor_args_tE+0x2db) [0x7405c44a7d4b]
E                --- /home/mvasiljevic/tt-metal/build_Release/lib/_ttnncpp.so(_ZN4ttnn4prim10layer_normERKN2tt8tt_metal6TensorEfRKSt8optionalIS4_ES9_S9_RKNS2_12MemoryConfigERKSt7variantIJNS0_29LayerNormDefaultProgramConfigENS0_38LayerNormShardedMultiCoreProgramConfigEEERKNS_19ComputeKernelConfigERKS6_INS2_8DataTypeEENS0_13LayerNormTypeENS0_25DistributedLayerNormStageES9_S9_RKS6_INS_10operations5unary19BasicUnaryWithParamIJfEEEE+0x295) [0x7405c44a5d35]
E                --- ttnn::rms_norm(tt::tt_metal::Tensor const&, float, std::optional<tt::tt_metal::Tensor const> const&, std::optional<tt::tt_metal::Tensor const> const&, std::optional<tt::tt_metal::Tensor const> const&, std::optional<tt::tt_metal::MemoryConfig> const&, std::optional<std::variant<ttnn::prim::LayerNormDefaultProgramConfig, ttnn::prim::LayerNormShardedMultiCoreProgramConfig> const> const&, std::optional<ttnn::ComputeKernelConfig const>)
E                --- /home/mvasiljevic/tt-metal/ttnn/ttnn/_ttnn.so(+0x483ab5) [0x7405c4a83ab5]
E                --- /home/mvasiljevic/tt-metal/ttnn/ttnn/_ttnn.so(+0x315575) [0x7405c4915575]
E                --- /home/mvasiljevic/tt-metal/python_env/bin/python3() [0x1ac8a22]
E                --- /home/mvasiljevic/tt-metal/python_env/bin/python3() [0x18c68da]
E                --- /home/mvasiljevic/tt-metal/python_env/bin/python3(_PyEval_EvalFrameDefault+0x65cb) [0x181940b]
E                --- /home/mvasiljevic/tt-metal/python_env/bin/python3() [0x1ac8a22]
E                --- /home/mvasiljevic/tt-metal/python_env/bin/python3() [0x18c68da]
E                --- /home/mvasiljevic/tt-metal/python_env/bin/python3(_PyEval_EvalFrameDefault+0x2fa8) [0x1815de8]
E                --- /home/mvasiljevic/tt-metal/python_env/bin/python3() [0x1ac8a22]
E                --- /home/mvasiljevic/tt-metal/python_env/bin/python3() [0x18c68da]
E                --- /home/mvasiljevic/tt-metal/python_env/bin/python3(_PyEval_EvalFrameDefault+0x2fa8) [0x1815de8]
E                --- /home/mvasiljevic/tt-metal/python_env/bin/python3() [0x1ac8a22]
E                --- /home/mvasiljevic/tt-metal/python_env/bin/python3() [0x18c68da]
E                --- /home/mvasiljevic/tt-metal/python_env/bin/python3(_PyEval_EvalFrameDefault+0x65cb) [0x181940b]
E                --- /home/mvasiljevic/tt-metal/python_env/bin/python3() [0x1ac8a22]
E                --- /home/mvasiljevic/tt-metal/python_env/bin/python3() [0x18c68da]
E                --- /home/mvasiljevic/tt-metal/python_env/bin/python3(_PyEval_EvalFrameDefault+0x2fa8) [0x1815de8]
E                --- /home/mvasiljevic/tt-metal/python_env/bin/python3() [0x1ac8a22]
E                --- /home/mvasiljevic/tt-metal/python_env/bin/python3() [0x18c68da]
E                --- /home/mvasiljevic/tt-metal/python_env/bin/python3(_PyEval_EvalFrameDefault+0x2fa8) [0x1815de8]
E                --- /home/mvasiljevic/tt-metal/python_env/bin/python3() [0x1ac8a22]
E                --- /home/mvasiljevic/tt-metal/python_env/bin/python3() [0x18c68da]
E                --- /home/mvasiljevic/tt-metal/python_env/bin/python3(_PyEval_EvalFrameDefault+0x2fa8) [0x1815de8]
E                --- /home/mvasiljevic/tt-metal/python_env/bin/python3(PyEval_EvalCode+0xde) [0x18931a0]
E                --- /home/mvasiljevic/tt-metal/python_env/bin/python3() [0x18b12c9]
E                --- /home/mvasiljevic/tt-metal/python_env/bin/python3() [0x1a2b145]
E                --- /home/mvasiljevic/tt-metal/python_env/bin/python3(_PyRun_SimpleFileObject+0x106) [0x1a2af06]
E                --- /home/mvasiljevic/tt-metal/python_env/bin/python3(_PyRun_AnyFileObject+0x4a) [0x1a2ac8a]
E                --- /home/mvasiljevic/tt-metal/python_env/bin/python3() [0x1a2ac10]
E                --- /home/mvasiljevic/tt-metal/python_env/bin/python3() [0x1a2ab1d]
E                --- /home/mvasiljevic/tt-metal/python_env/bin/python3() [0x1ae1fe3]
E                --- /home/mvasiljevic/tt-metal/python_env/bin/python3() [0x198c298]
E                --- /home/mvasiljevic/tt-metal/python_env/bin/python3() [0x198c0ac]
E                --- /lib/x86_64-linux-gnu/libc.so.6(+0x2a1ca) [0x74060afdc1ca]
E                --- /lib/x86_64-linux-gnu/libc.so.6(__libc_start_main+0x8b) [0x74060afdc28b]
E                --- /home/mvasiljevic/tt-metal/python_env/bin/python3(_start+0x29) [0x19a4a69]

ttnn/ttnn/decorators.py:473: RuntimeError
------------------------------ Captured log call -------------------------------
WARNING  transformers_modules.microsoft.Phi_hyphen_3_dot_5_hyphen_mini_hyphen_instruct.2fe192450127e6a83f7441aef6e3ca586c338b77.modeling_phi3:modeling_phi3.py:62 `flash-attention` package not found, consider installing for better performance: No module named 'flash_attn'.
WARNING  transformers_modules.microsoft.Phi_hyphen_3_dot_5_hyphen_mini_hyphen_instruct.2fe192450127e6a83f7441aef6e3ca586c338b77.modeling_phi3:modeling_phi3.py:66 Current `flash-attention` does not support `window_size`. Either upgrade or use `attn_implementation='eager'`.
WARNING  transformers_modules.microsoft.Phi_hyphen_3_dot_5_hyphen_mini_hyphen_instruct.2fe192450127e6a83f7441aef6e3ca586c338b77.modeling_phi3:logging.py:340 You are not running the flash-attention implementation, expect numerical differences.
- generated xml file: /home/mvasiljevic/tt-metal/generated/test_reports/most_recent_tests.xml -
============================== slowest durations ===============================
2.79s call     models/autoports/microsoft_phi_3_5_mini_instruct/tests/test_optimized_decoder.py::test_optimized_dense_layer_synthetic_prefill_decode_pcc_and_traced_decode
1.42s setup    models/autoports/microsoft_phi_3_5_mini_instruct/tests/test_optimized_decoder.py::test_optimized_dense_layer_synthetic_prefill_decode_pcc_and_traced_decode
0.12s teardown models/autoports/microsoft_phi_3_5_mini_instruct/tests/test_optimized_decoder.py::test_optimized_dense_layer_synthetic_prefill_decode_pcc_and_traced_decode
=========================== short test summary info ============================
FAILED models/autoports/microsoft_phi_3_5_mini_instruct/tests/test_optimized_decoder.py::test_optimized_dense_layer_synthetic_prefill_decode_pcc_and_traced_decode
======================= 1 failed, 9 deselected in 4.89s ========================
nanobind: leaked 2 instances!
 - leaked instance 0x74057716c108 of type "ttnn._ttnn.tensor.MemoryConfig"
 - leaked instance 0x7405778fe178 of type "ttnn._ttnn.tensor.CoreRangeSet"
nanobind: leaked 20 types!
 - leaked type "ttnn._ttnn.operations.matmul.MatmulMultiCoreReuseMultiCast1DProgramConfig"
 - leaked type "ttnn._ttnn.operations.matmul.MatmulInputs"
 - leaked type "ttnn._ttnn.operations.matmul.MatmulMultiCoreReuseMultiCastBatchedDRAMShardedProgramConfig"
 - leaked type "BufferType"
 - leaked type "UnaryOpType"
 - leaked type "Layout"
 - leaked type "ttnn._ttnn.operations.matmul.MatmulMultiCoreReuseOptimizedProgramFactory"
 - leaked type "Arch"
 - leaked type "ttnn._ttnn.operations.matmul.MatmulParams"
 - leaked type "ttnn._ttnn.tensor.CoreRangeSet"
 - ... skipped remainder
nanobind: leaked 247 functions!
 - leaked function "remove_sub_device_manager"
 - leaked function ""
 - leaked function ""
 - leaked function "dram_grid_size"
 - leaked function "get_system_mesh_id"
 - leaked function "__init__"
 - leaked function "pop_current_command_queue_id_for_thread"
 - leaked function "buffer_page_size"
 - leaked function "__init__"
 - leaked function ""
 - ... skipped remainder
nanobind: this is likely caused by a reference counting issue in the binding code.
See https://nanobind.readthedocs.io/en/latest/refleaks.html2026-07-29 12:27:58.243 | info     |    BuildKernels | JIT cache stats: 117/117 hits (100.0%) [117 cached, 13 build-once dedup, 0 merged artifacts, 0 merged genfiles] (build_cache_telemetry.cpp:207)
2026-07-29 12:27:58.243 | info     |    BuildKernels | JIT telemetry: 3 registered TelemetryTokens (build_cache_telemetry.cpp:230)
2026-07-29 12:27:58.253 | info     |          Device | Closing user mode device drivers (tt_cluster.cpp:512)
2026-07-29 12:27:58.253 | info     |             UMD | Closing devices in cluster (cluster.cpp:1037)
2026-07-29 12:27:58.740 | info     |             UMD | Closing devices in cluster completed. (cluster.cpp:1046)
2026-07-29 12:27:58.741 | info     |             UMD | Cluster destructor started. (cluster.cpp:754)
2026-07-29 12:27:58.741 | info     |             UMD | Cluster destructor completed. (cluster.cpp:757)
