============================= test session starts ==============================
platform linux -- Python 3.12.13, pytest-9.0.3, pluggy-1.6.0 -- /home/mvasiljevic/tt-metal/python_env/bin/python3
cachedir: .pytest_cache
benchmark: 5.2.3 (defaults: timer=time.perf_counter disable_gc=False min_rounds=5 min_time=0.000005 max_time=1.0 calibration_precision=10 warmup=False warmup_iterations=100000)
rootdir: /home/mvasiljevic/tt-metal
configfile: pytest.ini
plugins: github-actions-annotate-failures-0.3.0, anyio-4.14.2, dash-2.15.0, split-0.11.0, timeout-2.4.0, benchmark-5.2.3, cov-7.0.0
timeout: 300.0s
timeout method: signal
timeout func_only: False
collecting ... collected 10 items / 9 deselected / 1 selected

models/autoports/microsoft_phi_3_5_mini_instruct/tests/test_optimized_decoder.py::test_functional_prefill_batch32_warmed_latency_baseline 2026-07-30 09:33:09.323 | info     |          Device | Opening user mode device driver (tt_cluster.cpp:228)
2026-07-30 09:33:09.323 | info     |             UMD | Cluster constructor started. (cluster.cpp:348)
2026-07-30 09:33:09.323 | info     |             UMD | Creating TopologyDiscovery for architecture: blackhole (topology_discovery.cpp:91)
2026-07-30 09:33:09.323 | info     |             UMD | Starting topology discovery. (topology_discovery.cpp:110)
2026-07-30 09:33:09.324 | info     |             UMD | Established firmware bundle version: 19.8.0 (topology_discovery.cpp:569)
2026-07-30 09:33:09.324 | info     |             UMD | Firmware bundle version 19.8.0 on the system is newer than the latest fully tested version 19.5.0 for blackhole architecture. Newest features may not be supported. (topology_discovery.cpp:601)
2026-07-30 09:33:09.329 | info     |             UMD | Completed topology discovery. (topology_discovery.cpp:114)
2026-07-30 09:33:09.553 | info     |             UMD | Opening local chip ids/PCIe ids: {0, 1, 2, 3}/[0, 1, 2, 3] and remote chip ids {} (cluster.cpp:168)
2026-07-30 09:33:09.553 | info     |             UMD | IOMMU: enabled (cluster.cpp:142)
2026-07-30 09:33:09.553 | info     |             UMD | KMD version: 2.8.0 (cluster.cpp:145)
2026-07-30 09:33:09.553 | info     |             UMD | Cluster constructor completed. (cluster.cpp:520)
2026-07-30 09:33:09.554 | info     |             UMD | Starting devices in cluster (cluster.cpp:1024)
2026-07-30 09:33:09.676 | info     |             UMD | Starting devices in cluster completed. (cluster.cpp:1032)
2026-07-30 09:33:09.801 | info     |     Distributed | Using auto discovery to generate mesh graph. (metal_env.cpp:367)
2026-07-30 09:33:09.801 | info     |     Distributed | Constructing control plane using auto-discovery (no mesh graph descriptor). (metal_env.cpp:429)
2026-07-30 09:33:09.801 | warning  |          Always | Unknown motherboard 'B850M-C' for chip_id=0 (bus_id=0x1) — falling back to bus_id as tray_id. Add this motherboard and its bus IDs to mobo_to_bus_ids in physical_system_discovery.cpp. (physical_system_discovery.cpp:89)
2026-07-30 09:33:09.801 | warning  |          Always | Unknown motherboard 'B850M-C' for chip_id=1 (bus_id=0x2) — falling back to bus_id as tray_id. Add this motherboard and its bus IDs to mobo_to_bus_ids in physical_system_discovery.cpp. (physical_system_discovery.cpp:89)
2026-07-30 09:33:09.801 | warning  |          Always | Unknown motherboard 'B850M-C' for chip_id=2 (bus_id=0x3) — falling back to bus_id as tray_id. Add this motherboard and its bus IDs to mobo_to_bus_ids in physical_system_discovery.cpp. (physical_system_discovery.cpp:89)
2026-07-30 09:33:09.801 | warning  |          Always | Unknown motherboard 'B850M-C' for chip_id=3 (bus_id=0x4) — falling back to bus_id as tray_id. Add this motherboard and its bus IDs to mobo_to_bus_ids in physical_system_discovery.cpp. (physical_system_discovery.cpp:89)
2026-07-30 09:33:09.801 | warning  |          Always | Unknown motherboard 'B850M-C' for chip_id=1 (bus_id=0x2) — falling back to bus_id as tray_id. Add this motherboard and its bus IDs to mobo_to_bus_ids in physical_system_discovery.cpp. (physical_system_discovery.cpp:89)
2026-07-30 09:33:09.801 | warning  |          Always | Unknown motherboard 'B850M-C' for chip_id=0 (bus_id=0x1) — falling back to bus_id as tray_id. Add this motherboard and its bus IDs to mobo_to_bus_ids in physical_system_discovery.cpp. (physical_system_discovery.cpp:89)
2026-07-30 09:33:09.801 | warning  |          Always | Unknown motherboard 'B850M-C' for chip_id=2 (bus_id=0x3) — falling back to bus_id as tray_id. Add this motherboard and its bus IDs to mobo_to_bus_ids in physical_system_discovery.cpp. (physical_system_discovery.cpp:89)
2026-07-30 09:33:09.801 | warning  |          Always | Unknown motherboard 'B850M-C' for chip_id=3 (bus_id=0x4) — falling back to bus_id as tray_id. Add this motherboard and its bus IDs to mobo_to_bus_ids in physical_system_discovery.cpp. (physical_system_discovery.cpp:89)
2026-07-30 09:33:09.802 | info     |          Fabric | Logical multi-mesh adjacency: intermesh degree histogram {0:1}; intra-mesh degree histograms mesh0 {2:4} (topology_mapper_utils.cpp:2342)
2026-07-30 09:33:09.802 | info     |          Fabric | Physical multi-mesh adjacency: intermesh degree histogram {0:1}; intra-mesh degree histograms mesh0 {2:4} (topology_mapper_utils.cpp:2350)
2026-07-30 09:33:09.807 | info     |    BuildKernels | Using pre-compiled firmware from: /home/mvasiljevic/tt-metal/tt_metal/pre-compiled/13793420398762238087/ (build_env_manager.cpp:347)
2026-07-30 09:33:09.807 | info     |    BuildKernels | Using pre-compiled firmware from: /home/mvasiljevic/tt-metal/tt_metal/pre-compiled/13793420398762238087/ (build_env_manager.cpp:347)
2026-07-30 09:33:09.807 | info     |    BuildKernels | Using pre-compiled firmware from: /home/mvasiljevic/tt-metal/tt_metal/pre-compiled/13793420398762238087/ (build_env_manager.cpp:347)
2026-07-30 09:33:09.807 | info     |    BuildKernels | Using pre-compiled firmware from: /home/mvasiljevic/tt-metal/tt_metal/pre-compiled/13793420398762238087/ (build_env_manager.cpp:347)
2026-07-30 09:33:09.835 | warning  |           Metal | Opening subset of mmio devices slows down UMD read/write to remote chips. If opening more devices, consider using CreateDevices API. (device_manager.cpp:261)
2026-07-30 09:33:09.874 | info     |           Metal | ShmResourceTracker: removed orphaned shm '/tt_device_154095681929600_memory' (shm_resource_tracker.cpp:282)
2026-07-30 09:33:10.452 | info     |           Metal | [Real-time profiler] Device 3 sync complete: 100 samples, frequency=1.349978 GHz, device_time_at_sync=32430182122853 cycles (realtime_profiler_manager.cpp:1127)
PHI35_FUNCTIONAL_PREFILL_B32_E2E_US: 26238.423
PASSED

==================================== PASSES ====================================
- generated xml file: /home/mvasiljevic/tt-metal/generated/test_reports/most_recent_tests.xml -
============================== slowest durations ===============================
1.35s setup    models/autoports/microsoft_phi_3_5_mini_instruct/tests/test_optimized_decoder.py::test_functional_prefill_batch32_warmed_latency_baseline
0.89s call     models/autoports/microsoft_phi_3_5_mini_instruct/tests/test_optimized_decoder.py::test_functional_prefill_batch32_warmed_latency_baseline
0.11s teardown models/autoports/microsoft_phi_3_5_mini_instruct/tests/test_optimized_decoder.py::test_functional_prefill_batch32_warmed_latency_baseline
=========================== short test summary info ============================
PASSED models/autoports/microsoft_phi_3_5_mini_instruct/tests/test_optimized_decoder.py::test_functional_prefill_batch32_warmed_latency_baseline
======================= 1 passed, 9 deselected in 2.88s ========================
2026-07-30 09:33:13.447 | info     |    BuildKernels | JIT cache stats: 135/135 hits (100.0%) [135 cached, 80 build-once dedup, 0 merged artifacts, 0 merged genfiles] (build_cache_telemetry.cpp:207)
2026-07-30 09:33:13.447 | info     |    BuildKernels | JIT telemetry: 3 registered TelemetryTokens (build_cache_telemetry.cpp:230)
2026-07-30 09:33:13.458 | info     |          Device | Closing user mode device drivers (tt_cluster.cpp:512)
2026-07-30 09:33:13.458 | info     |             UMD | Closing devices in cluster (cluster.cpp:1037)
2026-07-30 09:33:13.971 | info     |             UMD | Closing devices in cluster completed. (cluster.cpp:1046)
2026-07-30 09:33:13.971 | info     |             UMD | Cluster destructor started. (cluster.cpp:754)
2026-07-30 09:33:13.971 | info     |             UMD | Cluster destructor completed. (cluster.cpp:757)
