2026-07-29 15:07:45.399 | DEBUG    | ttnn:<module>:79 - Initial ttnn.CONFIG:
Config{cache_path=/home/mvasiljevic/.cache/ttnn,model_cache_path=/home/mvasiljevic/.cache/ttnn/models,tmp_dir=/tmp/ttnn,enable_model_cache=false,enable_fast_runtime_mode=true,throw_exception_on_fallback=false,enable_logging=false,enable_graph_report=false,enable_graph_python_stack_traces=false,enable_detailed_buffer_report=false,enable_detailed_tensor_report=false,enable_comparison_mode=false,comparison_mode_should_raise_exception=false,comparison_mode_pcc=0.9999,root_report_path=generated/ttnn/reports,report_name=std::nullopt,std::nullopt}
============================= test session starts ==============================
platform linux -- Python 3.12.13, pytest-9.0.3, pluggy-1.6.0 -- /home/mvasiljevic/tt-metal/python_env/bin/python
cachedir: .pytest_cache
benchmark: 5.2.3 (defaults: timer=time.perf_counter disable_gc=False min_rounds=5 min_time=0.000005 max_time=1.0 calibration_precision=10 warmup=False warmup_iterations=100000)
rootdir: /home/mvasiljevic/tt-metal
configfile: pytest.ini
plugins: github-actions-annotate-failures-0.3.0, anyio-4.14.2, dash-2.15.0, split-0.11.0, timeout-2.4.0, benchmark-5.2.3, cov-7.0.0
timeout: 300.0s
timeout method: signal
timeout func_only: False
collecting ... collected 10 items / 9 deselected / 1 selected

models/autoports/microsoft_phi_3_5_mini_instruct/tests/test_optimized_decoder.py::test_optimized_dense_layer_synthetic_prefill_decode_pcc_and_traced_decode 2026-07-29 15:07:46.910 | info     |          Device | Opening user mode device driver (tt_cluster.cpp:228)
2026-07-29 15:07:46.910 | info     |             UMD | Cluster constructor started. (cluster.cpp:348)
2026-07-29 15:07:46.911 | info     |             UMD | Creating TopologyDiscovery for architecture: blackhole (topology_discovery.cpp:91)
2026-07-29 15:07:46.911 | info     |             UMD | Starting topology discovery. (topology_discovery.cpp:110)
2026-07-29 15:07:46.912 | info     |             UMD | Established firmware bundle version: 19.8.0 (topology_discovery.cpp:569)
2026-07-29 15:07:46.912 | info     |             UMD | Firmware bundle version 19.8.0 on the system is newer than the latest fully tested version 19.5.0 for blackhole architecture. Newest features may not be supported. (topology_discovery.cpp:601)
2026-07-29 15:07:46.916 | info     |             UMD | Completed topology discovery. (topology_discovery.cpp:114)
2026-07-29 15:07:47.141 | info     |             UMD | Opening local chip ids/PCIe ids: {0, 1, 2, 3}/[0, 1, 2, 3] and remote chip ids {} (cluster.cpp:168)
2026-07-29 15:07:47.141 | info     |             UMD | IOMMU: enabled (cluster.cpp:142)
2026-07-29 15:07:47.141 | info     |             UMD | KMD version: 2.8.0 (cluster.cpp:145)
2026-07-29 15:07:47.141 | info     |             UMD | Cluster constructor completed. (cluster.cpp:520)
2026-07-29 15:07:47.143 | info     |             UMD | Starting devices in cluster (cluster.cpp:1024)
2026-07-29 15:07:47.474 | info     |             UMD | Starting devices in cluster completed. (cluster.cpp:1032)
2026-07-29 15:07:47.607 | DEBUG    | ttnn.device:__init__:152 - Using default dispatch core type for this system: DispatchCoreType.WORKER
2026-07-29 15:07:47.607 | DEBUG    | ttnn.device:__init__:154 - Using default dispatch core axis for this system: DispatchCoreAxis.COL
2026-07-29 15:07:47.607 | info     |     Distributed | Using auto discovery to generate mesh graph. (metal_env.cpp:367)
2026-07-29 15:07:47.607 | info     |     Distributed | Constructing control plane using auto-discovery (no mesh graph descriptor). (metal_env.cpp:429)
2026-07-29 15:07:47.607 | warning  |          Always | Unknown motherboard 'B850M-C' for chip_id=0 (bus_id=0x1) — falling back to bus_id as tray_id. Add this motherboard and its bus IDs to mobo_to_bus_ids in physical_system_discovery.cpp. (physical_system_discovery.cpp:89)
2026-07-29 15:07:47.607 | warning  |          Always | Unknown motherboard 'B850M-C' for chip_id=1 (bus_id=0x2) — falling back to bus_id as tray_id. Add this motherboard and its bus IDs to mobo_to_bus_ids in physical_system_discovery.cpp. (physical_system_discovery.cpp:89)
2026-07-29 15:07:47.607 | warning  |          Always | Unknown motherboard 'B850M-C' for chip_id=2 (bus_id=0x3) — falling back to bus_id as tray_id. Add this motherboard and its bus IDs to mobo_to_bus_ids in physical_system_discovery.cpp. (physical_system_discovery.cpp:89)
2026-07-29 15:07:47.607 | warning  |          Always | Unknown motherboard 'B850M-C' for chip_id=3 (bus_id=0x4) — falling back to bus_id as tray_id. Add this motherboard and its bus IDs to mobo_to_bus_ids in physical_system_discovery.cpp. (physical_system_discovery.cpp:89)
2026-07-29 15:07:47.607 | warning  |          Always | Unknown motherboard 'B850M-C' for chip_id=1 (bus_id=0x2) — falling back to bus_id as tray_id. Add this motherboard and its bus IDs to mobo_to_bus_ids in physical_system_discovery.cpp. (physical_system_discovery.cpp:89)
2026-07-29 15:07:47.607 | warning  |          Always | Unknown motherboard 'B850M-C' for chip_id=2 (bus_id=0x3) — falling back to bus_id as tray_id. Add this motherboard and its bus IDs to mobo_to_bus_ids in physical_system_discovery.cpp. (physical_system_discovery.cpp:89)
2026-07-29 15:07:47.607 | warning  |          Always | Unknown motherboard 'B850M-C' for chip_id=0 (bus_id=0x1) — falling back to bus_id as tray_id. Add this motherboard and its bus IDs to mobo_to_bus_ids in physical_system_discovery.cpp. (physical_system_discovery.cpp:89)
2026-07-29 15:07:47.607 | warning  |          Always | Unknown motherboard 'B850M-C' for chip_id=3 (bus_id=0x4) — falling back to bus_id as tray_id. Add this motherboard and its bus IDs to mobo_to_bus_ids in physical_system_discovery.cpp. (physical_system_discovery.cpp:89)
2026-07-29 15:07:47.607 | info     |          Fabric | Logical multi-mesh adjacency: intermesh degree histogram {0:1}; intra-mesh degree histograms mesh0 {1:2, 2:2} (topology_mapper_utils.cpp:2342)
2026-07-29 15:07:47.607 | info     |          Fabric | Physical multi-mesh adjacency: intermesh degree histogram {0:1}; intra-mesh degree histograms mesh0 {1:2, 2:2} (topology_mapper_utils.cpp:2350)
2026-07-29 15:07:47.613 | info     |    BuildKernels | Using pre-compiled firmware from: /home/mvasiljevic/tt-metal/tt_metal/pre-compiled/13793420398762238087/ (build_env_manager.cpp:347)
2026-07-29 15:07:47.613 | info     |    BuildKernels | Using pre-compiled firmware from: /home/mvasiljevic/tt-metal/tt_metal/pre-compiled/13793420398762238087/ (build_env_manager.cpp:347)
2026-07-29 15:07:47.613 | info     |    BuildKernels | Using pre-compiled firmware from: /home/mvasiljevic/tt-metal/tt_metal/pre-compiled/13793420398762238087/ (build_env_manager.cpp:347)
2026-07-29 15:07:47.613 | info     |    BuildKernels | Using pre-compiled firmware from: /home/mvasiljevic/tt-metal/tt_metal/pre-compiled/13793420398762238087/ (build_env_manager.cpp:347)
2026-07-29 15:07:47.639 | warning  |           Metal | Opening subset of mmio devices slows down UMD read/write to remote chips. If opening more devices, consider using CreateDevices API. (device_manager.cpp:261)
2026-07-29 15:07:47.678 | info     |           Metal | ShmResourceTracker: removed orphaned shm '/tt_device_154095681929601_memory' (shm_resource_tracker.cpp:282)
2026-07-29 15:07:48.256 | info     |           Metal | [Real-time profiler] Device 2 sync complete: 100 samples, frequency=1.349981 GHz, device_time_at_sync=21126749975191 cycles (realtime_profiler_manager.cpp:1127)
[transformers] This model config has set a `rope_parameters['original_max_position_embeddings']` field, to be used together with `max_position_embeddings` to determine a scaling factor. Please set the `factor` field of `rope_parameters`with this ratio instead -- we recommend the use of this field over `original_max_position_embeddings`, as it is compatible with most model architectures.
2026-07-29 15:07:51.905 | INFO     | tracy:signpost:49 - PERF_PREFILL
2026-07-29 15:07:51.907 | INFO     | tracy:signpost:49 - PERF_PREFILL_END
2026-07-29 15:07:51.934 | warning  |              Op | Mismatch between computed MemoryConfig(memory_layout=TensorMemoryLayout::WIDTH_SHARDED,buffer_type=BufferType::L1,shard_spec=ShardSpec{grid=[{"start":{"x":0,"y":0},"end":{"x":10,"y":0}, {"start":{"x":0,"y":1},"end":{"x":4,"y":1}], shape=[32, 576], orientation=ShardOrientation::ROW_MAJOR},nd_shard_spec={"shard_shape":[32, 576],"grid":[{"start":{"x":0,"y":0},"end":{"x":10,"y":0}}, {"start":{"x":0,"y":1},"end":{"x":4,"y":1}}],"orientation":"ShardOrientation::ROW_MAJOR","shard_distribution_strategy":"ShardDistributionStrategy::ROUND_ROBIN_1D"},created_with_nd_shard_spec=0) and provided MemoryConfig(memory_layout=TensorMemoryLayout::WIDTH_SHARDED,buffer_type=BufferType::L1,shard_spec=ShardSpec{grid=[{"start":{"x":0,"y":0},"end":{"x":7,"y":1}], shape=[32, 576], orientation=ShardOrientation::ROW_MAJOR},nd_shard_spec=std::nullopt,created_with_nd_shard_spec=0) mem config. Using computed config. (matmul_device_operation.cpp:828)
2026-07-29 15:07:51.945 | critical |          Always | TT_FATAL: input_tensor1 ({[0-0 - 0-0]}) and input_tensor2 ({[0-0 - 0-0]}) must not overlap (assert.hpp:104)
PHI35_HOST_TIMED_PREFILL_E2E_US: 2233.954
HF-vs-TTNN prefill PCC: Max ATOL Delta: 0.001953125, Max RTOL Delta: 379.18182373046875, PCC: 0.9999967480766712
FAILED

=================================== FAILURES ===================================
__ test_optimized_dense_layer_synthetic_prefill_decode_pcc_and_traced_decode ___

mesh_device = MeshDevice(1x1 grid, 1 devices)

    @pytest.mark.timeout(240)
    def test_optimized_dense_layer_synthetic_prefill_decode_pcc_and_traced_decode(mesh_device):
        seq_len = int(os.getenv("PHI35_PREFILL_SEQ_LEN", "32"))
        state = _real_layer0_state_dict() if os.getenv("PHI35_REAL_WEIGHTS") == "1" else _synthetic_state_dict()
>       result = _run_prefill_decode_pcc(mesh_device, state, seq_len=seq_len, trace_decode=True)
                 ^^^^^^^^^^^^^^^^^^^^^^^^^^^^^^^^^^^^^^^^^^^^^^^^^^^^^^^^^^^^^^^^^^^^^^^^^^^^^^^

models/autoports/microsoft_phi_3_5_mini_instruct/tests/test_optimized_decoder.py:499:
_ _ _ _ _ _ _ _ _ _ _ _ _ _ _ _ _ _ _ _ _ _ _ _ _ _ _ _ _ _ _ _ _ _ _ _ _ _ _ _
models/autoports/microsoft_phi_3_5_mini_instruct/tests/test_optimized_decoder.py:431: in _run_prefill_decode_pcc
    decoder.decode_forward(
models/autoports/microsoft_phi_3_5_mini_instruct/tt/optimized_decoder.py:751: in decode_forward
    ttnn.experimental.paged_fused_update_cache(
_ _ _ _ _ _ _ _ _ _ _ _ _ _ _ _ _ _ _ _ _ _ _ _ _ _ _ _ _ _ _ _ _ _ _ _ _ _ _ _

self = FastOperation(python_fully_qualified_name='ttnn.experimental.paged_fused_update_cache', function=<ttnn._ttnn.operation...uts=None, golden_function=None, postprocess_golden_function_outputs=None, is_cpp_operation=True, is_experimental=False)
function_args = (ttnn.Tensor([[[[ 0.0000e+00,  0.0000e+00,  ...,  0.0000e+00,  0.0000e+00],
               [ 0.0000e+00,  0.0000e+00, ...6e-03,  ..., -5.0964e-03,  1.1169e-02]]]], shape=Shape([1, 1, 32, 96]), dtype=DataType::BFLOAT16, layout=Layout::TILE))
function_kwargs = {'page_table': ttnn.Tensor([[    1,     0]], shape=Shape([1, 2]), dtype=DataType::INT32, layout=Layout::ROW_MAJOR), 'update_idxs_tensor': ttnn.Tensor([   32], shape=Shape([1]), dtype=DataType::INT32, layout=Layout::ROW_MAJOR)}
cq_id = None, recording = False

    def __call__(self, *function_args, **function_kwargs):
        cq_id = None
        if "queue_id" in function_kwargs:
            cq_id = function_kwargs.pop("queue_id")
        elif "cq_id" in function_kwargs:
            cq_id = function_kwargs.pop("cq_id")

        recording = ttnn.graph.is_python_io_recording_enabled()
        if recording:
            ttnn.graph.track_function_start(self.python_fully_qualified_name)
            ttnn.graph.record_python_operation(self.python_fully_qualified_name, function_args, function_kwargs)
            input_tensors = get_all_tensors((function_args, function_kwargs))
            set_tensor_id(input_tensors)

        try:
            if cq_id is None:
>               result = self.function(*function_args, **function_kwargs)
                         ^^^^^^^^^^^^^^^^^^^^^^^^^^^^^^^^^^^^^^^^^^^^^^^^
E               RuntimeError: TT_FATAL @ /home/mvasiljevic/tt-metal/ttnn/cpp/ttnn/operations/experimental/paged_cache/device/fused_update_cache/paged_fused_update_cache_device_operation.cpp:228: !is_overlap
E               info:
E               input_tensor1 ({[0-0 - 0-0]}) and input_tensor2 ({[0-0 - 0-0]}) must not overlap
E               backtrace:
E                --- /home/mvasiljevic/tt-metal/build_Release/lib/_ttnncpp.so(+0x12e8af8) [0x77cb4bee8af8]
E                --- ttnn::experimental::prim::PagedFusedUpdateCacheDeviceOperation::validate_on_program_cache_miss(ttnn::experimental::prim::PagedFusedUpdateCacheParams const&, ttnn::experimental::prim::PagedFusedUpdateCacheInputs const&)
E                --- /home/mvasiljevic/tt-metal/build_Release/lib/_ttnncpp.so(_ZN4ttnn16device_operation6detail30create_and_cache_mesh_workloadITkNS0_22DeviceOperationConceptENS0_26MeshDeviceOperationAdapterINS_12experimental4prim36PagedFusedUpdateCacheDeviceOperationEEEEEvRKNT_22operation_attributes_tERKNS8_13tensor_args_tERNS8_21tensor_return_value_tEPN2tt8tt_metal11distributed10MeshDeviceERNSI_13program_cache6detail12ProgramCacheERKNSN_15ProgramCacheKeyE+0x2c) [0x77cb4bef801c]
E                --- /home/mvasiljevic/tt-metal/build_Release/lib/_ttnncpp.so(_ZN4ttnn16device_operation6detail29launch_operation_with_adapterITkNS0_36DeviceOperationWithMeshDeviceAdapterENS0_26MeshDeviceOperationAdapterINS_12experimental4prim36PagedFusedUpdateCacheDeviceOperationEEEEEvRKNT_22operation_attributes_tERKNS8_13tensor_args_tERNS8_21tensor_return_value_tEPN2tt8tt_metal11distributed10MeshDeviceE+0x16d) [0x77cb4bef605d]
E                --- /home/mvasiljevic/tt-metal/build_Release/lib/_ttnncpp.so(_ZN4ttnn16device_operation6detail6launchITkNS0_22DeviceOperationConceptENS_12experimental4prim36PagedFusedUpdateCacheDeviceOperationEEENT_21tensor_return_value_tERKNS6_22operation_attributes_tERKNS6_13tensor_args_tE+0x3c4) [0x77cb4bee8ec4]
E                --- ttnn::prim::paged_fused_update_cache(tt::tt_metal::Tensor const&, tt::tt_metal::Tensor const&, tt::tt_metal::Tensor const&, tt::tt_metal::Tensor const&, std::vector<unsigned int, std::allocator<unsigned int> > const&, std::optional<tt::tt_metal::Tensor const> const&, std::optional<bool>, std::optional<tt::tt_metal::Tensor const> const&, unsigned int, std::optional<ttnn::ComputeKernelConfig const>, std::optional<std::set<tt::tt_metal::distributed::MeshCoordinate, std::less<tt::tt_metal::distributed::MeshCoordinate>, std::allocator<tt::tt_metal::distributed::MeshCoordinate> > const> const&)
E                --- ttnn::experimental::paged_fused_update_cache(tt::tt_metal::Tensor const&, tt::tt_metal::Tensor const&, tt::tt_metal::Tensor const&, tt::tt_metal::Tensor const&, std::vector<unsigned int, std::allocator<unsigned int> > const&, std::optional<tt::tt_metal::Tensor const> const&, std::optional<bool>, std::optional<tt::tt_metal::Tensor const> const&, unsigned int, std::optional<ttnn::ComputeKernelConfig const>, std::optional<std::set<tt::tt_metal::distributed::MeshCoordinate, std::less<tt::tt_metal::distributed::MeshCoordinate>, std::allocator<tt::tt_metal::distributed::MeshCoordinate> > const> const&)
E                --- /home/mvasiljevic/tt-metal/ttnn/ttnn/_ttnn.so(+0x534f96) [0x77cb4cf34f96]
E                --- /home/mvasiljevic/tt-metal/ttnn/ttnn/_ttnn.so(+0x315575) [0x77cb4cd15575]
E                --- python() [0x1ac8a22]
E                --- python() [0x18c68da]
E                --- python(_PyEval_EvalFrameDefault+0x65cb) [0x181940b]
E                --- python() [0x1ac8a22]
E                --- python() [0x18c68da]
E                --- python(_PyEval_EvalFrameDefault+0x2fa8) [0x1815de8]
E                --- python() [0x1ac8a22]
E                --- python() [0x18c68da]
E                --- python(_PyEval_EvalFrameDefault+0x2fa8) [0x1815de8]
E                --- python() [0x1ac8a22]
E                --- python() [0x18c68da]
E                --- python(_PyEval_EvalFrameDefault+0x65cb) [0x181940b]
E                --- python() [0x1ac8a22]
E                --- python() [0x18c68da]
E                --- python(_PyEval_EvalFrameDefault+0x2fa8) [0x1815de8]
E                --- python() [0x1ac8a22]
E                --- python() [0x18c68da]
E                --- python(_PyEval_EvalFrameDefault+0x2fa8) [0x1815de8]
E                --- python() [0x1ac8a22]
E                --- python() [0x18c68da]
E                --- python(_PyEval_EvalFrameDefault+0x2fa8) [0x1815de8]
E                --- python(PyEval_EvalCode+0xde) [0x18931a0]
E                --- python() [0x1894a8c]
E                --- python() [0x1824b7f]
E                --- python(_PyEval_EvalFrameDefault+0x3133) [0x1815f73]
E                --- python() [0x198cd22]
E                --- python(Py_RunMain+0x345) [0x198c605]
E                --- python() [0x198c298]
E                --- python() [0x198c0ac]
E                --- /lib/x86_64-linux-gnu/libc.so.6(+0x2a1ca) [0x77cb934281ca]
E                --- /lib/x86_64-linux-gnu/libc.so.6(__libc_start_main+0x8b) [0x77cb9342828b]
E                --- python(_start+0x29) [0x19a4a69]

ttnn/ttnn/decorators.py:473: RuntimeError
------------------------------ Captured log call -------------------------------
WARNING  transformers_modules.microsoft.Phi_hyphen_3_dot_5_hyphen_mini_hyphen_instruct.2fe192450127e6a83f7441aef6e3ca586c338b77.modeling_phi3:modeling_phi3.py:62 `flash-attention` package not found, consider installing for better performance: No module named 'flash_attn'.
WARNING  transformers_modules.microsoft.Phi_hyphen_3_dot_5_hyphen_mini_hyphen_instruct.2fe192450127e6a83f7441aef6e3ca586c338b77.modeling_phi3:modeling_phi3.py:66 Current `flash-attention` does not support `window_size`. Either upgrade or use `attn_implementation='eager'`.
WARNING  transformers_modules.microsoft.Phi_hyphen_3_dot_5_hyphen_mini_hyphen_instruct.2fe192450127e6a83f7441aef6e3ca586c338b77.modeling_phi3:logging.py:340 You are not running the flash-attention implementation, expect numerical differences.
- generated xml file: /home/mvasiljevic/tt-metal/generated/test_reports/most_recent_tests.xml -
============================== slowest durations ===============================
3.67s call     models/autoports/microsoft_phi_3_5_mini_instruct/tests/test_optimized_decoder.py::test_optimized_dense_layer_synthetic_prefill_decode_pcc_and_traced_decode
1.57s setup    models/autoports/microsoft_phi_3_5_mini_instruct/tests/test_optimized_decoder.py::test_optimized_dense_layer_synthetic_prefill_decode_pcc_and_traced_decode
0.11s teardown models/autoports/microsoft_phi_3_5_mini_instruct/tests/test_optimized_decoder.py::test_optimized_dense_layer_synthetic_prefill_decode_pcc_and_traced_decode
=========================== short test summary info ============================
FAILED models/autoports/microsoft_phi_3_5_mini_instruct/tests/test_optimized_decoder.py::test_optimized_dense_layer_synthetic_prefill_decode_pcc_and_traced_decode
======================= 1 failed, 9 deselected in 5.94s ========================
nanobind: leaked 2 instances!
 - leaked instance 0x77caffd2d098 of type "ttnn._ttnn.tensor.CoreRangeSet"
 - leaked instance 0x77caff5b0108 of type "ttnn._ttnn.tensor.MemoryConfig"
nanobind: leaked 20 types!
 - leaked type "ttnn._ttnn.operations.matmul.MatmulMultiCoreReuseMultiCast1DProgramConfig"
 - leaked type "ttnn._ttnn.operations.matmul.MatmulInputs"
 - leaked type "ttnn._ttnn.operations.matmul.MatmulMultiCoreReuseMultiCastBatchedDRAMShardedProgramConfig"
 - leaked type "BufferType"
 - leaked type "UnaryOpType"
 - leaked type "Layout"
 - leaked type "ttnn._ttnn.operations.matmul.MatmulMultiCoreReuseOptimizedProgramFactory"
 - leaked type "Arch"
 - leaked type "ttnn._ttnn.operations.matmul.MatmulParams"
 - leaked type "ttnn._ttnn.tensor.CoreRangeSet"
 - ... skipped remainder
nanobind: leaked 247 functions!
 - leaked function "buffer_page_size"
 - leaked function "get_num_devices"
 - leaked function "dram_grid_size"
 - leaked function ""
 - leaked function ""
 - leaked function "to_torch_with_padded_shape"
 - leaked function "to_json"
 - leaked function ""
 - leaked function ""
 - leaked function ""
 - ... skipped remainder
nanobind: this is likely caused by a reference counting issue in the binding code.
See https://nanobind.readthedocs.io/en/latest/refleaks.html2026-07-29 15:07:54.228 | info     |    BuildKernels | JIT cache stats: 141/141 hits (100.0%) [141 cached, 41 build-once dedup, 0 merged artifacts, 0 merged genfiles] (build_cache_telemetry.cpp:207)
2026-07-29 15:07:54.228 | info     |    BuildKernels | JIT telemetry: 3 registered TelemetryTokens (build_cache_telemetry.cpp:230)
2026-07-29 15:07:54.239 | info     |          Device | Closing user mode device drivers (tt_cluster.cpp:512)
2026-07-29 15:07:54.239 | info     |             UMD | Closing devices in cluster (cluster.cpp:1037)
2026-07-29 15:07:54.716 | info     |             UMD | Closing devices in cluster completed. (cluster.cpp:1046)
2026-07-29 15:07:54.717 | info     |             UMD | Cluster destructor started. (cluster.cpp:754)
2026-07-29 15:07:54.717 | info     |             UMD | Cluster destructor completed. (cluster.cpp:757)
