2026-08-13 21:18:06.153 | DEBUG    | ttnn:<module>:78 - Initial ttnn.CONFIG:
Config{cache_path=/home/raahem/.cache/ttnn,model_cache_path=/home/raahem/.cache/ttnn/models,tmp_dir=/tmp/ttnn,enable_model_cache=false,enable_fast_runtime_mode=true,validate_program_args=false,throw_exception_on_fallback=false,enable_logging=false,enable_graph_report=false,enable_graph_python_stack_traces=false,enable_detailed_buffer_report=false,enable_detailed_tensor_report=false,enable_comparison_mode=false,comparison_mode_should_raise_exception=false,comparison_mode_pcc=0.9999,root_report_path=generated/ttnn/reports,report_name=std::nullopt,std::nullopt}
2026-08-13 21:18:06.187 | info     |          Device | Opening user mode device driver (tt_cluster.cpp:228)
2026-08-13 21:18:06.187 | info     |             UMD | Cluster constructor started. (cluster.cpp:389)
2026-08-13 21:18:06.187 | info     |             UMD | Creating TopologyDiscovery for architecture: blackhole (topology_discovery.cpp:96)
2026-08-13 21:18:06.187 | info     |             UMD | Starting topology discovery. (topology_discovery.cpp:115)
2026-08-13 21:18:06.198 | info     |             UMD | Established firmware bundle version: 19.8.99 (topology_discovery.cpp:575)
2026-08-13 21:18:06.198 | info     |             UMD | Completed topology discovery. (topology_discovery.cpp:119)
2026-08-13 21:18:06.277 | info     |             UMD | Opening local chip ids/PCIe ids: {0, 1, 2, 3}/[0, 1, 2, 3] and remote chip ids {} (cluster.cpp:173)
2026-08-13 21:18:06.277 | info     |             UMD | IOMMU: enabled (cluster.cpp:147)
2026-08-13 21:18:06.277 | info     |             UMD | KMD version: 2.10.0 (cluster.cpp:150)
2026-08-13 21:18:06.277 | info     |             UMD | Cluster constructor completed. (cluster.cpp:648)
2026-08-13 21:18:06.278 | info     |             UMD | Starting devices in cluster (cluster.cpp:1184)
2026-08-13 21:18:06.464 | info     |             UMD | Starting devices in cluster completed. (cluster.cpp:1192)
2026-08-13 21:18:06.591 | info     |     Distributed | Using auto discovery to generate mesh graph. (metal_env.cpp:437)
2026-08-13 21:18:06.591 | info     |     Distributed | Constructing control plane using auto-discovery (no mesh graph descriptor). (metal_env.cpp:499)
2026-08-13 21:18:06.591 | warning  |          Always | Unknown motherboard 'B850M-C' for chip_id=0 (bus_id=0x1) — falling back to bus_id as tray_id. Add this motherboard and its bus IDs to mobo_to_bus_ids in physical_system_discovery.cpp. (physical_system_discovery.cpp:119)
2026-08-13 21:18:06.591 | info     |          Fabric | Logical multi-mesh adjacency: intermesh degree histogram {0:1}; intra-mesh degree histograms mesh0 {2:4} (topology_mapper_utils.cpp:3329)
2026-08-13 21:18:06.591 | info     |          Fabric | Physical multi-mesh adjacency: intermesh degree histogram {0:1}; intra-mesh degree histograms mesh0 {2:4} (topology_mapper_utils.cpp:3337)
P|norm interleaved (shipped)               19.80 us
P|norm sharded  8 cores                   4.27 us  (+i2s 0.53 +s2i 0.53 = 5.33)  max|diff| 1.562e-02
P|norm sharded 16 cores                   4.14 us  (+i2s 0.75 +s2i 0.76 = 5.65)  max|diff| 1.562e-02
P|norm sharded 32 cores                   3.93 us  (+i2s 1.37 +s2i 1.36 = 6.66)  max|diff| 1.562e-02
P|norm sharded 64 cores                   4.42 us  (+i2s 2.49 +s2i 2.48 = 9.40)  max|diff| 1.562e-02
P|router matmul interleaved (shipped)      24.62 us
P|router matmul in0 L1 wsh  4 cores        4.30 us  max|diff| 0.000e+00
P|router matmul in0 L1 wsh  8 cores        5.85 us  max|diff| 0.000e+00
P|router matmul DRAM-sharded N=256 fp32 bf16 w      7.37 us (+s2i 0.45)  max|diff| 6.873e-02
P|router matmul DRAM-sharded N=256 fp32 bfp8 w      7.40 us (+s2i 0.50)  max|diff| 5.028e-02
P|router matmul DRAM-sharded N=256 bf16 bf16 w      7.34 us (+s2i 0.51)  max|diff| 6.525e-02
P|router matmul DRAM-sharded N=256 bf16 bfp8 w      7.39 us (+s2i 0.51)  max|diff| 5.205e-02
P|topk k=8 sorted=True                   33.81 us
P|topk k=8 sorted=False                   33.78 us
P|topk bf16 input                          31.81 us
P|done
nanobind: leaked 1 instances!
 - leaked instance 0x7722fd65e2f8 of type "ttnn._ttnn.tensor.CoreRangeSet"
nanobind: leaked 42 types!
 - leaked type "DispatchCoreAxis"
 - leaked type "ttnn._ttnn.device.SubDeviceManagerId"
 - leaked type "MathFidelity"
 - leaked type "ttnn._ttnn.operations.matmul.MatmulMultiCoreReuseMultiCast1DProgramConfig"
 - leaked type "ttnn._ttnn.types.Shape"
 - leaked type "ttnn._ttnn.operations.matmul.MatmulInputs"
 - leaked type "ttnn._ttnn.operations.matmul.MatmulMultiCoreReuseMultiCastBatchedDRAMShardedProgramConfig"
 - leaked type "BufferType"
 - leaked type "UnaryOpType"
 - leaked type "Layout"
 - ... skipped remainder
nanobind: leaked 347 functions!
 - leaked function "__eq__"
 - leaked function ""
 - leaked function ""
 - leaked function "item"
 - leaked function "get_submeshes"
 - leaked function ""
 - leaked function "sharded_across_dims"
 - leaked function ""
 - leaked function "get_l1_alignment"
 - leaked function "__init__"
 - ... skipped remainder
nanobind: this is likely caused by a reference counting issue in the binding code.
See https://nanobind.readthedocs.io/en/latest/refleaks.html2026-08-13 21:18:15.576 | info     |    BuildKernels | JIT cache stats: 75/166 hits (45.2%) [75 cached, 42 build-once dedup, 0 merged artifacts, 0 merged genfiles] (build_cache_telemetry.cpp:207)
2026-08-13 21:18:15.576 | info     |    BuildKernels | JIT telemetry: 3 registered TelemetryTokens (build_cache_telemetry.cpp:230)
2026-08-13 21:18:15.588 | info     |          Device | Closing user mode device drivers (tt_cluster.cpp:513)
2026-08-13 21:18:15.588 | info     |             UMD | Closing devices in cluster (cluster.cpp:1197)
2026-08-13 21:18:16.049 | info     |             UMD | Closing devices in cluster completed. (cluster.cpp:1206)
2026-08-13 21:18:16.049 | info     |             UMD | Cluster destructor started. (cluster.cpp:912)
2026-08-13 21:18:16.049 | info     |             UMD | Cluster destructor completed. (cluster.cpp:915)
