2026-08-12 15:36:50.046 | DEBUG    | ttnn:<module>:79 - Initial ttnn.CONFIG:
Config{cache_path=/home/mvasiljevic/.cache/ttnn,model_cache_path=/home/mvasiljevic/.cache/ttnn/models,tmp_dir=/tmp/ttnn,enable_model_cache=false,enable_fast_runtime_mode=true,throw_exception_on_fallback=false,enable_logging=false,enable_graph_report=false,enable_graph_python_stack_traces=false,enable_detailed_buffer_report=false,enable_detailed_tensor_report=false,enable_comparison_mode=false,comparison_mode_should_raise_exception=false,comparison_mode_pcc=0.9999,root_report_path=generated/ttnn/reports,report_name=std::nullopt,std::nullopt}
2026-08-12 15:36:50.080 | info     |          Device | Opening user mode device driver (tt_cluster.cpp:228)
2026-08-12 15:36:50.080 | info     |             UMD | Cluster constructor started. (cluster.cpp:348)
2026-08-12 15:36:50.080 | info     |             UMD | Creating TopologyDiscovery for architecture: blackhole (topology_discovery.cpp:91)
2026-08-12 15:36:50.080 | info     |             UMD | Starting topology discovery. (topology_discovery.cpp:110)
2026-08-12 15:36:50.082 | info     |             UMD | Established firmware bundle version: 19.9.0 (topology_discovery.cpp:569)
2026-08-12 15:36:50.082 | info     |             UMD | Firmware bundle version 19.9.0 on the system is newer than the latest fully tested version 19.5.0 for blackhole architecture. Newest features may not be supported. (topology_discovery.cpp:601)
2026-08-12 15:36:50.085 | info     |             UMD | Completed topology discovery. (topology_discovery.cpp:114)
2026-08-12 15:36:50.163 | info     |             UMD | Opening local chip ids/PCIe ids: {0, 1, 2, 3}/[0, 1, 2, 3] and remote chip ids {} (cluster.cpp:168)
2026-08-12 15:36:50.163 | info     |             UMD | IOMMU: enabled (cluster.cpp:142)
2026-08-12 15:36:50.163 | info     |             UMD | KMD version: 2.10.0 (cluster.cpp:145)
2026-08-12 15:36:50.163 | info     |             UMD | Cluster constructor completed. (cluster.cpp:520)
2026-08-12 15:36:50.165 | info     |             UMD | Starting devices in cluster (cluster.cpp:1024)
2026-08-12 15:36:50.347 | info     |             UMD | Starting devices in cluster completed. (cluster.cpp:1032)
2026-08-12 15:36:50.473 | info     |     Distributed | Using auto discovery to generate mesh graph. (metal_env.cpp:367)
2026-08-12 15:36:50.473 | info     |     Distributed | Constructing control plane using auto-discovery (no mesh graph descriptor). (metal_env.cpp:429)
2026-08-12 15:36:50.473 | warning  |          Always | Unknown motherboard 'B850M-C' for chip_id=0 (bus_id=0x1) — falling back to bus_id as tray_id. Add this motherboard and its bus IDs to mobo_to_bus_ids in physical_system_discovery.cpp. (physical_system_discovery.cpp:89)
2026-08-12 15:36:50.473 | warning  |          Always | Unknown motherboard 'B850M-C' for chip_id=1 (bus_id=0x2) — falling back to bus_id as tray_id. Add this motherboard and its bus IDs to mobo_to_bus_ids in physical_system_discovery.cpp. (physical_system_discovery.cpp:89)
2026-08-12 15:36:50.473 | warning  |          Always | Unknown motherboard 'B850M-C' for chip_id=2 (bus_id=0x3) — falling back to bus_id as tray_id. Add this motherboard and its bus IDs to mobo_to_bus_ids in physical_system_discovery.cpp. (physical_system_discovery.cpp:89)
2026-08-12 15:36:50.473 | warning  |          Always | Unknown motherboard 'B850M-C' for chip_id=3 (bus_id=0x4) — falling back to bus_id as tray_id. Add this motherboard and its bus IDs to mobo_to_bus_ids in physical_system_discovery.cpp. (physical_system_discovery.cpp:89)
2026-08-12 15:36:50.473 | warning  |          Always | Unknown motherboard 'B850M-C' for chip_id=1 (bus_id=0x2) — falling back to bus_id as tray_id. Add this motherboard and its bus IDs to mobo_to_bus_ids in physical_system_discovery.cpp. (physical_system_discovery.cpp:89)
2026-08-12 15:36:50.473 | warning  |          Always | Unknown motherboard 'B850M-C' for chip_id=0 (bus_id=0x1) — falling back to bus_id as tray_id. Add this motherboard and its bus IDs to mobo_to_bus_ids in physical_system_discovery.cpp. (physical_system_discovery.cpp:89)
2026-08-12 15:36:50.473 | warning  |          Always | Unknown motherboard 'B850M-C' for chip_id=2 (bus_id=0x3) — falling back to bus_id as tray_id. Add this motherboard and its bus IDs to mobo_to_bus_ids in physical_system_discovery.cpp. (physical_system_discovery.cpp:89)
2026-08-12 15:36:50.473 | warning  |          Always | Unknown motherboard 'B850M-C' for chip_id=3 (bus_id=0x4) — falling back to bus_id as tray_id. Add this motherboard and its bus IDs to mobo_to_bus_ids in physical_system_discovery.cpp. (physical_system_discovery.cpp:89)
2026-08-12 15:36:50.473 | info     |          Fabric | Logical multi-mesh adjacency: intermesh degree histogram {0:1}; intra-mesh degree histograms mesh0 {2:4} (topology_mapper_utils.cpp:2342)
2026-08-12 15:36:50.473 | info     |          Fabric | Physical multi-mesh adjacency: intermesh degree histogram {0:1}; intra-mesh degree histograms mesh0 {2:4} (topology_mapper_utils.cpp:2350)
2026-08-12 15:36:50.473 | DEBUG    | ttnn.device:__init__:152 - Using default dispatch core type for this system: DispatchCoreType.WORKER
2026-08-12 15:36:50.474 | DEBUG    | ttnn.device:__init__:154 - Using default dispatch core axis for this system: DispatchCoreAxis.COL
2026-08-12 15:36:50.479 | info     |    BuildKernels | Using pre-compiled firmware from: /home/mvasiljevic/tt-metal/tt_metal/pre-compiled/13793420398762238087/ (build_env_manager.cpp:347)
2026-08-12 15:36:50.479 | info     |    BuildKernels | Using pre-compiled firmware from: /home/mvasiljevic/tt-metal/tt_metal/pre-compiled/13793420398762238087/ (build_env_manager.cpp:347)
2026-08-12 15:36:50.479 | info     |    BuildKernels | Using pre-compiled firmware from: /home/mvasiljevic/tt-metal/tt_metal/pre-compiled/13793420398762238087/ (build_env_manager.cpp:347)
2026-08-12 15:36:50.479 | info     |    BuildKernels | Using pre-compiled firmware from: /home/mvasiljevic/tt-metal/tt_metal/pre-compiled/13793420398762238087/ (build_env_manager.cpp:347)
2026-08-12 15:36:50.513 | info     |           Metal | Initializing Fabric (fabric_firmware_initializer.cpp:288)
2026-08-12 15:36:50.532 | info     |           Metal | Fabric initialized on Device 0 (device.cpp:429)
2026-08-12 15:36:50.533 | info     |           Metal | Fabric initialized on Device 1 (device.cpp:429)
2026-08-12 15:36:50.534 | info     |           Metal | Fabric initialized on Device 2 (device.cpp:429)
2026-08-12 15:36:50.534 | info     |           Metal | Fabric initialized on Device 3 (device.cpp:429)
2026-08-12 15:36:50.534 | info     |           Metal | Fabric initialized on 4 devices (fabric_firmware_initializer.cpp:435)
2026-08-12 15:36:50.534 | info     |           Metal | Fabric Initialized with config FabricConfig::FABRIC_1D (fabric_firmware_initializer.cpp:305)
2026-08-12 15:36:50.573 | info     |           Metal | ShmResourceTracker: removed orphaned shm '/tt_device_154095680356416_memory' (shm_resource_tracker.cpp:282)
2026-08-12 15:36:50.573 | info     |           Metal | ShmResourceTracker: removed orphaned shm '/tt_device_154095680356417_memory' (shm_resource_tracker.cpp:282)
2026-08-12 15:36:50.573 | info     |           Metal | ShmResourceTracker: removed orphaned shm '/tt_device_154095680357760_memory' (shm_resource_tracker.cpp:282)
2026-08-12 15:36:50.573 | info     |           Metal | ShmResourceTracker: removed orphaned shm '/tt_device_154095680357761_memory' (shm_resource_tracker.cpp:282)
2026-08-12 15:36:51.152 | info     |           Metal | [Real-time profiler] Device 3 sync complete: 100 samples, frequency=1.349988 GHz, device_time_at_sync=661929228592 cycles (realtime_profiler_manager.cpp:1127)
2026-08-12 15:36:51.152 | info     |           Metal | [Real-time profiler] Device 1 sync complete: 100 samples, frequency=1.349981 GHz, device_time_at_sync=661673705084 cycles (realtime_profiler_manager.cpp:1127)
2026-08-12 15:36:51.153 | info     |           Metal | [Real-time profiler] Device 0 sync complete: 100 samples, frequency=1.349969 GHz, device_time_at_sync=692201396120 cycles (realtime_profiler_manager.cpp:1127)
2026-08-12 15:36:51.153 | info     |           Metal | [Real-time profiler] Device 2 sync complete: 100 samples, frequency=1.349992 GHz, device_time_at_sync=661807911073 cycles (realtime_profiler_manager.cpp:1127)
entry[0]             top1=0.990 (99/100)  top5=1.000 (100/100)  top100=1.000 (100/100)
AGGREGATE            top1=0.990 (99/100)  top5=1.000 (100/100)  top100=1.000 (100/100)
nanobind: leaked 1 instances!
 - leaked instance 0x782b73942448 of type "ttnn._ttnn.tensor.CoreRangeSet"
nanobind: leaked 24 types!
 - leaked type "MathFidelity"
 - leaked type "ttnn._ttnn.operations.matmul.MatmulMultiCoreReuseMultiCast1DProgramConfig"
 - leaked type "ttnn._ttnn.operations.matmul.MatmulInputs"
 - leaked type "ttnn._ttnn.multi_device.MeshMapperConfig"
 - leaked type "ttnn._ttnn.operations.matmul.MatmulMultiCoreReuseMultiCastBatchedDRAMShardedProgramConfig"
 - leaked type "BufferType"
 - leaked type "UnaryOpType"
 - leaked type "Layout"
 - leaked type "ttnn._ttnn.operations.matmul.MatmulMultiCoreReuseOptimizedProgramFactory"
 - leaked type "ttnn._ttnn.operations.matmul.MatmulParams"
 - ... skipped remainder
nanobind: leaked 263 functions!
 - leaked function "__init__"
 - leaked function ""
 - leaked function "get_fabric_node_id"
 - leaked function "is_allocated"
 - leaked function ""
 - leaked function ""
 - leaked function "remove_sub_device_manager"
 - leaked function "__init__"
 - leaked function ""
 - leaked function "pop_current_command_queue_id_for_thread"
 - ... skipped remainder
nanobind: this is likely caused by a reference counting issue in the binding code.
See https://nanobind.readthedocs.io/en/latest/refleaks.html2026-08-12 15:44:43.830 | info     |    BuildKernels | JIT cache stats: 131/203 hits (64.5%) [131 cached, 83 build-once dedup, 0 merged artifacts, 0 merged genfiles] (build_cache_telemetry.cpp:207)
2026-08-12 15:44:43.830 | info     |    BuildKernels | JIT telemetry: 3 registered TelemetryTokens (build_cache_telemetry.cpp:230)
2026-08-12 15:44:43.842 | info     |          Device | Closing user mode device drivers (tt_cluster.cpp:512)
2026-08-12 15:44:43.842 | info     |             UMD | Closing devices in cluster (cluster.cpp:1037)
2026-08-12 15:44:44.430 | info     |             UMD | Closing devices in cluster completed. (cluster.cpp:1046)
2026-08-12 15:44:44.430 | info     |             UMD | Cluster destructor started. (cluster.cpp:754)
2026-08-12 15:44:44.430 | info     |             UMD | Cluster destructor completed. (cluster.cpp:757)
