2026-08-17 12:26:29.730 | INFO     | __main__:main:412 - Using port 8086
2026-08-17 12:26:29.730 | INFO     | tracy:run_report_setup:91 - Verifying tracy profiling tools
2026-08-17 12:26:29.733 | INFO     | tracy:run_report_setup:112 - Capture command: ('/home/nachiket/tt-metal/build/tools/profiler/bin/tracy-capture -o /home/nachiket/tt-metal/generated/profiler/.logs/tracy_profile_log_host.tracy -f -p 8086',)
Connecting to 127.0.0.1:8086...2026-08-17 12:26:29.745 | INFO     | __main__:main:430 - Test process started
2026-08-17 12:26:30.792 | DEBUG    | ttnn:<module>:78 - Initial ttnn.CONFIG:
Config{cache_path=/home/nachiket/.cache/ttnn,model_cache_path=/home/nachiket/.cache/ttnn/models,tmp_dir=/tmp/ttnn,enable_model_cache=false,enable_fast_runtime_mode=true,validate_program_args=false,throw_exception_on_fallback=false,enable_logging=false,enable_graph_report=false,enable_graph_python_stack_traces=false,enable_detailed_buffer_report=false,enable_detailed_tensor_report=false,enable_comparison_mode=false,comparison_mode_should_raise_exception=false,comparison_mode_pcc=0.9999,root_report_path=generated/ttnn/reports,report_name=std::nullopt,std::nullopt}
2026-08-17 12:26:31.438 | info     |          Device | Opening user mode device driver (tt_cluster.cpp:228)
2026-08-17 12:26:31.438 | info     |             UMD | Cluster constructor started. (cluster.cpp:389)
2026-08-17 12:26:31.438 | info     |             UMD | Creating TopologyDiscovery for architecture: blackhole (topology_discovery.cpp:96)
2026-08-17 12:26:31.438 | info     |             UMD | Starting topology discovery. (topology_discovery.cpp:115)
2026-08-17 12:26:31.439 | warning  |             UMD | Setting power state failed on device 0: Invalid argument (pci_device.cpp:1090)
2026-08-17 12:26:31.439 | info     |             UMD | Established firmware bundle version: 18.8.0 (topology_discovery.cpp:575)
2026-08-17 12:26:31.439 | info     |             UMD | Completed topology discovery. (topology_discovery.cpp:119)
2026-08-17 12:26:31.475 | warning  |             UMD | Setting power state failed on device 0: Invalid argument (pci_device.cpp:1090)
2026-08-17 12:26:31.475 | info     |             UMD | Opening local chip ids/PCIe ids: {0}/[0] and remote chip ids {} (cluster.cpp:173)
2026-08-17 12:26:31.475 | info     |             UMD | IOMMU: disabled (cluster.cpp:147)
2026-08-17 12:26:31.475 | info     |             UMD | KMD version: 2.9.0 (cluster.cpp:150)
2026-08-17 12:26:31.475 | info     |             UMD | Cluster constructor completed. (cluster.cpp:648)
2026-08-17 12:26:31.476 | info     |             UMD | Starting devices in cluster (cluster.cpp:1188)
2026-08-17 12:26:31.490 | info     |             UMD | Starting devices in cluster completed. (cluster.cpp:1196)
2026-08-17 12:26:31.632 | info     |     Distributed | Using auto discovery to generate mesh graph. (metal_env.cpp:437)
2026-08-17 12:26:31.632 | info     |     Distributed | Constructing control plane using auto-discovery (no mesh graph descriptor). (metal_env.cpp:499)
2026-08-17 12:26:31.632 | warning  |          Always | Unknown motherboard 'ROG STRIX X670E-E GAMING WIFI' for chip_id=0 (bus_id=0x1) — falling back to bus_id as tray_id. Add this motherboard and its bus IDs to mobo_to_bus_ids in physical_system_discovery.cpp. (physical_system_discovery.cpp:119)
2026-08-17 12:26:31.632 | info     |          Fabric | Logical multi-mesh adjacency: intermesh degree histogram {0:1}; intra-mesh degree histograms mesh0 {0:1} (topology_mapper_utils.cpp:3329)
2026-08-17 12:26:31.632 | info     |          Fabric | Physical multi-mesh adjacency: intermesh degree histogram {0:1}; intra-mesh degree histograms mesh0 {0:1} (topology_mapper_utils.cpp:3337)
2026-08-17 12:26:31.665 | info     |           Metal | Profiler started on device 0 (profiler_initializer.cpp:49)
Building brisc, compile step:
/home/nachiket/tt-metal/runtime/sfpi/compiler/bin/riscv-tt-elf-g++ -O2 -std=c++17 -ftt-nttp -ftt-constinit -ftt-consteval -ftt-no-dyninit -flto=auto -ffast-math -fno-finite-math-only -fsigned-zeros -fno-associative-math -fno-exceptions -fno-rtti -fno-use-cxa-atexit -g -MMD -Wall -Werror -Wno-error=deprecated-declarations -Wno-error=multistatement-macros -Wno-error=parentheses -Wno-error=unused-but-set-variable -Wno-unused-variable -Wno-unused-function -mcpu=tt-bh -fno-tree-loop-distribute-patterns -I. -I.. -I/home/nachiket/tt-metal/ -I/home/nachiket/tt-metal/ttnn -I/home/nachiket/tt-metal/ttnn/cpp -I/home/nachiket/tt-metal/tt_metal -I/home/nachiket/tt-metal/tt_metal/hw/inc -I/home/nachiket/tt-metal/tt_metal/tt-llk/common -I/home/nachiket/tt-metal/tt_metal/hostdevcommon/api -I/home/nachiket/tt-metal/tt_metal/api/ -I/home/nachiket/tt-metal/tt_metal/hw/ckernels/blackhole/metal/common -I/home/nachiket/tt-metal/tt_metal/hw/ckernels/blackhole/metal/llk_io -I/home/nachiket/tt-metal/tt_metal/hw/inc/internal/tt-1xx -I/home/nachiket/tt-metal/tt_metal/hw/inc/internal/tt-1xx/blackhole -I/home/nachiket/tt-metal/tt_metal/hw/inc/internal/tt-1xx/blackhole/blackhole_defines -I/home/nachiket/tt-metal/tt_metal/hw/inc/internal/tt-1xx/blackhole/noc -I/home/nachiket/tt-metal/tt_metal/tt-llk/tt_llk_blackhole/common/inc -I/home/nachiket/tt-metal/tt_metal/tt-llk/tt_llk_blackhole/llk_lib -I/home/nachiket/tt-metal/tt_metal/hw/firmware/src/tt-1xx -I/home/nachiket/tt-metal/ttnn/cpp/ttnn/operations/data_movement/untilize/codegen/kernels -DIS_NOT_POW2_NUM_L1_BANKS=1 -DLOG_BASE_2_OF_NUM_DRAM_BANKS=3 -DNUM_DRAM_BANKS=8 -DNUM_L1_BANKS=130 -DPCIE_NOC_X=19 -DPCIE_NOC_Y=24 -DTENSIX_FIRMWARE -DLOCAL_MEM_EN=0 -DPROFILE_KERNEL=1 -DPROFILER_FULL_HOST_BUFFER_SIZE_PER_RISC=48000 -DPROCESSOR_INDEX=0 -DCOMPILE_FOR_BRISC -DPROGRAMMABLE_CORE_TYPE=0 -DARCH_BLACKHOLE -DDISPATCH_MESSAGE_ADDR=4290184248 -DKERNEL_BUILD -DNOC_INDEX=1 -DNOC_MODE=0 -DFULL_KERNEL_NAME="writer_untilize_col_parallel/5810251710098909427/" -DKERNEL_COMPILE_TIME_ARGS=16,128256,2,128256 -c -o /home/nachiket/.cache/tt-metal-cache/7512037380320502535/kernels/writer_untilize_col_parallel/5810251710098909427/brisc/brisck.14661642531035177811_221067.o /home/nachiket/tt-metal/tt_metal/hw/firmware/src/tt-1xx/brisck.cc -MF /home/nachiket/.cache/tt-metal-cache/7512037380320502535/kernels/writer_untilize_col_parallel/5810251710098909427/brisc/brisck.14661642531035177811_221067.d
In file included from /home/nachiket/tt-metal/tt_metal/hw/inc/api/dataflow/dataflow_api.h:27,
                 from /home/nachiket/tt-metal/tt_metal/hw/inc/internal/firmware_common.h:24,
                 from /home/nachiket/tt-metal/tt_metal/hw/firmware/src/tt-1xx/brisck.cc:17:
/home/nachiket/tt-metal/tt_metal/tools/profiler/kernel_profiler.hpp: In function 'void kernel_profiler::finish_profiler(bool)':
/home/nachiket/tt-metal/tt_metal/tools/profiler/kernel_profiler.hpp:31:22: note: '#pragma message: PROFILER-NOC-FLUSH,/home/nachiket/tt-metal/tt_metal/tools/profiler/kernel_profiler.hpp,480,KERNEL_PROFILER'
   31 | #define DO_PRAGMA(x) _Pragma(#x)
      |                      ^~~~~~~
/home/nachiket/tt-metal/tt_metal/tools/profiler/kernel_profiler.hpp:41:5: note: in expansion of macro 'DO_PRAGMA'
   41 |     DO_PRAGMA(message(PROFILER_MSG_NAME(name))); \
      |     ^~~~~~~~~
/home/nachiket/tt-metal/tt_metal/tools/profiler/kernel_profiler.hpp:480:17: note: in expansion of macro 'SrcLocNameToHash'
  480 |                 SrcLocNameToHash("PROFILER-NOC-FLUSH");
      |                 ^~~~~~~~~~~~~~~~
/home/nachiket/tt-metal/tt_metal/tools/profiler/kernel_profiler.hpp:31:22: note: '#pragma message: PROFILER-DRAM-PUSH,/home/nachiket/tt-metal/tt_metal/tools/profiler/kernel_profiler.hpp,489,KERNEL_PROFILER'
   31 | #define DO_PRAGMA(x) _Pragma(#x)
      |                      ^~~~~~~
/home/nachiket/tt-metal/tt_metal/tools/profiler/kernel_profiler.hpp:41:5: note: in expansion of macro 'DO_PRAGMA'
   41 |     DO_PRAGMA(message(PROFILER_MSG_NAME(name))); \
      |     ^~~~~~~~~
/home/nachiket/tt-metal/tt_metal/tools/profiler/kernel_profiler.hpp:489:17: note: in expansion of macro 'SrcLocNameToHash'
  489 |                 SrcLocNameToHash("PROFILER-DRAM-PUSH");
      |                 ^~~~~~~~~~~~~~~~
/home/nachiket/tt-metal/tt_metal/tools/profiler/kernel_profiler.hpp: In function 'void kernel_profiler::quick_push()':
/home/nachiket/tt-metal/tt_metal/tools/profiler/kernel_profiler.hpp:31:22: note: '#pragma message: PROFILER-NOC-QUICK-PUSH,/home/nachiket/tt-metal/tt_metal/tools/profiler/kernel_profiler.hpp,632,KERNEL_PROFILER'
   31 | #define DO_PRAGMA(x) _Pragma(#x)
      |                      ^~~~~~~
/home/nachiket/tt-metal/tt_metal/tools/profiler/kernel_profiler.hpp:41:5: note: in expansion of macro 'DO_PRAGMA'
   41 |     DO_PRAGMA(message(PROFILER_MSG_NAME(name))); \
      |     ^~~~~~~~~
/home/nachiket/tt-metal/tt_metal/tools/profiler/kernel_profiler.hpp:632:5: note: in expansion of macro 'SrcLocNameToHash'
  632 |     SrcLocNameToHash("PROFILER-NOC-QUICK-PUSH");
      |     ^~~~~~~~~~~~~~~~
/home/nachiket/tt-metal/tt_metal/hw/firmware/src/tt-1xx/brisck.cc: In function 'uint32_t _start()':
/home/nachiket/tt-metal/tt_metal/tools/profiler/kernel_profiler.hpp:31:22: note: '#pragma message: BRISC-KERNEL,/home/nachiket/tt-metal/tt_metal/hw/firmware/src/tt-1xx/brisck.cc,78,KERNEL_PROFILER'
   31 | #define DO_PRAGMA(x) _Pragma(#x)
      |                      ^~~~~~~
/home/nachiket/tt-metal/tt_metal/tools/profiler/kernel_profiler.hpp:1045:5: note: in expansion of macro 'DO_PRAGMA'
 1045 |     DO_PRAGMA(message(PROFILER_MSG_NAME(name)));                               \
      |     ^~~~~~~~~
/home/nachiket/tt-metal/tt_metal/hw/firmware/src/tt-1xx/brisck.cc:78:9: note: in expansion of macro 'DeviceZoneScopedMainChildN'
   78 |         DeviceZoneScopedMainChildN("BRISC-KERNEL");
      |         ^~~~~~~~~~~~~~~~~~~~~~~~~~
Building ncrisc, compile step:
/home/nachiket/tt-metal/runtime/sfpi/compiler/bin/riscv-tt-elf-g++ -O2 -std=c++17 -ftt-nttp -ftt-constinit -ftt-consteval -ftt-no-dyninit -flto=auto -ffast-math -fno-finite-math-only -fsigned-zeros -fno-associative-math -fno-exceptions -fno-rtti -fno-use-cxa-atexit -g -MMD -Wall -Werror -Wno-error=deprecated-declarations -Wno-error=multistatement-macros -Wno-error=parentheses -Wno-error=unused-but-set-variable -Wno-unused-variable -Wno-unused-function -mcpu=tt-bh -fno-tree-loop-distribute-patterns -I. -I.. -I/home/nachiket/tt-metal/ -I/home/nachiket/tt-metal/ttnn -I/home/nachiket/tt-metal/ttnn/cpp -I/home/nachiket/tt-metal/tt_metal -I/home/nachiket/tt-metal/tt_metal/hw/inc -I/home/nachiket/tt-metal/tt_metal/tt-llk/common -I/home/nachiket/tt-metal/tt_metal/hostdevcommon/api -I/home/nachiket/tt-metal/tt_metal/api/ -I/home/nachiket/tt-metal/tt_metal/hw/ckernels/blackhole/metal/common -I/home/nachiket/tt-metal/tt_metal/hw/ckernels/blackhole/metal/llk_io -I/home/nachiket/tt-metal/tt_metal/hw/inc/internal/tt-1xx -I/home/nachiket/tt-metal/tt_metal/hw/inc/internal/tt-1xx/blackhole -I/home/nachiket/tt-metal/tt_metal/hw/inc/internal/tt-1xx/blackhole/blackhole_defines -I/home/nachiket/tt-metal/tt_metal/hw/inc/internal/tt-1xx/blackhole/noc -I/home/nachiket/tt-metal/tt_metal/tt-llk/tt_llk_blackhole/common/inc -I/home/nachiket/tt-metal/tt_metal/tt-llk/tt_llk_blackhole/llk_lib -I/home/nachiket/tt-metal/tt_metal/hw/firmware/src/tt-1xx -I/home/nachiket/tt-metal/ttnn/cpp/ttnn/operations/experimental/topk_large_indices/device/kernels -DIS_NOT_POW2_NUM_L1_BANKS=1 -DLOG_BASE_2_OF_NUM_DRAM_BANKS=3 -DNUM_DRAM_BANKS=8 -DNUM_L1_BANKS=130 -DPCIE_NOC_X=19 -DPCIE_NOC_Y=24 -DTENSIX_FIRMWARE -DLOCAL_MEM_EN=0 -DPROFILE_KERNEL=1 -DPROFILER_FULL_HOST_BUFFER_SIZE_PER_RISC=48000 -DPROCESSOR_INDEX=1 -DCOMPILE_FOR_NCRISC -DPROGRAMMABLE_CORE_TYPE=0 -DARCH_BLACKHOLE -DDISPATCH_MESSAGE_ADDR=4290184248 -DKERNEL_BUILD -DNOC_INDEX=0 -DNOC_MODE=0 -DFULL_KERNEL_NAME="reader/2575229915420144308/" -DKERNEL_COMPILE_TIME_ARGS=0,1024,2048,1,2,0 -c -o /home/nachiket/.cache/tt-metal-cache/7512037380320502535/kernels/reader/2575229915420144308/ncrisc/ncrisck.14661642531035177811_221067.o /home/nachiket/tt-metal/tt_metal/hw/firmware/src/tt-1xx/ncrisck.cc -MF /home/nachiket/.cache/tt-metal-cache/7512037380320502535/kernels/reader/2575229915420144308/ncrisc/ncrisck.14661642531035177811_221067.d
In file included from /home/nachiket/tt-metal/tt_metal/hw/inc/api/dataflow/dataflow_api.h:27,
                 from /home/nachiket/tt-metal/tt_metal/hw/inc/internal/firmware_common.h:24,
                 from /home/nachiket/tt-metal/tt_metal/hw/firmware/src/tt-1xx/ncrisck.cc:17:
/home/nachiket/tt-metal/tt_metal/tools/profiler/kernel_profiler.hpp: In function 'void kernel_profiler::quick_push()':
/home/nachiket/tt-metal/tt_metal/tools/profiler/kernel_profiler.hpp:31:22: note: '#pragma message: PROFILER-NOC-QUICK-PUSH,/home/nachiket/tt-metal/tt_metal/tools/profiler/kernel_profiler.hpp,632,KERNEL_PROFILER'
   31 | #define DO_PRAGMA(x) _Pragma(#x)
      |                      ^~~~~~~
/home/nachiket/tt-metal/tt_metal/tools/profiler/kernel_profiler.hpp:41:5: note: in expansion of macro 'DO_PRAGMA'
   41 |     DO_PRAGMA(message(PROFILER_MSG_NAME(name))); \
      |     ^~~~~~~~~
/home/nachiket/tt-metal/tt_metal/tools/profiler/kernel_profiler.hpp:632:5: note: in expansion of macro 'SrcLocNameToHash'
  632 |     SrcLocNameToHash("PROFILER-NOC-QUICK-PUSH");
      |     ^~~~~~~~~~~~~~~~
/home/nachiket/tt-metal/tt_metal/hw/firmware/src/tt-1xx/ncrisck.cc: In function 'uint32_t _start()':
/home/nachiket/tt-metal/tt_metal/tools/profiler/kernel_profiler.hpp:31:22: note: '#pragma message: NCRISC-KERNEL,/home/nachiket/tt-metal/tt_metal/hw/firmware/src/tt-1xx/ncrisck.cc,70,KERNEL_PROFILER'
   31 | #define DO_PRAGMA(x) _Pragma(#x)
      |                      ^~~~~~~
/home/nachiket/tt-metal/tt_metal/tools/profiler/kernel_profiler.hpp:1045:5: note: in expansion of macro 'DO_PRAGMA'
 1045 |     DO_PRAGMA(message(PROFILER_MSG_NAME(name)));                               \
      |     ^~~~~~~~~
/home/nachiket/tt-metal/tt_metal/hw/firmware/src/tt-1xx/ncrisck.cc:70:5: note: in expansion of macro 'DeviceZoneScopedMainChildN'
   70 |     DeviceZoneScopedMainChildN("NCRISC-KERNEL");
      |     ^~~~~~~~~~~~~~~~~~~~~~~~~~
Building brisc, compile step:
/home/nachiket/tt-metal/runtime/sfpi/compiler/bin/riscv-tt-elf-g++ -O2 -std=c++17 -ftt-nttp -ftt-constinit -ftt-consteval -ftt-no-dyninit -flto=auto -ffast-math -fno-finite-math-only -fsigned-zeros -fno-associative-math -fno-exceptions -fno-rtti -fno-use-cxa-atexit -g -MMD -Wall -Werror -Wno-error=deprecated-declarations -Wno-error=multistatement-macros -Wno-error=parentheses -Wno-error=unused-but-set-variable -Wno-unused-variable -Wno-unused-function -mcpu=tt-bh -fno-tree-loop-distribute-patterns -I. -I.. -I/home/nachiket/tt-metal/ -I/home/nachiket/tt-metal/ttnn -I/home/nachiket/tt-metal/ttnn/cpp -I/home/nachiket/tt-metal/tt_metal -I/home/nachiket/tt-metal/tt_metal/hw/inc -I/home/nachiket/tt-metal/tt_metal/tt-llk/common -I/home/nachiket/tt-metal/tt_metal/hostdevcommon/api -I/home/nachiket/tt-metal/tt_metal/api/ -I/home/nachiket/tt-metal/tt_metal/hw/ckernels/blackhole/metal/common -I/home/nachiket/tt-metal/tt_metal/hw/ckernels/blackhole/metal/llk_io -I/home/nachiket/tt-metal/tt_metal/hw/inc/internal/tt-1xx -I/home/nachiket/tt-metal/tt_metal/hw/inc/internal/tt-1xx/blackhole -I/home/nachiket/tt-metal/tt_metal/hw/inc/internal/tt-1xx/blackhole/blackhole_defines -I/home/nachiket/tt-metal/tt_metal/hw/inc/internal/tt-1xx/blackhole/noc -I/home/nachiket/tt-metal/tt_metal/tt-llk/tt_llk_blackhole/common/inc -I/home/nachiket/tt-metal/tt_metal/tt-llk/tt_llk_blackhole/llk_lib -I/home/nachiket/tt-metal/tt_metal/hw/firmware/src/tt-1xx -I/home/nachiket/tt-metal/ttnn/cpp/ttnn/operations/experimental/topk_large_indices/device/kernels -DIS_NOT_POW2_NUM_L1_BANKS=1 -DLOG_BASE_2_OF_NUM_DRAM_BANKS=3 -DNUM_DRAM_BANKS=8 -DNUM_L1_BANKS=130 -DPCIE_NOC_X=19 -DPCIE_NOC_Y=24 -DTENSIX_FIRMWARE -DLOCAL_MEM_EN=0 -DPROFILE_KERNEL=1 -DPROFILER_FULL_HOST_BUFFER_SIZE_PER_RISC=48000 -DPROCESSOR_INDEX=0 -DCOMPILE_FOR_BRISC -DPROGRAMMABLE_CORE_TYPE=0 -DARCH_BLACKHOLE -DDISPATCH_MESSAGE_ADDR=4290184248 -DKERNEL_BUILD -DFLEX_INDEX_U16=1 -DFLEX_OUT_TILE=1 -DFLEX_WITH_VALUES=1 -DNOC_INDEX=1 -DNOC_MODE=0 -DFULL_KERNEL_NAME="writer_flex/5027503510489096941/" -DKERNEL_COMPILE_TIME_ARGS=1,2,2048,32,2,3,4,2048,5,1,2,0,2,0 -c -o /home/nachiket/.cache/tt-metal-cache/7512037380320502535/kernels/writer_flex/5027503510489096941/brisc/brisck.14661642531035177811_221067.o /home/nachiket/tt-metal/tt_metal/hw/firmware/src/tt-1xx/brisck.cc -MF /home/nachiket/.cache/tt-metal-cache/7512037380320502535/kernels/writer_flex/5027503510489096941/brisc/brisck.14661642531035177811_221067.d
In file included from /home/nachiket/tt-metal/tt_metal/hw/inc/api/dataflow/dataflow_api.h:27,
                 from /home/nachiket/tt-metal/tt_metal/hw/inc/internal/firmware_common.h:24,
                 from /home/nachiket/tt-metal/tt_metal/hw/firmware/src/tt-1xx/brisck.cc:17:
/home/nachiket/tt-metal/tt_metal/tools/profiler/kernel_profiler.hpp: In function 'void kernel_profiler::finish_profiler(bool)':
/home/nachiket/tt-metal/tt_metal/tools/profiler/kernel_profiler.hpp:31:22: note: '#pragma message: PROFILER-NOC-FLUSH,/home/nachiket/tt-metal/tt_metal/tools/profiler/kernel_profiler.hpp,480,KERNEL_PROFILER'
   31 | #define DO_PRAGMA(x) _Pragma(#x)
      |                      ^~~~~~~
/home/nachiket/tt-metal/tt_metal/tools/profiler/kernel_profiler.hpp:41:5: note: in expansion of macro 'DO_PRAGMA'
   41 |     DO_PRAGMA(message(PROFILER_MSG_NAME(name))); \
      |     ^~~~~~~~~
/home/nachiket/tt-metal/tt_metal/tools/profiler/kernel_profiler.hpp:480:17: note: in expansion of macro 'SrcLocNameToHash'
  480 |                 SrcLocNameToHash("PROFILER-NOC-FLUSH");
      |                 ^~~~~~~~~~~~~~~~
/home/nachiket/tt-metal/tt_metal/tools/profiler/kernel_profiler.hpp:31:22: note: '#pragma message: PROFILER-DRAM-PUSH,/home/nachiket/tt-metal/tt_metal/tools/profiler/kernel_profiler.hpp,489,KERNEL_PROFILER'
   31 | #define DO_PRAGMA(x) _Pragma(#x)
      |                      ^~~~~~~
/home/nachiket/tt-metal/tt_metal/tools/profiler/kernel_profiler.hpp:41:5: note: in expansion of macro 'DO_PRAGMA'
   41 |     DO_PRAGMA(message(PROFILER_MSG_NAME(name))); \
      |     ^~~~~~~~~
/home/nachiket/tt-metal/tt_metal/tools/profiler/kernel_profiler.hpp:489:17: note: in expansion of macro 'SrcLocNameToHash'
  489 |                 SrcLocNameToHash("PROFILER-DRAM-PUSH");
      |                 ^~~~~~~~~~~~~~~~
/home/nachiket/tt-metal/tt_metal/tools/profiler/kernel_profiler.hpp: In function 'void kernel_profiler::quick_push()':
/home/nachiket/tt-metal/tt_metal/tools/profiler/kernel_profiler.hpp:31:22: note: '#pragma message: PROFILER-NOC-QUICK-PUSH,/home/nachiket/tt-metal/tt_metal/tools/profiler/kernel_profiler.hpp,632,KERNEL_PROFILER'
   31 | #define DO_PRAGMA(x) _Pragma(#x)
      |                      ^~~~~~~
/home/nachiket/tt-metal/tt_metal/tools/profiler/kernel_profiler.hpp:41:5: note: in expansion of macro 'DO_PRAGMA'
   41 |     DO_PRAGMA(message(PROFILER_MSG_NAME(name))); \
      |     ^~~~~~~~~
/home/nachiket/tt-metal/tt_metal/tools/profiler/kernel_profiler.hpp:632:5: note: in expansion of macro 'SrcLocNameToHash'
  632 |     SrcLocNameToHash("PROFILER-NOC-QUICK-PUSH");
      |     ^~~~~~~~~~~~~~~~
/home/nachiket/tt-metal/tt_metal/hw/firmware/src/tt-1xx/brisck.cc: In function 'uint32_t _start()':
/home/nachiket/tt-metal/tt_metal/tools/profiler/kernel_profiler.hpp:31:22: note: '#pragma message: BRISC-KERNEL,/home/nachiket/tt-metal/tt_metal/hw/firmware/src/tt-1xx/brisck.cc,78,KERNEL_PROFILER'
   31 | #define DO_PRAGMA(x) _Pragma(#x)
      |                      ^~~~~~~
/home/nachiket/tt-metal/tt_metal/tools/profiler/kernel_profiler.hpp:1045:5: note: in expansion of macro 'DO_PRAGMA'
 1045 |     DO_PRAGMA(message(PROFILER_MSG_NAME(name)));                               \
      |     ^~~~~~~~~
/home/nachiket/tt-metal/tt_metal/hw/firmware/src/tt-1xx/brisck.cc:78:9: note: in expansion of macro 'DeviceZoneScopedMainChildN'
   78 |         DeviceZoneScopedMainChildN("BRISC-KERNEL");
      |         ^~~~~~~~~~~~~~~~~~~~~~~~~~
Building trisc0, compile step:
/home/nachiket/tt-metal/runtime/sfpi/compiler/bin/riscv-tt-elf-g++ -O3 -std=c++17 -ftt-nttp -ftt-constinit -ftt-consteval -ftt-no-dyninit -flto=auto -ffast-math -fno-finite-math-only -fsigned-zeros -fno-associative-math -fno-exceptions -fno-rtti -fno-use-cxa-atexit -g -MMD -Wall -Werror -Wno-error=deprecated-declarations -Wno-error=multistatement-macros -Wno-error=parentheses -Wno-error=unused-but-set-variable -Wno-unused-variable -Wno-unused-function -mcpu=tt-bh-tensix -I. -I.. -I/home/nachiket/tt-metal/ -I/home/nachiket/tt-metal/ttnn -I/home/nachiket/tt-metal/ttnn/cpp -I/home/nachiket/tt-metal/tt_metal -I/home/nachiket/tt-metal/tt_metal/hw/inc -I/home/nachiket/tt-metal/tt_metal/tt-llk/common -I/home/nachiket/tt-metal/tt_metal/hostdevcommon/api -I/home/nachiket/tt-metal/tt_metal/api/ -I/home/nachiket/tt-metal/runtime/sfpi/include -I/home/nachiket/tt-metal/tt_metal/hw/ckernels/blackhole/metal/common -I/home/nachiket/tt-metal/tt_metal/hw/ckernels/blackhole/metal/llk_io -I/home/nachiket/tt-metal/tt_metal/hw/inc/internal/tt-1xx -I/home/nachiket/tt-metal/tt_metal/hw/inc/internal/tt-1xx/blackhole -I/home/nachiket/tt-metal/tt_metal/hw/inc/internal/tt-1xx/blackhole/blackhole_defines -I/home/nachiket/tt-metal/tt_metal/hw/inc/internal/tt-1xx/blackhole/noc -I/home/nachiket/tt-metal/tt_metal/tt-llk/tt_llk_blackhole/common/inc -I/home/nachiket/tt-metal/tt_metal/tt-llk/tt_llk_blackhole/llk_lib -I/home/nachiket/tt-metal/tt_metal/hw/ckernels/blackhole/metal/llk_api -I/home/nachiket/tt-metal/tt_metal/hw/ckernels/blackhole/metal/llk_api/llk_sfpu -I/home/nachiket/tt-metal/tt_metal/hw/firmware/src/tt-1xx -I/home/nachiket/tt-metal/ttnn/cpp/ttnn/operations/experimental/topk_large_indices/device/kernels -DIS_NOT_POW2_NUM_L1_BANKS=1 -DLOG_BASE_2_OF_NUM_DRAM_BANKS=3 -DNUM_DRAM_BANKS=8 -DNUM_L1_BANKS=130 -DPCIE_NOC_X=19 -DPCIE_NOC_Y=24 -DTENSIX_FIRMWARE -DLOCAL_MEM_EN=0 -DPROFILE_KERNEL=1 -DPROFILER_FULL_HOST_BUFFER_SIZE_PER_RISC=48000 -DPROCESSOR_INDEX=2 -DUCK_CHLKC_UNPACK -DCOMPILE_FOR_TRISC=0 -DPROGRAMMABLE_CORE_TYPE=0 -DARCH_BLACKHOLE -DDISPATCH_MESSAGE_ADDR=4290184248 -DKERNEL_BUILD -DFULL_KERNEL_NAME="compute_with_values/17378134460782125375/" -DKERNEL_COMPILE_TIME_ARGS=0,1,512,3,32 -c -o /home/nachiket/.cache/tt-metal-cache/7512037380320502535/kernels/compute_with_values/17378134460782125375/trisc0/trisck.14661642531035177811_221067.o /home/nachiket/tt-metal/tt_metal/hw/firmware/src/tt-1xx/trisck.cc -MF /home/nachiket/.cache/tt-metal-cache/7512037380320502535/kernels/compute_with_values/17378134460782125375/trisc0/trisck.14661642531035177811_221067.d
In file included from /home/nachiket/tt-metal/tt_metal/hw/ckernels/blackhole/metal/llk_io/llk_io_unpack.h:13,
                 from /home/nachiket/tt-metal/tt_metal/hw/inc/api/compute/compute_kernel_api.h:97,
                 from /home/nachiket/tt-metal/ttnn/cpp/ttnn/operations/experimental/topk_large_indices/device/kernels/compute_with_values.cpp:22,
                 from ../chlkc_unpack.cpp:3,
                 from /home/nachiket/tt-metal/tt_metal/hw/ckernels/blackhole/metal/common/chlkc_list.h:26,
                 from /home/nachiket/tt-metal/tt_metal/hw/firmware/src/tt-1xx/trisck.cc:13:
/home/nachiket/tt-metal/tt_metal/hw/ckernels/blackhole/metal/llk_io/llk_io_unpack.h: In function 'void llk_wait_tiles(int, int32_t)':
/home/nachiket/tt-metal/tt_metal/tools/profiler/kernel_profiler.hpp:31:22: note: '#pragma message: CB-COMPUTE-WAIT-FRONT,/home/nachiket/tt-metal/tt_metal/hw/ckernels/blackhole/metal/llk_io/llk_io_unpack.h,19,KERNEL_PROFILER'
   31 | #define DO_PRAGMA(x) _Pragma(#x)
      |                      ^~~~~~~
/home/nachiket/tt-metal/tt_metal/tools/profiler/kernel_profiler.hpp:1050:5: note: in expansion of macro 'DO_PRAGMA'
 1050 |     DO_PRAGMA(message(PROFILER_MSG_NAME(name)));                               \
      |     ^~~~~~~~~
/home/nachiket/tt-metal/tt_metal/hw/ckernels/blackhole/metal/llk_io/llk_io_unpack.h:19:5: note: in expansion of macro 'DeviceZoneScopedSumN1'
   19 |     DeviceZoneScopedSumN1("CB-COMPUTE-WAIT-FRONT");
      |     ^~~~~~~~~~~~~~~~~~~~~
/home/nachiket/tt-metal/tt_metal/hw/firmware/src/tt-1xx/trisck.cc: In function 'uint32_t _start()':
/home/nachiket/tt-metal/tt_metal/tools/profiler/kernel_profiler.hpp:31:22: note: '#pragma message: TRISC-KERNEL,/home/nachiket/tt-metal/tt_metal/hw/firmware/src/tt-1xx/trisck.cc,86,KERNEL_PROFILER'
   31 | #define DO_PRAGMA(x) _Pragma(#x)
      |                      ^~~~~~~
/home/nachiket/tt-metal/tt_metal/tools/profiler/kernel_profiler.hpp:1045:5: note: in expansion of macro 'DO_PRAGMA'
 1045 |     DO_PRAGMA(message(PROFILER_MSG_NAME(name)));                               \
      |     ^~~~~~~~~
/home/nachiket/tt-metal/tt_metal/hw/firmware/src/tt-1xx/trisck.cc:86:5: note: in expansion of macro 'DeviceZoneScopedMainChildN'
   86 |     DeviceZoneScopedMainChildN("TRISC-KERNEL");
      |     ^~~~~~~~~~~~~~~~~~~~~~~~~~
Building trisc2, compile step:
/home/nachiket/tt-metal/runtime/sfpi/compiler/bin/riscv-tt-elf-g++ -O3 -std=c++17 -ftt-nttp -ftt-constinit -ftt-consteval -ftt-no-dyninit -flto=auto -ffast-math -fno-finite-math-only -fsigned-zeros -fno-associative-math -fno-exceptions -fno-rtti -fno-use-cxa-atexit -g -MMD -Wall -Werror -Wno-error=deprecated-declarations -Wno-error=multistatement-macros -Wno-error=parentheses -Wno-error=unused-but-set-variable -Wno-unused-variable -Wno-unused-function -mcpu=tt-bh-tensix -I. -I.. -I/home/nachiket/tt-metal/ -I/home/nachiket/tt-metal/ttnn -I/home/nachiket/tt-metal/ttnn/cpp -I/home/nachiket/tt-metal/tt_metal -I/home/nachiket/tt-metal/tt_metal/hw/inc -I/home/nachiket/tt-metal/tt_metal/tt-llk/common -I/home/nachiket/tt-metal/tt_metal/hostdevcommon/api -I/home/nachiket/tt-metal/tt_metal/api/ -I/home/nachiket/tt-metal/runtime/sfpi/include -I/home/nachiket/tt-metal/tt_metal/hw/ckernels/blackhole/metal/common -I/home/nachiket/tt-metal/tt_metal/hw/ckernels/blackhole/metal/llk_io -I/home/nachiket/tt-metal/tt_metal/hw/inc/internal/tt-1xx -I/home/nachiket/tt-metal/tt_metal/hw/inc/internal/tt-1xx/blackhole -I/home/nachiket/tt-metal/tt_metal/hw/inc/internal/tt-1xx/blackhole/blackhole_defines -I/home/nachiket/tt-metal/tt_metal/hw/inc/internal/tt-1xx/blackhole/noc -I/home/nachiket/tt-metal/tt_metal/tt-llk/tt_llk_blackhole/common/inc -I/home/nachiket/tt-metal/tt_metal/tt-llk/tt_llk_blackhole/llk_lib -I/home/nachiket/tt-metal/tt_metal/hw/ckernels/blackhole/metal/llk_api -I/home/nachiket/tt-metal/tt_metal/hw/ckernels/blackhole/metal/llk_api/llk_sfpu -I/home/nachiket/tt-metal/tt_metal/hw/firmware/src/tt-1xx -I/home/nachiket/tt-metal/ttnn/cpp/ttnn/operations/experimental/topk_large_indices/device/kernels -DIS_NOT_POW2_NUM_L1_BANKS=1 -DLOG_BASE_2_OF_NUM_DRAM_BANKS=3 -DNUM_DRAM_BANKS=8 -DNUM_L1_BANKS=130 -DPCIE_NOC_X=19 -DPCIE_NOC_Y=24 -DTENSIX_FIRMWARE -DLOCAL_MEM_EN=0 -DPROFILE_KERNEL=1 -DPROFILER_FULL_HOST_BUFFER_SIZE_PER_RISC=48000 -DPROCESSOR_INDEX=4 -DUCK_CHLKC_PACK -DCOMPILE_FOR_TRISC=2 -DPROGRAMMABLE_CORE_TYPE=0 -DARCH_BLACKHOLE -DDISPATCH_MESSAGE_ADDR=4290184248 -DKERNEL_BUILD -DFULL_KERNEL_NAME="compute_with_values/17378134460782125375/" -DKERNEL_COMPILE_TIME_ARGS=0,1,512,3,32 -c -o /home/nachiket/.cache/tt-metal-cache/7512037380320502535/kernels/compute_with_values/17378134460782125375/trisc2/trisck.14661642531035177811_221067.o /home/nachiket/tt-metal/tt_metal/hw/firmware/src/tt-1xx/trisck.cc -MF /home/nachiket/.cache/tt-metal-cache/7512037380320502535/kernels/compute_with_values/17378134460782125375/trisc2/trisck.14661642531035177811_221067.d
In file included from /home/nachiket/tt-metal/tt_metal/hw/ckernels/blackhole/metal/llk_io/llk_io_pack.h:14,
                 from /home/nachiket/tt-metal/tt_metal/hw/inc/api/compute/compute_kernel_api.h:72,
                 from /home/nachiket/tt-metal/ttnn/cpp/ttnn/operations/experimental/topk_large_indices/device/kernels/compute_with_values.cpp:22,
                 from ../chlkc_pack.cpp:3,
                 from /home/nachiket/tt-metal/tt_metal/hw/ckernels/blackhole/metal/common/chlkc_list.h:21,
                 from /home/nachiket/tt-metal/tt_metal/hw/firmware/src/tt-1xx/trisck.cc:13:
/home/nachiket/tt-metal/tt_metal/hw/ckernels/blackhole/metal/llk_io/llk_io_pack.h: In function 'void llk_wait_for_free_tiles(int32_t, int32_t)':
/home/nachiket/tt-metal/tt_metal/tools/profiler/kernel_profiler.hpp:31:22: note: '#pragma message: CB-COMPUTE-RESERVE-BACK,/home/nachiket/tt-metal/tt_metal/hw/ckernels/blackhole/metal/llk_io/llk_io_pack.h,21,KERNEL_PROFILER'
   31 | #define DO_PRAGMA(x) _Pragma(#x)
      |                      ^~~~~~~
/home/nachiket/tt-metal/tt_metal/tools/profiler/kernel_profiler.hpp:1055:5: note: in expansion of macro 'DO_PRAGMA'
 1055 |     DO_PRAGMA(message(PROFILER_MSG_NAME(name)));                               \
      |     ^~~~~~~~~
/home/nachiket/tt-metal/tt_metal/hw/ckernels/blackhole/metal/llk_io/llk_io_pack.h:21:5: note: in expansion of macro 'DeviceZoneScopedSumN2'
   21 |     DeviceZoneScopedSumN2("CB-COMPUTE-RESERVE-BACK");
      |     ^~~~~~~~~~~~~~~~~~~~~
/home/nachiket/tt-metal/tt_metal/hw/firmware/src/tt-1xx/trisck.cc: In function 'uint32_t _start()':
/home/nachiket/tt-metal/tt_metal/tools/profiler/kernel_profiler.hpp:31:22: note: '#pragma message: TRISC-KERNEL,/home/nachiket/tt-metal/tt_metal/hw/firmware/src/tt-1xx/trisck.cc,86,KERNEL_PROFILER'
   31 | #define DO_PRAGMA(x) _Pragma(#x)
      |                      ^~~~~~~
/home/nachiket/tt-metal/tt_metal/tools/profiler/kernel_profiler.hpp:1045:5: note: in expansion of macro 'DO_PRAGMA'
 1045 |     DO_PRAGMA(message(PROFILER_MSG_NAME(name)));                               \
      |     ^~~~~~~~~
/home/nachiket/tt-metal/tt_metal/hw/firmware/src/tt-1xx/trisck.cc:86:5: note: in expansion of macro 'DeviceZoneScopedMainChildN'
   86 |     DeviceZoneScopedMainChildN("TRISC-KERNEL");
      |     ^~~~~~~~~~~~~~~~~~~~~~~~~~
Building trisc1, compile step:
/home/nachiket/tt-metal/runtime/sfpi/compiler/bin/riscv-tt-elf-g++ -O3 -std=c++17 -ftt-nttp -ftt-constinit -ftt-consteval -ftt-no-dyninit -flto=auto -ffast-math -fno-finite-math-only -fsigned-zeros -fno-associative-math -fno-exceptions -fno-rtti -fno-use-cxa-atexit -g -MMD -Wall -Werror -Wno-error=deprecated-declarations -Wno-error=multistatement-macros -Wno-error=parentheses -Wno-error=unused-but-set-variable -Wno-unused-variable -Wno-unused-function -mcpu=tt-bh-tensix -I. -I.. -I/home/nachiket/tt-metal/ -I/home/nachiket/tt-metal/ttnn -I/home/nachiket/tt-metal/ttnn/cpp -I/home/nachiket/tt-metal/tt_metal -I/home/nachiket/tt-metal/tt_metal/hw/inc -I/home/nachiket/tt-metal/tt_metal/tt-llk/common -I/home/nachiket/tt-metal/tt_metal/hostdevcommon/api -I/home/nachiket/tt-metal/tt_metal/api/ -I/home/nachiket/tt-metal/runtime/sfpi/include -I/home/nachiket/tt-metal/tt_metal/hw/ckernels/blackhole/metal/common -I/home/nachiket/tt-metal/tt_metal/hw/ckernels/blackhole/metal/llk_io -I/home/nachiket/tt-metal/tt_metal/hw/inc/internal/tt-1xx -I/home/nachiket/tt-metal/tt_metal/hw/inc/internal/tt-1xx/blackhole -I/home/nachiket/tt-metal/tt_metal/hw/inc/internal/tt-1xx/blackhole/blackhole_defines -I/home/nachiket/tt-metal/tt_metal/hw/inc/internal/tt-1xx/blackhole/noc -I/home/nachiket/tt-metal/tt_metal/tt-llk/tt_llk_blackhole/common/inc -I/home/nachiket/tt-metal/tt_metal/tt-llk/tt_llk_blackhole/llk_lib -I/home/nachiket/tt-metal/tt_metal/hw/ckernels/blackhole/metal/llk_api -I/home/nachiket/tt-metal/tt_metal/hw/ckernels/blackhole/metal/llk_api/llk_sfpu -I/home/nachiket/tt-metal/tt_metal/hw/firmware/src/tt-1xx -I/home/nachiket/tt-metal/ttnn/cpp/ttnn/operations/experimental/topk_large_indices/device/kernels -DIS_NOT_POW2_NUM_L1_BANKS=1 -DLOG_BASE_2_OF_NUM_DRAM_BANKS=3 -DNUM_DRAM_BANKS=8 -DNUM_L1_BANKS=130 -DPCIE_NOC_X=19 -DPCIE_NOC_Y=24 -DTENSIX_FIRMWARE -DLOCAL_MEM_EN=0 -DPROFILE_KERNEL=1 -DPROFILER_FULL_HOST_BUFFER_SIZE_PER_RISC=48000 -DPROCESSOR_INDEX=3 -DUCK_CHLKC_MATH -DCOMPILE_FOR_TRISC=1 -DPROGRAMMABLE_CORE_TYPE=0 -DARCH_BLACKHOLE -DDISPATCH_MESSAGE_ADDR=4290184248 -DKERNEL_BUILD -DFULL_KERNEL_NAME="compute_with_values/17378134460782125375/" -DKERNEL_COMPILE_TIME_ARGS=0,1,512,3,32 -c -o /home/nachiket/.cache/tt-metal-cache/7512037380320502535/kernels/compute_with_values/17378134460782125375/trisc1/trisck.14661642531035177811_221067.o /home/nachiket/tt-metal/tt_metal/hw/firmware/src/tt-1xx/trisck.cc -MF /home/nachiket/.cache/tt-metal-cache/7512037380320502535/kernels/compute_with_values/17378134460782125375/trisc1/trisck.14661642531035177811_221067.d
In file included from /home/nachiket/tt-metal/tt_metal/hw/firmware/src/tt-1xx/trisck.cc:15:
/home/nachiket/tt-metal/tt_metal/hw/firmware/src/tt-1xx/trisck.cc: In function 'uint32_t _start()':
/home/nachiket/tt-metal/tt_metal/tools/profiler/kernel_profiler.hpp:31:22: note: '#pragma message: TRISC-KERNEL,/home/nachiket/tt-metal/tt_metal/hw/firmware/src/tt-1xx/trisck.cc,86,KERNEL_PROFILER'
   31 | #define DO_PRAGMA(x) _Pragma(#x)
      |                      ^~~~~~~
/home/nachiket/tt-metal/tt_metal/tools/profiler/kernel_profiler.hpp:1045:5: note: in expansion of macro 'DO_PRAGMA'
 1045 |     DO_PRAGMA(message(PROFILER_MSG_NAME(name)));                               \
      |     ^~~~~~~~~
/home/nachiket/tt-metal/tt_metal/hw/firmware/src/tt-1xx/trisck.cc:86:5: note: in expansion of macro 'DeviceZoneScopedMainChildN'
   86 |     DeviceZoneScopedMainChildN("TRISC-KERNEL");
      |     ^~~~~~~~~~~~~~~~~~~~~~~~~~
SWEEP_OK   scen_sampling_1chip_split_routed
2026-08-17 12:26:32.990 | info     |           Metal | Device kernel duration perf summary (device=0): count=18, min=25819ns, avg=105429.7ns, max=184345ns (profiler_analysis.cpp:727)
2026-08-17 12:26:32.990 | info     |           Metal | Device kernel duration perf histogram (device=0): (buckets=10, bucket_size=15900ns, range=[15900..174900), underflow(<15900ns)=0, overflow(>=174900ns)=9) (profiler_analysis.cpp:770)
2026-08-17 12:26:32.990 | info     |           Metal |   [       15900 ..        31800) |########################################|        9 (profiler_analysis.cpp:775)
2026-08-17 12:26:32.990 | info     |           Metal |   [       31800 ..        47700) |                                        |        0 (profiler_analysis.cpp:775)
2026-08-17 12:26:32.990 | info     |           Metal |   [       47700 ..        63600) |                                        |        0 (profiler_analysis.cpp:775)
2026-08-17 12:26:32.990 | info     |           Metal |   [       63600 ..        79500) |                                        |        0 (profiler_analysis.cpp:775)
2026-08-17 12:26:32.990 | info     |           Metal |   [       79500 ..        95400) |                                        |        0 (profiler_analysis.cpp:775)
2026-08-17 12:26:32.990 | info     |           Metal |   [       95400 ..       111300) |                                        |        0 (profiler_analysis.cpp:775)
2026-08-17 12:26:32.990 | info     |           Metal |   [      111300 ..       127200) |                                        |        0 (profiler_analysis.cpp:775)
2026-08-17 12:26:32.990 | info     |           Metal |   [      127200 ..       143100) |                                        |        0 (profiler_analysis.cpp:775)
2026-08-17 12:26:32.990 | info     |           Metal |   [      143100 ..       159000) |                                        |        0 (profiler_analysis.cpp:775)
2026-08-17 12:26:32.990 | info     |           Metal |   [      159000 ..       174900) |                                        |        0 (profiler_analysis.cpp:775)
SWEEP: manifest -> generated/canonical_sweep/scenarios7/work/scen_sampling_1chip_split_routed.routed.t0.manifest.json
2026-08-17 12:26:33.482 | info     |    BuildKernels | JIT cache stats: 23/29 hits (79.3%) [23 cached, 0 build-once dedup, 0 merged artifacts, 0 merged genfiles] (build_cache_telemetry.cpp:207)
2026-08-17 12:26:33.482 | info     |    BuildKernels | JIT telemetry: 3 registered TelemetryTokens (build_cache_telemetry.cpp:230)
2026-08-17 12:26:33.490 | info     |          Device | Closing user mode device drivers (tt_cluster.cpp:513)
2026-08-17 12:26:33.490 | info     |             UMD | Closing devices in cluster (cluster.cpp:1201)
2026-08-17 12:26:33.885 | info     |             UMD | Closing devices in cluster completed. (cluster.cpp:1210)
2026-08-17 12:26:33.885 | info     |             UMD | Cluster destructor started. (cluster.cpp:916)
2026-08-17 12:26:33.885 | info     |             UMD | Cluster destructor completed. (cluster.cpp:919)
2026-08-17 12:26:33.886 | warning  |             UMD | Setting power state failed on device 0: Invalid argument (pci_device.cpp:1090)

Timer resolution: 0 ns

Frames: 2
Time span: 3.35 s
Zones: 57,277
Elapsed time: 3.2 s
Saving trace... done!
Trace size 473.78 KB (17.42% ratio)
2026-08-17 12:26:34.049 | INFO     | __main__:main:469 - Copying /home/nachiket/tt-metal/generated/profiler/.logs/tracy_profile_log_host.tracy to /home/nachiket/tt-metal/build/profiler/build_wasm/traces/_canonical_topk_sweep_2026_08_17_12_26_34.tracy
2026-08-17 12:26:34.049 | INFO     | __main__:main:472 - Copied /home/nachiket/tt-metal/generated/profiler/.logs/tracy_profile_log_host.tracy to /home/nachiket/tt-metal/build/profiler/build_wasm/traces/_canonical_topk_sweep_2026_08_17_12_26_34.tracy
2026-08-17 12:26:34.049 | INFO     | __main__:main:481 - embed.tracy -> traces/_canonical_topk_sweep_2026_08_17_12_26_34.tracy
2026-08-17 12:26:34.049 | INFO     | tracy.serve_wasm:launch_server_subprocess:284 - Launching tracy web app GUI server subprocess...
2026-08-17 12:26:34.049 | INFO     | tracy.serve_wasm:launch_server_subprocess:287 - Tracy WASM web UI (open in browser): http://localhost:8080/ (WebSocket for live reload: ws://localhost:8081/)
2026-08-17 12:26:34.050 | INFO     | tracy.serve_wasm:launch_server_subprocess:294 - Tracy WASM server already serving port 8080; reusing it (live-reload refreshes the browser).
2026-08-17 12:26:34.089 | INFO     | tracy:generate_report:162 - Host side ops time report generated at /home/nachiket/tt-metal/generated/profiler/.logs/tracy_ops_times.csv
2026-08-17 12:26:34.093 | INFO     | tracy:generate_report:173 - Host side ops data report generated at /home/nachiket/tt-metal/generated/profiler/.logs/tracy_ops_data.csv
2026-08-17 12:26:34.093 | INFO     | tracy.process_ops_logs:import_tracy_op_logs:422 - Importing ops logs
2026-08-17 12:26:34.136 | INFO     | tracy.perf_counter_analysis:get_device_op_data:2140 - Getting device ops
2026-08-17 12:26:34.136 | INFO     | tracy.process_ops_logs:append_device_data:1086 - Appending device data
2026-08-17 12:26:34.205 | INFO     | tracy.process_ops_logs:generate_reports:1419 - OPs' perf analysis is finished! Generating reports ...
2026-08-17 12:26:34.206 | INFO     | tracy.process_ops_logs:generate_reports:1439 - Copying runtime artifacts
2026-08-17 12:26:34.211 | INFO     | tracy.process_ops_logs:generate_reports:1448 - Generating OPs CSV
2026-08-17 12:26:34.217 | INFO     | tracy.process_ops_logs:generate_reports:1904 - OPs csv generated at: /home/nachiket/tt-metal/generated/profiler/reports/2026_08_17_12_26_34/ops_perf_results_2026_08_17_12_26_34.csv
