2026-07-30 02:55:12.501 | INFO     | __main__:main:395 - Using port 8086
2026-07-30 02:55:12.501 | INFO     | tracy:run_report_setup:91 - Verifying tracy profiling tools
2026-07-30 02:55:12.548 | INFO     | tracy:run_report_setup:112 - Capture command: ('/home/mvasiljevic/tt-metal/build/tools/profiler/bin/tracy-capture -o /home/mvasiljevic/tt-metal/generated/profiler/.logs/tracy_profile_log_host.tracy -f -p 8086',)
Connecting to 127.0.0.1:8086...2026-07-30 02:55:12.553 | INFO     | __main__:main:413 - Test process started
2026-07-30 02:55:13.491 | DEBUG    | ttnn:<module>:79 - Initial ttnn.CONFIG:
Config{cache_path=/home/mvasiljevic/.cache/ttnn,model_cache_path=/home/mvasiljevic/.cache/ttnn/models,tmp_dir=/tmp/ttnn,enable_model_cache=false,enable_fast_runtime_mode=true,throw_exception_on_fallback=false,enable_logging=false,enable_graph_report=false,enable_graph_python_stack_traces=false,enable_detailed_buffer_report=false,enable_detailed_tensor_report=false,enable_comparison_mode=false,comparison_mode_should_raise_exception=false,comparison_mode_pcc=0.9999,root_report_path=generated/ttnn/reports,report_name=std::nullopt,std::nullopt}
============================= test session starts ==============================
platform linux -- Python 3.12.13, pytest-9.0.3, pluggy-1.6.0 -- /home/mvasiljevic/tt-metal/python_env/bin/python
cachedir: .pytest_cache
benchmark: 5.2.3 (defaults: timer=time.perf_counter disable_gc=False min_rounds=5 min_time=0.000005 max_time=1.0 calibration_precision=10 warmup=False warmup_iterations=100000)
rootdir: /home/mvasiljevic/tt-metal
configfile: pytest.ini
plugins: github-actions-annotate-failures-0.3.0, anyio-4.14.2, dash-2.15.0, split-0.11.0, timeout-2.4.0, benchmark-5.2.3, cov-7.0.0
timeout: 300.0s
timeout method: signal
timeout func_only: False
collecting ... collected 4 items

models/autoports/microsoft_phi_3_5_mini_instruct/tests/optimized_decoder_perf.py::test_profile_warmed_prefill_before_after[blackhole-1-mesh_device0] 2026-07-30 02:55:16.034 | info     |          Device | Opening user mode device driver (tt_cluster.cpp:228)
2026-07-30 02:55:16.034 | info     |             UMD | Cluster constructor started. (cluster.cpp:348)
2026-07-30 02:55:16.035 | info     |             UMD | Creating TopologyDiscovery for architecture: blackhole (topology_discovery.cpp:91)
2026-07-30 02:55:16.035 | info     |             UMD | Starting topology discovery. (topology_discovery.cpp:110)
2026-07-30 02:55:16.036 | info     |             UMD | Established firmware bundle version: 19.8.0 (topology_discovery.cpp:569)
2026-07-30 02:55:16.036 | info     |             UMD | Firmware bundle version 19.8.0 on the system is newer than the latest fully tested version 19.5.0 for blackhole architecture. Newest features may not be supported. (topology_discovery.cpp:601)
2026-07-30 02:55:16.040 | info     |             UMD | Completed topology discovery. (topology_discovery.cpp:114)
2026-07-30 02:55:16.260 | info     |             UMD | Opening local chip ids/PCIe ids: {0, 1, 2, 3}/[0, 1, 2, 3] and remote chip ids {} (cluster.cpp:168)
2026-07-30 02:55:16.261 | info     |             UMD | IOMMU: enabled (cluster.cpp:142)
2026-07-30 02:55:16.261 | info     |             UMD | KMD version: 2.8.0 (cluster.cpp:145)
2026-07-30 02:55:16.261 | info     |             UMD | Cluster constructor completed. (cluster.cpp:520)
2026-07-30 02:55:16.262 | info     |             UMD | Starting devices in cluster (cluster.cpp:1024)
2026-07-30 02:55:16.369 | info     |             UMD | Starting devices in cluster completed. (cluster.cpp:1032)
2026-07-30 02:55:16.492 | DEBUG    | ttnn.device:__init__:152 - Using default dispatch core type for this system: DispatchCoreType.WORKER
2026-07-30 02:55:16.493 | DEBUG    | ttnn.device:__init__:154 - Using default dispatch core axis for this system: DispatchCoreAxis.COL
2026-07-30 02:55:16.493 | info     |     Distributed | Using auto discovery to generate mesh graph. (metal_env.cpp:367)
2026-07-30 02:55:16.493 | info     |     Distributed | Constructing control plane using auto-discovery (no mesh graph descriptor). (metal_env.cpp:429)
2026-07-30 02:55:16.493 | warning  |          Always | Unknown motherboard 'B850M-C' for chip_id=0 (bus_id=0x1) — falling back to bus_id as tray_id. Add this motherboard and its bus IDs to mobo_to_bus_ids in physical_system_discovery.cpp. (physical_system_discovery.cpp:89)
2026-07-30 02:55:16.493 | warning  |          Always | Unknown motherboard 'B850M-C' for chip_id=1 (bus_id=0x2) — falling back to bus_id as tray_id. Add this motherboard and its bus IDs to mobo_to_bus_ids in physical_system_discovery.cpp. (physical_system_discovery.cpp:89)
2026-07-30 02:55:16.493 | warning  |          Always | Unknown motherboard 'B850M-C' for chip_id=2 (bus_id=0x3) — falling back to bus_id as tray_id. Add this motherboard and its bus IDs to mobo_to_bus_ids in physical_system_discovery.cpp. (physical_system_discovery.cpp:89)
2026-07-30 02:55:16.493 | warning  |          Always | Unknown motherboard 'B850M-C' for chip_id=3 (bus_id=0x4) — falling back to bus_id as tray_id. Add this motherboard and its bus IDs to mobo_to_bus_ids in physical_system_discovery.cpp. (physical_system_discovery.cpp:89)
2026-07-30 02:55:16.493 | warning  |          Always | Unknown motherboard 'B850M-C' for chip_id=1 (bus_id=0x2) — falling back to bus_id as tray_id. Add this motherboard and its bus IDs to mobo_to_bus_ids in physical_system_discovery.cpp. (physical_system_discovery.cpp:89)
2026-07-30 02:55:16.493 | warning  |          Always | Unknown motherboard 'B850M-C' for chip_id=0 (bus_id=0x1) — falling back to bus_id as tray_id. Add this motherboard and its bus IDs to mobo_to_bus_ids in physical_system_discovery.cpp. (physical_system_discovery.cpp:89)
2026-07-30 02:55:16.493 | warning  |          Always | Unknown motherboard 'B850M-C' for chip_id=2 (bus_id=0x3) — falling back to bus_id as tray_id. Add this motherboard and its bus IDs to mobo_to_bus_ids in physical_system_discovery.cpp. (physical_system_discovery.cpp:89)
2026-07-30 02:55:16.493 | warning  |          Always | Unknown motherboard 'B850M-C' for chip_id=3 (bus_id=0x4) — falling back to bus_id as tray_id. Add this motherboard and its bus IDs to mobo_to_bus_ids in physical_system_discovery.cpp. (physical_system_discovery.cpp:89)
2026-07-30 02:55:16.493 | info     |          Fabric | Logical multi-mesh adjacency: intermesh degree histogram {0:1}; intra-mesh degree histograms mesh0 {2:4} (topology_mapper_utils.cpp:2342)
2026-07-30 02:55:16.493 | info     |          Fabric | Physical multi-mesh adjacency: intermesh degree histogram {0:1}; intra-mesh degree histograms mesh0 {2:4} (topology_mapper_utils.cpp:2350)
2026-07-30 02:55:16.533 | warning  |           Metal | Opening subset of mmio devices slows down UMD read/write to remote chips. If opening more devices, consider using CreateDevices API. (device_manager.cpp:261)
2026-07-30 02:55:16.540 | info     |           Metal | Profiler started on device 3 (profiler_initializer.cpp:49)
2026-07-30 02:55:16.581 | info     |           Metal | ShmResourceTracker: removed orphaned shm '/tt_device_154095681929600_memory' (shm_resource_tracker.cpp:282)
2026-07-30 02:55:17.161 | info     |           Metal | [Real-time profiler] Device 3 sync complete: 100 samples, frequency=1.349980 GHz, device_time_at_sync=12576443828685 cycles (realtime_profiler_manager.cpp:1127)
2026-07-30 02:55:17.177 | DEBUG    | conftest:mesh_device:599 - multidevice with 1 devices is created
[transformers] This model config has set a `rope_parameters['original_max_position_embeddings']` field, to be used together with `max_position_embeddings` to determine a scaling factor. Please set the `factor` field of `rope_parameters`with this ratio instead -- we recommend the use of this field over `original_max_position_embeddings`, as it is compatible with most model architectures.
2026-07-30 02:55:18.194 | INFO     | tracy:signpost:49 - OPTIMIZED_PREFILL_B1
2026-07-30 02:55:18.293 | INFO     | tracy:signpost:49 - OPTIMIZED_PREFILL_B1_END
PERF_RESULTS mode=prefill batch=1 sequence=128 values={'optimized': (1.7637213071187336, 1.6078371554613113)}
PASSED2026-07-30 02:55:18.691 | info     |           Metal | Device kernel duration perf summary (device=3): count=217, min=1935ns, avg=36536.3ns, max=476949ns (profiler_analysis.cpp:675)
2026-07-30 02:55:18.691 | info     |           Metal | Device kernel duration perf histogram (device=3): (buckets=10, bucket_size=47600ns, range=[0..476000), underflow(<0ns)=0, overflow(>=476000ns)=1) (profiler_analysis.cpp:718)
2026-07-30 02:55:18.691 | info     |           Metal |   [           0 ..        47600) |########################################|      181 (profiler_analysis.cpp:723)
2026-07-30 02:55:18.691 | info     |           Metal |   [       47600 ..        95200) |#                                       |        6 (profiler_analysis.cpp:723)
2026-07-30 02:55:18.691 | info     |           Metal |   [       95200 ..       142800) |####                                    |       18 (profiler_analysis.cpp:723)
2026-07-30 02:55:18.691 | info     |           Metal |   [      142800 ..       190400) |#                                       |        3 (profiler_analysis.cpp:723)
2026-07-30 02:55:18.691 | info     |           Metal |   [      190400 ..       238000) |#                                       |        5 (profiler_analysis.cpp:723)
2026-07-30 02:55:18.691 | info     |           Metal |   [      238000 ..       285600) |                                        |        0 (profiler_analysis.cpp:723)
2026-07-30 02:55:18.691 | info     |           Metal |   [      285600 ..       333200) |                                        |        2 (profiler_analysis.cpp:723)
2026-07-30 02:55:18.691 | info     |           Metal |   [      333200 ..       380800) |                                        |        1 (profiler_analysis.cpp:723)
2026-07-30 02:55:18.691 | info     |           Metal |   [      380800 ..       428400) |                                        |        0 (profiler_analysis.cpp:723)
2026-07-30 02:55:18.691 | info     |           Metal |   [      428400 ..       476000) |                                        |        0 (profiler_analysis.cpp:723)

models/autoports/microsoft_phi_3_5_mini_instruct/tests/optimized_decoder_perf.py::test_profile_traced_decode_before_after[blackhole-1-mesh_device0] 2026-07-30 02:55:19.152 | DEBUG    | ttnn.device:__init__:152 - Using default dispatch core type for this system: DispatchCoreType.WORKER
2026-07-30 02:55:19.153 | DEBUG    | ttnn.device:__init__:154 - Using default dispatch core axis for this system: DispatchCoreAxis.COL
2026-07-30 02:55:19.200 | warning  |           Metal | Opening subset of mmio devices slows down UMD read/write to remote chips. If opening more devices, consider using CreateDevices API. (device_manager.cpp:261)
2026-07-30 02:55:19.207 | info     |           Metal | Profiler started on device 3 (profiler_initializer.cpp:49)
2026-07-30 02:55:19.247 | DEBUG    | conftest:mesh_device:599 - multidevice with 1 devices is created
Building brisc, compile step:
cd /home/mvasiljevic/.cache/tt-metal-cache/12569132917722018041/kernels/reader_bmm_tile_layout_in1_sender_dram_sharded/16006955355182431486/brisc/ && /home/mvasiljevic/tt-metal/runtime/sfpi/compiler/bin/riscv-tt-elf-g++ -O2 -std=c++17 -ftt-nttp -ftt-constinit -ftt-consteval -ftt-no-dyninit -flto=auto -ffast-math -fno-exceptions -fno-rtti -fno-use-cxa-atexit -g -MMD -Wall -Werror -Wno-error=deprecated-declarations -Wno-error=multistatement-macros -Wno-error=parentheses -Wno-error=unused-but-set-variable -Wno-unused-variable -Wno-unused-function -mcpu=tt-bh -fno-tree-loop-distribute-patterns -I. -I.. -I/home/mvasiljevic/tt-metal/ -I/home/mvasiljevic/tt-metal/ttnn -I/home/mvasiljevic/tt-metal/ttnn/cpp -I/home/mvasiljevic/tt-metal/tt_metal -I/home/mvasiljevic/tt-metal/tt_metal/hw/inc -I/home/mvasiljevic/tt-metal/tt_metal/tt-llk/common -I/home/mvasiljevic/tt-metal/tt_metal/hostdevcommon/api -I/home/mvasiljevic/tt-metal/tt_metal/api/ -I/home/mvasiljevic/tt-metal/tt_metal/hw/ckernels/blackhole/metal/common -I/home/mvasiljevic/tt-metal/tt_metal/hw/ckernels/blackhole/metal/llk_io -I/home/mvasiljevic/tt-metal/tt_metal/hw/inc/internal/tt-1xx -I/home/mvasiljevic/tt-metal/tt_metal/hw/inc/internal/tt-1xx/blackhole -I/home/mvasiljevic/tt-metal/tt_metal/hw/inc/internal/tt-1xx/blackhole/blackhole_defines -I/home/mvasiljevic/tt-metal/tt_metal/hw/inc/internal/tt-1xx/blackhole/noc -I/home/mvasiljevic/tt-metal/tt_metal/tt-llk/tt_llk_blackhole/common/inc -I/home/mvasiljevic/tt-metal/tt_metal/tt-llk/tt_llk_blackhole/llk_lib -I/home/mvasiljevic/tt-metal/tt_metal/hw/firmware/src/tt-1xx -I/home/mvasiljevic/tt-metal/ttnn/cpp/ttnn/operations/matmul/device/kernels/dataflow -c -o /home/mvasiljevic/.cache/tt-metal-cache/12569132917722018041/kernels/reader_bmm_tile_layout_in1_sender_dram_sharded/16006955355182431486/brisc/brisck.12384674535851203824.o /home/mvasiljevic/tt-metal/tt_metal/hw/firmware/src/tt-1xx/brisck.cc -MF /home/mvasiljevic/.cache/tt-metal-cache/12569132917722018041/kernels/reader_bmm_tile_layout_in1_sender_dram_sharded/16006955355182431486/brisc/brisck.12384674535851203824.d -DIS_NOT_POW2_NUM_L1_BANKS=1 -DLOG_BASE_2_OF_NUM_DRAM_BANKS=3 -DNUM_DRAM_BANKS=8 -DNUM_L1_BANKS=110 -DPCIE_NOC_X=19 -DPCIE_NOC_Y=24 -DTENSIX_FIRMWARE -DLOCAL_MEM_EN=0 -DPROFILE_KERNEL=1 -DPROFILER_FULL_HOST_BUFFER_SIZE_PER_RISC=48000 -DPROCESSOR_INDEX=0 -DCOMPILE_FOR_BRISC -DARCH_BLACKHOLE -DDISPATCH_MESSAGE_ADDR=4290184248 -DKERNEL_BUILD -DFULL_KERNEL_NAME="\"reader_bmm_tile_layout_in1_sender_dram_sharded/16006955355182431486/\"" -DOUT_SHARDED='1' -DSKIP_MCAST='1' -DNOC_INDEX='0' -DNOC_MODE='0' -DKERNEL_COMPILE_TIME_ARGS=15552,16,40,432,8,40,81920,73728,1 -DKERNEL_COMPILE_TIME_ARG_MAP="{\"cb_out_reshard\",6}, {\"cb_out\",4}, {\"cb_bias\",3}, {\"cb_in1\",1}, " 
In file included from /home/mvasiljevic/tt-metal/tt_metal/hw/inc/api/dataflow/dataflow_api.h:27,
                 from /home/mvasiljevic/tt-metal/tt_metal/hw/inc/internal/firmware_common.h:24,
                 from /home/mvasiljevic/tt-metal/tt_metal/hw/firmware/src/tt-1xx/brisck.cc:17:
/home/mvasiljevic/tt-metal/tt_metal/tools/profiler/kernel_profiler.hpp: In function 'void kernel_profiler::quick_push()':
/home/mvasiljevic/tt-metal/tt_metal/tools/profiler/kernel_profiler.hpp:25:22: note: '#pragma message: PROFILER-NOC-QUICK-PUSH,/home/mvasiljevic/tt-metal/tt_metal/tools/profiler/kernel_profiler.hpp,395,KERNEL_PROFILER'
   25 | #define DO_PRAGMA(x) _Pragma(#x)
      |                      ^~~~~~~
/home/mvasiljevic/tt-metal/tt_metal/tools/profiler/kernel_profiler.hpp:35:5: note: in expansion of macro 'DO_PRAGMA'
   35 |     DO_PRAGMA(message(PROFILER_MSG_NAME(name))); \
      |     ^~~~~~~~~
/home/mvasiljevic/tt-metal/tt_metal/tools/profiler/kernel_profiler.hpp:395:5: note: in expansion of macro 'SrcLocNameToHash'
  395 |     SrcLocNameToHash("PROFILER-NOC-QUICK-PUSH");
      |     ^~~~~~~~~~~~~~~~
/home/mvasiljevic/tt-metal/tt_metal/hw/firmware/src/tt-1xx/brisck.cc: In function 'uint32_t _start()':
/home/mvasiljevic/tt-metal/tt_metal/tools/profiler/kernel_profiler.hpp:25:22: note: '#pragma message: BRISC-KERNEL,/home/mvasiljevic/tt-metal/tt_metal/hw/firmware/src/tt-1xx/brisck.cc,77,KERNEL_PROFILER'
   25 | #define DO_PRAGMA(x) _Pragma(#x)
      |                      ^~~~~~~
/home/mvasiljevic/tt-metal/tt_metal/tools/profiler/kernel_profiler.hpp:702:5: note: in expansion of macro 'DO_PRAGMA'
  702 |     DO_PRAGMA(message(PROFILER_MSG_NAME(name)));                               \
      |     ^~~~~~~~~
/home/mvasiljevic/tt-metal/tt_metal/hw/firmware/src/tt-1xx/brisck.cc:77:9: note: in expansion of macro 'DeviceZoneScopedMainChildN'
   77 |         DeviceZoneScopedMainChildN("BRISC-KERNEL");
      |         ^~~~~~~~~~~~~~~~~~~~~~~~~~
Building brisc, compile step:
cd /home/mvasiljevic/.cache/tt-metal-cache/12569132917722018041/kernels/reader_bmm_tile_layout_in1_sender_dram_sharded/4583344934335699306/brisc/ && /home/mvasiljevic/tt-metal/runtime/sfpi/compiler/bin/riscv-tt-elf-g++ -O2 -std=c++17 -ftt-nttp -ftt-constinit -ftt-consteval -ftt-no-dyninit -flto=auto -ffast-math -fno-exceptions -fno-rtti -fno-use-cxa-atexit -g -MMD -Wall -Werror -Wno-error=deprecated-declarations -Wno-error=multistatement-macros -Wno-error=parentheses -Wno-error=unused-but-set-variable -Wno-unused-variable -Wno-unused-function -mcpu=tt-bh -fno-tree-loop-distribute-patterns -I. -I.. -I/home/mvasiljevic/tt-metal/ -I/home/mvasiljevic/tt-metal/ttnn -I/home/mvasiljevic/tt-metal/ttnn/cpp -I/home/mvasiljevic/tt-metal/tt_metal -I/home/mvasiljevic/tt-metal/tt_metal/hw/inc -I/home/mvasiljevic/tt-metal/tt_metal/tt-llk/common -I/home/mvasiljevic/tt-metal/tt_metal/hostdevcommon/api -I/home/mvasiljevic/tt-metal/tt_metal/api/ -I/home/mvasiljevic/tt-metal/tt_metal/hw/ckernels/blackhole/metal/common -I/home/mvasiljevic/tt-metal/tt_metal/hw/ckernels/blackhole/metal/llk_io -I/home/mvasiljevic/tt-metal/tt_metal/hw/inc/internal/tt-1xx -I/home/mvasiljevic/tt-metal/tt_metal/hw/inc/internal/tt-1xx/blackhole -I/home/mvasiljevic/tt-metal/tt_metal/hw/inc/internal/tt-1xx/blackhole/blackhole_defines -I/home/mvasiljevic/tt-metal/tt_metal/hw/inc/internal/tt-1xx/blackhole/noc -I/home/mvasiljevic/tt-metal/tt_metal/tt-llk/tt_llk_blackhole/common/inc -I/home/mvasiljevic/tt-metal/tt_metal/tt-llk/tt_llk_blackhole/llk_lib -I/home/mvasiljevic/tt-metal/tt_metal/hw/firmware/src/tt-1xx -I/home/mvasiljevic/tt-metal/ttnn/cpp/ttnn/operations/matmul/device/kernels/dataflow -c -o /home/mvasiljevic/.cache/tt-metal-cache/12569132917722018041/kernels/reader_bmm_tile_layout_in1_sender_dram_sharded/4583344934335699306/brisc/brisck.12384674535851203824.o /home/mvasiljevic/tt-metal/tt_metal/hw/firmware/src/tt-1xx/brisck.cc -MF /home/mvasiljevic/.cache/tt-metal-cache/12569132917722018041/kernels/reader_bmm_tile_layout_in1_sender_dram_sharded/4583344934335699306/brisc/brisck.12384674535851203824.d -DIS_NOT_POW2_NUM_L1_BANKS=1 -DLOG_BASE_2_OF_NUM_DRAM_BANKS=3 -DNUM_DRAM_BANKS=8 -DNUM_L1_BANKS=110 -DPCIE_NOC_X=19 -DPCIE_NOC_Y=24 -DTENSIX_FIRMWARE -DLOCAL_MEM_EN=0 -DPROFILE_KERNEL=1 -DPROFILER_FULL_HOST_BUFFER_SIZE_PER_RISC=48000 -DPROCESSOR_INDEX=0 -DCOMPILE_FOR_BRISC -DARCH_BLACKHOLE -DDISPATCH_MESSAGE_ADDR=4290184248 -DKERNEL_BUILD -DFULL_KERNEL_NAME="\"reader_bmm_tile_layout_in1_sender_dram_sharded/4583344934335699306/\"" -DOUT_SHARDED='1' -DSKIP_MCAST='1' -DNOC_INDEX='0' -DNOC_MODE='0' -DKERNEL_COMPILE_TIME_ARGS=13824,16,64,384,16,64,131072,131072,1 -DKERNEL_COMPILE_TIME_ARG_MAP="{\"cb_out_reshard\",6}, {\"cb_out\",4}, {\"cb_bias\",3}, {\"cb_in1\",1}, " 
In file included from /home/mvasiljevic/tt-metal/tt_metal/hw/inc/api/dataflow/dataflow_api.h:27,
                 from /home/mvasiljevic/tt-metal/tt_metal/hw/inc/internal/firmware_common.h:24,
                 from /home/mvasiljevic/tt-metal/tt_metal/hw/firmware/src/tt-1xx/brisck.cc:17:
/home/mvasiljevic/tt-metal/tt_metal/tools/profiler/kernel_profiler.hpp: In function 'void kernel_profiler::quick_push()':
/home/mvasiljevic/tt-metal/tt_metal/tools/profiler/kernel_profiler.hpp:25:22: note: '#pragma message: PROFILER-NOC-QUICK-PUSH,/home/mvasiljevic/tt-metal/tt_metal/tools/profiler/kernel_profiler.hpp,395,KERNEL_PROFILER'
   25 | #define DO_PRAGMA(x) _Pragma(#x)
      |                      ^~~~~~~
/home/mvasiljevic/tt-metal/tt_metal/tools/profiler/kernel_profiler.hpp:35:5: note: in expansion of macro 'DO_PRAGMA'
   35 |     DO_PRAGMA(message(PROFILER_MSG_NAME(name))); \
      |     ^~~~~~~~~
/home/mvasiljevic/tt-metal/tt_metal/tools/profiler/kernel_profiler.hpp:395:5: note: in expansion of macro 'SrcLocNameToHash'
  395 |     SrcLocNameToHash("PROFILER-NOC-QUICK-PUSH");
      |     ^~~~~~~~~~~~~~~~
/home/mvasiljevic/tt-metal/tt_metal/hw/firmware/src/tt-1xx/brisck.cc: In function 'uint32_t _start()':
/home/mvasiljevic/tt-metal/tt_metal/tools/profiler/kernel_profiler.hpp:25:22: note: '#pragma message: BRISC-KERNEL,/home/mvasiljevic/tt-metal/tt_metal/hw/firmware/src/tt-1xx/brisck.cc,77,KERNEL_PROFILER'
   25 | #define DO_PRAGMA(x) _Pragma(#x)
      |                      ^~~~~~~
/home/mvasiljevic/tt-metal/tt_metal/tools/profiler/kernel_profiler.hpp:702:5: note: in expansion of macro 'DO_PRAGMA'
  702 |     DO_PRAGMA(message(PROFILER_MSG_NAME(name)));                               \
      |     ^~~~~~~~~
/home/mvasiljevic/tt-metal/tt_metal/hw/firmware/src/tt-1xx/brisck.cc:77:9: note: in expansion of macro 'DeviceZoneScopedMainChildN'
   77 |         DeviceZoneScopedMainChildN("BRISC-KERNEL");
      |         ^~~~~~~~~~~~~~~~~~~~~~~~~~
Building brisc, compile step:
cd /home/mvasiljevic/.cache/tt-metal-cache/12569132917722018041/kernels/reader_bmm_tile_layout_in1_sender_dram_sharded/1545736271518259818/brisc/ && /home/mvasiljevic/tt-metal/runtime/sfpi/compiler/bin/riscv-tt-elf-g++ -O2 -std=c++17 -ftt-nttp -ftt-constinit -ftt-consteval -ftt-no-dyninit -flto=auto -ffast-math -fno-exceptions -fno-rtti -fno-use-cxa-atexit -g -MMD -Wall -Werror -Wno-error=deprecated-declarations -Wno-error=multistatement-macros -Wno-error=parentheses -Wno-error=unused-but-set-variable -Wno-unused-variable -Wno-unused-function -mcpu=tt-bh -fno-tree-loop-distribute-patterns -I. -I.. -I/home/mvasiljevic/tt-metal/ -I/home/mvasiljevic/tt-metal/ttnn -I/home/mvasiljevic/tt-metal/ttnn/cpp -I/home/mvasiljevic/tt-metal/tt_metal -I/home/mvasiljevic/tt-metal/tt_metal/hw/inc -I/home/mvasiljevic/tt-metal/tt_metal/tt-llk/common -I/home/mvasiljevic/tt-metal/tt_metal/hostdevcommon/api -I/home/mvasiljevic/tt-metal/tt_metal/api/ -I/home/mvasiljevic/tt-metal/tt_metal/hw/ckernels/blackhole/metal/common -I/home/mvasiljevic/tt-metal/tt_metal/hw/ckernels/blackhole/metal/llk_io -I/home/mvasiljevic/tt-metal/tt_metal/hw/inc/internal/tt-1xx -I/home/mvasiljevic/tt-metal/tt_metal/hw/inc/internal/tt-1xx/blackhole -I/home/mvasiljevic/tt-metal/tt_metal/hw/inc/internal/tt-1xx/blackhole/blackhole_defines -I/home/mvasiljevic/tt-metal/tt_metal/hw/inc/internal/tt-1xx/blackhole/noc -I/home/mvasiljevic/tt-metal/tt_metal/tt-llk/tt_llk_blackhole/common/inc -I/home/mvasiljevic/tt-metal/tt_metal/tt-llk/tt_llk_blackhole/llk_lib -I/home/mvasiljevic/tt-metal/tt_metal/hw/firmware/src/tt-1xx -I/home/mvasiljevic/tt-metal/ttnn/cpp/ttnn/operations/matmul/device/kernels/dataflow -c -o /home/mvasiljevic/.cache/tt-metal-cache/12569132917722018041/kernels/reader_bmm_tile_layout_in1_sender_dram_sharded/1545736271518259818/brisc/brisck.12384674535851203824.o /home/mvasiljevic/tt-metal/tt_metal/hw/firmware/src/tt-1xx/brisck.cc -MF /home/mvasiljevic/.cache/tt-metal-cache/12569132917722018041/kernels/reader_bmm_tile_layout_in1_sender_dram_sharded/1545736271518259818/brisc/brisck.12384674535851203824.d -DIS_NOT_POW2_NUM_L1_BANKS=1 -DLOG_BASE_2_OF_NUM_DRAM_BANKS=3 -DNUM_DRAM_BANKS=8 -DNUM_L1_BANKS=110 -DPCIE_NOC_X=19 -DPCIE_NOC_Y=24 -DTENSIX_FIRMWARE -DLOCAL_MEM_EN=0 -DPROFILE_KERNEL=1 -DPROFILER_FULL_HOST_BUFFER_SIZE_PER_RISC=48000 -DPROCESSOR_INDEX=0 -DCOMPILE_FOR_BRISC -DARCH_BLACKHOLE -DDISPATCH_MESSAGE_ADDR=4290184248 -DKERNEL_BUILD -DFULL_KERNEL_NAME="\"reader_bmm_tile_layout_in1_sender_dram_sharded/1545736271518259818/\"" -DOUT_SHARDED='1' -DSKIP_MCAST='1' -DNOC_INDEX='0' -DNOC_MODE='0' -DKERNEL_COMPILE_TIME_ARGS=13824,16,12,384,8,12,24576,24576,1 -DKERNEL_COMPILE_TIME_ARG_MAP="{\"cb_out_reshard\",6}, {\"cb_out\",4}, {\"cb_bias\",3}, {\"cb_in1\",1}, " 
In file included from /home/mvasiljevic/tt-metal/tt_metal/hw/inc/api/dataflow/dataflow_api.h:27,
                 from /home/mvasiljevic/tt-metal/tt_metal/hw/inc/internal/firmware_common.h:24,
                 from /home/mvasiljevic/tt-metal/tt_metal/hw/firmware/src/tt-1xx/brisck.cc:17:
/home/mvasiljevic/tt-metal/tt_metal/tools/profiler/kernel_profiler.hpp: In function 'void kernel_profiler::quick_push()':
/home/mvasiljevic/tt-metal/tt_metal/tools/profiler/kernel_profiler.hpp:25:22: note: '#pragma message: PROFILER-NOC-QUICK-PUSH,/home/mvasiljevic/tt-metal/tt_metal/tools/profiler/kernel_profiler.hpp,395,KERNEL_PROFILER'
   25 | #define DO_PRAGMA(x) _Pragma(#x)
      |                      ^~~~~~~
/home/mvasiljevic/tt-metal/tt_metal/tools/profiler/kernel_profiler.hpp:35:5: note: in expansion of macro 'DO_PRAGMA'
   35 |     DO_PRAGMA(message(PROFILER_MSG_NAME(name))); \
      |     ^~~~~~~~~
/home/mvasiljevic/tt-metal/tt_metal/tools/profiler/kernel_profiler.hpp:395:5: note: in expansion of macro 'SrcLocNameToHash'
  395 |     SrcLocNameToHash("PROFILER-NOC-QUICK-PUSH");
      |     ^~~~~~~~~~~~~~~~
/home/mvasiljevic/tt-metal/tt_metal/hw/firmware/src/tt-1xx/brisck.cc: In function 'uint32_t _start()':
/home/mvasiljevic/tt-metal/tt_metal/tools/profiler/kernel_profiler.hpp:25:22: note: '#pragma message: BRISC-KERNEL,/home/mvasiljevic/tt-metal/tt_metal/hw/firmware/src/tt-1xx/brisck.cc,77,KERNEL_PROFILER'
   25 | #define DO_PRAGMA(x) _Pragma(#x)
      |                      ^~~~~~~
/home/mvasiljevic/tt-metal/tt_metal/tools/profiler/kernel_profiler.hpp:702:5: note: in expansion of macro 'DO_PRAGMA'
  702 |     DO_PRAGMA(message(PROFILER_MSG_NAME(name)));                               \
      |     ^~~~~~~~~
/home/mvasiljevic/tt-metal/tt_metal/hw/firmware/src/tt-1xx/brisck.cc:77:9: note: in expansion of macro 'DeviceZoneScopedMainChildN'
   77 |         DeviceZoneScopedMainChildN("BRISC-KERNEL");
      |         ^~~~~~~~~~~~~~~~~~~~~~~~~~
2026-07-30 02:55:20.965 | INFO     | tracy:signpost:49 - OPTIMIZED_DECODE_B1
2026-07-30 02:55:20.967 | INFO     | tracy:signpost:49 - OPTIMIZED_DECODE_B1_END
PERF_RESULTS mode=decode batch=1 context=128 traced=true values={'optimized': (0.6213691085577011, 0.6203241646289825)}
PASSED2026-07-30 02:55:21.264 | info     |           Metal | Device kernel duration perf summary (device=3): count=322, min=456ns, avg=17119.9ns, max=475496ns (profiler_analysis.cpp:675)
2026-07-30 02:55:21.264 | info     |           Metal | Device kernel duration perf histogram (device=3): (buckets=10, bucket_size=47600ns, range=[0..476000), underflow(<0ns)=0, overflow(>=476000ns)=0) (profiler_analysis.cpp:718)
2026-07-30 02:55:21.264 | info     |           Metal |   [           0 ..        47600) |########################################|      291 (profiler_analysis.cpp:723)
2026-07-30 02:55:21.264 | info     |           Metal |   [       47600 ..        95200) |##                                      |       17 (profiler_analysis.cpp:723)
2026-07-30 02:55:21.264 | info     |           Metal |   [       95200 ..       142800) |#                                       |        6 (profiler_analysis.cpp:723)
2026-07-30 02:55:21.264 | info     |           Metal |   [      142800 ..       190400) |                                        |        3 (profiler_analysis.cpp:723)
2026-07-30 02:55:21.264 | info     |           Metal |   [      190400 ..       238000) |                                        |        1 (profiler_analysis.cpp:723)
2026-07-30 02:55:21.264 | info     |           Metal |   [      238000 ..       285600) |                                        |        0 (profiler_analysis.cpp:723)
2026-07-30 02:55:21.264 | info     |           Metal |   [      285600 ..       333200) |                                        |        2 (profiler_analysis.cpp:723)
2026-07-30 02:55:21.264 | info     |           Metal |   [      333200 ..       380800) |                                        |        1 (profiler_analysis.cpp:723)
2026-07-30 02:55:21.264 | info     |           Metal |   [      380800 ..       428400) |                                        |        0 (profiler_analysis.cpp:723)
2026-07-30 02:55:21.264 | info     |           Metal |   [      428400 ..       476000) |                                        |        1 (profiler_analysis.cpp:723)

models/autoports/microsoft_phi_3_5_mini_instruct/tests/optimized_decoder_perf.py::test_profile_warmed_prefill_before_after[blackhole-32-mesh_device0] 2026-07-30 02:55:21.693 | DEBUG    | ttnn.device:__init__:152 - Using default dispatch core type for this system: DispatchCoreType.WORKER
2026-07-30 02:55:21.693 | DEBUG    | ttnn.device:__init__:154 - Using default dispatch core axis for this system: DispatchCoreAxis.COL
2026-07-30 02:55:21.737 | warning  |           Metal | Opening subset of mmio devices slows down UMD read/write to remote chips. If opening more devices, consider using CreateDevices API. (device_manager.cpp:261)
2026-07-30 02:55:21.738 | info     |           Metal | Profiler started on device 3 (profiler_initializer.cpp:49)
2026-07-30 02:55:21.778 | DEBUG    | conftest:mesh_device:599 - multidevice with 1 devices is created
2026-07-30 02:55:22.651 | INFO     | tracy:signpost:49 - OPTIMIZED_PREFILL_B32
2026-07-30 02:55:22.820 | INFO     | tracy:signpost:49 - OPTIMIZED_PREFILL_B32_END
PERF_RESULTS mode=prefill batch=32 sequence=128 values={'optimized': (30.263181775808334, 30.253552831709385)}
PASSED2026-07-30 02:55:23.332 | info     |           Metal | Device kernel duration perf summary (device=3): count=721, min=1918ns, avg=170710.0ns, max=6857863ns (profiler_analysis.cpp:675)
2026-07-30 02:55:23.332 | info     |           Metal | Device kernel duration perf histogram (device=3): (buckets=10, bucket_size=685600ns, range=[0..6856000), underflow(<0ns)=0, overflow(>=6856000ns)=4) (profiler_analysis.cpp:718)
2026-07-30 02:55:23.332 | info     |           Metal |   [           0 ..       685600) |########################################|      696 (profiler_analysis.cpp:723)
2026-07-30 02:55:23.332 | info     |           Metal |   [      685600 ..      1371200) |#                                       |        9 (profiler_analysis.cpp:723)
2026-07-30 02:55:23.332 | info     |           Metal |   [     1371200 ..      2056800) |                                        |        0 (profiler_analysis.cpp:723)
2026-07-30 02:55:23.332 | info     |           Metal |   [     2056800 ..      2742400) |                                        |        4 (profiler_analysis.cpp:723)
2026-07-30 02:55:23.332 | info     |           Metal |   [     2742400 ..      3428000) |                                        |        4 (profiler_analysis.cpp:723)
2026-07-30 02:55:23.332 | info     |           Metal |   [     3428000 ..      4113600) |                                        |        4 (profiler_analysis.cpp:723)
2026-07-30 02:55:23.332 | info     |           Metal |   [     4113600 ..      4799200) |                                        |        0 (profiler_analysis.cpp:723)
2026-07-30 02:55:23.332 | info     |           Metal |   [     4799200 ..      5484800) |                                        |        0 (profiler_analysis.cpp:723)
2026-07-30 02:55:23.332 | info     |           Metal |   [     5484800 ..      6170400) |                                        |        0 (profiler_analysis.cpp:723)
2026-07-30 02:55:23.332 | info     |           Metal |   [     6170400 ..      6856000) |                                        |        0 (profiler_analysis.cpp:723)

models/autoports/microsoft_phi_3_5_mini_instruct/tests/optimized_decoder_perf.py::test_profile_traced_decode_before_after[blackhole-32-mesh_device0] 2026-07-30 02:55:24.088 | DEBUG    | ttnn.device:__init__:152 - Using default dispatch core type for this system: DispatchCoreType.WORKER
2026-07-30 02:55:24.089 | DEBUG    | ttnn.device:__init__:154 - Using default dispatch core axis for this system: DispatchCoreAxis.COL
2026-07-30 02:55:24.143 | warning  |           Metal | Opening subset of mmio devices slows down UMD read/write to remote chips. If opening more devices, consider using CreateDevices API. (device_manager.cpp:261)
2026-07-30 02:55:24.144 | info     |           Metal | Profiler started on device 3 (profiler_initializer.cpp:49)
2026-07-30 02:55:24.184 | DEBUG    | conftest:mesh_device:599 - multidevice with 1 devices is created
2026-07-30 02:55:25.170 | INFO     | tracy:signpost:49 - OPTIMIZED_DECODE_B32
2026-07-30 02:55:25.172 | INFO     | tracy:signpost:49 - OPTIMIZED_DECODE_B32_END
PERF_RESULTS mode=decode batch=32 context=128 traced=true values={'optimized': (0.7558527092138926, 0.7533775642514229)}
PASSED2026-07-30 02:55:25.505 | info     |           Metal | Device kernel duration perf summary (device=3): count=307, min=801ns, avg=20052.9ns, max=473987ns (profiler_analysis.cpp:675)
2026-07-30 02:55:25.505 | info     |           Metal | Device kernel duration perf histogram (device=3): (buckets=10, bucket_size=47400ns, range=[0..474000), underflow(<0ns)=0, overflow(>=474000ns)=0) (profiler_analysis.cpp:718)
2026-07-30 02:55:25.505 | info     |           Metal |   [           0 ..        47400) |########################################|      271 (profiler_analysis.cpp:723)
2026-07-30 02:55:25.505 | info     |           Metal |   [       47400 ..        94800) |###                                     |       22 (profiler_analysis.cpp:723)
2026-07-30 02:55:25.505 | info     |           Metal |   [       94800 ..       142200) |#                                       |        6 (profiler_analysis.cpp:723)
2026-07-30 02:55:25.505 | info     |           Metal |   [      142200 ..       189600) |                                        |        3 (profiler_analysis.cpp:723)
2026-07-30 02:55:25.505 | info     |           Metal |   [      189600 ..       237000) |                                        |        1 (profiler_analysis.cpp:723)
2026-07-30 02:55:25.505 | info     |           Metal |   [      237000 ..       284400) |                                        |        0 (profiler_analysis.cpp:723)
2026-07-30 02:55:25.505 | info     |           Metal |   [      284400 ..       331800) |                                        |        2 (profiler_analysis.cpp:723)
2026-07-30 02:55:25.505 | info     |           Metal |   [      331800 ..       379200) |                                        |        1 (profiler_analysis.cpp:723)
2026-07-30 02:55:25.505 | info     |           Metal |   [      379200 ..       426600) |                                        |        0 (profiler_analysis.cpp:723)
2026-07-30 02:55:25.505 | info     |           Metal |   [      426600 ..       474000) |                                        |        1 (profiler_analysis.cpp:723)


==================================== PASSES ====================================
- generated xml file: /home/mvasiljevic/tt-metal/generated/test_reports/most_recent_tests.xml -
============================== slowest durations ===============================
1.72s call     models/autoports/microsoft_phi_3_5_mini_instruct/tests/optimized_decoder_perf.py::test_profile_traced_decode_before_after[blackhole-1-mesh_device0]
1.34s setup    models/autoports/microsoft_phi_3_5_mini_instruct/tests/optimized_decoder_perf.py::test_profile_warmed_prefill_before_after[blackhole-1-mesh_device0]
1.12s call     models/autoports/microsoft_phi_3_5_mini_instruct/tests/optimized_decoder_perf.py::test_profile_warmed_prefill_before_after[blackhole-1-mesh_device0]
1.06s teardown models/autoports/microsoft_phi_3_5_mini_instruct/tests/optimized_decoder_perf.py::test_profile_warmed_prefill_before_after[blackhole-32-mesh_device0]
1.04s call     models/autoports/microsoft_phi_3_5_mini_instruct/tests/optimized_decoder_perf.py::test_profile_warmed_prefill_before_after[blackhole-32-mesh_device0]
0.99s call     models/autoports/microsoft_phi_3_5_mini_instruct/tests/optimized_decoder_perf.py::test_profile_traced_decode_before_after[blackhole-32-mesh_device0]
0.65s teardown models/autoports/microsoft_phi_3_5_mini_instruct/tests/optimized_decoder_perf.py::test_profile_warmed_prefill_before_after[blackhole-1-mesh_device0]
0.59s teardown models/autoports/microsoft_phi_3_5_mini_instruct/tests/optimized_decoder_perf.py::test_profile_traced_decode_before_after[blackhole-32-mesh_device0]
0.51s teardown models/autoports/microsoft_phi_3_5_mini_instruct/tests/optimized_decoder_perf.py::test_profile_traced_decode_before_after[blackhole-1-mesh_device0]
0.30s setup    models/autoports/microsoft_phi_3_5_mini_instruct/tests/optimized_decoder_perf.py::test_profile_traced_decode_before_after[blackhole-1-mesh_device0]
0.30s setup    models/autoports/microsoft_phi_3_5_mini_instruct/tests/optimized_decoder_perf.py::test_profile_warmed_prefill_before_after[blackhole-32-mesh_device0]
0.30s setup    models/autoports/microsoft_phi_3_5_mini_instruct/tests/optimized_decoder_perf.py::test_profile_traced_decode_before_after[blackhole-32-mesh_device0]
=========================== short test summary info ============================
PASSED models/autoports/microsoft_phi_3_5_mini_instruct/tests/optimized_decoder_perf.py::test_profile_warmed_prefill_before_after[blackhole-1-mesh_device0]
PASSED models/autoports/microsoft_phi_3_5_mini_instruct/tests/optimized_decoder_perf.py::test_profile_traced_decode_before_after[blackhole-1-mesh_device0]
PASSED models/autoports/microsoft_phi_3_5_mini_instruct/tests/optimized_decoder_perf.py::test_profile_warmed_prefill_before_after[blackhole-32-mesh_device0]
PASSED models/autoports/microsoft_phi_3_5_mini_instruct/tests/optimized_decoder_perf.py::test_profile_traced_decode_before_after[blackhole-32-mesh_device0]
============================== 4 passed in 11.01s ==============================
nanobind: leaked 2 instances!
 - leaked instance 0x732ad57b8348 of type "ttnn._ttnn.tensor.MemoryConfig"
 - leaked instance 0x732af8351f38 of type "ttnn._ttnn.tensor.CoreRangeSet"
nanobind: leaked 20 types!
 - leaked type "ttnn._ttnn.operations.matmul.MatmulMultiCoreReuseMultiCast1DProgramConfig"
 - leaked type "ttnn._ttnn.operations.matmul.MatmulInputs"
 - leaked type "ttnn._ttnn.operations.matmul.MatmulMultiCoreReuseMultiCastBatchedDRAMShardedProgramConfig"
 - leaked type "BufferType"
 - leaked type "UnaryOpType"
 - leaked type "Layout"
 - leaked type "ttnn._ttnn.operations.matmul.MatmulMultiCoreReuseOptimizedProgramFactory"
 - leaked type "Arch"
 - leaked type "ttnn._ttnn.operations.matmul.MatmulParams"
 - leaked type "ttnn._ttnn.tensor.CoreRangeSet"
 - ... skipped remainder
nanobind: leaked 247 functions!
 - leaked function ""
 - leaked function ""
 - leaked function "update_tensor_topology"
 - leaked function "__repr__"
 - leaked function "from_json"
 - leaked function ""
 - leaked function "get_tile"
 - leaked function "__init__"
 - leaked function "is_allocated"
 - leaked function "to_torch"
 - ... skipped remainder
nanobind: this is likely caused by a reference counting issue in the binding code.
See https://nanobind.readthedocs.io/en/latest/refleaks.html2026-07-30 02:55:27.537 | info     |    BuildKernels | JIT cache stats: 342/345 hits (99.1%) [342 cached, 421 build-once dedup, 0 merged artifacts, 0 merged genfiles] (build_cache_telemetry.cpp:207)
2026-07-30 02:55:27.537 | info     |    BuildKernels | JIT telemetry: 3 registered TelemetryTokens (build_cache_telemetry.cpp:230)
2026-07-30 02:55:27.550 | info     |          Device | Closing user mode device drivers (tt_cluster.cpp:512)
2026-07-30 02:55:27.550 | info     |             UMD | Closing devices in cluster (cluster.cpp:1037)
2026-07-30 02:55:28.048 | info     |             UMD | Closing devices in cluster completed. (cluster.cpp:1046)
2026-07-30 02:55:28.049 | info     |             UMD | Cluster destructor started. (cluster.cpp:754)
2026-07-30 02:55:28.049 | info     |             UMD | Cluster destructor completed. (cluster.cpp:757)

Timer resolution: 0 ns

Frames: 2
Time span: 2:35:35
Zones: 1,643,187
Elapsed time: 14.61 s
Saving trace... done!
Trace size 14.53 MB (17.95% ratio)
2026-07-30 02:55:28.276 | INFO     | __main__:main:452 - Copying /home/mvasiljevic/tt-metal/generated/profiler/.logs/tracy_profile_log_host.tracy to /home/mvasiljevic/tt-metal/build/profiler/build_wasm/traces/optimized_decoder_perf_2026_07_30_02_55_28.tracy
2026-07-30 02:55:28.279 | INFO     | __main__:main:455 - Copied /home/mvasiljevic/tt-metal/generated/profiler/.logs/tracy_profile_log_host.tracy to /home/mvasiljevic/tt-metal/build/profiler/build_wasm/traces/optimized_decoder_perf_2026_07_30_02_55_28.tracy
2026-07-30 02:55:28.279 | INFO     | __main__:main:464 - embed.tracy -> traces/optimized_decoder_perf_2026_07_30_02_55_28.tracy
2026-07-30 02:55:28.279 | INFO     | tracy.serve_wasm:launch_server_subprocess:284 - Launching tracy web app GUI server subprocess...
2026-07-30 02:55:28.279 | INFO     | tracy.serve_wasm:launch_server_subprocess:287 - Tracy WASM web UI (open in browser): http://localhost:8080/ (WebSocket for live reload: ws://localhost:8081/)
2026-07-30 02:55:28.279 | INFO     | tracy.serve_wasm:launch_server_subprocess:294 - Tracy WASM server already serving port 8080; reusing it (live-reload refreshes the browser).
2026-07-30 02:55:28.924 | INFO     | tracy:generate_report:162 - Host side ops time report generated at /home/mvasiljevic/tt-metal/generated/profiler/.logs/tracy_ops_times.csv
2026-07-30 02:55:28.948 | INFO     | tracy:generate_report:173 - Host side ops data report generated at /home/mvasiljevic/tt-metal/generated/profiler/.logs/tracy_ops_data.csv
2026-07-30 02:55:28.949 | INFO     | tracy.process_ops_logs:import_tracy_op_logs:345 - Importing ops logs
/home/mvasiljevic/tt-metal/tools/tracy/process_ops_logs.py:450: DtypeWarning: Columns (3,4,8) have mixed types. Specify dtype option on import or set low_memory=False.
  df = pd.read_csv(tracyOpTimesLog)
2026-07-30 02:55:30.543 | INFO     | tracy.perf_counter_analysis:get_device_op_data:2140 - Getting device ops
2026-07-30 02:55:30.544 | INFO     | tracy.process_ops_logs:append_device_data:1009 - Appending device data
2026-07-30 02:55:32.291 | INFO     | tracy.process_ops_logs:generate_reports:1342 - OPs' perf analysis is finished! Generating reports ...
2026-07-30 02:55:32.291 | INFO     | tracy.process_ops_logs:generate_reports:1360 - Copying runtime artifacts
2026-07-30 02:55:32.336 | INFO     | tracy.process_ops_logs:generate_reports:1369 - Generating OPs CSV
2026-07-30 02:55:32.780 | INFO     | tracy.process_ops_logs:generate_reports:1765 - OPs csv generated at: /home/mvasiljevic/tt-metal/generated/profiler/reports/2026_07_30_02_55_32/ops_perf_results_2026_07_30_02_55_32.csv
