2026-07-11 08:03:17.869 | DEBUG    | ttnn:<module>:79 - Initial ttnn.CONFIG:
Config{cache_path=/home/odjuricic/.cache/ttnn,model_cache_path=/home/odjuricic/.cache/ttnn/models,tmp_dir=/tmp/ttnn,enable_model_cache=false,enable_fast_runtime_mode=true,throw_exception_on_fallback=false,enable_logging=false,enable_graph_report=false,enable_graph_python_stack_traces=false,enable_detailed_buffer_report=false,enable_detailed_tensor_report=false,enable_comparison_mode=false,comparison_mode_should_raise_exception=false,comparison_mode_pcc=0.9999,root_report_path=generated/ttnn/reports,report_name=std::nullopt,std::nullopt}
============================= test session starts ==============================
platform linux -- Python 3.10.19, pytest-9.0.3, pluggy-1.6.0 -- /opt/venv/bin/python3
cachedir: .pytest_cache
benchmark: 5.2.3 (defaults: timer=time.perf_counter disable_gc=False min_rounds=5 min_time=0.000005 max_time=1.0 calibration_precision=10 warmup=False warmup_iterations=100000)
rootdir: /localdev/odjuricic/tt-metal
configfile: pytest.ini
plugins: dash-2.15.0, cov-7.0.0, anyio-4.14.1, github-actions-annotate-failures-0.3.0, split-0.11.0, benchmark-5.2.3, timeout-2.4.0
timeout: 300.0s
timeout method: signal
timeout func_only: False
collecting ... collected 33 items / 25 deselected / 8 selected

models/autoports/google_gemma_4_31b/tests/test_functional_decoder.py::test_periodic_one_query_hf_oracle_matches_stock[0-sliding_attention] [transformers] You tried to access the `AttentionInterface` with a `config._attn_implementation` set to `None`. This is expected if you use an Attention Module as a standalone Module. If this is not the case, something went wrong with the dispatch of `config._attn_implementation`
PCC=0.9999999711000842
PASSED
models/autoports/google_gemma_4_31b/tests/test_functional_decoder.py::test_periodic_one_query_hf_oracle_matches_stock[5-full_attention] PCC=0.9999999907942777
PASSED
models/autoports/google_gemma_4_31b/tests/test_functional_decoder.py::test_sliding_padding_cache_ownership_and_decode[1025] 2026-07-11 08:03:26.959 | info     |          Device | Opening user mode device driver (tt_cluster.cpp:228)
2026-07-11 08:03:26.960 | info     |             UMD | Cluster constructor started. (cluster.cpp:348)
2026-07-11 08:03:26.960 | info     |             UMD | Creating TopologyDiscovery for architecture: blackhole (topology_discovery.cpp:91)
2026-07-11 08:03:26.960 | info     |             UMD | Starting topology discovery. (topology_discovery.cpp:110)
2026-07-11 08:03:26.961 | info     |             UMD | Established firmware bundle version: 19.9.0 (topology_discovery.cpp:569)
2026-07-11 08:03:26.961 | info     |             UMD | Firmware bundle version 19.9.0 on the system is newer than the latest fully tested version 19.5.0 for blackhole architecture. Newest features may not be supported. (topology_discovery.cpp:601)
2026-07-11 08:03:26.961 | info     |             UMD | Completed topology discovery. (topology_discovery.cpp:114)
2026-07-11 08:03:27.003 | info     |             UMD | Opening local chip ids/PCIe ids: {0}/[0] and remote chip ids {} (cluster.cpp:168)
2026-07-11 08:03:27.003 | info     |             UMD | IOMMU: enabled (cluster.cpp:142)
2026-07-11 08:03:27.003 | info     |             UMD | KMD version: 2.4.1 (cluster.cpp:145)
2026-07-11 08:03:27.003 | info     |             UMD | Cluster constructor completed. (cluster.cpp:520)
2026-07-11 08:03:27.004 | info     |             UMD | Starting devices in cluster (cluster.cpp:1024)
2026-07-11 08:03:27.081 | info     |             UMD | Starting devices in cluster completed. (cluster.cpp:1032)
2026-07-11 08:03:27.266 | DEBUG    | ttnn.device:__init__:152 - Using default dispatch core type for this system: DispatchCoreType.WORKER
2026-07-11 08:03:27.266 | DEBUG    | ttnn.device:__init__:154 - Using default dispatch core axis for this system: DispatchCoreAxis.COL
2026-07-11 08:03:27.266 | info     |     Distributed | Using auto discovery to generate mesh graph. (metal_env.cpp:367)
2026-07-11 08:03:27.266 | info     |     Distributed | Constructing control plane using auto-discovery (no mesh graph descriptor). (metal_env.cpp:429)
2026-07-11 08:03:27.267 | info     |          Fabric | Logical multi-mesh adjacency: intermesh degree histogram {0:1}; intra-mesh degree histograms mesh0 {0:1} (topology_mapper_utils.cpp:2342)
2026-07-11 08:03:27.267 | info     |          Fabric | Physical multi-mesh adjacency: intermesh degree histogram {0:1}; intra-mesh degree histograms mesh0 {0:1} (topology_mapper_utils.cpp:2350)
2026-07-11 08:03:27.274 | info     |    BuildKernels | Using pre-compiled firmware from: /localdev/odjuricic/tt-metal/tt_metal/pre-compiled/13793420398762238087/ (build_env_manager.cpp:347)
2026-07-11 08:03:27.337 | info     |           Metal | ShmResourceTracker: removed orphaned shm '/tt_device_143238002115104_memory' (shm_resource_tracker.cpp:282)
2026-07-11 08:03:27.905 | info     |           Metal | [Real-time profiler] Device 0 sync complete: 100 samples, frequency=1.349963 GHz, device_time_at_sync=8770874193458 cycles (realtime_profiler_manager.cpp:1127)
PCC=0.9977015461584469
SLIDING_CACHE_OWNERSHIP seq_len=1025 logical=2 physical_block=15 block_offset=2
PCC=0.9998895075651395
PCC=0.9999089883821167
PASSED
models/autoports/google_gemma_4_31b/tests/test_functional_decoder.py::test_sliding_padding_cache_ownership_and_decode[1057] PCC=0.9993295611988059
SLIDING_CACHE_OWNERSHIP seq_len=1057 logical=34 physical_block=15 block_offset=34
PCC=0.9998854077360355
PCC=0.9999109423017835
PASSED
models/autoports/google_gemma_4_31b/tests/test_functional_decoder.py::test_changed_trace_buffers_random_and_boundaries[random-0-sliding_attention] PCC=0.9996957807844454
PCC=0.9989483131146379
TRACE_MUTATION kind=sliding_attention case=random seed=20261333 positions=737->738 correct_rmse=0.01955197937786579 stale_rmse=0.571222722530365
PASSED
models/autoports/google_gemma_4_31b/tests/test_functional_decoder.py::test_changed_trace_buffers_random_and_boundaries[random-5-full_attention] PCC=0.9994504327344863
PCC=0.9994439795655315
TRACE_MUTATION kind=full_attention case=random seed=20261338 positions=321->322 correct_rmse=0.010196787305176258 stale_rmse=0.38344261050224304
PASSED
models/autoports/google_gemma_4_31b/tests/test_functional_decoder.py::test_changed_trace_buffers_random_and_boundaries[window_wrap-0-sliding_attention] PCC=0.9990431820564327
PCC=0.9996189482798649
TRACE_MUTATION kind=sliding_attention case=window_wrap seed=None positions=1023->1024 correct_rmse=0.02038652077317238 stale_rmse=0.5125223994255066
PASSED
models/autoports/google_gemma_4_31b/tests/test_functional_decoder.py::test_changed_trace_buffers_random_and_boundaries[window_wrap-5-full_attention] PCC=0.9994411032582565
PCC=0.9993815772444882
TRACE_MUTATION kind=full_attention case=window_wrap seed=None positions=1023->1024 correct_rmse=0.012401641346514225 stale_rmse=0.44400617480278015
PASSED

=============================== warnings summary ===============================
<frozen importlib._bootstrap>:241
  <frozen importlib._bootstrap>:241: DeprecationWarning: builtin type SwigPyPacked has no __module__ attribute

<frozen importlib._bootstrap>:241
  <frozen importlib._bootstrap>:241: DeprecationWarning: builtin type SwigPyObject has no __module__ attribute

models/tt_transformers/tt/common.py:28
  /localdev/odjuricic/tt-metal/models/tt_transformers/tt/common.py:28: PydanticDeprecatedSince20: Support for class-based `config` is deprecated, use ConfigDict instead. Deprecated in Pydantic V2.0 to be removed in V3.0. See Pydantic V2 Migration Guide at https://errors.pydantic.dev/2.14/migration/
    class ImageMedia(BaseModel):

-- Docs: https://docs.pytest.org/en/stable/how-to/capture-warnings.html
==================================== PASSES ====================================
- generated xml file: /localdev/odjuricic/tt-metal/generated/test_reports/most_recent_tests.xml -
============================== slowest durations ===============================
13.30s call     models/autoports/google_gemma_4_31b/tests/test_functional_decoder.py::test_changed_trace_buffers_random_and_boundaries[random-0-sliding_attention]
12.67s call     models/autoports/google_gemma_4_31b/tests/test_functional_decoder.py::test_changed_trace_buffers_random_and_boundaries[random-5-full_attention]
5.57s call     models/autoports/google_gemma_4_31b/tests/test_functional_decoder.py::test_changed_trace_buffers_random_and_boundaries[window_wrap-5-full_attention]
5.16s call     models/autoports/google_gemma_4_31b/tests/test_functional_decoder.py::test_sliding_padding_cache_ownership_and_decode[1025]
4.81s call     models/autoports/google_gemma_4_31b/tests/test_functional_decoder.py::test_changed_trace_buffers_random_and_boundaries[window_wrap-0-sliding_attention]
4.81s call     models/autoports/google_gemma_4_31b/tests/test_functional_decoder.py::test_sliding_padding_cache_ownership_and_decode[1057]
3.04s call     models/autoports/google_gemma_4_31b/tests/test_functional_decoder.py::test_periodic_one_query_hf_oracle_matches_stock[5-full_attention]
2.77s call     models/autoports/google_gemma_4_31b/tests/test_functional_decoder.py::test_periodic_one_query_hf_oracle_matches_stock[0-sliding_attention]
1.20s setup    models/autoports/google_gemma_4_31b/tests/test_functional_decoder.py::test_sliding_padding_cache_ownership_and_decode[1025]
0.24s setup    models/autoports/google_gemma_4_31b/tests/test_functional_decoder.py::test_periodic_one_query_hf_oracle_matches_stock[0-sliding_attention]
0.24s setup    models/autoports/google_gemma_4_31b/tests/test_functional_decoder.py::test_changed_trace_buffers_random_and_boundaries[window_wrap-0-sliding_attention]
0.23s setup    models/autoports/google_gemma_4_31b/tests/test_functional_decoder.py::test_sliding_padding_cache_ownership_and_decode[1057]
0.23s setup    models/autoports/google_gemma_4_31b/tests/test_functional_decoder.py::test_changed_trace_buffers_random_and_boundaries[random-0-sliding_attention]
0.23s setup    models/autoports/google_gemma_4_31b/tests/test_functional_decoder.py::test_periodic_one_query_hf_oracle_matches_stock[5-full_attention]
0.23s setup    models/autoports/google_gemma_4_31b/tests/test_functional_decoder.py::test_changed_trace_buffers_random_and_boundaries[window_wrap-5-full_attention]
0.23s setup    models/autoports/google_gemma_4_31b/tests/test_functional_decoder.py::test_changed_trace_buffers_random_and_boundaries[random-5-full_attention]
0.12s teardown models/autoports/google_gemma_4_31b/tests/test_functional_decoder.py::test_changed_trace_buffers_random_and_boundaries[window_wrap-5-full_attention]

(7 durations < 0.005s hidden.  Use -vv to show these durations.)
=========================== short test summary info ============================
PASSED models/autoports/google_gemma_4_31b/tests/test_functional_decoder.py::test_periodic_one_query_hf_oracle_matches_stock[0-sliding_attention]
PASSED models/autoports/google_gemma_4_31b/tests/test_functional_decoder.py::test_periodic_one_query_hf_oracle_matches_stock[5-full_attention]
PASSED models/autoports/google_gemma_4_31b/tests/test_functional_decoder.py::test_sliding_padding_cache_ownership_and_decode[1025]
PASSED models/autoports/google_gemma_4_31b/tests/test_functional_decoder.py::test_sliding_padding_cache_ownership_and_decode[1057]
PASSED models/autoports/google_gemma_4_31b/tests/test_functional_decoder.py::test_changed_trace_buffers_random_and_boundaries[random-0-sliding_attention]
PASSED models/autoports/google_gemma_4_31b/tests/test_functional_decoder.py::test_changed_trace_buffers_random_and_boundaries[random-5-full_attention]
PASSED models/autoports/google_gemma_4_31b/tests/test_functional_decoder.py::test_changed_trace_buffers_random_and_boundaries[window_wrap-0-sliding_attention]
PASSED models/autoports/google_gemma_4_31b/tests/test_functional_decoder.py::test_changed_trace_buffers_random_and_boundaries[window_wrap-5-full_attention]
================ 8 passed, 25 deselected, 3 warnings in 56.68s =================
sys:1: DeprecationWarning: builtin type swigvarlink has no __module__ attribute
2026-07-11 08:04:17.940 | info     |    BuildKernels | JIT cache stats: 376/489 hits (76.9%) [376 cached, 340 build-once dedup, 0 merged artifacts, 0 merged genfiles] (build_cache_telemetry.cpp:207)
2026-07-11 08:04:17.940 | info     |    BuildKernels | JIT telemetry: 3 registered TelemetryTokens (build_cache_telemetry.cpp:230)
2026-07-11 08:04:17.949 | info     |          Device | Closing user mode device drivers (tt_cluster.cpp:512)
2026-07-11 08:04:17.949 | info     |             UMD | Closing devices in cluster (cluster.cpp:1037)
2026-07-11 08:04:18.097 | info     |             UMD | Closing devices in cluster completed. (cluster.cpp:1046)
2026-07-11 08:04:18.097 | info     |             UMD | Cluster destructor started. (cluster.cpp:754)
2026-07-11 08:04:18.097 | info     |             UMD | Cluster destructor completed. (cluster.cpp:757)
