2026-07-29 20:09:23.674 | DEBUG    | ttnn:<module>:79 - Initial ttnn.CONFIG:
Config{cache_path=/home/mvasiljevic/.cache/ttnn,model_cache_path=/home/mvasiljevic/.cache/ttnn/models,tmp_dir=/tmp/ttnn,enable_model_cache=false,enable_fast_runtime_mode=true,throw_exception_on_fallback=false,enable_logging=false,enable_graph_report=false,enable_graph_python_stack_traces=false,enable_detailed_buffer_report=false,enable_detailed_tensor_report=false,enable_comparison_mode=false,comparison_mode_should_raise_exception=false,comparison_mode_pcc=0.9999,root_report_path=generated/ttnn/reports,report_name=std::nullopt,std::nullopt}
[transformers] The fast path is not available because one of the required library is not installed. Falling back to torch implementation. To install follow https://github.com/fla-org/flash-linear-attention#installation and https://github.com/Dao-AILab/causal-conv1d
2026-07-29 20:09:23.958 | info     |          Device | Opening user mode device driver (tt_cluster.cpp:228)
2026-07-29 20:09:23.958 | info     |             UMD | Cluster constructor started. (cluster.cpp:348)
2026-07-29 20:09:23.958 | info     |             UMD | Creating TopologyDiscovery for architecture: blackhole (topology_discovery.cpp:91)
2026-07-29 20:09:23.958 | info     |             UMD | Starting topology discovery. (topology_discovery.cpp:110)
2026-07-29 20:09:23.959 | info     |             UMD | Established firmware bundle version: 19.8.0 (topology_discovery.cpp:569)
2026-07-29 20:09:23.959 | info     |             UMD | Firmware bundle version 19.8.0 on the system is newer than the latest fully tested version 19.5.0 for blackhole architecture. Newest features may not be supported. (topology_discovery.cpp:601)
2026-07-29 20:09:23.963 | info     |             UMD | Completed topology discovery. (topology_discovery.cpp:114)
2026-07-29 20:09:24.184 | info     |             UMD | Opening local chip ids/PCIe ids: {0, 1, 2, 3}/[0, 1, 2, 3] and remote chip ids {} (cluster.cpp:168)
2026-07-29 20:09:24.184 | info     |             UMD | IOMMU: enabled (cluster.cpp:142)
2026-07-29 20:09:24.184 | info     |             UMD | KMD version: 2.8.0 (cluster.cpp:145)
2026-07-29 20:09:24.184 | info     |             UMD | Cluster constructor completed. (cluster.cpp:520)
2026-07-29 20:09:24.185 | info     |             UMD | Starting devices in cluster (cluster.cpp:1024)
2026-07-29 20:09:24.338 | info     |             UMD | Starting devices in cluster completed. (cluster.cpp:1032)
2026-07-29 20:09:24.461 | DEBUG    | ttnn.device:__init__:152 - Using default dispatch core type for this system: DispatchCoreType.WORKER
2026-07-29 20:09:24.461 | DEBUG    | ttnn.device:__init__:154 - Using default dispatch core axis for this system: DispatchCoreAxis.COL
2026-07-29 20:09:24.461 | info     |     Distributed | Using auto discovery to generate mesh graph. (metal_env.cpp:367)
2026-07-29 20:09:24.461 | info     |     Distributed | Constructing control plane using auto-discovery (no mesh graph descriptor). (metal_env.cpp:429)
2026-07-29 20:09:24.461 | warning  |          Always | Unknown motherboard 'B850M-C' for chip_id=0 (bus_id=0x1) — falling back to bus_id as tray_id. Add this motherboard and its bus IDs to mobo_to_bus_ids in physical_system_discovery.cpp. (physical_system_discovery.cpp:89)
2026-07-29 20:09:24.461 | warning  |          Always | Unknown motherboard 'B850M-C' for chip_id=1 (bus_id=0x2) — falling back to bus_id as tray_id. Add this motherboard and its bus IDs to mobo_to_bus_ids in physical_system_discovery.cpp. (physical_system_discovery.cpp:89)
2026-07-29 20:09:24.461 | warning  |          Always | Unknown motherboard 'B850M-C' for chip_id=2 (bus_id=0x3) — falling back to bus_id as tray_id. Add this motherboard and its bus IDs to mobo_to_bus_ids in physical_system_discovery.cpp. (physical_system_discovery.cpp:89)
2026-07-29 20:09:24.461 | warning  |          Always | Unknown motherboard 'B850M-C' for chip_id=3 (bus_id=0x4) — falling back to bus_id as tray_id. Add this motherboard and its bus IDs to mobo_to_bus_ids in physical_system_discovery.cpp. (physical_system_discovery.cpp:89)
2026-07-29 20:09:24.461 | warning  |          Always | Unknown motherboard 'B850M-C' for chip_id=1 (bus_id=0x2) — falling back to bus_id as tray_id. Add this motherboard and its bus IDs to mobo_to_bus_ids in physical_system_discovery.cpp. (physical_system_discovery.cpp:89)
2026-07-29 20:09:24.461 | warning  |          Always | Unknown motherboard 'B850M-C' for chip_id=0 (bus_id=0x1) — falling back to bus_id as tray_id. Add this motherboard and its bus IDs to mobo_to_bus_ids in physical_system_discovery.cpp. (physical_system_discovery.cpp:89)
2026-07-29 20:09:24.462 | warning  |          Always | Unknown motherboard 'B850M-C' for chip_id=2 (bus_id=0x3) — falling back to bus_id as tray_id. Add this motherboard and its bus IDs to mobo_to_bus_ids in physical_system_discovery.cpp. (physical_system_discovery.cpp:89)
2026-07-29 20:09:24.462 | warning  |          Always | Unknown motherboard 'B850M-C' for chip_id=3 (bus_id=0x4) — falling back to bus_id as tray_id. Add this motherboard and its bus IDs to mobo_to_bus_ids in physical_system_discovery.cpp. (physical_system_discovery.cpp:89)
2026-07-29 20:09:24.462 | info     |          Fabric | Logical multi-mesh adjacency: intermesh degree histogram {0:1}; intra-mesh degree histograms mesh0 {2:4} (topology_mapper_utils.cpp:2342)
2026-07-29 20:09:24.462 | info     |          Fabric | Physical multi-mesh adjacency: intermesh degree histogram {0:1}; intra-mesh degree histograms mesh0 {2:4} (topology_mapper_utils.cpp:2350)
2026-07-29 20:09:24.467 | info     |    BuildKernels | Using pre-compiled firmware from: /home/mvasiljevic/tt-metal/tt_metal/pre-compiled/13793420398762238087/ (build_env_manager.cpp:347)
2026-07-29 20:09:24.467 | info     |    BuildKernels | Using pre-compiled firmware from: /home/mvasiljevic/tt-metal/tt_metal/pre-compiled/13793420398762238087/ (build_env_manager.cpp:347)
2026-07-29 20:09:24.467 | info     |    BuildKernels | Using pre-compiled firmware from: /home/mvasiljevic/tt-metal/tt_metal/pre-compiled/13793420398762238087/ (build_env_manager.cpp:347)
2026-07-29 20:09:24.467 | info     |    BuildKernels | Using pre-compiled firmware from: /home/mvasiljevic/tt-metal/tt_metal/pre-compiled/13793420398762238087/ (build_env_manager.cpp:347)
2026-07-29 20:09:24.495 | warning  |           Metal | Opening subset of mmio devices slows down UMD read/write to remote chips. If opening more devices, consider using CreateDevices API. (device_manager.cpp:261)
2026-07-29 20:09:24.534 | info     |           Metal | ShmResourceTracker: removed orphaned shm '/tt_device_154095681929600_memory' (shm_resource_tracker.cpp:282)
2026-07-29 20:09:25.114 | info     |           Metal | [Real-time profiler] Device 3 sync complete: 100 samples, frequency=1.349974 GHz, device_time_at_sync=8103992202599 cycles (realtime_profiler_manager.cpp:1127)
FALLBACK_AUDIT throw_exception_on_fallback=True
LINEAR_ATTENTION_REAL_WEIGHT_DECODE_PCC 0.9999218584509479
nanobind: leaked 2 instances!
 - leaked instance 0x7232d29b8558 of type "ttnn._ttnn.device.DispatchCoreConfig"
 - leaked instance 0x7232d28a42e8 of type "ttnn._ttnn.tensor.CoreRangeSet"
nanobind: leaked 42 types!
 - leaked type "DispatchCoreAxis"
 - leaked type "ttnn._ttnn.device.SubDeviceManagerId"
 - leaked type "MathFidelity"
 - leaked type "ttnn._ttnn.operations.matmul.MatmulMultiCoreReuseMultiCast1DProgramConfig"
 - leaked type "ttnn._ttnn.types.Shape"
 - leaked type "ttnn._ttnn.operations.matmul.MatmulInputs"
 - leaked type "ttnn._ttnn.operations.matmul.MatmulMultiCoreReuseMultiCastBatchedDRAMShardedProgramConfig"
 - leaked type "BufferType"
 - leaked type "UnaryOpType"
 - leaked type "Layout"
 - ... skipped remainder
nanobind: leaked 343 functions!
 - leaked function ""
 - leaked function "experimental_per_core_buffer_address"
 - leaked function "get_max_worker_l1_unreserved_size"
 - leaked function ""
 - leaked function "arch"
 - leaked function "__repr__"
 - leaked function "get_tile_size"
 - leaked function "__init__"
 - leaked function ""
 - leaked function ""
 - ... skipped remainder
nanobind: this is likely caused by a reference counting issue in the binding code.
See https://nanobind.readthedocs.io/en/latest/refleaks.html2026-07-29 20:09:26.486 | info     |    BuildKernels | JIT cache stats: 361/361 hits (100.0%) [361 cached, 65 build-once dedup, 0 merged artifacts, 0 merged genfiles] (build_cache_telemetry.cpp:207)
2026-07-29 20:09:26.486 | info     |    BuildKernels | JIT telemetry: 3 registered TelemetryTokens (build_cache_telemetry.cpp:230)
2026-07-29 20:09:26.499 | info     |          Device | Closing user mode device drivers (tt_cluster.cpp:512)
2026-07-29 20:09:26.499 | info     |             UMD | Closing devices in cluster (cluster.cpp:1037)
2026-07-29 20:09:27.084 | info     |             UMD | Closing devices in cluster completed. (cluster.cpp:1046)
2026-07-29 20:09:27.084 | info     |             UMD | Cluster destructor started. (cluster.cpp:754)
2026-07-29 20:09:27.085 | info     |             UMD | Cluster destructor completed. (cluster.cpp:757)
