2026-07-28 17:30:28.301 | DEBUG    | ttnn:<module>:79 - Initial ttnn.CONFIG:
Config{cache_path=/home/mvasiljevic/.cache/ttnn,model_cache_path=/home/mvasiljevic/.cache/ttnn/models,tmp_dir=/tmp/ttnn,enable_model_cache=false,enable_fast_runtime_mode=true,throw_exception_on_fallback=false,enable_logging=false,enable_graph_report=false,enable_graph_python_stack_traces=false,enable_detailed_buffer_report=false,enable_detailed_tensor_report=false,enable_comparison_mode=false,comparison_mode_should_raise_exception=false,comparison_mode_pcc=0.9999,root_report_path=generated/ttnn/reports,report_name=std::nullopt,std::nullopt}
============================= test session starts ==============================
platform linux -- Python 3.12.13, pytest-9.0.3, pluggy-1.6.0 -- /home/mvasiljevic/tt-metal/python_env/bin/python3
cachedir: .pytest_cache
benchmark: 5.2.3 (defaults: timer=time.perf_counter disable_gc=False min_rounds=5 min_time=0.000005 max_time=1.0 calibration_precision=10 warmup=False warmup_iterations=100000)
rootdir: /home/mvasiljevic/tt-metal
configfile: pytest.ini
plugins: github-actions-annotate-failures-0.3.0, anyio-4.14.2, dash-2.15.0, split-0.11.0, timeout-2.4.0, benchmark-5.2.3, cov-7.0.0
timeout: 300.0s
timeout method: signal
timeout func_only: False
collecting ... collected 18 items / 15 deselected / 3 selected

models/autoports/microsoft_phi_3_5_mini_instruct/tests/test_functional_decoder.py::test_real_weight_paged_prefill_and_decode[blackhole-mesh_device0] 2026-07-28 17:30:29.851 | info     |          Device | Opening user mode device driver (tt_cluster.cpp:228)
2026-07-28 17:30:29.852 | info     |             UMD | Cluster constructor started. (cluster.cpp:348)
2026-07-28 17:30:29.852 | info     |             UMD | Creating TopologyDiscovery for architecture: blackhole (topology_discovery.cpp:91)
2026-07-28 17:30:29.852 | info     |             UMD | Starting topology discovery. (topology_discovery.cpp:110)
2026-07-28 17:30:29.853 | info     |             UMD | Established firmware bundle version: 19.8.0 (topology_discovery.cpp:569)
2026-07-28 17:30:29.853 | info     |             UMD | Firmware bundle version 19.8.0 on the system is newer than the latest fully tested version 19.5.0 for blackhole architecture. Newest features may not be supported. (topology_discovery.cpp:601)
2026-07-28 17:30:29.857 | info     |             UMD | Completed topology discovery. (topology_discovery.cpp:114)
2026-07-28 17:30:30.078 | info     |             UMD | Opening local chip ids/PCIe ids: {0, 1, 2, 3}/[0, 1, 2, 3] and remote chip ids {} (cluster.cpp:168)
2026-07-28 17:30:30.078 | info     |             UMD | IOMMU: enabled (cluster.cpp:142)
2026-07-28 17:30:30.078 | info     |             UMD | KMD version: 2.8.0 (cluster.cpp:145)
2026-07-28 17:30:30.078 | info     |             UMD | Cluster constructor completed. (cluster.cpp:520)
2026-07-28 17:30:30.080 | info     |             UMD | Starting devices in cluster (cluster.cpp:1024)
2026-07-28 17:30:30.327 | info     |             UMD | Starting devices in cluster completed. (cluster.cpp:1032)
2026-07-28 17:30:30.456 | DEBUG    | ttnn.device:__init__:152 - Using default dispatch core type for this system: DispatchCoreType.WORKER
2026-07-28 17:30:30.456 | DEBUG    | ttnn.device:__init__:154 - Using default dispatch core axis for this system: DispatchCoreAxis.COL
2026-07-28 17:30:30.456 | info     |     Distributed | Using auto discovery to generate mesh graph. (metal_env.cpp:367)
2026-07-28 17:30:30.456 | info     |     Distributed | Constructing control plane using auto-discovery (no mesh graph descriptor). (metal_env.cpp:429)
2026-07-28 17:30:30.456 | warning  |          Always | Unknown motherboard 'B850M-C' for chip_id=0 (bus_id=0x1) — falling back to bus_id as tray_id. Add this motherboard and its bus IDs to mobo_to_bus_ids in physical_system_discovery.cpp. (physical_system_discovery.cpp:89)
2026-07-28 17:30:30.456 | warning  |          Always | Unknown motherboard 'B850M-C' for chip_id=1 (bus_id=0x2) — falling back to bus_id as tray_id. Add this motherboard and its bus IDs to mobo_to_bus_ids in physical_system_discovery.cpp. (physical_system_discovery.cpp:89)
2026-07-28 17:30:30.456 | warning  |          Always | Unknown motherboard 'B850M-C' for chip_id=2 (bus_id=0x3) — falling back to bus_id as tray_id. Add this motherboard and its bus IDs to mobo_to_bus_ids in physical_system_discovery.cpp. (physical_system_discovery.cpp:89)
2026-07-28 17:30:30.456 | warning  |          Always | Unknown motherboard 'B850M-C' for chip_id=3 (bus_id=0x4) — falling back to bus_id as tray_id. Add this motherboard and its bus IDs to mobo_to_bus_ids in physical_system_discovery.cpp. (physical_system_discovery.cpp:89)
2026-07-28 17:30:30.456 | warning  |          Always | Unknown motherboard 'B850M-C' for chip_id=1 (bus_id=0x2) — falling back to bus_id as tray_id. Add this motherboard and its bus IDs to mobo_to_bus_ids in physical_system_discovery.cpp. (physical_system_discovery.cpp:89)
2026-07-28 17:30:30.456 | warning  |          Always | Unknown motherboard 'B850M-C' for chip_id=0 (bus_id=0x1) — falling back to bus_id as tray_id. Add this motherboard and its bus IDs to mobo_to_bus_ids in physical_system_discovery.cpp. (physical_system_discovery.cpp:89)
2026-07-28 17:30:30.456 | warning  |          Always | Unknown motherboard 'B850M-C' for chip_id=2 (bus_id=0x3) — falling back to bus_id as tray_id. Add this motherboard and its bus IDs to mobo_to_bus_ids in physical_system_discovery.cpp. (physical_system_discovery.cpp:89)
2026-07-28 17:30:30.456 | warning  |          Always | Unknown motherboard 'B850M-C' for chip_id=3 (bus_id=0x4) — falling back to bus_id as tray_id. Add this motherboard and its bus IDs to mobo_to_bus_ids in physical_system_discovery.cpp. (physical_system_discovery.cpp:89)
2026-07-28 17:30:30.456 | info     |          Fabric | Logical multi-mesh adjacency: intermesh degree histogram {0:1}; intra-mesh degree histograms mesh0 {2:4} (topology_mapper_utils.cpp:2342)
2026-07-28 17:30:30.456 | info     |          Fabric | Physical multi-mesh adjacency: intermesh degree histogram {0:1}; intra-mesh degree histograms mesh0 {2:4} (topology_mapper_utils.cpp:2350)
2026-07-28 17:30:30.510 | info     |       LLRuntime | Watcher log file: /home/mvasiljevic/tt-metal/models/autoports/microsoft_phi_3_5_mini_instruct/doc/functional_decoder/watcher_final/generated/watcher/watcher.log (watcher_server.cpp:286)
2026-07-28 17:30:30.510 | info     |       LLRuntime | Watcher attached device 0 (watcher_server.cpp:132)
2026-07-28 17:30:30.510 | info     |       LLRuntime | Watcher attached device 1 (watcher_server.cpp:132)
2026-07-28 17:30:30.510 | info     |       LLRuntime | Watcher attached device 2 (watcher_server.cpp:132)
2026-07-28 17:30:30.510 | info     |       LLRuntime | Watcher attached device 3 (watcher_server.cpp:132)
2026-07-28 17:30:30.510 | info     |       LLRuntime | Watcher server initialized, disabled features: None (watcher_server.cpp:547)
2026-07-28 17:30:30.510 | info     |           Metal | Watcher checking device 0 (watcher_device_reader.cpp:393)
2026-07-28 17:30:30.510 | warning  |           Metal | Opening subset of mmio devices slows down UMD read/write to remote chips. If opening more devices, consider using CreateDevices API. (device_manager.cpp:261)
2026-07-28 17:30:30.514 | info     |           Metal | Watcher checking device 1 (watcher_device_reader.cpp:393)
2026-07-28 17:30:30.518 | info     |           Metal | Watcher checking device 2 (watcher_device_reader.cpp:393)
2026-07-28 17:30:30.523 | info     |           Metal | Watcher checking device 3 (watcher_device_reader.cpp:393)
2026-07-28 17:30:30.564 | info     |           Metal | ShmResourceTracker: removed orphaned shm '/tt_device_154095681929600_memory' (shm_resource_tracker.cpp:282)
2026-07-28 17:30:31.141 | info     |           Metal | [Real-time profiler] Device 3 sync complete: 100 samples, frequency=1.349974 GHz, device_time_at_sync=395985011381586 cycles (realtime_profiler_manager.cpp:1127)
2026-07-28 17:30:31.157 | DEBUG    | conftest:mesh_device:599 - multidevice with 1 devices is created
[transformers] This model config has set a `rope_parameters['original_max_position_embeddings']` field, to be used together with `max_position_embeddings` to determine a scaling factor. Please set the `factor` field of `rope_parameters`with this ratio instead -- we recommend the use of this field over `original_max_position_embeddings`, as it is compatible with most model architectures.
PCC_RESULT path=manual-reference-vs-hf-layer threshold=0.995 0.9996174447182649
REAL_WEIGHT_STATS key=model.layers.0.input_layernorm.weight shape=(3072,) mean=0.00829245 std=0.02295496 min=-0.00537109 max=0.50000000
REAL_WEIGHT_STATS key=model.layers.0.mlp.down_proj.weight shape=(3072, 8192) mean=0.00000275 std=0.03603584 min=-0.95703125 max=0.92578125
REAL_WEIGHT_STATS key=model.layers.0.mlp.gate_up_proj.weight shape=(16384, 3072) mean=-0.00001401 std=0.03248470 min=-0.75000000 max=0.76171875
REAL_WEIGHT_STATS key=model.layers.0.post_attention_layernorm.weight shape=(3072,) mean=0.03923744 std=0.00945584 min=-0.00494385 max=0.33007812
REAL_WEIGHT_STATS key=model.layers.0.self_attn.o_proj.weight shape=(3072, 3072) mean=-0.00000081 std=0.01751270 min=-0.89062500 max=0.94140625
REAL_WEIGHT_STATS key=model.layers.0.self_attn.qkv_proj.weight shape=(9216, 3072) mean=0.00000262 std=0.02379715 min=-1.46093750 max=2.21875000
PCC_RESULT path=real-prefill-33 threshold=0.995 0.9999910684625833
PCC_RESULT path=real-decode-33 threshold=0.995 0.9999950638864286
PASSED
models/autoports/microsoft_phi_3_5_mini_instruct/tests/test_functional_decoder.py::test_decode_trace_replay_is_deterministic[blackhole-1-mesh_device0] 2026-07-28 17:30:32.247 | DEBUG    | ttnn.device:__init__:152 - Using default dispatch core type for this system: DispatchCoreType.WORKER
2026-07-28 17:30:32.247 | DEBUG    | ttnn.device:__init__:154 - Using default dispatch core axis for this system: DispatchCoreAxis.COL
2026-07-28 17:30:32.247 | info     |       LLRuntime | Watcher thread stopped watching... (watcher_server.cpp:595)
2026-07-28 17:30:32.247 | info     |       LLRuntime | Watcher detached device 0 (watcher_server.cpp:181)
2026-07-28 17:30:32.247 | info     |       LLRuntime | Watcher detached device 1 (watcher_server.cpp:181)
2026-07-28 17:30:32.247 | info     |       LLRuntime | Watcher detached device 2 (watcher_server.cpp:181)
2026-07-28 17:30:32.247 | info     |       LLRuntime | Watcher detached device 3 (watcher_server.cpp:181)
2026-07-28 17:30:32.310 | info     |       LLRuntime | Watcher log file: /home/mvasiljevic/tt-metal/models/autoports/microsoft_phi_3_5_mini_instruct/doc/functional_decoder/watcher_final/generated/watcher/watcher.log (watcher_server.cpp:286)
2026-07-28 17:30:32.310 | info     |       LLRuntime | Watcher attached device 0 (watcher_server.cpp:132)
2026-07-28 17:30:32.310 | info     |       LLRuntime | Watcher attached device 1 (watcher_server.cpp:132)
2026-07-28 17:30:32.310 | info     |       LLRuntime | Watcher attached device 2 (watcher_server.cpp:132)
2026-07-28 17:30:32.310 | info     |       LLRuntime | Watcher attached device 3 (watcher_server.cpp:132)
2026-07-28 17:30:32.310 | info     |       LLRuntime | Watcher server initialized, disabled features: None (watcher_server.cpp:547)
2026-07-28 17:30:32.310 | info     |           Metal | Watcher checking device 0 (watcher_device_reader.cpp:393)
2026-07-28 17:30:32.310 | warning  |           Metal | Opening subset of mmio devices slows down UMD read/write to remote chips. If opening more devices, consider using CreateDevices API. (device_manager.cpp:261)
2026-07-28 17:30:32.314 | info     |           Metal | Watcher checking device 1 (watcher_device_reader.cpp:393)
2026-07-28 17:30:32.318 | info     |           Metal | Watcher checking device 2 (watcher_device_reader.cpp:393)
2026-07-28 17:30:32.322 | info     |           Metal | Watcher checking device 3 (watcher_device_reader.cpp:393)
2026-07-28 17:30:32.366 | DEBUG    | conftest:mesh_device:599 - multidevice with 1 devices is created
TRACE_PAIR label=batch1:capture-R1 metrics={'equal': False, 'mismatch_count': 3071, 'max_abs_diff': 3.66937255859375, 'mean_abs_diff': 0.7837863564491272, 'finite': True, 'pcc_passed_0.999999': False} pcc=-0.011507152703248771
TRACE_PAIR label=batch1:capture-R2 metrics={'equal': False, 'mismatch_count': 3071, 'max_abs_diff': 3.66937255859375, 'mean_abs_diff': 0.7837863564491272, 'finite': True, 'pcc_passed_0.999999': False} pcc=-0.011507152703248771
TRACE_PAIR label=batch1:capture-R3 metrics={'equal': False, 'mismatch_count': 3071, 'max_abs_diff': 3.66937255859375, 'mean_abs_diff': 0.7837863564491272, 'finite': True, 'pcc_passed_0.999999': False} pcc=-0.011507152703248771
TRACE_PAIR label=batch1:R1-R2 metrics={'equal': True, 'mismatch_count': 0, 'max_abs_diff': 0.0, 'mean_abs_diff': 0.0, 'finite': True, 'pcc_passed_0.999999': True} pcc=1.0
TRACE_PAIR label=batch1:R1-R3 metrics={'equal': True, 'mismatch_count': 0, 'max_abs_diff': 0.0, 'mean_abs_diff': 0.0, 'finite': True, 'pcc_passed_0.999999': True} pcc=1.0
TRACE_PAIR label=batch1:R2-R3 metrics={'equal': True, 'mismatch_count': 0, 'max_abs_diff': 0.0, 'mean_abs_diff': 0.0, 'finite': True, 'pcc_passed_0.999999': True} pcc=1.0
TRACE_PAIR label=batch1:E1-E2 metrics={'equal': True, 'mismatch_count': 0, 'max_abs_diff': 0.0, 'mean_abs_diff': 0.0, 'finite': True, 'pcc_passed_0.999999': True} pcc=1.0
TRACE_PAIR label=batch1:E1-E3 metrics={'equal': True, 'mismatch_count': 0, 'max_abs_diff': 0.0, 'mean_abs_diff': 0.0, 'finite': True, 'pcc_passed_0.999999': True} pcc=1.0
TRACE_PAIR label=batch1:E2-E3 metrics={'equal': True, 'mismatch_count': 0, 'max_abs_diff': 0.0, 'mean_abs_diff': 0.0, 'finite': True, 'pcc_passed_0.999999': True} pcc=1.0
TRACE_PAIR label=batch1:R1-E1 metrics={'equal': True, 'mismatch_count': 0, 'max_abs_diff': 0.0, 'mean_abs_diff': 0.0, 'finite': True, 'pcc_passed_0.999999': True} pcc=1.0
PCC_RESULT path=trace-decode-reference-batch1 threshold=0.995 0.9999991243193912
TRACE_RESULT batch=1 replays=3 eager_runs=3 bitwise_deterministic=true
PASSED
models/autoports/microsoft_phi_3_5_mini_instruct/tests/test_functional_decoder.py::test_decode_trace_replay_is_deterministic[blackhole-32-mesh_device0] 2026-07-28 17:30:33.454 | DEBUG    | ttnn.device:__init__:152 - Using default dispatch core type for this system: DispatchCoreType.WORKER
2026-07-28 17:30:33.454 | DEBUG    | ttnn.device:__init__:154 - Using default dispatch core axis for this system: DispatchCoreAxis.COL
2026-07-28 17:30:33.454 | info     |       LLRuntime | Watcher thread stopped watching... (watcher_server.cpp:595)
2026-07-28 17:30:33.454 | info     |       LLRuntime | Watcher detached device 0 (watcher_server.cpp:181)
2026-07-28 17:30:33.454 | info     |       LLRuntime | Watcher detached device 1 (watcher_server.cpp:181)
2026-07-28 17:30:33.454 | info     |       LLRuntime | Watcher detached device 2 (watcher_server.cpp:181)
2026-07-28 17:30:33.454 | info     |       LLRuntime | Watcher detached device 3 (watcher_server.cpp:181)
2026-07-28 17:30:33.516 | info     |       LLRuntime | Watcher log file: /home/mvasiljevic/tt-metal/models/autoports/microsoft_phi_3_5_mini_instruct/doc/functional_decoder/watcher_final/generated/watcher/watcher.log (watcher_server.cpp:286)
2026-07-28 17:30:33.516 | info     |       LLRuntime | Watcher attached device 0 (watcher_server.cpp:132)
2026-07-28 17:30:33.516 | info     |       LLRuntime | Watcher attached device 1 (watcher_server.cpp:132)
2026-07-28 17:30:33.516 | info     |       LLRuntime | Watcher attached device 2 (watcher_server.cpp:132)
2026-07-28 17:30:33.516 | info     |       LLRuntime | Watcher attached device 3 (watcher_server.cpp:132)
2026-07-28 17:30:33.516 | info     |       LLRuntime | Watcher server initialized, disabled features: None (watcher_server.cpp:547)
2026-07-28 17:30:33.516 | info     |           Metal | Watcher checking device 0 (watcher_device_reader.cpp:393)
2026-07-28 17:30:33.516 | warning  |           Metal | Opening subset of mmio devices slows down UMD read/write to remote chips. If opening more devices, consider using CreateDevices API. (device_manager.cpp:261)
2026-07-28 17:30:33.520 | info     |           Metal | Watcher checking device 1 (watcher_device_reader.cpp:393)
2026-07-28 17:30:33.524 | info     |           Metal | Watcher checking device 2 (watcher_device_reader.cpp:393)
2026-07-28 17:30:33.528 | info     |           Metal | Watcher checking device 3 (watcher_device_reader.cpp:393)
2026-07-28 17:30:33.572 | DEBUG    | conftest:mesh_device:599 - multidevice with 1 devices is created
TRACE_PAIR label=batch32:capture-R1 metrics={'equal': False, 'mismatch_count': 98302, 'max_abs_diff': 4.4461669921875, 'mean_abs_diff': 0.8005558848381042, 'finite': True, 'pcc_passed_0.999999': False} pcc=0.0010225436555193895
TRACE_PAIR label=batch32:capture-R2 metrics={'equal': False, 'mismatch_count': 98302, 'max_abs_diff': 4.4461669921875, 'mean_abs_diff': 0.8005558848381042, 'finite': True, 'pcc_passed_0.999999': False} pcc=0.0010225436555193895
TRACE_PAIR label=batch32:capture-R3 metrics={'equal': False, 'mismatch_count': 98302, 'max_abs_diff': 4.4461669921875, 'mean_abs_diff': 0.8005558848381042, 'finite': True, 'pcc_passed_0.999999': False} pcc=0.0010225436555193895
TRACE_PAIR label=batch32:R1-R2 metrics={'equal': True, 'mismatch_count': 0, 'max_abs_diff': 0.0, 'mean_abs_diff': 0.0, 'finite': True, 'pcc_passed_0.999999': True} pcc=1.0
TRACE_PAIR label=batch32:R1-R3 metrics={'equal': True, 'mismatch_count': 0, 'max_abs_diff': 0.0, 'mean_abs_diff': 0.0, 'finite': True, 'pcc_passed_0.999999': True} pcc=1.0
TRACE_PAIR label=batch32:R2-R3 metrics={'equal': True, 'mismatch_count': 0, 'max_abs_diff': 0.0, 'mean_abs_diff': 0.0, 'finite': True, 'pcc_passed_0.999999': True} pcc=1.0
TRACE_PAIR label=batch32:E1-E2 metrics={'equal': True, 'mismatch_count': 0, 'max_abs_diff': 0.0, 'mean_abs_diff': 0.0, 'finite': True, 'pcc_passed_0.999999': True} pcc=1.0
TRACE_PAIR label=batch32:E1-E3 metrics={'equal': True, 'mismatch_count': 0, 'max_abs_diff': 0.0, 'mean_abs_diff': 0.0, 'finite': True, 'pcc_passed_0.999999': True} pcc=1.0
TRACE_PAIR label=batch32:E2-E3 metrics={'equal': True, 'mismatch_count': 0, 'max_abs_diff': 0.0, 'mean_abs_diff': 0.0, 'finite': True, 'pcc_passed_0.999999': True} pcc=1.0
TRACE_PAIR label=batch32:R1-E1 metrics={'equal': True, 'mismatch_count': 0, 'max_abs_diff': 0.0, 'mean_abs_diff': 0.0, 'finite': True, 'pcc_passed_0.999999': True} pcc=1.0
PCC_RESULT path=trace-decode-reference-batch32 threshold=0.995 0.9999984913262127
TRACE_RESULT batch=32 replays=3 eager_runs=3 bitwise_deterministic=true
PASSED

==================================== PASSES ====================================
- generated xml file: /home/mvasiljevic/tt-metal/generated/test_reports/most_recent_tests.xml -
============================== slowest durations ===============================
1.51s setup    models/autoports/microsoft_phi_3_5_mini_instruct/tests/test_functional_decoder.py::test_real_weight_paged_prefill_and_decode[blackhole-mesh_device0]
1.00s call     models/autoports/microsoft_phi_3_5_mini_instruct/tests/test_functional_decoder.py::test_decode_trace_replay_is_deterministic[blackhole-32-mesh_device0]
0.76s call     models/autoports/microsoft_phi_3_5_mini_instruct/tests/test_functional_decoder.py::test_real_weight_paged_prefill_and_decode[blackhole-mesh_device0]
0.74s call     models/autoports/microsoft_phi_3_5_mini_instruct/tests/test_functional_decoder.py::test_decode_trace_replay_is_deterministic[blackhole-1-mesh_device0]
0.34s setup    models/autoports/microsoft_phi_3_5_mini_instruct/tests/test_functional_decoder.py::test_decode_trace_replay_is_deterministic[blackhole-32-mesh_device0]
0.32s setup    models/autoports/microsoft_phi_3_5_mini_instruct/tests/test_functional_decoder.py::test_decode_trace_replay_is_deterministic[blackhole-1-mesh_device0]
0.13s teardown models/autoports/microsoft_phi_3_5_mini_instruct/tests/test_functional_decoder.py::test_real_weight_paged_prefill_and_decode[blackhole-mesh_device0]
0.13s teardown models/autoports/microsoft_phi_3_5_mini_instruct/tests/test_functional_decoder.py::test_decode_trace_replay_is_deterministic[blackhole-1-mesh_device0]
0.13s teardown models/autoports/microsoft_phi_3_5_mini_instruct/tests/test_functional_decoder.py::test_decode_trace_replay_is_deterministic[blackhole-32-mesh_device0]
=========================== short test summary info ============================
PASSED models/autoports/microsoft_phi_3_5_mini_instruct/tests/test_functional_decoder.py::test_real_weight_paged_prefill_and_decode[blackhole-mesh_device0]
PASSED models/autoports/microsoft_phi_3_5_mini_instruct/tests/test_functional_decoder.py::test_decode_trace_replay_is_deterministic[blackhole-1-mesh_device0]
PASSED models/autoports/microsoft_phi_3_5_mini_instruct/tests/test_functional_decoder.py::test_decode_trace_replay_is_deterministic[blackhole-32-mesh_device0]
======================= 3 passed, 15 deselected in 5.71s =======================
nanobind: leaked 2 instances!
 - leaked instance 0x7b0800666148 of type "ttnn._ttnn.tensor.CoreRangeSet"
 - leaked instance 0x7b07ffef0108 of type "ttnn._ttnn.tensor.MemoryConfig"
nanobind: leaked 20 types!
 - leaked type "ttnn._ttnn.operations.matmul.MatmulMultiCoreReuseMultiCast1DProgramConfig"
 - leaked type "ttnn._ttnn.operations.matmul.MatmulInputs"
 - leaked type "ttnn._ttnn.operations.matmul.MatmulMultiCoreReuseMultiCastBatchedDRAMShardedProgramConfig"
 - leaked type "BufferType"
 - leaked type "UnaryOpType"
 - leaked type "Layout"
 - leaked type "ttnn._ttnn.operations.matmul.MatmulMultiCoreReuseOptimizedProgramFactory"
 - leaked type "Arch"
 - leaked type "ttnn._ttnn.operations.matmul.MatmulParams"
 - leaked type "ttnn._ttnn.tensor.CoreRangeSet"
 - ... skipped remainder
nanobind: leaked 247 functions!
 - leaked function "cpu"
 - leaked function "to_json"
 - leaked function ""
 - leaked function "__repr__"
 - leaked function "reset_sub_device_stall_group"
 - leaked function ""
 - leaked function "from_json"
 - leaked function "is_sharded"
 - leaked function "get_layout"
 - leaked function "id"
 - ... skipped remainder
nanobind: this is likely caused by a reference counting issue in the binding code.
See https://nanobind.readthedocs.io/en/latest/refleaks.html2026-07-28 17:30:36.456 | info     |    BuildKernels | JIT cache stats: 228/228 hits (100.0%) [228 cached, 258 build-once dedup, 0 merged artifacts, 0 merged genfiles] (build_cache_telemetry.cpp:207)
2026-07-28 17:30:36.456 | info     |    BuildKernels | JIT telemetry: 3 registered TelemetryTokens (build_cache_telemetry.cpp:230)
2026-07-28 17:30:36.456 | info     |       LLRuntime | Watcher thread stopped watching... (watcher_server.cpp:595)
2026-07-28 17:30:36.456 | info     |       LLRuntime | Watcher detached device 0 (watcher_server.cpp:181)
2026-07-28 17:30:36.456 | info     |       LLRuntime | Watcher detached device 1 (watcher_server.cpp:181)
2026-07-28 17:30:36.456 | info     |       LLRuntime | Watcher detached device 2 (watcher_server.cpp:181)
2026-07-28 17:30:36.456 | info     |       LLRuntime | Watcher detached device 3 (watcher_server.cpp:181)
2026-07-28 17:30:36.468 | info     |          Device | Closing user mode device drivers (tt_cluster.cpp:512)
2026-07-28 17:30:36.468 | info     |             UMD | Closing devices in cluster (cluster.cpp:1037)
2026-07-28 17:30:36.989 | info     |             UMD | Closing devices in cluster completed. (cluster.cpp:1046)
2026-07-28 17:30:36.989 | info     |             UMD | Cluster destructor started. (cluster.cpp:754)
2026-07-28 17:30:36.989 | info     |             UMD | Cluster destructor completed. (cluster.cpp:757)
