2026-08-19 01:41:58.291 | DEBUG    | ttnn:<module>:79 - Initial ttnn.CONFIG:
Config{cache_path=/home/ttuser/.cache/ttnn,model_cache_path=/home/ttuser/.cache/ttnn/models,tmp_dir=/tmp/ttnn,enable_model_cache=false,enable_fast_runtime_mode=true,throw_exception_on_fallback=false,enable_logging=false,enable_graph_report=false,enable_graph_python_stack_traces=false,enable_detailed_buffer_report=false,enable_detailed_tensor_report=false,enable_comparison_mode=false,comparison_mode_should_raise_exception=false,comparison_mode_pcc=0.9999,root_report_path=generated/ttnn/reports,report_name=std::nullopt,std::nullopt}
============================= test session starts ==============================
platform linux -- Python 3.12.12, pytest-9.0.3, pluggy-1.6.0 -- /localdev/vkovacevic/tt-metal/python_env/bin/python
cachedir: .pytest_cache
benchmark: 5.2.3 (defaults: timer=time.perf_counter disable_gc=False min_rounds=5 min_time=0.000005 max_time=1.0 calibration_precision=10 warmup=False warmup_iterations=100000)
rootdir: /localdev/vkovacevic/tt-metal
configfile: pytest.ini
plugins: timeout-2.4.0, cov-7.0.0, benchmark-5.2.3, anyio-4.14.2, split-0.11.0, dash-2.15.0, github-actions-annotate-failures-0.3.0
timeout: 300.0s
timeout method: signal
timeout func_only: False
collecting ... collected 28 items

<Dir models/autoports/qwen_qwen3_6_35b_a3b/tests>
  <Module test_optimized_decoder.py>
    <Function test_optimized_decoder_graph_summary>
    <Function test_synthetic_optimized_decoder_prefill_decode_against_hf[linear_seq5-device_params0]>
    <Function test_synthetic_optimized_decoder_prefill_decode_against_hf[full_seq33-device_params0]>
    <Function test_synthetic_optimized_decoder_batch2_prefill_decode_against_hf[linear_batch2-device_params0]>
    <Function test_synthetic_optimized_decoder_batch2_prefill_decode_against_hf[full_batch2-device_params0]>
    <Function test_synthetic_optimized_decoder_non_aligned_lengths[linear_non_aligned65-device_params0]>
    <Function test_synthetic_optimized_decoder_non_aligned_lengths[full_non_aligned33-device_params0]>
    <Function test_synthetic_optimized_decoder_repeated_input_determinism[linear_repeat-device_params0]>
    <Function test_synthetic_optimized_decoder_repeated_input_determinism[full_repeat-device_params0]>
    <Function test_real_weight_optimized_decoder_prefill_decode_against_hf[real_linear_layer0_seq1-device_params0]>
    <Function test_real_weight_optimized_decoder_prefill_decode_against_hf[real_full_layer3_seq1-device_params0]>
    <Function test_real_weight_optimized_decoder_prefill_decode_against_hf[real_linear_layer0_seq5-device_params0]>
    <Function test_real_weight_optimized_decoder_prefill_decode_against_hf[real_full_layer3_seq5-device_params0]>
    <Function test_candidate_qwen36_optimized_policy_real_weight_pcc[routed_bfp4_linear-device_params0]>
    <Function test_candidate_qwen36_optimized_policy_real_weight_pcc[routed_bfp4_full-device_params0]>
    <Function test_candidate_qwen36_optimized_policy_real_weight_pcc[moe_all_bfp4_linear-device_params0]>
    <Function test_candidate_qwen36_optimized_policy_real_weight_pcc[decode_l1_sparse_linear-device_params0]>
    <Function test_candidate_qwen36_optimized_policy_real_weight_pcc[decode_l1_sparse_full-device_params0]>
    <Function test_candidate_qwen36_optimized_policy_real_weight_pcc[decode_sdpa_k64_full-device_params0]>
    <Function test_candidate_qwen36_optimized_policy_real_weight_pcc[sparse_in0_block_w2_linear-device_params0]>
    <Function test_candidate_qwen36_optimized_policy_real_weight_pcc[sparse_in0_block_w2_full-device_params0]>
    <Function test_candidate_decode_dense_projection_dram_sharded[linear_qkvzba-device_params0]>
    <Function test_candidate_decode_dense_projection_dram_sharded[full_qkgv-device_params0]>
    <Function test_optimized_runtime_fallback_audit_source>
    <Function test_perf_qwen36_optimized_linear_prefill[device_params0]>
    <Function test_perf_qwen36_optimized_full_prefill[device_params0]>
    <Function test_perf_qwen36_optimized_linear_decode[device_params0]>
    <Function test_perf_qwen36_optimized_full_decode[device_params0]>

=============================== warnings summary ===============================
<frozen importlib._bootstrap>:488
  <frozen importlib._bootstrap>:488: DeprecationWarning: builtin type SwigPyPacked has no __module__ attribute

<frozen importlib._bootstrap>:488
  <frozen importlib._bootstrap>:488: DeprecationWarning: builtin type SwigPyObject has no __module__ attribute

-- Docs: https://docs.pytest.org/en/stable/how-to/capture-warnings.html
- generated xml file: /localdev/vkovacevic/tt-metal/generated/test_reports/most_recent_tests.xml -
========================= 28 tests collected in 1.34s ==========================
sys:1: DeprecationWarning: builtin type swigvarlink has no __module__ attribute
nanobind: leaked 1 instances!
 - leaked instance 0x7ab5b3c0db48 of type "ttnn._ttnn.tensor.CoreRangeSet"
nanobind: leaked 14 types!
 - leaked type "ttnn._ttnn.operations.matmul.MatmulMultiCoreReuseMultiCast1DProgramConfig"
 - leaked type "ttnn._ttnn.operations.matmul.MatmulInputs"
 - leaked type "ttnn._ttnn.operations.matmul.MatmulMultiCoreReuseMultiCastBatchedDRAMShardedProgramConfig"
 - leaked type "UnaryOpType"
 - leaked type "ttnn._ttnn.operations.matmul.MatmulMultiCoreReuseOptimizedProgramFactory"
 - leaked type "ttnn._ttnn.operations.matmul.MatmulParams"
 - leaked type "ttnn._ttnn.tensor.CoreRangeSet"
 - leaked type "ttnn._ttnn.operations.matmul.MatmulMultiCoreReuseProgramConfig"
 - leaked type "ttnn._ttnn.operations.matmul.MatmulDeviceOperation"
 - leaked type "ttnn._ttnn.multi_device.MeshDevice"
 - ... skipped remainder
nanobind: leaked 233 functions!
 - leaked function ""
 - leaked function ""
 - leaked function ""
 - leaked function "__init__"
 - leaked function "update_tensor_topology"
 - leaked function "reshape"
 - leaked function "deallocate"
 - leaked function ""
 - leaked function "sfpu_nan"
 - leaked function ""
 - ... skipped remainder
nanobind: this is likely caused by a reference counting issue in the binding code.
See https://nanobind.readthedocs.io/en/latest/refleaks.html
