2026-07-11 11:56:44.120 | DEBUG    | ttnn:<module>:79 - Initial ttnn.CONFIG:
Config{cache_path=/home/odjuricic/.cache/ttnn,model_cache_path=/home/odjuricic/.cache/ttnn/models,tmp_dir=/tmp/ttnn,enable_model_cache=false,enable_fast_runtime_mode=true,throw_exception_on_fallback=false,enable_logging=false,enable_graph_report=false,enable_graph_python_stack_traces=false,enable_detailed_buffer_report=false,enable_detailed_tensor_report=false,enable_comparison_mode=false,comparison_mode_should_raise_exception=false,comparison_mode_pcc=0.9999,root_report_path=generated/ttnn/reports,report_name=std::nullopt,std::nullopt}
============================= test session starts ==============================
platform linux -- Python 3.10.19, pytest-9.0.3, pluggy-1.6.0 -- /opt/venv/bin/python3
cachedir: .pytest_cache
benchmark: 5.2.3 (defaults: timer=time.perf_counter disable_gc=False min_rounds=5 min_time=0.000005 max_time=1.0 calibration_precision=10 warmup=False warmup_iterations=100000)
rootdir: /localdev/odjuricic/tt-metal
configfile: pytest.ini
plugins: dash-2.15.0, cov-7.0.0, anyio-4.14.1, github-actions-annotate-failures-0.3.0, split-0.11.0, benchmark-5.2.3, timeout-2.4.0
timeout: 300.0s
timeout method: signal
timeout func_only: False
collecting ... collected 31 items / 29 deselected / 2 selected

models/autoports/google_gemma_4_31b/tests/test_optimized_decoder.py::test_optimized_long_nonaligned_prefill_capacity[0-sliding_attention] 2026-07-11 11:56:46.892 | info     |          Device | Opening user mode device driver (tt_cluster.cpp:228)
2026-07-11 11:56:46.892 | info     |             UMD | Cluster constructor started. (cluster.cpp:348)
2026-07-11 11:56:46.893 | info     |             UMD | Creating TopologyDiscovery for architecture: blackhole (topology_discovery.cpp:91)
2026-07-11 11:56:46.893 | info     |             UMD | Starting topology discovery. (topology_discovery.cpp:110)
2026-07-11 11:56:46.894 | info     |             UMD | Established firmware bundle version: 19.9.0 (topology_discovery.cpp:569)
2026-07-11 11:56:46.894 | info     |             UMD | Firmware bundle version 19.9.0 on the system is newer than the latest fully tested version 19.5.0 for blackhole architecture. Newest features may not be supported. (topology_discovery.cpp:601)
2026-07-11 11:56:46.894 | info     |             UMD | Completed topology discovery. (topology_discovery.cpp:114)
2026-07-11 11:56:46.936 | info     |             UMD | Opening local chip ids/PCIe ids: {0}/[0] and remote chip ids {} (cluster.cpp:168)
2026-07-11 11:56:46.936 | info     |             UMD | IOMMU: enabled (cluster.cpp:142)
2026-07-11 11:56:46.936 | info     |             UMD | KMD version: 2.4.1 (cluster.cpp:145)
2026-07-11 11:56:46.936 | info     |             UMD | Cluster constructor completed. (cluster.cpp:520)
2026-07-11 11:56:46.937 | info     |             UMD | Starting devices in cluster (cluster.cpp:1024)
2026-07-11 11:56:46.980 | info     |             UMD | Starting devices in cluster completed. (cluster.cpp:1032)
2026-07-11 11:56:47.166 | DEBUG    | ttnn.device:__init__:152 - Using default dispatch core type for this system: DispatchCoreType.WORKER
2026-07-11 11:56:47.166 | DEBUG    | ttnn.device:__init__:154 - Using default dispatch core axis for this system: DispatchCoreAxis.COL
2026-07-11 11:56:47.166 | info     |     Distributed | Using auto discovery to generate mesh graph. (metal_env.cpp:367)
2026-07-11 11:56:47.166 | info     |     Distributed | Constructing control plane using auto-discovery (no mesh graph descriptor). (metal_env.cpp:429)
2026-07-11 11:56:47.166 | info     |          Fabric | Logical multi-mesh adjacency: intermesh degree histogram {0:1}; intra-mesh degree histograms mesh0 {0:1} (topology_mapper_utils.cpp:2342)
2026-07-11 11:56:47.166 | info     |          Fabric | Physical multi-mesh adjacency: intermesh degree histogram {0:1}; intra-mesh degree histograms mesh0 {0:1} (topology_mapper_utils.cpp:2350)
2026-07-11 11:56:47.173 | info     |    BuildKernels | Using pre-compiled firmware from: /localdev/odjuricic/tt-metal/tt_metal/pre-compiled/13793420398762238087/ (build_env_manager.cpp:347)
2026-07-11 11:56:47.238 | info     |           Metal | ShmResourceTracker: removed orphaned shm '/tt_device_143238002115104_memory' (shm_resource_tracker.cpp:282)
2026-07-11 11:56:47.805 | info     |           Metal | [Real-time profiler] Device 0 sync complete: 100 samples, frequency=1.349971 GHz, device_time_at_sync=23189428350594 cycles (realtime_profiler_manager.cpp:1127)
[transformers] You tried to access the `AttentionInterface` with a `config._attn_implementation` set to `None`. This is expected if you use an Attention Module as a standalone Module. If this is not the case, something went wrong with the dispatch of `config._attn_implementation`
PCC=0.998922391067926
PCC=0.9989910974020223
PASSED
models/autoports/google_gemma_4_31b/tests/test_optimized_decoder.py::test_optimized_long_nonaligned_prefill_capacity[5-full_attention] FAILED

=================================== FAILURES ===================================
______ test_optimized_long_nonaligned_prefill_capacity[5-full_attention] _______

monkeypatch = <_pytest.monkeypatch.MonkeyPatch object at 0x7f5dc4c0e200>
hf_config = Gemma4TextConfig {
  "attention_bias": false,
  "attention_dropout": 0.0,
  "attention_k_eq_v": true,
  "bos_token_id"...
  "use_cache": true,
  "use_double_wide_mlp": false,
  "vocab_size": 262144,
  "vocab_size_per_layer_input": 262144
}

mesh_device = MeshDevice(1x1 grid, 1 devices), layer_idx = 5
layer_kind = 'full_attention'

    @pytest.mark.skipif("GEMMA4_LONG_PREFILL" not in os.environ, reason="set GEMMA4_LONG_PREFILL for capacity probe")
    @pytest.mark.parametrize("layer_idx,layer_kind", LAYER_KINDS)
    def test_optimized_long_nonaligned_prefill_capacity(monkeypatch, hf_config, mesh_device, layer_idx, layer_kind):
        _bind_optimized_inherited_helpers(monkeypatch)
>       functional_tests.test_long_nonaligned_prefill_capacity(hf_config, mesh_device, layer_idx, layer_kind)

models/autoports/google_gemma_4_31b/tests/test_optimized_decoder.py:430:
_ _ _ _ _ _ _ _ _ _ _ _ _ _ _ _ _ _ _ _ _ _ _ _ _ _ _ _ _ _ _ _ _ _ _ _ _ _ _ _
models/autoports/google_gemma_4_31b/tests/test_functional_decoder.py:841: in test_long_nonaligned_prefill_capacity
    output = decoder.prefill_forward(
models/autoports/google_gemma_4_31b/tt/functional_decoder.py:533: in prefill_forward
    output = self._forward_device(
models/autoports/google_gemma_4_31b/tt/optimized_decoder.py:772: in _forward_device
    return FusedDecoder._forward_device(self, hidden_states, is_decode=is_decode, **kwargs)
models/autoports/google_gemma_4_31b/tt/fused_decoder.py:457: in _forward_device
    attn_output = self._prefill_attention(
models/autoports/google_gemma_4_31b/tt/optimized_decoder.py:649: in _prefill_attention
    return self._streaming_full_prefill_attention(
models/autoports/google_gemma_4_31b/tt/optimized_decoder.py:752: in _streaming_full_prefill_attention
    sdpa = ttnn.transformer.chunked_scaled_dot_product_attention(
_ _ _ _ _ _ _ _ _ _ _ _ _ _ _ _ _ _ _ _ _ _ _ _ _ _ _ _ _ _ _ _ _ _ _ _ _ _ _ _

self = FastOperation(python_fully_qualified_name='ttnn.transformer.chunked_scaled_dot_product_attention', function=<ttnn._ttn...uts=None, golden_function=None, postprocess_golden_function_outputs=None, is_cpp_operation=True, is_experimental=False)
function_args = (ttnn.Tensor([[[[-7.5195e-02, -7.8516e-01,  ...,  6.4453e-01, -1.7500e+00],
               [ 1.0234e+00, -1.8516e+00, ....Tensor([[ 4095,     0,  ...,  4093,  4094]], shape=Shape([1, 4096]), dtype=DataType::INT32, layout=Layout::ROW_MAJOR))
function_kwargs = {'chunk_start_idx': 144384, 'program_config': SDPAProgramConfig(compute_with_storage_grid_size=8-4, sub_core_grids=std::nullopt, q_chunk_size=128, k_chunk_size=128, exp_approx_mode=false, max_cores_per_head_batch=16), 'scale': 1.0}
cq_id = None, recording = False

    def __call__(self, *function_args, **function_kwargs):
        cq_id = None
        if "queue_id" in function_kwargs:
            cq_id = function_kwargs.pop("queue_id")
        elif "cq_id" in function_kwargs:
            cq_id = function_kwargs.pop("cq_id")

        recording = ttnn.graph.is_python_io_recording_enabled()
        if recording:
            ttnn.graph.track_function_start(self.python_fully_qualified_name)
            ttnn.graph.record_python_operation(self.python_fully_qualified_name, function_args, function_kwargs)
            input_tensors = get_all_tensors((function_args, function_kwargs))
            set_tensor_id(input_tensors)

        try:
            if cq_id is None:
>               result = self.function(*function_args, **function_kwargs)
E               Failed: Timeout (>300.0s) from pytest-timeout.

ttnn/ttnn/decorators.py:473: Failed
=============================== warnings summary ===============================
<frozen importlib._bootstrap>:241
  <frozen importlib._bootstrap>:241: DeprecationWarning: builtin type SwigPyPacked has no __module__ attribute

<frozen importlib._bootstrap>:241
  <frozen importlib._bootstrap>:241: DeprecationWarning: builtin type SwigPyObject has no __module__ attribute

models/tt_transformers/tt/common.py:28
  /localdev/odjuricic/tt-metal/models/tt_transformers/tt/common.py:28: PydanticDeprecatedSince20: Support for class-based `config` is deprecated, use ConfigDict instead. Deprecated in Pydantic V2.0 to be removed in V3.0. See Pydantic V2 Migration Guide at https://errors.pydantic.dev/2.14/migration/
    class ImageMedia(BaseModel):

-- Docs: https://docs.pytest.org/en/stable/how-to/capture-warnings.html
==================================== PASSES ====================================
- generated xml file: /localdev/odjuricic/tt-metal/models/autoports/google_gemma_4_31b/doc/optimized_decoder/evidence/context_262144_bfp8.xml -
============================== slowest durations ===============================
300.82s call     models/autoports/google_gemma_4_31b/tests/test_optimized_decoder.py::test_optimized_long_nonaligned_prefill_capacity[5-full_attention]
146.01s call     models/autoports/google_gemma_4_31b/tests/test_optimized_decoder.py::test_optimized_long_nonaligned_prefill_capacity[0-sliding_attention]
1.18s setup    models/autoports/google_gemma_4_31b/tests/test_optimized_decoder.py::test_optimized_long_nonaligned_prefill_capacity[0-sliding_attention]
0.23s setup    models/autoports/google_gemma_4_31b/tests/test_optimized_decoder.py::test_optimized_long_nonaligned_prefill_capacity[5-full_attention]
0.12s teardown models/autoports/google_gemma_4_31b/tests/test_optimized_decoder.py::test_optimized_long_nonaligned_prefill_capacity[5-full_attention]

(1 durations < 0.005s hidden.  Use -vv to show these durations.)
=========================== short test summary info ============================
PASSED models/autoports/google_gemma_4_31b/tests/test_optimized_decoder.py::test_optimized_long_nonaligned_prefill_capacity[0-sliding_attention]
FAILED models/autoports/google_gemma_4_31b/tests/test_optimized_decoder.py::test_optimized_long_nonaligned_prefill_capacity[5-full_attention]
====== 1 failed, 1 passed, 29 deselected, 3 warnings in 458.32s (0:07:38) ======
sys:1: DeprecationWarning: builtin type swigvarlink has no __module__ attribute
2026-07-11 12:04:26.220 | info     |    BuildKernels | JIT cache stats: 213/961 hits (22.2%) [213 cached, 1079 build-once dedup, 0 merged artifacts, 0 merged genfiles] (build_cache_telemetry.cpp:207)
2026-07-11 12:04:26.220 | info     |    BuildKernels | JIT telemetry: 3 registered TelemetryTokens (build_cache_telemetry.cpp:230)
2026-07-11 12:04:26.233 | info     |          Device | Closing user mode device drivers (tt_cluster.cpp:512)
2026-07-11 12:04:26.233 | info     |             UMD | Closing devices in cluster (cluster.cpp:1037)
2026-07-11 12:04:26.442 | info     |             UMD | Closing devices in cluster completed. (cluster.cpp:1046)
2026-07-11 12:04:26.442 | info     |             UMD | Cluster destructor started. (cluster.cpp:754)
2026-07-11 12:04:26.442 | info     |             UMD | Cluster destructor completed. (cluster.cpp:757)
