2026-08-18 23:49:13.337 | DEBUG    | ttnn:<module>:79 - Initial ttnn.CONFIG:
Config{cache_path=/home/ttuser/.cache/ttnn,model_cache_path=/home/ttuser/.cache/ttnn/models,tmp_dir=/tmp/ttnn,enable_model_cache=false,enable_fast_runtime_mode=true,throw_exception_on_fallback=false,enable_logging=false,enable_graph_report=false,enable_graph_python_stack_traces=false,enable_detailed_buffer_report=false,enable_detailed_tensor_report=false,enable_comparison_mode=false,comparison_mode_should_raise_exception=false,comparison_mode_pcc=0.9999,root_report_path=generated/ttnn/reports,report_name=std::nullopt,std::nullopt}
============================= test session starts ==============================
platform linux -- Python 3.12.12, pytest-9.0.3, pluggy-1.6.0 -- /localdev/vkovacevic/tt-metal/python_env/bin/python
cachedir: .pytest_cache
benchmark: 5.2.3 (defaults: timer=time.perf_counter disable_gc=False min_rounds=5 min_time=0.000005 max_time=1.0 calibration_precision=10 warmup=False warmup_iterations=100000)
rootdir: /localdev/vkovacevic/tt-metal
configfile: pytest.ini
plugins: timeout-2.4.0, cov-7.0.0, benchmark-5.2.3, anyio-4.14.2, split-0.11.0, dash-2.15.0, github-actions-annotate-failures-0.3.0
timeout: 1200.0s
timeout method: signal
timeout func_only: False
collecting ... collected 18 items / 8 deselected / 10 selected

models/autoports/qwen_qwen3_6_35b_a3b/tests/test_fused_decoder.py::test_fused_decoder_graph_summary PASSED
models/autoports/qwen_qwen3_6_35b_a3b/tests/test_fused_decoder.py::test_synthetic_fused_decoder_prefill_decode_against_hf[linear_seq5-device_params0] 2026-08-18 23:49:15.327 | info     |          Device | Opening user mode device driver (tt_cluster.cpp:228)
2026-08-18 23:49:15.327 | info     |             UMD | Cluster constructor started. (cluster.cpp:348)
2026-08-18 23:49:15.327 | info     |             UMD | Creating TopologyDiscovery for architecture: blackhole (topology_discovery.cpp:91)
2026-08-18 23:49:15.327 | info     |             UMD | Starting topology discovery. (topology_discovery.cpp:110)
2026-08-18 23:49:15.328 | info     |             UMD | Established firmware bundle version: 19.9.0 (topology_discovery.cpp:569)
2026-08-18 23:49:15.328 | info     |             UMD | Firmware bundle version 19.9.0 on the system is newer than the latest fully tested version 19.5.0 for blackhole architecture. Newest features may not be supported. (topology_discovery.cpp:601)
2026-08-18 23:49:15.332 | info     |             UMD | Completed topology discovery. (topology_discovery.cpp:114)
2026-08-18 23:49:15.554 | info     |             UMD | Opening local chip ids/PCIe ids: {0, 1, 2, 3}/[0, 1, 2, 3] and remote chip ids {} (cluster.cpp:168)
2026-08-18 23:49:15.554 | info     |             UMD | IOMMU: enabled (cluster.cpp:142)
2026-08-18 23:49:15.554 | info     |             UMD | KMD version: 2.10.0 (cluster.cpp:145)
2026-08-18 23:49:15.554 | info     |             UMD | Cluster constructor completed. (cluster.cpp:520)
2026-08-18 23:49:15.556 | info     |             UMD | Starting devices in cluster (cluster.cpp:1024)
2026-08-18 23:49:15.750 | info     |             UMD | Starting devices in cluster completed. (cluster.cpp:1032)
2026-08-18 23:49:15.868 | DEBUG    | ttnn.device:__init__:152 - Using default dispatch core type for this system: DispatchCoreType.WORKER
2026-08-18 23:49:15.868 | DEBUG    | ttnn.device:__init__:154 - Using default dispatch core axis for this system: DispatchCoreAxis.COL
2026-08-18 23:49:15.868 | info     |     Distributed | Using auto discovery to generate mesh graph. (metal_env.cpp:367)
2026-08-18 23:49:15.868 | info     |     Distributed | Constructing control plane using auto-discovery (no mesh graph descriptor). (metal_env.cpp:429)
2026-08-18 23:49:15.868 | warning  |          Always | Unknown motherboard 'B850M-C' for chip_id=0 (bus_id=0x1) — falling back to bus_id as tray_id. Add this motherboard and its bus IDs to mobo_to_bus_ids in physical_system_discovery.cpp. (physical_system_discovery.cpp:89)
2026-08-18 23:49:15.868 | warning  |          Always | Unknown motherboard 'B850M-C' for chip_id=1 (bus_id=0x2) — falling back to bus_id as tray_id. Add this motherboard and its bus IDs to mobo_to_bus_ids in physical_system_discovery.cpp. (physical_system_discovery.cpp:89)
2026-08-18 23:49:15.868 | warning  |          Always | Unknown motherboard 'B850M-C' for chip_id=2 (bus_id=0x3) — falling back to bus_id as tray_id. Add this motherboard and its bus IDs to mobo_to_bus_ids in physical_system_discovery.cpp. (physical_system_discovery.cpp:89)
2026-08-18 23:49:15.868 | warning  |          Always | Unknown motherboard 'B850M-C' for chip_id=3 (bus_id=0x4) — falling back to bus_id as tray_id. Add this motherboard and its bus IDs to mobo_to_bus_ids in physical_system_discovery.cpp. (physical_system_discovery.cpp:89)
2026-08-18 23:49:15.868 | warning  |          Always | Unknown motherboard 'B850M-C' for chip_id=1 (bus_id=0x2) — falling back to bus_id as tray_id. Add this motherboard and its bus IDs to mobo_to_bus_ids in physical_system_discovery.cpp. (physical_system_discovery.cpp:89)
2026-08-18 23:49:15.868 | warning  |          Always | Unknown motherboard 'B850M-C' for chip_id=0 (bus_id=0x1) — falling back to bus_id as tray_id. Add this motherboard and its bus IDs to mobo_to_bus_ids in physical_system_discovery.cpp. (physical_system_discovery.cpp:89)
2026-08-18 23:49:15.868 | warning  |          Always | Unknown motherboard 'B850M-C' for chip_id=2 (bus_id=0x3) — falling back to bus_id as tray_id. Add this motherboard and its bus IDs to mobo_to_bus_ids in physical_system_discovery.cpp. (physical_system_discovery.cpp:89)
2026-08-18 23:49:15.868 | warning  |          Always | Unknown motherboard 'B850M-C' for chip_id=3 (bus_id=0x4) — falling back to bus_id as tray_id. Add this motherboard and its bus IDs to mobo_to_bus_ids in physical_system_discovery.cpp. (physical_system_discovery.cpp:89)
2026-08-18 23:49:15.868 | info     |          Fabric | Logical multi-mesh adjacency: intermesh degree histogram {0:1}; intra-mesh degree histograms mesh0 {2:4} (topology_mapper_utils.cpp:2342)
2026-08-18 23:49:15.868 | info     |          Fabric | Physical multi-mesh adjacency: intermesh degree histogram {0:1}; intra-mesh degree histograms mesh0 {2:4} (topology_mapper_utils.cpp:2350)
2026-08-18 23:49:15.873 | info     |    BuildKernels | Using pre-compiled firmware from: /localdev/vkovacevic/tt-metal/tt_metal/pre-compiled/13793420398762238087/ (build_env_manager.cpp:347)
2026-08-18 23:49:15.873 | info     |    BuildKernels | Using pre-compiled firmware from: /localdev/vkovacevic/tt-metal/tt_metal/pre-compiled/13793420398762238087/ (build_env_manager.cpp:347)
2026-08-18 23:49:15.873 | info     |    BuildKernels | Using pre-compiled firmware from: /localdev/vkovacevic/tt-metal/tt_metal/pre-compiled/13793420398762238087/ (build_env_manager.cpp:347)
2026-08-18 23:49:15.873 | info     |    BuildKernels | Using pre-compiled firmware from: /localdev/vkovacevic/tt-metal/tt_metal/pre-compiled/13793420398762238087/ (build_env_manager.cpp:347)
2026-08-18 23:49:15.902 | warning  |           Metal | Opening subset of mmio devices slows down UMD read/write to remote chips. If opening more devices, consider using CreateDevices API. (device_manager.cpp:261)
2026-08-18 23:49:15.941 | info     |           Metal | ShmResourceTracker: removed orphaned shm '/tt_device_154095681931937_memory' (shm_resource_tracker.cpp:282)
2026-08-18 23:49:16.520 | info     |           Metal | [Real-time profiler] Device 0 sync complete: 100 samples, frequency=1.349985 GHz, device_time_at_sync=26319593599142 cycles (realtime_profiler_manager.cpp:1127)
[transformers] The fast path is not available because one of the required library is not installed. Falling back to torch implementation. To install follow https://github.com/fla-org/flash-linear-attention#installation and https://github.com/Dao-AILab/causal-conv1d
[transformers] You tried to access the `ExpertsInterface` with a `config._experts_implementation` set to `None`. This is expected if you use an Expert Module as a standalone Module. If this is not the case, something went wrong with the dispatch of `config._experts_implementation`
fused prefill 0.9995374726645452
fused traced decode 0.999636443075036
PASSED
models/autoports/qwen_qwen3_6_35b_a3b/tests/test_fused_decoder.py::test_synthetic_fused_decoder_prefill_decode_against_hf[full_seq33-device_params0] 2026-08-18 23:49:18.422 | DEBUG    | ttnn.device:__init__:152 - Using default dispatch core type for this system: DispatchCoreType.WORKER
2026-08-18 23:49:18.423 | DEBUG    | ttnn.device:__init__:154 - Using default dispatch core axis for this system: DispatchCoreAxis.COL
2026-08-18 23:49:18.434 | info     |    BuildKernels | Using pre-compiled firmware from: /localdev/vkovacevic/tt-metal/tt_metal/pre-compiled/13793420398762238087/ (build_env_manager.cpp:347)
2026-08-18 23:49:18.435 | info     |    BuildKernels | Using pre-compiled firmware from: /localdev/vkovacevic/tt-metal/tt_metal/pre-compiled/13793420398762238087/ (build_env_manager.cpp:347)
2026-08-18 23:49:18.436 | info     |    BuildKernels | Using pre-compiled firmware from: /localdev/vkovacevic/tt-metal/tt_metal/pre-compiled/13793420398762238087/ (build_env_manager.cpp:347)
2026-08-18 23:49:18.436 | info     |    BuildKernels | Using pre-compiled firmware from: /localdev/vkovacevic/tt-metal/tt_metal/pre-compiled/13793420398762238087/ (build_env_manager.cpp:347)
2026-08-18 23:49:18.465 | warning  |           Metal | Opening subset of mmio devices slows down UMD read/write to remote chips. If opening more devices, consider using CreateDevices API. (device_manager.cpp:261)
fused prefill 0.9996627571644442
fused traced decode 0.9994431969325123
PASSED
models/autoports/qwen_qwen3_6_35b_a3b/tests/test_fused_decoder.py::test_synthetic_fused_decoder_batch2_prefill_decode_against_hf[linear_batch2-device_params0] 2026-08-18 23:49:20.225 | DEBUG    | ttnn.device:__init__:152 - Using default dispatch core type for this system: DispatchCoreType.WORKER
2026-08-18 23:49:20.226 | DEBUG    | ttnn.device:__init__:154 - Using default dispatch core axis for this system: DispatchCoreAxis.COL
2026-08-18 23:49:20.237 | info     |    BuildKernels | Using pre-compiled firmware from: /localdev/vkovacevic/tt-metal/tt_metal/pre-compiled/13793420398762238087/ (build_env_manager.cpp:347)
2026-08-18 23:49:20.237 | info     |    BuildKernels | Using pre-compiled firmware from: /localdev/vkovacevic/tt-metal/tt_metal/pre-compiled/13793420398762238087/ (build_env_manager.cpp:347)
2026-08-18 23:49:20.238 | info     |    BuildKernels | Using pre-compiled firmware from: /localdev/vkovacevic/tt-metal/tt_metal/pre-compiled/13793420398762238087/ (build_env_manager.cpp:347)
2026-08-18 23:49:20.239 | info     |    BuildKernels | Using pre-compiled firmware from: /localdev/vkovacevic/tt-metal/tt_metal/pre-compiled/13793420398762238087/ (build_env_manager.cpp:347)
2026-08-18 23:49:20.267 | warning  |           Metal | Opening subset of mmio devices slows down UMD read/write to remote chips. If opening more devices, consider using CreateDevices API. (device_manager.cpp:261)
fused batch2 prefill 0.9995916143985506
fused batch2 traced decode 0.9995260348984508
PASSED
models/autoports/qwen_qwen3_6_35b_a3b/tests/test_fused_decoder.py::test_synthetic_fused_decoder_batch2_prefill_decode_against_hf[full_batch2-device_params0] 2026-08-18 23:49:22.129 | DEBUG    | ttnn.device:__init__:152 - Using default dispatch core type for this system: DispatchCoreType.WORKER
2026-08-18 23:49:22.129 | DEBUG    | ttnn.device:__init__:154 - Using default dispatch core axis for this system: DispatchCoreAxis.COL
2026-08-18 23:49:22.141 | info     |    BuildKernels | Using pre-compiled firmware from: /localdev/vkovacevic/tt-metal/tt_metal/pre-compiled/13793420398762238087/ (build_env_manager.cpp:347)
2026-08-18 23:49:22.141 | info     |    BuildKernels | Using pre-compiled firmware from: /localdev/vkovacevic/tt-metal/tt_metal/pre-compiled/13793420398762238087/ (build_env_manager.cpp:347)
2026-08-18 23:49:22.142 | info     |    BuildKernels | Using pre-compiled firmware from: /localdev/vkovacevic/tt-metal/tt_metal/pre-compiled/13793420398762238087/ (build_env_manager.cpp:347)
2026-08-18 23:49:22.143 | info     |    BuildKernels | Using pre-compiled firmware from: /localdev/vkovacevic/tt-metal/tt_metal/pre-compiled/13793420398762238087/ (build_env_manager.cpp:347)
2026-08-18 23:49:22.171 | warning  |           Metal | Opening subset of mmio devices slows down UMD read/write to remote chips. If opening more devices, consider using CreateDevices API. (device_manager.cpp:261)
fused batch2 prefill 0.9996683781380403
fused batch2 traced decode 0.9994558571610651
PASSED
models/autoports/qwen_qwen3_6_35b_a3b/tests/test_fused_decoder.py::test_synthetic_fused_decoder_non_aligned_lengths[linear_non_aligned65-device_params0] 2026-08-18 23:49:24.012 | DEBUG    | ttnn.device:__init__:152 - Using default dispatch core type for this system: DispatchCoreType.WORKER
2026-08-18 23:49:24.013 | DEBUG    | ttnn.device:__init__:154 - Using default dispatch core axis for this system: DispatchCoreAxis.COL
2026-08-18 23:49:24.025 | info     |    BuildKernels | Using pre-compiled firmware from: /localdev/vkovacevic/tt-metal/tt_metal/pre-compiled/13793420398762238087/ (build_env_manager.cpp:347)
2026-08-18 23:49:24.025 | info     |    BuildKernels | Using pre-compiled firmware from: /localdev/vkovacevic/tt-metal/tt_metal/pre-compiled/13793420398762238087/ (build_env_manager.cpp:347)
2026-08-18 23:49:24.026 | info     |    BuildKernels | Using pre-compiled firmware from: /localdev/vkovacevic/tt-metal/tt_metal/pre-compiled/13793420398762238087/ (build_env_manager.cpp:347)
2026-08-18 23:49:24.027 | info     |    BuildKernels | Using pre-compiled firmware from: /localdev/vkovacevic/tt-metal/tt_metal/pre-compiled/13793420398762238087/ (build_env_manager.cpp:347)
2026-08-18 23:49:24.056 | warning  |           Metal | Opening subset of mmio devices slows down UMD read/write to remote chips. If opening more devices, consider using CreateDevices API. (device_manager.cpp:261)
fused non-aligned prefill 0.9975437742222755
fused non-aligned traced decode 0.9994243099011441
PASSED
models/autoports/qwen_qwen3_6_35b_a3b/tests/test_fused_decoder.py::test_synthetic_fused_decoder_non_aligned_lengths[full_non_aligned33-device_params0] 2026-08-18 23:49:25.921 | DEBUG    | ttnn.device:__init__:152 - Using default dispatch core type for this system: DispatchCoreType.WORKER
2026-08-18 23:49:25.921 | DEBUG    | ttnn.device:__init__:154 - Using default dispatch core axis for this system: DispatchCoreAxis.COL
2026-08-18 23:49:25.933 | info     |    BuildKernels | Using pre-compiled firmware from: /localdev/vkovacevic/tt-metal/tt_metal/pre-compiled/13793420398762238087/ (build_env_manager.cpp:347)
2026-08-18 23:49:25.934 | info     |    BuildKernels | Using pre-compiled firmware from: /localdev/vkovacevic/tt-metal/tt_metal/pre-compiled/13793420398762238087/ (build_env_manager.cpp:347)
2026-08-18 23:49:25.935 | info     |    BuildKernels | Using pre-compiled firmware from: /localdev/vkovacevic/tt-metal/tt_metal/pre-compiled/13793420398762238087/ (build_env_manager.cpp:347)
2026-08-18 23:49:25.935 | info     |    BuildKernels | Using pre-compiled firmware from: /localdev/vkovacevic/tt-metal/tt_metal/pre-compiled/13793420398762238087/ (build_env_manager.cpp:347)
2026-08-18 23:49:25.963 | warning  |           Metal | Opening subset of mmio devices slows down UMD read/write to remote chips. If opening more devices, consider using CreateDevices API. (device_manager.cpp:261)
fused non-aligned prefill 0.9996627571644442
fused non-aligned traced decode 0.9994431969325123
PASSED
models/autoports/qwen_qwen3_6_35b_a3b/tests/test_fused_decoder.py::test_synthetic_fused_decoder_repeated_input_determinism[linear_repeat-device_params0] 2026-08-18 23:49:27.705 | DEBUG    | ttnn.device:__init__:152 - Using default dispatch core type for this system: DispatchCoreType.WORKER
2026-08-18 23:49:27.705 | DEBUG    | ttnn.device:__init__:154 - Using default dispatch core axis for this system: DispatchCoreAxis.COL
2026-08-18 23:49:27.717 | info     |    BuildKernels | Using pre-compiled firmware from: /localdev/vkovacevic/tt-metal/tt_metal/pre-compiled/13793420398762238087/ (build_env_manager.cpp:347)
2026-08-18 23:49:27.717 | info     |    BuildKernels | Using pre-compiled firmware from: /localdev/vkovacevic/tt-metal/tt_metal/pre-compiled/13793420398762238087/ (build_env_manager.cpp:347)
2026-08-18 23:49:27.718 | info     |    BuildKernels | Using pre-compiled firmware from: /localdev/vkovacevic/tt-metal/tt_metal/pre-compiled/13793420398762238087/ (build_env_manager.cpp:347)
2026-08-18 23:49:27.719 | info     |    BuildKernels | Using pre-compiled firmware from: /localdev/vkovacevic/tt-metal/tt_metal/pre-compiled/13793420398762238087/ (build_env_manager.cpp:347)
2026-08-18 23:49:27.747 | warning  |           Metal | Opening subset of mmio devices slows down UMD read/write to remote chips. If opening more devices, consider using CreateDevices API. (device_manager.cpp:261)
fused repeated decode 1.0
PASSED
models/autoports/qwen_qwen3_6_35b_a3b/tests/test_fused_decoder.py::test_synthetic_fused_decoder_repeated_input_determinism[full_repeat-device_params0] 2026-08-18 23:49:28.854 | DEBUG    | ttnn.device:__init__:152 - Using default dispatch core type for this system: DispatchCoreType.WORKER
2026-08-18 23:49:28.855 | DEBUG    | ttnn.device:__init__:154 - Using default dispatch core axis for this system: DispatchCoreAxis.COL
2026-08-18 23:49:28.866 | info     |    BuildKernels | Using pre-compiled firmware from: /localdev/vkovacevic/tt-metal/tt_metal/pre-compiled/13793420398762238087/ (build_env_manager.cpp:347)
2026-08-18 23:49:28.867 | info     |    BuildKernels | Using pre-compiled firmware from: /localdev/vkovacevic/tt-metal/tt_metal/pre-compiled/13793420398762238087/ (build_env_manager.cpp:347)
2026-08-18 23:49:28.868 | info     |    BuildKernels | Using pre-compiled firmware from: /localdev/vkovacevic/tt-metal/tt_metal/pre-compiled/13793420398762238087/ (build_env_manager.cpp:347)
2026-08-18 23:49:28.868 | info     |    BuildKernels | Using pre-compiled firmware from: /localdev/vkovacevic/tt-metal/tt_metal/pre-compiled/13793420398762238087/ (build_env_manager.cpp:347)
2026-08-18 23:49:28.896 | warning  |           Metal | Opening subset of mmio devices slows down UMD read/write to remote chips. If opening more devices, consider using CreateDevices API. (device_manager.cpp:261)
fused repeated decode 1.0
PASSED
models/autoports/qwen_qwen3_6_35b_a3b/tests/test_fused_decoder.py::test_fused_runtime_fallback_audit_source PASSED

=============================== warnings summary ===============================
<frozen importlib._bootstrap>:488
  <frozen importlib._bootstrap>:488: DeprecationWarning: builtin type SwigPyPacked has no __module__ attribute

<frozen importlib._bootstrap>:488
  <frozen importlib._bootstrap>:488: DeprecationWarning: builtin type SwigPyObject has no __module__ attribute

-- Docs: https://docs.pytest.org/en/stable/how-to/capture-warnings.html
==================================== PASSES ====================================
- generated xml file: /localdev/vkovacevic/tt-metal/generated/test_reports/most_recent_tests.xml -
============================== slowest durations ===============================
1.76s call     models/autoports/qwen_qwen3_6_35b_a3b/tests/test_fused_decoder.py::test_synthetic_fused_decoder_prefill_decode_against_hf[linear_seq5-device_params0]
1.69s call     models/autoports/qwen_qwen3_6_35b_a3b/tests/test_fused_decoder.py::test_synthetic_fused_decoder_non_aligned_lengths[linear_non_aligned65-device_params0]
1.69s call     models/autoports/qwen_qwen3_6_35b_a3b/tests/test_fused_decoder.py::test_synthetic_fused_decoder_batch2_prefill_decode_against_hf[linear_batch2-device_params0]
1.67s call     models/autoports/qwen_qwen3_6_35b_a3b/tests/test_fused_decoder.py::test_synthetic_fused_decoder_batch2_prefill_decode_against_hf[full_batch2-device_params0]
1.59s call     models/autoports/qwen_qwen3_6_35b_a3b/tests/test_fused_decoder.py::test_synthetic_fused_decoder_prefill_decode_against_hf[full_seq33-device_params0]
1.57s call     models/autoports/qwen_qwen3_6_35b_a3b/tests/test_fused_decoder.py::test_synthetic_fused_decoder_non_aligned_lengths[full_non_aligned33-device_params0]
1.21s setup    models/autoports/qwen_qwen3_6_35b_a3b/tests/test_fused_decoder.py::test_synthetic_fused_decoder_prefill_decode_against_hf[linear_seq5-device_params0]
0.94s call     models/autoports/qwen_qwen3_6_35b_a3b/tests/test_fused_decoder.py::test_synthetic_fused_decoder_repeated_input_determinism[linear_repeat-device_params0]
0.91s call     models/autoports/qwen_qwen3_6_35b_a3b/tests/test_fused_decoder.py::test_synthetic_fused_decoder_repeated_input_determinism[full_repeat-device_params0]
0.12s teardown models/autoports/qwen_qwen3_6_35b_a3b/tests/test_fused_decoder.py::test_synthetic_fused_decoder_repeated_input_determinism[full_repeat-device_params0]
0.12s teardown models/autoports/qwen_qwen3_6_35b_a3b/tests/test_fused_decoder.py::test_synthetic_fused_decoder_prefill_decode_against_hf[linear_seq5-device_params0]
0.12s teardown models/autoports/qwen_qwen3_6_35b_a3b/tests/test_fused_decoder.py::test_synthetic_fused_decoder_batch2_prefill_decode_against_hf[linear_batch2-device_params0]
0.12s teardown models/autoports/qwen_qwen3_6_35b_a3b/tests/test_fused_decoder.py::test_synthetic_fused_decoder_batch2_prefill_decode_against_hf[full_batch2-device_params0]
0.12s teardown models/autoports/qwen_qwen3_6_35b_a3b/tests/test_fused_decoder.py::test_synthetic_fused_decoder_non_aligned_lengths[linear_non_aligned65-device_params0]
0.12s teardown models/autoports/qwen_qwen3_6_35b_a3b/tests/test_fused_decoder.py::test_synthetic_fused_decoder_prefill_decode_against_hf[full_seq33-device_params0]
0.12s teardown models/autoports/qwen_qwen3_6_35b_a3b/tests/test_fused_decoder.py::test_synthetic_fused_decoder_non_aligned_lengths[full_non_aligned33-device_params0]
0.12s teardown models/autoports/qwen_qwen3_6_35b_a3b/tests/test_fused_decoder.py::test_synthetic_fused_decoder_repeated_input_determinism[linear_repeat-device_params0]
0.09s setup    models/autoports/qwen_qwen3_6_35b_a3b/tests/test_fused_decoder.py::test_synthetic_fused_decoder_non_aligned_lengths[linear_non_aligned65-device_params0]
0.08s setup    models/autoports/qwen_qwen3_6_35b_a3b/tests/test_fused_decoder.py::test_synthetic_fused_decoder_non_aligned_lengths[full_non_aligned33-device_params0]
0.08s setup    models/autoports/qwen_qwen3_6_35b_a3b/tests/test_fused_decoder.py::test_synthetic_fused_decoder_batch2_prefill_decode_against_hf[full_batch2-device_params0]
0.08s setup    models/autoports/qwen_qwen3_6_35b_a3b/tests/test_fused_decoder.py::test_synthetic_fused_decoder_repeated_input_determinism[full_repeat-device_params0]
0.08s setup    models/autoports/qwen_qwen3_6_35b_a3b/tests/test_fused_decoder.py::test_synthetic_fused_decoder_repeated_input_determinism[linear_repeat-device_params0]
0.08s setup    models/autoports/qwen_qwen3_6_35b_a3b/tests/test_fused_decoder.py::test_synthetic_fused_decoder_prefill_decode_against_hf[full_seq33-device_params0]
0.08s setup    models/autoports/qwen_qwen3_6_35b_a3b/tests/test_fused_decoder.py::test_synthetic_fused_decoder_batch2_prefill_decode_against_hf[linear_batch2-device_params0]
0.01s call     models/autoports/qwen_qwen3_6_35b_a3b/tests/test_fused_decoder.py::test_fused_runtime_fallback_audit_source
0.00s setup    models/autoports/qwen_qwen3_6_35b_a3b/tests/test_fused_decoder.py::test_fused_decoder_graph_summary
0.00s setup    models/autoports/qwen_qwen3_6_35b_a3b/tests/test_fused_decoder.py::test_fused_runtime_fallback_audit_source
0.00s call     models/autoports/qwen_qwen3_6_35b_a3b/tests/test_fused_decoder.py::test_fused_decoder_graph_summary
0.00s teardown models/autoports/qwen_qwen3_6_35b_a3b/tests/test_fused_decoder.py::test_fused_decoder_graph_summary
0.00s teardown models/autoports/qwen_qwen3_6_35b_a3b/tests/test_fused_decoder.py::test_fused_runtime_fallback_audit_source
=========================== short test summary info ============================
PASSED models/autoports/qwen_qwen3_6_35b_a3b/tests/test_fused_decoder.py::test_fused_decoder_graph_summary
PASSED models/autoports/qwen_qwen3_6_35b_a3b/tests/test_fused_decoder.py::test_synthetic_fused_decoder_prefill_decode_against_hf[linear_seq5-device_params0]
PASSED models/autoports/qwen_qwen3_6_35b_a3b/tests/test_fused_decoder.py::test_synthetic_fused_decoder_prefill_decode_against_hf[full_seq33-device_params0]
PASSED models/autoports/qwen_qwen3_6_35b_a3b/tests/test_fused_decoder.py::test_synthetic_fused_decoder_batch2_prefill_decode_against_hf[linear_batch2-device_params0]
PASSED models/autoports/qwen_qwen3_6_35b_a3b/tests/test_fused_decoder.py::test_synthetic_fused_decoder_batch2_prefill_decode_against_hf[full_batch2-device_params0]
PASSED models/autoports/qwen_qwen3_6_35b_a3b/tests/test_fused_decoder.py::test_synthetic_fused_decoder_non_aligned_lengths[linear_non_aligned65-device_params0]
PASSED models/autoports/qwen_qwen3_6_35b_a3b/tests/test_fused_decoder.py::test_synthetic_fused_decoder_non_aligned_lengths[full_non_aligned33-device_params0]
PASSED models/autoports/qwen_qwen3_6_35b_a3b/tests/test_fused_decoder.py::test_synthetic_fused_decoder_repeated_input_determinism[linear_repeat-device_params0]
PASSED models/autoports/qwen_qwen3_6_35b_a3b/tests/test_fused_decoder.py::test_synthetic_fused_decoder_repeated_input_determinism[full_repeat-device_params0]
PASSED models/autoports/qwen_qwen3_6_35b_a3b/tests/test_fused_decoder.py::test_fused_runtime_fallback_audit_source
================ 10 passed, 8 deselected, 2 warnings in 15.99s =================
sys:1: DeprecationWarning: builtin type swigvarlink has no __module__ attribute
nanobind: leaked 2 instances!
 - leaked instance 0x73f81edfded8 of type "ttnn._ttnn.tensor.CoreRangeSet"
 - leaked instance 0x73f81ef15f08 of type "ttnn._ttnn.device.DispatchCoreConfig"
nanobind: leaked 34 types!
 - leaked type "DispatchCoreAxis"
 - leaked type "ttnn._ttnn.device.SubDeviceManagerId"
 - leaked type "MathFidelity"
 - leaked type "ttnn._ttnn.operations.matmul.MatmulMultiCoreReuseMultiCast1DProgramConfig"
 - leaked type "ttnn._ttnn.operations.matmul.MatmulInputs"
 - leaked type "ttnn._ttnn.operations.matmul.MatmulMultiCoreReuseMultiCastBatchedDRAMShardedProgramConfig"
 - leaked type "BufferType"
 - leaked type "UnaryOpType"
 - leaked type "Layout"
 - leaked type "ttnn._ttnn.operations.matmul.MatmulMultiCoreReuseOptimizedProgramFactory"
 - ... skipped remainder
nanobind: leaked 303 functions!
 - leaked function "__init__"
 - leaked function ""
 - leaked function ""
 - leaked function "terminate_fast_dispatch"
 - leaked function "__repr__"
 - leaked function ""
 - leaked function "get_submeshes"
 - leaked function ""
 - leaked function "cpu"
 - leaked function "worker_core_from_logical_core"
 - ... skipped remainder
nanobind: this is likely caused by a reference counting issue in the binding code.
See https://nanobind.readthedocs.io/en/latest/refleaks.html2026-08-18 23:49:31.738 | info     |    BuildKernels | JIT cache stats: 800/800 hits (100.0%) [800 cached, 3122 build-once dedup, 0 merged artifacts, 0 merged genfiles] (build_cache_telemetry.cpp:207)
2026-08-18 23:49:31.738 | info     |    BuildKernels | JIT telemetry: 3 registered TelemetryTokens (build_cache_telemetry.cpp:230)
2026-08-18 23:49:31.752 | info     |          Device | Closing user mode device drivers (tt_cluster.cpp:512)
2026-08-18 23:49:31.752 | info     |             UMD | Closing devices in cluster (cluster.cpp:1037)
2026-08-18 23:49:32.314 | info     |             UMD | Closing devices in cluster completed. (cluster.cpp:1046)
2026-08-18 23:49:32.314 | info     |             UMD | Cluster destructor started. (cluster.cpp:754)
2026-08-18 23:49:32.314 | info     |             UMD | Cluster destructor completed. (cluster.cpp:757)
