============================= test session starts ==============================
platform linux -- Python 3.12.13, pytest-9.0.3, pluggy-1.6.0 -- /home/mvasiljevic/tt-metal/python_env/bin/python3
cachedir: .pytest_cache
benchmark: 5.2.3 (defaults: timer=time.perf_counter disable_gc=False min_rounds=5 min_time=0.000005 max_time=1.0 calibration_precision=10 warmup=False warmup_iterations=100000)
rootdir: /home/mvasiljevic/tt-metal
configfile: pytest.ini
plugins: benchmark-5.2.3, timeout-2.4.0, anyio-4.14.2, cov-7.0.0, dash-2.15.0, split-0.11.0, github-actions-annotate-failures-0.3.0
timeout: 300.0s
timeout method: signal
timeout func_only: False
collecting ... collected 4 items / 2 deselected / 2 selected

models/autoports/microsoft_phi_3_5_mini_instruct/tests/optimized_decoder_perf.py::test_profile_warmed_prefill[blackhole-1-mesh_device0] 2026-07-30 07:12:12.275 | info     |          Device | Opening user mode device driver (tt_cluster.cpp:228)
2026-07-30 07:12:12.275 | info     |             UMD | Cluster constructor started. (cluster.cpp:348)
2026-07-30 07:12:12.275 | info     |             UMD | Creating TopologyDiscovery for architecture: blackhole (topology_discovery.cpp:91)
2026-07-30 07:12:12.275 | info     |             UMD | Starting topology discovery. (topology_discovery.cpp:110)
2026-07-30 07:12:12.277 | info     |             UMD | Established firmware bundle version: 19.9.0 (topology_discovery.cpp:569)
2026-07-30 07:12:12.277 | info     |             UMD | Firmware bundle version 19.9.0 on the system is newer than the latest fully tested version 19.5.0 for blackhole architecture. Newest features may not be supported. (topology_discovery.cpp:601)
2026-07-30 07:12:12.281 | info     |             UMD | Completed topology discovery. (topology_discovery.cpp:114)
2026-07-30 07:12:12.362 | info     |             UMD | Opening local chip ids/PCIe ids: {0, 1, 2, 3}/[0, 1, 2, 3] and remote chip ids {} (cluster.cpp:168)
2026-07-30 07:12:12.362 | info     |             UMD | IOMMU: enabled (cluster.cpp:142)
2026-07-30 07:12:12.362 | info     |             UMD | KMD version: 2.10.0 (cluster.cpp:145)
2026-07-30 07:12:12.362 | info     |             UMD | Cluster constructor completed. (cluster.cpp:520)
2026-07-30 07:12:12.363 | info     |             UMD | Starting devices in cluster (cluster.cpp:1024)
2026-07-30 07:12:12.483 | info     |             UMD | Starting devices in cluster completed. (cluster.cpp:1032)
2026-07-30 07:12:12.608 | info     |     Distributed | Using auto discovery to generate mesh graph. (metal_env.cpp:367)
2026-07-30 07:12:12.608 | info     |     Distributed | Constructing control plane using auto-discovery (no mesh graph descriptor). (metal_env.cpp:429)
2026-07-30 07:12:12.608 | warning  |          Always | Unknown motherboard 'B850M-C' for chip_id=0 (bus_id=0x1) — falling back to bus_id as tray_id. Add this motherboard and its bus IDs to mobo_to_bus_ids in physical_system_discovery.cpp. (physical_system_discovery.cpp:89)
2026-07-30 07:12:12.608 | warning  |          Always | Unknown motherboard 'B850M-C' for chip_id=1 (bus_id=0x2) — falling back to bus_id as tray_id. Add this motherboard and its bus IDs to mobo_to_bus_ids in physical_system_discovery.cpp. (physical_system_discovery.cpp:89)
2026-07-30 07:12:12.608 | warning  |          Always | Unknown motherboard 'B850M-C' for chip_id=2 (bus_id=0x3) — falling back to bus_id as tray_id. Add this motherboard and its bus IDs to mobo_to_bus_ids in physical_system_discovery.cpp. (physical_system_discovery.cpp:89)
2026-07-30 07:12:12.608 | warning  |          Always | Unknown motherboard 'B850M-C' for chip_id=3 (bus_id=0x4) — falling back to bus_id as tray_id. Add this motherboard and its bus IDs to mobo_to_bus_ids in physical_system_discovery.cpp. (physical_system_discovery.cpp:89)
2026-07-30 07:12:12.608 | warning  |          Always | Unknown motherboard 'B850M-C' for chip_id=1 (bus_id=0x2) — falling back to bus_id as tray_id. Add this motherboard and its bus IDs to mobo_to_bus_ids in physical_system_discovery.cpp. (physical_system_discovery.cpp:89)
2026-07-30 07:12:12.608 | warning  |          Always | Unknown motherboard 'B850M-C' for chip_id=0 (bus_id=0x1) — falling back to bus_id as tray_id. Add this motherboard and its bus IDs to mobo_to_bus_ids in physical_system_discovery.cpp. (physical_system_discovery.cpp:89)
2026-07-30 07:12:12.608 | warning  |          Always | Unknown motherboard 'B850M-C' for chip_id=2 (bus_id=0x3) — falling back to bus_id as tray_id. Add this motherboard and its bus IDs to mobo_to_bus_ids in physical_system_discovery.cpp. (physical_system_discovery.cpp:89)
2026-07-30 07:12:12.608 | warning  |          Always | Unknown motherboard 'B850M-C' for chip_id=3 (bus_id=0x4) — falling back to bus_id as tray_id. Add this motherboard and its bus IDs to mobo_to_bus_ids in physical_system_discovery.cpp. (physical_system_discovery.cpp:89)
2026-07-30 07:12:12.608 | info     |          Fabric | Logical multi-mesh adjacency: intermesh degree histogram {0:1}; intra-mesh degree histograms mesh0 {2:4} (topology_mapper_utils.cpp:2342)
2026-07-30 07:12:12.608 | info     |          Fabric | Physical multi-mesh adjacency: intermesh degree histogram {0:1}; intra-mesh degree histograms mesh0 {2:4} (topology_mapper_utils.cpp:2350)
2026-07-30 07:12:12.613 | info     |    BuildKernels | Using pre-compiled firmware from: /home/mvasiljevic/tt-metal/tt_metal/pre-compiled/13793420398762238087/ (build_env_manager.cpp:347)
2026-07-30 07:12:12.613 | info     |    BuildKernels | Using pre-compiled firmware from: /home/mvasiljevic/tt-metal/tt_metal/pre-compiled/13793420398762238087/ (build_env_manager.cpp:347)
2026-07-30 07:12:12.613 | info     |    BuildKernels | Using pre-compiled firmware from: /home/mvasiljevic/tt-metal/tt_metal/pre-compiled/13793420398762238087/ (build_env_manager.cpp:347)
2026-07-30 07:12:12.613 | info     |    BuildKernels | Using pre-compiled firmware from: /home/mvasiljevic/tt-metal/tt_metal/pre-compiled/13793420398762238087/ (build_env_manager.cpp:347)
2026-07-30 07:12:12.641 | warning  |           Metal | Opening subset of mmio devices slows down UMD read/write to remote chips. If opening more devices, consider using CreateDevices API. (device_manager.cpp:261)
2026-07-30 07:12:12.681 | info     |           Metal | ShmResourceTracker: removed orphaned shm '/tt_device_154095680356416_memory' (shm_resource_tracker.cpp:282)
2026-07-30 07:12:13.260 | info     |           Metal | [Real-time profiler] Device 3 sync complete: 100 samples, frequency=1.349993 GHz, device_time_at_sync=97578559745354 cycles (realtime_profiler_manager.cpp:1127)
2026-07-30 07:12:13.865 | warning  |              Op | ttnn::tilize: Using input shard spec for output tensor because the legacy sharded optimized program factory is being used (tilize_device_operation.cpp:151)
OPT_POLICY name=prefill_b2_default values=OptimizationPolicy(attention_weight_dtype=DataType.BFLOAT4_B, gate_up_weight_dtype=DataType.BFLOAT4_B, down_weight_dtype=DataType.BFLOAT4_B, kv_cache_dtype=DataType.BFLOAT8_B, attention_math_fidelity=MathFidelity.LoFi, mlp_math_fidelity=MathFidelity.LoFi, decode_core_grid=(8, 1), qkv_in0_block_w=12, o_proj_in0_block_w=12, gate_up_in0_block_w=6, down_in0_block_w=16, gate_up_split_interleaved=True, separate_gate_up_projections=False, fused_paged_cache_update=True, explicit_decode_sdpa=True, fused_rope=True, prefill_core_grid=(8, 8), prefill_qkv_in0_block_w=2, prefill_o_proj_in0_block_w=2, prefill_gate_up_in0_block_w=2, prefill_down_in0_block_w=2, prefill_qkv_out_block_h=None, prefill_o_proj_out_block_h=None, prefill_gate_up_out_block_h=None, prefill_down_out_block_h=None, prefill_qkv_out_block_w=None, prefill_o_proj_out_block_w=None, prefill_gate_up_out_block_w=None, prefill_down_out_block_w=None)
PCC_RESULT path=optimized-perf-prefill-prefill_b2_default-b1 threshold=0.995 0.9999948974069927
PERF_RESULT policy=prefill_b2_default mode=prefill batch=1 sequence=128 warmed_ms=0.976448
PASSED
models/autoports/microsoft_phi_3_5_mini_instruct/tests/optimized_decoder_perf.py::test_profile_warmed_prefill[blackhole-32-mesh_device0] 2026-07-30 07:12:15.332 | info     |    BuildKernels | Using pre-compiled firmware from: /home/mvasiljevic/tt-metal/tt_metal/pre-compiled/13793420398762238087/ (build_env_manager.cpp:347)
2026-07-30 07:12:15.334 | info     |    BuildKernels | Using pre-compiled firmware from: /home/mvasiljevic/tt-metal/tt_metal/pre-compiled/13793420398762238087/ (build_env_manager.cpp:347)
2026-07-30 07:12:15.334 | info     |    BuildKernels | Using pre-compiled firmware from: /home/mvasiljevic/tt-metal/tt_metal/pre-compiled/13793420398762238087/ (build_env_manager.cpp:347)
2026-07-30 07:12:15.335 | info     |    BuildKernels | Using pre-compiled firmware from: /home/mvasiljevic/tt-metal/tt_metal/pre-compiled/13793420398762238087/ (build_env_manager.cpp:347)
2026-07-30 07:12:15.363 | warning  |           Metal | Opening subset of mmio devices slows down UMD read/write to remote chips. If opening more devices, consider using CreateDevices API. (device_manager.cpp:261)
2026-07-30 07:12:15.962 | warning  |              Op | ttnn::tilize: Using input shard spec for output tensor because the legacy sharded optimized program factory is being used (tilize_device_operation.cpp:151)
OPT_POLICY name=prefill_b2_default values=OptimizationPolicy(attention_weight_dtype=DataType.BFLOAT4_B, gate_up_weight_dtype=DataType.BFLOAT4_B, down_weight_dtype=DataType.BFLOAT4_B, kv_cache_dtype=DataType.BFLOAT8_B, attention_math_fidelity=MathFidelity.LoFi, mlp_math_fidelity=MathFidelity.LoFi, decode_core_grid=(8, 1), qkv_in0_block_w=12, o_proj_in0_block_w=12, gate_up_in0_block_w=6, down_in0_block_w=16, gate_up_split_interleaved=True, separate_gate_up_projections=False, fused_paged_cache_update=True, explicit_decode_sdpa=True, fused_rope=True, prefill_core_grid=(8, 8), prefill_qkv_in0_block_w=2, prefill_o_proj_in0_block_w=2, prefill_gate_up_in0_block_w=2, prefill_down_in0_block_w=2, prefill_qkv_out_block_h=None, prefill_o_proj_out_block_h=None, prefill_gate_up_out_block_h=None, prefill_down_out_block_h=None, prefill_qkv_out_block_w=None, prefill_o_proj_out_block_w=None, prefill_gate_up_out_block_w=None, prefill_down_out_block_w=None)
PCC_RESULT path=optimized-perf-prefill-prefill_b2_default-b32 threshold=0.995 0.9999948124977661
PERF_RESULT policy=prefill_b2_default mode=prefill batch=32 sequence=128 warmed_ms=10.064457
PASSED

==================================== PASSES ====================================
- generated xml file: /home/mvasiljevic/tt-metal/generated/test_reports/most_recent_tests.xml -
============================== slowest durations ===============================
3.37s call     models/autoports/microsoft_phi_3_5_mini_instruct/tests/optimized_decoder_perf.py::test_profile_warmed_prefill[blackhole-32-mesh_device0]
1.72s call     models/autoports/microsoft_phi_3_5_mini_instruct/tests/optimized_decoder_perf.py::test_profile_warmed_prefill[blackhole-1-mesh_device0]
1.21s setup    models/autoports/microsoft_phi_3_5_mini_instruct/tests/optimized_decoder_perf.py::test_profile_warmed_prefill[blackhole-1-mesh_device0]
0.29s setup    models/autoports/microsoft_phi_3_5_mini_instruct/tests/optimized_decoder_perf.py::test_profile_warmed_prefill[blackhole-32-mesh_device0]
0.12s teardown models/autoports/microsoft_phi_3_5_mini_instruct/tests/optimized_decoder_perf.py::test_profile_warmed_prefill[blackhole-1-mesh_device0]
0.11s teardown models/autoports/microsoft_phi_3_5_mini_instruct/tests/optimized_decoder_perf.py::test_profile_warmed_prefill[blackhole-32-mesh_device0]
=========================== short test summary info ============================
PASSED models/autoports/microsoft_phi_3_5_mini_instruct/tests/optimized_decoder_perf.py::test_profile_warmed_prefill[blackhole-1-mesh_device0]
PASSED models/autoports/microsoft_phi_3_5_mini_instruct/tests/optimized_decoder_perf.py::test_profile_warmed_prefill[blackhole-32-mesh_device0]
======================= 2 passed, 2 deselected in 7.49s ========================
2026-07-30 07:12:20.668 | info     |    BuildKernels | JIT cache stats: 124/142 hits (87.3%) [124 cached, 128 build-once dedup, 0 merged artifacts, 0 merged genfiles] (build_cache_telemetry.cpp:207)
2026-07-30 07:12:20.668 | info     |    BuildKernels | JIT telemetry: 3 registered TelemetryTokens (build_cache_telemetry.cpp:230)
2026-07-30 07:12:20.680 | info     |          Device | Closing user mode device drivers (tt_cluster.cpp:512)
2026-07-30 07:12:20.680 | info     |             UMD | Closing devices in cluster (cluster.cpp:1037)
2026-07-30 07:12:21.252 | info     |             UMD | Closing devices in cluster completed. (cluster.cpp:1046)
2026-07-30 07:12:21.253 | info     |             UMD | Cluster destructor started. (cluster.cpp:754)
2026-07-30 07:12:21.253 | info     |             UMD | Cluster destructor completed. (cluster.cpp:757)
