2026-07-30 07:22:21.966 | DEBUG    | ttnn:<module>:79 - Initial ttnn.CONFIG:
Config{cache_path=/home/mvasiljevic/.cache/ttnn,model_cache_path=/home/mvasiljevic/.cache/ttnn/models,tmp_dir=/tmp/ttnn,enable_model_cache=false,enable_fast_runtime_mode=true,throw_exception_on_fallback=false,enable_logging=false,enable_graph_report=false,enable_graph_python_stack_traces=false,enable_detailed_buffer_report=false,enable_detailed_tensor_report=false,enable_comparison_mode=false,comparison_mode_should_raise_exception=false,comparison_mode_pcc=0.9999,root_report_path=generated/ttnn/reports,report_name=std::nullopt,std::nullopt}
============================= test session starts ==============================
platform linux -- Python 3.12.13, pytest-9.0.3, pluggy-1.6.0 -- /home/mvasiljevic/tt-metal/python_env/bin/python3
cachedir: .pytest_cache
benchmark: 5.2.3 (defaults: timer=time.perf_counter disable_gc=False min_rounds=5 min_time=0.000005 max_time=1.0 calibration_precision=10 warmup=False warmup_iterations=100000)
rootdir: /home/mvasiljevic/tt-metal
configfile: pytest.ini
plugins: benchmark-5.2.3, timeout-2.4.0, anyio-4.14.2, cov-7.0.0, dash-2.15.0, split-0.11.0, github-actions-annotate-failures-0.3.0
timeout: 300.0s
timeout method: signal
timeout func_only: False
collecting ... collected 16 items

models/autoports/microsoft_phi_3_5_mini_instruct/tests/test_optimized_decoder.py::test_optimized_path_and_policy_contract PASSED
models/autoports/microsoft_phi_3_5_mini_instruct/tests/test_optimized_decoder.py::test_optimized_non_aligned_prefill_matches_reference[blackhole-31-mesh_device0] 2026-07-30 07:22:23.736 | info     |          Device | Opening user mode device driver (tt_cluster.cpp:228)
2026-07-30 07:22:23.736 | info     |             UMD | Cluster constructor started. (cluster.cpp:348)
2026-07-30 07:22:23.737 | info     |             UMD | Creating TopologyDiscovery for architecture: blackhole (topology_discovery.cpp:91)
2026-07-30 07:22:23.737 | info     |             UMD | Starting topology discovery. (topology_discovery.cpp:110)
2026-07-30 07:22:23.738 | info     |             UMD | Established firmware bundle version: 19.9.0 (topology_discovery.cpp:569)
2026-07-30 07:22:23.738 | info     |             UMD | Firmware bundle version 19.9.0 on the system is newer than the latest fully tested version 19.5.0 for blackhole architecture. Newest features may not be supported. (topology_discovery.cpp:601)
2026-07-30 07:22:23.742 | info     |             UMD | Completed topology discovery. (topology_discovery.cpp:114)
2026-07-30 07:22:23.821 | info     |             UMD | Opening local chip ids/PCIe ids: {0, 1, 2, 3}/[0, 1, 2, 3] and remote chip ids {} (cluster.cpp:168)
2026-07-30 07:22:23.821 | info     |             UMD | IOMMU: enabled (cluster.cpp:142)
2026-07-30 07:22:23.821 | info     |             UMD | KMD version: 2.10.0 (cluster.cpp:145)
2026-07-30 07:22:23.821 | info     |             UMD | Cluster constructor completed. (cluster.cpp:520)
2026-07-30 07:22:23.822 | info     |             UMD | Starting devices in cluster (cluster.cpp:1024)
2026-07-30 07:22:23.960 | info     |             UMD | Starting devices in cluster completed. (cluster.cpp:1032)
--------------------------------------------------------------------------
It appears as if there is not enough space for /dev/shm/sm_segment.853faf68e2b0.6002.474e0000.0 (the shared-memory backing
file). It is likely that your MPI job will now either abort or experience
performance degradation.

  Local host:  853faf68e2b0
  Space Requested: 16777216 B
  Space Available: 17551360 B
--------------------------------------------------------------------------
2026-07-30 07:22:24.092 | DEBUG    | ttnn.device:__init__:152 - Using default dispatch core type for this system: DispatchCoreType.WORKER
2026-07-30 07:22:24.092 | DEBUG    | ttnn.device:__init__:154 - Using default dispatch core axis for this system: DispatchCoreAxis.COL
2026-07-30 07:22:24.092 | info     |     Distributed | Using auto discovery to generate mesh graph. (metal_env.cpp:367)
2026-07-30 07:22:24.092 | info     |     Distributed | Constructing control plane using auto-discovery (no mesh graph descriptor). (metal_env.cpp:429)
2026-07-30 07:22:24.092 | warning  |          Always | Unknown motherboard 'B850M-C' for chip_id=0 (bus_id=0x1) — falling back to bus_id as tray_id. Add this motherboard and its bus IDs to mobo_to_bus_ids in physical_system_discovery.cpp. (physical_system_discovery.cpp:89)
2026-07-30 07:22:24.092 | warning  |          Always | Unknown motherboard 'B850M-C' for chip_id=1 (bus_id=0x2) — falling back to bus_id as tray_id. Add this motherboard and its bus IDs to mobo_to_bus_ids in physical_system_discovery.cpp. (physical_system_discovery.cpp:89)
2026-07-30 07:22:24.092 | warning  |          Always | Unknown motherboard 'B850M-C' for chip_id=2 (bus_id=0x3) — falling back to bus_id as tray_id. Add this motherboard and its bus IDs to mobo_to_bus_ids in physical_system_discovery.cpp. (physical_system_discovery.cpp:89)
2026-07-30 07:22:24.092 | warning  |          Always | Unknown motherboard 'B850M-C' for chip_id=3 (bus_id=0x4) — falling back to bus_id as tray_id. Add this motherboard and its bus IDs to mobo_to_bus_ids in physical_system_discovery.cpp. (physical_system_discovery.cpp:89)
2026-07-30 07:22:24.092 | warning  |          Always | Unknown motherboard 'B850M-C' for chip_id=1 (bus_id=0x2) — falling back to bus_id as tray_id. Add this motherboard and its bus IDs to mobo_to_bus_ids in physical_system_discovery.cpp. (physical_system_discovery.cpp:89)
2026-07-30 07:22:24.092 | warning  |          Always | Unknown motherboard 'B850M-C' for chip_id=0 (bus_id=0x1) — falling back to bus_id as tray_id. Add this motherboard and its bus IDs to mobo_to_bus_ids in physical_system_discovery.cpp. (physical_system_discovery.cpp:89)
2026-07-30 07:22:24.092 | warning  |          Always | Unknown motherboard 'B850M-C' for chip_id=2 (bus_id=0x3) — falling back to bus_id as tray_id. Add this motherboard and its bus IDs to mobo_to_bus_ids in physical_system_discovery.cpp. (physical_system_discovery.cpp:89)
2026-07-30 07:22:24.092 | warning  |          Always | Unknown motherboard 'B850M-C' for chip_id=3 (bus_id=0x4) — falling back to bus_id as tray_id. Add this motherboard and its bus IDs to mobo_to_bus_ids in physical_system_discovery.cpp. (physical_system_discovery.cpp:89)
2026-07-30 07:22:24.092 | info     |          Fabric | Logical multi-mesh adjacency: intermesh degree histogram {0:1}; intra-mesh degree histograms mesh0 {2:4} (topology_mapper_utils.cpp:2342)
2026-07-30 07:22:24.092 | info     |          Fabric | Physical multi-mesh adjacency: intermesh degree histogram {0:1}; intra-mesh degree histograms mesh0 {2:4} (topology_mapper_utils.cpp:2350)
2026-07-30 07:22:24.098 | info     |    BuildKernels | Using pre-compiled firmware from: /home/mvasiljevic/tt-metal/tt_metal/pre-compiled/13793420398762238087/ (build_env_manager.cpp:347)
2026-07-30 07:22:24.098 | info     |    BuildKernels | Using pre-compiled firmware from: /home/mvasiljevic/tt-metal/tt_metal/pre-compiled/13793420398762238087/ (build_env_manager.cpp:347)
2026-07-30 07:22:24.098 | info     |    BuildKernels | Using pre-compiled firmware from: /home/mvasiljevic/tt-metal/tt_metal/pre-compiled/13793420398762238087/ (build_env_manager.cpp:347)
2026-07-30 07:22:24.098 | info     |    BuildKernels | Using pre-compiled firmware from: /home/mvasiljevic/tt-metal/tt_metal/pre-compiled/13793420398762238087/ (build_env_manager.cpp:347)
2026-07-30 07:22:24.126 | warning  |           Metal | Opening subset of mmio devices slows down UMD read/write to remote chips. If opening more devices, consider using CreateDevices API. (device_manager.cpp:261)
2026-07-30 07:22:24.165 | info     |           Metal | ShmResourceTracker: removed orphaned shm '/tt_device_154095680356416_memory' (shm_resource_tracker.cpp:282)
2026-07-30 07:22:24.744 | info     |           Metal | [Real-time profiler] Device 3 sync complete: 100 samples, frequency=1.349988 GHz, device_time_at_sync=98228843341578 cycles (realtime_profiler_manager.cpp:1127)
2026-07-30 07:22:24.760 | DEBUG    | conftest:mesh_device:599 - multidevice with 1 devices is created
[transformers] This model config has set a `rope_parameters['original_max_position_embeddings']` field, to be used together with `max_position_embeddings` to determine a scaling factor. Please set the `factor` field of `rope_parameters`with this ratio instead -- we recommend the use of this field over `original_max_position_embeddings`, as it is compatible with most model architectures.
2026-07-30 07:22:25.356 | warning  |              Op | ttnn::tilize: Using input shard spec for output tensor because the legacy sharded optimized program factory is being used (tilize_device_operation.cpp:151)
PCC_RESULT path=optimized-prefill-31 threshold=0.995 0.9999931223005573
PASSED
models/autoports/microsoft_phi_3_5_mini_instruct/tests/test_optimized_decoder.py::test_optimized_real_weight_prefill_and_decode[blackhole-mesh_device0] 2026-07-30 07:22:26.804 | DEBUG    | ttnn.device:__init__:152 - Using default dispatch core type for this system: DispatchCoreType.WORKER
2026-07-30 07:22:26.804 | DEBUG    | ttnn.device:__init__:154 - Using default dispatch core axis for this system: DispatchCoreAxis.COL
2026-07-30 07:22:26.816 | info     |    BuildKernels | Using pre-compiled firmware from: /home/mvasiljevic/tt-metal/tt_metal/pre-compiled/13793420398762238087/ (build_env_manager.cpp:347)
2026-07-30 07:22:26.816 | info     |    BuildKernels | Using pre-compiled firmware from: /home/mvasiljevic/tt-metal/tt_metal/pre-compiled/13793420398762238087/ (build_env_manager.cpp:347)
2026-07-30 07:22:26.817 | info     |    BuildKernels | Using pre-compiled firmware from: /home/mvasiljevic/tt-metal/tt_metal/pre-compiled/13793420398762238087/ (build_env_manager.cpp:347)
2026-07-30 07:22:26.818 | info     |    BuildKernels | Using pre-compiled firmware from: /home/mvasiljevic/tt-metal/tt_metal/pre-compiled/13793420398762238087/ (build_env_manager.cpp:347)
2026-07-30 07:22:26.846 | warning  |           Metal | Opening subset of mmio devices slows down UMD read/write to remote chips. If opening more devices, consider using CreateDevices API. (device_manager.cpp:261)
2026-07-30 07:22:26.887 | DEBUG    | conftest:mesh_device:599 - multidevice with 1 devices is created
2026-07-30 07:22:27.027 | warning  |              Op | ttnn::tilize: Using input shard spec for output tensor because the legacy sharded optimized program factory is being used (tilize_device_operation.cpp:151)
PCC_RESULT path=optimized-real-prefill-33 threshold=0.995 0.9999257998803825
PCC_RESULT path=optimized-real-decode-33 threshold=0.995 0.9999315041376299
PASSED
models/autoports/microsoft_phi_3_5_mini_instruct/tests/test_optimized_decoder.py::test_optimized_multi_user_paged_prefill_routes_cache[blackhole-mesh_device0] 2026-07-30 07:22:28.479 | DEBUG    | ttnn.device:__init__:152 - Using default dispatch core type for this system: DispatchCoreType.WORKER
2026-07-30 07:22:28.479 | DEBUG    | ttnn.device:__init__:154 - Using default dispatch core axis for this system: DispatchCoreAxis.COL
2026-07-30 07:22:28.490 | info     |    BuildKernels | Using pre-compiled firmware from: /home/mvasiljevic/tt-metal/tt_metal/pre-compiled/13793420398762238087/ (build_env_manager.cpp:347)
2026-07-30 07:22:28.491 | info     |    BuildKernels | Using pre-compiled firmware from: /home/mvasiljevic/tt-metal/tt_metal/pre-compiled/13793420398762238087/ (build_env_manager.cpp:347)
2026-07-30 07:22:28.492 | info     |    BuildKernels | Using pre-compiled firmware from: /home/mvasiljevic/tt-metal/tt_metal/pre-compiled/13793420398762238087/ (build_env_manager.cpp:347)
2026-07-30 07:22:28.493 | info     |    BuildKernels | Using pre-compiled firmware from: /home/mvasiljevic/tt-metal/tt_metal/pre-compiled/13793420398762238087/ (build_env_manager.cpp:347)
2026-07-30 07:22:28.521 | warning  |           Metal | Opening subset of mmio devices slows down UMD read/write to remote chips. If opening more devices, consider using CreateDevices API. (device_manager.cpp:261)
2026-07-30 07:22:28.562 | DEBUG    | conftest:mesh_device:599 - multidevice with 1 devices is created
2026-07-30 07:22:29.121 | warning  |              Op | ttnn::tilize: Using input shard spec for output tensor because the legacy sharded optimized program factory is being used (tilize_device_operation.cpp:151)
PCC_RESULT path=optimized-prefill-batch2-33 threshold=0.995 0.9999931453619904
PASSED
models/autoports/microsoft_phi_3_5_mini_instruct/tests/test_optimized_decoder.py::test_optimized_nonzero_prefill_chunk_boundary_last_token[blackhole-mesh_device0] 2026-07-30 07:22:30.550 | DEBUG    | ttnn.device:__init__:152 - Using default dispatch core type for this system: DispatchCoreType.WORKER
2026-07-30 07:22:30.551 | DEBUG    | ttnn.device:__init__:154 - Using default dispatch core axis for this system: DispatchCoreAxis.COL
2026-07-30 07:22:30.562 | info     |    BuildKernels | Using pre-compiled firmware from: /home/mvasiljevic/tt-metal/tt_metal/pre-compiled/13793420398762238087/ (build_env_manager.cpp:347)
2026-07-30 07:22:30.563 | info     |    BuildKernels | Using pre-compiled firmware from: /home/mvasiljevic/tt-metal/tt_metal/pre-compiled/13793420398762238087/ (build_env_manager.cpp:347)
2026-07-30 07:22:30.564 | info     |    BuildKernels | Using pre-compiled firmware from: /home/mvasiljevic/tt-metal/tt_metal/pre-compiled/13793420398762238087/ (build_env_manager.cpp:347)
2026-07-30 07:22:30.565 | info     |    BuildKernels | Using pre-compiled firmware from: /home/mvasiljevic/tt-metal/tt_metal/pre-compiled/13793420398762238087/ (build_env_manager.cpp:347)
2026-07-30 07:22:30.593 | warning  |           Metal | Opening subset of mmio devices slows down UMD read/write to remote chips. If opening more devices, consider using CreateDevices API. (device_manager.cpp:261)
2026-07-30 07:22:30.634 | DEBUG    | conftest:mesh_device:599 - multidevice with 1 devices is created
2026-07-30 07:22:31.268 | warning  |              Op | ttnn::tilize: Using input shard spec for output tensor because the legacy sharded optimized program factory is being used (tilize_device_operation.cpp:151)
PCC_RESULT path=optimized-prefill-nonzero-32769-last-token threshold=0.995 0.9969487830825883
PASSED
models/autoports/microsoft_phi_3_5_mini_instruct/tests/test_optimized_decoder.py::test_optimized_decode_trace_replay_is_deterministic[blackhole-1-mesh_device0] 2026-07-30 07:22:36.177 | DEBUG    | ttnn.device:__init__:152 - Using default dispatch core type for this system: DispatchCoreType.WORKER
2026-07-30 07:22:36.177 | DEBUG    | ttnn.device:__init__:154 - Using default dispatch core axis for this system: DispatchCoreAxis.COL
2026-07-30 07:22:36.189 | info     |    BuildKernels | Using pre-compiled firmware from: /home/mvasiljevic/tt-metal/tt_metal/pre-compiled/13793420398762238087/ (build_env_manager.cpp:347)
2026-07-30 07:22:36.191 | info     |    BuildKernels | Using pre-compiled firmware from: /home/mvasiljevic/tt-metal/tt_metal/pre-compiled/13793420398762238087/ (build_env_manager.cpp:347)
2026-07-30 07:22:36.191 | info     |    BuildKernels | Using pre-compiled firmware from: /home/mvasiljevic/tt-metal/tt_metal/pre-compiled/13793420398762238087/ (build_env_manager.cpp:347)
2026-07-30 07:22:36.191 | info     |    BuildKernels | Using pre-compiled firmware from: /home/mvasiljevic/tt-metal/tt_metal/pre-compiled/13793420398762238087/ (build_env_manager.cpp:347)
2026-07-30 07:22:36.219 | warning  |           Metal | Opening subset of mmio devices slows down UMD read/write to remote chips. If opening more devices, consider using CreateDevices API. (device_manager.cpp:261)
2026-07-30 07:22:36.260 | DEBUG    | conftest:mesh_device:599 - multidevice with 1 devices is created
2026-07-30 07:22:36.796 | warning  |              Op | ttnn::tilize: Using input shard spec for output tensor because the legacy sharded optimized program factory is being used (tilize_device_operation.cpp:151)
PCC_RESULT path=optimized-trace-decode-reference-batch1 threshold=0.995 0.9999961544738756
TRACE_RESULT path=optimized batch=1 replays=10 bitwise_deterministic=true
PASSED
models/autoports/microsoft_phi_3_5_mini_instruct/tests/test_optimized_decoder.py::test_optimized_varied_positions_consume_nonzero_decode_cache[blackhole-mesh_device0] 2026-07-30 07:22:38.215 | DEBUG    | ttnn.device:__init__:152 - Using default dispatch core type for this system: DispatchCoreType.WORKER
2026-07-30 07:22:38.215 | DEBUG    | ttnn.device:__init__:154 - Using default dispatch core axis for this system: DispatchCoreAxis.COL
2026-07-30 07:22:38.226 | info     |    BuildKernels | Using pre-compiled firmware from: /home/mvasiljevic/tt-metal/tt_metal/pre-compiled/13793420398762238087/ (build_env_manager.cpp:347)
2026-07-30 07:22:38.227 | info     |    BuildKernels | Using pre-compiled firmware from: /home/mvasiljevic/tt-metal/tt_metal/pre-compiled/13793420398762238087/ (build_env_manager.cpp:347)
2026-07-30 07:22:38.227 | info     |    BuildKernels | Using pre-compiled firmware from: /home/mvasiljevic/tt-metal/tt_metal/pre-compiled/13793420398762238087/ (build_env_manager.cpp:347)
2026-07-30 07:22:38.228 | info     |    BuildKernels | Using pre-compiled firmware from: /home/mvasiljevic/tt-metal/tt_metal/pre-compiled/13793420398762238087/ (build_env_manager.cpp:347)
2026-07-30 07:22:38.256 | warning  |           Metal | Opening subset of mmio devices slows down UMD read/write to remote chips. If opening more devices, consider using CreateDevices API. (device_manager.cpp:261)
2026-07-30 07:22:38.297 | DEBUG    | conftest:mesh_device:599 - multidevice with 1 devices is created
2026-07-30 07:22:38.891 | warning  |              Op | ttnn::tilize: Using input shard spec for output tensor because the legacy sharded optimized program factory is being used (tilize_device_operation.cpp:151)
PCC_RESULT path=optimized-varied-position-nonzero-cache-batch32 threshold=0.995 0.9999572363320618
PASSED
models/autoports/microsoft_phi_3_5_mini_instruct/tests/test_optimized_decoder.py::test_optimized_long_rope_decode_at_advertised_context[blackhole-mesh_device0] 2026-07-30 07:22:40.695 | DEBUG    | ttnn.device:__init__:152 - Using default dispatch core type for this system: DispatchCoreType.WORKER
2026-07-30 07:22:40.695 | DEBUG    | ttnn.device:__init__:154 - Using default dispatch core axis for this system: DispatchCoreAxis.COL
2026-07-30 07:22:40.707 | info     |    BuildKernels | Using pre-compiled firmware from: /home/mvasiljevic/tt-metal/tt_metal/pre-compiled/13793420398762238087/ (build_env_manager.cpp:347)
2026-07-30 07:22:40.708 | info     |    BuildKernels | Using pre-compiled firmware from: /home/mvasiljevic/tt-metal/tt_metal/pre-compiled/13793420398762238087/ (build_env_manager.cpp:347)
2026-07-30 07:22:40.709 | info     |    BuildKernels | Using pre-compiled firmware from: /home/mvasiljevic/tt-metal/tt_metal/pre-compiled/13793420398762238087/ (build_env_manager.cpp:347)
2026-07-30 07:22:40.710 | info     |    BuildKernels | Using pre-compiled firmware from: /home/mvasiljevic/tt-metal/tt_metal/pre-compiled/13793420398762238087/ (build_env_manager.cpp:347)
2026-07-30 07:22:40.738 | warning  |           Metal | Opening subset of mmio devices slows down UMD read/write to remote chips. If opening more devices, consider using CreateDevices API. (device_manager.cpp:261)
2026-07-30 07:22:40.778 | DEBUG    | conftest:mesh_device:599 - multidevice with 1 devices is created
2026-07-30 07:22:41.485 | warning  |              Op | ttnn::tilize: Using input shard spec for output tensor because the legacy sharded optimized program factory is being used (tilize_device_operation.cpp:151)
PCC_RESULT path=optimized-decode-context-131072 threshold=0.995 0.9999961554695185
CONTEXT_RESULT path=optimized mode=decode batch=1 context=131072
PASSED
models/autoports/microsoft_phi_3_5_mini_instruct/tests/test_optimized_decoder.py::test_optimized_advertised_context_prefill[blackhole-131071-mesh_device0] 2026-07-30 07:22:47.678 | DEBUG    | ttnn.device:__init__:152 - Using default dispatch core type for this system: DispatchCoreType.WORKER
2026-07-30 07:22:47.678 | DEBUG    | ttnn.device:__init__:154 - Using default dispatch core axis for this system: DispatchCoreAxis.COL
2026-07-30 07:22:47.689 | info     |    BuildKernels | Using pre-compiled firmware from: /home/mvasiljevic/tt-metal/tt_metal/pre-compiled/13793420398762238087/ (build_env_manager.cpp:347)
2026-07-30 07:22:47.690 | info     |    BuildKernels | Using pre-compiled firmware from: /home/mvasiljevic/tt-metal/tt_metal/pre-compiled/13793420398762238087/ (build_env_manager.cpp:347)
2026-07-30 07:22:47.691 | info     |    BuildKernels | Using pre-compiled firmware from: /home/mvasiljevic/tt-metal/tt_metal/pre-compiled/13793420398762238087/ (build_env_manager.cpp:347)
2026-07-30 07:22:47.692 | info     |    BuildKernels | Using pre-compiled firmware from: /home/mvasiljevic/tt-metal/tt_metal/pre-compiled/13793420398762238087/ (build_env_manager.cpp:347)
2026-07-30 07:22:47.720 | warning  |           Metal | Opening subset of mmio devices slows down UMD read/write to remote chips. If opening more devices, consider using CreateDevices API. (device_manager.cpp:261)
2026-07-30 07:22:47.760 | DEBUG    | conftest:mesh_device:599 - multidevice with 1 devices is created
2026-07-30 07:22:48.000 | warning  |              Op | ttnn::tilize: Using input shard spec for output tensor because the legacy sharded optimized program factory is being used (tilize_device_operation.cpp:151)
CONTEXT_RESULT path=optimized mode=prefill batch=1 context=131071 non_aligned=true
PASSED
models/autoports/microsoft_phi_3_5_mini_instruct/tests/test_optimized_decoder.py::test_optimized_non_aligned_prefill_matches_reference[blackhole-32-mesh_device0] 2026-07-30 07:23:11.917 | DEBUG    | ttnn.device:__init__:152 - Using default dispatch core type for this system: DispatchCoreType.WORKER
2026-07-30 07:23:11.918 | DEBUG    | ttnn.device:__init__:154 - Using default dispatch core axis for this system: DispatchCoreAxis.COL
2026-07-30 07:23:11.933 | info     |    BuildKernels | Using pre-compiled firmware from: /home/mvasiljevic/tt-metal/tt_metal/pre-compiled/13793420398762238087/ (build_env_manager.cpp:347)
2026-07-30 07:23:11.934 | info     |    BuildKernels | Using pre-compiled firmware from: /home/mvasiljevic/tt-metal/tt_metal/pre-compiled/13793420398762238087/ (build_env_manager.cpp:347)
2026-07-30 07:23:11.935 | info     |    BuildKernels | Using pre-compiled firmware from: /home/mvasiljevic/tt-metal/tt_metal/pre-compiled/13793420398762238087/ (build_env_manager.cpp:347)
2026-07-30 07:23:11.935 | info     |    BuildKernels | Using pre-compiled firmware from: /home/mvasiljevic/tt-metal/tt_metal/pre-compiled/13793420398762238087/ (build_env_manager.cpp:347)
2026-07-30 07:23:11.964 | warning  |           Metal | Opening subset of mmio devices slows down UMD read/write to remote chips. If opening more devices, consider using CreateDevices API. (device_manager.cpp:261)
2026-07-30 07:23:12.005 | DEBUG    | conftest:mesh_device:599 - multidevice with 1 devices is created
2026-07-30 07:23:12.863 | warning  |              Op | ttnn::tilize: Using input shard spec for output tensor because the legacy sharded optimized program factory is being used (tilize_device_operation.cpp:151)
PCC_RESULT path=optimized-prefill-32 threshold=0.995 0.9999931187614891
PASSED
models/autoports/microsoft_phi_3_5_mini_instruct/tests/test_optimized_decoder.py::test_optimized_decode_trace_replay_is_deterministic[blackhole-32-mesh_device0] 2026-07-30 07:23:14.263 | DEBUG    | ttnn.device:__init__:152 - Using default dispatch core type for this system: DispatchCoreType.WORKER
2026-07-30 07:23:14.264 | DEBUG    | ttnn.device:__init__:154 - Using default dispatch core axis for this system: DispatchCoreAxis.COL
2026-07-30 07:23:14.275 | info     |    BuildKernels | Using pre-compiled firmware from: /home/mvasiljevic/tt-metal/tt_metal/pre-compiled/13793420398762238087/ (build_env_manager.cpp:347)
2026-07-30 07:23:14.276 | info     |    BuildKernels | Using pre-compiled firmware from: /home/mvasiljevic/tt-metal/tt_metal/pre-compiled/13793420398762238087/ (build_env_manager.cpp:347)
2026-07-30 07:23:14.277 | info     |    BuildKernels | Using pre-compiled firmware from: /home/mvasiljevic/tt-metal/tt_metal/pre-compiled/13793420398762238087/ (build_env_manager.cpp:347)
2026-07-30 07:23:14.278 | info     |    BuildKernels | Using pre-compiled firmware from: /home/mvasiljevic/tt-metal/tt_metal/pre-compiled/13793420398762238087/ (build_env_manager.cpp:347)
2026-07-30 07:23:14.306 | warning  |           Metal | Opening subset of mmio devices slows down UMD read/write to remote chips. If opening more devices, consider using CreateDevices API. (device_manager.cpp:261)
2026-07-30 07:23:14.347 | DEBUG    | conftest:mesh_device:599 - multidevice with 1 devices is created
2026-07-30 07:23:14.954 | warning  |              Op | ttnn::tilize: Using input shard spec for output tensor because the legacy sharded optimized program factory is being used (tilize_device_operation.cpp:151)
PCC_RESULT path=optimized-trace-decode-reference-batch32 threshold=0.995 0.9999955659486064
TRACE_RESULT path=optimized batch=32 replays=10 bitwise_deterministic=true
PASSED
models/autoports/microsoft_phi_3_5_mini_instruct/tests/test_optimized_decoder.py::test_optimized_advertised_context_prefill[blackhole-131072-mesh_device0] 2026-07-30 07:23:16.632 | DEBUG    | ttnn.device:__init__:152 - Using default dispatch core type for this system: DispatchCoreType.WORKER
2026-07-30 07:23:16.632 | DEBUG    | ttnn.device:__init__:154 - Using default dispatch core axis for this system: DispatchCoreAxis.COL
2026-07-30 07:23:16.644 | info     |    BuildKernels | Using pre-compiled firmware from: /home/mvasiljevic/tt-metal/tt_metal/pre-compiled/13793420398762238087/ (build_env_manager.cpp:347)
2026-07-30 07:23:16.645 | info     |    BuildKernels | Using pre-compiled firmware from: /home/mvasiljevic/tt-metal/tt_metal/pre-compiled/13793420398762238087/ (build_env_manager.cpp:347)
2026-07-30 07:23:16.646 | info     |    BuildKernels | Using pre-compiled firmware from: /home/mvasiljevic/tt-metal/tt_metal/pre-compiled/13793420398762238087/ (build_env_manager.cpp:347)
2026-07-30 07:23:16.646 | info     |    BuildKernels | Using pre-compiled firmware from: /home/mvasiljevic/tt-metal/tt_metal/pre-compiled/13793420398762238087/ (build_env_manager.cpp:347)
2026-07-30 07:23:16.674 | warning  |           Metal | Opening subset of mmio devices slows down UMD read/write to remote chips. If opening more devices, consider using CreateDevices API. (device_manager.cpp:261)
2026-07-30 07:23:16.715 | DEBUG    | conftest:mesh_device:599 - multidevice with 1 devices is created
2026-07-30 07:23:17.024 | warning  |              Op | ttnn::tilize: Using input shard spec for output tensor because the legacy sharded optimized program factory is being used (tilize_device_operation.cpp:151)
CONTEXT_RESULT path=optimized mode=prefill batch=1 context=131072 non_aligned=false
PASSED
models/autoports/microsoft_phi_3_5_mini_instruct/tests/test_optimized_decoder.py::test_optimized_non_aligned_prefill_matches_reference[blackhole-33-mesh_device0] 2026-07-30 07:23:40.578 | DEBUG    | ttnn.device:__init__:152 - Using default dispatch core type for this system: DispatchCoreType.WORKER
2026-07-30 07:23:40.579 | DEBUG    | ttnn.device:__init__:154 - Using default dispatch core axis for this system: DispatchCoreAxis.COL
2026-07-30 07:23:40.594 | info     |    BuildKernels | Using pre-compiled firmware from: /home/mvasiljevic/tt-metal/tt_metal/pre-compiled/13793420398762238087/ (build_env_manager.cpp:347)
2026-07-30 07:23:40.595 | info     |    BuildKernels | Using pre-compiled firmware from: /home/mvasiljevic/tt-metal/tt_metal/pre-compiled/13793420398762238087/ (build_env_manager.cpp:347)
2026-07-30 07:23:40.596 | info     |    BuildKernels | Using pre-compiled firmware from: /home/mvasiljevic/tt-metal/tt_metal/pre-compiled/13793420398762238087/ (build_env_manager.cpp:347)
2026-07-30 07:23:40.597 | info     |    BuildKernels | Using pre-compiled firmware from: /home/mvasiljevic/tt-metal/tt_metal/pre-compiled/13793420398762238087/ (build_env_manager.cpp:347)
2026-07-30 07:23:40.625 | warning  |           Metal | Opening subset of mmio devices slows down UMD read/write to remote chips. If opening more devices, consider using CreateDevices API. (device_manager.cpp:261)
2026-07-30 07:23:41.239 | info     |           Metal | [Real-time profiler] Device 3 sync complete: 100 samples, frequency=1.349986 GHz, device_time_at_sync=98332090708540 cycles (realtime_profiler_manager.cpp:1127)
2026-07-30 07:23:41.253 | DEBUG    | conftest:mesh_device:599 - multidevice with 1 devices is created
2026-07-30 07:23:42.146 | warning  |              Op | ttnn::tilize: Using input shard spec for output tensor because the legacy sharded optimized program factory is being used (tilize_device_operation.cpp:151)
PCC_RESULT path=optimized-prefill-33 threshold=0.995 0.9999931675865665
PASSED
models/autoports/microsoft_phi_3_5_mini_instruct/tests/test_optimized_decoder.py::test_optimized_non_aligned_prefill_matches_reference[blackhole-63-mesh_device0] 2026-07-30 07:23:43.551 | DEBUG    | ttnn.device:__init__:152 - Using default dispatch core type for this system: DispatchCoreType.WORKER
2026-07-30 07:23:43.552 | DEBUG    | ttnn.device:__init__:154 - Using default dispatch core axis for this system: DispatchCoreAxis.COL
2026-07-30 07:23:43.562 | info     |    BuildKernels | Using pre-compiled firmware from: /home/mvasiljevic/tt-metal/tt_metal/pre-compiled/13793420398762238087/ (build_env_manager.cpp:347)
2026-07-30 07:23:43.563 | info     |    BuildKernels | Using pre-compiled firmware from: /home/mvasiljevic/tt-metal/tt_metal/pre-compiled/13793420398762238087/ (build_env_manager.cpp:347)
2026-07-30 07:23:43.564 | info     |    BuildKernels | Using pre-compiled firmware from: /home/mvasiljevic/tt-metal/tt_metal/pre-compiled/13793420398762238087/ (build_env_manager.cpp:347)
2026-07-30 07:23:43.565 | info     |    BuildKernels | Using pre-compiled firmware from: /home/mvasiljevic/tt-metal/tt_metal/pre-compiled/13793420398762238087/ (build_env_manager.cpp:347)
2026-07-30 07:23:43.593 | warning  |           Metal | Opening subset of mmio devices slows down UMD read/write to remote chips. If opening more devices, consider using CreateDevices API. (device_manager.cpp:261)
2026-07-30 07:23:43.633 | DEBUG    | conftest:mesh_device:599 - multidevice with 1 devices is created
2026-07-30 07:23:44.227 | warning  |              Op | ttnn::tilize: Using input shard spec for output tensor because the legacy sharded optimized program factory is being used (tilize_device_operation.cpp:151)
PCC_RESULT path=optimized-prefill-63 threshold=0.995 0.9999940095251993
PASSED
models/autoports/microsoft_phi_3_5_mini_instruct/tests/test_optimized_decoder.py::test_optimized_non_aligned_prefill_matches_reference[blackhole-64-mesh_device0] 2026-07-30 07:23:45.628 | DEBUG    | ttnn.device:__init__:152 - Using default dispatch core type for this system: DispatchCoreType.WORKER
2026-07-30 07:23:45.628 | DEBUG    | ttnn.device:__init__:154 - Using default dispatch core axis for this system: DispatchCoreAxis.COL
2026-07-30 07:23:45.640 | info     |    BuildKernels | Using pre-compiled firmware from: /home/mvasiljevic/tt-metal/tt_metal/pre-compiled/13793420398762238087/ (build_env_manager.cpp:347)
2026-07-30 07:23:45.641 | info     |    BuildKernels | Using pre-compiled firmware from: /home/mvasiljevic/tt-metal/tt_metal/pre-compiled/13793420398762238087/ (build_env_manager.cpp:347)
2026-07-30 07:23:45.641 | info     |    BuildKernels | Using pre-compiled firmware from: /home/mvasiljevic/tt-metal/tt_metal/pre-compiled/13793420398762238087/ (build_env_manager.cpp:347)
2026-07-30 07:23:45.642 | info     |    BuildKernels | Using pre-compiled firmware from: /home/mvasiljevic/tt-metal/tt_metal/pre-compiled/13793420398762238087/ (build_env_manager.cpp:347)
2026-07-30 07:23:45.670 | warning  |           Metal | Opening subset of mmio devices slows down UMD read/write to remote chips. If opening more devices, consider using CreateDevices API. (device_manager.cpp:261)
2026-07-30 07:23:45.710 | DEBUG    | conftest:mesh_device:599 - multidevice with 1 devices is created
2026-07-30 07:23:46.239 | warning  |              Op | ttnn::tilize: Using input shard spec for output tensor because the legacy sharded optimized program factory is being used (tilize_device_operation.cpp:151)
PCC_RESULT path=optimized-prefill-64 threshold=0.995 0.9999940338308084
PASSED
models/autoports/microsoft_phi_3_5_mini_instruct/tests/test_optimized_decoder.py::test_optimized_non_aligned_prefill_matches_reference[blackhole-65-mesh_device0] 2026-07-30 07:23:47.642 | DEBUG    | ttnn.device:__init__:152 - Using default dispatch core type for this system: DispatchCoreType.WORKER
2026-07-30 07:23:47.642 | DEBUG    | ttnn.device:__init__:154 - Using default dispatch core axis for this system: DispatchCoreAxis.COL
2026-07-30 07:23:47.654 | info     |    BuildKernels | Using pre-compiled firmware from: /home/mvasiljevic/tt-metal/tt_metal/pre-compiled/13793420398762238087/ (build_env_manager.cpp:347)
2026-07-30 07:23:47.655 | info     |    BuildKernels | Using pre-compiled firmware from: /home/mvasiljevic/tt-metal/tt_metal/pre-compiled/13793420398762238087/ (build_env_manager.cpp:347)
2026-07-30 07:23:47.656 | info     |    BuildKernels | Using pre-compiled firmware from: /home/mvasiljevic/tt-metal/tt_metal/pre-compiled/13793420398762238087/ (build_env_manager.cpp:347)
2026-07-30 07:23:47.656 | info     |    BuildKernels | Using pre-compiled firmware from: /home/mvasiljevic/tt-metal/tt_metal/pre-compiled/13793420398762238087/ (build_env_manager.cpp:347)
2026-07-30 07:23:47.684 | warning  |           Metal | Opening subset of mmio devices slows down UMD read/write to remote chips. If opening more devices, consider using CreateDevices API. (device_manager.cpp:261)
2026-07-30 07:23:47.725 | DEBUG    | conftest:mesh_device:599 - multidevice with 1 devices is created
2026-07-30 07:23:48.250 | warning  |              Op | ttnn::tilize: Using input shard spec for output tensor because the legacy sharded optimized program factory is being used (tilize_device_operation.cpp:151)
PCC_RESULT path=optimized-prefill-65 threshold=0.995 0.9999941557298103
PASSED

==================================== PASSES ====================================
- generated xml file: /home/mvasiljevic/tt-metal/generated/test_reports/most_recent_tests.xml -
============================== slowest durations ===============================
23.74s call     models/autoports/microsoft_phi_3_5_mini_instruct/tests/test_optimized_decoder.py::test_optimized_advertised_context_prefill[blackhole-131071-mesh_device0]
23.46s call     models/autoports/microsoft_phi_3_5_mini_instruct/tests/test_optimized_decoder.py::test_optimized_advertised_context_prefill[blackhole-131072-mesh_device0]
6.56s call     models/autoports/microsoft_phi_3_5_mini_instruct/tests/test_optimized_decoder.py::test_optimized_long_rope_decode_at_advertised_context[blackhole-mesh_device0]
5.20s call     models/autoports/microsoft_phi_3_5_mini_instruct/tests/test_optimized_decoder.py::test_optimized_nonzero_prefill_chunk_boundary_last_token[blackhole-mesh_device0]
2.07s call     models/autoports/microsoft_phi_3_5_mini_instruct/tests/test_optimized_decoder.py::test_optimized_varied_positions_consume_nonzero_decode_cache[blackhole-mesh_device0]
1.97s call     models/autoports/microsoft_phi_3_5_mini_instruct/tests/test_optimized_decoder.py::test_optimized_non_aligned_prefill_matches_reference[blackhole-33-mesh_device0]
1.95s call     models/autoports/microsoft_phi_3_5_mini_instruct/tests/test_optimized_decoder.py::test_optimized_decode_trace_replay_is_deterministic[blackhole-32-mesh_device0]
1.93s call     models/autoports/microsoft_phi_3_5_mini_instruct/tests/test_optimized_decoder.py::test_optimized_non_aligned_prefill_matches_reference[blackhole-32-mesh_device0]
1.72s call     models/autoports/microsoft_phi_3_5_mini_instruct/tests/test_optimized_decoder.py::test_optimized_non_aligned_prefill_matches_reference[blackhole-31-mesh_device0]
1.67s call     models/autoports/microsoft_phi_3_5_mini_instruct/tests/test_optimized_decoder.py::test_optimized_non_aligned_prefill_matches_reference[blackhole-63-mesh_device0]
1.66s call     models/autoports/microsoft_phi_3_5_mini_instruct/tests/test_optimized_decoder.py::test_optimized_multi_user_paged_prefill_routes_cache[blackhole-mesh_device0]
1.62s call     models/autoports/microsoft_phi_3_5_mini_instruct/tests/test_optimized_decoder.py::test_optimized_decode_trace_replay_is_deterministic[blackhole-1-mesh_device0]
1.61s call     models/autoports/microsoft_phi_3_5_mini_instruct/tests/test_optimized_decoder.py::test_optimized_non_aligned_prefill_matches_reference[blackhole-65-mesh_device0]
1.60s call     models/autoports/microsoft_phi_3_5_mini_instruct/tests/test_optimized_decoder.py::test_optimized_non_aligned_prefill_matches_reference[blackhole-64-mesh_device0]
1.26s call     models/autoports/microsoft_phi_3_5_mini_instruct/tests/test_optimized_decoder.py::test_optimized_real_weight_prefill_and_decode[blackhole-mesh_device0]
1.23s setup    models/autoports/microsoft_phi_3_5_mini_instruct/tests/test_optimized_decoder.py::test_optimized_non_aligned_prefill_matches_reference[blackhole-31-mesh_device0]
0.96s setup    models/autoports/microsoft_phi_3_5_mini_instruct/tests/test_optimized_decoder.py::test_optimized_non_aligned_prefill_matches_reference[blackhole-33-mesh_device0]
0.38s setup    models/autoports/microsoft_phi_3_5_mini_instruct/tests/test_optimized_decoder.py::test_optimized_non_aligned_prefill_matches_reference[blackhole-32-mesh_device0]
0.30s setup    models/autoports/microsoft_phi_3_5_mini_instruct/tests/test_optimized_decoder.py::test_optimized_decode_trace_replay_is_deterministic[blackhole-1-mesh_device0]
0.30s setup    models/autoports/microsoft_phi_3_5_mini_instruct/tests/test_optimized_decoder.py::test_optimized_non_aligned_prefill_matches_reference[blackhole-65-mesh_device0]
0.30s setup    models/autoports/microsoft_phi_3_5_mini_instruct/tests/test_optimized_decoder.py::test_optimized_advertised_context_prefill[blackhole-131071-mesh_device0]
0.30s setup    models/autoports/microsoft_phi_3_5_mini_instruct/tests/test_optimized_decoder.py::test_optimized_decode_trace_replay_is_deterministic[blackhole-32-mesh_device0]
0.30s setup    models/autoports/microsoft_phi_3_5_mini_instruct/tests/test_optimized_decoder.py::test_optimized_varied_positions_consume_nonzero_decode_cache[blackhole-mesh_device0]
0.30s setup    models/autoports/microsoft_phi_3_5_mini_instruct/tests/test_optimized_decoder.py::test_optimized_nonzero_prefill_chunk_boundary_last_token[blackhole-mesh_device0]
0.30s setup    models/autoports/microsoft_phi_3_5_mini_instruct/tests/test_optimized_decoder.py::test_optimized_advertised_context_prefill[blackhole-131072-mesh_device0]
0.29s setup    models/autoports/microsoft_phi_3_5_mini_instruct/tests/test_optimized_decoder.py::test_optimized_long_rope_decode_at_advertised_context[blackhole-mesh_device0]
0.29s setup    models/autoports/microsoft_phi_3_5_mini_instruct/tests/test_optimized_decoder.py::test_optimized_non_aligned_prefill_matches_reference[blackhole-63-mesh_device0]
0.29s setup    models/autoports/microsoft_phi_3_5_mini_instruct/tests/test_optimized_decoder.py::test_optimized_multi_user_paged_prefill_routes_cache[blackhole-mesh_device0]
0.29s setup    models/autoports/microsoft_phi_3_5_mini_instruct/tests/test_optimized_decoder.py::test_optimized_non_aligned_prefill_matches_reference[blackhole-64-mesh_device0]
0.29s setup    models/autoports/microsoft_phi_3_5_mini_instruct/tests/test_optimized_decoder.py::test_optimized_real_weight_prefill_and_decode[blackhole-mesh_device0]
0.21s setup    models/autoports/microsoft_phi_3_5_mini_instruct/tests/test_optimized_decoder.py::test_optimized_path_and_policy_contract
0.12s teardown models/autoports/microsoft_phi_3_5_mini_instruct/tests/test_optimized_decoder.py::test_optimized_decode_trace_replay_is_deterministic[blackhole-32-mesh_device0]
0.12s teardown models/autoports/microsoft_phi_3_5_mini_instruct/tests/test_optimized_decoder.py::test_optimized_long_rope_decode_at_advertised_context[blackhole-mesh_device0]
0.12s teardown models/autoports/microsoft_phi_3_5_mini_instruct/tests/test_optimized_decoder.py::test_optimized_nonzero_prefill_chunk_boundary_last_token[blackhole-mesh_device0]
0.12s teardown models/autoports/microsoft_phi_3_5_mini_instruct/tests/test_optimized_decoder.py::test_optimized_decode_trace_replay_is_deterministic[blackhole-1-mesh_device0]
0.12s teardown models/autoports/microsoft_phi_3_5_mini_instruct/tests/test_optimized_decoder.py::test_optimized_advertised_context_prefill[blackhole-131071-mesh_device0]
0.12s teardown models/autoports/microsoft_phi_3_5_mini_instruct/tests/test_optimized_decoder.py::test_optimized_real_weight_prefill_and_decode[blackhole-mesh_device0]
0.12s teardown models/autoports/microsoft_phi_3_5_mini_instruct/tests/test_optimized_decoder.py::test_optimized_non_aligned_prefill_matches_reference[blackhole-33-mesh_device0]
0.12s teardown models/autoports/microsoft_phi_3_5_mini_instruct/tests/test_optimized_decoder.py::test_optimized_non_aligned_prefill_matches_reference[blackhole-31-mesh_device0]
0.12s teardown models/autoports/microsoft_phi_3_5_mini_instruct/tests/test_optimized_decoder.py::test_optimized_non_aligned_prefill_matches_reference[blackhole-64-mesh_device0]
0.12s teardown models/autoports/microsoft_phi_3_5_mini_instruct/tests/test_optimized_decoder.py::test_optimized_non_aligned_prefill_matches_reference[blackhole-65-mesh_device0]
0.12s teardown models/autoports/microsoft_phi_3_5_mini_instruct/tests/test_optimized_decoder.py::test_optimized_varied_positions_consume_nonzero_decode_cache[blackhole-mesh_device0]
0.12s teardown models/autoports/microsoft_phi_3_5_mini_instruct/tests/test_optimized_decoder.py::test_optimized_advertised_context_prefill[blackhole-131072-mesh_device0]
0.11s teardown models/autoports/microsoft_phi_3_5_mini_instruct/tests/test_optimized_decoder.py::test_optimized_non_aligned_prefill_matches_reference[blackhole-32-mesh_device0]
0.11s teardown models/autoports/microsoft_phi_3_5_mini_instruct/tests/test_optimized_decoder.py::test_optimized_multi_user_paged_prefill_routes_cache[blackhole-mesh_device0]
0.11s teardown models/autoports/microsoft_phi_3_5_mini_instruct/tests/test_optimized_decoder.py::test_optimized_non_aligned_prefill_matches_reference[blackhole-63-mesh_device0]
0.01s call     models/autoports/microsoft_phi_3_5_mini_instruct/tests/test_optimized_decoder.py::test_optimized_path_and_policy_contract

(1 durations < 0.005s hidden.  Use -vv to show these durations.)
=========================== short test summary info ============================
PASSED models/autoports/microsoft_phi_3_5_mini_instruct/tests/test_optimized_decoder.py::test_optimized_path_and_policy_contract
PASSED models/autoports/microsoft_phi_3_5_mini_instruct/tests/test_optimized_decoder.py::test_optimized_non_aligned_prefill_matches_reference[blackhole-31-mesh_device0]
PASSED models/autoports/microsoft_phi_3_5_mini_instruct/tests/test_optimized_decoder.py::test_optimized_real_weight_prefill_and_decode[blackhole-mesh_device0]
PASSED models/autoports/microsoft_phi_3_5_mini_instruct/tests/test_optimized_decoder.py::test_optimized_multi_user_paged_prefill_routes_cache[blackhole-mesh_device0]
PASSED models/autoports/microsoft_phi_3_5_mini_instruct/tests/test_optimized_decoder.py::test_optimized_nonzero_prefill_chunk_boundary_last_token[blackhole-mesh_device0]
PASSED models/autoports/microsoft_phi_3_5_mini_instruct/tests/test_optimized_decoder.py::test_optimized_decode_trace_replay_is_deterministic[blackhole-1-mesh_device0]
PASSED models/autoports/microsoft_phi_3_5_mini_instruct/tests/test_optimized_decoder.py::test_optimized_varied_positions_consume_nonzero_decode_cache[blackhole-mesh_device0]
PASSED models/autoports/microsoft_phi_3_5_mini_instruct/tests/test_optimized_decoder.py::test_optimized_long_rope_decode_at_advertised_context[blackhole-mesh_device0]
PASSED models/autoports/microsoft_phi_3_5_mini_instruct/tests/test_optimized_decoder.py::test_optimized_advertised_context_prefill[blackhole-131071-mesh_device0]
PASSED models/autoports/microsoft_phi_3_5_mini_instruct/tests/test_optimized_decoder.py::test_optimized_non_aligned_prefill_matches_reference[blackhole-32-mesh_device0]
PASSED models/autoports/microsoft_phi_3_5_mini_instruct/tests/test_optimized_decoder.py::test_optimized_decode_trace_replay_is_deterministic[blackhole-32-mesh_device0]
PASSED models/autoports/microsoft_phi_3_5_mini_instruct/tests/test_optimized_decoder.py::test_optimized_advertised_context_prefill[blackhole-131072-mesh_device0]
PASSED models/autoports/microsoft_phi_3_5_mini_instruct/tests/test_optimized_decoder.py::test_optimized_non_aligned_prefill_matches_reference[blackhole-33-mesh_device0]
PASSED models/autoports/microsoft_phi_3_5_mini_instruct/tests/test_optimized_decoder.py::test_optimized_non_aligned_prefill_matches_reference[blackhole-63-mesh_device0]
PASSED models/autoports/microsoft_phi_3_5_mini_instruct/tests/test_optimized_decoder.py::test_optimized_non_aligned_prefill_matches_reference[blackhole-64-mesh_device0]
PASSED models/autoports/microsoft_phi_3_5_mini_instruct/tests/test_optimized_decoder.py::test_optimized_non_aligned_prefill_matches_reference[blackhole-65-mesh_device0]
======================== 16 passed in 86.79s (0:01:26) =========================
nanobind: leaked 2 instances!
 - leaked instance 0x779da3cf04c8 of type "ttnn._ttnn.tensor.MemoryConfig"
 - leaked instance 0x779da42cc528 of type "ttnn._ttnn.tensor.CoreRangeSet"
nanobind: leaked 20 types!
 - leaked type "ttnn._ttnn.operations.matmul.MatmulMultiCoreReuseMultiCast1DProgramConfig"
 - leaked type "ttnn._ttnn.operations.matmul.MatmulInputs"
 - leaked type "ttnn._ttnn.operations.matmul.MatmulMultiCoreReuseMultiCastBatchedDRAMShardedProgramConfig"
 - leaked type "BufferType"
 - leaked type "UnaryOpType"
 - leaked type "Layout"
 - leaked type "ttnn._ttnn.operations.matmul.MatmulMultiCoreReuseOptimizedProgramFactory"
 - leaked type "Arch"
 - leaked type "ttnn._ttnn.operations.matmul.MatmulParams"
 - leaked type "ttnn._ttnn.tensor.CoreRangeSet"
 - ... skipped remainder
nanobind: leaked 247 functions!
 - leaked function ""
 - leaked function ""
 - leaked function ""
 - leaked function "compute_with_storage_grid_size"
 - leaked function "is_per_core_allocated"
 - leaked function ""
 - leaked function "create_sub_device_manager"
 - leaked function "enable_program_cache"
 - leaked function ""
 - leaked function "empty"
 - ... skipped remainder
nanobind: this is likely caused by a reference counting issue in the binding code.
See https://nanobind.readthedocs.io/en/latest/refleaks.html2026-07-30 07:23:51.259 | info     |    BuildKernels | JIT cache stats: 633/633 hits (100.0%) [633 cached, 5999 build-once dedup, 0 merged artifacts, 0 merged genfiles] (build_cache_telemetry.cpp:207)
2026-07-30 07:23:51.259 | info     |    BuildKernels | JIT telemetry: 3 registered TelemetryTokens (build_cache_telemetry.cpp:230)
2026-07-30 07:23:51.272 | info     |          Device | Closing user mode device drivers (tt_cluster.cpp:512)
2026-07-30 07:23:51.272 | info     |             UMD | Closing devices in cluster (cluster.cpp:1037)
2026-07-30 07:23:51.932 | info     |             UMD | Closing devices in cluster completed. (cluster.cpp:1046)
2026-07-30 07:23:51.932 | info     |             UMD | Cluster destructor started. (cluster.cpp:754)
2026-07-30 07:23:51.932 | info     |             UMD | Cluster destructor completed. (cluster.cpp:757)
