2026-07-30 06:29:41.312 | DEBUG    | ttnn:<module>:79 - Initial ttnn.CONFIG:
Config{cache_path=/home/mvasiljevic/.cache/ttnn,model_cache_path=/home/mvasiljevic/.cache/ttnn/models,tmp_dir=/tmp/ttnn,enable_model_cache=false,enable_fast_runtime_mode=true,throw_exception_on_fallback=false,enable_logging=false,enable_graph_report=false,enable_graph_python_stack_traces=false,enable_detailed_buffer_report=false,enable_detailed_tensor_report=false,enable_comparison_mode=false,comparison_mode_should_raise_exception=false,comparison_mode_pcc=0.9999,root_report_path=generated/ttnn/reports,report_name=std::nullopt,std::nullopt}
============================= test session starts ==============================
platform linux -- Python 3.12.13, pytest-9.0.3, pluggy-1.6.0 -- /home/mvasiljevic/tt-metal/python_env/bin/python3
cachedir: .pytest_cache
benchmark: 5.2.3 (defaults: timer=time.perf_counter disable_gc=False min_rounds=5 min_time=0.000005 max_time=1.0 calibration_precision=10 warmup=False warmup_iterations=100000)
rootdir: /home/mvasiljevic/tt-metal
configfile: pytest.ini
plugins: benchmark-5.2.3, timeout-2.4.0, anyio-4.14.2, cov-7.0.0, dash-2.15.0, split-0.11.0, github-actions-annotate-failures-0.3.0
timeout: 300.0s
timeout method: signal
timeout func_only: False
collecting ... collected 2 items

models/autoports/microsoft_phi_3_5_mini_instruct/tests/optimized_decoder_perf.py::test_profile_traced_decode[blackhole-1-mesh_device0] 2026-07-30 06:29:42.850 | info     |          Device | Opening user mode device driver (tt_cluster.cpp:228)
2026-07-30 06:29:42.850 | info     |             UMD | Cluster constructor started. (cluster.cpp:348)
2026-07-30 06:29:42.850 | info     |             UMD | Creating TopologyDiscovery for architecture: blackhole (topology_discovery.cpp:91)
2026-07-30 06:29:42.850 | info     |             UMD | Starting topology discovery. (topology_discovery.cpp:110)
2026-07-30 06:29:42.851 | info     |             UMD | Established firmware bundle version: 19.9.0 (topology_discovery.cpp:569)
2026-07-30 06:29:42.851 | info     |             UMD | Firmware bundle version 19.9.0 on the system is newer than the latest fully tested version 19.5.0 for blackhole architecture. Newest features may not be supported. (topology_discovery.cpp:601)
2026-07-30 06:29:42.855 | info     |             UMD | Completed topology discovery. (topology_discovery.cpp:114)
2026-07-30 06:29:42.934 | info     |             UMD | Opening local chip ids/PCIe ids: {0, 1, 2, 3}/[0, 1, 2, 3] and remote chip ids {} (cluster.cpp:168)
2026-07-30 06:29:42.934 | info     |             UMD | IOMMU: enabled (cluster.cpp:142)
2026-07-30 06:29:42.934 | info     |             UMD | KMD version: 2.10.0 (cluster.cpp:145)
2026-07-30 06:29:42.934 | info     |             UMD | Cluster constructor completed. (cluster.cpp:520)
2026-07-30 06:29:42.935 | info     |             UMD | Starting devices in cluster (cluster.cpp:1024)
2026-07-30 06:29:43.059 | info     |             UMD | Starting devices in cluster completed. (cluster.cpp:1032)
--------------------------------------------------------------------------
It appears as if there is not enough space for /dev/shm/sm_segment.853faf68e2b0.6002.900e0000.0 (the shared-memory backing
file). It is likely that your MPI job will now either abort or experience
performance degradation.

  Local host:  853faf68e2b0
  Space Requested: 16777216 B
  Space Available: 17539072 B
--------------------------------------------------------------------------
2026-07-30 06:29:43.187 | DEBUG    | ttnn.device:__init__:152 - Using default dispatch core type for this system: DispatchCoreType.WORKER
2026-07-30 06:29:43.187 | DEBUG    | ttnn.device:__init__:154 - Using default dispatch core axis for this system: DispatchCoreAxis.COL
2026-07-30 06:29:43.187 | info     |     Distributed | Using auto discovery to generate mesh graph. (metal_env.cpp:367)
2026-07-30 06:29:43.187 | info     |     Distributed | Constructing control plane using auto-discovery (no mesh graph descriptor). (metal_env.cpp:429)
2026-07-30 06:29:43.187 | warning  |          Always | Unknown motherboard 'B850M-C' for chip_id=0 (bus_id=0x1) — falling back to bus_id as tray_id. Add this motherboard and its bus IDs to mobo_to_bus_ids in physical_system_discovery.cpp. (physical_system_discovery.cpp:89)
2026-07-30 06:29:43.187 | warning  |          Always | Unknown motherboard 'B850M-C' for chip_id=1 (bus_id=0x2) — falling back to bus_id as tray_id. Add this motherboard and its bus IDs to mobo_to_bus_ids in physical_system_discovery.cpp. (physical_system_discovery.cpp:89)
2026-07-30 06:29:43.187 | warning  |          Always | Unknown motherboard 'B850M-C' for chip_id=2 (bus_id=0x3) — falling back to bus_id as tray_id. Add this motherboard and its bus IDs to mobo_to_bus_ids in physical_system_discovery.cpp. (physical_system_discovery.cpp:89)
2026-07-30 06:29:43.187 | warning  |          Always | Unknown motherboard 'B850M-C' for chip_id=3 (bus_id=0x4) — falling back to bus_id as tray_id. Add this motherboard and its bus IDs to mobo_to_bus_ids in physical_system_discovery.cpp. (physical_system_discovery.cpp:89)
2026-07-30 06:29:43.187 | warning  |          Always | Unknown motherboard 'B850M-C' for chip_id=1 (bus_id=0x2) — falling back to bus_id as tray_id. Add this motherboard and its bus IDs to mobo_to_bus_ids in physical_system_discovery.cpp. (physical_system_discovery.cpp:89)
2026-07-30 06:29:43.187 | warning  |          Always | Unknown motherboard 'B850M-C' for chip_id=0 (bus_id=0x1) — falling back to bus_id as tray_id. Add this motherboard and its bus IDs to mobo_to_bus_ids in physical_system_discovery.cpp. (physical_system_discovery.cpp:89)
2026-07-30 06:29:43.187 | warning  |          Always | Unknown motherboard 'B850M-C' for chip_id=2 (bus_id=0x3) — falling back to bus_id as tray_id. Add this motherboard and its bus IDs to mobo_to_bus_ids in physical_system_discovery.cpp. (physical_system_discovery.cpp:89)
2026-07-30 06:29:43.187 | warning  |          Always | Unknown motherboard 'B850M-C' for chip_id=3 (bus_id=0x4) — falling back to bus_id as tray_id. Add this motherboard and its bus IDs to mobo_to_bus_ids in physical_system_discovery.cpp. (physical_system_discovery.cpp:89)
2026-07-30 06:29:43.187 | info     |          Fabric | Logical multi-mesh adjacency: intermesh degree histogram {0:1}; intra-mesh degree histograms mesh0 {2:4} (topology_mapper_utils.cpp:2342)
2026-07-30 06:29:43.187 | info     |          Fabric | Physical multi-mesh adjacency: intermesh degree histogram {0:1}; intra-mesh degree histograms mesh0 {2:4} (topology_mapper_utils.cpp:2350)
2026-07-30 06:29:43.193 | info     |    BuildKernels | Using pre-compiled firmware from: /home/mvasiljevic/tt-metal/tt_metal/pre-compiled/13793420398762238087/ (build_env_manager.cpp:347)
2026-07-30 06:29:43.193 | info     |    BuildKernels | Using pre-compiled firmware from: /home/mvasiljevic/tt-metal/tt_metal/pre-compiled/13793420398762238087/ (build_env_manager.cpp:347)
2026-07-30 06:29:43.193 | info     |    BuildKernels | Using pre-compiled firmware from: /home/mvasiljevic/tt-metal/tt_metal/pre-compiled/13793420398762238087/ (build_env_manager.cpp:347)
2026-07-30 06:29:43.193 | info     |    BuildKernels | Using pre-compiled firmware from: /home/mvasiljevic/tt-metal/tt_metal/pre-compiled/13793420398762238087/ (build_env_manager.cpp:347)
2026-07-30 06:29:43.221 | warning  |           Metal | Opening subset of mmio devices slows down UMD read/write to remote chips. If opening more devices, consider using CreateDevices API. (device_manager.cpp:261)
2026-07-30 06:29:43.260 | info     |           Metal | ShmResourceTracker: removed orphaned shm '/tt_device_154095680356416_memory' (shm_resource_tracker.cpp:282)
2026-07-30 06:29:43.839 | info     |           Metal | [Real-time profiler] Device 3 sync complete: 100 samples, frequency=1.349985 GHz, device_time_at_sync=95135304418267 cycles (realtime_profiler_manager.cpp:1127)
2026-07-30 06:29:43.855 | DEBUG    | conftest:mesh_device:599 - multidevice with 1 devices is created
[transformers] This model config has set a `rope_parameters['original_max_position_embeddings']` field, to be used together with `max_position_embeddings` to determine a scaling factor. Please set the `factor` field of `rope_parameters`with this ratio instead -- we recommend the use of this field over `original_max_position_embeddings`, as it is compatible with most model architectures.
2026-07-30 06:29:45.724 | INFO     | tracy:signpost:49 - OPT_DECODE_B1
2026-07-30 06:29:45.728 | INFO     | tracy:signpost:49 - OPT_DECODE_B1_END
OPT_POLICY name=core8 values=OptimizationPolicy(attention_weight_dtype=DataType.BFLOAT4_B, gate_up_weight_dtype=DataType.BFLOAT4_B, down_weight_dtype=DataType.BFLOAT4_B, kv_cache_dtype=DataType.BFLOAT8_B, attention_math_fidelity=MathFidelity.LoFi, mlp_math_fidelity=MathFidelity.LoFi, decode_core_grid=(8, 1), qkv_in0_block_w=12, o_proj_in0_block_w=12, gate_up_in0_block_w=6, down_in0_block_w=16, gate_up_split_interleaved=True, separate_gate_up_projections=False, fused_paged_cache_update=True)
PCC_RESULT path=optimized-perf-decode-core8-b1 threshold=0.995 0.99999659702177
PERF_RESULT policy=core8 mode=decode batch=1 context=128 trace_replays=10 mean_ms=0.454938 min_ms=0.452702
PASSED
models/autoports/microsoft_phi_3_5_mini_instruct/tests/optimized_decoder_perf.py::test_profile_traced_decode[blackhole-32-mesh_device0] 2026-07-30 06:29:46.088 | DEBUG    | ttnn.device:__init__:152 - Using default dispatch core type for this system: DispatchCoreType.WORKER
2026-07-30 06:29:46.088 | DEBUG    | ttnn.device:__init__:154 - Using default dispatch core axis for this system: DispatchCoreAxis.COL
2026-07-30 06:29:46.100 | info     |    BuildKernels | Using pre-compiled firmware from: /home/mvasiljevic/tt-metal/tt_metal/pre-compiled/13793420398762238087/ (build_env_manager.cpp:347)
2026-07-30 06:29:46.101 | info     |    BuildKernels | Using pre-compiled firmware from: /home/mvasiljevic/tt-metal/tt_metal/pre-compiled/13793420398762238087/ (build_env_manager.cpp:347)
2026-07-30 06:29:46.102 | info     |    BuildKernels | Using pre-compiled firmware from: /home/mvasiljevic/tt-metal/tt_metal/pre-compiled/13793420398762238087/ (build_env_manager.cpp:347)
2026-07-30 06:29:46.102 | info     |    BuildKernels | Using pre-compiled firmware from: /home/mvasiljevic/tt-metal/tt_metal/pre-compiled/13793420398762238087/ (build_env_manager.cpp:347)
2026-07-30 06:29:46.131 | warning  |           Metal | Opening subset of mmio devices slows down UMD read/write to remote chips. If opening more devices, consider using CreateDevices API. (device_manager.cpp:261)
2026-07-30 06:29:46.171 | DEBUG    | conftest:mesh_device:599 - multidevice with 1 devices is created
2026-07-30 06:29:48.334 | INFO     | tracy:signpost:49 - OPT_DECODE_B32
2026-07-30 06:29:48.340 | INFO     | tracy:signpost:49 - OPT_DECODE_B32_END
OPT_POLICY name=core8 values=OptimizationPolicy(attention_weight_dtype=DataType.BFLOAT4_B, gate_up_weight_dtype=DataType.BFLOAT4_B, down_weight_dtype=DataType.BFLOAT4_B, kv_cache_dtype=DataType.BFLOAT8_B, attention_math_fidelity=MathFidelity.LoFi, mlp_math_fidelity=MathFidelity.LoFi, decode_core_grid=(8, 1), qkv_in0_block_w=12, o_proj_in0_block_w=12, gate_up_in0_block_w=6, down_in0_block_w=16, gate_up_split_interleaved=True, separate_gate_up_projections=False, fused_paged_cache_update=True)
PCC_RESULT path=optimized-perf-decode-core8-b32 threshold=0.995 0.9999956562821082
PERF_RESULT policy=core8 mode=decode batch=32 context=128 trace_replays=10 mean_ms=0.640390 min_ms=0.637112
PASSED

==================================== PASSES ====================================
- generated xml file: /home/mvasiljevic/tt-metal/generated/test_reports/most_recent_tests.xml -
============================== slowest durations ===============================
2.39s call     models/autoports/microsoft_phi_3_5_mini_instruct/tests/optimized_decoder_perf.py::test_profile_traced_decode[blackhole-32-mesh_device0]
1.89s call     models/autoports/microsoft_phi_3_5_mini_instruct/tests/optimized_decoder_perf.py::test_profile_traced_decode[blackhole-1-mesh_device0]
1.21s setup    models/autoports/microsoft_phi_3_5_mini_instruct/tests/optimized_decoder_perf.py::test_profile_traced_decode[blackhole-1-mesh_device0]
0.30s setup    models/autoports/microsoft_phi_3_5_mini_instruct/tests/optimized_decoder_perf.py::test_profile_traced_decode[blackhole-32-mesh_device0]
0.12s teardown models/autoports/microsoft_phi_3_5_mini_instruct/tests/optimized_decoder_perf.py::test_profile_traced_decode[blackhole-1-mesh_device0]
0.12s teardown models/autoports/microsoft_phi_3_5_mini_instruct/tests/optimized_decoder_perf.py::test_profile_traced_decode[blackhole-32-mesh_device0]
=========================== short test summary info ============================
PASSED models/autoports/microsoft_phi_3_5_mini_instruct/tests/optimized_decoder_perf.py::test_profile_traced_decode[blackhole-1-mesh_device0]
PASSED models/autoports/microsoft_phi_3_5_mini_instruct/tests/optimized_decoder_perf.py::test_profile_traced_decode[blackhole-32-mesh_device0]
============================== 2 passed in 6.70s ===============================
nanobind: leaked 2 instances!
 - leaked instance 0x7f07a41bc4c8 of type "ttnn._ttnn.tensor.MemoryConfig"
 - leaked instance 0x7f07a4798738 of type "ttnn._ttnn.tensor.CoreRangeSet"
nanobind: leaked 20 types!
 - leaked type "ttnn._ttnn.operations.matmul.MatmulMultiCoreReuseMultiCast1DProgramConfig"
 - leaked type "ttnn._ttnn.operations.matmul.MatmulInputs"
 - leaked type "ttnn._ttnn.operations.matmul.MatmulMultiCoreReuseMultiCastBatchedDRAMShardedProgramConfig"
 - leaked type "BufferType"
 - leaked type "UnaryOpType"
 - leaked type "Layout"
 - leaked type "ttnn._ttnn.operations.matmul.MatmulMultiCoreReuseOptimizedProgramFactory"
 - leaked type "Arch"
 - leaked type "ttnn._ttnn.operations.matmul.MatmulParams"
 - leaked type "ttnn._ttnn.tensor.CoreRangeSet"
 - ... skipped remainder
nanobind: leaked 247 functions!
 - leaked function "sfpu_nan"
 - leaked function ""
 - leaked function "empty"
 - leaked function "from_json"
 - leaked function "buffer_address"
 - leaked function ""
 - leaked function ""
 - leaked function "__repr__"
 - leaked function "set_program_cache_misses_allowed"
 - leaked function "__repr__"
 - ... skipped remainder
nanobind: this is likely caused by a reference counting issue in the binding code.
See https://nanobind.readthedocs.io/en/latest/refleaks.html2026-07-30 06:29:50.475 | info     |    BuildKernels | JIT cache stats: 155/155 hits (100.0%) [155 cached, 103 build-once dedup, 0 merged artifacts, 0 merged genfiles] (build_cache_telemetry.cpp:207)
2026-07-30 06:29:50.475 | info     |    BuildKernels | JIT telemetry: 3 registered TelemetryTokens (build_cache_telemetry.cpp:230)
2026-07-30 06:29:50.487 | info     |          Device | Closing user mode device drivers (tt_cluster.cpp:512)
2026-07-30 06:29:50.487 | info     |             UMD | Closing devices in cluster (cluster.cpp:1037)
2026-07-30 06:29:51.057 | info     |             UMD | Closing devices in cluster completed. (cluster.cpp:1046)
2026-07-30 06:29:51.057 | info     |             UMD | Cluster destructor started. (cluster.cpp:754)
2026-07-30 06:29:51.057 | info     |             UMD | Cluster destructor completed. (cluster.cpp:757)
