2026-07-30 08:17:40.744 | INFO     | __main__:main:395 - Using port 8086
2026-07-30 08:17:40.744 | INFO     | tracy:run_report_setup:91 - Verifying tracy profiling tools
2026-07-30 08:17:40.798 | INFO     | tracy:run_report_setup:112 - Capture command: ('/home/mvasiljevic/tt-metal/build/tools/profiler/bin/tracy-capture -o /home/mvasiljevic/tt-metal/generated/profiler/.logs/tracy_profile_log_host.tracy -f -p 8086',)
Connecting to 127.0.0.1:8086...2026-07-30 08:17:40.804 | INFO     | __main__:main:413 - Test process started
2026-07-30 08:17:41.745 | DEBUG    | ttnn:<module>:79 - Initial ttnn.CONFIG:
Config{cache_path=/home/mvasiljevic/.cache/ttnn,model_cache_path=/home/mvasiljevic/.cache/ttnn/models,tmp_dir=/tmp/ttnn,enable_model_cache=false,enable_fast_runtime_mode=true,throw_exception_on_fallback=false,enable_logging=false,enable_graph_report=false,enable_graph_python_stack_traces=false,enable_detailed_buffer_report=false,enable_detailed_tensor_report=false,enable_comparison_mode=false,comparison_mode_should_raise_exception=false,comparison_mode_pcc=0.9999,root_report_path=generated/ttnn/reports,report_name=std::nullopt,std::nullopt}
============================= test session starts ==============================
platform linux -- Python 3.12.13, pytest-9.0.3, pluggy-1.6.0 -- /home/mvasiljevic/tt-metal/python_env/bin/python
cachedir: .pytest_cache
benchmark: 5.2.3 (defaults: timer=time.perf_counter disable_gc=False min_rounds=5 min_time=0.000005 max_time=1.0 calibration_precision=10 warmup=False warmup_iterations=100000)
rootdir: /home/mvasiljevic/tt-metal
configfile: pytest.ini
plugins: benchmark-5.2.3, timeout-2.4.0, anyio-4.14.2, cov-7.0.0, dash-2.15.0, split-0.11.0, github-actions-annotate-failures-0.3.0
timeout: 300.0s
timeout method: signal
timeout func_only: False
collecting ... collected 4 items

models/autoports/microsoft_phi_3_5_mini_instruct/tests/optimized_decoder_perf.py::test_profile_warmed_prefill[blackhole-1-mesh_device0] 2026-07-30 08:17:44.058 | info     |          Device | Opening user mode device driver (tt_cluster.cpp:228)
2026-07-30 08:17:44.058 | info     |             UMD | Cluster constructor started. (cluster.cpp:348)
2026-07-30 08:17:44.058 | info     |             UMD | Creating TopologyDiscovery for architecture: blackhole (topology_discovery.cpp:91)
2026-07-30 08:17:44.058 | info     |             UMD | Starting topology discovery. (topology_discovery.cpp:110)
2026-07-30 08:17:44.060 | info     |             UMD | Established firmware bundle version: 19.9.0 (topology_discovery.cpp:569)
2026-07-30 08:17:44.060 | info     |             UMD | Firmware bundle version 19.9.0 on the system is newer than the latest fully tested version 19.5.0 for blackhole architecture. Newest features may not be supported. (topology_discovery.cpp:601)
2026-07-30 08:17:44.064 | info     |             UMD | Completed topology discovery. (topology_discovery.cpp:114)
2026-07-30 08:17:44.142 | info     |             UMD | Opening local chip ids/PCIe ids: {0, 1, 2, 3}/[0, 1, 2, 3] and remote chip ids {} (cluster.cpp:168)
2026-07-30 08:17:44.142 | info     |             UMD | IOMMU: enabled (cluster.cpp:142)
2026-07-30 08:17:44.142 | info     |             UMD | KMD version: 2.10.0 (cluster.cpp:145)
2026-07-30 08:17:44.142 | info     |             UMD | Cluster constructor completed. (cluster.cpp:520)
2026-07-30 08:17:44.144 | info     |             UMD | Starting devices in cluster (cluster.cpp:1024)
2026-07-30 08:17:44.379 | info     |             UMD | Starting devices in cluster completed. (cluster.cpp:1032)
--------------------------------------------------------------------------
It appears as if there is not enough space for /dev/shm/sm_segment.853faf68e2b0.6002.2c470000.0 (the shared-memory backing
file). It is likely that your MPI job will now either abort or experience
performance degradation.

  Local host:  853faf68e2b0
  Space Requested: 16777216 B
  Space Available: 17539072 B
--------------------------------------------------------------------------
2026-07-30 08:17:44.510 | DEBUG    | ttnn.device:__init__:152 - Using default dispatch core type for this system: DispatchCoreType.WORKER
2026-07-30 08:17:44.511 | DEBUG    | ttnn.device:__init__:154 - Using default dispatch core axis for this system: DispatchCoreAxis.COL
2026-07-30 08:17:44.511 | info     |     Distributed | Using auto discovery to generate mesh graph. (metal_env.cpp:367)
2026-07-30 08:17:44.511 | info     |     Distributed | Constructing control plane using auto-discovery (no mesh graph descriptor). (metal_env.cpp:429)
2026-07-30 08:17:44.511 | warning  |          Always | Unknown motherboard 'B850M-C' for chip_id=0 (bus_id=0x1) — falling back to bus_id as tray_id. Add this motherboard and its bus IDs to mobo_to_bus_ids in physical_system_discovery.cpp. (physical_system_discovery.cpp:89)
2026-07-30 08:17:44.511 | warning  |          Always | Unknown motherboard 'B850M-C' for chip_id=1 (bus_id=0x2) — falling back to bus_id as tray_id. Add this motherboard and its bus IDs to mobo_to_bus_ids in physical_system_discovery.cpp. (physical_system_discovery.cpp:89)
2026-07-30 08:17:44.511 | warning  |          Always | Unknown motherboard 'B850M-C' for chip_id=2 (bus_id=0x3) — falling back to bus_id as tray_id. Add this motherboard and its bus IDs to mobo_to_bus_ids in physical_system_discovery.cpp. (physical_system_discovery.cpp:89)
2026-07-30 08:17:44.511 | warning  |          Always | Unknown motherboard 'B850M-C' for chip_id=3 (bus_id=0x4) — falling back to bus_id as tray_id. Add this motherboard and its bus IDs to mobo_to_bus_ids in physical_system_discovery.cpp. (physical_system_discovery.cpp:89)
2026-07-30 08:17:44.511 | warning  |          Always | Unknown motherboard 'B850M-C' for chip_id=1 (bus_id=0x2) — falling back to bus_id as tray_id. Add this motherboard and its bus IDs to mobo_to_bus_ids in physical_system_discovery.cpp. (physical_system_discovery.cpp:89)
2026-07-30 08:17:44.511 | warning  |          Always | Unknown motherboard 'B850M-C' for chip_id=0 (bus_id=0x1) — falling back to bus_id as tray_id. Add this motherboard and its bus IDs to mobo_to_bus_ids in physical_system_discovery.cpp. (physical_system_discovery.cpp:89)
2026-07-30 08:17:44.511 | warning  |          Always | Unknown motherboard 'B850M-C' for chip_id=2 (bus_id=0x3) — falling back to bus_id as tray_id. Add this motherboard and its bus IDs to mobo_to_bus_ids in physical_system_discovery.cpp. (physical_system_discovery.cpp:89)
2026-07-30 08:17:44.511 | warning  |          Always | Unknown motherboard 'B850M-C' for chip_id=3 (bus_id=0x4) — falling back to bus_id as tray_id. Add this motherboard and its bus IDs to mobo_to_bus_ids in physical_system_discovery.cpp. (physical_system_discovery.cpp:89)
2026-07-30 08:17:44.511 | info     |          Fabric | Logical multi-mesh adjacency: intermesh degree histogram {0:1}; intra-mesh degree histograms mesh0 {2:4} (topology_mapper_utils.cpp:2342)
2026-07-30 08:17:44.511 | info     |          Fabric | Physical multi-mesh adjacency: intermesh degree histogram {0:1}; intra-mesh degree histograms mesh0 {2:4} (topology_mapper_utils.cpp:2350)
2026-07-30 08:17:44.552 | warning  |           Metal | Opening subset of mmio devices slows down UMD read/write to remote chips. If opening more devices, consider using CreateDevices API. (device_manager.cpp:261)
2026-07-30 08:17:44.560 | info     |           Metal | Profiler started on device 3 (profiler_initializer.cpp:49)
2026-07-30 08:17:44.601 | info     |           Metal | ShmResourceTracker: removed orphaned shm '/tt_device_154095680356416_memory' (shm_resource_tracker.cpp:282)
2026-07-30 08:17:45.181 | info     |           Metal | [Real-time profiler] Device 3 sync complete: 100 samples, frequency=1.349981 GHz, device_time_at_sync=101195092972872 cycles (realtime_profiler_manager.cpp:1127)
2026-07-30 08:17:45.197 | DEBUG    | conftest:mesh_device:599 - multidevice with 1 devices is created
[transformers] This model config has set a `rope_parameters['original_max_position_embeddings']` field, to be used together with `max_position_embeddings` to determine a scaling factor. Please set the `factor` field of `rope_parameters`with this ratio instead -- we recommend the use of this field over `original_max_position_embeddings`, as it is compatible with most model architectures.
2026-07-30 08:17:46.519 | INFO     | tracy:signpost:49 - OPT_PREFILL_B1
2026-07-30 08:17:46.522 | INFO     | tracy:signpost:49 - OPT_PREFILL_B1_END
OPT_POLICY name=final values=OptimizationPolicy(attention_weight_dtype=DataType.BFLOAT4_B, gate_up_weight_dtype=DataType.BFLOAT4_B, down_weight_dtype=DataType.BFLOAT4_B, kv_cache_dtype=DataType.BFLOAT8_B, attention_math_fidelity=MathFidelity.LoFi, mlp_math_fidelity=MathFidelity.LoFi, decode_core_grid=(8, 1), qkv_in0_block_w=12, o_proj_in0_block_w=12, gate_up_in0_block_w=6, down_in0_block_w=16, gate_up_split_interleaved=True, separate_gate_up_projections=False, fused_paged_cache_update=True, explicit_decode_sdpa=False, fused_rope=False, prefill_core_grid=(8, 8), prefill_qkv_in0_block_w=2, prefill_o_proj_in0_block_w=2, prefill_gate_up_in0_block_w=2, prefill_down_in0_block_w=2, prefill_qkv_out_block_h=None, prefill_o_proj_out_block_h=None, prefill_gate_up_out_block_h=None, prefill_down_out_block_h=None, prefill_qkv_out_block_w=None, prefill_o_proj_out_block_w=None, prefill_gate_up_out_block_w=None, prefill_down_out_block_w=None)
ACTIVATION_SOURCE recorded_target path=/home/mvasiljevic/tt-metal/models/autoports/microsoft_phi_3_5_mini_instruct/doc/optimized_decoder/activations/layer0_inputs.safetensors key=prefill_128 batch_repeat=1
PCC_RESULT path=optimized-perf-prefill-final-b1 threshold=0.995 0.9986566010489638
PERF_RESULT policy=final mode=prefill batch=1 sequence=128 warmed_ms=1.960436
PASSED2026-07-30 08:17:46.875 | info     |           Metal | Device kernel duration perf summary (device=3): count=107, min=1917ns, avg=22951.2ns, max=183179ns (profiler_analysis.cpp:675)
2026-07-30 08:17:46.875 | info     |           Metal | Device kernel duration perf histogram (device=3): (buckets=10, bucket_size=18200ns, range=[0..182000), underflow(<0ns)=0, overflow(>=182000ns)=2) (profiler_analysis.cpp:718)
2026-07-30 08:17:46.875 | info     |           Metal |   [           0 ..        18200) |########################################|       74 (profiler_analysis.cpp:723)
2026-07-30 08:17:46.875 | info     |           Metal |   [       18200 ..        36400) |#########                               |       17 (profiler_analysis.cpp:723)
2026-07-30 08:17:46.875 | info     |           Metal |   [       36400 ..        54600) |####                                    |        8 (profiler_analysis.cpp:723)
2026-07-30 08:17:46.875 | info     |           Metal |   [       54600 ..        72800) |                                        |        0 (profiler_analysis.cpp:723)
2026-07-30 08:17:46.875 | info     |           Metal |   [       72800 ..        91000) |                                        |        0 (profiler_analysis.cpp:723)
2026-07-30 08:17:46.875 | info     |           Metal |   [       91000 ..       109200) |                                        |        0 (profiler_analysis.cpp:723)
2026-07-30 08:17:46.875 | info     |           Metal |   [      109200 ..       127400) |###                                     |        6 (profiler_analysis.cpp:723)
2026-07-30 08:17:46.875 | info     |           Metal |   [      127400 ..       145600) |                                        |        0 (profiler_analysis.cpp:723)
2026-07-30 08:17:46.875 | info     |           Metal |   [      145600 ..       163800) |                                        |        0 (profiler_analysis.cpp:723)
2026-07-30 08:17:46.875 | info     |           Metal |   [      163800 ..       182000) |                                        |        0 (profiler_analysis.cpp:723)

models/autoports/microsoft_phi_3_5_mini_instruct/tests/optimized_decoder_perf.py::test_profile_traced_decode[blackhole-1-mesh_device0] 2026-07-30 08:17:47.235 | DEBUG    | ttnn.device:__init__:152 - Using default dispatch core type for this system: DispatchCoreType.WORKER
2026-07-30 08:17:47.235 | DEBUG    | ttnn.device:__init__:154 - Using default dispatch core axis for this system: DispatchCoreAxis.COL
2026-07-30 08:17:47.282 | warning  |           Metal | Opening subset of mmio devices slows down UMD read/write to remote chips. If opening more devices, consider using CreateDevices API. (device_manager.cpp:261)
2026-07-30 08:17:47.284 | info     |           Metal | Profiler started on device 3 (profiler_initializer.cpp:49)
2026-07-30 08:17:47.324 | DEBUG    | conftest:mesh_device:599 - multidevice with 1 devices is created
2026-07-30 08:17:48.724 | INFO     | tracy:signpost:49 - OPT_DECODE_B1
2026-07-30 08:17:48.729 | INFO     | tracy:signpost:49 - OPT_DECODE_B1_END
OPT_POLICY name=final values=OptimizationPolicy(attention_weight_dtype=DataType.BFLOAT4_B, gate_up_weight_dtype=DataType.BFLOAT4_B, down_weight_dtype=DataType.BFLOAT4_B, kv_cache_dtype=DataType.BFLOAT8_B, attention_math_fidelity=MathFidelity.LoFi, mlp_math_fidelity=MathFidelity.LoFi, decode_core_grid=(8, 1), qkv_in0_block_w=12, o_proj_in0_block_w=12, gate_up_in0_block_w=6, down_in0_block_w=16, gate_up_split_interleaved=True, separate_gate_up_projections=False, fused_paged_cache_update=True, explicit_decode_sdpa=False, fused_rope=False, prefill_core_grid=(8, 8), prefill_qkv_in0_block_w=2, prefill_o_proj_in0_block_w=2, prefill_gate_up_in0_block_w=2, prefill_down_in0_block_w=2, prefill_qkv_out_block_h=None, prefill_o_proj_out_block_h=None, prefill_gate_up_out_block_h=None, prefill_down_out_block_h=None, prefill_qkv_out_block_w=None, prefill_o_proj_out_block_w=None, prefill_gate_up_out_block_w=None, prefill_down_out_block_w=None)
ACTIVATION_SOURCE recorded_target path=/home/mvasiljevic/tt-metal/models/autoports/microsoft_phi_3_5_mini_instruct/doc/optimized_decoder/activations/layer0_inputs.safetensors key=token_embeddings matching_next_rows=1
CACHE_SOURCE reference_fill recorded_target_prefix prefix_length=127 batch=1
PCC_RESULT path=optimized-perf-decode-final-b1 threshold=0.995 0.9992643136975439
PERF_RESULT policy=final mode=decode batch=1 context=128 trace_replays=10 mean_ms=0.519661 min_ms=0.517796
PASSED2026-07-30 08:17:49.159 | info     |           Metal | Device kernel duration perf summary (device=3): count=764, min=248ns, avg=7019.2ns, max=93034ns (profiler_analysis.cpp:675)
2026-07-30 08:17:49.159 | info     |           Metal | Device kernel duration perf histogram (device=3): (buckets=10, bucket_size=9300ns, range=[0..93000), underflow(<0ns)=0, overflow(>=93000ns)=2) (profiler_analysis.cpp:718)
2026-07-30 08:17:49.159 | info     |           Metal |   [           0 ..         9300) |########################################|      642 (profiler_analysis.cpp:723)
2026-07-30 08:17:49.159 | info     |           Metal |   [        9300 ..        18600) |####                                    |       62 (profiler_analysis.cpp:723)
2026-07-30 08:17:49.159 | info     |           Metal |   [       18600 ..        27900) |#                                       |       24 (profiler_analysis.cpp:723)
2026-07-30 08:17:49.159 | info     |           Metal |   [       27900 ..        37200) |                                        |        0 (profiler_analysis.cpp:723)
2026-07-30 08:17:49.159 | info     |           Metal |   [       37200 ..        46500) |                                        |        0 (profiler_analysis.cpp:723)
2026-07-30 08:17:49.159 | info     |           Metal |   [       46500 ..        55800) |#                                       |       24 (profiler_analysis.cpp:723)
2026-07-30 08:17:49.159 | info     |           Metal |   [       55800 ..        65100) |                                        |        0 (profiler_analysis.cpp:723)
2026-07-30 08:17:49.159 | info     |           Metal |   [       65100 ..        74400) |                                        |        0 (profiler_analysis.cpp:723)
2026-07-30 08:17:49.159 | info     |           Metal |   [       74400 ..        83700) |                                        |        0 (profiler_analysis.cpp:723)
2026-07-30 08:17:49.159 | info     |           Metal |   [       83700 ..        93000) |#                                       |       10 (profiler_analysis.cpp:723)

models/autoports/microsoft_phi_3_5_mini_instruct/tests/optimized_decoder_perf.py::test_profile_warmed_prefill[blackhole-32-mesh_device0] 2026-07-30 08:17:49.741 | DEBUG    | ttnn.device:__init__:152 - Using default dispatch core type for this system: DispatchCoreType.WORKER
2026-07-30 08:17:49.742 | DEBUG    | ttnn.device:__init__:154 - Using default dispatch core axis for this system: DispatchCoreAxis.COL
2026-07-30 08:17:49.790 | warning  |           Metal | Opening subset of mmio devices slows down UMD read/write to remote chips. If opening more devices, consider using CreateDevices API. (device_manager.cpp:261)
2026-07-30 08:17:49.791 | info     |           Metal | Profiler started on device 3 (profiler_initializer.cpp:49)
2026-07-30 08:17:49.832 | DEBUG    | conftest:mesh_device:599 - multidevice with 1 devices is created
2026-07-30 08:17:51.256 | INFO     | tracy:signpost:49 - OPT_PREFILL_B32
2026-07-30 08:17:51.276 | INFO     | tracy:signpost:49 - OPT_PREFILL_B32_END
OPT_POLICY name=final values=OptimizationPolicy(attention_weight_dtype=DataType.BFLOAT4_B, gate_up_weight_dtype=DataType.BFLOAT4_B, down_weight_dtype=DataType.BFLOAT4_B, kv_cache_dtype=DataType.BFLOAT8_B, attention_math_fidelity=MathFidelity.LoFi, mlp_math_fidelity=MathFidelity.LoFi, decode_core_grid=(8, 1), qkv_in0_block_w=12, o_proj_in0_block_w=12, gate_up_in0_block_w=6, down_in0_block_w=16, gate_up_split_interleaved=True, separate_gate_up_projections=False, fused_paged_cache_update=True, explicit_decode_sdpa=False, fused_rope=False, prefill_core_grid=(8, 8), prefill_qkv_in0_block_w=2, prefill_o_proj_in0_block_w=2, prefill_gate_up_in0_block_w=2, prefill_down_in0_block_w=2, prefill_qkv_out_block_h=None, prefill_o_proj_out_block_h=None, prefill_gate_up_out_block_h=None, prefill_down_out_block_h=None, prefill_qkv_out_block_w=None, prefill_o_proj_out_block_w=None, prefill_gate_up_out_block_w=None, prefill_down_out_block_w=None)
ACTIVATION_SOURCE recorded_target path=/home/mvasiljevic/tt-metal/models/autoports/microsoft_phi_3_5_mini_instruct/doc/optimized_decoder/activations/layer0_inputs.safetensors key=prefill_128 batch_repeat=32
PCC_RESULT path=optimized-perf-prefill-final-b32 threshold=0.995 0.9986531776179074
PERF_RESULT policy=final mode=prefill batch=32 sequence=128 warmed_ms=19.769784
PASSED2026-07-30 08:17:52.428 | info     |           Metal | Device kernel duration perf summary (device=3): count=543, min=1912ns, avg=71389.2ns, max=1186468ns (profiler_analysis.cpp:675)
2026-07-30 08:17:52.428 | info     |           Metal | Device kernel duration perf histogram (device=3): (buckets=10, bucket_size=118500ns, range=[0..1185000), underflow(<0ns)=0, overflow(>=1185000ns)=2) (profiler_analysis.cpp:718)
2026-07-30 08:17:52.428 | info     |           Metal |   [           0 ..       118500) |########################################|      456 (profiler_analysis.cpp:723)
2026-07-30 08:17:52.428 | info     |           Metal |   [      118500 ..       237000) |###                                     |       34 (profiler_analysis.cpp:723)
2026-07-30 08:17:52.428 | info     |           Metal |   [      237000 ..       355500) |##                                      |       19 (profiler_analysis.cpp:723)
2026-07-30 08:17:52.428 | info     |           Metal |   [      355500 ..       474000) |#                                       |        7 (profiler_analysis.cpp:723)
2026-07-30 08:17:52.428 | info     |           Metal |   [      474000 ..       592500) |#                                       |       16 (profiler_analysis.cpp:723)
2026-07-30 08:17:52.428 | info     |           Metal |   [      592500 ..       711000) |                                        |        4 (profiler_analysis.cpp:723)
2026-07-30 08:17:52.428 | info     |           Metal |   [      711000 ..       829500) |                                        |        1 (profiler_analysis.cpp:723)
2026-07-30 08:17:52.428 | info     |           Metal |   [      829500 ..       948000) |                                        |        4 (profiler_analysis.cpp:723)
2026-07-30 08:17:52.428 | info     |           Metal |   [      948000 ..      1066500) |                                        |        0 (profiler_analysis.cpp:723)
2026-07-30 08:17:52.428 | info     |           Metal |   [     1066500 ..      1185000) |                                        |        0 (profiler_analysis.cpp:723)

models/autoports/microsoft_phi_3_5_mini_instruct/tests/optimized_decoder_perf.py::test_profile_traced_decode[blackhole-32-mesh_device0] 2026-07-30 08:17:53.183 | DEBUG    | ttnn.device:__init__:152 - Using default dispatch core type for this system: DispatchCoreType.WORKER
2026-07-30 08:17:53.183 | DEBUG    | ttnn.device:__init__:154 - Using default dispatch core axis for this system: DispatchCoreAxis.COL
2026-07-30 08:17:53.227 | warning  |           Metal | Opening subset of mmio devices slows down UMD read/write to remote chips. If opening more devices, consider using CreateDevices API. (device_manager.cpp:261)
2026-07-30 08:17:53.228 | info     |           Metal | Profiler started on device 3 (profiler_initializer.cpp:49)
2026-07-30 08:17:53.269 | DEBUG    | conftest:mesh_device:599 - multidevice with 1 devices is created
2026-07-30 08:17:55.124 | INFO     | tracy:signpost:49 - OPT_DECODE_B32
2026-07-30 08:17:55.132 | INFO     | tracy:signpost:49 - OPT_DECODE_B32_END
OPT_POLICY name=final values=OptimizationPolicy(attention_weight_dtype=DataType.BFLOAT4_B, gate_up_weight_dtype=DataType.BFLOAT4_B, down_weight_dtype=DataType.BFLOAT4_B, kv_cache_dtype=DataType.BFLOAT8_B, attention_math_fidelity=MathFidelity.LoFi, mlp_math_fidelity=MathFidelity.LoFi, decode_core_grid=(8, 1), qkv_in0_block_w=12, o_proj_in0_block_w=12, gate_up_in0_block_w=6, down_in0_block_w=16, gate_up_split_interleaved=True, separate_gate_up_projections=False, fused_paged_cache_update=True, explicit_decode_sdpa=False, fused_rope=False, prefill_core_grid=(8, 8), prefill_qkv_in0_block_w=2, prefill_o_proj_in0_block_w=2, prefill_gate_up_in0_block_w=2, prefill_down_in0_block_w=2, prefill_qkv_out_block_h=None, prefill_o_proj_out_block_h=None, prefill_gate_up_out_block_h=None, prefill_down_out_block_h=None, prefill_qkv_out_block_w=None, prefill_o_proj_out_block_w=None, prefill_gate_up_out_block_w=None, prefill_down_out_block_w=None)
ACTIVATION_SOURCE recorded_target path=/home/mvasiljevic/tt-metal/models/autoports/microsoft_phi_3_5_mini_instruct/doc/optimized_decoder/activations/layer0_inputs.safetensors key=token_embeddings matching_next_rows=32
CACHE_SOURCE reference_fill recorded_target_prefix prefix_length=127 batch=32
PCC_RESULT path=optimized-perf-decode-final-b32 threshold=0.995 0.9989930042363637
PERF_RESULT policy=final mode=decode batch=32 context=128 trace_replays=10 mean_ms=0.803224 min_ms=0.799083
PASSED2026-07-30 08:17:55.722 | info     |           Metal | Device kernel duration perf summary (device=3): count=916, min=781ns, avg=10971.0ns, max=353687ns (profiler_analysis.cpp:675)
2026-07-30 08:17:55.722 | info     |           Metal | Device kernel duration perf histogram (device=3): (buckets=10, bucket_size=35300ns, range=[0..353000), underflow(<0ns)=0, overflow(>=353000ns)=1) (profiler_analysis.cpp:718)
2026-07-30 08:17:55.722 | info     |           Metal |   [           0 ..        35300) |########################################|      853 (profiler_analysis.cpp:723)
2026-07-30 08:17:55.722 | info     |           Metal |   [       35300 ..        70600) |##                                      |       36 (profiler_analysis.cpp:723)
2026-07-30 08:17:55.722 | info     |           Metal |   [       70600 ..       105900) |#                                       |       12 (profiler_analysis.cpp:723)
2026-07-30 08:17:55.722 | info     |           Metal |   [      105900 ..       141200) |                                        |        0 (profiler_analysis.cpp:723)
2026-07-30 08:17:55.722 | info     |           Metal |   [      141200 ..       176500) |                                        |        0 (profiler_analysis.cpp:723)
2026-07-30 08:17:55.722 | info     |           Metal |   [      176500 ..       211800) |#                                       |       13 (profiler_analysis.cpp:723)
2026-07-30 08:17:55.722 | info     |           Metal |   [      211800 ..       247100) |                                        |        0 (profiler_analysis.cpp:723)
2026-07-30 08:17:55.722 | info     |           Metal |   [      247100 ..       282400) |                                        |        0 (profiler_analysis.cpp:723)
2026-07-30 08:17:55.722 | info     |           Metal |   [      282400 ..       317700) |                                        |        1 (profiler_analysis.cpp:723)
2026-07-30 08:17:55.722 | info     |           Metal |   [      317700 ..       353000) |                                        |        0 (profiler_analysis.cpp:723)


==================================== PASSES ====================================
- generated xml file: /home/mvasiljevic/tt-metal/generated/test_reports/most_recent_tests.xml -
============================== slowest durations ===============================
2.11s call     models/autoports/microsoft_phi_3_5_mini_instruct/tests/optimized_decoder_perf.py::test_profile_warmed_prefill[blackhole-32-mesh_device0]
1.89s call     models/autoports/microsoft_phi_3_5_mini_instruct/tests/optimized_decoder_perf.py::test_profile_traced_decode[blackhole-32-mesh_device0]
1.42s call     models/autoports/microsoft_phi_3_5_mini_instruct/tests/optimized_decoder_perf.py::test_profile_traced_decode[blackhole-1-mesh_device0]
1.35s setup    models/autoports/microsoft_phi_3_5_mini_instruct/tests/optimized_decoder_perf.py::test_profile_warmed_prefill[blackhole-1-mesh_device0]
1.35s call     models/autoports/microsoft_phi_3_5_mini_instruct/tests/optimized_decoder_perf.py::test_profile_warmed_prefill[blackhole-1-mesh_device0]
1.19s teardown models/autoports/microsoft_phi_3_5_mini_instruct/tests/optimized_decoder_perf.py::test_profile_traced_decode[blackhole-32-mesh_device0]
1.02s teardown models/autoports/microsoft_phi_3_5_mini_instruct/tests/optimized_decoder_perf.py::test_profile_warmed_prefill[blackhole-32-mesh_device0]
0.78s teardown models/autoports/microsoft_phi_3_5_mini_instruct/tests/optimized_decoder_perf.py::test_profile_traced_decode[blackhole-1-mesh_device0]
0.48s teardown models/autoports/microsoft_phi_3_5_mini_instruct/tests/optimized_decoder_perf.py::test_profile_warmed_prefill[blackhole-1-mesh_device0]
0.31s setup    models/autoports/microsoft_phi_3_5_mini_instruct/tests/optimized_decoder_perf.py::test_profile_warmed_prefill[blackhole-32-mesh_device0]
0.31s setup    models/autoports/microsoft_phi_3_5_mini_instruct/tests/optimized_decoder_perf.py::test_profile_traced_decode[blackhole-32-mesh_device0]
0.30s setup    models/autoports/microsoft_phi_3_5_mini_instruct/tests/optimized_decoder_perf.py::test_profile_traced_decode[blackhole-1-mesh_device0]
=========================== short test summary info ============================
PASSED models/autoports/microsoft_phi_3_5_mini_instruct/tests/optimized_decoder_perf.py::test_profile_warmed_prefill[blackhole-1-mesh_device0]
PASSED models/autoports/microsoft_phi_3_5_mini_instruct/tests/optimized_decoder_perf.py::test_profile_traced_decode[blackhole-1-mesh_device0]
PASSED models/autoports/microsoft_phi_3_5_mini_instruct/tests/optimized_decoder_perf.py::test_profile_warmed_prefill[blackhole-32-mesh_device0]
PASSED models/autoports/microsoft_phi_3_5_mini_instruct/tests/optimized_decoder_perf.py::test_profile_traced_decode[blackhole-32-mesh_device0]
============================== 4 passed in 13.34s ==============================
nanobind: leaked 2 instances!
 - leaked instance 0x7c622da74408 of type "ttnn._ttnn.tensor.MemoryConfig"
 - leaked instance 0x7c6236345c38 of type "ttnn._ttnn.tensor.CoreRangeSet"
nanobind: leaked 20 types!
 - leaked type "ttnn._ttnn.operations.matmul.MatmulMultiCoreReuseMultiCast1DProgramConfig"
 - leaked type "ttnn._ttnn.operations.matmul.MatmulInputs"
 - leaked type "ttnn._ttnn.operations.matmul.MatmulMultiCoreReuseMultiCastBatchedDRAMShardedProgramConfig"
 - leaked type "BufferType"
 - leaked type "UnaryOpType"
 - leaked type "Layout"
 - leaked type "ttnn._ttnn.operations.matmul.MatmulMultiCoreReuseOptimizedProgramFactory"
 - leaked type "Arch"
 - leaked type "ttnn._ttnn.operations.matmul.MatmulParams"
 - leaked type "ttnn._ttnn.tensor.CoreRangeSet"
 - ... skipped remainder
nanobind: leaked 247 functions!
 - leaked function "enable_program_cache"
 - leaked function "pad_to_tile"
 - leaked function ""
 - leaked function ""
 - leaked function "to_json"
 - leaked function ""
 - leaked function "get_submeshes"
 - leaked function ""
 - leaked function ""
 - leaked function ""
 - ... skipped remainder
nanobind: this is likely caused by a reference counting issue in the binding code.
See https://nanobind.readthedocs.io/en/latest/refleaks.html2026-07-30 08:17:58.193 | info     |    BuildKernels | JIT cache stats: 334/334 hits (100.0%) [334 cached, 383 build-once dedup, 0 merged artifacts, 0 merged genfiles] (build_cache_telemetry.cpp:207)
2026-07-30 08:17:58.193 | info     |    BuildKernels | JIT telemetry: 3 registered TelemetryTokens (build_cache_telemetry.cpp:230)
2026-07-30 08:17:58.207 | info     |          Device | Closing user mode device drivers (tt_cluster.cpp:512)
2026-07-30 08:17:58.207 | info     |             UMD | Closing devices in cluster (cluster.cpp:1037)
2026-07-30 08:17:58.809 | info     |             UMD | Closing devices in cluster completed. (cluster.cpp:1046)
2026-07-30 08:17:58.809 | info     |             UMD | Cluster destructor started. (cluster.cpp:754)
2026-07-30 08:17:58.809 | info     |             UMD | Cluster destructor completed. (cluster.cpp:757)

Timer resolution: 0 ns

Frames: 2
Time span: 20:49:41
Zones: 2,446,228
Elapsed time: 17.11 s
Saving trace... done!
Trace size 20.98 MB (17.50% ratio)
2026-07-30 08:17:59.091 | INFO     | __main__:main:452 - Copying /home/mvasiljevic/tt-metal/generated/profiler/.logs/tracy_profile_log_host.tracy to /home/mvasiljevic/tt-metal/build/profiler/build_wasm/traces/optimized_decoder_perf_2026_07_30_08_17_59.tracy
2026-07-30 08:17:59.095 | INFO     | __main__:main:455 - Copied /home/mvasiljevic/tt-metal/generated/profiler/.logs/tracy_profile_log_host.tracy to /home/mvasiljevic/tt-metal/build/profiler/build_wasm/traces/optimized_decoder_perf_2026_07_30_08_17_59.tracy
2026-07-30 08:17:59.095 | INFO     | __main__:main:464 - embed.tracy -> traces/optimized_decoder_perf_2026_07_30_08_17_59.tracy
2026-07-30 08:17:59.095 | INFO     | tracy.serve_wasm:launch_server_subprocess:284 - Launching tracy web app GUI server subprocess...
2026-07-30 08:17:59.095 | INFO     | tracy.serve_wasm:launch_server_subprocess:287 - Tracy WASM web UI (open in browser): http://localhost:8080/ (WebSocket for live reload: ws://localhost:8081/)
2026-07-30 08:17:59.095 | INFO     | tracy.serve_wasm:launch_server_subprocess:294 - Tracy WASM server already serving port 8080; reusing it (live-reload refreshes the browser).
2026-07-30 08:18:00.000 | INFO     | tracy:generate_report:162 - Host side ops time report generated at /home/mvasiljevic/tt-metal/generated/profiler/.logs/tracy_ops_times.csv
2026-07-30 08:18:00.034 | INFO     | tracy:generate_report:173 - Host side ops data report generated at /home/mvasiljevic/tt-metal/generated/profiler/.logs/tracy_ops_data.csv
2026-07-30 08:18:00.034 | INFO     | tracy.process_ops_logs:import_tracy_op_logs:345 - Importing ops logs
/home/mvasiljevic/tt-metal/tools/tracy/process_ops_logs.py:450: DtypeWarning: Columns (3,4,8) have mixed types. Specify dtype option on import or set low_memory=False.
  df = pd.read_csv(tracyOpTimesLog)
2026-07-30 08:18:02.405 | INFO     | tracy.perf_counter_analysis:get_device_op_data:2140 - Getting device ops
2026-07-30 08:18:02.406 | INFO     | tracy.process_ops_logs:append_device_data:1009 - Appending device data
2026-07-30 08:18:04.968 | INFO     | tracy.process_ops_logs:generate_reports:1342 - OPs' perf analysis is finished! Generating reports ...
2026-07-30 08:18:04.968 | INFO     | tracy.process_ops_logs:generate_reports:1360 - Copying runtime artifacts
2026-07-30 08:18:05.018 | INFO     | tracy.process_ops_logs:generate_reports:1369 - Generating OPs CSV
2026-07-30 08:18:05.665 | INFO     | tracy.process_ops_logs:generate_reports:1765 - OPs csv generated at: /home/mvasiljevic/tt-metal/generated/profiler/reports/2026_07_30_08_18_04/ops_perf_results_2026_07_30_08_18_04.csv
