2026-07-30 07:44:20.673 | DEBUG    | ttnn:<module>:79 - Initial ttnn.CONFIG:
Config{cache_path=/home/mvasiljevic/.cache/ttnn,model_cache_path=/home/mvasiljevic/.cache/ttnn/models,tmp_dir=/tmp/ttnn,enable_model_cache=false,enable_fast_runtime_mode=true,throw_exception_on_fallback=false,enable_logging=false,enable_graph_report=false,enable_graph_python_stack_traces=false,enable_detailed_buffer_report=false,enable_detailed_tensor_report=false,enable_comparison_mode=false,comparison_mode_should_raise_exception=false,comparison_mode_pcc=0.9999,root_report_path=generated/ttnn/reports,report_name=std::nullopt,std::nullopt}
============================= test session starts ==============================
platform linux -- Python 3.12.13, pytest-9.0.3, pluggy-1.6.0 -- /home/mvasiljevic/tt-metal/python_env/bin/python3
cachedir: .pytest_cache
benchmark: 5.2.3 (defaults: timer=time.perf_counter disable_gc=False min_rounds=5 min_time=0.000005 max_time=1.0 calibration_precision=10 warmup=False warmup_iterations=100000)
rootdir: /home/mvasiljevic/tt-metal
configfile: pytest.ini
plugins: benchmark-5.2.3, timeout-2.4.0, anyio-4.14.2, cov-7.0.0, dash-2.15.0, split-0.11.0, github-actions-annotate-failures-0.3.0
timeout: 300.0s
timeout method: signal
timeout func_only: False
collecting ... collected 4 items / 2 deselected / 2 selected

models/autoports/microsoft_phi_3_5_mini_instruct/tests/optimized_decoder_perf.py::test_profile_traced_decode[blackhole-1-mesh_device0] 2026-07-30 07:44:22.211 | info     |          Device | Opening user mode device driver (tt_cluster.cpp:228)
2026-07-30 07:44:22.211 | info     |             UMD | Cluster constructor started. (cluster.cpp:348)
2026-07-30 07:44:22.211 | info     |             UMD | Creating TopologyDiscovery for architecture: blackhole (topology_discovery.cpp:91)
2026-07-30 07:44:22.211 | info     |             UMD | Starting topology discovery. (topology_discovery.cpp:110)
2026-07-30 07:44:22.213 | info     |             UMD | Established firmware bundle version: 19.9.0 (topology_discovery.cpp:569)
2026-07-30 07:44:22.213 | info     |             UMD | Firmware bundle version 19.9.0 on the system is newer than the latest fully tested version 19.5.0 for blackhole architecture. Newest features may not be supported. (topology_discovery.cpp:601)
2026-07-30 07:44:22.216 | info     |             UMD | Completed topology discovery. (topology_discovery.cpp:114)
2026-07-30 07:44:22.296 | info     |             UMD | Opening local chip ids/PCIe ids: {0, 1, 2, 3}/[0, 1, 2, 3] and remote chip ids {} (cluster.cpp:168)
2026-07-30 07:44:22.296 | info     |             UMD | IOMMU: enabled (cluster.cpp:142)
2026-07-30 07:44:22.296 | info     |             UMD | KMD version: 2.10.0 (cluster.cpp:145)
2026-07-30 07:44:22.296 | info     |             UMD | Cluster constructor completed. (cluster.cpp:520)
2026-07-30 07:44:22.297 | info     |             UMD | Starting devices in cluster (cluster.cpp:1024)
2026-07-30 07:44:22.518 | info     |             UMD | Starting devices in cluster completed. (cluster.cpp:1032)
--------------------------------------------------------------------------
It appears as if there is not enough space for /dev/shm/sm_segment.853faf68e2b0.6002.24b30000.0 (the shared-memory backing
file). It is likely that your MPI job will now either abort or experience
performance degradation.

  Local host:  853faf68e2b0
  Space Requested: 16777216 B
  Space Available: 17539072 B
--------------------------------------------------------------------------
2026-07-30 07:44:22.645 | DEBUG    | ttnn.device:__init__:152 - Using default dispatch core type for this system: DispatchCoreType.WORKER
2026-07-30 07:44:22.646 | DEBUG    | ttnn.device:__init__:154 - Using default dispatch core axis for this system: DispatchCoreAxis.COL
2026-07-30 07:44:22.646 | info     |     Distributed | Using auto discovery to generate mesh graph. (metal_env.cpp:367)
2026-07-30 07:44:22.646 | info     |     Distributed | Constructing control plane using auto-discovery (no mesh graph descriptor). (metal_env.cpp:429)
2026-07-30 07:44:22.646 | warning  |          Always | Unknown motherboard 'B850M-C' for chip_id=0 (bus_id=0x1) — falling back to bus_id as tray_id. Add this motherboard and its bus IDs to mobo_to_bus_ids in physical_system_discovery.cpp. (physical_system_discovery.cpp:89)
2026-07-30 07:44:22.646 | warning  |          Always | Unknown motherboard 'B850M-C' for chip_id=1 (bus_id=0x2) — falling back to bus_id as tray_id. Add this motherboard and its bus IDs to mobo_to_bus_ids in physical_system_discovery.cpp. (physical_system_discovery.cpp:89)
2026-07-30 07:44:22.646 | warning  |          Always | Unknown motherboard 'B850M-C' for chip_id=2 (bus_id=0x3) — falling back to bus_id as tray_id. Add this motherboard and its bus IDs to mobo_to_bus_ids in physical_system_discovery.cpp. (physical_system_discovery.cpp:89)
2026-07-30 07:44:22.646 | warning  |          Always | Unknown motherboard 'B850M-C' for chip_id=3 (bus_id=0x4) — falling back to bus_id as tray_id. Add this motherboard and its bus IDs to mobo_to_bus_ids in physical_system_discovery.cpp. (physical_system_discovery.cpp:89)
2026-07-30 07:44:22.646 | warning  |          Always | Unknown motherboard 'B850M-C' for chip_id=1 (bus_id=0x2) — falling back to bus_id as tray_id. Add this motherboard and its bus IDs to mobo_to_bus_ids in physical_system_discovery.cpp. (physical_system_discovery.cpp:89)
2026-07-30 07:44:22.646 | warning  |          Always | Unknown motherboard 'B850M-C' for chip_id=0 (bus_id=0x1) — falling back to bus_id as tray_id. Add this motherboard and its bus IDs to mobo_to_bus_ids in physical_system_discovery.cpp. (physical_system_discovery.cpp:89)
2026-07-30 07:44:22.646 | warning  |          Always | Unknown motherboard 'B850M-C' for chip_id=2 (bus_id=0x3) — falling back to bus_id as tray_id. Add this motherboard and its bus IDs to mobo_to_bus_ids in physical_system_discovery.cpp. (physical_system_discovery.cpp:89)
2026-07-30 07:44:22.646 | warning  |          Always | Unknown motherboard 'B850M-C' for chip_id=3 (bus_id=0x4) — falling back to bus_id as tray_id. Add this motherboard and its bus IDs to mobo_to_bus_ids in physical_system_discovery.cpp. (physical_system_discovery.cpp:89)
2026-07-30 07:44:22.646 | info     |          Fabric | Logical multi-mesh adjacency: intermesh degree histogram {0:1}; intra-mesh degree histograms mesh0 {2:4} (topology_mapper_utils.cpp:2342)
2026-07-30 07:44:22.646 | info     |          Fabric | Physical multi-mesh adjacency: intermesh degree histogram {0:1}; intra-mesh degree histograms mesh0 {2:4} (topology_mapper_utils.cpp:2350)
2026-07-30 07:44:22.651 | info     |    BuildKernels | Using pre-compiled firmware from: /home/mvasiljevic/tt-metal/tt_metal/pre-compiled/13793420398762238087/ (build_env_manager.cpp:347)
2026-07-30 07:44:22.651 | info     |    BuildKernels | Using pre-compiled firmware from: /home/mvasiljevic/tt-metal/tt_metal/pre-compiled/13793420398762238087/ (build_env_manager.cpp:347)
2026-07-30 07:44:22.651 | info     |    BuildKernels | Using pre-compiled firmware from: /home/mvasiljevic/tt-metal/tt_metal/pre-compiled/13793420398762238087/ (build_env_manager.cpp:347)
2026-07-30 07:44:22.651 | info     |    BuildKernels | Using pre-compiled firmware from: /home/mvasiljevic/tt-metal/tt_metal/pre-compiled/13793420398762238087/ (build_env_manager.cpp:347)
2026-07-30 07:44:22.679 | warning  |           Metal | Opening subset of mmio devices slows down UMD read/write to remote chips. If opening more devices, consider using CreateDevices API. (device_manager.cpp:261)
2026-07-30 07:44:22.719 | info     |           Metal | ShmResourceTracker: removed orphaned shm '/tt_device_154095680356416_memory' (shm_resource_tracker.cpp:282)
2026-07-30 07:44:23.297 | info     |           Metal | [Real-time profiler] Device 3 sync complete: 100 samples, frequency=1.349987 GHz, device_time_at_sync=99367500468234 cycles (realtime_profiler_manager.cpp:1127)
2026-07-30 07:44:23.313 | DEBUG    | conftest:mesh_device:599 - multidevice with 1 devices is created
[transformers] This model config has set a `rope_parameters['original_max_position_embeddings']` field, to be used together with `max_position_embeddings` to determine a scaling factor. Please set the `factor` field of `rope_parameters`with this ratio instead -- we recommend the use of this field over `original_max_position_embeddings`, as it is compatible with most model architectures.
2026-07-30 07:44:23.461 | warning  |              Op | ttnn::tilize: Using input shard spec for output tensor because the legacy sharded optimized program factory is being used (tilize_device_operation.cpp:151)
2026-07-30 07:44:24.313 | critical |          Always | TT_THROW: Statically allocated circular buffers on core range [0-0 - 0-0] grow to 2208512 B which is beyond max L1 size of 1572864 B (assert.hpp:104)
OPT_POLICY name=bf16_hifi4_kv16 values=OptimizationPolicy(attention_weight_dtype=DataType.BFLOAT16, gate_up_weight_dtype=DataType.BFLOAT16, down_weight_dtype=DataType.BFLOAT16, kv_cache_dtype=DataType.BFLOAT16, attention_math_fidelity=MathFidelity.HiFi4, mlp_math_fidelity=MathFidelity.HiFi4, decode_core_grid=(8, 1), qkv_in0_block_w=4, o_proj_in0_block_w=4, gate_up_in0_block_w=4, down_in0_block_w=4, gate_up_split_interleaved=True, separate_gate_up_projections=False, fused_paged_cache_update=True, explicit_decode_sdpa=True, fused_rope=True, prefill_core_grid=(8, 8), prefill_qkv_in0_block_w=2, prefill_o_proj_in0_block_w=2, prefill_gate_up_in0_block_w=2, prefill_down_in0_block_w=2, prefill_qkv_out_block_h=None, prefill_o_proj_out_block_h=None, prefill_gate_up_out_block_h=None, prefill_down_out_block_h=None, prefill_qkv_out_block_w=None, prefill_o_proj_out_block_w=None, prefill_gate_up_out_block_w=None, prefill_down_out_block_w=None)
FAILED2026-07-30 07:44:24.472 | INFO     | conftest:pytest_runtest_teardown:1140 - In custom teardown, open device ids: {0, 1, 2, 3}

models/autoports/microsoft_phi_3_5_mini_instruct/tests/optimized_decoder_perf.py::test_profile_traced_decode[blackhole-32-mesh_device0] 2026-07-30 07:44:24.694 | DEBUG    | ttnn.device:__init__:152 - Using default dispatch core type for this system: DispatchCoreType.WORKER
2026-07-30 07:44:24.695 | DEBUG    | ttnn.device:__init__:154 - Using default dispatch core axis for this system: DispatchCoreAxis.COL
2026-07-30 07:44:24.708 | info     |    BuildKernels | Using pre-compiled firmware from: /home/mvasiljevic/tt-metal/tt_metal/pre-compiled/13793420398762238087/ (build_env_manager.cpp:347)
2026-07-30 07:44:24.708 | info     |    BuildKernels | Using pre-compiled firmware from: /home/mvasiljevic/tt-metal/tt_metal/pre-compiled/13793420398762238087/ (build_env_manager.cpp:347)
2026-07-30 07:44:24.710 | info     |    BuildKernels | Using pre-compiled firmware from: /home/mvasiljevic/tt-metal/tt_metal/pre-compiled/13793420398762238087/ (build_env_manager.cpp:347)
2026-07-30 07:44:24.710 | info     |    BuildKernels | Using pre-compiled firmware from: /home/mvasiljevic/tt-metal/tt_metal/pre-compiled/13793420398762238087/ (build_env_manager.cpp:347)
2026-07-30 07:44:24.737 | warning  |           Metal | Opening subset of mmio devices slows down UMD read/write to remote chips. If opening more devices, consider using CreateDevices API. (device_manager.cpp:261)
2026-07-30 07:44:24.778 | DEBUG    | conftest:mesh_device:599 - multidevice with 1 devices is created
2026-07-30 07:44:24.918 | warning  |              Op | ttnn::tilize: Using input shard spec for output tensor because the legacy sharded optimized program factory is being used (tilize_device_operation.cpp:151)
2026-07-30 07:44:25.000 | critical |          Always | TT_THROW: Statically allocated circular buffers on core range [0-0 - 0-0] grow to 2208512 B which is beyond max L1 size of 1572864 B (assert.hpp:104)
OPT_POLICY name=bf16_hifi4_kv16 values=OptimizationPolicy(attention_weight_dtype=DataType.BFLOAT16, gate_up_weight_dtype=DataType.BFLOAT16, down_weight_dtype=DataType.BFLOAT16, kv_cache_dtype=DataType.BFLOAT16, attention_math_fidelity=MathFidelity.HiFi4, mlp_math_fidelity=MathFidelity.HiFi4, decode_core_grid=(8, 1), qkv_in0_block_w=4, o_proj_in0_block_w=4, gate_up_in0_block_w=4, down_in0_block_w=4, gate_up_split_interleaved=True, separate_gate_up_projections=False, fused_paged_cache_update=True, explicit_decode_sdpa=True, fused_rope=True, prefill_core_grid=(8, 8), prefill_qkv_in0_block_w=2, prefill_o_proj_in0_block_w=2, prefill_gate_up_in0_block_w=2, prefill_down_in0_block_w=2, prefill_qkv_out_block_h=None, prefill_o_proj_out_block_h=None, prefill_gate_up_out_block_h=None, prefill_down_out_block_h=None, prefill_qkv_out_block_w=None, prefill_o_proj_out_block_w=None, prefill_gate_up_out_block_w=None, prefill_down_out_block_w=None)
FAILED2026-07-30 07:44:25.143 | INFO     | conftest:pytest_runtest_teardown:1140 - In custom teardown, open device ids: {0, 1, 2, 3}


=================================== FAILURES ===================================
_____________ test_profile_traced_decode[blackhole-1-mesh_device0] _____________

mesh_device = MeshDevice(1x1 grid, 1 devices), batch = 1

    @pytest.mark.parametrize("mesh_device", [(1, 1)], indirect=True)
    @pytest.mark.parametrize("batch", [1, 32])
    def test_profile_traced_decode(mesh_device, batch):
        name, policy = _policy()
        config = _config()
        state = _real_state() if os.environ.get("PHI35_REAL_WEIGHTS") == "1" else _synthetic_state(config)
>       decoder = OptimizedDecoder.from_state_dict(
            state,
            hf_config=config,
            layer_idx=LAYER_IDX,
            mesh_device=mesh_device,
            batch=batch,
            max_context=128,
            policy=policy,
        )

models/autoports/microsoft_phi_3_5_mini_instruct/tests/optimized_decoder_perf.py:263:
_ _ _ _ _ _ _ _ _ _ _ _ _ _ _ _ _ _ _ _ _ _ _ _ _ _ _ _ _ _ _ _ _ _ _ _ _ _ _ _
models/autoports/microsoft_phi_3_5_mini_instruct/tt/optimized_decoder.py:349: in from_state_dict
    "gate_up": _to_device(
models/autoports/microsoft_phi_3_5_mini_instruct/tt/optimized_decoder.py:53: in _to_device
    return ttnn.from_torch(
ttnn/ttnn/decorators.py:473: in __call__
    result = self.function(*function_args, **function_kwargs)
             ^^^^^^^^^^^^^^^^^^^^^^^^^^^^^^^^^^^^^^^^^^^^^^^^
_ _ _ _ _ _ _ _ _ _ _ _ _ _ _ _ _ _ _ _ _ _ _ _ _ _ _ _ _ _ _ _ _ _ _ _ _ _ _ _

tensor = tensor([[ 1.0071e-02,  7.4863e-05,  1.7776e-03,  ...,  7.0312e-02,
          2.4261e-03, -3.3203e-02],
        [ 1.184...  [-7.5989e-03, -1.2390e-02, -6.1279e-02,  ..., -1.4099e-02,
         -7.9590e-02,  4.1992e-02]], dtype=torch.bfloat16)
dtype = DataType.BFLOAT16

    @ttnn.register_python_operation(name="ttnn.from_torch", golden_function=_golden_function)
    def from_torch(
        tensor: Optional["torch.Tensor"],
        dtype: Optional[ttnn.DataType] = None,
        *,
        spec: Optional[ttnn.TensorSpec] = None,
        tile: Optional[ttnn.Tile] = None,
        pad_value: Optional[float] = None,
        layout: Optional[ttnn.Layout] = None,
        device: Optional[ttnn.MeshDevice] = None,
        memory_config: Optional[ttnn.MemoryConfig] = None,
        mesh_mapper: Optional[ttnn.CppTensorToMesh | ttnn.ReplicateTensorToMeshWrapper] = None,
        cq_id: Optional[int] = None,
        preserve_nan_values: bool = False,
        col_tilize: bool = False,
        enable_bfloat_opt: bool = False,
    ) -> Optional[ttnn.Tensor]:
        """
        Converts the `torch.Tensor` tensor into a `ttnn.Tensor`. If `tensor` is `None`, the function returns `None`.

        For bfloat8_b or bfloat4_b format, the function itself is called twice,
        first call runs in bfloat16 format, and calls to_layout to convert from row_major layout to tile layout (for padding purpose in case input
        is not tile padded). Second call runs in desired format and does not call to_layout for bfloat8_b or bfloat4_b as we now convert
        to tile layout during tensor creation (ttnn.Tensor).

        Args:
            tensor (torch.Tensor | None): the input tensor. If `tensor` is `None`, the function returns `None`.
            dtype (ttnn.DataType, optional): the desired `ttnn` data type. Defaults to `None`.

        Keyword Args:
            spec (ttnn.TensorSpec, optional): the desired `ttnn` tensor spec. Defaults to `None`.
            tile (ttnn.Tile, optional): the desired tiling configuration for the tensor. Defaults to `None`.
            pad_value (float, optional): the desired padding value for tiling. Only used if `layout` is `TILE_LAYOUT`. Defaults to `None`.
            layout (ttnn.Layout, optional): the desired `ttnn` layout. Defaults to `ttnn.ROW_MAJOR_LAYOUT`.
            device (ttnn.MeshDevice, optional): the desired `ttnn` device. Defaults to `None`.
            memory_config (ttnn.MemoryConfig, optional): The desired `ttnn` memory configuration. Defaults to `None`.
            mesh_mapper (ttnn.TensorToMesh, optional): The desired `ttnn` mesh mapper. Defaults to `None`.
            cq_id (int, optional): The command queue ID to use. Defaults to `0`.
            col_tilize (bool, optional): If True, transpose the last two dimensions of the tensor in host
                memory (float32) before BFP tile encoding.  In BFP format one exponent byte is shared
                across 16 consecutive datums within a tile face row; transposing before packing redirects
                that sharing onto the column dimension of the original tensor.  The returned tensor has
                shape (..., N, K) instead of (..., K, N).  This transpose is applied to the raw float32
                host data and is unrelated to Tile-level transpose flags (transpose_within_face /
                transpose_of_faces).  Requires dtype bfloat8_b or bfloat4_b, tensor.ndim >= 2, spec=None.
                Defaults to `False`.
            enable_bfloat_opt (bool, optional): If True, use a fast bf4/8 dtype conversion on the device, but with precision loss due to hw rounding rules. Defaults to `False`.

        Returns:
            ttnn.Tensor | None: A `ttnn.Tensor` created from the input `torch.Tensor`, or `None` if `tensor` is `None`.
        """

        if tensor is None:
            return None

        if col_tilize:
            if spec is not None:
                raise RuntimeError("ttnn.from_torch: col_tilize=True is not supported with spec")
            if dtype not in (ttnn.bfloat8_b, ttnn.bfloat4_b):
                raise RuntimeError("ttnn.from_torch: col_tilize=True requires BFP dtype (bfloat8_b or bfloat4_b)")
            if tensor.ndim < 2:
                raise RuntimeError("ttnn.from_torch: col_tilize=True requires tensor.ndim >= 2")
            if layout is not None and layout is not ttnn.TILE_LAYOUT:
                raise RuntimeError("ttnn.from_torch: col_tilize=True requires layout to be None or ttnn.TILE_LAYOUT")

        if spec is not None:
            if spec.shape != tensor.shape:
                raise RuntimeError(
                    f"ttnn.from_torch: spec shape {spec.shape} must be the same as tensor shape {tensor.shape}"
                )
            if dtype is not None:
                raise RuntimeError("ttnn.from_torch: dtype must be None when spec is specified")
            if layout is not None:
                raise RuntimeError("ttnn.from_torch: layout must be None when spec is specified")
            if memory_config is not None:
                raise RuntimeError("ttnn.from_torch: memory_config must be None when spec is specified")
            if tile is not None:
                raise RuntimeError("ttnn.from_torch: tile must be None when spec is specified")

            dtype = spec.dtype
            layout = spec.layout
            memory_config = spec.memory_config
            tile = spec.tile

        if memory_config is not None and memory_config.is_sharded():
            if memory_config.shard_spec is None and memory_config.nd_shard_spec is None:
                raise RuntimeError("ttnn.from_torch: Shard spec must not be None for sharded tensors")

        import torch
        import numpy as np

        if isinstance(tensor, np.ndarray):
            # We use bf16 as an intermediate type between types unsupported by ttnn (e.g., int64)
            # and types unsupported by Torch/NumPy (e.g., bfloat8).
            # This allows type conversion: int64 -> bf16 -> bf8/4.
            # NumPy does not support bfloat16, so we use a Torch tensor instead.
            # float32 as an intermediate type is not used due to limited amount of L1 memory.
            tensor = torch.from_numpy(tensor)

        # FP8_E4M3 host-side construction is narrowed to float32 input only. The FLOAT32 -> FP8_E4M3
        # path is wired up in transform_buffers via static_cast<float8_e4m3>; other source dtypes
        # either fail at the dlpack importer (torch.float8_e4m3fn, code 10 not yet handled) or hit
        # "FP8_E4M3 cross-type conversion is only supported to/from FLOAT32" deeper in to_dtype.
        # The float32 path is supported for unit tests.
        fp8_target = dtype == ttnn.DataType.FP8_E4M3 or (spec is not None and spec.dtype == ttnn.DataType.FP8_E4M3)
        if fp8_target and tensor.dtype != torch.float32:
            raise RuntimeError(
                f"ttnn.from_torch: source dtype {tensor.dtype} is not supported when target is "
                "ttnn.fp8_e4m3; only float32 input is supported. Cast to torch.float32 first."
            )

>       return ttnn.Tensor(
            tensor=tensor,
            data_type=dtype,
            device=device,
            layout=layout,
            mem_config=memory_config,
            tile=tile,
            cq_id=cq_id,
            pad_value=pad_value,
            mesh_mapper=mesh_mapper.unwrap() if isinstance(mesh_mapper, ttnn.ReplicateTensorToMeshWrapper) else mesh_mapper,
            preserve_nan_values=preserve_nan_values,
            col_tilize=col_tilize,
            enable_bfloat_opt=enable_bfloat_opt,
        )
E       RuntimeError: TT_THROW @ /home/mvasiljevic/tt-metal/tt_metal/impl/program/program.cpp:1492: tt::exception
E       info:
E       Statically allocated circular buffers on core range [0-0 - 0-0] grow to 2208512 B which is beyond max L1 size of 1572864 B
E       backtrace:
E        --- /home/mvasiljevic/tt-metal/build_Release/lib/_ttnncpp.so(+0x164e4ca) [0x73aa68c4e4ca]
E        --- tt::tt_metal::detail::ProgramImpl::validate_circular_buffer_region(tt::tt_metal::IDevice const*)
E        --- tt::tt_metal::distributed::MeshWorkloadImpl::compile(tt::tt_metal::distributed::MeshDevice*)
E        --- tt::tt_metal::distributed::EnqueueMeshWorkload(tt::tt_metal::distributed::MeshCommandQueue&, tt::tt_metal::distributed::MeshWorkload&, bool)
E        --- /home/mvasiljevic/tt-metal/build_Release/lib/_ttnncpp.so(_ZN4ttnn16device_operation6detail21enqueue_mesh_workloadITkNS0_36DeviceOperationWithMeshDeviceAdapterENS0_26MeshDeviceOperationAdapterINS_4prim21TilizeDeviceOperationEEEEEvRKNT_22operation_attributes_tERKNS7_13tensor_args_tERNS7_21tensor_return_value_tEPN2tt8tt_metal11distributed10MeshDeviceERNSI_12MeshWorkloadEb+0x33e) [0x73aa6819b34e]
E        --- /home/mvasiljevic/tt-metal/build_Release/lib/_ttnncpp.so(+0xba0654) [0x73aa681a0654]
E        --- /home/mvasiljevic/tt-metal/build_Release/lib/_ttnncpp.so(_ZN4ttnn16device_operation6detail30create_and_cache_mesh_workloadITkNS0_22DeviceOperationConceptENS0_26MeshDeviceOperationAdapterINS_4prim21TilizeDeviceOperationEEEEEvRKNT_22operation_attributes_tERKNS7_13tensor_args_tERNS7_21tensor_return_value_tEPN2tt8tt_metal11distributed10MeshDeviceERNSH_13program_cache6detail12ProgramCacheERKNSM_15ProgramCacheKeyE+0x83) [0x73aa6819a0d3]
E        --- /home/mvasiljevic/tt-metal/build_Release/lib/_ttnncpp.so(_ZN4ttnn16device_operation6detail29launch_operation_with_adapterITkNS0_36DeviceOperationWithMeshDeviceAdapterENS0_26MeshDeviceOperationAdapterINS_4prim21TilizeDeviceOperationEEEEEvRKNT_22operation_attributes_tERKNS7_13tensor_args_tERNS7_21tensor_return_value_tEPN2tt8tt_metal11distributed10MeshDeviceE+0x22e) [0x73aa68198e8e]
E        --- /home/mvasiljevic/tt-metal/build_Release/lib/_ttnncpp.so(_ZN4ttnn16device_operation6detail6launchITkNS0_22DeviceOperationConceptENS_4prim21TilizeDeviceOperationEEENT_21tensor_return_value_tERKNS5_22operation_attributes_tERKNS5_13tensor_args_tE+0x2d3) [0x73aa681981c3]
E        --- ttnn::prim::tilize(tt::tt_metal::Tensor const&, std::optional<tt::tt_metal::MemoryConfig> const&, std::optional<tt::tt_metal::DataType> const&, bool, bool, bool, bool, std::optional<tt::tt_metal::CoreRangeSet> const&)
E        --- /home/mvasiljevic/tt-metal/build_Release/lib/_ttnncpp.so(+0xb97cc0) [0x73aa68197cc0]
E        --- /home/mvasiljevic/tt-metal/build_Release/lib/_ttnncpp.so(+0xb0d39b) [0x73aa6810d39b]
E        --- ttnn::tilize(tt::tt_metal::Tensor const&, std::optional<tt::tt_metal::MemoryConfig> const&, std::optional<tt::tt_metal::DataType>, bool, bool, std::optional<tt::tt_metal::CoreRangeSet> const&)
E        --- /home/mvasiljevic/tt-metal/build_Release/lib/_ttnncpp.so(+0xad0153) [0x73aa680d0153]
E        --- ttnn::to_layout(tt::tt_metal::Tensor const&, tt::tt_metal::Layout, std::optional<tt::tt_metal::DataType> const&, std::optional<tt::tt_metal::MemoryConfig> const&, std::optional<tt::tt_metal::CoreRangeSet> const&, float)
E        --- /home/mvasiljevic/tt-metal/build_Release/lib/_ttnncpp.so(+0x755007) [0x73aa67d55007]
E        --- /home/mvasiljevic/tt-metal/build_Release/lib/_ttnncpp.so(_ZN4ttnn34convert_python_tensor_to_tt_tensorERKN2tt8tt_metal5ShapeENS1_8DataTypeENS1_6LayoutERKSt8optionalINS1_4TileEERKNS1_12MemoryConfigENS_7PyDTypeERKSt8functionIFNS1_10HostBufferES5_EES7_IPNS1_11distributed10MeshDeviceEES7_IN4ttsl10StrongTypeIhNS1_10QueueIdTagEEEEPKNS_11distributed12TensorToMeshES7_IfEbbb+0xdfe) [0x73aa67d523ae]
E        --- /home/mvasiljevic/tt-metal/ttnn/ttnn/_ttnn.so(+0x3c2b28) [0x73aa697c2b28]
E        --- /home/mvasiljevic/tt-metal/ttnn/ttnn/_ttnn.so(+0x3c2729) [0x73aa697c2729]
E        --- /home/mvasiljevic/tt-metal/ttnn/ttnn/_ttnn.so(+0x315575) [0x73aa69715575]
E        --- /home/mvasiljevic/tt-metal/ttnn/ttnn/_ttnn.so(+0x31b305) [0x73aa6971b305]
E        --- /home/mvasiljevic/tt-metal/python_env/bin/python3(_PyEval_EvalFrameDefault+0x3133) [0x1816073]
E        --- /home/mvasiljevic/tt-metal/python_env/bin/python3() [0x1abbf62]
E        --- /home/mvasiljevic/tt-metal/python_env/bin/python3() [0x1891e9a]
E        --- /home/mvasiljevic/tt-metal/python_env/bin/python3(_PyEval_EvalFrameDefault+0x2fa8) [0x1815ee8]
E        --- /home/mvasiljevic/tt-metal/python_env/bin/python3() [0x1abbf62]
E        --- /home/mvasiljevic/tt-metal/python_env/bin/python3() [0x1891e9a]
E        --- /home/mvasiljevic/tt-metal/python_env/bin/python3(_PyEval_EvalFrameDefault+0x2fa8) [0x1815ee8]
E        --- /home/mvasiljevic/tt-metal/python_env/bin/python3() [0x1abbf62]
E        --- /home/mvasiljevic/tt-metal/python_env/bin/python3() [0x1891e9a]
E        --- /home/mvasiljevic/tt-metal/python_env/bin/python3(_PyEval_EvalFrameDefault+0x6582) [0x18194c2]
E        --- /home/mvasiljevic/tt-metal/python_env/bin/python3() [0x1abbf62]
E        --- /home/mvasiljevic/tt-metal/python_env/bin/python3() [0x1891e9a]
E        --- /home/mvasiljevic/tt-metal/python_env/bin/python3(_PyEval_EvalFrameDefault+0x2fa8) [0x1815ee8]
E        --- /home/mvasiljevic/tt-metal/python_env/bin/python3() [0x1abbf62]
E        --- /home/mvasiljevic/tt-metal/python_env/bin/python3() [0x1891e9a]
E        --- /home/mvasiljevic/tt-metal/python_env/bin/python3(_PyEval_EvalFrameDefault+0x2fa8) [0x1815ee8]
E        --- /home/mvasiljevic/tt-metal/python_env/bin/python3() [0x1abbf62]
E        --- /home/mvasiljevic/tt-metal/python_env/bin/python3() [0x1891e9a]
E        --- /home/mvasiljevic/tt-metal/python_env/bin/python3(_PyEval_EvalFrameDefault+0x2fa8) [0x1815ee8]
E        --- /home/mvasiljevic/tt-metal/python_env/bin/python3(PyEval_EvalCode+0xde) [0x1897ea0]
E        --- /home/mvasiljevic/tt-metal/python_env/bin/python3() [0x18ac109]
E        --- /home/mvasiljevic/tt-metal/python_env/bin/python3() [0x1a2f8c5]
E        --- /home/mvasiljevic/tt-metal/python_env/bin/python3(_PyRun_SimpleFileObject+0x106) [0x1a2f686]
E        --- /home/mvasiljevic/tt-metal/python_env/bin/python3(_PyRun_AnyFileObject+0x4a) [0x1a2f40a]
E        --- /home/mvasiljevic/tt-metal/python_env/bin/python3() [0x1a2f390]
E        --- /home/mvasiljevic/tt-metal/python_env/bin/python3() [0x1a2f29d]
E        --- /home/mvasiljevic/tt-metal/python_env/bin/python3() [0x1ae2ca3]
E        --- /home/mvasiljevic/tt-metal/python_env/bin/python3() [0x198c198]
E        --- /home/mvasiljevic/tt-metal/python_env/bin/python3() [0x198bfac]
E        --- /lib/x86_64-linux-gnu/libc.so.6(+0x2a1ca) [0x73aaaf9241ca]
E        --- /lib/x86_64-linux-gnu/libc.so.6(__libc_start_main+0x8b) [0x73aaaf92428b]
E        --- /home/mvasiljevic/tt-metal/python_env/bin/python3(_start+0x29) [0x19a9269]

ttnn/ttnn/operations/core.py:352: RuntimeError
____________ test_profile_traced_decode[blackhole-32-mesh_device0] _____________

mesh_device = MeshDevice(1x1 grid, 1 devices), batch = 32

    @pytest.mark.parametrize("mesh_device", [(1, 1)], indirect=True)
    @pytest.mark.parametrize("batch", [1, 32])
    def test_profile_traced_decode(mesh_device, batch):
        name, policy = _policy()
        config = _config()
        state = _real_state() if os.environ.get("PHI35_REAL_WEIGHTS") == "1" else _synthetic_state(config)
>       decoder = OptimizedDecoder.from_state_dict(
            state,
            hf_config=config,
            layer_idx=LAYER_IDX,
            mesh_device=mesh_device,
            batch=batch,
            max_context=128,
            policy=policy,
        )

models/autoports/microsoft_phi_3_5_mini_instruct/tests/optimized_decoder_perf.py:263:
_ _ _ _ _ _ _ _ _ _ _ _ _ _ _ _ _ _ _ _ _ _ _ _ _ _ _ _ _ _ _ _ _ _ _ _ _ _ _ _
models/autoports/microsoft_phi_3_5_mini_instruct/tt/optimized_decoder.py:349: in from_state_dict
    "gate_up": _to_device(
models/autoports/microsoft_phi_3_5_mini_instruct/tt/optimized_decoder.py:53: in _to_device
    return ttnn.from_torch(
ttnn/ttnn/decorators.py:473: in __call__
    result = self.function(*function_args, **function_kwargs)
             ^^^^^^^^^^^^^^^^^^^^^^^^^^^^^^^^^^^^^^^^^^^^^^^^
_ _ _ _ _ _ _ _ _ _ _ _ _ _ _ _ _ _ _ _ _ _ _ _ _ _ _ _ _ _ _ _ _ _ _ _ _ _ _ _

tensor = tensor([[ 1.0071e-02,  7.4863e-05,  1.7776e-03,  ...,  7.0312e-02,
          2.4261e-03, -3.3203e-02],
        [ 1.184...  [-7.5989e-03, -1.2390e-02, -6.1279e-02,  ..., -1.4099e-02,
         -7.9590e-02,  4.1992e-02]], dtype=torch.bfloat16)
dtype = DataType.BFLOAT16

    @ttnn.register_python_operation(name="ttnn.from_torch", golden_function=_golden_function)
    def from_torch(
        tensor: Optional["torch.Tensor"],
        dtype: Optional[ttnn.DataType] = None,
        *,
        spec: Optional[ttnn.TensorSpec] = None,
        tile: Optional[ttnn.Tile] = None,
        pad_value: Optional[float] = None,
        layout: Optional[ttnn.Layout] = None,
        device: Optional[ttnn.MeshDevice] = None,
        memory_config: Optional[ttnn.MemoryConfig] = None,
        mesh_mapper: Optional[ttnn.CppTensorToMesh | ttnn.ReplicateTensorToMeshWrapper] = None,
        cq_id: Optional[int] = None,
        preserve_nan_values: bool = False,
        col_tilize: bool = False,
        enable_bfloat_opt: bool = False,
    ) -> Optional[ttnn.Tensor]:
        """
        Converts the `torch.Tensor` tensor into a `ttnn.Tensor`. If `tensor` is `None`, the function returns `None`.

        For bfloat8_b or bfloat4_b format, the function itself is called twice,
        first call runs in bfloat16 format, and calls to_layout to convert from row_major layout to tile layout (for padding purpose in case input
        is not tile padded). Second call runs in desired format and does not call to_layout for bfloat8_b or bfloat4_b as we now convert
        to tile layout during tensor creation (ttnn.Tensor).

        Args:
            tensor (torch.Tensor | None): the input tensor. If `tensor` is `None`, the function returns `None`.
            dtype (ttnn.DataType, optional): the desired `ttnn` data type. Defaults to `None`.

        Keyword Args:
            spec (ttnn.TensorSpec, optional): the desired `ttnn` tensor spec. Defaults to `None`.
            tile (ttnn.Tile, optional): the desired tiling configuration for the tensor. Defaults to `None`.
            pad_value (float, optional): the desired padding value for tiling. Only used if `layout` is `TILE_LAYOUT`. Defaults to `None`.
            layout (ttnn.Layout, optional): the desired `ttnn` layout. Defaults to `ttnn.ROW_MAJOR_LAYOUT`.
            device (ttnn.MeshDevice, optional): the desired `ttnn` device. Defaults to `None`.
            memory_config (ttnn.MemoryConfig, optional): The desired `ttnn` memory configuration. Defaults to `None`.
            mesh_mapper (ttnn.TensorToMesh, optional): The desired `ttnn` mesh mapper. Defaults to `None`.
            cq_id (int, optional): The command queue ID to use. Defaults to `0`.
            col_tilize (bool, optional): If True, transpose the last two dimensions of the tensor in host
                memory (float32) before BFP tile encoding.  In BFP format one exponent byte is shared
                across 16 consecutive datums within a tile face row; transposing before packing redirects
                that sharing onto the column dimension of the original tensor.  The returned tensor has
                shape (..., N, K) instead of (..., K, N).  This transpose is applied to the raw float32
                host data and is unrelated to Tile-level transpose flags (transpose_within_face /
                transpose_of_faces).  Requires dtype bfloat8_b or bfloat4_b, tensor.ndim >= 2, spec=None.
                Defaults to `False`.
            enable_bfloat_opt (bool, optional): If True, use a fast bf4/8 dtype conversion on the device, but with precision loss due to hw rounding rules. Defaults to `False`.

        Returns:
            ttnn.Tensor | None: A `ttnn.Tensor` created from the input `torch.Tensor`, or `None` if `tensor` is `None`.
        """

        if tensor is None:
            return None

        if col_tilize:
            if spec is not None:
                raise RuntimeError("ttnn.from_torch: col_tilize=True is not supported with spec")
            if dtype not in (ttnn.bfloat8_b, ttnn.bfloat4_b):
                raise RuntimeError("ttnn.from_torch: col_tilize=True requires BFP dtype (bfloat8_b or bfloat4_b)")
            if tensor.ndim < 2:
                raise RuntimeError("ttnn.from_torch: col_tilize=True requires tensor.ndim >= 2")
            if layout is not None and layout is not ttnn.TILE_LAYOUT:
                raise RuntimeError("ttnn.from_torch: col_tilize=True requires layout to be None or ttnn.TILE_LAYOUT")

        if spec is not None:
            if spec.shape != tensor.shape:
                raise RuntimeError(
                    f"ttnn.from_torch: spec shape {spec.shape} must be the same as tensor shape {tensor.shape}"
                )
            if dtype is not None:
                raise RuntimeError("ttnn.from_torch: dtype must be None when spec is specified")
            if layout is not None:
                raise RuntimeError("ttnn.from_torch: layout must be None when spec is specified")
            if memory_config is not None:
                raise RuntimeError("ttnn.from_torch: memory_config must be None when spec is specified")
            if tile is not None:
                raise RuntimeError("ttnn.from_torch: tile must be None when spec is specified")

            dtype = spec.dtype
            layout = spec.layout
            memory_config = spec.memory_config
            tile = spec.tile

        if memory_config is not None and memory_config.is_sharded():
            if memory_config.shard_spec is None and memory_config.nd_shard_spec is None:
                raise RuntimeError("ttnn.from_torch: Shard spec must not be None for sharded tensors")

        import torch
        import numpy as np

        if isinstance(tensor, np.ndarray):
            # We use bf16 as an intermediate type between types unsupported by ttnn (e.g., int64)
            # and types unsupported by Torch/NumPy (e.g., bfloat8).
            # This allows type conversion: int64 -> bf16 -> bf8/4.
            # NumPy does not support bfloat16, so we use a Torch tensor instead.
            # float32 as an intermediate type is not used due to limited amount of L1 memory.
            tensor = torch.from_numpy(tensor)

        # FP8_E4M3 host-side construction is narrowed to float32 input only. The FLOAT32 -> FP8_E4M3
        # path is wired up in transform_buffers via static_cast<float8_e4m3>; other source dtypes
        # either fail at the dlpack importer (torch.float8_e4m3fn, code 10 not yet handled) or hit
        # "FP8_E4M3 cross-type conversion is only supported to/from FLOAT32" deeper in to_dtype.
        # The float32 path is supported for unit tests.
        fp8_target = dtype == ttnn.DataType.FP8_E4M3 or (spec is not None and spec.dtype == ttnn.DataType.FP8_E4M3)
        if fp8_target and tensor.dtype != torch.float32:
            raise RuntimeError(
                f"ttnn.from_torch: source dtype {tensor.dtype} is not supported when target is "
                "ttnn.fp8_e4m3; only float32 input is supported. Cast to torch.float32 first."
            )

>       return ttnn.Tensor(
            tensor=tensor,
            data_type=dtype,
            device=device,
            layout=layout,
            mem_config=memory_config,
            tile=tile,
            cq_id=cq_id,
            pad_value=pad_value,
            mesh_mapper=mesh_mapper.unwrap() if isinstance(mesh_mapper, ttnn.ReplicateTensorToMeshWrapper) else mesh_mapper,
            preserve_nan_values=preserve_nan_values,
            col_tilize=col_tilize,
            enable_bfloat_opt=enable_bfloat_opt,
        )
E       RuntimeError: TT_THROW @ /home/mvasiljevic/tt-metal/tt_metal/impl/program/program.cpp:1492: tt::exception
E       info:
E       Statically allocated circular buffers on core range [0-0 - 0-0] grow to 2208512 B which is beyond max L1 size of 1572864 B
E       backtrace:
E        --- /home/mvasiljevic/tt-metal/build_Release/lib/_ttnncpp.so(+0x164e4ca) [0x73aa68c4e4ca]
E        --- tt::tt_metal::detail::ProgramImpl::validate_circular_buffer_region(tt::tt_metal::IDevice const*)
E        --- tt::tt_metal::distributed::MeshWorkloadImpl::compile(tt::tt_metal::distributed::MeshDevice*)
E        --- tt::tt_metal::distributed::EnqueueMeshWorkload(tt::tt_metal::distributed::MeshCommandQueue&, tt::tt_metal::distributed::MeshWorkload&, bool)
E        --- /home/mvasiljevic/tt-metal/build_Release/lib/_ttnncpp.so(_ZN4ttnn16device_operation6detail21enqueue_mesh_workloadITkNS0_36DeviceOperationWithMeshDeviceAdapterENS0_26MeshDeviceOperationAdapterINS_4prim21TilizeDeviceOperationEEEEEvRKNT_22operation_attributes_tERKNS7_13tensor_args_tERNS7_21tensor_return_value_tEPN2tt8tt_metal11distributed10MeshDeviceERNSI_12MeshWorkloadEb+0x33e) [0x73aa6819b34e]
E        --- /home/mvasiljevic/tt-metal/build_Release/lib/_ttnncpp.so(+0xba0654) [0x73aa681a0654]
E        --- /home/mvasiljevic/tt-metal/build_Release/lib/_ttnncpp.so(_ZN4ttnn16device_operation6detail30create_and_cache_mesh_workloadITkNS0_22DeviceOperationConceptENS0_26MeshDeviceOperationAdapterINS_4prim21TilizeDeviceOperationEEEEEvRKNT_22operation_attributes_tERKNS7_13tensor_args_tERNS7_21tensor_return_value_tEPN2tt8tt_metal11distributed10MeshDeviceERNSH_13program_cache6detail12ProgramCacheERKNSM_15ProgramCacheKeyE+0x83) [0x73aa6819a0d3]
E        --- /home/mvasiljevic/tt-metal/build_Release/lib/_ttnncpp.so(_ZN4ttnn16device_operation6detail29launch_operation_with_adapterITkNS0_36DeviceOperationWithMeshDeviceAdapterENS0_26MeshDeviceOperationAdapterINS_4prim21TilizeDeviceOperationEEEEEvRKNT_22operation_attributes_tERKNS7_13tensor_args_tERNS7_21tensor_return_value_tEPN2tt8tt_metal11distributed10MeshDeviceE+0x22e) [0x73aa68198e8e]
E        --- /home/mvasiljevic/tt-metal/build_Release/lib/_ttnncpp.so(_ZN4ttnn16device_operation6detail6launchITkNS0_22DeviceOperationConceptENS_4prim21TilizeDeviceOperationEEENT_21tensor_return_value_tERKNS5_22operation_attributes_tERKNS5_13tensor_args_tE+0x2d3) [0x73aa681981c3]
E        --- ttnn::prim::tilize(tt::tt_metal::Tensor const&, std::optional<tt::tt_metal::MemoryConfig> const&, std::optional<tt::tt_metal::DataType> const&, bool, bool, bool, bool, std::optional<tt::tt_metal::CoreRangeSet> const&)
E        --- /home/mvasiljevic/tt-metal/build_Release/lib/_ttnncpp.so(+0xb97cc0) [0x73aa68197cc0]
E        --- /home/mvasiljevic/tt-metal/build_Release/lib/_ttnncpp.so(+0xb0d39b) [0x73aa6810d39b]
E        --- ttnn::tilize(tt::tt_metal::Tensor const&, std::optional<tt::tt_metal::MemoryConfig> const&, std::optional<tt::tt_metal::DataType>, bool, bool, std::optional<tt::tt_metal::CoreRangeSet> const&)
E        --- /home/mvasiljevic/tt-metal/build_Release/lib/_ttnncpp.so(+0xad0153) [0x73aa680d0153]
E        --- ttnn::to_layout(tt::tt_metal::Tensor const&, tt::tt_metal::Layout, std::optional<tt::tt_metal::DataType> const&, std::optional<tt::tt_metal::MemoryConfig> const&, std::optional<tt::tt_metal::CoreRangeSet> const&, float)
E        --- /home/mvasiljevic/tt-metal/build_Release/lib/_ttnncpp.so(+0x755007) [0x73aa67d55007]
E        --- /home/mvasiljevic/tt-metal/build_Release/lib/_ttnncpp.so(_ZN4ttnn34convert_python_tensor_to_tt_tensorERKN2tt8tt_metal5ShapeENS1_8DataTypeENS1_6LayoutERKSt8optionalINS1_4TileEERKNS1_12MemoryConfigENS_7PyDTypeERKSt8functionIFNS1_10HostBufferES5_EES7_IPNS1_11distributed10MeshDeviceEES7_IN4ttsl10StrongTypeIhNS1_10QueueIdTagEEEEPKNS_11distributed12TensorToMeshES7_IfEbbb+0xdfe) [0x73aa67d523ae]
E        --- /home/mvasiljevic/tt-metal/ttnn/ttnn/_ttnn.so(+0x3c2b28) [0x73aa697c2b28]
E        --- /home/mvasiljevic/tt-metal/ttnn/ttnn/_ttnn.so(+0x3c2729) [0x73aa697c2729]
E        --- /home/mvasiljevic/tt-metal/ttnn/ttnn/_ttnn.so(+0x315575) [0x73aa69715575]
E        --- /home/mvasiljevic/tt-metal/ttnn/ttnn/_ttnn.so(+0x31b305) [0x73aa6971b305]
E        --- /home/mvasiljevic/tt-metal/python_env/bin/python3(_PyEval_EvalFrameDefault+0x3133) [0x1816073]
E        --- /home/mvasiljevic/tt-metal/python_env/bin/python3() [0x1abbf62]
E        --- /home/mvasiljevic/tt-metal/python_env/bin/python3() [0x1891e9a]
E        --- /home/mvasiljevic/tt-metal/python_env/bin/python3(_PyEval_EvalFrameDefault+0x2fa8) [0x1815ee8]
E        --- /home/mvasiljevic/tt-metal/python_env/bin/python3() [0x1abbf62]
E        --- /home/mvasiljevic/tt-metal/python_env/bin/python3() [0x1891e9a]
E        --- /home/mvasiljevic/tt-metal/python_env/bin/python3(_PyEval_EvalFrameDefault+0x2fa8) [0x1815ee8]
E        --- /home/mvasiljevic/tt-metal/python_env/bin/python3() [0x1abbf62]
E        --- /home/mvasiljevic/tt-metal/python_env/bin/python3() [0x1891e9a]
E        --- /home/mvasiljevic/tt-metal/python_env/bin/python3(_PyEval_EvalFrameDefault+0x6582) [0x18194c2]
E        --- /home/mvasiljevic/tt-metal/python_env/bin/python3() [0x1abbf62]
E        --- /home/mvasiljevic/tt-metal/python_env/bin/python3() [0x1891e9a]
E        --- /home/mvasiljevic/tt-metal/python_env/bin/python3(_PyEval_EvalFrameDefault+0x2fa8) [0x1815ee8]
E        --- /home/mvasiljevic/tt-metal/python_env/bin/python3() [0x1abbf62]
E        --- /home/mvasiljevic/tt-metal/python_env/bin/python3() [0x1891e9a]
E        --- /home/mvasiljevic/tt-metal/python_env/bin/python3(_PyEval_EvalFrameDefault+0x2fa8) [0x1815ee8]
E        --- /home/mvasiljevic/tt-metal/python_env/bin/python3() [0x1abbf62]
E        --- /home/mvasiljevic/tt-metal/python_env/bin/python3() [0x1891e9a]
E        --- /home/mvasiljevic/tt-metal/python_env/bin/python3(_PyEval_EvalFrameDefault+0x2fa8) [0x1815ee8]
E        --- /home/mvasiljevic/tt-metal/python_env/bin/python3(PyEval_EvalCode+0xde) [0x1897ea0]
E        --- /home/mvasiljevic/tt-metal/python_env/bin/python3() [0x18ac109]
E        --- /home/mvasiljevic/tt-metal/python_env/bin/python3() [0x1a2f8c5]
E        --- /home/mvasiljevic/tt-metal/python_env/bin/python3(_PyRun_SimpleFileObject+0x106) [0x1a2f686]
E        --- /home/mvasiljevic/tt-metal/python_env/bin/python3(_PyRun_AnyFileObject+0x4a) [0x1a2f40a]
E        --- /home/mvasiljevic/tt-metal/python_env/bin/python3() [0x1a2f390]
E        --- /home/mvasiljevic/tt-metal/python_env/bin/python3() [0x1a2f29d]
E        --- /home/mvasiljevic/tt-metal/python_env/bin/python3() [0x1ae2ca3]
E        --- /home/mvasiljevic/tt-metal/python_env/bin/python3() [0x198c198]
E        --- /home/mvasiljevic/tt-metal/python_env/bin/python3() [0x198bfac]
E        --- /lib/x86_64-linux-gnu/libc.so.6(+0x2a1ca) [0x73aaaf9241ca]
E        --- /lib/x86_64-linux-gnu/libc.so.6(__libc_start_main+0x8b) [0x73aaaf92428b]
E        --- /home/mvasiljevic/tt-metal/python_env/bin/python3(_start+0x29) [0x19a9269]

ttnn/ttnn/operations/core.py:352: RuntimeError
- generated xml file: /home/mvasiljevic/tt-metal/generated/test_reports/most_recent_tests.xml -
============================== slowest durations ===============================
1.31s setup    models/autoports/microsoft_phi_3_5_mini_instruct/tests/optimized_decoder_perf.py::test_profile_traced_decode[blackhole-1-mesh_device0]
1.00s call     models/autoports/microsoft_phi_3_5_mini_instruct/tests/optimized_decoder_perf.py::test_profile_traced_decode[blackhole-1-mesh_device0]
0.31s setup    models/autoports/microsoft_phi_3_5_mini_instruct/tests/optimized_decoder_perf.py::test_profile_traced_decode[blackhole-32-mesh_device0]
0.22s call     models/autoports/microsoft_phi_3_5_mini_instruct/tests/optimized_decoder_perf.py::test_profile_traced_decode[blackhole-32-mesh_device0]
0.12s teardown models/autoports/microsoft_phi_3_5_mini_instruct/tests/optimized_decoder_perf.py::test_profile_traced_decode[blackhole-32-mesh_device0]
0.11s teardown models/autoports/microsoft_phi_3_5_mini_instruct/tests/optimized_decoder_perf.py::test_profile_traced_decode[blackhole-1-mesh_device0]
=========================== short test summary info ============================
FAILED models/autoports/microsoft_phi_3_5_mini_instruct/tests/optimized_decoder_perf.py::test_profile_traced_decode[blackhole-1-mesh_device0]
FAILED models/autoports/microsoft_phi_3_5_mini_instruct/tests/optimized_decoder_perf.py::test_profile_traced_decode[blackhole-32-mesh_device0]
======================= 2 failed, 2 deselected in 3.80s ========================
nanobind: leaked 2 instances!
 - leaked instance 0x73aa1c210768 of type "ttnn._ttnn.tensor.CoreRangeSet"
 - leaked instance 0x73aa1bc144c8 of type "ttnn._ttnn.tensor.MemoryConfig"
nanobind: leaked 20 types!
 - leaked type "ttnn._ttnn.operations.matmul.MatmulMultiCoreReuseMultiCast1DProgramConfig"
 - leaked type "ttnn._ttnn.operations.matmul.MatmulInputs"
 - leaked type "ttnn._ttnn.operations.matmul.MatmulMultiCoreReuseMultiCastBatchedDRAMShardedProgramConfig"
 - leaked type "BufferType"
 - leaked type "UnaryOpType"
 - leaked type "Layout"
 - leaked type "ttnn._ttnn.operations.matmul.MatmulMultiCoreReuseOptimizedProgramFactory"
 - leaked type "Arch"
 - leaked type "ttnn._ttnn.operations.matmul.MatmulParams"
 - leaked type "ttnn._ttnn.tensor.CoreRangeSet"
 - ... skipped remainder
nanobind: leaked 247 functions!
 - leaked function "__repr__"
 - leaked function ""
 - leaked function ""
 - leaked function ""
 - leaked function "arch"
 - leaked function ""
 - leaked function ""
 - leaked function ""
 - leaked function "create_submeshes"
 - leaked function ""
 - ... skipped remainder
nanobind: this is likely caused by a reference counting issue in the binding code.
See https://nanobind.readthedocs.io/en/latest/refleaks.html2026-07-30 07:44:26.926 | info     |    BuildKernels | JIT cache stats: 15/30 hits (50.0%) [15 cached, 22 build-once dedup, 0 merged artifacts, 0 merged genfiles] (build_cache_telemetry.cpp:207)
2026-07-30 07:44:26.926 | info     |    BuildKernels | JIT telemetry: 3 registered TelemetryTokens (build_cache_telemetry.cpp:230)
2026-07-30 07:44:26.937 | info     |          Device | Closing user mode device drivers (tt_cluster.cpp:512)
2026-07-30 07:44:26.937 | info     |             UMD | Closing devices in cluster (cluster.cpp:1037)
2026-07-30 07:44:27.568 | info     |             UMD | Closing devices in cluster completed. (cluster.cpp:1046)
2026-07-30 07:44:27.568 | info     |             UMD | Cluster destructor started. (cluster.cpp:754)
2026-07-30 07:44:27.568 | info     |             UMD | Cluster destructor completed. (cluster.cpp:757)
