2026-07-29 15:09:57.637 | DEBUG    | ttnn:<module>:79 - Initial ttnn.CONFIG:
Config{cache_path=/home/mvasiljevic/.cache/ttnn,model_cache_path=/home/mvasiljevic/.cache/ttnn/models,tmp_dir=/tmp/ttnn,enable_model_cache=false,enable_fast_runtime_mode=true,throw_exception_on_fallback=false,enable_logging=false,enable_graph_report=false,enable_graph_python_stack_traces=false,enable_detailed_buffer_report=false,enable_detailed_tensor_report=false,enable_comparison_mode=false,comparison_mode_should_raise_exception=false,comparison_mode_pcc=0.9999,root_report_path=generated/ttnn/reports,report_name=std::nullopt,std::nullopt}
============================= test session starts ==============================
platform linux -- Python 3.12.13, pytest-9.0.3, pluggy-1.6.0 -- /home/mvasiljevic/tt-metal/python_env/bin/python
cachedir: .pytest_cache
benchmark: 5.2.3 (defaults: timer=time.perf_counter disable_gc=False min_rounds=5 min_time=0.000005 max_time=1.0 calibration_precision=10 warmup=False warmup_iterations=100000)
rootdir: /home/mvasiljevic/tt-metal
configfile: pytest.ini
plugins: github-actions-annotate-failures-0.3.0, anyio-4.14.2, dash-2.15.0, split-0.11.0, timeout-2.4.0, benchmark-5.2.3, cov-7.0.0
timeout: 300.0s
timeout method: signal
timeout func_only: False
collecting ... collected 10 items / 6 deselected / 4 selected

models/autoports/microsoft_phi_3_5_mini_instruct/tests/test_optimized_decoder.py::test_optimized_decode_batch32_traced_pcc 2026-07-29 15:09:59.029 | info     |          Device | Opening user mode device driver (tt_cluster.cpp:228)
2026-07-29 15:09:59.029 | info     |             UMD | Cluster constructor started. (cluster.cpp:348)
2026-07-29 15:09:59.029 | info     |             UMD | Creating TopologyDiscovery for architecture: blackhole (topology_discovery.cpp:91)
2026-07-29 15:09:59.029 | info     |             UMD | Starting topology discovery. (topology_discovery.cpp:110)
2026-07-29 15:09:59.031 | info     |             UMD | Established firmware bundle version: 19.8.0 (topology_discovery.cpp:569)
2026-07-29 15:09:59.031 | info     |             UMD | Firmware bundle version 19.8.0 on the system is newer than the latest fully tested version 19.5.0 for blackhole architecture. Newest features may not be supported. (topology_discovery.cpp:601)
2026-07-29 15:09:59.034 | info     |             UMD | Completed topology discovery. (topology_discovery.cpp:114)
2026-07-29 15:09:59.256 | info     |             UMD | Opening local chip ids/PCIe ids: {0, 1, 2, 3}/[0, 1, 2, 3] and remote chip ids {} (cluster.cpp:168)
2026-07-29 15:09:59.256 | info     |             UMD | IOMMU: enabled (cluster.cpp:142)
2026-07-29 15:09:59.256 | info     |             UMD | KMD version: 2.8.0 (cluster.cpp:145)
2026-07-29 15:09:59.256 | info     |             UMD | Cluster constructor completed. (cluster.cpp:520)
2026-07-29 15:09:59.257 | info     |             UMD | Starting devices in cluster (cluster.cpp:1024)
2026-07-29 15:09:59.490 | info     |             UMD | Starting devices in cluster completed. (cluster.cpp:1032)
2026-07-29 15:09:59.614 | DEBUG    | ttnn.device:__init__:152 - Using default dispatch core type for this system: DispatchCoreType.WORKER
2026-07-29 15:09:59.614 | DEBUG    | ttnn.device:__init__:154 - Using default dispatch core axis for this system: DispatchCoreAxis.COL
2026-07-29 15:09:59.614 | info     |     Distributed | Using auto discovery to generate mesh graph. (metal_env.cpp:367)
2026-07-29 15:09:59.614 | info     |     Distributed | Constructing control plane using auto-discovery (no mesh graph descriptor). (metal_env.cpp:429)
2026-07-29 15:09:59.614 | warning  |          Always | Unknown motherboard 'B850M-C' for chip_id=0 (bus_id=0x1) — falling back to bus_id as tray_id. Add this motherboard and its bus IDs to mobo_to_bus_ids in physical_system_discovery.cpp. (physical_system_discovery.cpp:89)
2026-07-29 15:09:59.614 | warning  |          Always | Unknown motherboard 'B850M-C' for chip_id=1 (bus_id=0x2) — falling back to bus_id as tray_id. Add this motherboard and its bus IDs to mobo_to_bus_ids in physical_system_discovery.cpp. (physical_system_discovery.cpp:89)
2026-07-29 15:09:59.614 | warning  |          Always | Unknown motherboard 'B850M-C' for chip_id=2 (bus_id=0x3) — falling back to bus_id as tray_id. Add this motherboard and its bus IDs to mobo_to_bus_ids in physical_system_discovery.cpp. (physical_system_discovery.cpp:89)
2026-07-29 15:09:59.614 | warning  |          Always | Unknown motherboard 'B850M-C' for chip_id=3 (bus_id=0x4) — falling back to bus_id as tray_id. Add this motherboard and its bus IDs to mobo_to_bus_ids in physical_system_discovery.cpp. (physical_system_discovery.cpp:89)
2026-07-29 15:09:59.614 | warning  |          Always | Unknown motherboard 'B850M-C' for chip_id=1 (bus_id=0x2) — falling back to bus_id as tray_id. Add this motherboard and its bus IDs to mobo_to_bus_ids in physical_system_discovery.cpp. (physical_system_discovery.cpp:89)
2026-07-29 15:09:59.614 | warning  |          Always | Unknown motherboard 'B850M-C' for chip_id=2 (bus_id=0x3) — falling back to bus_id as tray_id. Add this motherboard and its bus IDs to mobo_to_bus_ids in physical_system_discovery.cpp. (physical_system_discovery.cpp:89)
2026-07-29 15:09:59.614 | warning  |          Always | Unknown motherboard 'B850M-C' for chip_id=0 (bus_id=0x1) — falling back to bus_id as tray_id. Add this motherboard and its bus IDs to mobo_to_bus_ids in physical_system_discovery.cpp. (physical_system_discovery.cpp:89)
2026-07-29 15:09:59.614 | warning  |          Always | Unknown motherboard 'B850M-C' for chip_id=3 (bus_id=0x4) — falling back to bus_id as tray_id. Add this motherboard and its bus IDs to mobo_to_bus_ids in physical_system_discovery.cpp. (physical_system_discovery.cpp:89)
2026-07-29 15:09:59.614 | info     |          Fabric | Logical multi-mesh adjacency: intermesh degree histogram {0:1}; intra-mesh degree histograms mesh0 {1:2, 2:2} (topology_mapper_utils.cpp:2342)
2026-07-29 15:09:59.614 | info     |          Fabric | Physical multi-mesh adjacency: intermesh degree histogram {0:1}; intra-mesh degree histograms mesh0 {1:2, 2:2} (topology_mapper_utils.cpp:2350)
2026-07-29 15:09:59.665 | info     |       LLRuntime | Watcher log file: /home/mvasiljevic/tt-metal/models/autoports/microsoft_phi_3_5_mini_instruct/doc/optimized_decoder/watcher_fused_cache_final/generated/watcher/watcher.log (watcher_server.cpp:286)
2026-07-29 15:09:59.666 | info     |       LLRuntime | Watcher attached device 0 (watcher_server.cpp:132)
2026-07-29 15:09:59.666 | info     |       LLRuntime | Watcher attached device 1 (watcher_server.cpp:132)
2026-07-29 15:09:59.666 | info     |       LLRuntime | Watcher attached device 2 (watcher_server.cpp:132)
2026-07-29 15:09:59.666 | info     |       LLRuntime | Watcher attached device 3 (watcher_server.cpp:132)
2026-07-29 15:09:59.666 | info     |       LLRuntime | Watcher server initialized, disabled features: None (watcher_server.cpp:547)
2026-07-29 15:09:59.666 | info     |           Metal | Watcher checking device 0 (watcher_device_reader.cpp:393)
2026-07-29 15:09:59.666 | warning  |           Metal | Opening subset of mmio devices slows down UMD read/write to remote chips. If opening more devices, consider using CreateDevices API. (device_manager.cpp:261)
2026-07-29 15:09:59.670 | info     |           Metal | Watcher checking device 1 (watcher_device_reader.cpp:393)
2026-07-29 15:09:59.674 | info     |           Metal | Watcher checking device 2 (watcher_device_reader.cpp:393)
2026-07-29 15:09:59.678 | info     |           Metal | Watcher checking device 3 (watcher_device_reader.cpp:393)
2026-07-29 15:09:59.720 | info     |           Metal | ShmResourceTracker: removed orphaned shm '/tt_device_154095681929601_memory' (shm_resource_tracker.cpp:282)
2026-07-29 15:10:00.298 | info     |           Metal | [Real-time profiler] Device 2 sync complete: 100 samples, frequency=1.349986 GHz, device_time_at_sync=21261769994433 cycles (realtime_profiler_manager.cpp:1127)
[transformers] This model config has set a `rope_parameters['original_max_position_embeddings']` field, to be used together with `max_position_embeddings` to determine a scaling factor. Please set the `factor` field of `rope_parameters`with this ratio instead -- we recommend the use of this field over `original_max_position_embeddings`, as it is compatible with most model architectures.
2026-07-29 15:10:04.238 | warning  |              Op | Mismatch between computed MemoryConfig(memory_layout=TensorMemoryLayout::WIDTH_SHARDED,buffer_type=BufferType::L1,shard_spec=ShardSpec{grid=[{"start":{"x":0,"y":0},"end":{"x":10,"y":0}, {"start":{"x":0,"y":1},"end":{"x":4,"y":1}], shape=[32, 576], orientation=ShardOrientation::ROW_MAJOR},nd_shard_spec={"shard_shape":[32, 576],"grid":[{"start":{"x":0,"y":0},"end":{"x":10,"y":0}}, {"start":{"x":0,"y":1},"end":{"x":4,"y":1}}],"orientation":"ShardOrientation::ROW_MAJOR","shard_distribution_strategy":"ShardDistributionStrategy::ROUND_ROBIN_1D"},created_with_nd_shard_spec=0) and provided MemoryConfig(memory_layout=TensorMemoryLayout::WIDTH_SHARDED,buffer_type=BufferType::L1,shard_spec=ShardSpec{grid=[{"start":{"x":0,"y":0},"end":{"x":7,"y":1}], shape=[32, 576], orientation=ShardOrientation::ROW_MAJOR},nd_shard_spec=std::nullopt,created_with_nd_shard_spec=0) mem config. Using computed config. (matmul_device_operation.cpp:828)
2026-07-29 15:10:04.263 | warning  |              Op | Mismatch between computed MemoryConfig(memory_layout=TensorMemoryLayout::WIDTH_SHARDED,buffer_type=BufferType::L1,shard_spec=ShardSpec{grid=[{"start":{"x":0,"y":0},"end":{"x":10,"y":0}, {"start":{"x":0,"y":1},"end":{"x":4,"y":1}], shape=[32, 192], orientation=ShardOrientation::ROW_MAJOR},nd_shard_spec={"shard_shape":[32, 192],"grid":[{"start":{"x":0,"y":0},"end":{"x":10,"y":0}}, {"start":{"x":0,"y":1},"end":{"x":4,"y":1}}],"orientation":"ShardOrientation::ROW_MAJOR","shard_distribution_strategy":"ShardDistributionStrategy::ROUND_ROBIN_1D"},created_with_nd_shard_spec=0) and provided MemoryConfig(memory_layout=TensorMemoryLayout::WIDTH_SHARDED,buffer_type=BufferType::L1,shard_spec=ShardSpec{grid=[{"start":{"x":0,"y":0},"end":{"x":7,"y":1}], shape=[32, 192], orientation=ShardOrientation::ROW_MAJOR},nd_shard_spec=std::nullopt,created_with_nd_shard_spec=0) mem config. Using computed config. (matmul_device_operation.cpp:828)
2026-07-29 15:10:04.266 | warning  |              Op | Mismatch between computed MemoryConfig(memory_layout=TensorMemoryLayout::WIDTH_SHARDED,buffer_type=BufferType::L1,shard_spec=ShardSpec{grid=[{"start":{"x":0,"y":0},"end":{"x":10,"y":0}, {"start":{"x":0,"y":1},"end":{"x":4,"y":1}], shape=[32, 512], orientation=ShardOrientation::ROW_MAJOR},nd_shard_spec={"shard_shape":[32, 512],"grid":[{"start":{"x":0,"y":0},"end":{"x":10,"y":0}}, {"start":{"x":0,"y":1},"end":{"x":4,"y":1}}],"orientation":"ShardOrientation::ROW_MAJOR","shard_distribution_strategy":"ShardDistributionStrategy::ROUND_ROBIN_1D"},created_with_nd_shard_spec=0) and provided MemoryConfig(memory_layout=TensorMemoryLayout::WIDTH_SHARDED,buffer_type=BufferType::L1,shard_spec=ShardSpec{grid=[{"start":{"x":0,"y":0},"end":{"x":7,"y":1}], shape=[32, 512], orientation=ShardOrientation::ROW_MAJOR},nd_shard_spec=std::nullopt,created_with_nd_shard_spec=0) mem config. Using computed config. (matmul_device_operation.cpp:828)
2026-07-29 15:10:04.268 | warning  |              Op | Mismatch between computed MemoryConfig(memory_layout=TensorMemoryLayout::WIDTH_SHARDED,buffer_type=BufferType::L1,shard_spec=ShardSpec{grid=[{"start":{"x":0,"y":0},"end":{"x":10,"y":0}, {"start":{"x":0,"y":1},"end":{"x":4,"y":1}], shape=[32, 512], orientation=ShardOrientation::ROW_MAJOR},nd_shard_spec={"shard_shape":[32, 512],"grid":[{"start":{"x":0,"y":0},"end":{"x":10,"y":0}}, {"start":{"x":0,"y":1},"end":{"x":4,"y":1}}],"orientation":"ShardOrientation::ROW_MAJOR","shard_distribution_strategy":"ShardDistributionStrategy::ROUND_ROBIN_1D"},created_with_nd_shard_spec=0) and provided MemoryConfig(memory_layout=TensorMemoryLayout::WIDTH_SHARDED,buffer_type=BufferType::L1,shard_spec=ShardSpec{grid=[{"start":{"x":0,"y":0},"end":{"x":7,"y":1}], shape=[32, 512], orientation=ShardOrientation::ROW_MAJOR},nd_shard_spec=std::nullopt,created_with_nd_shard_spec=0) mem config. Using computed config. (matmul_device_operation.cpp:828)
2026-07-29 15:10:04.269 | warning  |              Op | Mismatch between computed MemoryConfig(memory_layout=TensorMemoryLayout::WIDTH_SHARDED,buffer_type=BufferType::L1,shard_spec=ShardSpec{grid=[{"start":{"x":0,"y":0},"end":{"x":10,"y":0}, {"start":{"x":0,"y":1},"end":{"x":4,"y":1}], shape=[32, 192], orientation=ShardOrientation::ROW_MAJOR},nd_shard_spec={"shard_shape":[32, 192],"grid":[{"start":{"x":0,"y":0},"end":{"x":10,"y":0}}, {"start":{"x":0,"y":1},"end":{"x":4,"y":1}}],"orientation":"ShardOrientation::ROW_MAJOR","shard_distribution_strategy":"ShardDistributionStrategy::ROUND_ROBIN_1D"},created_with_nd_shard_spec=0) and provided MemoryConfig(memory_layout=TensorMemoryLayout::WIDTH_SHARDED,buffer_type=BufferType::L1,shard_spec=ShardSpec{grid=[{"start":{"x":0,"y":0},"end":{"x":7,"y":1}], shape=[32, 192], orientation=ShardOrientation::ROW_MAJOR},nd_shard_spec=std::nullopt,created_with_nd_shard_spec=0) mem config. Using computed config. (matmul_device_operation.cpp:828)
2026-07-29 15:10:04.281 | warning  |              Op | Mismatch between computed MemoryConfig(memory_layout=TensorMemoryLayout::WIDTH_SHARDED,buffer_type=BufferType::L1,shard_spec=ShardSpec{grid=[{"start":{"x":0,"y":0},"end":{"x":10,"y":0}, {"start":{"x":0,"y":1},"end":{"x":4,"y":1}], shape=[32, 576], orientation=ShardOrientation::ROW_MAJOR},nd_shard_spec={"shard_shape":[32, 576],"grid":[{"start":{"x":0,"y":0},"end":{"x":10,"y":0}}, {"start":{"x":0,"y":1},"end":{"x":4,"y":1}}],"orientation":"ShardOrientation::ROW_MAJOR","shard_distribution_strategy":"ShardDistributionStrategy::ROUND_ROBIN_1D"},created_with_nd_shard_spec=0) and provided MemoryConfig(memory_layout=TensorMemoryLayout::WIDTH_SHARDED,buffer_type=BufferType::L1,shard_spec=ShardSpec{grid=[{"start":{"x":0,"y":0},"end":{"x":7,"y":1}], shape=[32, 576], orientation=ShardOrientation::ROW_MAJOR},nd_shard_spec=std::nullopt,created_with_nd_shard_spec=0) mem config. Using computed config. (matmul_device_operation.cpp:828)
2026-07-29 15:10:04.283 | warning  |              Op | Mismatch between computed MemoryConfig(memory_layout=TensorMemoryLayout::WIDTH_SHARDED,buffer_type=BufferType::L1,shard_spec=ShardSpec{grid=[{"start":{"x":0,"y":0},"end":{"x":10,"y":0}, {"start":{"x":0,"y":1},"end":{"x":4,"y":1}], shape=[32, 192], orientation=ShardOrientation::ROW_MAJOR},nd_shard_spec={"shard_shape":[32, 192],"grid":[{"start":{"x":0,"y":0},"end":{"x":10,"y":0}}, {"start":{"x":0,"y":1},"end":{"x":4,"y":1}}],"orientation":"ShardOrientation::ROW_MAJOR","shard_distribution_strategy":"ShardDistributionStrategy::ROUND_ROBIN_1D"},created_with_nd_shard_spec=0) and provided MemoryConfig(memory_layout=TensorMemoryLayout::WIDTH_SHARDED,buffer_type=BufferType::L1,shard_spec=ShardSpec{grid=[{"start":{"x":0,"y":0},"end":{"x":7,"y":1}], shape=[32, 192], orientation=ShardOrientation::ROW_MAJOR},nd_shard_spec=std::nullopt,created_with_nd_shard_spec=0) mem config. Using computed config. (matmul_device_operation.cpp:828)
2026-07-29 15:10:04.283 | warning  |              Op | Mismatch between computed MemoryConfig(memory_layout=TensorMemoryLayout::WIDTH_SHARDED,buffer_type=BufferType::L1,shard_spec=ShardSpec{grid=[{"start":{"x":0,"y":0},"end":{"x":10,"y":0}, {"start":{"x":0,"y":1},"end":{"x":4,"y":1}], shape=[32, 512], orientation=ShardOrientation::ROW_MAJOR},nd_shard_spec={"shard_shape":[32, 512],"grid":[{"start":{"x":0,"y":0},"end":{"x":10,"y":0}}, {"start":{"x":0,"y":1},"end":{"x":4,"y":1}}],"orientation":"ShardOrientation::ROW_MAJOR","shard_distribution_strategy":"ShardDistributionStrategy::ROUND_ROBIN_1D"},created_with_nd_shard_spec=0) and provided MemoryConfig(memory_layout=TensorMemoryLayout::WIDTH_SHARDED,buffer_type=BufferType::L1,shard_spec=ShardSpec{grid=[{"start":{"x":0,"y":0},"end":{"x":7,"y":1}], shape=[32, 512], orientation=ShardOrientation::ROW_MAJOR},nd_shard_spec=std::nullopt,created_with_nd_shard_spec=0) mem config. Using computed config. (matmul_device_operation.cpp:828)
2026-07-29 15:10:04.283 | warning  |              Op | Mismatch between computed MemoryConfig(memory_layout=TensorMemoryLayout::WIDTH_SHARDED,buffer_type=BufferType::L1,shard_spec=ShardSpec{grid=[{"start":{"x":0,"y":0},"end":{"x":10,"y":0}, {"start":{"x":0,"y":1},"end":{"x":4,"y":1}], shape=[32, 512], orientation=ShardOrientation::ROW_MAJOR},nd_shard_spec={"shard_shape":[32, 512],"grid":[{"start":{"x":0,"y":0},"end":{"x":10,"y":0}}, {"start":{"x":0,"y":1},"end":{"x":4,"y":1}}],"orientation":"ShardOrientation::ROW_MAJOR","shard_distribution_strategy":"ShardDistributionStrategy::ROUND_ROBIN_1D"},created_with_nd_shard_spec=0) and provided MemoryConfig(memory_layout=TensorMemoryLayout::WIDTH_SHARDED,buffer_type=BufferType::L1,shard_spec=ShardSpec{grid=[{"start":{"x":0,"y":0},"end":{"x":7,"y":1}], shape=[32, 512], orientation=ShardOrientation::ROW_MAJOR},nd_shard_spec=std::nullopt,created_with_nd_shard_spec=0) mem config. Using computed config. (matmul_device_operation.cpp:828)
2026-07-29 15:10:04.283 | warning  |              Op | Mismatch between computed MemoryConfig(memory_layout=TensorMemoryLayout::WIDTH_SHARDED,buffer_type=BufferType::L1,shard_spec=ShardSpec{grid=[{"start":{"x":0,"y":0},"end":{"x":10,"y":0}, {"start":{"x":0,"y":1},"end":{"x":4,"y":1}], shape=[32, 192], orientation=ShardOrientation::ROW_MAJOR},nd_shard_spec={"shard_shape":[32, 192],"grid":[{"start":{"x":0,"y":0},"end":{"x":10,"y":0}}, {"start":{"x":0,"y":1},"end":{"x":4,"y":1}}],"orientation":"ShardOrientation::ROW_MAJOR","shard_distribution_strategy":"ShardDistributionStrategy::ROUND_ROBIN_1D"},created_with_nd_shard_spec=0) and provided MemoryConfig(memory_layout=TensorMemoryLayout::WIDTH_SHARDED,buffer_type=BufferType::L1,shard_spec=ShardSpec{grid=[{"start":{"x":0,"y":0},"end":{"x":7,"y":1}], shape=[32, 192], orientation=ShardOrientation::ROW_MAJOR},nd_shard_spec=std::nullopt,created_with_nd_shard_spec=0) mem config. Using computed config. (matmul_device_operation.cpp:828)
2026-07-29 15:10:04.290 | INFO     | tracy:signpost:49 - PERF_DECODE_B32
2026-07-29 15:10:04.295 | INFO     | tracy:signpost:49 - PERF_DECODE_B32_END
HF-vs-TTNN optimized traced batch32 decode PCC: Max ATOL Delta: 0.00244140625, Max RTOL Delta: 87.22222137451172, PCC: 0.9999851931029323
PASSED
models/autoports/microsoft_phi_3_5_mini_instruct/tests/test_optimized_decoder.py::test_optimized_dense_layer_synthetic_prefill_decode_pcc_and_traced_decode 2026-07-29 15:10:04.659 | DEBUG    | ttnn.device:__init__:152 - Using default dispatch core type for this system: DispatchCoreType.WORKER
2026-07-29 15:10:04.660 | DEBUG    | ttnn.device:__init__:154 - Using default dispatch core axis for this system: DispatchCoreAxis.COL
2026-07-29 15:10:04.660 | info     |       LLRuntime | Watcher thread stopped watching... (watcher_server.cpp:595)
2026-07-29 15:10:04.660 | info     |       LLRuntime | Watcher detached device 0 (watcher_server.cpp:181)
2026-07-29 15:10:04.660 | info     |       LLRuntime | Watcher detached device 1 (watcher_server.cpp:181)
2026-07-29 15:10:04.660 | info     |       LLRuntime | Watcher detached device 2 (watcher_server.cpp:181)
2026-07-29 15:10:04.660 | info     |       LLRuntime | Watcher detached device 3 (watcher_server.cpp:181)
2026-07-29 15:10:04.717 | info     |       LLRuntime | Watcher log file: /home/mvasiljevic/tt-metal/models/autoports/microsoft_phi_3_5_mini_instruct/doc/optimized_decoder/watcher_fused_cache_final/generated/watcher/watcher.log (watcher_server.cpp:286)
2026-07-29 15:10:04.717 | info     |       LLRuntime | Watcher attached device 0 (watcher_server.cpp:132)
2026-07-29 15:10:04.717 | info     |       LLRuntime | Watcher attached device 1 (watcher_server.cpp:132)
2026-07-29 15:10:04.717 | info     |       LLRuntime | Watcher attached device 2 (watcher_server.cpp:132)
2026-07-29 15:10:04.717 | info     |       LLRuntime | Watcher attached device 3 (watcher_server.cpp:132)
2026-07-29 15:10:04.717 | info     |       LLRuntime | Watcher server initialized, disabled features: None (watcher_server.cpp:547)
2026-07-29 15:10:04.717 | info     |           Metal | Watcher checking device 0 (watcher_device_reader.cpp:393)
2026-07-29 15:10:04.717 | warning  |           Metal | Opening subset of mmio devices slows down UMD read/write to remote chips. If opening more devices, consider using CreateDevices API. (device_manager.cpp:261)
2026-07-29 15:10:04.721 | info     |           Metal | Watcher checking device 1 (watcher_device_reader.cpp:393)
2026-07-29 15:10:04.725 | info     |           Metal | Watcher checking device 2 (watcher_device_reader.cpp:393)
2026-07-29 15:10:04.729 | info     |           Metal | Watcher checking device 3 (watcher_device_reader.cpp:393)
2026-07-29 15:10:08.690 | INFO     | tracy:signpost:49 - PERF_PREFILL
2026-07-29 15:10:08.697 | INFO     | tracy:signpost:49 - PERF_PREFILL_END
2026-07-29 15:10:08.719 | warning  |              Op | Mismatch between computed MemoryConfig(memory_layout=TensorMemoryLayout::WIDTH_SHARDED,buffer_type=BufferType::L1,shard_spec=ShardSpec{grid=[{"start":{"x":0,"y":0},"end":{"x":10,"y":0}, {"start":{"x":0,"y":1},"end":{"x":4,"y":1}], shape=[32, 576], orientation=ShardOrientation::ROW_MAJOR},nd_shard_spec={"shard_shape":[32, 576],"grid":[{"start":{"x":0,"y":0},"end":{"x":10,"y":0}}, {"start":{"x":0,"y":1},"end":{"x":4,"y":1}}],"orientation":"ShardOrientation::ROW_MAJOR","shard_distribution_strategy":"ShardDistributionStrategy::ROUND_ROBIN_1D"},created_with_nd_shard_spec=0) and provided MemoryConfig(memory_layout=TensorMemoryLayout::WIDTH_SHARDED,buffer_type=BufferType::L1,shard_spec=ShardSpec{grid=[{"start":{"x":0,"y":0},"end":{"x":7,"y":1}], shape=[32, 576], orientation=ShardOrientation::ROW_MAJOR},nd_shard_spec=std::nullopt,created_with_nd_shard_spec=0) mem config. Using computed config. (matmul_device_operation.cpp:828)
2026-07-29 15:10:09.090 | warning  |              Op | Mismatch between computed MemoryConfig(memory_layout=TensorMemoryLayout::WIDTH_SHARDED,buffer_type=BufferType::L1,shard_spec=ShardSpec{grid=[{"start":{"x":0,"y":0},"end":{"x":10,"y":0}, {"start":{"x":0,"y":1},"end":{"x":4,"y":1}], shape=[32, 192], orientation=ShardOrientation::ROW_MAJOR},nd_shard_spec={"shard_shape":[32, 192],"grid":[{"start":{"x":0,"y":0},"end":{"x":10,"y":0}}, {"start":{"x":0,"y":1},"end":{"x":4,"y":1}}],"orientation":"ShardOrientation::ROW_MAJOR","shard_distribution_strategy":"ShardDistributionStrategy::ROUND_ROBIN_1D"},created_with_nd_shard_spec=0) and provided MemoryConfig(memory_layout=TensorMemoryLayout::WIDTH_SHARDED,buffer_type=BufferType::L1,shard_spec=ShardSpec{grid=[{"start":{"x":0,"y":0},"end":{"x":7,"y":1}], shape=[32, 192], orientation=ShardOrientation::ROW_MAJOR},nd_shard_spec=std::nullopt,created_with_nd_shard_spec=0) mem config. Using computed config. (matmul_device_operation.cpp:828)
2026-07-29 15:10:09.092 | warning  |              Op | Mismatch between computed MemoryConfig(memory_layout=TensorMemoryLayout::WIDTH_SHARDED,buffer_type=BufferType::L1,shard_spec=ShardSpec{grid=[{"start":{"x":0,"y":0},"end":{"x":10,"y":0}, {"start":{"x":0,"y":1},"end":{"x":4,"y":1}], shape=[32, 512], orientation=ShardOrientation::ROW_MAJOR},nd_shard_spec={"shard_shape":[32, 512],"grid":[{"start":{"x":0,"y":0},"end":{"x":10,"y":0}}, {"start":{"x":0,"y":1},"end":{"x":4,"y":1}}],"orientation":"ShardOrientation::ROW_MAJOR","shard_distribution_strategy":"ShardDistributionStrategy::ROUND_ROBIN_1D"},created_with_nd_shard_spec=0) and provided MemoryConfig(memory_layout=TensorMemoryLayout::WIDTH_SHARDED,buffer_type=BufferType::L1,shard_spec=ShardSpec{grid=[{"start":{"x":0,"y":0},"end":{"x":7,"y":1}], shape=[32, 512], orientation=ShardOrientation::ROW_MAJOR},nd_shard_spec=std::nullopt,created_with_nd_shard_spec=0) mem config. Using computed config. (matmul_device_operation.cpp:828)
2026-07-29 15:10:09.092 | warning  |              Op | Mismatch between computed MemoryConfig(memory_layout=TensorMemoryLayout::WIDTH_SHARDED,buffer_type=BufferType::L1,shard_spec=ShardSpec{grid=[{"start":{"x":0,"y":0},"end":{"x":10,"y":0}, {"start":{"x":0,"y":1},"end":{"x":4,"y":1}], shape=[32, 512], orientation=ShardOrientation::ROW_MAJOR},nd_shard_spec={"shard_shape":[32, 512],"grid":[{"start":{"x":0,"y":0},"end":{"x":10,"y":0}}, {"start":{"x":0,"y":1},"end":{"x":4,"y":1}}],"orientation":"ShardOrientation::ROW_MAJOR","shard_distribution_strategy":"ShardDistributionStrategy::ROUND_ROBIN_1D"},created_with_nd_shard_spec=0) and provided MemoryConfig(memory_layout=TensorMemoryLayout::WIDTH_SHARDED,buffer_type=BufferType::L1,shard_spec=ShardSpec{grid=[{"start":{"x":0,"y":0},"end":{"x":7,"y":1}], shape=[32, 512], orientation=ShardOrientation::ROW_MAJOR},nd_shard_spec=std::nullopt,created_with_nd_shard_spec=0) mem config. Using computed config. (matmul_device_operation.cpp:828)
2026-07-29 15:10:09.093 | warning  |              Op | Mismatch between computed MemoryConfig(memory_layout=TensorMemoryLayout::WIDTH_SHARDED,buffer_type=BufferType::L1,shard_spec=ShardSpec{grid=[{"start":{"x":0,"y":0},"end":{"x":10,"y":0}, {"start":{"x":0,"y":1},"end":{"x":4,"y":1}], shape=[32, 192], orientation=ShardOrientation::ROW_MAJOR},nd_shard_spec={"shard_shape":[32, 192],"grid":[{"start":{"x":0,"y":0},"end":{"x":10,"y":0}}, {"start":{"x":0,"y":1},"end":{"x":4,"y":1}}],"orientation":"ShardOrientation::ROW_MAJOR","shard_distribution_strategy":"ShardDistributionStrategy::ROUND_ROBIN_1D"},created_with_nd_shard_spec=0) and provided MemoryConfig(memory_layout=TensorMemoryLayout::WIDTH_SHARDED,buffer_type=BufferType::L1,shard_spec=ShardSpec{grid=[{"start":{"x":0,"y":0},"end":{"x":7,"y":1}], shape=[32, 192], orientation=ShardOrientation::ROW_MAJOR},nd_shard_spec=std::nullopt,created_with_nd_shard_spec=0) mem config. Using computed config. (matmul_device_operation.cpp:828)
2026-07-29 15:10:09.093 | warning  |              Op | Mismatch between computed MemoryConfig(memory_layout=TensorMemoryLayout::WIDTH_SHARDED,buffer_type=BufferType::L1,shard_spec=ShardSpec{grid=[{"start":{"x":0,"y":0},"end":{"x":10,"y":0}, {"start":{"x":0,"y":1},"end":{"x":4,"y":1}], shape=[32, 576], orientation=ShardOrientation::ROW_MAJOR},nd_shard_spec={"shard_shape":[32, 576],"grid":[{"start":{"x":0,"y":0},"end":{"x":10,"y":0}}, {"start":{"x":0,"y":1},"end":{"x":4,"y":1}}],"orientation":"ShardOrientation::ROW_MAJOR","shard_distribution_strategy":"ShardDistributionStrategy::ROUND_ROBIN_1D"},created_with_nd_shard_spec=0) and provided MemoryConfig(memory_layout=TensorMemoryLayout::WIDTH_SHARDED,buffer_type=BufferType::L1,shard_spec=ShardSpec{grid=[{"start":{"x":0,"y":0},"end":{"x":7,"y":1}], shape=[32, 576], orientation=ShardOrientation::ROW_MAJOR},nd_shard_spec=std::nullopt,created_with_nd_shard_spec=0) mem config. Using computed config. (matmul_device_operation.cpp:828)
2026-07-29 15:10:09.095 | warning  |              Op | Mismatch between computed MemoryConfig(memory_layout=TensorMemoryLayout::WIDTH_SHARDED,buffer_type=BufferType::L1,shard_spec=ShardSpec{grid=[{"start":{"x":0,"y":0},"end":{"x":10,"y":0}, {"start":{"x":0,"y":1},"end":{"x":4,"y":1}], shape=[32, 192], orientation=ShardOrientation::ROW_MAJOR},nd_shard_spec={"shard_shape":[32, 192],"grid":[{"start":{"x":0,"y":0},"end":{"x":10,"y":0}}, {"start":{"x":0,"y":1},"end":{"x":4,"y":1}}],"orientation":"ShardOrientation::ROW_MAJOR","shard_distribution_strategy":"ShardDistributionStrategy::ROUND_ROBIN_1D"},created_with_nd_shard_spec=0) and provided MemoryConfig(memory_layout=TensorMemoryLayout::WIDTH_SHARDED,buffer_type=BufferType::L1,shard_spec=ShardSpec{grid=[{"start":{"x":0,"y":0},"end":{"x":7,"y":1}], shape=[32, 192], orientation=ShardOrientation::ROW_MAJOR},nd_shard_spec=std::nullopt,created_with_nd_shard_spec=0) mem config. Using computed config. (matmul_device_operation.cpp:828)
2026-07-29 15:10:09.095 | warning  |              Op | Mismatch between computed MemoryConfig(memory_layout=TensorMemoryLayout::WIDTH_SHARDED,buffer_type=BufferType::L1,shard_spec=ShardSpec{grid=[{"start":{"x":0,"y":0},"end":{"x":10,"y":0}, {"start":{"x":0,"y":1},"end":{"x":4,"y":1}], shape=[32, 512], orientation=ShardOrientation::ROW_MAJOR},nd_shard_spec={"shard_shape":[32, 512],"grid":[{"start":{"x":0,"y":0},"end":{"x":10,"y":0}}, {"start":{"x":0,"y":1},"end":{"x":4,"y":1}}],"orientation":"ShardOrientation::ROW_MAJOR","shard_distribution_strategy":"ShardDistributionStrategy::ROUND_ROBIN_1D"},created_with_nd_shard_spec=0) and provided MemoryConfig(memory_layout=TensorMemoryLayout::WIDTH_SHARDED,buffer_type=BufferType::L1,shard_spec=ShardSpec{grid=[{"start":{"x":0,"y":0},"end":{"x":7,"y":1}], shape=[32, 512], orientation=ShardOrientation::ROW_MAJOR},nd_shard_spec=std::nullopt,created_with_nd_shard_spec=0) mem config. Using computed config. (matmul_device_operation.cpp:828)
2026-07-29 15:10:09.095 | warning  |              Op | Mismatch between computed MemoryConfig(memory_layout=TensorMemoryLayout::WIDTH_SHARDED,buffer_type=BufferType::L1,shard_spec=ShardSpec{grid=[{"start":{"x":0,"y":0},"end":{"x":10,"y":0}, {"start":{"x":0,"y":1},"end":{"x":4,"y":1}], shape=[32, 512], orientation=ShardOrientation::ROW_MAJOR},nd_shard_spec={"shard_shape":[32, 512],"grid":[{"start":{"x":0,"y":0},"end":{"x":10,"y":0}}, {"start":{"x":0,"y":1},"end":{"x":4,"y":1}}],"orientation":"ShardOrientation::ROW_MAJOR","shard_distribution_strategy":"ShardDistributionStrategy::ROUND_ROBIN_1D"},created_with_nd_shard_spec=0) and provided MemoryConfig(memory_layout=TensorMemoryLayout::WIDTH_SHARDED,buffer_type=BufferType::L1,shard_spec=ShardSpec{grid=[{"start":{"x":0,"y":0},"end":{"x":7,"y":1}], shape=[32, 512], orientation=ShardOrientation::ROW_MAJOR},nd_shard_spec=std::nullopt,created_with_nd_shard_spec=0) mem config. Using computed config. (matmul_device_operation.cpp:828)
2026-07-29 15:10:09.096 | warning  |              Op | Mismatch between computed MemoryConfig(memory_layout=TensorMemoryLayout::WIDTH_SHARDED,buffer_type=BufferType::L1,shard_spec=ShardSpec{grid=[{"start":{"x":0,"y":0},"end":{"x":10,"y":0}, {"start":{"x":0,"y":1},"end":{"x":4,"y":1}], shape=[32, 192], orientation=ShardOrientation::ROW_MAJOR},nd_shard_spec={"shard_shape":[32, 192],"grid":[{"start":{"x":0,"y":0},"end":{"x":10,"y":0}}, {"start":{"x":0,"y":1},"end":{"x":4,"y":1}}],"orientation":"ShardOrientation::ROW_MAJOR","shard_distribution_strategy":"ShardDistributionStrategy::ROUND_ROBIN_1D"},created_with_nd_shard_spec=0) and provided MemoryConfig(memory_layout=TensorMemoryLayout::WIDTH_SHARDED,buffer_type=BufferType::L1,shard_spec=ShardSpec{grid=[{"start":{"x":0,"y":0},"end":{"x":7,"y":1}], shape=[32, 192], orientation=ShardOrientation::ROW_MAJOR},nd_shard_spec=std::nullopt,created_with_nd_shard_spec=0) mem config. Using computed config. (matmul_device_operation.cpp:828)
2026-07-29 15:10:09.100 | INFO     | tracy:signpost:49 - PERF_DECODE
2026-07-29 15:10:09.104 | INFO     | tracy:signpost:49 - PERF_DECODE_END
PHI35_HOST_TIMED_PREFILL_E2E_US: 7200.922
HF-vs-TTNN prefill PCC: Max ATOL Delta: 0.001953125, Max RTOL Delta: 379.18182373046875, PCC: 0.9999967480766712
HF-vs-TTNN decode PCC: Max ATOL Delta: 0.001953125, Max RTOL Delta: 0.4583333432674408, PCC: 0.9999982529673941
PASSED
models/autoports/microsoft_phi_3_5_mini_instruct/tests/test_optimized_decoder.py::test_runtime_forward_fallback_audit_static PASSED
models/autoports/microsoft_phi_3_5_mini_instruct/tests/test_optimized_decoder.py::test_full_context_decode_current_position_and_page_table 2026-07-29 15:10:09.713 | DEBUG    | ttnn.device:__init__:152 - Using default dispatch core type for this system: DispatchCoreType.WORKER
2026-07-29 15:10:09.713 | DEBUG    | ttnn.device:__init__:154 - Using default dispatch core axis for this system: DispatchCoreAxis.COL
2026-07-29 15:10:09.713 | info     |       LLRuntime | Watcher thread stopped watching... (watcher_server.cpp:595)
2026-07-29 15:10:09.713 | info     |       LLRuntime | Watcher detached device 0 (watcher_server.cpp:181)
2026-07-29 15:10:09.713 | info     |       LLRuntime | Watcher detached device 1 (watcher_server.cpp:181)
2026-07-29 15:10:09.713 | info     |       LLRuntime | Watcher detached device 2 (watcher_server.cpp:181)
2026-07-29 15:10:09.713 | info     |       LLRuntime | Watcher detached device 3 (watcher_server.cpp:181)
2026-07-29 15:10:09.771 | info     |       LLRuntime | Watcher log file: /home/mvasiljevic/tt-metal/models/autoports/microsoft_phi_3_5_mini_instruct/doc/optimized_decoder/watcher_fused_cache_final/generated/watcher/watcher.log (watcher_server.cpp:286)
2026-07-29 15:10:09.771 | info     |       LLRuntime | Watcher attached device 0 (watcher_server.cpp:132)
2026-07-29 15:10:09.771 | info     |       LLRuntime | Watcher attached device 1 (watcher_server.cpp:132)
2026-07-29 15:10:09.771 | info     |       LLRuntime | Watcher attached device 2 (watcher_server.cpp:132)
2026-07-29 15:10:09.771 | info     |       LLRuntime | Watcher attached device 3 (watcher_server.cpp:132)
2026-07-29 15:10:09.771 | info     |       LLRuntime | Watcher server initialized, disabled features: None (watcher_server.cpp:547)
2026-07-29 15:10:09.771 | warning  |           Metal | Opening subset of mmio devices slows down UMD read/write to remote chips. If opening more devices, consider using CreateDevices API. (device_manager.cpp:261)
2026-07-29 15:10:09.771 | info     |           Metal | Watcher checking device 0 (watcher_device_reader.cpp:393)
2026-07-29 15:10:09.776 | info     |           Metal | Watcher checking device 1 (watcher_device_reader.cpp:393)
2026-07-29 15:10:09.780 | info     |           Metal | Watcher checking device 2 (watcher_device_reader.cpp:393)
2026-07-29 15:10:09.784 | info     |           Metal | Watcher checking device 3 (watcher_device_reader.cpp:393)
2026-07-29 15:10:17.662 | warning  |              Op | Mismatch between computed MemoryConfig(memory_layout=TensorMemoryLayout::WIDTH_SHARDED,buffer_type=BufferType::L1,shard_spec=ShardSpec{grid=[{"start":{"x":0,"y":0},"end":{"x":10,"y":0}, {"start":{"x":0,"y":1},"end":{"x":4,"y":1}], shape=[32, 576], orientation=ShardOrientation::ROW_MAJOR},nd_shard_spec={"shard_shape":[32, 576],"grid":[{"start":{"x":0,"y":0},"end":{"x":10,"y":0}}, {"start":{"x":0,"y":1},"end":{"x":4,"y":1}}],"orientation":"ShardOrientation::ROW_MAJOR","shard_distribution_strategy":"ShardDistributionStrategy::ROUND_ROBIN_1D"},created_with_nd_shard_spec=0) and provided MemoryConfig(memory_layout=TensorMemoryLayout::WIDTH_SHARDED,buffer_type=BufferType::L1,shard_spec=ShardSpec{grid=[{"start":{"x":0,"y":0},"end":{"x":7,"y":1}], shape=[32, 576], orientation=ShardOrientation::ROW_MAJOR},nd_shard_spec=std::nullopt,created_with_nd_shard_spec=0) mem config. Using computed config. (matmul_device_operation.cpp:828)
2026-07-29 15:10:17.965 | warning  |              Op | Mismatch between computed MemoryConfig(memory_layout=TensorMemoryLayout::WIDTH_SHARDED,buffer_type=BufferType::L1,shard_spec=ShardSpec{grid=[{"start":{"x":0,"y":0},"end":{"x":10,"y":0}, {"start":{"x":0,"y":1},"end":{"x":4,"y":1}], shape=[32, 192], orientation=ShardOrientation::ROW_MAJOR},nd_shard_spec={"shard_shape":[32, 192],"grid":[{"start":{"x":0,"y":0},"end":{"x":10,"y":0}}, {"start":{"x":0,"y":1},"end":{"x":4,"y":1}}],"orientation":"ShardOrientation::ROW_MAJOR","shard_distribution_strategy":"ShardDistributionStrategy::ROUND_ROBIN_1D"},created_with_nd_shard_spec=0) and provided MemoryConfig(memory_layout=TensorMemoryLayout::WIDTH_SHARDED,buffer_type=BufferType::L1,shard_spec=ShardSpec{grid=[{"start":{"x":0,"y":0},"end":{"x":7,"y":1}], shape=[32, 192], orientation=ShardOrientation::ROW_MAJOR},nd_shard_spec=std::nullopt,created_with_nd_shard_spec=0) mem config. Using computed config. (matmul_device_operation.cpp:828)
2026-07-29 15:10:17.966 | warning  |              Op | Mismatch between computed MemoryConfig(memory_layout=TensorMemoryLayout::WIDTH_SHARDED,buffer_type=BufferType::L1,shard_spec=ShardSpec{grid=[{"start":{"x":0,"y":0},"end":{"x":10,"y":0}, {"start":{"x":0,"y":1},"end":{"x":4,"y":1}], shape=[32, 512], orientation=ShardOrientation::ROW_MAJOR},nd_shard_spec={"shard_shape":[32, 512],"grid":[{"start":{"x":0,"y":0},"end":{"x":10,"y":0}}, {"start":{"x":0,"y":1},"end":{"x":4,"y":1}}],"orientation":"ShardOrientation::ROW_MAJOR","shard_distribution_strategy":"ShardDistributionStrategy::ROUND_ROBIN_1D"},created_with_nd_shard_spec=0) and provided MemoryConfig(memory_layout=TensorMemoryLayout::WIDTH_SHARDED,buffer_type=BufferType::L1,shard_spec=ShardSpec{grid=[{"start":{"x":0,"y":0},"end":{"x":7,"y":1}], shape=[32, 512], orientation=ShardOrientation::ROW_MAJOR},nd_shard_spec=std::nullopt,created_with_nd_shard_spec=0) mem config. Using computed config. (matmul_device_operation.cpp:828)
2026-07-29 15:10:17.967 | warning  |              Op | Mismatch between computed MemoryConfig(memory_layout=TensorMemoryLayout::WIDTH_SHARDED,buffer_type=BufferType::L1,shard_spec=ShardSpec{grid=[{"start":{"x":0,"y":0},"end":{"x":10,"y":0}, {"start":{"x":0,"y":1},"end":{"x":4,"y":1}], shape=[32, 512], orientation=ShardOrientation::ROW_MAJOR},nd_shard_spec={"shard_shape":[32, 512],"grid":[{"start":{"x":0,"y":0},"end":{"x":10,"y":0}}, {"start":{"x":0,"y":1},"end":{"x":4,"y":1}}],"orientation":"ShardOrientation::ROW_MAJOR","shard_distribution_strategy":"ShardDistributionStrategy::ROUND_ROBIN_1D"},created_with_nd_shard_spec=0) and provided MemoryConfig(memory_layout=TensorMemoryLayout::WIDTH_SHARDED,buffer_type=BufferType::L1,shard_spec=ShardSpec{grid=[{"start":{"x":0,"y":0},"end":{"x":7,"y":1}], shape=[32, 512], orientation=ShardOrientation::ROW_MAJOR},nd_shard_spec=std::nullopt,created_with_nd_shard_spec=0) mem config. Using computed config. (matmul_device_operation.cpp:828)
2026-07-29 15:10:17.967 | warning  |              Op | Mismatch between computed MemoryConfig(memory_layout=TensorMemoryLayout::WIDTH_SHARDED,buffer_type=BufferType::L1,shard_spec=ShardSpec{grid=[{"start":{"x":0,"y":0},"end":{"x":10,"y":0}, {"start":{"x":0,"y":1},"end":{"x":4,"y":1}], shape=[32, 192], orientation=ShardOrientation::ROW_MAJOR},nd_shard_spec={"shard_shape":[32, 192],"grid":[{"start":{"x":0,"y":0},"end":{"x":10,"y":0}}, {"start":{"x":0,"y":1},"end":{"x":4,"y":1}}],"orientation":"ShardOrientation::ROW_MAJOR","shard_distribution_strategy":"ShardDistributionStrategy::ROUND_ROBIN_1D"},created_with_nd_shard_spec=0) and provided MemoryConfig(memory_layout=TensorMemoryLayout::WIDTH_SHARDED,buffer_type=BufferType::L1,shard_spec=ShardSpec{grid=[{"start":{"x":0,"y":0},"end":{"x":7,"y":1}], shape=[32, 192], orientation=ShardOrientation::ROW_MAJOR},nd_shard_spec=std::nullopt,created_with_nd_shard_spec=0) mem config. Using computed config. (matmul_device_operation.cpp:828)
PASSED

==================================== PASSES ====================================
___________________ test_optimized_decode_batch32_traced_pcc ___________________
------------------------------ Captured log call -------------------------------
WARNING  transformers_modules.microsoft.Phi_hyphen_3_dot_5_hyphen_mini_hyphen_instruct.2fe192450127e6a83f7441aef6e3ca586c338b77.modeling_phi3:modeling_phi3.py:62 `flash-attention` package not found, consider installing for better performance: No module named 'flash_attn'.
WARNING  transformers_modules.microsoft.Phi_hyphen_3_dot_5_hyphen_mini_hyphen_instruct.2fe192450127e6a83f7441aef6e3ca586c338b77.modeling_phi3:modeling_phi3.py:66 Current `flash-attention` does not support `window_size`. Either upgrade or use `attn_implementation='eager'`.
WARNING  transformers_modules.microsoft.Phi_hyphen_3_dot_5_hyphen_mini_hyphen_instruct.2fe192450127e6a83f7441aef6e3ca586c338b77.modeling_phi3:logging.py:340 You are not running the flash-attention implementation, expect numerical differences.
- generated xml file: /home/mvasiljevic/tt-metal/generated/test_reports/most_recent_tests.xml -
============================== slowest durations ===============================
8.19s call     models/autoports/microsoft_phi_3_5_mini_instruct/tests/test_optimized_decoder.py::test_full_context_decode_current_position_and_page_table
4.36s call     models/autoports/microsoft_phi_3_5_mini_instruct/tests/test_optimized_decoder.py::test_optimized_dense_layer_synthetic_prefill_decode_pcc_and_traced_decode
4.01s call     models/autoports/microsoft_phi_3_5_mini_instruct/tests/test_optimized_decoder.py::test_optimized_decode_batch32_traced_pcc
1.47s setup    models/autoports/microsoft_phi_3_5_mini_instruct/tests/test_optimized_decoder.py::test_optimized_decode_batch32_traced_pcc
0.33s setup    models/autoports/microsoft_phi_3_5_mini_instruct/tests/test_optimized_decoder.py::test_full_context_decode_current_position_and_page_table
0.32s setup    models/autoports/microsoft_phi_3_5_mini_instruct/tests/test_optimized_decoder.py::test_optimized_dense_layer_synthetic_prefill_decode_pcc_and_traced_decode
0.22s setup    models/autoports/microsoft_phi_3_5_mini_instruct/tests/test_optimized_decoder.py::test_runtime_forward_fallback_audit_static
0.13s teardown models/autoports/microsoft_phi_3_5_mini_instruct/tests/test_optimized_decoder.py::test_optimized_dense_layer_synthetic_prefill_decode_pcc_and_traced_decode
0.13s teardown models/autoports/microsoft_phi_3_5_mini_instruct/tests/test_optimized_decoder.py::test_full_context_decode_current_position_and_page_table
0.12s teardown models/autoports/microsoft_phi_3_5_mini_instruct/tests/test_optimized_decoder.py::test_optimized_decode_batch32_traced_pcc

(2 durations < 0.005s hidden.  Use -vv to show these durations.)
=========================== short test summary info ============================
PASSED models/autoports/microsoft_phi_3_5_mini_instruct/tests/test_optimized_decoder.py::test_optimized_decode_batch32_traced_pcc
PASSED models/autoports/microsoft_phi_3_5_mini_instruct/tests/test_optimized_decoder.py::test_optimized_dense_layer_synthetic_prefill_decode_pcc_and_traced_decode
PASSED models/autoports/microsoft_phi_3_5_mini_instruct/tests/test_optimized_decoder.py::test_runtime_forward_fallback_audit_static
PASSED models/autoports/microsoft_phi_3_5_mini_instruct/tests/test_optimized_decoder.py::test_full_context_decode_current_position_and_page_table
======================= 4 passed, 6 deselected in 19.82s =======================
2026-07-29 15:10:19.793 | info     |           Metal | Watcher checking device 0 (watcher_device_reader.cpp:393)
2026-07-29 15:10:19.797 | info     |           Metal | Watcher checking device 1 (watcher_device_reader.cpp:393)
2026-07-29 15:10:19.801 | info     |           Metal | Watcher checking device 2 (watcher_device_reader.cpp:393)
2026-07-29 15:10:19.805 | info     |           Metal | Watcher checking device 3 (watcher_device_reader.cpp:393)
nanobind: leaked 2 instances!
 - leaked instance 0x7ea160ee0108 of type "ttnn._ttnn.tensor.MemoryConfig"
 - leaked instance 0x7ea16165cf78 of type "ttnn._ttnn.tensor.CoreRangeSet"
nanobind: leaked 20 types!
 - leaked type "ttnn._ttnn.operations.matmul.MatmulMultiCoreReuseMultiCast1DProgramConfig"
 - leaked type "ttnn._ttnn.operations.matmul.MatmulInputs"
 - leaked type "ttnn._ttnn.operations.matmul.MatmulMultiCoreReuseMultiCastBatchedDRAMShardedProgramConfig"
 - leaked type "BufferType"
 - leaked type "UnaryOpType"
 - leaked type "Layout"
 - leaked type "ttnn._ttnn.operations.matmul.MatmulMultiCoreReuseOptimizedProgramFactory"
 - leaked type "Arch"
 - leaked type "ttnn._ttnn.operations.matmul.MatmulParams"
 - leaked type "ttnn._ttnn.tensor.CoreRangeSet"
 - ... skipped remainder
nanobind: leaked 247 functions!
 - leaked function ""
 - leaked function "volume"
 - leaked function "enable_program_cache"
 - leaked function ""
 - leaked function "compute_output_specs"
 - leaked function ""
 - leaked function "to_json"
 - leaked function ""
 - leaked function "to_json"
 - leaked function "to_json"
 - ... skipped remainder
nanobind: this is likely caused by a reference counting issue in the binding code.
See https://nanobind.readthedocs.io/en/latest/refleaks.html2026-07-29 15:10:19.884 | info     |    BuildKernels | JIT cache stats: 205/212 hits (96.7%) [205 cached, 231 build-once dedup, 0 merged artifacts, 0 merged genfiles] (build_cache_telemetry.cpp:207)
2026-07-29 15:10:19.884 | info     |    BuildKernels | JIT telemetry: 3 registered TelemetryTokens (build_cache_telemetry.cpp:230)
2026-07-29 15:10:19.885 | info     |       LLRuntime | Watcher thread stopped watching... (watcher_server.cpp:595)
2026-07-29 15:10:19.885 | info     |       LLRuntime | Watcher detached device 0 (watcher_server.cpp:181)
2026-07-29 15:10:19.885 | info     |       LLRuntime | Watcher detached device 1 (watcher_server.cpp:181)
2026-07-29 15:10:19.885 | info     |       LLRuntime | Watcher detached device 2 (watcher_server.cpp:181)
2026-07-29 15:10:19.885 | info     |       LLRuntime | Watcher detached device 3 (watcher_server.cpp:181)
2026-07-29 15:10:19.894 | info     |          Device | Closing user mode device drivers (tt_cluster.cpp:512)
2026-07-29 15:10:19.894 | info     |             UMD | Closing devices in cluster (cluster.cpp:1037)
2026-07-29 15:10:20.435 | info     |             UMD | Closing devices in cluster completed. (cluster.cpp:1046)
2026-07-29 15:10:20.435 | info     |             UMD | Cluster destructor started. (cluster.cpp:754)
2026-07-29 15:10:20.435 | info     |             UMD | Cluster destructor completed. (cluster.cpp:757)
