2026-07-29 01:42:27.426 | DEBUG    | ttnn:<module>:79 - Initial ttnn.CONFIG:
Config{cache_path=/home/mvasiljevic/.cache/ttnn,model_cache_path=/home/mvasiljevic/.cache/ttnn/models,tmp_dir=/tmp/ttnn,enable_model_cache=false,enable_fast_runtime_mode=true,throw_exception_on_fallback=false,enable_logging=false,enable_graph_report=false,enable_graph_python_stack_traces=false,enable_detailed_buffer_report=false,enable_detailed_tensor_report=false,enable_comparison_mode=false,comparison_mode_should_raise_exception=false,comparison_mode_pcc=0.9999,root_report_path=generated/ttnn/reports,report_name=std::nullopt,std::nullopt}
============================= test session starts ==============================
platform linux -- Python 3.12.13, pytest-9.0.3, pluggy-1.6.0 -- /home/mvasiljevic/tt-metal/python_env/bin/python3
cachedir: .pytest_cache
benchmark: 5.2.3 (defaults: timer=time.perf_counter disable_gc=False min_rounds=5 min_time=0.000005 max_time=1.0 calibration_precision=10 warmup=False warmup_iterations=100000)
rootdir: /home/mvasiljevic/tt-metal
configfile: pytest.ini
plugins: benchmark-5.2.3, timeout-2.4.0, anyio-4.14.2, cov-7.0.0, dash-2.15.0, split-0.11.0, github-actions-annotate-failures-0.3.0
timeout: 300.0s
timeout method: signal
timeout func_only: False
collecting ... collected 20 items

models/autoports/coherelabs_north_mini_code_1_0/tests/test_optimized_decoder.py::test_optimized_path_audit PASSED
models/autoports/coherelabs_north_mini_code_1_0/tests/test_optimized_decoder.py::test_optimized_dense_non_aligned_prefill_matches_reference[blackhole-1-mesh_device0] 2026-07-29 01:42:28.979 | info     |          Device | Opening user mode device driver (tt_cluster.cpp:228)
2026-07-29 01:42:28.979 | info     |             UMD | Cluster constructor started. (cluster.cpp:348)
2026-07-29 01:42:28.979 | info     |             UMD | Creating TopologyDiscovery for architecture: blackhole (topology_discovery.cpp:91)
2026-07-29 01:42:28.979 | info     |             UMD | Starting topology discovery. (topology_discovery.cpp:110)
2026-07-29 01:42:28.981 | info     |             UMD | Established firmware bundle version: 19.9.0 (topology_discovery.cpp:569)
2026-07-29 01:42:28.981 | info     |             UMD | Firmware bundle version 19.9.0 on the system is newer than the latest fully tested version 19.5.0 for blackhole architecture. Newest features may not be supported. (topology_discovery.cpp:601)
2026-07-29 01:42:28.985 | info     |             UMD | Completed topology discovery. (topology_discovery.cpp:114)
2026-07-29 01:42:29.064 | info     |             UMD | Opening local chip ids/PCIe ids: {0, 1, 2, 3}/[0, 1, 2, 3] and remote chip ids {} (cluster.cpp:168)
2026-07-29 01:42:29.064 | info     |             UMD | IOMMU: enabled (cluster.cpp:142)
2026-07-29 01:42:29.064 | info     |             UMD | KMD version: 2.10.0 (cluster.cpp:145)
2026-07-29 01:42:29.064 | info     |             UMD | Cluster constructor completed. (cluster.cpp:520)
2026-07-29 01:42:29.065 | info     |             UMD | Starting devices in cluster (cluster.cpp:1024)
2026-07-29 01:42:29.345 | info     |             UMD | Starting devices in cluster completed. (cluster.cpp:1032)
2026-07-29 01:42:29.469 | DEBUG    | ttnn.device:__init__:152 - Using default dispatch core type for this system: DispatchCoreType.WORKER
2026-07-29 01:42:29.469 | DEBUG    | ttnn.device:__init__:154 - Using default dispatch core axis for this system: DispatchCoreAxis.COL
2026-07-29 01:42:29.469 | info     |     Distributed | Using auto discovery to generate mesh graph. (metal_env.cpp:367)
2026-07-29 01:42:29.469 | info     |     Distributed | Constructing control plane using auto-discovery (no mesh graph descriptor). (metal_env.cpp:429)
2026-07-29 01:42:29.469 | warning  |          Always | Unknown motherboard 'B850M-C' for chip_id=0 (bus_id=0x1) — falling back to bus_id as tray_id. Add this motherboard and its bus IDs to mobo_to_bus_ids in physical_system_discovery.cpp. (physical_system_discovery.cpp:89)
2026-07-29 01:42:29.469 | warning  |          Always | Unknown motherboard 'B850M-C' for chip_id=1 (bus_id=0x2) — falling back to bus_id as tray_id. Add this motherboard and its bus IDs to mobo_to_bus_ids in physical_system_discovery.cpp. (physical_system_discovery.cpp:89)
2026-07-29 01:42:29.469 | warning  |          Always | Unknown motherboard 'B850M-C' for chip_id=2 (bus_id=0x3) — falling back to bus_id as tray_id. Add this motherboard and its bus IDs to mobo_to_bus_ids in physical_system_discovery.cpp. (physical_system_discovery.cpp:89)
2026-07-29 01:42:29.469 | warning  |          Always | Unknown motherboard 'B850M-C' for chip_id=3 (bus_id=0x4) — falling back to bus_id as tray_id. Add this motherboard and its bus IDs to mobo_to_bus_ids in physical_system_discovery.cpp. (physical_system_discovery.cpp:89)
2026-07-29 01:42:29.469 | warning  |          Always | Unknown motherboard 'B850M-C' for chip_id=1 (bus_id=0x2) — falling back to bus_id as tray_id. Add this motherboard and its bus IDs to mobo_to_bus_ids in physical_system_discovery.cpp. (physical_system_discovery.cpp:89)
2026-07-29 01:42:29.469 | warning  |          Always | Unknown motherboard 'B850M-C' for chip_id=0 (bus_id=0x1) — falling back to bus_id as tray_id. Add this motherboard and its bus IDs to mobo_to_bus_ids in physical_system_discovery.cpp. (physical_system_discovery.cpp:89)
2026-07-29 01:42:29.469 | warning  |          Always | Unknown motherboard 'B850M-C' for chip_id=2 (bus_id=0x3) — falling back to bus_id as tray_id. Add this motherboard and its bus IDs to mobo_to_bus_ids in physical_system_discovery.cpp. (physical_system_discovery.cpp:89)
2026-07-29 01:42:29.469 | warning  |          Always | Unknown motherboard 'B850M-C' for chip_id=3 (bus_id=0x4) — falling back to bus_id as tray_id. Add this motherboard and its bus IDs to mobo_to_bus_ids in physical_system_discovery.cpp. (physical_system_discovery.cpp:89)
2026-07-29 01:42:29.469 | info     |          Fabric | Logical multi-mesh adjacency: intermesh degree histogram {0:1}; intra-mesh degree histograms mesh0 {2:4} (topology_mapper_utils.cpp:2342)
2026-07-29 01:42:29.469 | info     |          Fabric | Physical multi-mesh adjacency: intermesh degree histogram {0:1}; intra-mesh degree histograms mesh0 {2:4} (topology_mapper_utils.cpp:2350)
2026-07-29 01:42:29.524 | info     |       LLRuntime | Watcher log file: models/autoports/coherelabs_north_mini_code_1_0/doc/optimized_decoder/watcher/final_rereview/generated/watcher/watcher.log (watcher_server.cpp:286)
2026-07-29 01:42:29.524 | info     |       LLRuntime | Watcher attached device 0 (watcher_server.cpp:132)
2026-07-29 01:42:29.524 | info     |       LLRuntime | Watcher attached device 1 (watcher_server.cpp:132)
2026-07-29 01:42:29.524 | info     |       LLRuntime | Watcher attached device 2 (watcher_server.cpp:132)
2026-07-29 01:42:29.524 | info     |       LLRuntime | Watcher attached device 3 (watcher_server.cpp:132)
2026-07-29 01:42:29.524 | info     |       LLRuntime | Watcher server initialized, disabled features: None (watcher_server.cpp:547)
2026-07-29 01:42:29.524 | info     |           Metal | Watcher checking device 0 (watcher_device_reader.cpp:393)
2026-07-29 01:42:29.524 | warning  |           Metal | Opening subset of mmio devices slows down UMD read/write to remote chips. If opening more devices, consider using CreateDevices API. (device_manager.cpp:261)
2026-07-29 01:42:29.528 | info     |           Metal | Watcher checking device 1 (watcher_device_reader.cpp:393)
2026-07-29 01:42:29.533 | info     |           Metal | Watcher checking device 2 (watcher_device_reader.cpp:393)
2026-07-29 01:42:29.537 | info     |           Metal | Watcher checking device 3 (watcher_device_reader.cpp:393)
2026-07-29 01:42:29.578 | info     |           Metal | ShmResourceTracker: removed orphaned shm '/tt_device_154095680356416_memory' (shm_resource_tracker.cpp:282)
2026-07-29 01:42:30.157 | info     |           Metal | [Real-time profiler] Device 3 sync complete: 100 samples, frequency=1.349990 GHz, device_time_at_sync=710813580273 cycles (realtime_profiler_manager.cpp:1127)
2026-07-29 01:42:30.173 | DEBUG    | conftest:mesh_device:599 - multidevice with 1 devices is created
optimized-dense-prefill-1: 0.9995243201376284
PASSED
models/autoports/coherelabs_north_mini_code_1_0/tests/test_optimized_decoder.py::test_optimized_traced_decode_layer_kinds_and_batches[blackhole-0-1-mesh_device0] 2026-07-29 01:42:31.547 | DEBUG    | ttnn.device:__init__:152 - Using default dispatch core type for this system: DispatchCoreType.WORKER
2026-07-29 01:42:31.547 | DEBUG    | ttnn.device:__init__:154 - Using default dispatch core axis for this system: DispatchCoreAxis.COL
2026-07-29 01:42:31.548 | info     |       LLRuntime | Watcher thread stopped watching... (watcher_server.cpp:595)
2026-07-29 01:42:31.548 | info     |       LLRuntime | Watcher detached device 0 (watcher_server.cpp:181)
2026-07-29 01:42:31.548 | info     |       LLRuntime | Watcher detached device 1 (watcher_server.cpp:181)
2026-07-29 01:42:31.548 | info     |       LLRuntime | Watcher detached device 2 (watcher_server.cpp:181)
2026-07-29 01:42:31.548 | info     |       LLRuntime | Watcher detached device 3 (watcher_server.cpp:181)
2026-07-29 01:42:31.609 | info     |       LLRuntime | Watcher log file: models/autoports/coherelabs_north_mini_code_1_0/doc/optimized_decoder/watcher/final_rereview/generated/watcher/watcher.log (watcher_server.cpp:286)
2026-07-29 01:42:31.609 | info     |       LLRuntime | Watcher attached device 0 (watcher_server.cpp:132)
2026-07-29 01:42:31.609 | info     |       LLRuntime | Watcher attached device 1 (watcher_server.cpp:132)
2026-07-29 01:42:31.609 | info     |       LLRuntime | Watcher attached device 2 (watcher_server.cpp:132)
2026-07-29 01:42:31.609 | info     |       LLRuntime | Watcher attached device 3 (watcher_server.cpp:132)
2026-07-29 01:42:31.609 | info     |       LLRuntime | Watcher server initialized, disabled features: None (watcher_server.cpp:547)
2026-07-29 01:42:31.609 | info     |           Metal | Watcher checking device 0 (watcher_device_reader.cpp:393)
2026-07-29 01:42:31.609 | warning  |           Metal | Opening subset of mmio devices slows down UMD read/write to remote chips. If opening more devices, consider using CreateDevices API. (device_manager.cpp:261)
2026-07-29 01:42:31.614 | info     |           Metal | Watcher checking device 1 (watcher_device_reader.cpp:393)
2026-07-29 01:42:31.618 | info     |           Metal | Watcher checking device 2 (watcher_device_reader.cpp:393)
2026-07-29 01:42:31.622 | info     |           Metal | Watcher checking device 3 (watcher_device_reader.cpp:393)
2026-07-29 01:42:31.666 | DEBUG    | conftest:mesh_device:599 - multidevice with 1 devices is created
optimized-layer-0-batch-1-trace: 0.9985740072779146
PASSED
models/autoports/coherelabs_north_mini_code_1_0/tests/test_optimized_decoder.py::test_optimized_decode_determinism_and_repeated_trace[blackhole-mesh_device0] 2026-07-29 01:42:32.909 | DEBUG    | ttnn.device:__init__:152 - Using default dispatch core type for this system: DispatchCoreType.WORKER
2026-07-29 01:42:32.909 | DEBUG    | ttnn.device:__init__:154 - Using default dispatch core axis for this system: DispatchCoreAxis.COL
2026-07-29 01:42:32.909 | info     |       LLRuntime | Watcher thread stopped watching... (watcher_server.cpp:595)
2026-07-29 01:42:32.909 | info     |       LLRuntime | Watcher detached device 0 (watcher_server.cpp:181)
2026-07-29 01:42:32.909 | info     |       LLRuntime | Watcher detached device 1 (watcher_server.cpp:181)
2026-07-29 01:42:32.909 | info     |       LLRuntime | Watcher detached device 2 (watcher_server.cpp:181)
2026-07-29 01:42:32.909 | info     |       LLRuntime | Watcher detached device 3 (watcher_server.cpp:181)
2026-07-29 01:42:32.972 | info     |       LLRuntime | Watcher log file: models/autoports/coherelabs_north_mini_code_1_0/doc/optimized_decoder/watcher/final_rereview/generated/watcher/watcher.log (watcher_server.cpp:286)
2026-07-29 01:42:32.972 | info     |       LLRuntime | Watcher attached device 0 (watcher_server.cpp:132)
2026-07-29 01:42:32.972 | info     |       LLRuntime | Watcher attached device 1 (watcher_server.cpp:132)
2026-07-29 01:42:32.972 | info     |       LLRuntime | Watcher attached device 2 (watcher_server.cpp:132)
2026-07-29 01:42:32.972 | info     |       LLRuntime | Watcher attached device 3 (watcher_server.cpp:132)
2026-07-29 01:42:32.972 | info     |       LLRuntime | Watcher server initialized, disabled features: None (watcher_server.cpp:547)
2026-07-29 01:42:32.972 | info     |           Metal | Watcher checking device 0 (watcher_device_reader.cpp:393)
2026-07-29 01:42:32.972 | warning  |           Metal | Opening subset of mmio devices slows down UMD read/write to remote chips. If opening more devices, consider using CreateDevices API. (device_manager.cpp:261)
2026-07-29 01:42:32.976 | info     |           Metal | Watcher checking device 1 (watcher_device_reader.cpp:393)
2026-07-29 01:42:32.980 | info     |           Metal | Watcher checking device 2 (watcher_device_reader.cpp:393)
2026-07-29 01:42:32.984 | info     |           Metal | Watcher checking device 3 (watcher_device_reader.cpp:393)
2026-07-29 01:42:33.029 | DEBUG    | conftest:mesh_device:599 - multidevice with 1 devices is created
2026-07-29 01:42:42.995 | info     |           Metal | Watcher checking device 0 (watcher_device_reader.cpp:393)
2026-07-29 01:42:42.999 | info     |           Metal | Watcher checking device 1 (watcher_device_reader.cpp:393)
2026-07-29 01:42:43.003 | info     |           Metal | Watcher checking device 2 (watcher_device_reader.cpp:393)
2026-07-29 01:42:43.008 | info     |           Metal | Watcher checking device 3 (watcher_device_reader.cpp:393)
optimized-repeated-trace: 0.9993983363134201
PASSED
models/autoports/coherelabs_north_mini_code_1_0/tests/test_optimized_decoder.py::test_optimized_real_weight_moe_decode[blackhole-1-mesh_device0] 2026-07-29 01:42:46.116 | DEBUG    | ttnn.device:__init__:152 - Using default dispatch core type for this system: DispatchCoreType.WORKER
2026-07-29 01:42:46.116 | DEBUG    | ttnn.device:__init__:154 - Using default dispatch core axis for this system: DispatchCoreAxis.COL
2026-07-29 01:42:46.116 | info     |       LLRuntime | Watcher thread stopped watching... (watcher_server.cpp:595)
2026-07-29 01:42:46.116 | info     |       LLRuntime | Watcher detached device 0 (watcher_server.cpp:181)
2026-07-29 01:42:46.116 | info     |       LLRuntime | Watcher detached device 1 (watcher_server.cpp:181)
2026-07-29 01:42:46.116 | info     |       LLRuntime | Watcher detached device 2 (watcher_server.cpp:181)
2026-07-29 01:42:46.116 | info     |       LLRuntime | Watcher detached device 3 (watcher_server.cpp:181)
2026-07-29 01:42:46.178 | info     |       LLRuntime | Watcher log file: models/autoports/coherelabs_north_mini_code_1_0/doc/optimized_decoder/watcher/final_rereview/generated/watcher/watcher.log (watcher_server.cpp:286)
2026-07-29 01:42:46.178 | info     |       LLRuntime | Watcher attached device 0 (watcher_server.cpp:132)
2026-07-29 01:42:46.178 | info     |       LLRuntime | Watcher attached device 1 (watcher_server.cpp:132)
2026-07-29 01:42:46.178 | info     |       LLRuntime | Watcher attached device 2 (watcher_server.cpp:132)
2026-07-29 01:42:46.178 | info     |       LLRuntime | Watcher attached device 3 (watcher_server.cpp:132)
2026-07-29 01:42:46.178 | info     |       LLRuntime | Watcher server initialized, disabled features: None (watcher_server.cpp:547)
2026-07-29 01:42:46.178 | warning  |           Metal | Opening subset of mmio devices slows down UMD read/write to remote chips. If opening more devices, consider using CreateDevices API. (device_manager.cpp:261)
2026-07-29 01:42:46.178 | info     |           Metal | Watcher checking device 0 (watcher_device_reader.cpp:393)
2026-07-29 01:42:46.182 | info     |           Metal | Watcher checking device 1 (watcher_device_reader.cpp:393)
2026-07-29 01:42:46.187 | info     |           Metal | Watcher checking device 2 (watcher_device_reader.cpp:393)
2026-07-29 01:42:46.191 | info     |           Metal | Watcher checking device 3 (watcher_device_reader.cpp:393)
2026-07-29 01:42:46.234 | DEBUG    | conftest:mesh_device:599 - multidevice with 1 devices is created
optimized-real-layer1-decode-selected: 0.9993107115873155
PASSED
models/autoports/coherelabs_north_mini_code_1_0/tests/test_optimized_decoder.py::test_optimized_non_aligned_sparse_prefill_exercises_active_experts[blackhole-1-1-33-mesh_device0] 2026-07-29 01:42:52.068 | DEBUG    | ttnn.device:__init__:152 - Using default dispatch core type for this system: DispatchCoreType.WORKER
2026-07-29 01:42:52.068 | DEBUG    | ttnn.device:__init__:154 - Using default dispatch core axis for this system: DispatchCoreAxis.COL
2026-07-29 01:42:52.068 | info     |       LLRuntime | Watcher thread stopped watching... (watcher_server.cpp:595)
2026-07-29 01:42:52.068 | info     |       LLRuntime | Watcher detached device 0 (watcher_server.cpp:181)
2026-07-29 01:42:52.068 | info     |       LLRuntime | Watcher detached device 1 (watcher_server.cpp:181)
2026-07-29 01:42:52.068 | info     |       LLRuntime | Watcher detached device 2 (watcher_server.cpp:181)
2026-07-29 01:42:52.068 | info     |       LLRuntime | Watcher detached device 3 (watcher_server.cpp:181)
2026-07-29 01:42:52.130 | info     |       LLRuntime | Watcher log file: models/autoports/coherelabs_north_mini_code_1_0/doc/optimized_decoder/watcher/final_rereview/generated/watcher/watcher.log (watcher_server.cpp:286)
2026-07-29 01:42:52.130 | info     |       LLRuntime | Watcher attached device 0 (watcher_server.cpp:132)
2026-07-29 01:42:52.130 | info     |       LLRuntime | Watcher attached device 1 (watcher_server.cpp:132)
2026-07-29 01:42:52.130 | info     |       LLRuntime | Watcher attached device 2 (watcher_server.cpp:132)
2026-07-29 01:42:52.130 | info     |       LLRuntime | Watcher attached device 3 (watcher_server.cpp:132)
2026-07-29 01:42:52.130 | info     |       LLRuntime | Watcher server initialized, disabled features: None (watcher_server.cpp:547)
2026-07-29 01:42:52.130 | info     |           Metal | Watcher checking device 0 (watcher_device_reader.cpp:393)
2026-07-29 01:42:52.130 | warning  |           Metal | Opening subset of mmio devices slows down UMD read/write to remote chips. If opening more devices, consider using CreateDevices API. (device_manager.cpp:261)
2026-07-29 01:42:52.135 | info     |           Metal | Watcher checking device 1 (watcher_device_reader.cpp:393)
2026-07-29 01:42:52.139 | info     |           Metal | Watcher checking device 2 (watcher_device_reader.cpp:393)
2026-07-29 01:42:52.143 | info     |           Metal | Watcher checking device 3 (watcher_device_reader.cpp:393)
2026-07-29 01:42:52.187 | DEBUG    | conftest:mesh_device:599 - multidevice with 1 devices is created
2026-07-29 01:43:02.152 | info     |           Metal | Watcher checking device 0 (watcher_device_reader.cpp:393)
2026-07-29 01:43:02.157 | info     |           Metal | Watcher checking device 1 (watcher_device_reader.cpp:393)
2026-07-29 01:43:02.161 | info     |           Metal | Watcher checking device 2 (watcher_device_reader.cpp:393)
2026-07-29 01:43:02.166 | info     |           Metal | Watcher checking device 3 (watcher_device_reader.cpp:393)
optimized-active-experts-layer-1-sample-0: 0.9988727973704348
optimized-active-experts-layer-1-sample-1: 0.9988842567133616
optimized-active-experts-layer-1-sample-2: 0.9984620347562466
optimized-active-experts-layer-1: 0.9986534215858429
PASSED
models/autoports/coherelabs_north_mini_code_1_0/tests/test_optimized_decoder.py::test_optimized_serving_prefill_exercises_selected_dense_experts[blackhole-mesh_device0-32-1] 2026-07-29 01:43:05.310 | DEBUG    | ttnn.device:__init__:152 - Using default dispatch core type for this system: DispatchCoreType.WORKER
2026-07-29 01:43:05.310 | DEBUG    | ttnn.device:__init__:154 - Using default dispatch core axis for this system: DispatchCoreAxis.COL
2026-07-29 01:43:05.310 | info     |       LLRuntime | Watcher thread stopped watching... (watcher_server.cpp:595)
2026-07-29 01:43:05.310 | info     |       LLRuntime | Watcher detached device 0 (watcher_server.cpp:181)
2026-07-29 01:43:05.310 | info     |       LLRuntime | Watcher detached device 1 (watcher_server.cpp:181)
2026-07-29 01:43:05.310 | info     |       LLRuntime | Watcher detached device 2 (watcher_server.cpp:181)
2026-07-29 01:43:05.310 | info     |       LLRuntime | Watcher detached device 3 (watcher_server.cpp:181)
2026-07-29 01:43:05.373 | info     |       LLRuntime | Watcher log file: models/autoports/coherelabs_north_mini_code_1_0/doc/optimized_decoder/watcher/final_rereview/generated/watcher/watcher.log (watcher_server.cpp:286)
2026-07-29 01:43:05.373 | info     |       LLRuntime | Watcher attached device 0 (watcher_server.cpp:132)
2026-07-29 01:43:05.373 | info     |       LLRuntime | Watcher attached device 1 (watcher_server.cpp:132)
2026-07-29 01:43:05.373 | info     |       LLRuntime | Watcher attached device 2 (watcher_server.cpp:132)
2026-07-29 01:43:05.373 | info     |       LLRuntime | Watcher attached device 3 (watcher_server.cpp:132)
2026-07-29 01:43:05.373 | info     |       LLRuntime | Watcher server initialized, disabled features: None (watcher_server.cpp:547)
2026-07-29 01:43:05.373 | info     |           Metal | Watcher checking device 0 (watcher_device_reader.cpp:393)
2026-07-29 01:43:05.373 | warning  |           Metal | Opening subset of mmio devices slows down UMD read/write to remote chips. If opening more devices, consider using CreateDevices API. (device_manager.cpp:261)
2026-07-29 01:43:05.377 | info     |           Metal | Watcher checking device 1 (watcher_device_reader.cpp:393)
2026-07-29 01:43:05.381 | info     |           Metal | Watcher checking device 2 (watcher_device_reader.cpp:393)
2026-07-29 01:43:05.385 | info     |           Metal | Watcher checking device 3 (watcher_device_reader.cpp:393)
2026-07-29 01:43:05.429 | DEBUG    | conftest:mesh_device:599 - multidevice with 1 devices is created
2026-07-29 01:43:15.395 | info     |           Metal | Watcher checking device 0 (watcher_device_reader.cpp:393)
2026-07-29 01:43:15.400 | info     |           Metal | Watcher checking device 1 (watcher_device_reader.cpp:393)
2026-07-29 01:43:15.404 | info     |           Metal | Watcher checking device 2 (watcher_device_reader.cpp:393)
2026-07-29 01:43:15.408 | info     |           Metal | Watcher checking device 3 (watcher_device_reader.cpp:393)
optimized-serving-prefill-dense-experts-b32-s1: 0.9986950605380849
PASSED
models/autoports/coherelabs_north_mini_code_1_0/tests/test_optimized_decoder.py::test_optimized_nonzero_positions_update_permuted_paged_cache[blackhole-mesh_device0] 2026-07-29 01:43:18.472 | DEBUG    | ttnn.device:__init__:152 - Using default dispatch core type for this system: DispatchCoreType.WORKER
2026-07-29 01:43:18.472 | DEBUG    | ttnn.device:__init__:154 - Using default dispatch core axis for this system: DispatchCoreAxis.COL
2026-07-29 01:43:18.472 | info     |       LLRuntime | Watcher thread stopped watching... (watcher_server.cpp:595)
2026-07-29 01:43:18.472 | info     |       LLRuntime | Watcher detached device 0 (watcher_server.cpp:181)
2026-07-29 01:43:18.472 | info     |       LLRuntime | Watcher detached device 1 (watcher_server.cpp:181)
2026-07-29 01:43:18.472 | info     |       LLRuntime | Watcher detached device 2 (watcher_server.cpp:181)
2026-07-29 01:43:18.472 | info     |       LLRuntime | Watcher detached device 3 (watcher_server.cpp:181)
2026-07-29 01:43:18.535 | info     |       LLRuntime | Watcher log file: models/autoports/coherelabs_north_mini_code_1_0/doc/optimized_decoder/watcher/final_rereview/generated/watcher/watcher.log (watcher_server.cpp:286)
2026-07-29 01:43:18.535 | info     |       LLRuntime | Watcher attached device 0 (watcher_server.cpp:132)
2026-07-29 01:43:18.536 | info     |       LLRuntime | Watcher attached device 1 (watcher_server.cpp:132)
2026-07-29 01:43:18.536 | info     |       LLRuntime | Watcher attached device 2 (watcher_server.cpp:132)
2026-07-29 01:43:18.536 | info     |       LLRuntime | Watcher attached device 3 (watcher_server.cpp:132)
2026-07-29 01:43:18.536 | info     |       LLRuntime | Watcher server initialized, disabled features: None (watcher_server.cpp:547)
2026-07-29 01:43:18.536 | info     |           Metal | Watcher checking device 0 (watcher_device_reader.cpp:393)
2026-07-29 01:43:18.536 | warning  |           Metal | Opening subset of mmio devices slows down UMD read/write to remote chips. If opening more devices, consider using CreateDevices API. (device_manager.cpp:261)
2026-07-29 01:43:18.540 | info     |           Metal | Watcher checking device 1 (watcher_device_reader.cpp:393)
2026-07-29 01:43:18.544 | info     |           Metal | Watcher checking device 2 (watcher_device_reader.cpp:393)
2026-07-29 01:43:18.548 | info     |           Metal | Watcher checking device 3 (watcher_device_reader.cpp:393)
2026-07-29 01:43:18.592 | DEBUG    | conftest:mesh_device:599 - multidevice with 1 devices is created
optimized-key-slot-0: 0.9996025813346687
optimized-value-slot-0: 0.9995725880640207
optimized-key-slot-1: 0.9996347893098573
optimized-value-slot-1: 0.9996804270890144
optimized-key-slot-2: 0.9996612522360236
optimized-value-slot-2: 0.9996726543833383
optimized-key-slot-3: 0.9996832392036119
optimized-value-slot-3: 0.9997023905616331
PASSED
models/autoports/coherelabs_north_mini_code_1_0/tests/test_optimized_decoder.py::test_optimized_real_weight_dense_precision_policy[blackhole-decode-mesh_device0] 2026-07-29 01:43:19.805 | DEBUG    | ttnn.device:__init__:152 - Using default dispatch core type for this system: DispatchCoreType.WORKER
2026-07-29 01:43:19.806 | DEBUG    | ttnn.device:__init__:154 - Using default dispatch core axis for this system: DispatchCoreAxis.COL
2026-07-29 01:43:19.806 | info     |       LLRuntime | Watcher thread stopped watching... (watcher_server.cpp:595)
2026-07-29 01:43:19.806 | info     |       LLRuntime | Watcher detached device 0 (watcher_server.cpp:181)
2026-07-29 01:43:19.806 | info     |       LLRuntime | Watcher detached device 1 (watcher_server.cpp:181)
2026-07-29 01:43:19.806 | info     |       LLRuntime | Watcher detached device 2 (watcher_server.cpp:181)
2026-07-29 01:43:19.806 | info     |       LLRuntime | Watcher detached device 3 (watcher_server.cpp:181)
2026-07-29 01:43:19.868 | info     |       LLRuntime | Watcher log file: models/autoports/coherelabs_north_mini_code_1_0/doc/optimized_decoder/watcher/final_rereview/generated/watcher/watcher.log (watcher_server.cpp:286)
2026-07-29 01:43:19.868 | info     |       LLRuntime | Watcher attached device 0 (watcher_server.cpp:132)
2026-07-29 01:43:19.868 | info     |       LLRuntime | Watcher attached device 1 (watcher_server.cpp:132)
2026-07-29 01:43:19.868 | info     |       LLRuntime | Watcher attached device 2 (watcher_server.cpp:132)
2026-07-29 01:43:19.868 | info     |       LLRuntime | Watcher attached device 3 (watcher_server.cpp:132)
2026-07-29 01:43:19.868 | info     |       LLRuntime | Watcher server initialized, disabled features: None (watcher_server.cpp:547)
2026-07-29 01:43:19.868 | warning  |           Metal | Opening subset of mmio devices slows down UMD read/write to remote chips. If opening more devices, consider using CreateDevices API. (device_manager.cpp:261)
2026-07-29 01:43:19.868 | info     |           Metal | Watcher checking device 0 (watcher_device_reader.cpp:393)
2026-07-29 01:43:19.872 | info     |           Metal | Watcher checking device 1 (watcher_device_reader.cpp:393)
2026-07-29 01:43:19.876 | info     |           Metal | Watcher checking device 2 (watcher_device_reader.cpp:393)
2026-07-29 01:43:19.880 | info     |           Metal | Watcher checking device 3 (watcher_device_reader.cpp:393)
2026-07-29 01:43:19.924 | DEBUG    | conftest:mesh_device:599 - multidevice with 1 devices is created
optimized-real-layer0-decode-selected: 0.998001316307567
PASSED
models/autoports/coherelabs_north_mini_code_1_0/tests/test_optimized_decoder.py::test_optimized_dense_non_aligned_prefill_matches_reference[blackhole-31-mesh_device0] 2026-07-29 01:43:21.543 | DEBUG    | ttnn.device:__init__:152 - Using default dispatch core type for this system: DispatchCoreType.WORKER
2026-07-29 01:43:21.543 | DEBUG    | ttnn.device:__init__:154 - Using default dispatch core axis for this system: DispatchCoreAxis.COL
2026-07-29 01:43:21.543 | info     |       LLRuntime | Watcher thread stopped watching... (watcher_server.cpp:595)
2026-07-29 01:43:21.543 | info     |       LLRuntime | Watcher detached device 0 (watcher_server.cpp:181)
2026-07-29 01:43:21.543 | info     |       LLRuntime | Watcher detached device 1 (watcher_server.cpp:181)
2026-07-29 01:43:21.543 | info     |       LLRuntime | Watcher detached device 2 (watcher_server.cpp:181)
2026-07-29 01:43:21.543 | info     |       LLRuntime | Watcher detached device 3 (watcher_server.cpp:181)
2026-07-29 01:43:21.606 | info     |       LLRuntime | Watcher log file: models/autoports/coherelabs_north_mini_code_1_0/doc/optimized_decoder/watcher/final_rereview/generated/watcher/watcher.log (watcher_server.cpp:286)
2026-07-29 01:43:21.607 | info     |       LLRuntime | Watcher attached device 0 (watcher_server.cpp:132)
2026-07-29 01:43:21.607 | info     |       LLRuntime | Watcher attached device 1 (watcher_server.cpp:132)
2026-07-29 01:43:21.607 | info     |       LLRuntime | Watcher attached device 2 (watcher_server.cpp:132)
2026-07-29 01:43:21.607 | info     |       LLRuntime | Watcher attached device 3 (watcher_server.cpp:132)
2026-07-29 01:43:21.607 | info     |       LLRuntime | Watcher server initialized, disabled features: None (watcher_server.cpp:547)
2026-07-29 01:43:21.607 | info     |           Metal | Watcher checking device 0 (watcher_device_reader.cpp:393)
2026-07-29 01:43:21.607 | warning  |           Metal | Opening subset of mmio devices slows down UMD read/write to remote chips. If opening more devices, consider using CreateDevices API. (device_manager.cpp:261)
2026-07-29 01:43:21.611 | info     |           Metal | Watcher checking device 1 (watcher_device_reader.cpp:393)
2026-07-29 01:43:21.615 | info     |           Metal | Watcher checking device 2 (watcher_device_reader.cpp:393)
2026-07-29 01:43:21.619 | info     |           Metal | Watcher checking device 3 (watcher_device_reader.cpp:393)
2026-07-29 01:43:21.663 | DEBUG    | conftest:mesh_device:599 - multidevice with 1 devices is created
optimized-dense-prefill-31: 0.9991306290137885
PASSED
models/autoports/coherelabs_north_mini_code_1_0/tests/test_optimized_decoder.py::test_optimized_traced_decode_layer_kinds_and_batches[blackhole-0-32-mesh_device0] 2026-07-29 01:43:22.889 | DEBUG    | ttnn.device:__init__:152 - Using default dispatch core type for this system: DispatchCoreType.WORKER
2026-07-29 01:43:22.889 | DEBUG    | ttnn.device:__init__:154 - Using default dispatch core axis for this system: DispatchCoreAxis.COL
2026-07-29 01:43:22.889 | info     |       LLRuntime | Watcher thread stopped watching... (watcher_server.cpp:595)
2026-07-29 01:43:22.890 | info     |       LLRuntime | Watcher detached device 0 (watcher_server.cpp:181)
2026-07-29 01:43:22.890 | info     |       LLRuntime | Watcher detached device 1 (watcher_server.cpp:181)
2026-07-29 01:43:22.890 | info     |       LLRuntime | Watcher detached device 2 (watcher_server.cpp:181)
2026-07-29 01:43:22.890 | info     |       LLRuntime | Watcher detached device 3 (watcher_server.cpp:181)
2026-07-29 01:43:22.953 | info     |       LLRuntime | Watcher log file: models/autoports/coherelabs_north_mini_code_1_0/doc/optimized_decoder/watcher/final_rereview/generated/watcher/watcher.log (watcher_server.cpp:286)
2026-07-29 01:43:22.953 | info     |       LLRuntime | Watcher attached device 0 (watcher_server.cpp:132)
2026-07-29 01:43:22.953 | info     |       LLRuntime | Watcher attached device 1 (watcher_server.cpp:132)
2026-07-29 01:43:22.953 | info     |       LLRuntime | Watcher attached device 2 (watcher_server.cpp:132)
2026-07-29 01:43:22.953 | info     |       LLRuntime | Watcher attached device 3 (watcher_server.cpp:132)
2026-07-29 01:43:22.953 | info     |       LLRuntime | Watcher server initialized, disabled features: None (watcher_server.cpp:547)
2026-07-29 01:43:22.953 | info     |           Metal | Watcher checking device 0 (watcher_device_reader.cpp:393)
2026-07-29 01:43:22.953 | warning  |           Metal | Opening subset of mmio devices slows down UMD read/write to remote chips. If opening more devices, consider using CreateDevices API. (device_manager.cpp:261)
2026-07-29 01:43:22.957 | info     |           Metal | Watcher checking device 1 (watcher_device_reader.cpp:393)
2026-07-29 01:43:22.961 | info     |           Metal | Watcher checking device 2 (watcher_device_reader.cpp:393)
2026-07-29 01:43:22.965 | info     |           Metal | Watcher checking device 3 (watcher_device_reader.cpp:393)
2026-07-29 01:43:23.009 | DEBUG    | conftest:mesh_device:599 - multidevice with 1 devices is created
optimized-layer-0-batch-32-trace: 0.9985069367762197
PASSED
models/autoports/coherelabs_north_mini_code_1_0/tests/test_optimized_decoder.py::test_optimized_real_weight_moe_decode[blackhole-4-mesh_device0] 2026-07-29 01:43:24.266 | DEBUG    | ttnn.device:__init__:152 - Using default dispatch core type for this system: DispatchCoreType.WORKER
2026-07-29 01:43:24.266 | DEBUG    | ttnn.device:__init__:154 - Using default dispatch core axis for this system: DispatchCoreAxis.COL
2026-07-29 01:43:24.266 | info     |       LLRuntime | Watcher thread stopped watching... (watcher_server.cpp:595)
2026-07-29 01:43:24.266 | info     |       LLRuntime | Watcher detached device 0 (watcher_server.cpp:181)
2026-07-29 01:43:24.266 | info     |       LLRuntime | Watcher detached device 1 (watcher_server.cpp:181)
2026-07-29 01:43:24.266 | info     |       LLRuntime | Watcher detached device 2 (watcher_server.cpp:181)
2026-07-29 01:43:24.266 | info     |       LLRuntime | Watcher detached device 3 (watcher_server.cpp:181)
2026-07-29 01:43:24.330 | info     |       LLRuntime | Watcher log file: models/autoports/coherelabs_north_mini_code_1_0/doc/optimized_decoder/watcher/final_rereview/generated/watcher/watcher.log (watcher_server.cpp:286)
2026-07-29 01:43:24.330 | info     |       LLRuntime | Watcher attached device 0 (watcher_server.cpp:132)
2026-07-29 01:43:24.330 | info     |       LLRuntime | Watcher attached device 1 (watcher_server.cpp:132)
2026-07-29 01:43:24.330 | info     |       LLRuntime | Watcher attached device 2 (watcher_server.cpp:132)
2026-07-29 01:43:24.330 | info     |       LLRuntime | Watcher attached device 3 (watcher_server.cpp:132)
2026-07-29 01:43:24.330 | info     |       LLRuntime | Watcher server initialized, disabled features: None (watcher_server.cpp:547)
2026-07-29 01:43:24.330 | info     |           Metal | Watcher checking device 0 (watcher_device_reader.cpp:393)
2026-07-29 01:43:24.330 | warning  |           Metal | Opening subset of mmio devices slows down UMD read/write to remote chips. If opening more devices, consider using CreateDevices API. (device_manager.cpp:261)
2026-07-29 01:43:24.334 | info     |           Metal | Watcher checking device 1 (watcher_device_reader.cpp:393)
2026-07-29 01:43:24.338 | info     |           Metal | Watcher checking device 2 (watcher_device_reader.cpp:393)
2026-07-29 01:43:24.342 | info     |           Metal | Watcher checking device 3 (watcher_device_reader.cpp:393)
2026-07-29 01:43:24.387 | DEBUG    | conftest:mesh_device:599 - multidevice with 1 devices is created
optimized-real-layer4-decode-selected: 0.9997418046523754
PASSED
models/autoports/coherelabs_north_mini_code_1_0/tests/test_optimized_decoder.py::test_optimized_non_aligned_sparse_prefill_exercises_active_experts[blackhole-4-1-33-mesh_device0] 2026-07-29 01:43:30.877 | DEBUG    | ttnn.device:__init__:152 - Using default dispatch core type for this system: DispatchCoreType.WORKER
2026-07-29 01:43:30.877 | DEBUG    | ttnn.device:__init__:154 - Using default dispatch core axis for this system: DispatchCoreAxis.COL
2026-07-29 01:43:30.877 | info     |       LLRuntime | Watcher thread stopped watching... (watcher_server.cpp:595)
2026-07-29 01:43:30.877 | info     |       LLRuntime | Watcher detached device 0 (watcher_server.cpp:181)
2026-07-29 01:43:30.877 | info     |       LLRuntime | Watcher detached device 1 (watcher_server.cpp:181)
2026-07-29 01:43:30.877 | info     |       LLRuntime | Watcher detached device 2 (watcher_server.cpp:181)
2026-07-29 01:43:30.877 | info     |       LLRuntime | Watcher detached device 3 (watcher_server.cpp:181)
2026-07-29 01:43:30.940 | info     |       LLRuntime | Watcher log file: models/autoports/coherelabs_north_mini_code_1_0/doc/optimized_decoder/watcher/final_rereview/generated/watcher/watcher.log (watcher_server.cpp:286)
2026-07-29 01:43:30.940 | info     |       LLRuntime | Watcher attached device 0 (watcher_server.cpp:132)
2026-07-29 01:43:30.940 | info     |       LLRuntime | Watcher attached device 1 (watcher_server.cpp:132)
2026-07-29 01:43:30.940 | info     |       LLRuntime | Watcher attached device 2 (watcher_server.cpp:132)
2026-07-29 01:43:30.940 | info     |       LLRuntime | Watcher attached device 3 (watcher_server.cpp:132)
2026-07-29 01:43:30.940 | info     |       LLRuntime | Watcher server initialized, disabled features: None (watcher_server.cpp:547)
2026-07-29 01:43:30.940 | warning  |           Metal | Opening subset of mmio devices slows down UMD read/write to remote chips. If opening more devices, consider using CreateDevices API. (device_manager.cpp:261)
2026-07-29 01:43:30.940 | info     |           Metal | Watcher checking device 0 (watcher_device_reader.cpp:393)
2026-07-29 01:43:30.944 | info     |           Metal | Watcher checking device 1 (watcher_device_reader.cpp:393)
2026-07-29 01:43:30.948 | info     |           Metal | Watcher checking device 2 (watcher_device_reader.cpp:393)
2026-07-29 01:43:30.952 | info     |           Metal | Watcher checking device 3 (watcher_device_reader.cpp:393)
2026-07-29 01:43:31.570 | info     |           Metal | [Real-time profiler] Device 3 sync complete: 100 samples, frequency=1.349996 GHz, device_time_at_sync=793720662864 cycles (realtime_profiler_manager.cpp:1127)
2026-07-29 01:43:31.584 | DEBUG    | conftest:mesh_device:599 - multidevice with 1 devices is created
2026-07-29 01:43:40.962 | info     |           Metal | Watcher checking device 0 (watcher_device_reader.cpp:393)
2026-07-29 01:43:40.967 | info     |           Metal | Watcher checking device 1 (watcher_device_reader.cpp:393)
2026-07-29 01:43:40.971 | info     |           Metal | Watcher checking device 2 (watcher_device_reader.cpp:393)
2026-07-29 01:43:40.975 | info     |           Metal | Watcher checking device 3 (watcher_device_reader.cpp:393)
optimized-active-experts-layer-4-sample-0: 0.9986377632494955
optimized-active-experts-layer-4-sample-1: 0.9985009174725933
optimized-active-experts-layer-4-sample-2: 0.9985617123953072
optimized-active-experts-layer-4: 0.9985600302117729
PASSED
models/autoports/coherelabs_north_mini_code_1_0/tests/test_optimized_decoder.py::test_optimized_serving_prefill_exercises_selected_dense_experts[blackhole-mesh_device0-2-33] 2026-07-29 01:43:44.675 | DEBUG    | ttnn.device:__init__:152 - Using default dispatch core type for this system: DispatchCoreType.WORKER
2026-07-29 01:43:44.675 | DEBUG    | ttnn.device:__init__:154 - Using default dispatch core axis for this system: DispatchCoreAxis.COL
2026-07-29 01:43:44.675 | info     |       LLRuntime | Watcher thread stopped watching... (watcher_server.cpp:595)
2026-07-29 01:43:44.675 | info     |       LLRuntime | Watcher detached device 0 (watcher_server.cpp:181)
2026-07-29 01:43:44.676 | info     |       LLRuntime | Watcher detached device 1 (watcher_server.cpp:181)
2026-07-29 01:43:44.676 | info     |       LLRuntime | Watcher detached device 2 (watcher_server.cpp:181)
2026-07-29 01:43:44.676 | info     |       LLRuntime | Watcher detached device 3 (watcher_server.cpp:181)
2026-07-29 01:43:44.738 | info     |       LLRuntime | Watcher log file: models/autoports/coherelabs_north_mini_code_1_0/doc/optimized_decoder/watcher/final_rereview/generated/watcher/watcher.log (watcher_server.cpp:286)
2026-07-29 01:43:44.738 | info     |       LLRuntime | Watcher attached device 0 (watcher_server.cpp:132)
2026-07-29 01:43:44.738 | info     |       LLRuntime | Watcher attached device 1 (watcher_server.cpp:132)
2026-07-29 01:43:44.738 | info     |       LLRuntime | Watcher attached device 2 (watcher_server.cpp:132)
2026-07-29 01:43:44.738 | info     |       LLRuntime | Watcher attached device 3 (watcher_server.cpp:132)
2026-07-29 01:43:44.739 | info     |       LLRuntime | Watcher server initialized, disabled features: None (watcher_server.cpp:547)
2026-07-29 01:43:44.739 | warning  |           Metal | Opening subset of mmio devices slows down UMD read/write to remote chips. If opening more devices, consider using CreateDevices API. (device_manager.cpp:261)
2026-07-29 01:43:44.739 | info     |           Metal | Watcher checking device 0 (watcher_device_reader.cpp:393)
2026-07-29 01:43:44.743 | info     |           Metal | Watcher checking device 1 (watcher_device_reader.cpp:393)
2026-07-29 01:43:44.747 | info     |           Metal | Watcher checking device 2 (watcher_device_reader.cpp:393)
2026-07-29 01:43:44.751 | info     |           Metal | Watcher checking device 3 (watcher_device_reader.cpp:393)
2026-07-29 01:43:44.795 | DEBUG    | conftest:mesh_device:599 - multidevice with 1 devices is created
2026-07-29 01:43:54.761 | info     |           Metal | Watcher checking device 0 (watcher_device_reader.cpp:393)
2026-07-29 01:43:54.766 | info     |           Metal | Watcher checking device 1 (watcher_device_reader.cpp:393)
2026-07-29 01:43:54.770 | info     |           Metal | Watcher checking device 2 (watcher_device_reader.cpp:393)
2026-07-29 01:43:54.774 | info     |           Metal | Watcher checking device 3 (watcher_device_reader.cpp:393)
optimized-serving-prefill-dense-experts-b2-s33: 0.998729456116199
PASSED
models/autoports/coherelabs_north_mini_code_1_0/tests/test_optimized_decoder.py::test_optimized_real_weight_dense_precision_policy[blackhole-prefill-mesh_device0] 2026-07-29 01:43:57.883 | DEBUG    | ttnn.device:__init__:152 - Using default dispatch core type for this system: DispatchCoreType.WORKER
2026-07-29 01:43:57.883 | DEBUG    | ttnn.device:__init__:154 - Using default dispatch core axis for this system: DispatchCoreAxis.COL
2026-07-29 01:43:57.883 | info     |       LLRuntime | Watcher thread stopped watching... (watcher_server.cpp:595)
2026-07-29 01:43:57.883 | info     |       LLRuntime | Watcher detached device 0 (watcher_server.cpp:181)
2026-07-29 01:43:57.883 | info     |       LLRuntime | Watcher detached device 1 (watcher_server.cpp:181)
2026-07-29 01:43:57.883 | info     |       LLRuntime | Watcher detached device 2 (watcher_server.cpp:181)
2026-07-29 01:43:57.883 | info     |       LLRuntime | Watcher detached device 3 (watcher_server.cpp:181)
2026-07-29 01:43:57.946 | info     |       LLRuntime | Watcher log file: models/autoports/coherelabs_north_mini_code_1_0/doc/optimized_decoder/watcher/final_rereview/generated/watcher/watcher.log (watcher_server.cpp:286)
2026-07-29 01:43:57.946 | info     |       LLRuntime | Watcher attached device 0 (watcher_server.cpp:132)
2026-07-29 01:43:57.946 | info     |       LLRuntime | Watcher attached device 1 (watcher_server.cpp:132)
2026-07-29 01:43:57.946 | info     |       LLRuntime | Watcher attached device 2 (watcher_server.cpp:132)
2026-07-29 01:43:57.946 | info     |       LLRuntime | Watcher attached device 3 (watcher_server.cpp:132)
2026-07-29 01:43:57.946 | info     |       LLRuntime | Watcher server initialized, disabled features: None (watcher_server.cpp:547)
2026-07-29 01:43:57.946 | warning  |           Metal | Opening subset of mmio devices slows down UMD read/write to remote chips. If opening more devices, consider using CreateDevices API. (device_manager.cpp:261)
2026-07-29 01:43:57.946 | info     |           Metal | Watcher checking device 0 (watcher_device_reader.cpp:393)
2026-07-29 01:43:57.950 | info     |           Metal | Watcher checking device 1 (watcher_device_reader.cpp:393)
2026-07-29 01:43:57.954 | info     |           Metal | Watcher checking device 2 (watcher_device_reader.cpp:393)
2026-07-29 01:43:57.958 | info     |           Metal | Watcher checking device 3 (watcher_device_reader.cpp:393)
2026-07-29 01:43:58.002 | DEBUG    | conftest:mesh_device:599 - multidevice with 1 devices is created
optimized-real-layer0-prefill-selected: 0.9985804028816903
PASSED
models/autoports/coherelabs_north_mini_code_1_0/tests/test_optimized_decoder.py::test_optimized_dense_non_aligned_prefill_matches_reference[blackhole-33-mesh_device0] 2026-07-29 01:43:58.784 | DEBUG    | ttnn.device:__init__:152 - Using default dispatch core type for this system: DispatchCoreType.WORKER
2026-07-29 01:43:58.784 | DEBUG    | ttnn.device:__init__:154 - Using default dispatch core axis for this system: DispatchCoreAxis.COL
2026-07-29 01:43:58.784 | info     |       LLRuntime | Watcher thread stopped watching... (watcher_server.cpp:595)
2026-07-29 01:43:58.784 | info     |       LLRuntime | Watcher detached device 0 (watcher_server.cpp:181)
2026-07-29 01:43:58.784 | info     |       LLRuntime | Watcher detached device 1 (watcher_server.cpp:181)
2026-07-29 01:43:58.784 | info     |       LLRuntime | Watcher detached device 2 (watcher_server.cpp:181)
2026-07-29 01:43:58.784 | info     |       LLRuntime | Watcher detached device 3 (watcher_server.cpp:181)
2026-07-29 01:43:58.847 | info     |       LLRuntime | Watcher log file: models/autoports/coherelabs_north_mini_code_1_0/doc/optimized_decoder/watcher/final_rereview/generated/watcher/watcher.log (watcher_server.cpp:286)
2026-07-29 01:43:58.847 | info     |       LLRuntime | Watcher attached device 0 (watcher_server.cpp:132)
2026-07-29 01:43:58.847 | info     |       LLRuntime | Watcher attached device 1 (watcher_server.cpp:132)
2026-07-29 01:43:58.847 | info     |       LLRuntime | Watcher attached device 2 (watcher_server.cpp:132)
2026-07-29 01:43:58.847 | info     |       LLRuntime | Watcher attached device 3 (watcher_server.cpp:132)
2026-07-29 01:43:58.847 | info     |       LLRuntime | Watcher server initialized, disabled features: None (watcher_server.cpp:547)
2026-07-29 01:43:58.847 | info     |           Metal | Watcher checking device 0 (watcher_device_reader.cpp:393)
2026-07-29 01:43:58.847 | warning  |           Metal | Opening subset of mmio devices slows down UMD read/write to remote chips. If opening more devices, consider using CreateDevices API. (device_manager.cpp:261)
2026-07-29 01:43:58.852 | info     |           Metal | Watcher checking device 1 (watcher_device_reader.cpp:393)
2026-07-29 01:43:58.856 | info     |           Metal | Watcher checking device 2 (watcher_device_reader.cpp:393)
2026-07-29 01:43:58.860 | info     |           Metal | Watcher checking device 3 (watcher_device_reader.cpp:393)
2026-07-29 01:43:58.905 | DEBUG    | conftest:mesh_device:599 - multidevice with 1 devices is created
optimized-dense-prefill-33: 0.9991384469700365
PASSED
models/autoports/coherelabs_north_mini_code_1_0/tests/test_optimized_decoder.py::test_optimized_traced_decode_layer_kinds_and_batches[blackhole-1-1-mesh_device0] 2026-07-29 01:44:00.137 | DEBUG    | ttnn.device:__init__:152 - Using default dispatch core type for this system: DispatchCoreType.WORKER
2026-07-29 01:44:00.138 | DEBUG    | ttnn.device:__init__:154 - Using default dispatch core axis for this system: DispatchCoreAxis.COL
2026-07-29 01:44:00.138 | info     |       LLRuntime | Watcher thread stopped watching... (watcher_server.cpp:595)
2026-07-29 01:44:00.138 | info     |       LLRuntime | Watcher detached device 0 (watcher_server.cpp:181)
2026-07-29 01:44:00.138 | info     |       LLRuntime | Watcher detached device 1 (watcher_server.cpp:181)
2026-07-29 01:44:00.138 | info     |       LLRuntime | Watcher detached device 2 (watcher_server.cpp:181)
2026-07-29 01:44:00.138 | info     |       LLRuntime | Watcher detached device 3 (watcher_server.cpp:181)
2026-07-29 01:44:00.201 | info     |       LLRuntime | Watcher log file: models/autoports/coherelabs_north_mini_code_1_0/doc/optimized_decoder/watcher/final_rereview/generated/watcher/watcher.log (watcher_server.cpp:286)
2026-07-29 01:44:00.201 | info     |       LLRuntime | Watcher attached device 0 (watcher_server.cpp:132)
2026-07-29 01:44:00.201 | info     |       LLRuntime | Watcher attached device 1 (watcher_server.cpp:132)
2026-07-29 01:44:00.201 | info     |       LLRuntime | Watcher attached device 2 (watcher_server.cpp:132)
2026-07-29 01:44:00.201 | info     |       LLRuntime | Watcher attached device 3 (watcher_server.cpp:132)
2026-07-29 01:44:00.201 | info     |       LLRuntime | Watcher server initialized, disabled features: None (watcher_server.cpp:547)
2026-07-29 01:44:00.201 | info     |           Metal | Watcher checking device 0 (watcher_device_reader.cpp:393)
2026-07-29 01:44:00.201 | warning  |           Metal | Opening subset of mmio devices slows down UMD read/write to remote chips. If opening more devices, consider using CreateDevices API. (device_manager.cpp:261)
2026-07-29 01:44:00.205 | info     |           Metal | Watcher checking device 1 (watcher_device_reader.cpp:393)
2026-07-29 01:44:00.209 | info     |           Metal | Watcher checking device 2 (watcher_device_reader.cpp:393)
2026-07-29 01:44:00.213 | info     |           Metal | Watcher checking device 3 (watcher_device_reader.cpp:393)
2026-07-29 01:44:00.257 | DEBUG    | conftest:mesh_device:599 - multidevice with 1 devices is created
2026-07-29 01:44:10.223 | info     |           Metal | Watcher checking device 0 (watcher_device_reader.cpp:393)
2026-07-29 01:44:10.228 | info     |           Metal | Watcher checking device 1 (watcher_device_reader.cpp:393)
2026-07-29 01:44:10.232 | info     |           Metal | Watcher checking device 2 (watcher_device_reader.cpp:393)
2026-07-29 01:44:10.236 | info     |           Metal | Watcher checking device 3 (watcher_device_reader.cpp:393)
optimized-layer-1-batch-1-trace: 0.9992708910347914
PASSED
models/autoports/coherelabs_north_mini_code_1_0/tests/test_optimized_decoder.py::test_optimized_dense_non_aligned_prefill_matches_reference[blackhole-65-mesh_device0] 2026-07-29 01:44:13.303 | DEBUG    | ttnn.device:__init__:152 - Using default dispatch core type for this system: DispatchCoreType.WORKER
2026-07-29 01:44:13.304 | DEBUG    | ttnn.device:__init__:154 - Using default dispatch core axis for this system: DispatchCoreAxis.COL
2026-07-29 01:44:13.304 | info     |       LLRuntime | Watcher thread stopped watching... (watcher_server.cpp:595)
2026-07-29 01:44:13.304 | info     |       LLRuntime | Watcher detached device 0 (watcher_server.cpp:181)
2026-07-29 01:44:13.304 | info     |       LLRuntime | Watcher detached device 1 (watcher_server.cpp:181)
2026-07-29 01:44:13.304 | info     |       LLRuntime | Watcher detached device 2 (watcher_server.cpp:181)
2026-07-29 01:44:13.304 | info     |       LLRuntime | Watcher detached device 3 (watcher_server.cpp:181)
2026-07-29 01:44:13.367 | info     |       LLRuntime | Watcher log file: models/autoports/coherelabs_north_mini_code_1_0/doc/optimized_decoder/watcher/final_rereview/generated/watcher/watcher.log (watcher_server.cpp:286)
2026-07-29 01:44:13.367 | info     |       LLRuntime | Watcher attached device 0 (watcher_server.cpp:132)
2026-07-29 01:44:13.367 | info     |       LLRuntime | Watcher attached device 1 (watcher_server.cpp:132)
2026-07-29 01:44:13.367 | info     |       LLRuntime | Watcher attached device 2 (watcher_server.cpp:132)
2026-07-29 01:44:13.367 | info     |       LLRuntime | Watcher attached device 3 (watcher_server.cpp:132)
2026-07-29 01:44:13.367 | info     |       LLRuntime | Watcher server initialized, disabled features: None (watcher_server.cpp:547)
2026-07-29 01:44:13.367 | warning  |           Metal | Opening subset of mmio devices slows down UMD read/write to remote chips. If opening more devices, consider using CreateDevices API. (device_manager.cpp:261)
2026-07-29 01:44:13.367 | info     |           Metal | Watcher checking device 0 (watcher_device_reader.cpp:393)
2026-07-29 01:44:13.371 | info     |           Metal | Watcher checking device 1 (watcher_device_reader.cpp:393)
2026-07-29 01:44:13.375 | info     |           Metal | Watcher checking device 2 (watcher_device_reader.cpp:393)
2026-07-29 01:44:13.379 | info     |           Metal | Watcher checking device 3 (watcher_device_reader.cpp:393)
2026-07-29 01:44:13.424 | DEBUG    | conftest:mesh_device:599 - multidevice with 1 devices is created
optimized-dense-prefill-65: 0.9991306015683183
PASSED
models/autoports/coherelabs_north_mini_code_1_0/tests/test_optimized_decoder.py::test_optimized_traced_decode_layer_kinds_and_batches[blackhole-1-32-mesh_device0] 2026-07-29 01:44:14.659 | DEBUG    | ttnn.device:__init__:152 - Using default dispatch core type for this system: DispatchCoreType.WORKER
2026-07-29 01:44:14.659 | DEBUG    | ttnn.device:__init__:154 - Using default dispatch core axis for this system: DispatchCoreAxis.COL
2026-07-29 01:44:14.659 | info     |       LLRuntime | Watcher thread stopped watching... (watcher_server.cpp:595)
2026-07-29 01:44:14.659 | info     |       LLRuntime | Watcher detached device 0 (watcher_server.cpp:181)
2026-07-29 01:44:14.659 | info     |       LLRuntime | Watcher detached device 1 (watcher_server.cpp:181)
2026-07-29 01:44:14.659 | info     |       LLRuntime | Watcher detached device 2 (watcher_server.cpp:181)
2026-07-29 01:44:14.659 | info     |       LLRuntime | Watcher detached device 3 (watcher_server.cpp:181)
2026-07-29 01:44:14.722 | info     |       LLRuntime | Watcher log file: models/autoports/coherelabs_north_mini_code_1_0/doc/optimized_decoder/watcher/final_rereview/generated/watcher/watcher.log (watcher_server.cpp:286)
2026-07-29 01:44:14.722 | info     |       LLRuntime | Watcher attached device 0 (watcher_server.cpp:132)
2026-07-29 01:44:14.722 | info     |       LLRuntime | Watcher attached device 1 (watcher_server.cpp:132)
2026-07-29 01:44:14.722 | info     |       LLRuntime | Watcher attached device 2 (watcher_server.cpp:132)
2026-07-29 01:44:14.722 | info     |       LLRuntime | Watcher attached device 3 (watcher_server.cpp:132)
2026-07-29 01:44:14.722 | info     |       LLRuntime | Watcher server initialized, disabled features: None (watcher_server.cpp:547)
2026-07-29 01:44:14.722 | info     |           Metal | Watcher checking device 0 (watcher_device_reader.cpp:393)
2026-07-29 01:44:14.722 | warning  |           Metal | Opening subset of mmio devices slows down UMD read/write to remote chips. If opening more devices, consider using CreateDevices API. (device_manager.cpp:261)
2026-07-29 01:44:14.726 | info     |           Metal | Watcher checking device 1 (watcher_device_reader.cpp:393)
2026-07-29 01:44:14.730 | info     |           Metal | Watcher checking device 2 (watcher_device_reader.cpp:393)
2026-07-29 01:44:14.734 | info     |           Metal | Watcher checking device 3 (watcher_device_reader.cpp:393)
2026-07-29 01:44:14.778 | DEBUG    | conftest:mesh_device:599 - multidevice with 1 devices is created
2026-07-29 01:44:24.743 | info     |           Metal | Watcher checking device 0 (watcher_device_reader.cpp:393)
2026-07-29 01:44:24.748 | info     |           Metal | Watcher checking device 1 (watcher_device_reader.cpp:393)
2026-07-29 01:44:24.752 | info     |           Metal | Watcher checking device 2 (watcher_device_reader.cpp:393)
2026-07-29 01:44:24.756 | info     |           Metal | Watcher checking device 3 (watcher_device_reader.cpp:393)
optimized-layer-1-batch-32-trace: 0.9983738472653395
PASSED
models/autoports/coherelabs_north_mini_code_1_0/tests/test_optimized_decoder.py::test_optimized_traced_decode_layer_kinds_and_batches[blackhole-4-1-mesh_device0] 2026-07-29 01:44:29.184 | DEBUG    | ttnn.device:__init__:152 - Using default dispatch core type for this system: DispatchCoreType.WORKER
2026-07-29 01:44:29.185 | DEBUG    | ttnn.device:__init__:154 - Using default dispatch core axis for this system: DispatchCoreAxis.COL
2026-07-29 01:44:29.185 | info     |       LLRuntime | Watcher thread stopped watching... (watcher_server.cpp:595)
2026-07-29 01:44:29.185 | info     |       LLRuntime | Watcher detached device 0 (watcher_server.cpp:181)
2026-07-29 01:44:29.185 | info     |       LLRuntime | Watcher detached device 1 (watcher_server.cpp:181)
2026-07-29 01:44:29.185 | info     |       LLRuntime | Watcher detached device 2 (watcher_server.cpp:181)
2026-07-29 01:44:29.185 | info     |       LLRuntime | Watcher detached device 3 (watcher_server.cpp:181)
2026-07-29 01:44:29.247 | info     |       LLRuntime | Watcher log file: models/autoports/coherelabs_north_mini_code_1_0/doc/optimized_decoder/watcher/final_rereview/generated/watcher/watcher.log (watcher_server.cpp:286)
2026-07-29 01:44:29.247 | info     |       LLRuntime | Watcher attached device 0 (watcher_server.cpp:132)
2026-07-29 01:44:29.247 | info     |       LLRuntime | Watcher attached device 1 (watcher_server.cpp:132)
2026-07-29 01:44:29.247 | info     |       LLRuntime | Watcher attached device 2 (watcher_server.cpp:132)
2026-07-29 01:44:29.247 | info     |       LLRuntime | Watcher attached device 3 (watcher_server.cpp:132)
2026-07-29 01:44:29.247 | info     |       LLRuntime | Watcher server initialized, disabled features: None (watcher_server.cpp:547)
2026-07-29 01:44:29.247 | info     |           Metal | Watcher checking device 0 (watcher_device_reader.cpp:393)
2026-07-29 01:44:29.247 | warning  |           Metal | Opening subset of mmio devices slows down UMD read/write to remote chips. If opening more devices, consider using CreateDevices API. (device_manager.cpp:261)
2026-07-29 01:44:29.252 | info     |           Metal | Watcher checking device 1 (watcher_device_reader.cpp:393)
2026-07-29 01:44:29.256 | info     |           Metal | Watcher checking device 2 (watcher_device_reader.cpp:393)
2026-07-29 01:44:29.260 | info     |           Metal | Watcher checking device 3 (watcher_device_reader.cpp:393)
2026-07-29 01:44:29.304 | DEBUG    | conftest:mesh_device:599 - multidevice with 1 devices is created
2026-07-29 01:44:39.268 | info     |           Metal | Watcher checking device 0 (watcher_device_reader.cpp:393)
2026-07-29 01:44:39.273 | info     |           Metal | Watcher checking device 1 (watcher_device_reader.cpp:393)
2026-07-29 01:44:39.277 | info     |           Metal | Watcher checking device 2 (watcher_device_reader.cpp:393)
2026-07-29 01:44:39.281 | info     |           Metal | Watcher checking device 3 (watcher_device_reader.cpp:393)
optimized-layer-4-batch-1-trace: 0.9992682874505007
PASSED

==================================== PASSES ====================================
- generated xml file: /home/mvasiljevic/tt-metal/models/autoports/coherelabs_north_mini_code_1_0/doc/optimized_decoder/artifacts/optimized_watcher.xml -
============================== slowest durations ===============================
14.08s call     models/autoports/coherelabs_north_mini_code_1_0/tests/test_optimized_decoder.py::test_optimized_traced_decode_layer_kinds_and_batches[blackhole-1-32-mesh_device0]
12.78s call     models/autoports/coherelabs_north_mini_code_1_0/tests/test_optimized_decoder.py::test_optimized_non_aligned_sparse_prefill_exercises_active_experts[blackhole-1-1-33-mesh_device0]
12.77s call     models/autoports/coherelabs_north_mini_code_1_0/tests/test_optimized_decoder.py::test_optimized_non_aligned_sparse_prefill_exercises_active_experts[blackhole-4-1-33-mesh_device0]
12.76s call     models/autoports/coherelabs_north_mini_code_1_0/tests/test_optimized_decoder.py::test_optimized_serving_prefill_exercises_selected_dense_experts[blackhole-mesh_device0-2-33]
12.75s call     models/autoports/coherelabs_north_mini_code_1_0/tests/test_optimized_decoder.py::test_optimized_decode_determinism_and_repeated_trace[blackhole-mesh_device0]
12.71s call     models/autoports/coherelabs_north_mini_code_1_0/tests/test_optimized_decoder.py::test_optimized_traced_decode_layer_kinds_and_batches[blackhole-1-1-mesh_device0]
12.70s call     models/autoports/coherelabs_north_mini_code_1_0/tests/test_optimized_decoder.py::test_optimized_serving_prefill_exercises_selected_dense_experts[blackhole-mesh_device0-32-1]
12.68s call     models/autoports/coherelabs_north_mini_code_1_0/tests/test_optimized_decoder.py::test_optimized_traced_decode_layer_kinds_and_batches[blackhole-4-1-mesh_device0]
6.16s call     models/autoports/coherelabs_north_mini_code_1_0/tests/test_optimized_decoder.py::test_optimized_real_weight_moe_decode[blackhole-4-mesh_device0]
5.49s call     models/autoports/coherelabs_north_mini_code_1_0/tests/test_optimized_decoder.py::test_optimized_real_weight_moe_decode[blackhole-1-mesh_device0]
1.36s setup    models/autoports/coherelabs_north_mini_code_1_0/tests/test_optimized_decoder.py::test_optimized_dense_non_aligned_prefill_matches_reference[blackhole-1-mesh_device0]
1.29s call     models/autoports/coherelabs_north_mini_code_1_0/tests/test_optimized_decoder.py::test_optimized_real_weight_dense_precision_policy[blackhole-decode-mesh_device0]
1.04s call     models/autoports/coherelabs_north_mini_code_1_0/tests/test_optimized_decoder.py::test_optimized_dense_non_aligned_prefill_matches_reference[blackhole-1-mesh_device0]
0.92s call     models/autoports/coherelabs_north_mini_code_1_0/tests/test_optimized_decoder.py::test_optimized_traced_decode_layer_kinds_and_batches[blackhole-0-32-mesh_device0]
0.91s call     models/autoports/coherelabs_north_mini_code_1_0/tests/test_optimized_decoder.py::test_optimized_traced_decode_layer_kinds_and_batches[blackhole-0-1-mesh_device0]
0.91s setup    models/autoports/coherelabs_north_mini_code_1_0/tests/test_optimized_decoder.py::test_optimized_non_aligned_sparse_prefill_exercises_active_experts[blackhole-4-1-33-mesh_device0]
0.90s call     models/autoports/coherelabs_north_mini_code_1_0/tests/test_optimized_decoder.py::test_optimized_dense_non_aligned_prefill_matches_reference[blackhole-65-mesh_device0]
0.89s call     models/autoports/coherelabs_north_mini_code_1_0/tests/test_optimized_decoder.py::test_optimized_dense_non_aligned_prefill_matches_reference[blackhole-33-mesh_device0]
0.89s call     models/autoports/coherelabs_north_mini_code_1_0/tests/test_optimized_decoder.py::test_optimized_dense_non_aligned_prefill_matches_reference[blackhole-31-mesh_device0]
0.88s call     models/autoports/coherelabs_north_mini_code_1_0/tests/test_optimized_decoder.py::test_optimized_nonzero_positions_update_permuted_paged_cache[blackhole-mesh_device0]
0.45s call     models/autoports/coherelabs_north_mini_code_1_0/tests/test_optimized_decoder.py::test_optimized_real_weight_dense_precision_policy[blackhole-prefill-mesh_device0]
0.33s setup    models/autoports/coherelabs_north_mini_code_1_0/tests/test_optimized_decoder.py::test_optimized_traced_decode_layer_kinds_and_batches[blackhole-1-1-mesh_device0]
0.33s setup    models/autoports/coherelabs_north_mini_code_1_0/tests/test_optimized_decoder.py::test_optimized_nonzero_positions_update_permuted_paged_cache[blackhole-mesh_device0]
0.33s setup    models/autoports/coherelabs_north_mini_code_1_0/tests/test_optimized_decoder.py::test_optimized_dense_non_aligned_prefill_matches_reference[blackhole-65-mesh_device0]
0.33s setup    models/autoports/coherelabs_north_mini_code_1_0/tests/test_optimized_decoder.py::test_optimized_real_weight_moe_decode[blackhole-1-mesh_device0]
0.33s setup    models/autoports/coherelabs_north_mini_code_1_0/tests/test_optimized_decoder.py::test_optimized_decode_determinism_and_repeated_trace[blackhole-mesh_device0]
0.33s setup    models/autoports/coherelabs_north_mini_code_1_0/tests/test_optimized_decoder.py::test_optimized_dense_non_aligned_prefill_matches_reference[blackhole-31-mesh_device0]
0.33s setup    models/autoports/coherelabs_north_mini_code_1_0/tests/test_optimized_decoder.py::test_optimized_non_aligned_sparse_prefill_exercises_active_experts[blackhole-1-1-33-mesh_device0]
0.33s setup    models/autoports/coherelabs_north_mini_code_1_0/tests/test_optimized_decoder.py::test_optimized_traced_decode_layer_kinds_and_batches[blackhole-0-32-mesh_device0]
0.32s setup    models/autoports/coherelabs_north_mini_code_1_0/tests/test_optimized_decoder.py::test_optimized_dense_non_aligned_prefill_matches_reference[blackhole-33-mesh_device0]
0.32s setup    models/autoports/coherelabs_north_mini_code_1_0/tests/test_optimized_decoder.py::test_optimized_serving_prefill_exercises_selected_dense_experts[blackhole-mesh_device0-32-1]
0.32s setup    models/autoports/coherelabs_north_mini_code_1_0/tests/test_optimized_decoder.py::test_optimized_traced_decode_layer_kinds_and_batches[blackhole-0-1-mesh_device0]
0.32s setup    models/autoports/coherelabs_north_mini_code_1_0/tests/test_optimized_decoder.py::test_optimized_traced_decode_layer_kinds_and_batches[blackhole-4-1-mesh_device0]
0.32s setup    models/autoports/coherelabs_north_mini_code_1_0/tests/test_optimized_decoder.py::test_optimized_traced_decode_layer_kinds_and_batches[blackhole-1-32-mesh_device0]
0.32s setup    models/autoports/coherelabs_north_mini_code_1_0/tests/test_optimized_decoder.py::test_optimized_real_weight_dense_precision_policy[blackhole-decode-mesh_device0]
0.32s setup    models/autoports/coherelabs_north_mini_code_1_0/tests/test_optimized_decoder.py::test_optimized_real_weight_moe_decode[blackhole-4-mesh_device0]
0.32s setup    models/autoports/coherelabs_north_mini_code_1_0/tests/test_optimized_decoder.py::test_optimized_real_weight_dense_precision_policy[blackhole-prefill-mesh_device0]
0.32s setup    models/autoports/coherelabs_north_mini_code_1_0/tests/test_optimized_decoder.py::test_optimized_serving_prefill_exercises_selected_dense_experts[blackhole-mesh_device0-2-33]
0.18s setup    models/autoports/coherelabs_north_mini_code_1_0/tests/test_optimized_decoder.py::test_optimized_path_audit
0.13s teardown models/autoports/coherelabs_north_mini_code_1_0/tests/test_optimized_decoder.py::test_optimized_serving_prefill_exercises_selected_dense_experts[blackhole-mesh_device0-32-1]
0.13s teardown models/autoports/coherelabs_north_mini_code_1_0/tests/test_optimized_decoder.py::test_optimized_traced_decode_layer_kinds_and_batches[blackhole-4-1-mesh_device0]
0.13s teardown models/autoports/coherelabs_north_mini_code_1_0/tests/test_optimized_decoder.py::test_optimized_non_aligned_sparse_prefill_exercises_active_experts[blackhole-1-1-33-mesh_device0]
0.13s teardown models/autoports/coherelabs_north_mini_code_1_0/tests/test_optimized_decoder.py::test_optimized_real_weight_moe_decode[blackhole-1-mesh_device0]
0.13s teardown models/autoports/coherelabs_north_mini_code_1_0/tests/test_optimized_decoder.py::test_optimized_dense_non_aligned_prefill_matches_reference[blackhole-65-mesh_device0]
0.13s teardown models/autoports/coherelabs_north_mini_code_1_0/tests/test_optimized_decoder.py::test_optimized_traced_decode_layer_kinds_and_batches[blackhole-0-32-mesh_device0]
0.13s teardown models/autoports/coherelabs_north_mini_code_1_0/tests/test_optimized_decoder.py::test_optimized_dense_non_aligned_prefill_matches_reference[blackhole-31-mesh_device0]
0.13s teardown models/autoports/coherelabs_north_mini_code_1_0/tests/test_optimized_decoder.py::test_optimized_dense_non_aligned_prefill_matches_reference[blackhole-1-mesh_device0]
0.13s teardown models/autoports/coherelabs_north_mini_code_1_0/tests/test_optimized_decoder.py::test_optimized_real_weight_moe_decode[blackhole-4-mesh_device0]
0.13s teardown models/autoports/coherelabs_north_mini_code_1_0/tests/test_optimized_decoder.py::test_optimized_real_weight_dense_precision_policy[blackhole-prefill-mesh_device0]
0.13s teardown models/autoports/coherelabs_north_mini_code_1_0/tests/test_optimized_decoder.py::test_optimized_traced_decode_layer_kinds_and_batches[blackhole-1-1-mesh_device0]
0.13s teardown models/autoports/coherelabs_north_mini_code_1_0/tests/test_optimized_decoder.py::test_optimized_non_aligned_sparse_prefill_exercises_active_experts[blackhole-4-1-33-mesh_device0]
0.13s teardown models/autoports/coherelabs_north_mini_code_1_0/tests/test_optimized_decoder.py::test_optimized_serving_prefill_exercises_selected_dense_experts[blackhole-mesh_device0-2-33]
0.13s teardown models/autoports/coherelabs_north_mini_code_1_0/tests/test_optimized_decoder.py::test_optimized_nonzero_positions_update_permuted_paged_cache[blackhole-mesh_device0]
0.13s teardown models/autoports/coherelabs_north_mini_code_1_0/tests/test_optimized_decoder.py::test_optimized_real_weight_dense_precision_policy[blackhole-decode-mesh_device0]
0.13s teardown models/autoports/coherelabs_north_mini_code_1_0/tests/test_optimized_decoder.py::test_optimized_traced_decode_layer_kinds_and_batches[blackhole-0-1-mesh_device0]
0.13s teardown models/autoports/coherelabs_north_mini_code_1_0/tests/test_optimized_decoder.py::test_optimized_decode_determinism_and_repeated_trace[blackhole-mesh_device0]
0.13s teardown models/autoports/coherelabs_north_mini_code_1_0/tests/test_optimized_decoder.py::test_optimized_traced_decode_layer_kinds_and_batches[blackhole-1-32-mesh_device0]
0.13s teardown models/autoports/coherelabs_north_mini_code_1_0/tests/test_optimized_decoder.py::test_optimized_dense_non_aligned_prefill_matches_reference[blackhole-33-mesh_device0]

(2 durations < 0.005s hidden.  Use -vv to show these durations.)
=========================== short test summary info ============================
PASSED models/autoports/coherelabs_north_mini_code_1_0/tests/test_optimized_decoder.py::test_optimized_path_audit
PASSED models/autoports/coherelabs_north_mini_code_1_0/tests/test_optimized_decoder.py::test_optimized_dense_non_aligned_prefill_matches_reference[blackhole-1-mesh_device0]
PASSED models/autoports/coherelabs_north_mini_code_1_0/tests/test_optimized_decoder.py::test_optimized_traced_decode_layer_kinds_and_batches[blackhole-0-1-mesh_device0]
PASSED models/autoports/coherelabs_north_mini_code_1_0/tests/test_optimized_decoder.py::test_optimized_decode_determinism_and_repeated_trace[blackhole-mesh_device0]
PASSED models/autoports/coherelabs_north_mini_code_1_0/tests/test_optimized_decoder.py::test_optimized_real_weight_moe_decode[blackhole-1-mesh_device0]
PASSED models/autoports/coherelabs_north_mini_code_1_0/tests/test_optimized_decoder.py::test_optimized_non_aligned_sparse_prefill_exercises_active_experts[blackhole-1-1-33-mesh_device0]
PASSED models/autoports/coherelabs_north_mini_code_1_0/tests/test_optimized_decoder.py::test_optimized_serving_prefill_exercises_selected_dense_experts[blackhole-mesh_device0-32-1]
PASSED models/autoports/coherelabs_north_mini_code_1_0/tests/test_optimized_decoder.py::test_optimized_nonzero_positions_update_permuted_paged_cache[blackhole-mesh_device0]
PASSED models/autoports/coherelabs_north_mini_code_1_0/tests/test_optimized_decoder.py::test_optimized_real_weight_dense_precision_policy[blackhole-decode-mesh_device0]
PASSED models/autoports/coherelabs_north_mini_code_1_0/tests/test_optimized_decoder.py::test_optimized_dense_non_aligned_prefill_matches_reference[blackhole-31-mesh_device0]
PASSED models/autoports/coherelabs_north_mini_code_1_0/tests/test_optimized_decoder.py::test_optimized_traced_decode_layer_kinds_and_batches[blackhole-0-32-mesh_device0]
PASSED models/autoports/coherelabs_north_mini_code_1_0/tests/test_optimized_decoder.py::test_optimized_real_weight_moe_decode[blackhole-4-mesh_device0]
PASSED models/autoports/coherelabs_north_mini_code_1_0/tests/test_optimized_decoder.py::test_optimized_non_aligned_sparse_prefill_exercises_active_experts[blackhole-4-1-33-mesh_device0]
PASSED models/autoports/coherelabs_north_mini_code_1_0/tests/test_optimized_decoder.py::test_optimized_serving_prefill_exercises_selected_dense_experts[blackhole-mesh_device0-2-33]
PASSED models/autoports/coherelabs_north_mini_code_1_0/tests/test_optimized_decoder.py::test_optimized_real_weight_dense_precision_policy[blackhole-prefill-mesh_device0]
PASSED models/autoports/coherelabs_north_mini_code_1_0/tests/test_optimized_decoder.py::test_optimized_dense_non_aligned_prefill_matches_reference[blackhole-33-mesh_device0]
PASSED models/autoports/coherelabs_north_mini_code_1_0/tests/test_optimized_decoder.py::test_optimized_traced_decode_layer_kinds_and_batches[blackhole-1-1-mesh_device0]
PASSED models/autoports/coherelabs_north_mini_code_1_0/tests/test_optimized_decoder.py::test_optimized_dense_non_aligned_prefill_matches_reference[blackhole-65-mesh_device0]
PASSED models/autoports/coherelabs_north_mini_code_1_0/tests/test_optimized_decoder.py::test_optimized_traced_decode_layer_kinds_and_batches[blackhole-1-32-mesh_device0]
PASSED models/autoports/coherelabs_north_mini_code_1_0/tests/test_optimized_decoder.py::test_optimized_traced_decode_layer_kinds_and_batches[blackhole-4-1-mesh_device0]
======================== 20 passed in 134.01s (0:02:14) ========================
nanobind: leaked 2 instances!
 - leaked instance 0x7f43848084c8 of type "ttnn._ttnn.tensor.MemoryConfig"
 - leaked instance 0x7f4384fe84f8 of type "ttnn._ttnn.tensor.CoreRangeSet"
nanobind: leaked 20 types!
 - leaked type "ttnn._ttnn.operations.matmul.MatmulMultiCoreReuseMultiCast1DProgramConfig"
 - leaked type "ttnn._ttnn.operations.matmul.MatmulInputs"
 - leaked type "ttnn._ttnn.operations.matmul.MatmulMultiCoreReuseMultiCastBatchedDRAMShardedProgramConfig"
 - leaked type "BufferType"
 - leaked type "UnaryOpType"
 - leaked type "Layout"
 - leaked type "ttnn._ttnn.operations.matmul.MatmulMultiCoreReuseOptimizedProgramFactory"
 - leaked type "Arch"
 - leaked type "ttnn._ttnn.operations.matmul.MatmulParams"
 - leaked type "ttnn._ttnn.tensor.CoreRangeSet"
 - ... skipped remainder
nanobind: leaked 247 functions!
 - leaked function "update_tensor_topology"
 - leaked function ""
 - leaked function "dram_grid_size"
 - leaked function "experimental_per_core_buffer_address"
 - leaked function "__hash__"
 - leaked function "create_submeshes"
 - leaked function ""
 - leaked function ""
 - leaked function "arch"
 - leaked function "worker_core_from_logical_core"
 - ... skipped remainder
nanobind: this is likely caused by a reference counting issue in the binding code.
See https://nanobind.readthedocs.io/en/latest/refleaks.html2026-07-29 01:44:43.849 | info     |    BuildKernels | JIT cache stats: 592/603 hits (98.2%) [592 cached, 1724 build-once dedup, 0 merged artifacts, 0 merged genfiles] (build_cache_telemetry.cpp:207)
2026-07-29 01:44:43.849 | info     |    BuildKernels | JIT telemetry: 3 registered TelemetryTokens (build_cache_telemetry.cpp:230)
2026-07-29 01:44:43.850 | info     |       LLRuntime | Watcher thread stopped watching... (watcher_server.cpp:595)
2026-07-29 01:44:43.850 | info     |       LLRuntime | Watcher detached device 0 (watcher_server.cpp:181)
2026-07-29 01:44:43.850 | info     |       LLRuntime | Watcher detached device 1 (watcher_server.cpp:181)
2026-07-29 01:44:43.850 | info     |       LLRuntime | Watcher detached device 2 (watcher_server.cpp:181)
2026-07-29 01:44:43.850 | info     |       LLRuntime | Watcher detached device 3 (watcher_server.cpp:181)
2026-07-29 01:44:43.862 | info     |          Device | Closing user mode device drivers (tt_cluster.cpp:512)
2026-07-29 01:44:43.862 | info     |             UMD | Closing devices in cluster (cluster.cpp:1037)
2026-07-29 01:44:44.464 | info     |             UMD | Closing devices in cluster completed. (cluster.cpp:1046)
2026-07-29 01:44:44.464 | info     |             UMD | Cluster destructor started. (cluster.cpp:754)
2026-07-29 01:44:44.464 | info     |             UMD | Cluster destructor completed. (cluster.cpp:757)
