2026-07-28 17:30:37.807 | INFO     | __main__:main:395 - Using port 8086
2026-07-28 17:30:37.807 | INFO     | tracy:run_report_setup:91 - Verifying tracy profiling tools
2026-07-28 17:30:37.826 | INFO     | tracy:run_report_setup:112 - Capture command: ('/home/mvasiljevic/tt-metal/build/tools/profiler/bin/tracy-capture -o /home/mvasiljevic/tt-metal/generated/profiler/.logs/tracy_profile_log_host.tracy -f -p 8086',)
Connecting to 127.0.0.1:8086...2026-07-28 17:30:37.832 | INFO     | __main__:main:413 - Test process started
2026-07-28 17:30:38.781 | DEBUG    | ttnn:<module>:79 - Initial ttnn.CONFIG:
Config{cache_path=/home/mvasiljevic/.cache/ttnn,model_cache_path=/home/mvasiljevic/.cache/ttnn/models,tmp_dir=/tmp/ttnn,enable_model_cache=false,enable_fast_runtime_mode=true,throw_exception_on_fallback=false,enable_logging=false,enable_graph_report=false,enable_graph_python_stack_traces=false,enable_detailed_buffer_report=false,enable_detailed_tensor_report=false,enable_comparison_mode=false,comparison_mode_should_raise_exception=false,comparison_mode_pcc=0.9999,root_report_path=generated/ttnn/reports,report_name=std::nullopt,std::nullopt}
============================= test session starts ==============================
platform linux -- Python 3.12.13, pytest-9.0.3, pluggy-1.6.0 -- /home/mvasiljevic/tt-metal/python_env/bin/python
cachedir: .pytest_cache
benchmark: 5.2.3 (defaults: timer=time.perf_counter disable_gc=False min_rounds=5 min_time=0.000005 max_time=1.0 calibration_precision=10 warmup=False warmup_iterations=100000)
rootdir: /home/mvasiljevic/tt-metal
configfile: pytest.ini
plugins: github-actions-annotate-failures-0.3.0, anyio-4.14.2, dash-2.15.0, split-0.11.0, timeout-2.4.0, benchmark-5.2.3, cov-7.0.0
timeout: 300.0s
timeout method: signal
timeout func_only: False
collecting ... collected 3 items

models/autoports/microsoft_phi_3_5_mini_instruct/tests/functional_decoder_perf.py::test_profile_warmed_prefill[blackhole-mesh_device0] 2026-07-28 17:30:41.069 | info     |          Device | Opening user mode device driver (tt_cluster.cpp:228)
2026-07-28 17:30:41.070 | info     |             UMD | Cluster constructor started. (cluster.cpp:348)
2026-07-28 17:30:41.070 | info     |             UMD | Creating TopologyDiscovery for architecture: blackhole (topology_discovery.cpp:91)
2026-07-28 17:30:41.070 | info     |             UMD | Starting topology discovery. (topology_discovery.cpp:110)
2026-07-28 17:30:41.071 | info     |             UMD | Established firmware bundle version: 19.8.0 (topology_discovery.cpp:569)
2026-07-28 17:30:41.071 | info     |             UMD | Firmware bundle version 19.8.0 on the system is newer than the latest fully tested version 19.5.0 for blackhole architecture. Newest features may not be supported. (topology_discovery.cpp:601)
2026-07-28 17:30:41.075 | info     |             UMD | Completed topology discovery. (topology_discovery.cpp:114)
2026-07-28 17:30:41.296 | info     |             UMD | Opening local chip ids/PCIe ids: {0, 1, 2, 3}/[0, 1, 2, 3] and remote chip ids {} (cluster.cpp:168)
2026-07-28 17:30:41.296 | info     |             UMD | IOMMU: enabled (cluster.cpp:142)
2026-07-28 17:30:41.296 | info     |             UMD | KMD version: 2.8.0 (cluster.cpp:145)
2026-07-28 17:30:41.296 | info     |             UMD | Cluster constructor completed. (cluster.cpp:520)
2026-07-28 17:30:41.298 | info     |             UMD | Starting devices in cluster (cluster.cpp:1024)
2026-07-28 17:30:41.528 | info     |             UMD | Starting devices in cluster completed. (cluster.cpp:1032)
2026-07-28 17:30:41.653 | DEBUG    | ttnn.device:__init__:152 - Using default dispatch core type for this system: DispatchCoreType.WORKER
2026-07-28 17:30:41.653 | DEBUG    | ttnn.device:__init__:154 - Using default dispatch core axis for this system: DispatchCoreAxis.COL
2026-07-28 17:30:41.653 | info     |     Distributed | Using auto discovery to generate mesh graph. (metal_env.cpp:367)
2026-07-28 17:30:41.653 | info     |     Distributed | Constructing control plane using auto-discovery (no mesh graph descriptor). (metal_env.cpp:429)
2026-07-28 17:30:41.653 | warning  |          Always | Unknown motherboard 'B850M-C' for chip_id=0 (bus_id=0x1) — falling back to bus_id as tray_id. Add this motherboard and its bus IDs to mobo_to_bus_ids in physical_system_discovery.cpp. (physical_system_discovery.cpp:89)
2026-07-28 17:30:41.653 | warning  |          Always | Unknown motherboard 'B850M-C' for chip_id=1 (bus_id=0x2) — falling back to bus_id as tray_id. Add this motherboard and its bus IDs to mobo_to_bus_ids in physical_system_discovery.cpp. (physical_system_discovery.cpp:89)
2026-07-28 17:30:41.653 | warning  |          Always | Unknown motherboard 'B850M-C' for chip_id=2 (bus_id=0x3) — falling back to bus_id as tray_id. Add this motherboard and its bus IDs to mobo_to_bus_ids in physical_system_discovery.cpp. (physical_system_discovery.cpp:89)
2026-07-28 17:30:41.653 | warning  |          Always | Unknown motherboard 'B850M-C' for chip_id=3 (bus_id=0x4) — falling back to bus_id as tray_id. Add this motherboard and its bus IDs to mobo_to_bus_ids in physical_system_discovery.cpp. (physical_system_discovery.cpp:89)
2026-07-28 17:30:41.653 | warning  |          Always | Unknown motherboard 'B850M-C' for chip_id=1 (bus_id=0x2) — falling back to bus_id as tray_id. Add this motherboard and its bus IDs to mobo_to_bus_ids in physical_system_discovery.cpp. (physical_system_discovery.cpp:89)
2026-07-28 17:30:41.654 | warning  |          Always | Unknown motherboard 'B850M-C' for chip_id=0 (bus_id=0x1) — falling back to bus_id as tray_id. Add this motherboard and its bus IDs to mobo_to_bus_ids in physical_system_discovery.cpp. (physical_system_discovery.cpp:89)
2026-07-28 17:30:41.654 | warning  |          Always | Unknown motherboard 'B850M-C' for chip_id=2 (bus_id=0x3) — falling back to bus_id as tray_id. Add this motherboard and its bus IDs to mobo_to_bus_ids in physical_system_discovery.cpp. (physical_system_discovery.cpp:89)
2026-07-28 17:30:41.654 | warning  |          Always | Unknown motherboard 'B850M-C' for chip_id=3 (bus_id=0x4) — falling back to bus_id as tray_id. Add this motherboard and its bus IDs to mobo_to_bus_ids in physical_system_discovery.cpp. (physical_system_discovery.cpp:89)
2026-07-28 17:30:41.654 | info     |          Fabric | Logical multi-mesh adjacency: intermesh degree histogram {0:1}; intra-mesh degree histograms mesh0 {2:4} (topology_mapper_utils.cpp:2342)
2026-07-28 17:30:41.654 | info     |          Fabric | Physical multi-mesh adjacency: intermesh degree histogram {0:1}; intra-mesh degree histograms mesh0 {2:4} (topology_mapper_utils.cpp:2350)
2026-07-28 17:30:41.694 | warning  |           Metal | Opening subset of mmio devices slows down UMD read/write to remote chips. If opening more devices, consider using CreateDevices API. (device_manager.cpp:261)
2026-07-28 17:30:41.701 | info     |           Metal | Profiler started on device 3 (profiler_initializer.cpp:49)
2026-07-28 17:30:41.742 | info     |           Metal | ShmResourceTracker: removed orphaned shm '/tt_device_154095681929600_memory' (shm_resource_tracker.cpp:282)
2026-07-28 17:30:42.322 | info     |           Metal | [Real-time profiler] Device 3 sync complete: 100 samples, frequency=1.349982 GHz, device_time_at_sync=395997647480163 cycles (realtime_profiler_manager.cpp:1127)
2026-07-28 17:30:42.338 | DEBUG    | conftest:mesh_device:599 - multidevice with 1 devices is created
[transformers] This model config has set a `rope_parameters['original_max_position_embeddings']` field, to be used together with `max_position_embeddings` to determine a scaling factor. Please set the `factor` field of `rope_parameters`with this ratio instead -- we recommend the use of this field over `original_max_position_embeddings`, as it is compatible with most model architectures.
2026-07-28 17:30:43.148 | INFO     | tracy:signpost:49 - PERF_PREFILL
2026-07-28 17:30:43.150 | INFO     | tracy:signpost:49 - PERF_PREFILL_END
PERF_RESULT mode=prefill batch=1 sequence=128 warmed_ms=2.109976
PASSED2026-07-28 17:30:43.475 | info     |           Metal | Device kernel duration perf summary (device=3): count=107, min=1905ns, avg=40205.0ns, max=475893ns (profiler_analysis.cpp:675)
2026-07-28 17:30:43.475 | info     |           Metal | Device kernel duration perf histogram (device=3): (buckets=10, bucket_size=47400ns, range=[0..474000), underflow(<0ns)=0, overflow(>=474000ns)=1) (profiler_analysis.cpp:718)
2026-07-28 17:30:43.475 | info     |           Metal |   [           0 ..        47400) |########################################|       93 (profiler_analysis.cpp:723)
2026-07-28 17:30:43.475 | info     |           Metal |   [       47400 ..        94800) |#                                       |        2 (profiler_analysis.cpp:723)
2026-07-28 17:30:43.475 | info     |           Metal |   [       94800 ..       142200) |#                                       |        2 (profiler_analysis.cpp:723)
2026-07-28 17:30:43.475 | info     |           Metal |   [      142200 ..       189600) |#                                       |        3 (profiler_analysis.cpp:723)
2026-07-28 17:30:43.475 | info     |           Metal |   [      189600 ..       237000) |#                                       |        2 (profiler_analysis.cpp:723)
2026-07-28 17:30:43.475 | info     |           Metal |   [      237000 ..       284400) |                                        |        1 (profiler_analysis.cpp:723)
2026-07-28 17:30:43.475 | info     |           Metal |   [      284400 ..       331800) |#                                       |        2 (profiler_analysis.cpp:723)
2026-07-28 17:30:43.475 | info     |           Metal |   [      331800 ..       379200) |                                        |        1 (profiler_analysis.cpp:723)
2026-07-28 17:30:43.475 | info     |           Metal |   [      379200 ..       426600) |                                        |        0 (profiler_analysis.cpp:723)
2026-07-28 17:30:43.475 | info     |           Metal |   [      426600 ..       474000) |                                        |        0 (profiler_analysis.cpp:723)

models/autoports/microsoft_phi_3_5_mini_instruct/tests/functional_decoder_perf.py::test_profile_traced_decode[blackhole-1-mesh_device0] 2026-07-28 17:30:43.843 | DEBUG    | ttnn.device:__init__:152 - Using default dispatch core type for this system: DispatchCoreType.WORKER
2026-07-28 17:30:43.843 | DEBUG    | ttnn.device:__init__:154 - Using default dispatch core axis for this system: DispatchCoreAxis.COL
2026-07-28 17:30:43.891 | warning  |           Metal | Opening subset of mmio devices slows down UMD read/write to remote chips. If opening more devices, consider using CreateDevices API. (device_manager.cpp:261)
2026-07-28 17:30:43.892 | info     |           Metal | Profiler started on device 3 (profiler_initializer.cpp:49)
2026-07-28 17:30:43.932 | DEBUG    | conftest:mesh_device:599 - multidevice with 1 devices is created
2026-07-28 17:30:44.685 | INFO     | tracy:signpost:49 - PERF_DECODE_B1
2026-07-28 17:30:44.691 | INFO     | tracy:signpost:49 - PERF_DECODE_B1_END
PERF_RESULT mode=decode batch=1 context=128 trace_replays=5 mean_ms=1.098405 min_ms=1.092765
PASSED2026-07-28 17:30:45.016 | info     |           Metal | Device kernel duration perf summary (device=3): count=411, min=453ns, avg=20405.1ns, max=476541ns (profiler_analysis.cpp:675)
2026-07-28 17:30:45.016 | info     |           Metal | Device kernel duration perf histogram (device=3): (buckets=10, bucket_size=47700ns, range=[0..477000), underflow(<0ns)=0, overflow(>=477000ns)=0) (profiler_analysis.cpp:718)
2026-07-28 17:30:45.016 | info     |           Metal |   [           0 ..        47700) |########################################|      372 (profiler_analysis.cpp:723)
2026-07-28 17:30:45.016 | info     |           Metal |   [       47700 ..        95400) |##                                      |       14 (profiler_analysis.cpp:723)
2026-07-28 17:30:45.016 | info     |           Metal |   [       95400 ..       143100) |                                        |        0 (profiler_analysis.cpp:723)
2026-07-28 17:30:45.016 | info     |           Metal |   [      143100 ..       190800) |##                                      |       15 (profiler_analysis.cpp:723)
2026-07-28 17:30:45.016 | info     |           Metal |   [      190800 ..       238500) |                                        |        0 (profiler_analysis.cpp:723)
2026-07-28 17:30:45.016 | info     |           Metal |   [      238500 ..       286200) |#                                       |        7 (profiler_analysis.cpp:723)
2026-07-28 17:30:45.016 | info     |           Metal |   [      286200 ..       333900) |                                        |        1 (profiler_analysis.cpp:723)
2026-07-28 17:30:45.016 | info     |           Metal |   [      333900 ..       381600) |                                        |        1 (profiler_analysis.cpp:723)
2026-07-28 17:30:45.016 | info     |           Metal |   [      381600 ..       429300) |                                        |        0 (profiler_analysis.cpp:723)
2026-07-28 17:30:45.016 | info     |           Metal |   [      429300 ..       477000) |                                        |        1 (profiler_analysis.cpp:723)

models/autoports/microsoft_phi_3_5_mini_instruct/tests/functional_decoder_perf.py::test_profile_traced_decode[blackhole-32-mesh_device0] 2026-07-28 17:30:45.457 | DEBUG    | ttnn.device:__init__:152 - Using default dispatch core type for this system: DispatchCoreType.WORKER
2026-07-28 17:30:45.457 | DEBUG    | ttnn.device:__init__:154 - Using default dispatch core axis for this system: DispatchCoreAxis.COL
2026-07-28 17:30:45.505 | warning  |           Metal | Opening subset of mmio devices slows down UMD read/write to remote chips. If opening more devices, consider using CreateDevices API. (device_manager.cpp:261)
2026-07-28 17:30:45.506 | info     |           Metal | Profiler started on device 3 (profiler_initializer.cpp:49)
2026-07-28 17:30:45.546 | DEBUG    | conftest:mesh_device:599 - multidevice with 1 devices is created
2026-07-28 17:30:46.260 | INFO     | tracy:signpost:49 - PERF_DECODE_B32
2026-07-28 17:30:46.266 | INFO     | tracy:signpost:49 - PERF_DECODE_B32_END
PERF_RESULT mode=decode batch=32 context=128 trace_replays=5 mean_ms=1.224720 min_ms=1.222512
PASSED2026-07-28 17:30:46.654 | info     |           Metal | Device kernel duration perf summary (device=3): count=390, min=861ns, avg=23510.8ns, max=477081ns (profiler_analysis.cpp:675)
2026-07-28 17:30:46.654 | info     |           Metal | Device kernel duration perf histogram (device=3): (buckets=10, bucket_size=47700ns, range=[0..477000), underflow(<0ns)=0, overflow(>=477000ns)=1) (profiler_analysis.cpp:718)
2026-07-28 17:30:46.654 | info     |           Metal |   [           0 ..        47700) |########################################|      344 (profiler_analysis.cpp:723)
2026-07-28 17:30:46.654 | info     |           Metal |   [       47700 ..        95400) |##                                      |       21 (profiler_analysis.cpp:723)
2026-07-28 17:30:46.654 | info     |           Metal |   [       95400 ..       143100) |                                        |        0 (profiler_analysis.cpp:723)
2026-07-28 17:30:46.654 | info     |           Metal |   [      143100 ..       190800) |##                                      |       15 (profiler_analysis.cpp:723)
2026-07-28 17:30:46.654 | info     |           Metal |   [      190800 ..       238500) |                                        |        0 (profiler_analysis.cpp:723)
2026-07-28 17:30:46.654 | info     |           Metal |   [      238500 ..       286200) |#                                       |        7 (profiler_analysis.cpp:723)
2026-07-28 17:30:46.654 | info     |           Metal |   [      286200 ..       333900) |                                        |        1 (profiler_analysis.cpp:723)
2026-07-28 17:30:46.654 | info     |           Metal |   [      333900 ..       381600) |                                        |        1 (profiler_analysis.cpp:723)
2026-07-28 17:30:46.654 | info     |           Metal |   [      381600 ..       429300) |                                        |        0 (profiler_analysis.cpp:723)
2026-07-28 17:30:46.654 | info     |           Metal |   [      429300 ..       477000) |                                        |        0 (profiler_analysis.cpp:723)


==================================== PASSES ====================================
- generated xml file: /home/mvasiljevic/tt-metal/generated/test_reports/most_recent_tests.xml -
============================== slowest durations ===============================
1.47s setup    models/autoports/microsoft_phi_3_5_mini_instruct/tests/functional_decoder_perf.py::test_profile_warmed_prefill[blackhole-mesh_device0]
0.81s call     models/autoports/microsoft_phi_3_5_mini_instruct/tests/functional_decoder_perf.py::test_profile_warmed_prefill[blackhole-mesh_device0]
0.76s call     models/autoports/microsoft_phi_3_5_mini_instruct/tests/functional_decoder_perf.py::test_profile_traced_decode[blackhole-1-mesh_device0]
0.72s call     models/autoports/microsoft_phi_3_5_mini_instruct/tests/functional_decoder_perf.py::test_profile_traced_decode[blackhole-32-mesh_device0]
0.69s teardown models/autoports/microsoft_phi_3_5_mini_instruct/tests/functional_decoder_perf.py::test_profile_traced_decode[blackhole-32-mesh_device0]
0.56s teardown models/autoports/microsoft_phi_3_5_mini_instruct/tests/functional_decoder_perf.py::test_profile_traced_decode[blackhole-1-mesh_device0]
0.47s teardown models/autoports/microsoft_phi_3_5_mini_instruct/tests/functional_decoder_perf.py::test_profile_warmed_prefill[blackhole-mesh_device0]
0.31s setup    models/autoports/microsoft_phi_3_5_mini_instruct/tests/functional_decoder_perf.py::test_profile_traced_decode[blackhole-1-mesh_device0]
0.30s setup    models/autoports/microsoft_phi_3_5_mini_instruct/tests/functional_decoder_perf.py::test_profile_traced_decode[blackhole-32-mesh_device0]
=========================== short test summary info ============================
PASSED models/autoports/microsoft_phi_3_5_mini_instruct/tests/functional_decoder_perf.py::test_profile_warmed_prefill[blackhole-mesh_device0]
PASSED models/autoports/microsoft_phi_3_5_mini_instruct/tests/functional_decoder_perf.py::test_profile_traced_decode[blackhole-1-mesh_device0]
PASSED models/autoports/microsoft_phi_3_5_mini_instruct/tests/functional_decoder_perf.py::test_profile_traced_decode[blackhole-32-mesh_device0]
============================== 3 passed in 6.93s ===============================
nanobind: leaked 2 instances!
 - leaked instance 0x72a5b14ec348 of type "ttnn._ttnn.tensor.MemoryConfig"
 - leaked instance 0x72a5b9de9e78 of type "ttnn._ttnn.tensor.CoreRangeSet"
nanobind: leaked 20 types!
 - leaked type "ttnn._ttnn.operations.matmul.MatmulMultiCoreReuseMultiCast1DProgramConfig"
 - leaked type "ttnn._ttnn.operations.matmul.MatmulInputs"
 - leaked type "ttnn._ttnn.operations.matmul.MatmulMultiCoreReuseMultiCastBatchedDRAMShardedProgramConfig"
 - leaked type "BufferType"
 - leaked type "UnaryOpType"
 - leaked type "Layout"
 - leaked type "ttnn._ttnn.operations.matmul.MatmulMultiCoreReuseOptimizedProgramFactory"
 - leaked type "Arch"
 - leaked type "ttnn._ttnn.operations.matmul.MatmulParams"
 - leaked type "ttnn._ttnn.tensor.CoreRangeSet"
 - ... skipped remainder
nanobind: leaked 247 functions!
 - leaked function "from_json"
 - leaked function ""
 - leaked function "pad_to_tile"
 - leaked function "clear_loaded_sub_device_manager"
 - leaked function "sfpu_eps"
 - leaked function ""
 - leaked function "contains"
 - leaked function "clear_program_cache"
 - leaked function "__init__"
 - leaked function "compute_program_hash"
 - ... skipped remainder
nanobind: this is likely caused by a reference counting issue in the binding code.
See https://nanobind.readthedocs.io/en/latest/refleaks.html2026-07-28 17:30:48.754 | info     |    BuildKernels | JIT cache stats: 233/233 hits (100.0%) [233 cached, 177 build-once dedup, 0 merged artifacts, 0 merged genfiles] (build_cache_telemetry.cpp:207)
2026-07-28 17:30:48.754 | info     |    BuildKernels | JIT telemetry: 3 registered TelemetryTokens (build_cache_telemetry.cpp:230)
2026-07-28 17:30:48.766 | info     |          Device | Closing user mode device drivers (tt_cluster.cpp:512)
2026-07-28 17:30:48.766 | info     |             UMD | Closing devices in cluster (cluster.cpp:1037)
2026-07-28 17:30:49.289 | info     |             UMD | Closing devices in cluster completed. (cluster.cpp:1046)
2026-07-28 17:30:49.289 | info     |             UMD | Cluster destructor started. (cluster.cpp:754)
2026-07-28 17:30:49.289 | info     |             UMD | Cluster destructor completed. (cluster.cpp:757)

Timer resolution: 0 ns

Frames: 2
Time span: 3d09:29:03
Zones: 883,323
Elapsed time: 10.61 s
Saving trace... done!
Trace size 8161.52 KB (18.17% ratio)
2026-07-28 17:30:49.500 | INFO     | __main__:main:452 - Copying /home/mvasiljevic/tt-metal/generated/profiler/.logs/tracy_profile_log_host.tracy to /home/mvasiljevic/tt-metal/build/profiler/build_wasm/traces/functional_decoder_perf_2026_07_28_17_30_49.tracy
2026-07-28 17:30:49.502 | INFO     | __main__:main:455 - Copied /home/mvasiljevic/tt-metal/generated/profiler/.logs/tracy_profile_log_host.tracy to /home/mvasiljevic/tt-metal/build/profiler/build_wasm/traces/functional_decoder_perf_2026_07_28_17_30_49.tracy
2026-07-28 17:30:49.502 | INFO     | __main__:main:464 - embed.tracy -> traces/functional_decoder_perf_2026_07_28_17_30_49.tracy
2026-07-28 17:30:49.502 | INFO     | tracy.serve_wasm:launch_server_subprocess:284 - Launching tracy web app GUI server subprocess...
2026-07-28 17:30:49.502 | INFO     | tracy.serve_wasm:launch_server_subprocess:287 - Tracy WASM web UI (open in browser): http://localhost:8080/ (WebSocket for live reload: ws://localhost:8081/)
2026-07-28 17:30:49.502 | INFO     | tracy.serve_wasm:launch_server_subprocess:294 - Tracy WASM server already serving port 8080; reusing it (live-reload refreshes the browser).
2026-07-28 17:30:49.835 | INFO     | tracy:generate_report:162 - Host side ops time report generated at /home/mvasiljevic/tt-metal/generated/profiler/.logs/tracy_ops_times.csv
2026-07-28 17:30:49.850 | INFO     | tracy:generate_report:173 - Host side ops data report generated at /home/mvasiljevic/tt-metal/generated/profiler/.logs/tracy_ops_data.csv
2026-07-28 17:30:49.850 | INFO     | tracy.process_ops_logs:import_tracy_op_logs:345 - Importing ops logs
/home/mvasiljevic/tt-metal/tools/tracy/process_ops_logs.py:450: DtypeWarning: Columns (3,4,8) have mixed types. Specify dtype option on import or set low_memory=False.
  df = pd.read_csv(tracyOpTimesLog)
2026-07-28 17:30:50.721 | INFO     | tracy.perf_counter_analysis:get_device_op_data:2140 - Getting device ops
2026-07-28 17:30:50.721 | INFO     | tracy.process_ops_logs:append_device_data:1009 - Appending device data
2026-07-28 17:30:51.682 | INFO     | tracy.process_ops_logs:generate_reports:1342 - OPs' perf analysis is finished! Generating reports ...
2026-07-28 17:30:51.682 | INFO     | tracy.process_ops_logs:generate_reports:1360 - Copying runtime artifacts
2026-07-28 17:30:51.706 | INFO     | tracy.process_ops_logs:generate_reports:1369 - Generating OPs CSV
2026-07-28 17:30:51.982 | INFO     | tracy.process_ops_logs:generate_reports:1765 - OPs csv generated at: /home/mvasiljevic/tt-metal/generated/profiler/reports/2026_07_28_17_30_51/ops_perf_results_2026_07_28_17_30_51.csv
