2026-08-12 15:15:29.314 | DEBUG    | ttnn:<module>:76 - Loading ttnn configuration overrides from environment variable TTNN_CONFIG_OVERRIDES
2026-08-12 15:15:29.314 | DEBUG    | ttnn:<module>:79 - Initial ttnn.CONFIG:
Config{cache_path=/home/mvasiljevic/.cache/ttnn,model_cache_path=/home/mvasiljevic/.cache/ttnn/models,tmp_dir=/tmp/ttnn,enable_model_cache=false,enable_fast_runtime_mode=true,throw_exception_on_fallback=true,enable_logging=false,enable_graph_report=false,enable_graph_python_stack_traces=false,enable_detailed_buffer_report=false,enable_detailed_tensor_report=false,enable_comparison_mode=false,comparison_mode_should_raise_exception=false,comparison_mode_pcc=0.9999,root_report_path=generated/ttnn/reports,report_name=std::nullopt,std::nullopt}
2026-08-12 15:15:29.348 | info     |          Device | Opening user mode device driver (tt_cluster.cpp:228)
2026-08-12 15:15:29.349 | info     |             UMD | Cluster constructor started. (cluster.cpp:348)
2026-08-12 15:15:29.349 | info     |             UMD | Creating TopologyDiscovery for architecture: blackhole (topology_discovery.cpp:91)
2026-08-12 15:15:29.349 | info     |             UMD | Starting topology discovery. (topology_discovery.cpp:110)
2026-08-12 15:15:29.350 | info     |             UMD | Established firmware bundle version: 19.8.0 (topology_discovery.cpp:569)
2026-08-12 15:15:29.350 | info     |             UMD | Firmware bundle version 19.8.0 on the system is newer than the latest fully tested version 19.5.0 for blackhole architecture. Newest features may not be supported. (topology_discovery.cpp:601)
2026-08-12 15:15:29.354 | info     |             UMD | Completed topology discovery. (topology_discovery.cpp:114)
2026-08-12 15:15:29.577 | info     |             UMD | Opening local chip ids/PCIe ids: {0, 1, 2, 3}/[0, 1, 2, 3] and remote chip ids {} (cluster.cpp:168)
2026-08-12 15:15:29.577 | info     |             UMD | IOMMU: enabled (cluster.cpp:142)
2026-08-12 15:15:29.577 | info     |             UMD | KMD version: 2.8.0 (cluster.cpp:145)
2026-08-12 15:15:29.577 | info     |             UMD | Cluster constructor completed. (cluster.cpp:520)
2026-08-12 15:15:29.578 | info     |             UMD | Starting devices in cluster (cluster.cpp:1024)
2026-08-12 15:15:29.841 | info     |             UMD | Starting devices in cluster completed. (cluster.cpp:1032)
2026-08-12 15:15:29.972 | info     |     Distributed | Using auto discovery to generate mesh graph. (metal_env.cpp:367)
2026-08-12 15:15:29.972 | info     |     Distributed | Constructing control plane using auto-discovery (no mesh graph descriptor). (metal_env.cpp:429)
2026-08-12 15:15:29.972 | warning  |          Always | Unknown motherboard 'B850M-C' for chip_id=0 (bus_id=0x1) — falling back to bus_id as tray_id. Add this motherboard and its bus IDs to mobo_to_bus_ids in physical_system_discovery.cpp. (physical_system_discovery.cpp:89)
2026-08-12 15:15:29.972 | warning  |          Always | Unknown motherboard 'B850M-C' for chip_id=1 (bus_id=0x2) — falling back to bus_id as tray_id. Add this motherboard and its bus IDs to mobo_to_bus_ids in physical_system_discovery.cpp. (physical_system_discovery.cpp:89)
2026-08-12 15:15:29.972 | warning  |          Always | Unknown motherboard 'B850M-C' for chip_id=2 (bus_id=0x3) — falling back to bus_id as tray_id. Add this motherboard and its bus IDs to mobo_to_bus_ids in physical_system_discovery.cpp. (physical_system_discovery.cpp:89)
2026-08-12 15:15:29.972 | warning  |          Always | Unknown motherboard 'B850M-C' for chip_id=3 (bus_id=0x4) — falling back to bus_id as tray_id. Add this motherboard and its bus IDs to mobo_to_bus_ids in physical_system_discovery.cpp. (physical_system_discovery.cpp:89)
2026-08-12 15:15:29.972 | warning  |          Always | Unknown motherboard 'B850M-C' for chip_id=1 (bus_id=0x2) — falling back to bus_id as tray_id. Add this motherboard and its bus IDs to mobo_to_bus_ids in physical_system_discovery.cpp. (physical_system_discovery.cpp:89)
2026-08-12 15:15:29.972 | warning  |          Always | Unknown motherboard 'B850M-C' for chip_id=0 (bus_id=0x1) — falling back to bus_id as tray_id. Add this motherboard and its bus IDs to mobo_to_bus_ids in physical_system_discovery.cpp. (physical_system_discovery.cpp:89)
2026-08-12 15:15:29.972 | warning  |          Always | Unknown motherboard 'B850M-C' for chip_id=2 (bus_id=0x3) — falling back to bus_id as tray_id. Add this motherboard and its bus IDs to mobo_to_bus_ids in physical_system_discovery.cpp. (physical_system_discovery.cpp:89)
2026-08-12 15:15:29.972 | warning  |          Always | Unknown motherboard 'B850M-C' for chip_id=3 (bus_id=0x4) — falling back to bus_id as tray_id. Add this motherboard and its bus IDs to mobo_to_bus_ids in physical_system_discovery.cpp. (physical_system_discovery.cpp:89)
2026-08-12 15:15:29.972 | info     |          Fabric | Logical multi-mesh adjacency: intermesh degree histogram {0:1}; intra-mesh degree histograms mesh0 {2:4} (topology_mapper_utils.cpp:2342)
2026-08-12 15:15:29.972 | info     |          Fabric | Physical multi-mesh adjacency: intermesh degree histogram {0:1}; intra-mesh degree histograms mesh0 {2:4} (topology_mapper_utils.cpp:2350)
2026-08-12 15:15:29.973 | DEBUG    | ttnn.device:__init__:152 - Using default dispatch core type for this system: DispatchCoreType.WORKER
2026-08-12 15:15:29.973 | DEBUG    | ttnn.device:__init__:154 - Using default dispatch core axis for this system: DispatchCoreAxis.COL
2026-08-12 15:15:29.978 | info     |    BuildKernels | Using pre-compiled firmware from: /home/mvasiljevic/tt-metal/tt_metal/pre-compiled/13793420398762238087/ (build_env_manager.cpp:347)
2026-08-12 15:15:29.978 | info     |    BuildKernels | Using pre-compiled firmware from: /home/mvasiljevic/tt-metal/tt_metal/pre-compiled/13793420398762238087/ (build_env_manager.cpp:347)
2026-08-12 15:15:29.978 | info     |    BuildKernels | Using pre-compiled firmware from: /home/mvasiljevic/tt-metal/tt_metal/pre-compiled/13793420398762238087/ (build_env_manager.cpp:347)
2026-08-12 15:15:29.978 | info     |    BuildKernels | Using pre-compiled firmware from: /home/mvasiljevic/tt-metal/tt_metal/pre-compiled/13793420398762238087/ (build_env_manager.cpp:347)
2026-08-12 15:15:30.012 | info     |           Metal | Initializing Fabric (fabric_firmware_initializer.cpp:288)
2026-08-12 15:15:30.034 | info     |           Metal | Fabric initialized on Device 0 (device.cpp:429)
2026-08-12 15:15:30.035 | info     |           Metal | Fabric initialized on Device 1 (device.cpp:429)
2026-08-12 15:15:30.035 | info     |           Metal | Fabric initialized on Device 2 (device.cpp:429)
2026-08-12 15:15:30.036 | info     |           Metal | Fabric initialized on Device 3 (device.cpp:429)
2026-08-12 15:15:30.036 | info     |           Metal | Fabric initialized on 4 devices (fabric_firmware_initializer.cpp:435)
2026-08-12 15:15:30.036 | info     |           Metal | Fabric Initialized with config FabricConfig::FABRIC_1D_RING (fabric_firmware_initializer.cpp:305)
2026-08-12 15:15:30.076 | info     |           Metal | ShmResourceTracker: removed orphaned shm '/tt_device_154095681929600_memory' (shm_resource_tracker.cpp:282)
2026-08-12 15:15:30.076 | info     |           Metal | ShmResourceTracker: removed orphaned shm '/tt_device_154095681929601_memory' (shm_resource_tracker.cpp:282)
2026-08-12 15:15:30.076 | info     |           Metal | ShmResourceTracker: removed orphaned shm '/tt_device_154095681932032_memory' (shm_resource_tracker.cpp:282)
2026-08-12 15:15:30.076 | info     |           Metal | ShmResourceTracker: removed orphaned shm '/tt_device_154095681932033_memory' (shm_resource_tracker.cpp:282)
2026-08-12 15:15:30.656 | info     |           Metal | [Real-time profiler] Device 3 sync complete: 100 samples, frequency=1.349979 GHz, device_time_at_sync=629236122823531 cycles (realtime_profiler_manager.cpp:1127)
2026-08-12 15:15:30.656 | info     |           Metal | [Real-time profiler] Device 1 sync complete: 100 samples, frequency=1.349983 GHz, device_time_at_sync=629065506148186 cycles (realtime_profiler_manager.cpp:1127)
2026-08-12 15:15:30.657 | info     |           Metal | [Real-time profiler] Device 0 sync complete: 100 samples, frequency=1.349989 GHz, device_time_at_sync=628980097871296 cycles (realtime_profiler_manager.cpp:1127)
2026-08-12 15:15:30.657 | info     |           Metal | [Real-time profiler] Device 2 sync complete: 100 samples, frequency=1.349987 GHz, device_time_at_sync=629154623339024 cycles (realtime_profiler_manager.cpp:1127)
2026-08-12 15:15:31.222 | INFO     | models.demos.deepseek_v3.utils.lazy_state_dict:__init__:94 - LazyStateDict initialized from /huggingface/hub/models--tiiuae--Falcon3-7B-Base/snapshots/bf3d7ed586cb22a921520e2d681a9d3d7642cde8/model.safetensors.index.json (255 keys across 4 files) in 20.5 ms
2026-08-12 15:17:56.878 | INFO     | models.common.modules.lazy_weight:get_device_weight:120 - [32m[cache hit][0m Loading tensor from cache: /home/mvasiljevic/tt-metal/models/autoports/tiiuae_falcon3_7b_base/weight_cache/full_model/embedding_hidden_sharded_srcshape_1_1_131072_3072_dtype_BFLOAT16_layout_ROW_MAJOR_mapper_91b88f1fa41f_device_0.tensorbin
2026-08-12 15:17:56.950 | INFO     | models.common.modules.lazy_weight:get_device_weight:120 - [32m[cache hit][0m Loading tensor from cache: /home/mvasiljevic/tt-metal/models/autoports/tiiuae_falcon3_7b_base/weight_cache/full_model/lm_head_vocab_split_0_bfp4_srcshape_3072_131072_dtype_BFLOAT4_B_layout_TILE_memcfg_284491595179420956_mapper_91b88f1fa41f_device_0.tensorbin
entry[0]             top1=0.930 (93/100)  top5=1.000 (100/100)  top100=1.000 (100/100)  TTFT=3142.33ms  decode=64.00 t/s/u  e2e=21.33 t/s/u
AGGREGATE            top1=0.930 (93/100)  top5=1.000 (100/100)  top100=1.000 (100/100)  TTFT=3142.33ms  decode=64.00 t/s/u  e2e=21.33 t/s/u
nanobind: leaked 2 instances!
 - leaked instance 0x7243f601f858 of type "ttnn._ttnn.device.DispatchCoreConfig"
 - leaked instance 0x7243f5f0b498 of type "ttnn._ttnn.tensor.CoreRangeSet"
nanobind: leaked 37 types!
 - leaked type "DispatchCoreAxis"
 - leaked type "ttnn._ttnn.device.SubDeviceManagerId"
 - leaked type "MathFidelity"
 - leaked type "ttnn._ttnn.operations.matmul.MatmulMultiCoreReuseMultiCast1DProgramConfig"
 - leaked type "ttnn._ttnn.operations.matmul.MatmulInputs"
 - leaked type "ttnn._ttnn.multi_device.MeshMapperConfig"
 - leaked type "ttnn._ttnn.operations.matmul.MatmulMultiCoreReuseMultiCastBatchedDRAMShardedProgramConfig"
 - leaked type "BufferType"
 - leaked type "UnaryOpType"
 - leaked type "Layout"
 - ... skipped remainder
nanobind: leaked 321 functions!
 - leaked function ""
 - leaked function ""
 - leaked function "config"
 - leaked function "from_json"
 - leaked function "update_tensor_topology"
 - leaked function "__repr__"
 - leaked function "__init__"
 - leaked function "is_asynchronous_slow_dispatch_enabled"
 - leaked function "__repr__"
 - leaked function "extract_shard"
 - ... skipped remainder
nanobind: this is likely caused by a reference counting issue in the binding code.
See https://nanobind.readthedocs.io/en/latest/refleaks.html2026-08-12 15:18:03.005 | info     |    BuildKernels | JIT cache stats: 430/431 hits (99.8%) [430 cached, 102 build-once dedup, 0 merged artifacts, 0 merged genfiles] (build_cache_telemetry.cpp:207)
2026-08-12 15:18:03.005 | info     |    BuildKernels | JIT telemetry: 3 registered TelemetryTokens (build_cache_telemetry.cpp:230)
2026-08-12 15:18:03.020 | info     |          Device | Closing user mode device drivers (tt_cluster.cpp:512)
2026-08-12 15:18:03.020 | info     |             UMD | Closing devices in cluster (cluster.cpp:1037)
2026-08-12 15:18:03.458 | info     |             UMD | Closing devices in cluster completed. (cluster.cpp:1046)
2026-08-12 15:18:03.458 | info     |             UMD | Cluster destructor started. (cluster.cpp:754)
2026-08-12 15:18:03.458 | info     |             UMD | Cluster destructor completed. (cluster.cpp:757)
