2026-07-30 02:07:16.857 | DEBUG    | ttnn:<module>:79 - Initial ttnn.CONFIG:
Config{cache_path=/home/mvasiljevic/.cache/ttnn,model_cache_path=/home/mvasiljevic/.cache/ttnn/models,tmp_dir=/tmp/ttnn,enable_model_cache=false,enable_fast_runtime_mode=true,throw_exception_on_fallback=false,enable_logging=false,enable_graph_report=false,enable_graph_python_stack_traces=false,enable_detailed_buffer_report=false,enable_detailed_tensor_report=false,enable_comparison_mode=false,comparison_mode_should_raise_exception=false,comparison_mode_pcc=0.9999,root_report_path=generated/ttnn/reports,report_name=std::nullopt,std::nullopt}
============================= test session starts ==============================
platform linux -- Python 3.12.13, pytest-9.0.3, pluggy-1.6.0 -- /home/mvasiljevic/tt-metal/python_env/bin/python3
cachedir: .pytest_cache
benchmark: 5.2.3 (defaults: timer=time.perf_counter disable_gc=False min_rounds=5 min_time=0.000005 max_time=1.0 calibration_precision=10 warmup=False warmup_iterations=100000)
rootdir: /home/mvasiljevic/tt-metal
configfile: pytest.ini
plugins: github-actions-annotate-failures-0.3.0, anyio-4.14.2, dash-2.15.0, split-0.11.0, timeout-2.4.0, benchmark-5.2.3, cov-7.0.0
timeout: 300.0s
timeout method: signal
timeout func_only: False
collecting ... collected 4 items / 2 deselected / 2 selected

models/autoports/microsoft_phi_3_5_mini_instruct/tests/fused_decoder_perf.py::test_profile_traced_decode_before_after[blackhole-1-mesh_device0] 2026-07-30 02:07:18.385 | info     |          Device | Opening user mode device driver (tt_cluster.cpp:228)
2026-07-30 02:07:18.385 | info     |             UMD | Cluster constructor started. (cluster.cpp:348)
2026-07-30 02:07:18.385 | info     |             UMD | Creating TopologyDiscovery for architecture: blackhole (topology_discovery.cpp:91)
2026-07-30 02:07:18.385 | info     |             UMD | Starting topology discovery. (topology_discovery.cpp:110)
2026-07-30 02:07:18.387 | info     |             UMD | Established firmware bundle version: 19.8.0 (topology_discovery.cpp:569)
2026-07-30 02:07:18.387 | info     |             UMD | Firmware bundle version 19.8.0 on the system is newer than the latest fully tested version 19.5.0 for blackhole architecture. Newest features may not be supported. (topology_discovery.cpp:601)
2026-07-30 02:07:18.391 | info     |             UMD | Completed topology discovery. (topology_discovery.cpp:114)
2026-07-30 02:07:18.613 | info     |             UMD | Opening local chip ids/PCIe ids: {0, 1, 2, 3}/[0, 1, 2, 3] and remote chip ids {} (cluster.cpp:168)
2026-07-30 02:07:18.613 | info     |             UMD | IOMMU: enabled (cluster.cpp:142)
2026-07-30 02:07:18.613 | info     |             UMD | KMD version: 2.8.0 (cluster.cpp:145)
2026-07-30 02:07:18.613 | info     |             UMD | Cluster constructor completed. (cluster.cpp:520)
2026-07-30 02:07:18.615 | info     |             UMD | Starting devices in cluster (cluster.cpp:1024)
2026-07-30 02:07:18.830 | info     |             UMD | Starting devices in cluster completed. (cluster.cpp:1032)
2026-07-30 02:07:18.961 | DEBUG    | ttnn.device:__init__:152 - Using default dispatch core type for this system: DispatchCoreType.WORKER
2026-07-30 02:07:18.961 | DEBUG    | ttnn.device:__init__:154 - Using default dispatch core axis for this system: DispatchCoreAxis.COL
2026-07-30 02:07:18.961 | info     |     Distributed | Using auto discovery to generate mesh graph. (metal_env.cpp:367)
2026-07-30 02:07:18.961 | info     |     Distributed | Constructing control plane using auto-discovery (no mesh graph descriptor). (metal_env.cpp:429)
2026-07-30 02:07:18.961 | warning  |          Always | Unknown motherboard 'B850M-C' for chip_id=0 (bus_id=0x1) — falling back to bus_id as tray_id. Add this motherboard and its bus IDs to mobo_to_bus_ids in physical_system_discovery.cpp. (physical_system_discovery.cpp:89)
2026-07-30 02:07:18.961 | warning  |          Always | Unknown motherboard 'B850M-C' for chip_id=1 (bus_id=0x2) — falling back to bus_id as tray_id. Add this motherboard and its bus IDs to mobo_to_bus_ids in physical_system_discovery.cpp. (physical_system_discovery.cpp:89)
2026-07-30 02:07:18.961 | warning  |          Always | Unknown motherboard 'B850M-C' for chip_id=2 (bus_id=0x3) — falling back to bus_id as tray_id. Add this motherboard and its bus IDs to mobo_to_bus_ids in physical_system_discovery.cpp. (physical_system_discovery.cpp:89)
2026-07-30 02:07:18.961 | warning  |          Always | Unknown motherboard 'B850M-C' for chip_id=3 (bus_id=0x4) — falling back to bus_id as tray_id. Add this motherboard and its bus IDs to mobo_to_bus_ids in physical_system_discovery.cpp. (physical_system_discovery.cpp:89)
2026-07-30 02:07:18.961 | warning  |          Always | Unknown motherboard 'B850M-C' for chip_id=1 (bus_id=0x2) — falling back to bus_id as tray_id. Add this motherboard and its bus IDs to mobo_to_bus_ids in physical_system_discovery.cpp. (physical_system_discovery.cpp:89)
2026-07-30 02:07:18.961 | warning  |          Always | Unknown motherboard 'B850M-C' for chip_id=0 (bus_id=0x1) — falling back to bus_id as tray_id. Add this motherboard and its bus IDs to mobo_to_bus_ids in physical_system_discovery.cpp. (physical_system_discovery.cpp:89)
2026-07-30 02:07:18.961 | warning  |          Always | Unknown motherboard 'B850M-C' for chip_id=2 (bus_id=0x3) — falling back to bus_id as tray_id. Add this motherboard and its bus IDs to mobo_to_bus_ids in physical_system_discovery.cpp. (physical_system_discovery.cpp:89)
2026-07-30 02:07:18.961 | warning  |          Always | Unknown motherboard 'B850M-C' for chip_id=3 (bus_id=0x4) — falling back to bus_id as tray_id. Add this motherboard and its bus IDs to mobo_to_bus_ids in physical_system_discovery.cpp. (physical_system_discovery.cpp:89)
2026-07-30 02:07:18.961 | info     |          Fabric | Logical multi-mesh adjacency: intermesh degree histogram {0:1}; intra-mesh degree histograms mesh0 {2:4} (topology_mapper_utils.cpp:2342)
2026-07-30 02:07:18.961 | info     |          Fabric | Physical multi-mesh adjacency: intermesh degree histogram {0:1}; intra-mesh degree histograms mesh0 {2:4} (topology_mapper_utils.cpp:2350)
2026-07-30 02:07:18.967 | info     |    BuildKernels | Using pre-compiled firmware from: /home/mvasiljevic/tt-metal/tt_metal/pre-compiled/13793420398762238087/ (build_env_manager.cpp:347)
2026-07-30 02:07:18.967 | info     |    BuildKernels | Using pre-compiled firmware from: /home/mvasiljevic/tt-metal/tt_metal/pre-compiled/13793420398762238087/ (build_env_manager.cpp:347)
2026-07-30 02:07:18.967 | info     |    BuildKernels | Using pre-compiled firmware from: /home/mvasiljevic/tt-metal/tt_metal/pre-compiled/13793420398762238087/ (build_env_manager.cpp:347)
2026-07-30 02:07:18.967 | info     |    BuildKernels | Using pre-compiled firmware from: /home/mvasiljevic/tt-metal/tt_metal/pre-compiled/13793420398762238087/ (build_env_manager.cpp:347)
2026-07-30 02:07:18.995 | warning  |           Metal | Opening subset of mmio devices slows down UMD read/write to remote chips. If opening more devices, consider using CreateDevices API. (device_manager.cpp:261)
2026-07-30 02:07:19.034 | info     |           Metal | ShmResourceTracker: removed orphaned shm '/tt_device_154095681929600_memory' (shm_resource_tracker.cpp:282)
2026-07-30 02:07:19.614 | info     |           Metal | [Real-time profiler] Device 3 sync complete: 100 samples, frequency=1.349981 GHz, device_time_at_sync=9841475900539 cycles (realtime_profiler_manager.cpp:1127)
2026-07-30 02:07:19.629 | DEBUG    | conftest:mesh_device:599 - multidevice with 1 devices is created
[transformers] This model config has set a `rope_parameters['original_max_position_embeddings']` field, to be used together with `max_position_embeddings` to determine a scaling factor. Please set the `factor` field of `rope_parameters`with this ratio instead -- we recommend the use of this field over `original_max_position_embeddings`, as it is compatible with most model architectures.
2026-07-30 02:07:20.867 | warning  |           Metal | Allocating device buffers is unsafe due to the existence of an active trace. These buffers may be corrupted once a trace is executed. (allocator.cpp:110)
2026-07-30 02:07:21.019 | INFO     | tracy:signpost:49 - PAIRED_DECODE_B1_FUNCTIONAL_FUSED
2026-07-30 02:07:22.693 | warning  |           Metal | [Real-time profiler] Skipping zone with end < start: runtime_id=119, chip_id=3, start_timestamp=9846302508934, end_timestamp=9846302262783 (delta=-246151) (realtime_profiler_tracy_handler.cpp:148)
2026-07-30 02:07:23.116 | INFO     | tracy:signpost:49 - PAIRED_DECODE_B1_FUNCTIONAL_FUSED_END
PERF_RESULTS mode=decode batch=1 context=128 traced=true values={'functional': (1.0487142018973827, 1.0440628975629807), 'fused': (1.046459872275591, 1.0403646156191826)}
PASSED
models/autoports/microsoft_phi_3_5_mini_instruct/tests/fused_decoder_perf.py::test_profile_traced_decode_before_after[blackhole-32-mesh_device0] 2026-07-30 02:07:23.439 | DEBUG    | ttnn.device:__init__:152 - Using default dispatch core type for this system: DispatchCoreType.WORKER
2026-07-30 02:07:23.439 | DEBUG    | ttnn.device:__init__:154 - Using default dispatch core axis for this system: DispatchCoreAxis.COL
2026-07-30 02:07:23.452 | info     |    BuildKernels | Using pre-compiled firmware from: /home/mvasiljevic/tt-metal/tt_metal/pre-compiled/13793420398762238087/ (build_env_manager.cpp:347)
2026-07-30 02:07:23.453 | info     |    BuildKernels | Using pre-compiled firmware from: /home/mvasiljevic/tt-metal/tt_metal/pre-compiled/13793420398762238087/ (build_env_manager.cpp:347)
2026-07-30 02:07:23.453 | info     |    BuildKernels | Using pre-compiled firmware from: /home/mvasiljevic/tt-metal/tt_metal/pre-compiled/13793420398762238087/ (build_env_manager.cpp:347)
2026-07-30 02:07:23.454 | info     |    BuildKernels | Using pre-compiled firmware from: /home/mvasiljevic/tt-metal/tt_metal/pre-compiled/13793420398762238087/ (build_env_manager.cpp:347)
2026-07-30 02:07:23.482 | warning  |           Metal | Opening subset of mmio devices slows down UMD read/write to remote chips. If opening more devices, consider using CreateDevices API. (device_manager.cpp:261)
2026-07-30 02:07:23.523 | DEBUG    | conftest:mesh_device:599 - multidevice with 1 devices is created
SKIPPED

==================================== PASSES ====================================
- generated xml file: /home/mvasiljevic/tt-metal/generated/test_reports/most_recent_tests.xml -
============================== slowest durations ===============================
3.49s call     models/autoports/microsoft_phi_3_5_mini_instruct/tests/fused_decoder_perf.py::test_profile_traced_decode_before_after[blackhole-1-mesh_device0]
1.45s setup    models/autoports/microsoft_phi_3_5_mini_instruct/tests/fused_decoder_perf.py::test_profile_traced_decode_before_after[blackhole-1-mesh_device0]
0.29s setup    models/autoports/microsoft_phi_3_5_mini_instruct/tests/fused_decoder_perf.py::test_profile_traced_decode_before_after[blackhole-32-mesh_device0]
0.12s teardown models/autoports/microsoft_phi_3_5_mini_instruct/tests/fused_decoder_perf.py::test_profile_traced_decode_before_after[blackhole-32-mesh_device0]
0.12s teardown models/autoports/microsoft_phi_3_5_mini_instruct/tests/fused_decoder_perf.py::test_profile_traced_decode_before_after[blackhole-1-mesh_device0]

(1 durations < 0.005s hidden.  Use -vv to show these durations.)
=========================== short test summary info ============================
PASSED models/autoports/microsoft_phi_3_5_mini_instruct/tests/fused_decoder_perf.py::test_profile_traced_decode_before_after[blackhole-1-mesh_device0]
SKIPPED [1] models/autoports/microsoft_phi_3_5_mini_instruct/tests/fused_decoder_perf.py:115: FUSED_PROFILE_BATCH=1
================== 1 passed, 1 skipped, 2 deselected in 6.13s ==================
nanobind: leaked 2 instances!
 - leaked instance 0x73f4b60341c8 of type "ttnn._ttnn.tensor.MemoryConfig"
 - leaked instance 0x73f4b67be0b8 of type "ttnn._ttnn.tensor.CoreRangeSet"
nanobind: leaked 20 types!
 - leaked type "ttnn._ttnn.operations.matmul.MatmulMultiCoreReuseMultiCast1DProgramConfig"
 - leaked type "ttnn._ttnn.operations.matmul.MatmulInputs"
 - leaked type "ttnn._ttnn.operations.matmul.MatmulMultiCoreReuseMultiCastBatchedDRAMShardedProgramConfig"
 - leaked type "BufferType"
 - leaked type "UnaryOpType"
 - leaked type "Layout"
 - leaked type "ttnn._ttnn.operations.matmul.MatmulMultiCoreReuseOptimizedProgramFactory"
 - leaked type "Arch"
 - leaked type "ttnn._ttnn.operations.matmul.MatmulParams"
 - leaked type "ttnn._ttnn.tensor.CoreRangeSet"
 - ... skipped remainder
nanobind: leaked 247 functions!
 - leaked function "pad"
 - leaked function ""
 - leaked function "pop_current_command_queue_id_for_thread"
 - leaked function ""
 - leaked function ""
 - leaked function "set_sub_device_stall_group"
 - leaked function ""
 - leaked function ""
 - leaked function ""
 - leaked function "merge"
 - ... skipped remainder
nanobind: this is likely caused by a reference counting issue in the binding code.
See https://nanobind.readthedocs.io/en/latest/refleaks.html2026-07-30 02:07:25.438 | info     |    BuildKernels | JIT cache stats: 154/154 hits (100.0%) [154 cached, 23 build-once dedup, 0 merged artifacts, 0 merged genfiles] (build_cache_telemetry.cpp:207)
2026-07-30 02:07:25.438 | info     |    BuildKernels | JIT telemetry: 3 registered TelemetryTokens (build_cache_telemetry.cpp:230)
2026-07-30 02:07:25.450 | info     |          Device | Closing user mode device drivers (tt_cluster.cpp:512)
2026-07-30 02:07:25.450 | info     |             UMD | Closing devices in cluster (cluster.cpp:1037)
2026-07-30 02:07:25.997 | info     |             UMD | Closing devices in cluster completed. (cluster.cpp:1046)
2026-07-30 02:07:25.997 | info     |             UMD | Cluster destructor started. (cluster.cpp:754)
2026-07-30 02:07:25.997 | info     |             UMD | Cluster destructor completed. (cluster.cpp:757)
