2026-08-03 07:00:18.313 | INFO     | __main__:main:189 - Setting profiler artifacts folder to models/autoports/microsoft_phi_3_5_mini_instruct/doc/advisor_challenger/profiles/winner
2026-08-03 07:00:18.314 | INFO     | __main__:main:395 - Using port 8086
2026-08-03 07:00:18.314 | INFO     | tracy:run_report_setup:91 - Verifying tracy profiling tools
2026-08-03 07:00:18.315 | INFO     | tracy:run_report_setup:112 - Capture command: ('/home/mvasiljevic/tt-metal/build/tools/profiler/bin/tracy-capture -o models/autoports/microsoft_phi_3_5_mini_instruct/doc/advisor_challenger/profiles/winner/.logs/tracy_profile_log_host.tracy -f -p 8086',)
Connecting to 127.0.0.1:8086...2026-08-03 07:00:18.321 | INFO     | __main__:main:413 - Test process started
2026-08-03 07:00:19.042 | INFO     | __main__:main:189 - Setting profiler artifacts folder to models/autoports/microsoft_phi_3_5_mini_instruct/doc/advisor_challenger/profiles/winner
2026-08-03 07:00:19.273 | DEBUG    | ttnn:<module>:79 - Initial ttnn.CONFIG:
Config{cache_path=/home/mvasiljevic/.cache/ttnn,model_cache_path=/home/mvasiljevic/.cache/ttnn/models,tmp_dir=/tmp/ttnn,enable_model_cache=false,enable_fast_runtime_mode=true,throw_exception_on_fallback=false,enable_logging=false,enable_graph_report=false,enable_graph_python_stack_traces=false,enable_detailed_buffer_report=false,enable_detailed_tensor_report=false,enable_comparison_mode=false,comparison_mode_should_raise_exception=false,comparison_mode_pcc=0.9999,root_report_path=generated/ttnn/reports,report_name=std::nullopt,std::nullopt}
2026-08-03 07:00:19.873 | info     |          Device | Opening user mode device driver (tt_cluster.cpp:228)
2026-08-03 07:00:19.873 | info     |             UMD | Cluster constructor started. (cluster.cpp:348)
2026-08-03 07:00:19.873 | info     |             UMD | Creating TopologyDiscovery for architecture: blackhole (topology_discovery.cpp:91)
2026-08-03 07:00:19.873 | info     |             UMD | Starting topology discovery. (topology_discovery.cpp:110)
2026-08-03 07:00:19.874 | info     |             UMD | Established firmware bundle version: 19.8.0 (topology_discovery.cpp:569)
2026-08-03 07:00:19.874 | info     |             UMD | Firmware bundle version 19.8.0 on the system is newer than the latest fully tested version 19.5.0 for blackhole architecture. Newest features may not be supported. (topology_discovery.cpp:601)
2026-08-03 07:00:19.878 | info     |             UMD | Completed topology discovery. (topology_discovery.cpp:114)
2026-08-03 07:00:20.101 | info     |             UMD | Opening local chip ids/PCIe ids: {0, 1, 2, 3}/[0, 1, 2, 3] and remote chip ids {} (cluster.cpp:168)
2026-08-03 07:00:20.101 | info     |             UMD | IOMMU: enabled (cluster.cpp:142)
2026-08-03 07:00:20.101 | info     |             UMD | KMD version: 2.8.0 (cluster.cpp:145)
2026-08-03 07:00:20.101 | info     |             UMD | Cluster constructor completed. (cluster.cpp:520)
2026-08-03 07:00:20.103 | info     |             UMD | Starting devices in cluster (cluster.cpp:1024)
2026-08-03 07:00:20.316 | info     |             UMD | Starting devices in cluster completed. (cluster.cpp:1032)
2026-08-03 07:00:20.448 | DEBUG    | ttnn.device:__init__:152 - Using default dispatch core type for this system: DispatchCoreType.WORKER
2026-08-03 07:00:20.448 | DEBUG    | ttnn.device:__init__:154 - Using default dispatch core axis for this system: DispatchCoreAxis.COL
2026-08-03 07:00:20.448 | info     |     Distributed | Using auto discovery to generate mesh graph. (metal_env.cpp:367)
2026-08-03 07:00:20.448 | info     |     Distributed | Constructing control plane using auto-discovery (no mesh graph descriptor). (metal_env.cpp:429)
2026-08-03 07:00:20.448 | warning  |          Always | Unknown motherboard 'B850M-C' for chip_id=0 (bus_id=0x1) — falling back to bus_id as tray_id. Add this motherboard and its bus IDs to mobo_to_bus_ids in physical_system_discovery.cpp. (physical_system_discovery.cpp:89)
2026-08-03 07:00:20.448 | warning  |          Always | Unknown motherboard 'B850M-C' for chip_id=1 (bus_id=0x2) — falling back to bus_id as tray_id. Add this motherboard and its bus IDs to mobo_to_bus_ids in physical_system_discovery.cpp. (physical_system_discovery.cpp:89)
2026-08-03 07:00:20.448 | warning  |          Always | Unknown motherboard 'B850M-C' for chip_id=2 (bus_id=0x3) — falling back to bus_id as tray_id. Add this motherboard and its bus IDs to mobo_to_bus_ids in physical_system_discovery.cpp. (physical_system_discovery.cpp:89)
2026-08-03 07:00:20.448 | warning  |          Always | Unknown motherboard 'B850M-C' for chip_id=3 (bus_id=0x4) — falling back to bus_id as tray_id. Add this motherboard and its bus IDs to mobo_to_bus_ids in physical_system_discovery.cpp. (physical_system_discovery.cpp:89)
2026-08-03 07:00:20.448 | warning  |          Always | Unknown motherboard 'B850M-C' for chip_id=1 (bus_id=0x2) — falling back to bus_id as tray_id. Add this motherboard and its bus IDs to mobo_to_bus_ids in physical_system_discovery.cpp. (physical_system_discovery.cpp:89)
2026-08-03 07:00:20.448 | warning  |          Always | Unknown motherboard 'B850M-C' for chip_id=0 (bus_id=0x1) — falling back to bus_id as tray_id. Add this motherboard and its bus IDs to mobo_to_bus_ids in physical_system_discovery.cpp. (physical_system_discovery.cpp:89)
2026-08-03 07:00:20.448 | warning  |          Always | Unknown motherboard 'B850M-C' for chip_id=2 (bus_id=0x3) — falling back to bus_id as tray_id. Add this motherboard and its bus IDs to mobo_to_bus_ids in physical_system_discovery.cpp. (physical_system_discovery.cpp:89)
2026-08-03 07:00:20.448 | warning  |          Always | Unknown motherboard 'B850M-C' for chip_id=3 (bus_id=0x4) — falling back to bus_id as tray_id. Add this motherboard and its bus IDs to mobo_to_bus_ids in physical_system_discovery.cpp. (physical_system_discovery.cpp:89)
2026-08-03 07:00:20.448 | info     |          Fabric | Logical multi-mesh adjacency: intermesh degree histogram {0:1}; intra-mesh degree histograms mesh0 {2:4} (topology_mapper_utils.cpp:2342)
2026-08-03 07:00:20.448 | info     |          Fabric | Physical multi-mesh adjacency: intermesh degree histogram {0:1}; intra-mesh degree histograms mesh0 {2:4} (topology_mapper_utils.cpp:2350)
2026-08-03 07:00:20.489 | warning  |           Metal | Opening subset of mmio devices slows down UMD read/write to remote chips. If opening more devices, consider using CreateDevices API. (device_manager.cpp:261)
2026-08-03 07:00:20.612 | info     |           Metal | Profiler started on device 3 (profiler_initializer.cpp:49)
2026-08-03 07:00:20.656 | info     |           Metal | ShmResourceTracker: removed orphaned shm '/tt_device_154095681929600_memory' (shm_resource_tracker.cpp:282)
2026-08-03 07:00:21.238 | info     |           Metal | [Real-time profiler] Device 3 sync complete: 100 samples, frequency=1.350231 GHz, device_time_at_sync=170997424975362 cycles (realtime_profiler_manager.cpp:1127)
[transformers] This model config has set a `rope_parameters['original_max_position_embeddings']` field, to be used together with `max_position_embeddings` to determine a scaling factor. Please set the `factor` field of `rope_parameters`with this ratio instead -- we recommend the use of this field over `original_max_position_embeddings`, as it is compatible with most model architectures.
Building brisc, compile step:
cd /home/mvasiljevic/.cache/tt-metal-cache/9843948281834973358/kernels/writer_unary_sharded_blocks_interleaved_start_id/4017401663783734545/brisc/ && /home/mvasiljevic/tt-metal/runtime/sfpi/compiler/bin/riscv-tt-elf-g++ -O2 -std=c++17 -ftt-nttp -ftt-constinit -ftt-consteval -ftt-no-dyninit -flto=auto -ffast-math -fno-exceptions -fno-rtti -fno-use-cxa-atexit -g -MMD -Wall -Werror -Wno-error=deprecated-declarations -Wno-error=multistatement-macros -Wno-error=parentheses -Wno-error=unused-but-set-variable -Wno-unused-variable -Wno-unused-function -mcpu=tt-bh -fno-tree-loop-distribute-patterns -I. -I.. -I/home/mvasiljevic/tt-metal/ -I/home/mvasiljevic/tt-metal/ttnn -I/home/mvasiljevic/tt-metal/ttnn/cpp -I/home/mvasiljevic/tt-metal/tt_metal -I/home/mvasiljevic/tt-metal/tt_metal/hw/inc -I/home/mvasiljevic/tt-metal/tt_metal/tt-llk/common -I/home/mvasiljevic/tt-metal/tt_metal/hostdevcommon/api -I/home/mvasiljevic/tt-metal/tt_metal/api/ -I/home/mvasiljevic/tt-metal/tt_metal/hw/ckernels/blackhole/metal/common -I/home/mvasiljevic/tt-metal/tt_metal/hw/ckernels/blackhole/metal/llk_io -I/home/mvasiljevic/tt-metal/tt_metal/hw/inc/internal/tt-1xx -I/home/mvasiljevic/tt-metal/tt_metal/hw/inc/internal/tt-1xx/blackhole -I/home/mvasiljevic/tt-metal/tt_metal/hw/inc/internal/tt-1xx/blackhole/blackhole_defines -I/home/mvasiljevic/tt-metal/tt_metal/hw/inc/internal/tt-1xx/blackhole/noc -I/home/mvasiljevic/tt-metal/tt_metal/tt-llk/tt_llk_blackhole/common/inc -I/home/mvasiljevic/tt-metal/tt_metal/tt-llk/tt_llk_blackhole/llk_lib -I/home/mvasiljevic/tt-metal/tt_metal/hw/firmware/src/tt-1xx -I/home/mvasiljevic/tt-metal/ttnn/cpp/ttnn/operations/data_movement/sharded/device/kernels/dataflow -c -o /home/mvasiljevic/.cache/tt-metal-cache/9843948281834973358/kernels/writer_unary_sharded_blocks_interleaved_start_id/4017401663783734545/brisc/brisck.7909615136162557968.o /home/mvasiljevic/tt-metal/tt_metal/hw/firmware/src/tt-1xx/brisck.cc -MF /home/mvasiljevic/.cache/tt-metal-cache/9843948281834973358/kernels/writer_unary_sharded_blocks_interleaved_start_id/4017401663783734545/brisc/brisck.7909615136162557968.d -DIS_NOT_POW2_NUM_L1_BANKS=1 -DLOG_BASE_2_OF_NUM_DRAM_BANKS=3 -DNUM_DRAM_BANKS=8 -DNUM_L1_BANKS=110 -DPCIE_NOC_X=19 -DPCIE_NOC_Y=24 -DTENSIX_FIRMWARE -DLOCAL_MEM_EN=0 -DPROFILE_KERNEL=1 -DPROFILER_FULL_HOST_BUFFER_SIZE_PER_RISC=960000 -DPROCESSOR_INDEX=0 -DCOMPILE_FOR_BRISC -DARCH_BLACKHOLE -DDISPATCH_MESSAGE_ADDR=4290184248 -DKERNEL_BUILD -DFULL_KERNEL_NAME="\"writer_unary_sharded_blocks_interleaved_start_id/4017401663783734545/\"" -DNOC_INDEX='1' -DNOC_MODE='0' -DKERNEL_COMPILE_TIME_ARGS=0,0,2048 
In file included from /home/mvasiljevic/tt-metal/tt_metal/hw/inc/api/dataflow/dataflow_api.h:27,
                 from /home/mvasiljevic/tt-metal/tt_metal/hw/inc/internal/firmware_common.h:24,
                 from /home/mvasiljevic/tt-metal/tt_metal/hw/firmware/src/tt-1xx/brisck.cc:17:
/home/mvasiljevic/tt-metal/tt_metal/tools/profiler/kernel_profiler.hpp: In function 'void kernel_profiler::quick_push()':
/home/mvasiljevic/tt-metal/tt_metal/tools/profiler/kernel_profiler.hpp:25:22: note: '#pragma message: PROFILER-NOC-QUICK-PUSH,/home/mvasiljevic/tt-metal/tt_metal/tools/profiler/kernel_profiler.hpp,395,KERNEL_PROFILER'
   25 | #define DO_PRAGMA(x) _Pragma(#x)
      |                      ^~~~~~~
/home/mvasiljevic/tt-metal/tt_metal/tools/profiler/kernel_profiler.hpp:35:5: note: in expansion of macro 'DO_PRAGMA'
   35 |     DO_PRAGMA(message(PROFILER_MSG_NAME(name))); \
      |     ^~~~~~~~~
/home/mvasiljevic/tt-metal/tt_metal/tools/profiler/kernel_profiler.hpp:395:5: note: in expansion of macro 'SrcLocNameToHash'
  395 |     SrcLocNameToHash("PROFILER-NOC-QUICK-PUSH");
      |     ^~~~~~~~~~~~~~~~
/home/mvasiljevic/tt-metal/tt_metal/hw/firmware/src/tt-1xx/brisck.cc: In function 'uint32_t _start()':
/home/mvasiljevic/tt-metal/tt_metal/tools/profiler/kernel_profiler.hpp:25:22: note: '#pragma message: BRISC-KERNEL,/home/mvasiljevic/tt-metal/tt_metal/hw/firmware/src/tt-1xx/brisck.cc,77,KERNEL_PROFILER'
   25 | #define DO_PRAGMA(x) _Pragma(#x)
      |                      ^~~~~~~
/home/mvasiljevic/tt-metal/tt_metal/tools/profiler/kernel_profiler.hpp:702:5: note: in expansion of macro 'DO_PRAGMA'
  702 |     DO_PRAGMA(message(PROFILER_MSG_NAME(name)));                               \
      |     ^~~~~~~~~
/home/mvasiljevic/tt-metal/tt_metal/hw/firmware/src/tt-1xx/brisck.cc:77:9: note: in expansion of macro 'DeviceZoneScopedMainChildN'
   77 |         DeviceZoneScopedMainChildN("BRISC-KERNEL");
      |         ^~~~~~~~~~~~~~~~~~~~~~~~~~
Building ncrisc, compile step:
cd /home/mvasiljevic/.cache/tt-metal-cache/9843948281834973358/kernels/reader_unary_unpad_dims_interleaved_start_id/18444453552788372250/ncrisc/ && /home/mvasiljevic/tt-metal/runtime/sfpi/compiler/bin/riscv-tt-elf-g++ -O2 -std=c++17 -ftt-nttp -ftt-constinit -ftt-consteval -ftt-no-dyninit -flto=auto -ffast-math -fno-exceptions -fno-rtti -fno-use-cxa-atexit -g -MMD -Wall -Werror -Wno-error=deprecated-declarations -Wno-error=multistatement-macros -Wno-error=parentheses -Wno-error=unused-but-set-variable -Wno-unused-variable -Wno-unused-function -mcpu=tt-bh -fno-tree-loop-distribute-patterns -I. -I.. -I/home/mvasiljevic/tt-metal/ -I/home/mvasiljevic/tt-metal/ttnn -I/home/mvasiljevic/tt-metal/ttnn/cpp -I/home/mvasiljevic/tt-metal/tt_metal -I/home/mvasiljevic/tt-metal/tt_metal/hw/inc -I/home/mvasiljevic/tt-metal/tt_metal/tt-llk/common -I/home/mvasiljevic/tt-metal/tt_metal/hostdevcommon/api -I/home/mvasiljevic/tt-metal/tt_metal/api/ -I/home/mvasiljevic/tt-metal/tt_metal/hw/ckernels/blackhole/metal/common -I/home/mvasiljevic/tt-metal/tt_metal/hw/ckernels/blackhole/metal/llk_io -I/home/mvasiljevic/tt-metal/tt_metal/hw/inc/internal/tt-1xx -I/home/mvasiljevic/tt-metal/tt_metal/hw/inc/internal/tt-1xx/blackhole -I/home/mvasiljevic/tt-metal/tt_metal/hw/inc/internal/tt-1xx/blackhole/blackhole_defines -I/home/mvasiljevic/tt-metal/tt_metal/hw/inc/internal/tt-1xx/blackhole/noc -I/home/mvasiljevic/tt-metal/tt_metal/tt-llk/tt_llk_blackhole/common/inc -I/home/mvasiljevic/tt-metal/tt_metal/tt-llk/tt_llk_blackhole/llk_lib -I/home/mvasiljevic/tt-metal/tt_metal/hw/firmware/src/tt-1xx -I/home/mvasiljevic/tt-metal/ttnn/cpp/ttnn/operations/data_movement/slice/device/kernels/dataflow -c -o /home/mvasiljevic/.cache/tt-metal-cache/9843948281834973358/kernels/reader_unary_unpad_dims_interleaved_start_id/18444453552788372250/ncrisc/ncrisck.7909615136162557968.o /home/mvasiljevic/tt-metal/tt_metal/hw/firmware/src/tt-1xx/ncrisck.cc -MF /home/mvasiljevic/.cache/tt-metal-cache/9843948281834973358/kernels/reader_unary_unpad_dims_interleaved_start_id/18444453552788372250/ncrisc/ncrisck.7909615136162557968.d -DIS_NOT_POW2_NUM_L1_BANKS=1 -DLOG_BASE_2_OF_NUM_DRAM_BANKS=3 -DNUM_DRAM_BANKS=8 -DNUM_L1_BANKS=110 -DPCIE_NOC_X=19 -DPCIE_NOC_Y=24 -DTENSIX_FIRMWARE -DLOCAL_MEM_EN=0 -DPROFILE_KERNEL=1 -DPROFILER_FULL_HOST_BUFFER_SIZE_PER_RISC=960000 -DPROCESSOR_INDEX=1 -DCOMPILE_FOR_NCRISC -DARCH_BLACKHOLE -DDISPATCH_MESSAGE_ADDR=4290184248 -DKERNEL_BUILD -DFULL_KERNEL_NAME="\"reader_unary_unpad_dims_interleaved_start_id/18444453552788372250/\"" -DNOC_INDEX='0' -DNOC_MODE='0' -DKERNEL_COMPILE_TIME_ARGS=4,0,2048 -DKERNEL_COMPILE_TIME_ARG_MAP="{\"cb_in\",0}, " 
In file included from /home/mvasiljevic/tt-metal/tt_metal/hw/inc/api/dataflow/dataflow_api.h:27,
                 from /home/mvasiljevic/tt-metal/tt_metal/hw/inc/internal/firmware_common.h:24,
                 from /home/mvasiljevic/tt-metal/tt_metal/hw/firmware/src/tt-1xx/ncrisck.cc:17:
/home/mvasiljevic/tt-metal/tt_metal/tools/profiler/kernel_profiler.hpp: In function 'void kernel_profiler::quick_push()':
/home/mvasiljevic/tt-metal/tt_metal/tools/profiler/kernel_profiler.hpp:25:22: note: '#pragma message: PROFILER-NOC-QUICK-PUSH,/home/mvasiljevic/tt-metal/tt_metal/tools/profiler/kernel_profiler.hpp,395,KERNEL_PROFILER'
   25 | #define DO_PRAGMA(x) _Pragma(#x)
      |                      ^~~~~~~
/home/mvasiljevic/tt-metal/tt_metal/tools/profiler/kernel_profiler.hpp:35:5: note: in expansion of macro 'DO_PRAGMA'
   35 |     DO_PRAGMA(message(PROFILER_MSG_NAME(name))); \
      |     ^~~~~~~~~
/home/mvasiljevic/tt-metal/tt_metal/tools/profiler/kernel_profiler.hpp:395:5: note: in expansion of macro 'SrcLocNameToHash'
  395 |     SrcLocNameToHash("PROFILER-NOC-QUICK-PUSH");
      |     ^~~~~~~~~~~~~~~~
/home/mvasiljevic/tt-metal/tt_metal/hw/firmware/src/tt-1xx/ncrisck.cc: In function 'uint32_t _start()':
/home/mvasiljevic/tt-metal/tt_metal/tools/profiler/kernel_profiler.hpp:25:22: note: '#pragma message: NCRISC-KERNEL,/home/mvasiljevic/tt-metal/tt_metal/hw/firmware/src/tt-1xx/ncrisck.cc,69,KERNEL_PROFILER'
   25 | #define DO_PRAGMA(x) _Pragma(#x)
      |                      ^~~~~~~
/home/mvasiljevic/tt-metal/tt_metal/tools/profiler/kernel_profiler.hpp:702:5: note: in expansion of macro 'DO_PRAGMA'
  702 |     DO_PRAGMA(message(PROFILER_MSG_NAME(name)));                               \
      |     ^~~~~~~~~
/home/mvasiljevic/tt-metal/tt_metal/hw/firmware/src/tt-1xx/ncrisck.cc:69:5: note: in expansion of macro 'DeviceZoneScopedMainChildN'
   69 |     DeviceZoneScopedMainChildN("NCRISC-KERNEL");
      |     ^~~~~~~~~~~~~~~~~~~~~~~~~~
Building brisc, compile step:
cd /home/mvasiljevic/.cache/tt-metal-cache/9843948281834973358/kernels/writer_unary_interleaved_start_id/174909574693545183/brisc/ && /home/mvasiljevic/tt-metal/runtime/sfpi/compiler/bin/riscv-tt-elf-g++ -O2 -std=c++17 -ftt-nttp -ftt-constinit -ftt-consteval -ftt-no-dyninit -flto=auto -ffast-math -fno-exceptions -fno-rtti -fno-use-cxa-atexit -g -MMD -Wall -Werror -Wno-error=deprecated-declarations -Wno-error=multistatement-macros -Wno-error=parentheses -Wno-error=unused-but-set-variable -Wno-unused-variable -Wno-unused-function -mcpu=tt-bh -fno-tree-loop-distribute-patterns -I. -I.. -I/home/mvasiljevic/tt-metal/ -I/home/mvasiljevic/tt-metal/ttnn -I/home/mvasiljevic/tt-metal/ttnn/cpp -I/home/mvasiljevic/tt-metal/tt_metal -I/home/mvasiljevic/tt-metal/tt_metal/hw/inc -I/home/mvasiljevic/tt-metal/tt_metal/tt-llk/common -I/home/mvasiljevic/tt-metal/tt_metal/hostdevcommon/api -I/home/mvasiljevic/tt-metal/tt_metal/api/ -I/home/mvasiljevic/tt-metal/tt_metal/hw/ckernels/blackhole/metal/common -I/home/mvasiljevic/tt-metal/tt_metal/hw/ckernels/blackhole/metal/llk_io -I/home/mvasiljevic/tt-metal/tt_metal/hw/inc/internal/tt-1xx -I/home/mvasiljevic/tt-metal/tt_metal/hw/inc/internal/tt-1xx/blackhole -I/home/mvasiljevic/tt-metal/tt_metal/hw/inc/internal/tt-1xx/blackhole/blackhole_defines -I/home/mvasiljevic/tt-metal/tt_metal/hw/inc/internal/tt-1xx/blackhole/noc -I/home/mvasiljevic/tt-metal/tt_metal/tt-llk/tt_llk_blackhole/common/inc -I/home/mvasiljevic/tt-metal/tt_metal/tt-llk/tt_llk_blackhole/llk_lib -I/home/mvasiljevic/tt-metal/tt_metal/hw/firmware/src/tt-1xx -I/home/mvasiljevic/tt-metal/ttnn/cpp/ttnn/operations/data_movement/slice/device/kernels/dataflow -c -o /home/mvasiljevic/.cache/tt-metal-cache/9843948281834973358/kernels/writer_unary_interleaved_start_id/174909574693545183/brisc/brisck.7909615136162557968.o /home/mvasiljevic/tt-metal/tt_metal/hw/firmware/src/tt-1xx/brisck.cc -MF /home/mvasiljevic/.cache/tt-metal-cache/9843948281834973358/kernels/writer_unary_interleaved_start_id/174909574693545183/brisc/brisck.7909615136162557968.d -DIS_NOT_POW2_NUM_L1_BANKS=1 -DLOG_BASE_2_OF_NUM_DRAM_BANKS=3 -DNUM_DRAM_BANKS=8 -DNUM_L1_BANKS=110 -DPCIE_NOC_X=19 -DPCIE_NOC_Y=24 -DTENSIX_FIRMWARE -DLOCAL_MEM_EN=0 -DPROFILE_KERNEL=1 -DPROFILER_FULL_HOST_BUFFER_SIZE_PER_RISC=960000 -DPROCESSOR_INDEX=0 -DCOMPILE_FOR_BRISC -DARCH_BLACKHOLE -DDISPATCH_MESSAGE_ADDR=4290184248 -DKERNEL_BUILD -DFULL_KERNEL_NAME="\"writer_unary_interleaved_start_id/174909574693545183/\"" -DNOC_INDEX='1' -DNOC_MODE='0' -DKERNEL_COMPILE_TIME_ARGS=0,2048 -DKERNEL_COMPILE_TIME_ARG_MAP="{\"cb_out\",0}, " 
In file included from /home/mvasiljevic/tt-metal/tt_metal/hw/inc/api/dataflow/dataflow_api.h:27,
                 from /home/mvasiljevic/tt-metal/tt_metal/hw/inc/internal/firmware_common.h:24,
                 from /home/mvasiljevic/tt-metal/tt_metal/hw/firmware/src/tt-1xx/brisck.cc:17:
/home/mvasiljevic/tt-metal/tt_metal/tools/profiler/kernel_profiler.hpp: In function 'void kernel_profiler::quick_push()':
/home/mvasiljevic/tt-metal/tt_metal/tools/profiler/kernel_profiler.hpp:25:22: note: '#pragma message: PROFILER-NOC-QUICK-PUSH,/home/mvasiljevic/tt-metal/tt_metal/tools/profiler/kernel_profiler.hpp,395,KERNEL_PROFILER'
   25 | #define DO_PRAGMA(x) _Pragma(#x)
      |                      ^~~~~~~
/home/mvasiljevic/tt-metal/tt_metal/tools/profiler/kernel_profiler.hpp:35:5: note: in expansion of macro 'DO_PRAGMA'
   35 |     DO_PRAGMA(message(PROFILER_MSG_NAME(name))); \
      |     ^~~~~~~~~
/home/mvasiljevic/tt-metal/tt_metal/tools/profiler/kernel_profiler.hpp:395:5: note: in expansion of macro 'SrcLocNameToHash'
  395 |     SrcLocNameToHash("PROFILER-NOC-QUICK-PUSH");
      |     ^~~~~~~~~~~~~~~~
/home/mvasiljevic/tt-metal/tt_metal/hw/firmware/src/tt-1xx/brisck.cc: In function 'uint32_t _start()':
/home/mvasiljevic/tt-metal/tt_metal/tools/profiler/kernel_profiler.hpp:25:22: note: '#pragma message: BRISC-KERNEL,/home/mvasiljevic/tt-metal/tt_metal/hw/firmware/src/tt-1xx/brisck.cc,77,KERNEL_PROFILER'
   25 | #define DO_PRAGMA(x) _Pragma(#x)
      |                      ^~~~~~~
/home/mvasiljevic/tt-metal/tt_metal/tools/profiler/kernel_profiler.hpp:702:5: note: in expansion of macro 'DO_PRAGMA'
  702 |     DO_PRAGMA(message(PROFILER_MSG_NAME(name)));                               \
      |     ^~~~~~~~~
/home/mvasiljevic/tt-metal/tt_metal/hw/firmware/src/tt-1xx/brisck.cc:77:9: note: in expansion of macro 'DeviceZoneScopedMainChildN'
   77 |         DeviceZoneScopedMainChildN("BRISC-KERNEL");
      |         ^~~~~~~~~~~~~~~~~~~~~~~~~~
Building ncrisc, compile step:
cd /home/mvasiljevic/.cache/tt-metal-cache/9843948281834973358/kernels/reader_unary_start_id/7653679286610601548/ncrisc/ && /home/mvasiljevic/tt-metal/runtime/sfpi/compiler/bin/riscv-tt-elf-g++ -O2 -std=c++17 -ftt-nttp -ftt-constinit -ftt-consteval -ftt-no-dyninit -flto=auto -ffast-math -fno-exceptions -fno-rtti -fno-use-cxa-atexit -g -MMD -Wall -Werror -Wno-error=deprecated-declarations -Wno-error=multistatement-macros -Wno-error=parentheses -Wno-error=unused-but-set-variable -Wno-unused-variable -Wno-unused-function -mcpu=tt-bh -fno-tree-loop-distribute-patterns -I. -I.. -I/home/mvasiljevic/tt-metal/ -I/home/mvasiljevic/tt-metal/ttnn -I/home/mvasiljevic/tt-metal/ttnn/cpp -I/home/mvasiljevic/tt-metal/tt_metal -I/home/mvasiljevic/tt-metal/tt_metal/hw/inc -I/home/mvasiljevic/tt-metal/tt_metal/tt-llk/common -I/home/mvasiljevic/tt-metal/tt_metal/hostdevcommon/api -I/home/mvasiljevic/tt-metal/tt_metal/api/ -I/home/mvasiljevic/tt-metal/tt_metal/hw/ckernels/blackhole/metal/common -I/home/mvasiljevic/tt-metal/tt_metal/hw/ckernels/blackhole/metal/llk_io -I/home/mvasiljevic/tt-metal/tt_metal/hw/inc/internal/tt-1xx -I/home/mvasiljevic/tt-metal/tt_metal/hw/inc/internal/tt-1xx/blackhole -I/home/mvasiljevic/tt-metal/tt_metal/hw/inc/internal/tt-1xx/blackhole/blackhole_defines -I/home/mvasiljevic/tt-metal/tt_metal/hw/inc/internal/tt-1xx/blackhole/noc -I/home/mvasiljevic/tt-metal/tt_metal/tt-llk/tt_llk_blackhole/common/inc -I/home/mvasiljevic/tt-metal/tt_metal/tt-llk/tt_llk_blackhole/llk_lib -I/home/mvasiljevic/tt-metal/tt_metal/hw/firmware/src/tt-1xx -I/home/mvasiljevic/tt-metal/ttnn/cpp/ttnn/operations/data_movement/untilize/device/kernels/dataflow -c -o /home/mvasiljevic/.cache/tt-metal-cache/9843948281834973358/kernels/reader_unary_start_id/7653679286610601548/ncrisc/ncrisck.7909615136162557968.o /home/mvasiljevic/tt-metal/tt_metal/hw/firmware/src/tt-1xx/ncrisck.cc -MF /home/mvasiljevic/.cache/tt-metal-cache/9843948281834973358/kernels/reader_unary_start_id/7653679286610601548/ncrisc/ncrisck.7909615136162557968.d -DIS_NOT_POW2_NUM_L1_BANKS=1 -DLOG_BASE_2_OF_NUM_DRAM_BANKS=3 -DNUM_DRAM_BANKS=8 -DNUM_L1_BANKS=110 -DPCIE_NOC_X=19 -DPCIE_NOC_Y=24 -DTENSIX_FIRMWARE -DLOCAL_MEM_EN=0 -DPROFILE_KERNEL=1 -DPROFILER_FULL_HOST_BUFFER_SIZE_PER_RISC=960000 -DPROCESSOR_INDEX=1 -DCOMPILE_FOR_NCRISC -DARCH_BLACKHOLE -DDISPATCH_MESSAGE_ADDR=4290184248 -DKERNEL_BUILD -DFULL_KERNEL_NAME="\"reader_unary_start_id/7653679286610601548/\"" -DNOC_INDEX='0' -DNOC_MODE='0' -DKERNEL_COMPILE_TIME_ARGS=0,0,2048 
In file included from /home/mvasiljevic/tt-metal/tt_metal/hw/inc/api/dataflow/dataflow_api.h:27,
                 from /home/mvasiljevic/tt-metal/tt_metal/hw/inc/internal/firmware_common.h:24,
                 from /home/mvasiljevic/tt-metal/tt_metal/hw/firmware/src/tt-1xx/ncrisck.cc:17:
/home/mvasiljevic/tt-metal/tt_metal/tools/profiler/kernel_profiler.hpp: In function 'void kernel_profiler::quick_push()':
/home/mvasiljevic/tt-metal/tt_metal/tools/profiler/kernel_profiler.hpp:25:22: note: '#pragma message: PROFILER-NOC-QUICK-PUSH,/home/mvasiljevic/tt-metal/tt_metal/tools/profiler/kernel_profiler.hpp,395,KERNEL_PROFILER'
   25 | #define DO_PRAGMA(x) _Pragma(#x)
      |                      ^~~~~~~
/home/mvasiljevic/tt-metal/tt_metal/tools/profiler/kernel_profiler.hpp:35:5: note: in expansion of macro 'DO_PRAGMA'
   35 |     DO_PRAGMA(message(PROFILER_MSG_NAME(name))); \
      |     ^~~~~~~~~
/home/mvasiljevic/tt-metal/tt_metal/tools/profiler/kernel_profiler.hpp:395:5: note: in expansion of macro 'SrcLocNameToHash'
  395 |     SrcLocNameToHash("PROFILER-NOC-QUICK-PUSH");
      |     ^~~~~~~~~~~~~~~~
/home/mvasiljevic/tt-metal/tt_metal/hw/firmware/src/tt-1xx/ncrisck.cc: In function 'uint32_t _start()':
/home/mvasiljevic/tt-metal/tt_metal/tools/profiler/kernel_profiler.hpp:25:22: note: '#pragma message: NCRISC-KERNEL,/home/mvasiljevic/tt-metal/tt_metal/hw/firmware/src/tt-1xx/ncrisck.cc,69,KERNEL_PROFILER'
   25 | #define DO_PRAGMA(x) _Pragma(#x)
      |                      ^~~~~~~
/home/mvasiljevic/tt-metal/tt_metal/tools/profiler/kernel_profiler.hpp:702:5: note: in expansion of macro 'DO_PRAGMA'
  702 |     DO_PRAGMA(message(PROFILER_MSG_NAME(name)));                               \
      |     ^~~~~~~~~
/home/mvasiljevic/tt-metal/tt_metal/hw/firmware/src/tt-1xx/ncrisck.cc:69:5: note: in expansion of macro 'DeviceZoneScopedMainChildN'
   69 |     DeviceZoneScopedMainChildN("NCRISC-KERNEL");
      |     ^~~~~~~~~~~~~~~~~~~~~~~~~~
Building brisc, compile step:
cd /home/mvasiljevic/.cache/tt-metal-cache/9843948281834973358/kernels/writer_unary_stick_layout_split_rows_multi_core/6454691399255549642/brisc/ && /home/mvasiljevic/tt-metal/runtime/sfpi/compiler/bin/riscv-tt-elf-g++ -O2 -std=c++17 -ftt-nttp -ftt-constinit -ftt-consteval -ftt-no-dyninit -flto=auto -ffast-math -fno-exceptions -fno-rtti -fno-use-cxa-atexit -g -MMD -Wall -Werror -Wno-error=deprecated-declarations -Wno-error=multistatement-macros -Wno-error=parentheses -Wno-error=unused-but-set-variable -Wno-unused-variable -Wno-unused-function -mcpu=tt-bh -fno-tree-loop-distribute-patterns -I. -I.. -I/home/mvasiljevic/tt-metal/ -I/home/mvasiljevic/tt-metal/ttnn -I/home/mvasiljevic/tt-metal/ttnn/cpp -I/home/mvasiljevic/tt-metal/tt_metal -I/home/mvasiljevic/tt-metal/tt_metal/hw/inc -I/home/mvasiljevic/tt-metal/tt_metal/tt-llk/common -I/home/mvasiljevic/tt-metal/tt_metal/hostdevcommon/api -I/home/mvasiljevic/tt-metal/tt_metal/api/ -I/home/mvasiljevic/tt-metal/tt_metal/hw/ckernels/blackhole/metal/common -I/home/mvasiljevic/tt-metal/tt_metal/hw/ckernels/blackhole/metal/llk_io -I/home/mvasiljevic/tt-metal/tt_metal/hw/inc/internal/tt-1xx -I/home/mvasiljevic/tt-metal/tt_metal/hw/inc/internal/tt-1xx/blackhole -I/home/mvasiljevic/tt-metal/tt_metal/hw/inc/internal/tt-1xx/blackhole/blackhole_defines -I/home/mvasiljevic/tt-metal/tt_metal/hw/inc/internal/tt-1xx/blackhole/noc -I/home/mvasiljevic/tt-metal/tt_metal/tt-llk/tt_llk_blackhole/common/inc -I/home/mvasiljevic/tt-metal/tt_metal/tt-llk/tt_llk_blackhole/llk_lib -I/home/mvasiljevic/tt-metal/tt_metal/hw/firmware/src/tt-1xx -I/home/mvasiljevic/tt-metal/ttnn/cpp/ttnn/operations/data_movement/untilize/device/kernels/dataflow -c -o /home/mvasiljevic/.cache/tt-metal-cache/9843948281834973358/kernels/writer_unary_stick_layout_split_rows_multi_core/6454691399255549642/brisc/brisck.7909615136162557968.o /home/mvasiljevic/tt-metal/tt_metal/hw/firmware/src/tt-1xx/brisck.cc -MF /home/mvasiljevic/.cache/tt-metal-cache/9843948281834973358/kernels/writer_unary_stick_layout_split_rows_multi_core/6454691399255549642/brisc/brisck.7909615136162557968.d -DIS_NOT_POW2_NUM_L1_BANKS=1 -DLOG_BASE_2_OF_NUM_DRAM_BANKS=3 -DNUM_DRAM_BANKS=8 -DNUM_L1_BANKS=110 -DPCIE_NOC_X=19 -DPCIE_NOC_Y=24 -DTENSIX_FIRMWARE -DLOCAL_MEM_EN=0 -DPROFILE_KERNEL=1 -DPROFILER_FULL_HOST_BUFFER_SIZE_PER_RISC=960000 -DPROCESSOR_INDEX=0 -DCOMPILE_FOR_BRISC -DARCH_BLACKHOLE -DDISPATCH_MESSAGE_ADDR=4290184248 -DKERNEL_BUILD -DFULL_KERNEL_NAME="\"writer_unary_stick_layout_split_rows_multi_core/6454691399255549642/\"" -DNOC_INDEX='1' -DNOC_MODE='0' -DKERNEL_COMPILE_TIME_ARGS=16,192,32,3,1,2,96,96,0,192 
In file included from /home/mvasiljevic/tt-metal/tt_metal/hw/inc/api/dataflow/dataflow_api.h:27,
                 from /home/mvasiljevic/tt-metal/tt_metal/hw/inc/internal/firmware_common.h:24,
                 from /home/mvasiljevic/tt-metal/tt_metal/hw/firmware/src/tt-1xx/brisck.cc:17:
/home/mvasiljevic/tt-metal/tt_metal/tools/profiler/kernel_profiler.hpp: In function 'void kernel_profiler::quick_push()':
/home/mvasiljevic/tt-metal/tt_metal/tools/profiler/kernel_profiler.hpp:25:22: note: '#pragma message: PROFILER-NOC-QUICK-PUSH,/home/mvasiljevic/tt-metal/tt_metal/tools/profiler/kernel_profiler.hpp,395,KERNEL_PROFILER'
   25 | #define DO_PRAGMA(x) _Pragma(#x)
      |                      ^~~~~~~
/home/mvasiljevic/tt-metal/tt_metal/tools/profiler/kernel_profiler.hpp:35:5: note: in expansion of macro 'DO_PRAGMA'
   35 |     DO_PRAGMA(message(PROFILER_MSG_NAME(name))); \
      |     ^~~~~~~~~
/home/mvasiljevic/tt-metal/tt_metal/tools/profiler/kernel_profiler.hpp:395:5: note: in expansion of macro 'SrcLocNameToHash'
  395 |     SrcLocNameToHash("PROFILER-NOC-QUICK-PUSH");
      |     ^~~~~~~~~~~~~~~~
/home/mvasiljevic/tt-metal/tt_metal/hw/firmware/src/tt-1xx/brisck.cc: In function 'uint32_t _start()':
/home/mvasiljevic/tt-metal/tt_metal/tools/profiler/kernel_profiler.hpp:25:22: note: '#pragma message: BRISC-KERNEL,/home/mvasiljevic/tt-metal/tt_metal/hw/firmware/src/tt-1xx/brisck.cc,77,KERNEL_PROFILER'
   25 | #define DO_PRAGMA(x) _Pragma(#x)
      |                      ^~~~~~~
/home/mvasiljevic/tt-metal/tt_metal/tools/profiler/kernel_profiler.hpp:702:5: note: in expansion of macro 'DO_PRAGMA'
  702 |     DO_PRAGMA(message(PROFILER_MSG_NAME(name)));                               \
      |     ^~~~~~~~~
/home/mvasiljevic/tt-metal/tt_metal/hw/firmware/src/tt-1xx/brisck.cc:77:9: note: in expansion of macro 'DeviceZoneScopedMainChildN'
   77 |         DeviceZoneScopedMainChildN("BRISC-KERNEL");
      |         ^~~~~~~~~~~~~~~~~~~~~~~~~~
Building brisc, compile step:
cd /home/mvasiljevic/.cache/tt-metal-cache/9843948281834973358/kernels/slice_writer_unary_stick_layout_interleaved_start_id/14762183754728924038/brisc/ && /home/mvasiljevic/tt-metal/runtime/sfpi/compiler/bin/riscv-tt-elf-g++ -O2 -std=c++17 -ftt-nttp -ftt-constinit -ftt-consteval -ftt-no-dyninit -flto=auto -ffast-math -fno-exceptions -fno-rtti -fno-use-cxa-atexit -g -MMD -Wall -Werror -Wno-error=deprecated-declarations -Wno-error=multistatement-macros -Wno-error=parentheses -Wno-error=unused-but-set-variable -Wno-unused-variable -Wno-unused-function -mcpu=tt-bh -fno-tree-loop-distribute-patterns -I. -I.. -I/home/mvasiljevic/tt-metal/ -I/home/mvasiljevic/tt-metal/ttnn -I/home/mvasiljevic/tt-metal/ttnn/cpp -I/home/mvasiljevic/tt-metal/tt_metal -I/home/mvasiljevic/tt-metal/tt_metal/hw/inc -I/home/mvasiljevic/tt-metal/tt_metal/tt-llk/common -I/home/mvasiljevic/tt-metal/tt_metal/hostdevcommon/api -I/home/mvasiljevic/tt-metal/tt_metal/api/ -I/home/mvasiljevic/tt-metal/tt_metal/hw/ckernels/blackhole/metal/common -I/home/mvasiljevic/tt-metal/tt_metal/hw/ckernels/blackhole/metal/llk_io -I/home/mvasiljevic/tt-metal/tt_metal/hw/inc/internal/tt-1xx -I/home/mvasiljevic/tt-metal/tt_metal/hw/inc/internal/tt-1xx/blackhole -I/home/mvasiljevic/tt-metal/tt_metal/hw/inc/internal/tt-1xx/blackhole/blackhole_defines -I/home/mvasiljevic/tt-metal/tt_metal/hw/inc/internal/tt-1xx/blackhole/noc -I/home/mvasiljevic/tt-metal/tt_metal/tt-llk/tt_llk_blackhole/common/inc -I/home/mvasiljevic/tt-metal/tt_metal/tt-llk/tt_llk_blackhole/llk_lib -I/home/mvasiljevic/tt-metal/tt_metal/hw/firmware/src/tt-1xx -I/home/mvasiljevic/tt-metal/ttnn/cpp/ttnn/operations/data_movement/slice/device/kernels/dataflow -c -o /home/mvasiljevic/.cache/tt-metal-cache/9843948281834973358/kernels/slice_writer_unary_stick_layout_interleaved_start_id/14762183754728924038/brisc/brisck.7909615136162557968.o /home/mvasiljevic/tt-metal/tt_metal/hw/firmware/src/tt-1xx/brisck.cc -MF /home/mvasiljevic/.cache/tt-metal-cache/9843948281834973358/kernels/slice_writer_unary_stick_layout_interleaved_start_id/14762183754728924038/brisc/brisck.7909615136162557968.d -DIS_NOT_POW2_NUM_L1_BANKS=1 -DLOG_BASE_2_OF_NUM_DRAM_BANKS=3 -DNUM_DRAM_BANKS=8 -DNUM_L1_BANKS=110 -DPCIE_NOC_X=19 -DPCIE_NOC_Y=24 -DTENSIX_FIRMWARE -DLOCAL_MEM_EN=0 -DPROFILE_KERNEL=1 -DPROFILER_FULL_HOST_BUFFER_SIZE_PER_RISC=960000 -DPROCESSOR_INDEX=0 -DCOMPILE_FOR_BRISC -DARCH_BLACKHOLE -DDISPATCH_MESSAGE_ADDR=4290184248 -DKERNEL_BUILD -DFULL_KERNEL_NAME="\"slice_writer_unary_stick_layout_interleaved_start_id/14762183754728924038/\"" -DNOC_INDEX='1' -DNOC_MODE='0' -DKERNEL_COMPILE_TIME_ARGS=0,0,96 
In file included from /home/mvasiljevic/tt-metal/tt_metal/hw/inc/api/dataflow/dataflow_api.h:27,
                 from /home/mvasiljevic/tt-metal/tt_metal/hw/inc/internal/firmware_common.h:24,
                 from /home/mvasiljevic/tt-metal/tt_metal/hw/firmware/src/tt-1xx/brisck.cc:17:
/home/mvasiljevic/tt-metal/tt_metal/tools/profiler/kernel_profiler.hpp: In function 'void kernel_profiler::quick_push()':
/home/mvasiljevic/tt-metal/tt_metal/tools/profiler/kernel_profiler.hpp:25:22: note: '#pragma message: PROFILER-NOC-QUICK-PUSH,/home/mvasiljevic/tt-metal/tt_metal/tools/profiler/kernel_profiler.hpp,395,KERNEL_PROFILER'
   25 | #define DO_PRAGMA(x) _Pragma(#x)
      |                      ^~~~~~~
/home/mvasiljevic/tt-metal/tt_metal/tools/profiler/kernel_profiler.hpp:35:5: note: in expansion of macro 'DO_PRAGMA'
   35 |     DO_PRAGMA(message(PROFILER_MSG_NAME(name))); \
      |     ^~~~~~~~~
/home/mvasiljevic/tt-metal/tt_metal/tools/profiler/kernel_profiler.hpp:395:5: note: in expansion of macro 'SrcLocNameToHash'
  395 |     SrcLocNameToHash("PROFILER-NOC-QUICK-PUSH");
      |     ^~~~~~~~~~~~~~~~
/home/mvasiljevic/tt-metal/tt_metal/hw/firmware/src/tt-1xx/brisck.cc: In function 'uint32_t _start()':
/home/mvasiljevic/tt-metal/tt_metal/tools/profiler/kernel_profiler.hpp:25:22: note: '#pragma message: BRISC-KERNEL,/home/mvasiljevic/tt-metal/tt_metal/hw/firmware/src/tt-1xx/brisck.cc,77,KERNEL_PROFILER'
   25 | #define DO_PRAGMA(x) _Pragma(#x)
      |                      ^~~~~~~
/home/mvasiljevic/tt-metal/tt_metal/tools/profiler/kernel_profiler.hpp:702:5: note: in expansion of macro 'DO_PRAGMA'
  702 |     DO_PRAGMA(message(PROFILER_MSG_NAME(name)));                               \
      |     ^~~~~~~~~
/home/mvasiljevic/tt-metal/tt_metal/hw/firmware/src/tt-1xx/brisck.cc:77:9: note: in expansion of macro 'DeviceZoneScopedMainChildN'
   77 |         DeviceZoneScopedMainChildN("BRISC-KERNEL");
      |         ^~~~~~~~~~~~~~~~~~~~~~~~~~
Building ncrisc, compile step:
cd /home/mvasiljevic/.cache/tt-metal-cache/9843948281834973358/kernels/slice_reader_unary_unpad_dims_rm_interleaved_start_id/16122826222362013653/ncrisc/ && /home/mvasiljevic/tt-metal/runtime/sfpi/compiler/bin/riscv-tt-elf-g++ -O2 -std=c++17 -ftt-nttp -ftt-constinit -ftt-consteval -ftt-no-dyninit -flto=auto -ffast-math -fno-exceptions -fno-rtti -fno-use-cxa-atexit -g -MMD -Wall -Werror -Wno-error=deprecated-declarations -Wno-error=multistatement-macros -Wno-error=parentheses -Wno-error=unused-but-set-variable -Wno-unused-variable -Wno-unused-function -mcpu=tt-bh -fno-tree-loop-distribute-patterns -I. -I.. -I/home/mvasiljevic/tt-metal/ -I/home/mvasiljevic/tt-metal/ttnn -I/home/mvasiljevic/tt-metal/ttnn/cpp -I/home/mvasiljevic/tt-metal/tt_metal -I/home/mvasiljevic/tt-metal/tt_metal/hw/inc -I/home/mvasiljevic/tt-metal/tt_metal/tt-llk/common -I/home/mvasiljevic/tt-metal/tt_metal/hostdevcommon/api -I/home/mvasiljevic/tt-metal/tt_metal/api/ -I/home/mvasiljevic/tt-metal/tt_metal/hw/ckernels/blackhole/metal/common -I/home/mvasiljevic/tt-metal/tt_metal/hw/ckernels/blackhole/metal/llk_io -I/home/mvasiljevic/tt-metal/tt_metal/hw/inc/internal/tt-1xx -I/home/mvasiljevic/tt-metal/tt_metal/hw/inc/internal/tt-1xx/blackhole -I/home/mvasiljevic/tt-metal/tt_metal/hw/inc/internal/tt-1xx/blackhole/blackhole_defines -I/home/mvasiljevic/tt-metal/tt_metal/hw/inc/internal/tt-1xx/blackhole/noc -I/home/mvasiljevic/tt-metal/tt_metal/tt-llk/tt_llk_blackhole/common/inc -I/home/mvasiljevic/tt-metal/tt_metal/tt-llk/tt_llk_blackhole/llk_lib -I/home/mvasiljevic/tt-metal/tt_metal/hw/firmware/src/tt-1xx -I/home/mvasiljevic/tt-metal/ttnn/cpp/ttnn/operations/data_movement/slice/device/kernels/dataflow -c -o /home/mvasiljevic/.cache/tt-metal-cache/9843948281834973358/kernels/slice_reader_unary_unpad_dims_rm_interleaved_start_id/16122826222362013653/ncrisc/ncrisck.7909615136162557968.o /home/mvasiljevic/tt-metal/tt_metal/hw/firmware/src/tt-1xx/ncrisck.cc -MF /home/mvasiljevic/.cache/tt-metal-cache/9843948281834973358/kernels/slice_reader_unary_unpad_dims_rm_interleaved_start_id/16122826222362013653/ncrisc/ncrisck.7909615136162557968.d -DIS_NOT_POW2_NUM_L1_BANKS=1 -DLOG_BASE_2_OF_NUM_DRAM_BANKS=3 -DNUM_DRAM_BANKS=8 -DNUM_L1_BANKS=110 -DPCIE_NOC_X=19 -DPCIE_NOC_Y=24 -DTENSIX_FIRMWARE -DLOCAL_MEM_EN=0 -DPROFILE_KERNEL=1 -DPROFILER_FULL_HOST_BUFFER_SIZE_PER_RISC=960000 -DPROCESSOR_INDEX=1 -DCOMPILE_FOR_NCRISC -DARCH_BLACKHOLE -DDISPATCH_MESSAGE_ADDR=4290184248 -DKERNEL_BUILD -DFULL_KERNEL_NAME="\"slice_reader_unary_unpad_dims_rm_interleaved_start_id/16122826222362013653/\"" -DNOC_INDEX='0' -DNOC_MODE='0' -DKERNEL_COMPILE_TIME_ARGS=0,192 
In file included from /home/mvasiljevic/tt-metal/tt_metal/hw/inc/api/dataflow/dataflow_api.h:27,
                 from /home/mvasiljevic/tt-metal/tt_metal/hw/inc/internal/firmware_common.h:24,
                 from /home/mvasiljevic/tt-metal/tt_metal/hw/firmware/src/tt-1xx/ncrisck.cc:17:
/home/mvasiljevic/tt-metal/tt_metal/tools/profiler/kernel_profiler.hpp: In function 'void kernel_profiler::quick_push()':
/home/mvasiljevic/tt-metal/tt_metal/tools/profiler/kernel_profiler.hpp:25:22: note: '#pragma message: PROFILER-NOC-QUICK-PUSH,/home/mvasiljevic/tt-metal/tt_metal/tools/profiler/kernel_profiler.hpp,395,KERNEL_PROFILER'
   25 | #define DO_PRAGMA(x) _Pragma(#x)
      |                      ^~~~~~~
/home/mvasiljevic/tt-metal/tt_metal/tools/profiler/kernel_profiler.hpp:35:5: note: in expansion of macro 'DO_PRAGMA'
   35 |     DO_PRAGMA(message(PROFILER_MSG_NAME(name))); \
      |     ^~~~~~~~~
/home/mvasiljevic/tt-metal/tt_metal/tools/profiler/kernel_profiler.hpp:395:5: note: in expansion of macro 'SrcLocNameToHash'
  395 |     SrcLocNameToHash("PROFILER-NOC-QUICK-PUSH");
      |     ^~~~~~~~~~~~~~~~
/home/mvasiljevic/tt-metal/tt_metal/hw/firmware/src/tt-1xx/ncrisck.cc: In function 'uint32_t _start()':
/home/mvasiljevic/tt-metal/tt_metal/tools/profiler/kernel_profiler.hpp:25:22: note: '#pragma message: NCRISC-KERNEL,/home/mvasiljevic/tt-metal/tt_metal/hw/firmware/src/tt-1xx/ncrisck.cc,69,KERNEL_PROFILER'
   25 | #define DO_PRAGMA(x) _Pragma(#x)
      |                      ^~~~~~~
/home/mvasiljevic/tt-metal/tt_metal/tools/profiler/kernel_profiler.hpp:702:5: note: in expansion of macro 'DO_PRAGMA'
  702 |     DO_PRAGMA(message(PROFILER_MSG_NAME(name)));                               \
      |     ^~~~~~~~~
/home/mvasiljevic/tt-metal/tt_metal/hw/firmware/src/tt-1xx/ncrisck.cc:69:5: note: in expansion of macro 'DeviceZoneScopedMainChildN'
   69 |     DeviceZoneScopedMainChildN("NCRISC-KERNEL");
      |     ^~~~~~~~~~~~~~~~~~~~~~~~~~
Building brisc, compile step:
cd /home/mvasiljevic/.cache/tt-metal-cache/9843948281834973358/kernels/writer_unary_interleaved_start_id/17806803176960333802/brisc/ && /home/mvasiljevic/tt-metal/runtime/sfpi/compiler/bin/riscv-tt-elf-g++ -O2 -std=c++17 -ftt-nttp -ftt-constinit -ftt-consteval -ftt-no-dyninit -flto=auto -ffast-math -fno-exceptions -fno-rtti -fno-use-cxa-atexit -g -MMD -Wall -Werror -Wno-error=deprecated-declarations -Wno-error=multistatement-macros -Wno-error=parentheses -Wno-error=unused-but-set-variable -Wno-unused-variable -Wno-unused-function -mcpu=tt-bh -fno-tree-loop-distribute-patterns -I. -I.. -I/home/mvasiljevic/tt-metal/ -I/home/mvasiljevic/tt-metal/ttnn -I/home/mvasiljevic/tt-metal/ttnn/cpp -I/home/mvasiljevic/tt-metal/tt_metal -I/home/mvasiljevic/tt-metal/tt_metal/hw/inc -I/home/mvasiljevic/tt-metal/tt_metal/tt-llk/common -I/home/mvasiljevic/tt-metal/tt_metal/hostdevcommon/api -I/home/mvasiljevic/tt-metal/tt_metal/api/ -I/home/mvasiljevic/tt-metal/tt_metal/hw/ckernels/blackhole/metal/common -I/home/mvasiljevic/tt-metal/tt_metal/hw/ckernels/blackhole/metal/llk_io -I/home/mvasiljevic/tt-metal/tt_metal/hw/inc/internal/tt-1xx -I/home/mvasiljevic/tt-metal/tt_metal/hw/inc/internal/tt-1xx/blackhole -I/home/mvasiljevic/tt-metal/tt_metal/hw/inc/internal/tt-1xx/blackhole/blackhole_defines -I/home/mvasiljevic/tt-metal/tt_metal/hw/inc/internal/tt-1xx/blackhole/noc -I/home/mvasiljevic/tt-metal/tt_metal/tt-llk/tt_llk_blackhole/common/inc -I/home/mvasiljevic/tt-metal/tt_metal/tt-llk/tt_llk_blackhole/llk_lib -I/home/mvasiljevic/tt-metal/tt_metal/hw/firmware/src/tt-1xx -I/home/mvasiljevic/tt-metal/ttnn/cpp/ttnn/operations/eltwise/unary/device/kernels/dataflow -c -o /home/mvasiljevic/.cache/tt-metal-cache/9843948281834973358/kernels/writer_unary_interleaved_start_id/17806803176960333802/brisc/brisck.7909615136162557968.o /home/mvasiljevic/tt-metal/tt_metal/hw/firmware/src/tt-1xx/brisck.cc -MF /home/mvasiljevic/.cache/tt-metal-cache/9843948281834973358/kernels/writer_unary_interleaved_start_id/17806803176960333802/brisc/brisck.7909615136162557968.d -DIS_NOT_POW2_NUM_L1_BANKS=1 -DLOG_BASE_2_OF_NUM_DRAM_BANKS=3 -DNUM_DRAM_BANKS=8 -DNUM_L1_BANKS=110 -DPCIE_NOC_X=19 -DPCIE_NOC_Y=24 -DTENSIX_FIRMWARE -DLOCAL_MEM_EN=0 -DPROFILE_KERNEL=1 -DPROFILER_FULL_HOST_BUFFER_SIZE_PER_RISC=960000 -DPROCESSOR_INDEX=0 -DCOMPILE_FOR_BRISC -DARCH_BLACKHOLE -DDISPATCH_MESSAGE_ADDR=4290184248 -DKERNEL_BUILD -DFULL_KERNEL_NAME="\"writer_unary_interleaved_start_id/17806803176960333802/\"" -DNOC_INDEX='1' -DNOC_MODE='0' -DKERNEL_COMPILE_TIME_ARGS=16,0,2048 
In file included from /home/mvasiljevic/tt-metal/tt_metal/hw/inc/api/dataflow/dataflow_api.h:27,
                 from /home/mvasiljevic/tt-metal/tt_metal/hw/inc/internal/firmware_common.h:24,
                 from /home/mvasiljevic/tt-metal/tt_metal/hw/firmware/src/tt-1xx/brisck.cc:17:
/home/mvasiljevic/tt-metal/tt_metal/tools/profiler/kernel_profiler.hpp: In function 'void kernel_profiler::quick_push()':
/home/mvasiljevic/tt-metal/tt_metal/tools/profiler/kernel_profiler.hpp:25:22: note: '#pragma message: PROFILER-NOC-QUICK-PUSH,/home/mvasiljevic/tt-metal/tt_metal/tools/profiler/kernel_profiler.hpp,395,KERNEL_PROFILER'
   25 | #define DO_PRAGMA(x) _Pragma(#x)
      |                      ^~~~~~~
/home/mvasiljevic/tt-metal/tt_metal/tools/profiler/kernel_profiler.hpp:35:5: note: in expansion of macro 'DO_PRAGMA'
   35 |     DO_PRAGMA(message(PROFILER_MSG_NAME(name))); \
      |     ^~~~~~~~~
/home/mvasiljevic/tt-metal/tt_metal/tools/profiler/kernel_profiler.hpp:395:5: note: in expansion of macro 'SrcLocNameToHash'
  395 |     SrcLocNameToHash("PROFILER-NOC-QUICK-PUSH");
      |     ^~~~~~~~~~~~~~~~
/home/mvasiljevic/tt-metal/tt_metal/hw/firmware/src/tt-1xx/brisck.cc: In function 'uint32_t _start()':
/home/mvasiljevic/tt-metal/tt_metal/tools/profiler/kernel_profiler.hpp:25:22: note: '#pragma message: BRISC-KERNEL,/home/mvasiljevic/tt-metal/tt_metal/hw/firmware/src/tt-1xx/brisck.cc,77,KERNEL_PROFILER'
   25 | #define DO_PRAGMA(x) _Pragma(#x)
      |                      ^~~~~~~
/home/mvasiljevic/tt-metal/tt_metal/tools/profiler/kernel_profiler.hpp:702:5: note: in expansion of macro 'DO_PRAGMA'
  702 |     DO_PRAGMA(message(PROFILER_MSG_NAME(name)));                               \
      |     ^~~~~~~~~
/home/mvasiljevic/tt-metal/tt_metal/hw/firmware/src/tt-1xx/brisck.cc:77:9: note: in expansion of macro 'DeviceZoneScopedMainChildN'
   77 |         DeviceZoneScopedMainChildN("BRISC-KERNEL");
      |         ^~~~~~~~~~~~~~~~~~~~~~~~~~
Building ncrisc, compile step:
cd /home/mvasiljevic/.cache/tt-metal-cache/9843948281834973358/kernels/reader_unary_pad_dims_split_rows_multicore/5395589227298905451/ncrisc/ && /home/mvasiljevic/tt-metal/runtime/sfpi/compiler/bin/riscv-tt-elf-g++ -O2 -std=c++17 -ftt-nttp -ftt-constinit -ftt-consteval -ftt-no-dyninit -flto=auto -ffast-math -fno-exceptions -fno-rtti -fno-use-cxa-atexit -g -MMD -Wall -Werror -Wno-error=deprecated-declarations -Wno-error=multistatement-macros -Wno-error=parentheses -Wno-error=unused-but-set-variable -Wno-unused-variable -Wno-unused-function -mcpu=tt-bh -fno-tree-loop-distribute-patterns -I. -I.. -I/home/mvasiljevic/tt-metal/ -I/home/mvasiljevic/tt-metal/ttnn -I/home/mvasiljevic/tt-metal/ttnn/cpp -I/home/mvasiljevic/tt-metal/tt_metal -I/home/mvasiljevic/tt-metal/tt_metal/hw/inc -I/home/mvasiljevic/tt-metal/tt_metal/tt-llk/common -I/home/mvasiljevic/tt-metal/tt_metal/hostdevcommon/api -I/home/mvasiljevic/tt-metal/tt_metal/api/ -I/home/mvasiljevic/tt-metal/tt_metal/hw/ckernels/blackhole/metal/common -I/home/mvasiljevic/tt-metal/tt_metal/hw/ckernels/blackhole/metal/llk_io -I/home/mvasiljevic/tt-metal/tt_metal/hw/inc/internal/tt-1xx -I/home/mvasiljevic/tt-metal/tt_metal/hw/inc/internal/tt-1xx/blackhole -I/home/mvasiljevic/tt-metal/tt_metal/hw/inc/internal/tt-1xx/blackhole/blackhole_defines -I/home/mvasiljevic/tt-metal/tt_metal/hw/inc/internal/tt-1xx/blackhole/noc -I/home/mvasiljevic/tt-metal/tt_metal/tt-llk/tt_llk_blackhole/common/inc -I/home/mvasiljevic/tt-metal/tt_metal/tt-llk/tt_llk_blackhole/llk_lib -I/home/mvasiljevic/tt-metal/tt_metal/hw/firmware/src/tt-1xx -I/home/mvasiljevic/tt-metal/ttnn/cpp/ttnn/operations/data_movement/tilize_with_val_padding/device/kernels/dataflow -c -o /home/mvasiljevic/.cache/tt-metal-cache/9843948281834973358/kernels/reader_unary_pad_dims_split_rows_multicore/5395589227298905451/ncrisc/ncrisck.7909615136162557968.o /home/mvasiljevic/tt-metal/tt_metal/hw/firmware/src/tt-1xx/ncrisck.cc -MF /home/mvasiljevic/.cache/tt-metal-cache/9843948281834973358/kernels/reader_unary_pad_dims_split_rows_multicore/5395589227298905451/ncrisc/ncrisck.7909615136162557968.d -DIS_NOT_POW2_NUM_L1_BANKS=1 -DLOG_BASE_2_OF_NUM_DRAM_BANKS=3 -DNUM_DRAM_BANKS=8 -DNUM_L1_BANKS=110 -DPCIE_NOC_X=19 -DPCIE_NOC_Y=24 -DTENSIX_FIRMWARE -DLOCAL_MEM_EN=0 -DPROFILE_KERNEL=1 -DPROFILER_FULL_HOST_BUFFER_SIZE_PER_RISC=960000 -DPROCESSOR_INDEX=1 -DCOMPILE_FOR_NCRISC -DARCH_BLACKHOLE -DDISPATCH_MESSAGE_ADDR=4290184248 -DKERNEL_BUILD -DFULL_KERNEL_NAME="\"reader_unary_pad_dims_split_rows_multicore/5395589227298905451/\"" -DNOC_INDEX='0' -DNOC_MODE='0' -DKERNEL_COMPILE_TIME_ARGS=6,96,2,1,96,96,96,0,96 
In file included from /home/mvasiljevic/tt-metal/tt_metal/hw/inc/api/dataflow/dataflow_api.h:27,
                 from /home/mvasiljevic/tt-metal/tt_metal/hw/inc/internal/firmware_common.h:24,
                 from /home/mvasiljevic/tt-metal/tt_metal/hw/firmware/src/tt-1xx/ncrisck.cc:17:
/home/mvasiljevic/tt-metal/tt_metal/tools/profiler/kernel_profiler.hpp: In function 'void kernel_profiler::quick_push()':
/home/mvasiljevic/tt-metal/tt_metal/tools/profiler/kernel_profiler.hpp:25:22: note: '#pragma message: PROFILER-NOC-QUICK-PUSH,/home/mvasiljevic/tt-metal/tt_metal/tools/profiler/kernel_profiler.hpp,395,KERNEL_PROFILER'
   25 | #define DO_PRAGMA(x) _Pragma(#x)
      |                      ^~~~~~~
/home/mvasiljevic/tt-metal/tt_metal/tools/profiler/kernel_profiler.hpp:35:5: note: in expansion of macro 'DO_PRAGMA'
   35 |     DO_PRAGMA(message(PROFILER_MSG_NAME(name))); \
      |     ^~~~~~~~~
/home/mvasiljevic/tt-metal/tt_metal/tools/profiler/kernel_profiler.hpp:395:5: note: in expansion of macro 'SrcLocNameToHash'
  395 |     SrcLocNameToHash("PROFILER-NOC-QUICK-PUSH");
      |     ^~~~~~~~~~~~~~~~
/home/mvasiljevic/tt-metal/tt_metal/hw/firmware/src/tt-1xx/ncrisck.cc: In function 'uint32_t _start()':
/home/mvasiljevic/tt-metal/tt_metal/tools/profiler/kernel_profiler.hpp:25:22: note: '#pragma message: NCRISC-KERNEL,/home/mvasiljevic/tt-metal/tt_metal/hw/firmware/src/tt-1xx/ncrisck.cc,69,KERNEL_PROFILER'
   25 | #define DO_PRAGMA(x) _Pragma(#x)
      |                      ^~~~~~~
/home/mvasiljevic/tt-metal/tt_metal/tools/profiler/kernel_profiler.hpp:702:5: note: in expansion of macro 'DO_PRAGMA'
  702 |     DO_PRAGMA(message(PROFILER_MSG_NAME(name)));                               \
      |     ^~~~~~~~~
/home/mvasiljevic/tt-metal/tt_metal/hw/firmware/src/tt-1xx/ncrisck.cc:69:5: note: in expansion of macro 'DeviceZoneScopedMainChildN'
   69 |     DeviceZoneScopedMainChildN("NCRISC-KERNEL");
      |     ^~~~~~~~~~~~~~~~~~~~~~~~~~
Building ncrisc, compile step:
cd /home/mvasiljevic/.cache/tt-metal-cache/9843948281834973358/kernels/reader_unary/11732500756914462031/ncrisc/ && /home/mvasiljevic/tt-metal/runtime/sfpi/compiler/bin/riscv-tt-elf-g++ -O2 -std=c++17 -ftt-nttp -ftt-constinit -ftt-consteval -ftt-no-dyninit -flto=auto -ffast-math -fno-exceptions -fno-rtti -fno-use-cxa-atexit -g -MMD -Wall -Werror -Wno-error=deprecated-declarations -Wno-error=multistatement-macros -Wno-error=parentheses -Wno-error=unused-but-set-variable -Wno-unused-variable -Wno-unused-function -mcpu=tt-bh -fno-tree-loop-distribute-patterns -I. -I.. -I/home/mvasiljevic/tt-metal/ -I/home/mvasiljevic/tt-metal/ttnn -I/home/mvasiljevic/tt-metal/ttnn/cpp -I/home/mvasiljevic/tt-metal/tt_metal -I/home/mvasiljevic/tt-metal/tt_metal/hw/inc -I/home/mvasiljevic/tt-metal/tt_metal/tt-llk/common -I/home/mvasiljevic/tt-metal/tt_metal/hostdevcommon/api -I/home/mvasiljevic/tt-metal/tt_metal/api/ -I/home/mvasiljevic/tt-metal/tt_metal/hw/ckernels/blackhole/metal/common -I/home/mvasiljevic/tt-metal/tt_metal/hw/ckernels/blackhole/metal/llk_io -I/home/mvasiljevic/tt-metal/tt_metal/hw/inc/internal/tt-1xx -I/home/mvasiljevic/tt-metal/tt_metal/hw/inc/internal/tt-1xx/blackhole -I/home/mvasiljevic/tt-metal/tt_metal/hw/inc/internal/tt-1xx/blackhole/blackhole_defines -I/home/mvasiljevic/tt-metal/tt_metal/hw/inc/internal/tt-1xx/blackhole/noc -I/home/mvasiljevic/tt-metal/tt_metal/tt-llk/tt_llk_blackhole/common/inc -I/home/mvasiljevic/tt-metal/tt_metal/tt-llk/tt_llk_blackhole/llk_lib -I/home/mvasiljevic/tt-metal/tt_metal/hw/firmware/src/tt-1xx -I/home/mvasiljevic/tt-metal/ttnn/cpp/ttnn/operations/eltwise/unary/device/kernels/dataflow -c -o /home/mvasiljevic/.cache/tt-metal-cache/9843948281834973358/kernels/reader_unary/11732500756914462031/ncrisc/ncrisck.7909615136162557968.o /home/mvasiljevic/tt-metal/tt_metal/hw/firmware/src/tt-1xx/ncrisck.cc -MF /home/mvasiljevic/.cache/tt-metal-cache/9843948281834973358/kernels/reader_unary/11732500756914462031/ncrisc/ncrisck.7909615136162557968.d -DIS_NOT_POW2_NUM_L1_BANKS=1 -DLOG_BASE_2_OF_NUM_DRAM_BANKS=3 -DNUM_DRAM_BANKS=8 -DNUM_L1_BANKS=110 -DPCIE_NOC_X=19 -DPCIE_NOC_Y=24 -DTENSIX_FIRMWARE -DLOCAL_MEM_EN=0 -DPROFILE_KERNEL=1 -DPROFILER_FULL_HOST_BUFFER_SIZE_PER_RISC=960000 -DPROCESSOR_INDEX=1 -DCOMPILE_FOR_NCRISC -DARCH_BLACKHOLE -DDISPATCH_MESSAGE_ADDR=4290184248 -DKERNEL_BUILD -DFULL_KERNEL_NAME="\"reader_unary/11732500756914462031/\"" -DRM_INTERLEAVED='0' -DSRC_SHARDED='0' -DNOC_INDEX='0' -DNOC_MODE='0' -DKERNEL_COMPILE_TIME_ARGS=0,2048 
In file included from /home/mvasiljevic/tt-metal/tt_metal/hw/inc/api/dataflow/dataflow_api.h:27,
                 from /home/mvasiljevic/tt-metal/tt_metal/hw/inc/internal/firmware_common.h:24,
                 from /home/mvasiljevic/tt-metal/tt_metal/hw/firmware/src/tt-1xx/ncrisck.cc:17:
/home/mvasiljevic/tt-metal/tt_metal/tools/profiler/kernel_profiler.hpp: In function 'void kernel_profiler::quick_push()':
/home/mvasiljevic/tt-metal/tt_metal/tools/profiler/kernel_profiler.hpp:25:22: note: '#pragma message: PROFILER-NOC-QUICK-PUSH,/home/mvasiljevic/tt-metal/tt_metal/tools/profiler/kernel_profiler.hpp,395,KERNEL_PROFILER'
   25 | #define DO_PRAGMA(x) _Pragma(#x)
      |                      ^~~~~~~
/home/mvasiljevic/tt-metal/tt_metal/tools/profiler/kernel_profiler.hpp:35:5: note: in expansion of macro 'DO_PRAGMA'
   35 |     DO_PRAGMA(message(PROFILER_MSG_NAME(name))); \
      |     ^~~~~~~~~
/home/mvasiljevic/tt-metal/tt_metal/tools/profiler/kernel_profiler.hpp:395:5: note: in expansion of macro 'SrcLocNameToHash'
  395 |     SrcLocNameToHash("PROFILER-NOC-QUICK-PUSH");
      |     ^~~~~~~~~~~~~~~~
/home/mvasiljevic/tt-metal/tt_metal/hw/firmware/src/tt-1xx/ncrisck.cc: In function 'uint32_t _start()':
/home/mvasiljevic/tt-metal/tt_metal/tools/profiler/kernel_profiler.hpp:25:22: note: '#pragma message: NCRISC-KERNEL,/home/mvasiljevic/tt-metal/tt_metal/hw/firmware/src/tt-1xx/ncrisck.cc,69,KERNEL_PROFILER'
   25 | #define DO_PRAGMA(x) _Pragma(#x)
      |                      ^~~~~~~
/home/mvasiljevic/tt-metal/tt_metal/tools/profiler/kernel_profiler.hpp:702:5: note: in expansion of macro 'DO_PRAGMA'
  702 |     DO_PRAGMA(message(PROFILER_MSG_NAME(name)));                               \
      |     ^~~~~~~~~
/home/mvasiljevic/tt-metal/tt_metal/hw/firmware/src/tt-1xx/ncrisck.cc:69:5: note: in expansion of macro 'DeviceZoneScopedMainChildN'
   69 |     DeviceZoneScopedMainChildN("NCRISC-KERNEL");
      |     ^~~~~~~~~~~~~~~~~~~~~~~~~~
Building brisc, compile step:
cd /home/mvasiljevic/.cache/tt-metal-cache/9843948281834973358/kernels/writer_unary/8083283378830439730/brisc/ && /home/mvasiljevic/tt-metal/runtime/sfpi/compiler/bin/riscv-tt-elf-g++ -O2 -std=c++17 -ftt-nttp -ftt-constinit -ftt-consteval -ftt-no-dyninit -flto=auto -ffast-math -fno-exceptions -fno-rtti -fno-use-cxa-atexit -g -MMD -Wall -Werror -Wno-error=deprecated-declarations -Wno-error=multistatement-macros -Wno-error=parentheses -Wno-error=unused-but-set-variable -Wno-unused-variable -Wno-unused-function -mcpu=tt-bh -fno-tree-loop-distribute-patterns -I. -I.. -I/home/mvasiljevic/tt-metal/ -I/home/mvasiljevic/tt-metal/ttnn -I/home/mvasiljevic/tt-metal/ttnn/cpp -I/home/mvasiljevic/tt-metal/tt_metal -I/home/mvasiljevic/tt-metal/tt_metal/hw/inc -I/home/mvasiljevic/tt-metal/tt_metal/tt-llk/common -I/home/mvasiljevic/tt-metal/tt_metal/hostdevcommon/api -I/home/mvasiljevic/tt-metal/tt_metal/api/ -I/home/mvasiljevic/tt-metal/tt_metal/hw/ckernels/blackhole/metal/common -I/home/mvasiljevic/tt-metal/tt_metal/hw/ckernels/blackhole/metal/llk_io -I/home/mvasiljevic/tt-metal/tt_metal/hw/inc/internal/tt-1xx -I/home/mvasiljevic/tt-metal/tt_metal/hw/inc/internal/tt-1xx/blackhole -I/home/mvasiljevic/tt-metal/tt_metal/hw/inc/internal/tt-1xx/blackhole/blackhole_defines -I/home/mvasiljevic/tt-metal/tt_metal/hw/inc/internal/tt-1xx/blackhole/noc -I/home/mvasiljevic/tt-metal/tt_metal/tt-llk/tt_llk_blackhole/common/inc -I/home/mvasiljevic/tt-metal/tt_metal/tt-llk/tt_llk_blackhole/llk_lib -I/home/mvasiljevic/tt-metal/tt_metal/hw/firmware/src/tt-1xx -I/home/mvasiljevic/tt-metal/ttnn/cpp/ttnn/operations/eltwise/unary/device/kernels/dataflow -c -o /home/mvasiljevic/.cache/tt-metal-cache/9843948281834973358/kernels/writer_unary/8083283378830439730/brisc/brisck.7909615136162557968.o /home/mvasiljevic/tt-metal/tt_metal/hw/firmware/src/tt-1xx/brisck.cc -MF /home/mvasiljevic/.cache/tt-metal-cache/9843948281834973358/kernels/writer_unary/8083283378830439730/brisc/brisck.7909615136162557968.d -DIS_NOT_POW2_NUM_L1_BANKS=1 -DLOG_BASE_2_OF_NUM_DRAM_BANKS=3 -DNUM_DRAM_BANKS=8 -DNUM_L1_BANKS=110 -DPCIE_NOC_X=19 -DPCIE_NOC_Y=24 -DTENSIX_FIRMWARE -DLOCAL_MEM_EN=0 -DPROFILE_KERNEL=1 -DPROFILER_FULL_HOST_BUFFER_SIZE_PER_RISC=960000 -DPROCESSOR_INDEX=0 -DCOMPILE_FOR_BRISC -DARCH_BLACKHOLE -DDISPATCH_MESSAGE_ADDR=4290184248 -DKERNEL_BUILD -DFULL_KERNEL_NAME="\"writer_unary/8083283378830439730/\"" -DDST_SHARDED='0' -DRM_INTERLEAVED='0' -DNOC_INDEX='1' -DNOC_MODE='0' -DKERNEL_COMPILE_TIME_ARGS=0,2048 
In file included from /home/mvasiljevic/tt-metal/tt_metal/hw/inc/api/dataflow/dataflow_api.h:27,
                 from /home/mvasiljevic/tt-metal/tt_metal/hw/inc/internal/firmware_common.h:24,
                 from /home/mvasiljevic/tt-metal/tt_metal/hw/firmware/src/tt-1xx/brisck.cc:17:
/home/mvasiljevic/tt-metal/tt_metal/tools/profiler/kernel_profiler.hpp: In function 'void kernel_profiler::quick_push()':
/home/mvasiljevic/tt-metal/tt_metal/tools/profiler/kernel_profiler.hpp:25:22: note: '#pragma message: PROFILER-NOC-QUICK-PUSH,/home/mvasiljevic/tt-metal/tt_metal/tools/profiler/kernel_profiler.hpp,395,KERNEL_PROFILER'
   25 | #define DO_PRAGMA(x) _Pragma(#x)
      |                      ^~~~~~~
/home/mvasiljevic/tt-metal/tt_metal/tools/profiler/kernel_profiler.hpp:35:5: note: in expansion of macro 'DO_PRAGMA'
   35 |     DO_PRAGMA(message(PROFILER_MSG_NAME(name))); \
      |     ^~~~~~~~~
/home/mvasiljevic/tt-metal/tt_metal/tools/profiler/kernel_profiler.hpp:395:5: note: in expansion of macro 'SrcLocNameToHash'
  395 |     SrcLocNameToHash("PROFILER-NOC-QUICK-PUSH");
      |     ^~~~~~~~~~~~~~~~
/home/mvasiljevic/tt-metal/tt_metal/hw/firmware/src/tt-1xx/brisck.cc: In function 'uint32_t _start()':
/home/mvasiljevic/tt-metal/tt_metal/tools/profiler/kernel_profiler.hpp:25:22: note: '#pragma message: BRISC-KERNEL,/home/mvasiljevic/tt-metal/tt_metal/hw/firmware/src/tt-1xx/brisck.cc,77,KERNEL_PROFILER'
   25 | #define DO_PRAGMA(x) _Pragma(#x)
      |                      ^~~~~~~
/home/mvasiljevic/tt-metal/tt_metal/tools/profiler/kernel_profiler.hpp:702:5: note: in expansion of macro 'DO_PRAGMA'
  702 |     DO_PRAGMA(message(PROFILER_MSG_NAME(name)));                               \
      |     ^~~~~~~~~
/home/mvasiljevic/tt-metal/tt_metal/hw/firmware/src/tt-1xx/brisck.cc:77:9: note: in expansion of macro 'DeviceZoneScopedMainChildN'
   77 |         DeviceZoneScopedMainChildN("BRISC-KERNEL");
      |         ^~~~~~~~~~~~~~~~~~~~~~~~~~
Building ncrisc, compile step:
cd /home/mvasiljevic/.cache/tt-metal-cache/9843948281834973358/kernels/reader_unary_interleaved_start_id/14161645312614094897/ncrisc/ && /home/mvasiljevic/tt-metal/runtime/sfpi/compiler/bin/riscv-tt-elf-g++ -O2 -std=c++17 -ftt-nttp -ftt-constinit -ftt-consteval -ftt-no-dyninit -flto=auto -ffast-math -fno-exceptions -fno-rtti -fno-use-cxa-atexit -g -MMD -Wall -Werror -Wno-error=deprecated-declarations -Wno-error=multistatement-macros -Wno-error=parentheses -Wno-error=unused-but-set-variable -Wno-unused-variable -Wno-unused-function -mcpu=tt-bh -fno-tree-loop-distribute-patterns -I. -I.. -I/home/mvasiljevic/tt-metal/ -I/home/mvasiljevic/tt-metal/ttnn -I/home/mvasiljevic/tt-metal/ttnn/cpp -I/home/mvasiljevic/tt-metal/tt_metal -I/home/mvasiljevic/tt-metal/tt_metal/hw/inc -I/home/mvasiljevic/tt-metal/tt_metal/tt-llk/common -I/home/mvasiljevic/tt-metal/tt_metal/hostdevcommon/api -I/home/mvasiljevic/tt-metal/tt_metal/api/ -I/home/mvasiljevic/tt-metal/tt_metal/hw/ckernels/blackhole/metal/common -I/home/mvasiljevic/tt-metal/tt_metal/hw/ckernels/blackhole/metal/llk_io -I/home/mvasiljevic/tt-metal/tt_metal/hw/inc/internal/tt-1xx -I/home/mvasiljevic/tt-metal/tt_metal/hw/inc/internal/tt-1xx/blackhole -I/home/mvasiljevic/tt-metal/tt_metal/hw/inc/internal/tt-1xx/blackhole/blackhole_defines -I/home/mvasiljevic/tt-metal/tt_metal/hw/inc/internal/tt-1xx/blackhole/noc -I/home/mvasiljevic/tt-metal/tt_metal/tt-llk/tt_llk_blackhole/common/inc -I/home/mvasiljevic/tt-metal/tt_metal/tt-llk/tt_llk_blackhole/llk_lib -I/home/mvasiljevic/tt-metal/tt_metal/hw/firmware/src/tt-1xx -I/home/mvasiljevic/tt-metal/ttnn/cpp/ttnn/operations/eltwise/unary/device/kernels/dataflow -c -o /home/mvasiljevic/.cache/tt-metal-cache/9843948281834973358/kernels/reader_unary_interleaved_start_id/14161645312614094897/ncrisc/ncrisck.7909615136162557968.o /home/mvasiljevic/tt-metal/tt_metal/hw/firmware/src/tt-1xx/ncrisck.cc -MF /home/mvasiljevic/.cache/tt-metal-cache/9843948281834973358/kernels/reader_unary_interleaved_start_id/14161645312614094897/ncrisc/ncrisck.7909615136162557968.d -DIS_NOT_POW2_NUM_L1_BANKS=1 -DLOG_BASE_2_OF_NUM_DRAM_BANKS=3 -DNUM_DRAM_BANKS=8 -DNUM_L1_BANKS=110 -DPCIE_NOC_X=19 -DPCIE_NOC_Y=24 -DTENSIX_FIRMWARE -DLOCAL_MEM_EN=0 -DPROFILE_KERNEL=1 -DPROFILER_FULL_HOST_BUFFER_SIZE_PER_RISC=960000 -DPROCESSOR_INDEX=1 -DCOMPILE_FOR_NCRISC -DARCH_BLACKHOLE -DDISPATCH_MESSAGE_ADDR=4290184248 -DKERNEL_BUILD -DFULL_KERNEL_NAME="\"reader_unary_interleaved_start_id/14161645312614094897/\"" -DNOC_INDEX='0' -DNOC_MODE='0' -DKERNEL_COMPILE_TIME_ARGS=0,2048 
In file included from /home/mvasiljevic/tt-metal/tt_metal/hw/inc/api/dataflow/dataflow_api.h:27,
                 from /home/mvasiljevic/tt-metal/tt_metal/hw/inc/internal/firmware_common.h:24,
                 from /home/mvasiljevic/tt-metal/tt_metal/hw/firmware/src/tt-1xx/ncrisck.cc:17:
/home/mvasiljevic/tt-metal/tt_metal/tools/profiler/kernel_profiler.hpp: In function 'void kernel_profiler::quick_push()':
/home/mvasiljevic/tt-metal/tt_metal/tools/profiler/kernel_profiler.hpp:25:22: note: '#pragma message: PROFILER-NOC-QUICK-PUSH,/home/mvasiljevic/tt-metal/tt_metal/tools/profiler/kernel_profiler.hpp,395,KERNEL_PROFILER'
   25 | #define DO_PRAGMA(x) _Pragma(#x)
      |                      ^~~~~~~
/home/mvasiljevic/tt-metal/tt_metal/tools/profiler/kernel_profiler.hpp:35:5: note: in expansion of macro 'DO_PRAGMA'
   35 |     DO_PRAGMA(message(PROFILER_MSG_NAME(name))); \
      |     ^~~~~~~~~
/home/mvasiljevic/tt-metal/tt_metal/tools/profiler/kernel_profiler.hpp:395:5: note: in expansion of macro 'SrcLocNameToHash'
  395 |     SrcLocNameToHash("PROFILER-NOC-QUICK-PUSH");
      |     ^~~~~~~~~~~~~~~~
/home/mvasiljevic/tt-metal/tt_metal/hw/firmware/src/tt-1xx/ncrisck.cc: In function 'uint32_t _start()':
/home/mvasiljevic/tt-metal/tt_metal/tools/profiler/kernel_profiler.hpp:25:22: note: '#pragma message: NCRISC-KERNEL,/home/mvasiljevic/tt-metal/tt_metal/hw/firmware/src/tt-1xx/ncrisck.cc,69,KERNEL_PROFILER'
   25 | #define DO_PRAGMA(x) _Pragma(#x)
      |                      ^~~~~~~
/home/mvasiljevic/tt-metal/tt_metal/tools/profiler/kernel_profiler.hpp:702:5: note: in expansion of macro 'DO_PRAGMA'
  702 |     DO_PRAGMA(message(PROFILER_MSG_NAME(name)));                               \
      |     ^~~~~~~~~
/home/mvasiljevic/tt-metal/tt_metal/hw/firmware/src/tt-1xx/ncrisck.cc:69:5: note: in expansion of macro 'DeviceZoneScopedMainChildN'
   69 |     DeviceZoneScopedMainChildN("NCRISC-KERNEL");
      |     ^~~~~~~~~~~~~~~~~~~~~~~~~~
Building brisc, compile step:
cd /home/mvasiljevic/.cache/tt-metal-cache/9843948281834973358/kernels/writer_unary_stick_layout_split_rows_multicore/2405068706926754634/brisc/ && /home/mvasiljevic/tt-metal/runtime/sfpi/compiler/bin/riscv-tt-elf-g++ -O2 -std=c++17 -ftt-nttp -ftt-constinit -ftt-consteval -ftt-no-dyninit -flto=auto -ffast-math -fno-exceptions -fno-rtti -fno-use-cxa-atexit -g -MMD -Wall -Werror -Wno-error=deprecated-declarations -Wno-error=multistatement-macros -Wno-error=parentheses -Wno-error=unused-but-set-variable -Wno-unused-variable -Wno-unused-function -mcpu=tt-bh -fno-tree-loop-distribute-patterns -I. -I.. -I/home/mvasiljevic/tt-metal/ -I/home/mvasiljevic/tt-metal/ttnn -I/home/mvasiljevic/tt-metal/ttnn/cpp -I/home/mvasiljevic/tt-metal/tt_metal -I/home/mvasiljevic/tt-metal/tt_metal/hw/inc -I/home/mvasiljevic/tt-metal/tt_metal/tt-llk/common -I/home/mvasiljevic/tt-metal/tt_metal/hostdevcommon/api -I/home/mvasiljevic/tt-metal/tt_metal/api/ -I/home/mvasiljevic/tt-metal/tt_metal/hw/ckernels/blackhole/metal/common -I/home/mvasiljevic/tt-metal/tt_metal/hw/ckernels/blackhole/metal/llk_io -I/home/mvasiljevic/tt-metal/tt_metal/hw/inc/internal/tt-1xx -I/home/mvasiljevic/tt-metal/tt_metal/hw/inc/internal/tt-1xx/blackhole -I/home/mvasiljevic/tt-metal/tt_metal/hw/inc/internal/tt-1xx/blackhole/blackhole_defines -I/home/mvasiljevic/tt-metal/tt_metal/hw/inc/internal/tt-1xx/blackhole/noc -I/home/mvasiljevic/tt-metal/tt_metal/tt-llk/tt_llk_blackhole/common/inc -I/home/mvasiljevic/tt-metal/tt_metal/tt-llk/tt_llk_blackhole/llk_lib -I/home/mvasiljevic/tt-metal/tt_metal/hw/firmware/src/tt-1xx -I/home/mvasiljevic/tt-metal/ttnn/cpp/ttnn/operations/data_movement/untilize_with_unpadding/device/kernels/dataflow -c -o /home/mvasiljevic/.cache/tt-metal-cache/9843948281834973358/kernels/writer_unary_stick_layout_split_rows_multicore/2405068706926754634/brisc/brisck.7909615136162557968.o /home/mvasiljevic/tt-metal/tt_metal/hw/firmware/src/tt-1xx/brisck.cc -MF /home/mvasiljevic/.cache/tt-metal-cache/9843948281834973358/kernels/writer_unary_stick_layout_split_rows_multicore/2405068706926754634/brisc/brisck.7909615136162557968.d -DIS_NOT_POW2_NUM_L1_BANKS=1 -DLOG_BASE_2_OF_NUM_DRAM_BANKS=3 -DNUM_DRAM_BANKS=8 -DNUM_L1_BANKS=110 -DPCIE_NOC_X=19 -DPCIE_NOC_Y=24 -DTENSIX_FIRMWARE -DLOCAL_MEM_EN=0 -DPROFILE_KERNEL=1 -DPROFILER_FULL_HOST_BUFFER_SIZE_PER_RISC=960000 -DPROCESSOR_INDEX=0 -DCOMPILE_FOR_BRISC -DARCH_BLACKHOLE -DDISPATCH_MESSAGE_ADDR=4290184248 -DKERNEL_BUILD -DFULL_KERNEL_NAME="\"writer_unary_stick_layout_split_rows_multicore/2405068706926754634/\"" -DNOC_INDEX='1' -DNOC_MODE='0' -DKERNEL_COMPILE_TIME_ARGS=0,96,0,96 
In file included from /home/mvasiljevic/tt-metal/tt_metal/hw/inc/api/dataflow/dataflow_api.h:27,
                 from /home/mvasiljevic/tt-metal/tt_metal/hw/inc/internal/firmware_common.h:24,
                 from /home/mvasiljevic/tt-metal/tt_metal/hw/firmware/src/tt-1xx/brisck.cc:17:
/home/mvasiljevic/tt-metal/tt_metal/tools/profiler/kernel_profiler.hpp: In function 'void kernel_profiler::quick_push()':
/home/mvasiljevic/tt-metal/tt_metal/tools/profiler/kernel_profiler.hpp:25:22: note: '#pragma message: PROFILER-NOC-QUICK-PUSH,/home/mvasiljevic/tt-metal/tt_metal/tools/profiler/kernel_profiler.hpp,395,KERNEL_PROFILER'
   25 | #define DO_PRAGMA(x) _Pragma(#x)
      |                      ^~~~~~~
/home/mvasiljevic/tt-metal/tt_metal/tools/profiler/kernel_profiler.hpp:35:5: note: in expansion of macro 'DO_PRAGMA'
   35 |     DO_PRAGMA(message(PROFILER_MSG_NAME(name))); \
      |     ^~~~~~~~~
/home/mvasiljevic/tt-metal/tt_metal/tools/profiler/kernel_profiler.hpp:395:5: note: in expansion of macro 'SrcLocNameToHash'
  395 |     SrcLocNameToHash("PROFILER-NOC-QUICK-PUSH");
      |     ^~~~~~~~~~~~~~~~
/home/mvasiljevic/tt-metal/tt_metal/hw/firmware/src/tt-1xx/brisck.cc: In function 'uint32_t _start()':
/home/mvasiljevic/tt-metal/tt_metal/tools/profiler/kernel_profiler.hpp:25:22: note: '#pragma message: BRISC-KERNEL,/home/mvasiljevic/tt-metal/tt_metal/hw/firmware/src/tt-1xx/brisck.cc,77,KERNEL_PROFILER'
   25 | #define DO_PRAGMA(x) _Pragma(#x)
      |                      ^~~~~~~
/home/mvasiljevic/tt-metal/tt_metal/tools/profiler/kernel_profiler.hpp:702:5: note: in expansion of macro 'DO_PRAGMA'
  702 |     DO_PRAGMA(message(PROFILER_MSG_NAME(name)));                               \
      |     ^~~~~~~~~
/home/mvasiljevic/tt-metal/tt_metal/hw/firmware/src/tt-1xx/brisck.cc:77:9: note: in expansion of macro 'DeviceZoneScopedMainChildN'
   77 |         DeviceZoneScopedMainChildN("BRISC-KERNEL");
      |         ^~~~~~~~~~~~~~~~~~~~~~~~~~
Building brisc, compile step:
cd /home/mvasiljevic/.cache/tt-metal-cache/9843948281834973358/kernels/writer_unary_stick_layout_interleaved_start_id/3192484373973804983/brisc/ && /home/mvasiljevic/tt-metal/runtime/sfpi/compiler/bin/riscv-tt-elf-g++ -O2 -std=c++17 -ftt-nttp -ftt-constinit -ftt-consteval -ftt-no-dyninit -flto=auto -ffast-math -fno-exceptions -fno-rtti -fno-use-cxa-atexit -g -MMD -Wall -Werror -Wno-error=deprecated-declarations -Wno-error=multistatement-macros -Wno-error=parentheses -Wno-error=unused-but-set-variable -Wno-unused-variable -Wno-unused-function -mcpu=tt-bh -fno-tree-loop-distribute-patterns -I. -I.. -I/home/mvasiljevic/tt-metal/ -I/home/mvasiljevic/tt-metal/ttnn -I/home/mvasiljevic/tt-metal/ttnn/cpp -I/home/mvasiljevic/tt-metal/tt_metal -I/home/mvasiljevic/tt-metal/tt_metal/hw/inc -I/home/mvasiljevic/tt-metal/tt_metal/tt-llk/common -I/home/mvasiljevic/tt-metal/tt_metal/hostdevcommon/api -I/home/mvasiljevic/tt-metal/tt_metal/api/ -I/home/mvasiljevic/tt-metal/tt_metal/hw/ckernels/blackhole/metal/common -I/home/mvasiljevic/tt-metal/tt_metal/hw/ckernels/blackhole/metal/llk_io -I/home/mvasiljevic/tt-metal/tt_metal/hw/inc/internal/tt-1xx -I/home/mvasiljevic/tt-metal/tt_metal/hw/inc/internal/tt-1xx/blackhole -I/home/mvasiljevic/tt-metal/tt_metal/hw/inc/internal/tt-1xx/blackhole/blackhole_defines -I/home/mvasiljevic/tt-metal/tt_metal/hw/inc/internal/tt-1xx/blackhole/noc -I/home/mvasiljevic/tt-metal/tt_metal/tt-llk/tt_llk_blackhole/common/inc -I/home/mvasiljevic/tt-metal/tt_metal/tt-llk/tt_llk_blackhole/llk_lib -I/home/mvasiljevic/tt-metal/tt_metal/hw/firmware/src/tt-1xx -I/home/mvasiljevic/tt-metal/ttnn/cpp/ttnn/kernel/dataflow -c -o /home/mvasiljevic/.cache/tt-metal-cache/9843948281834973358/kernels/writer_unary_stick_layout_interleaved_start_id/3192484373973804983/brisc/brisck.7909615136162557968.o /home/mvasiljevic/tt-metal/tt_metal/hw/firmware/src/tt-1xx/brisck.cc -MF /home/mvasiljevic/.cache/tt-metal-cache/9843948281834973358/kernels/writer_unary_stick_layout_interleaved_start_id/3192484373973804983/brisc/brisck.7909615136162557968.d -DIS_NOT_POW2_NUM_L1_BANKS=1 -DLOG_BASE_2_OF_NUM_DRAM_BANKS=3 -DNUM_DRAM_BANKS=8 -DNUM_L1_BANKS=110 -DPCIE_NOC_X=19 -DPCIE_NOC_Y=24 -DTENSIX_FIRMWARE -DLOCAL_MEM_EN=0 -DPROFILE_KERNEL=1 -DPROFILER_FULL_HOST_BUFFER_SIZE_PER_RISC=960000 -DPROCESSOR_INDEX=0 -DCOMPILE_FOR_BRISC -DARCH_BLACKHOLE -DDISPATCH_MESSAGE_ADDR=4290184248 -DKERNEL_BUILD -DFULL_KERNEL_NAME="\"writer_unary_stick_layout_interleaved_start_id/3192484373973804983/\"" -DNOC_INDEX='1' -DNOC_MODE='0' -DKERNEL_COMPILE_TIME_ARGS=0,192,2,192 
In file included from /home/mvasiljevic/tt-metal/tt_metal/hw/inc/api/dataflow/dataflow_api.h:27,
                 from /home/mvasiljevic/tt-metal/tt_metal/hw/inc/internal/firmware_common.h:24,
                 from /home/mvasiljevic/tt-metal/tt_metal/hw/firmware/src/tt-1xx/brisck.cc:17:
/home/mvasiljevic/tt-metal/tt_metal/tools/profiler/kernel_profiler.hpp: In function 'void kernel_profiler::quick_push()':
/home/mvasiljevic/tt-metal/tt_metal/tools/profiler/kernel_profiler.hpp:25:22: note: '#pragma message: PROFILER-NOC-QUICK-PUSH,/home/mvasiljevic/tt-metal/tt_metal/tools/profiler/kernel_profiler.hpp,395,KERNEL_PROFILER'
   25 | #define DO_PRAGMA(x) _Pragma(#x)
      |                      ^~~~~~~
/home/mvasiljevic/tt-metal/tt_metal/tools/profiler/kernel_profiler.hpp:35:5: note: in expansion of macro 'DO_PRAGMA'
   35 |     DO_PRAGMA(message(PROFILER_MSG_NAME(name))); \
      |     ^~~~~~~~~
/home/mvasiljevic/tt-metal/tt_metal/tools/profiler/kernel_profiler.hpp:395:5: note: in expansion of macro 'SrcLocNameToHash'
  395 |     SrcLocNameToHash("PROFILER-NOC-QUICK-PUSH");
      |     ^~~~~~~~~~~~~~~~
/home/mvasiljevic/tt-metal/tt_metal/hw/firmware/src/tt-1xx/brisck.cc: In function 'uint32_t _start()':
/home/mvasiljevic/tt-metal/tt_metal/tools/profiler/kernel_profiler.hpp:25:22: note: '#pragma message: BRISC-KERNEL,/home/mvasiljevic/tt-metal/tt_metal/hw/firmware/src/tt-1xx/brisck.cc,77,KERNEL_PROFILER'
   25 | #define DO_PRAGMA(x) _Pragma(#x)
      |                      ^~~~~~~
/home/mvasiljevic/tt-metal/tt_metal/tools/profiler/kernel_profiler.hpp:702:5: note: in expansion of macro 'DO_PRAGMA'
  702 |     DO_PRAGMA(message(PROFILER_MSG_NAME(name)));                               \
      |     ^~~~~~~~~
/home/mvasiljevic/tt-metal/tt_metal/hw/firmware/src/tt-1xx/brisck.cc:77:9: note: in expansion of macro 'DeviceZoneScopedMainChildN'
   77 |         DeviceZoneScopedMainChildN("BRISC-KERNEL");
      |         ^~~~~~~~~~~~~~~~~~~~~~~~~~
Building ncrisc, compile step:
cd /home/mvasiljevic/.cache/tt-metal-cache/9843948281834973358/kernels/reader_concat_stick_layout_interleaved_start_id/10084603508447615529/ncrisc/ && /home/mvasiljevic/tt-metal/runtime/sfpi/compiler/bin/riscv-tt-elf-g++ -O2 -std=c++17 -ftt-nttp -ftt-constinit -ftt-consteval -ftt-no-dyninit -flto=auto -ffast-math -fno-exceptions -fno-rtti -fno-use-cxa-atexit -g -MMD -Wall -Werror -Wno-error=deprecated-declarations -Wno-error=multistatement-macros -Wno-error=parentheses -Wno-error=unused-but-set-variable -Wno-unused-variable -Wno-unused-function -mcpu=tt-bh -fno-tree-loop-distribute-patterns -I. -I.. -I/home/mvasiljevic/tt-metal/ -I/home/mvasiljevic/tt-metal/ttnn -I/home/mvasiljevic/tt-metal/ttnn/cpp -I/home/mvasiljevic/tt-metal/tt_metal -I/home/mvasiljevic/tt-metal/tt_metal/hw/inc -I/home/mvasiljevic/tt-metal/tt_metal/tt-llk/common -I/home/mvasiljevic/tt-metal/tt_metal/hostdevcommon/api -I/home/mvasiljevic/tt-metal/tt_metal/api/ -I/home/mvasiljevic/tt-metal/tt_metal/hw/ckernels/blackhole/metal/common -I/home/mvasiljevic/tt-metal/tt_metal/hw/ckernels/blackhole/metal/llk_io -I/home/mvasiljevic/tt-metal/tt_metal/hw/inc/internal/tt-1xx -I/home/mvasiljevic/tt-metal/tt_metal/hw/inc/internal/tt-1xx/blackhole -I/home/mvasiljevic/tt-metal/tt_metal/hw/inc/internal/tt-1xx/blackhole/blackhole_defines -I/home/mvasiljevic/tt-metal/tt_metal/hw/inc/internal/tt-1xx/blackhole/noc -I/home/mvasiljevic/tt-metal/tt_metal/tt-llk/tt_llk_blackhole/common/inc -I/home/mvasiljevic/tt-metal/tt_metal/tt-llk/tt_llk_blackhole/llk_lib -I/home/mvasiljevic/tt-metal/tt_metal/hw/firmware/src/tt-1xx -I/home/mvasiljevic/tt-metal/ttnn/cpp/ttnn/operations/data_movement/concat/device/kernels/dataflow -c -o /home/mvasiljevic/.cache/tt-metal-cache/9843948281834973358/kernels/reader_concat_stick_layout_interleaved_start_id/10084603508447615529/ncrisc/ncrisck.7909615136162557968.o /home/mvasiljevic/tt-metal/tt_metal/hw/firmware/src/tt-1xx/ncrisck.cc -MF /home/mvasiljevic/.cache/tt-metal-cache/9843948281834973358/kernels/reader_concat_stick_layout_interleaved_start_id/10084603508447615529/ncrisc/ncrisck.7909615136162557968.d -DIS_NOT_POW2_NUM_L1_BANKS=1 -DLOG_BASE_2_OF_NUM_DRAM_BANKS=3 -DNUM_DRAM_BANKS=8 -DNUM_L1_BANKS=110 -DPCIE_NOC_X=19 -DPCIE_NOC_Y=24 -DTENSIX_FIRMWARE -DLOCAL_MEM_EN=0 -DPROFILE_KERNEL=1 -DPROFILER_FULL_HOST_BUFFER_SIZE_PER_RISC=960000 -DPROCESSOR_INDEX=1 -DCOMPILE_FOR_NCRISC -DARCH_BLACKHOLE -DDISPATCH_MESSAGE_ADDR=4290184248 -DKERNEL_BUILD -DFULL_KERNEL_NAME="\"reader_concat_stick_layout_interleaved_start_id/10084603508447615529/\"" -DWIDTH_CONCAT='1' -DNOC_INDEX='0' -DNOC_MODE='0' -DKERNEL_COMPILE_TIME_ARGS=0,2,96,96,0,96,0,96 
In file included from /home/mvasiljevic/tt-metal/tt_metal/hw/inc/api/dataflow/dataflow_api.h:27,
                 from /home/mvasiljevic/tt-metal/tt_metal/hw/inc/internal/firmware_common.h:24,
                 from /home/mvasiljevic/tt-metal/tt_metal/hw/firmware/src/tt-1xx/ncrisck.cc:17:
/home/mvasiljevic/tt-metal/tt_metal/tools/profiler/kernel_profiler.hpp: In function 'void kernel_profiler::quick_push()':
/home/mvasiljevic/tt-metal/tt_metal/tools/profiler/kernel_profiler.hpp:25:22: note: '#pragma message: PROFILER-NOC-QUICK-PUSH,/home/mvasiljevic/tt-metal/tt_metal/tools/profiler/kernel_profiler.hpp,395,KERNEL_PROFILER'
   25 | #define DO_PRAGMA(x) _Pragma(#x)
      |                      ^~~~~~~
/home/mvasiljevic/tt-metal/tt_metal/tools/profiler/kernel_profiler.hpp:35:5: note: in expansion of macro 'DO_PRAGMA'
   35 |     DO_PRAGMA(message(PROFILER_MSG_NAME(name))); \
      |     ^~~~~~~~~
/home/mvasiljevic/tt-metal/tt_metal/tools/profiler/kernel_profiler.hpp:395:5: note: in expansion of macro 'SrcLocNameToHash'
  395 |     SrcLocNameToHash("PROFILER-NOC-QUICK-PUSH");
      |     ^~~~~~~~~~~~~~~~
In file included from ../kernel_includes.hpp:1,
                 from /home/mvasiljevic/tt-metal/tt_metal/hw/firmware/src/tt-1xx/ncrisck.cc:22:
/home/mvasiljevic/tt-metal/ttnn/cpp/ttnn/operations/data_movement/concat/device/kernels/dataflow/reader_concat_stick_layout_interleaved_start_id.cpp: In function 'void kernel_main()':
/home/mvasiljevic/tt-metal/ttnn/cpp/ttnn/operations/data_movement/concat/device/kernels/dataflow/reader_concat_stick_layout_interleaved_start_id.cpp:29:14: warning: variable 'num_pages_per_block' set but not used [-Wunused-but-set-variable]
   29 |     uint32_t num_pages_per_block[num_tensors];
      |              ^~~~~~~~~~~~~~~~~~~
/home/mvasiljevic/tt-metal/tt_metal/hw/firmware/src/tt-1xx/ncrisck.cc: In function 'uint32_t _start()':
/home/mvasiljevic/tt-metal/tt_metal/tools/profiler/kernel_profiler.hpp:25:22: note: '#pragma message: NCRISC-KERNEL,/home/mvasiljevic/tt-metal/tt_metal/hw/firmware/src/tt-1xx/ncrisck.cc,69,KERNEL_PROFILER'
   25 | #define DO_PRAGMA(x) _Pragma(#x)
      |                      ^~~~~~~
/home/mvasiljevic/tt-metal/tt_metal/tools/profiler/kernel_profiler.hpp:702:5: note: in expansion of macro 'DO_PRAGMA'
  702 |     DO_PRAGMA(message(PROFILER_MSG_NAME(name)));                               \
      |     ^~~~~~~~~
/home/mvasiljevic/tt-metal/tt_metal/hw/firmware/src/tt-1xx/ncrisck.cc:69:5: note: in expansion of macro 'DeviceZoneScopedMainChildN'
   69 |     DeviceZoneScopedMainChildN("NCRISC-KERNEL");
      |     ^~~~~~~~~~~~~~~~~~~~~~~~~~
Building ncrisc, compile step:
cd /home/mvasiljevic/.cache/tt-metal-cache/9843948281834973358/kernels/reader_interleaved_no_bcast/10578669637549996372/ncrisc/ && /home/mvasiljevic/tt-metal/runtime/sfpi/compiler/bin/riscv-tt-elf-g++ -O2 -std=c++17 -ftt-nttp -ftt-constinit -ftt-consteval -ftt-no-dyninit -flto=auto -ffast-math -fno-exceptions -fno-rtti -fno-use-cxa-atexit -g -MMD -Wall -Werror -Wno-error=deprecated-declarations -Wno-error=multistatement-macros -Wno-error=parentheses -Wno-error=unused-but-set-variable -Wno-unused-variable -Wno-unused-function -mcpu=tt-bh -fno-tree-loop-distribute-patterns -I. -I.. -I/home/mvasiljevic/tt-metal/ -I/home/mvasiljevic/tt-metal/ttnn -I/home/mvasiljevic/tt-metal/ttnn/cpp -I/home/mvasiljevic/tt-metal/tt_metal -I/home/mvasiljevic/tt-metal/tt_metal/hw/inc -I/home/mvasiljevic/tt-metal/tt_metal/tt-llk/common -I/home/mvasiljevic/tt-metal/tt_metal/hostdevcommon/api -I/home/mvasiljevic/tt-metal/tt_metal/api/ -I/home/mvasiljevic/tt-metal/tt_metal/hw/ckernels/blackhole/metal/common -I/home/mvasiljevic/tt-metal/tt_metal/hw/ckernels/blackhole/metal/llk_io -I/home/mvasiljevic/tt-metal/tt_metal/hw/inc/internal/tt-1xx -I/home/mvasiljevic/tt-metal/tt_metal/hw/inc/internal/tt-1xx/blackhole -I/home/mvasiljevic/tt-metal/tt_metal/hw/inc/internal/tt-1xx/blackhole/blackhole_defines -I/home/mvasiljevic/tt-metal/tt_metal/hw/inc/internal/tt-1xx/blackhole/noc -I/home/mvasiljevic/tt-metal/tt_metal/tt-llk/tt_llk_blackhole/common/inc -I/home/mvasiljevic/tt-metal/tt_metal/tt-llk/tt_llk_blackhole/llk_lib -I/home/mvasiljevic/tt-metal/tt_metal/hw/firmware/src/tt-1xx -I/home/mvasiljevic/tt-metal/ttnn/cpp/ttnn/operations/eltwise/binary_ng/device/kernels_ng/dataflow -c -o /home/mvasiljevic/.cache/tt-metal-cache/9843948281834973358/kernels/reader_interleaved_no_bcast/10578669637549996372/ncrisc/ncrisck.7909615136162557968.o /home/mvasiljevic/tt-metal/tt_metal/hw/firmware/src/tt-1xx/ncrisck.cc -MF /home/mvasiljevic/.cache/tt-metal-cache/9843948281834973358/kernels/reader_interleaved_no_bcast/10578669637549996372/ncrisc/ncrisck.7909615136162557968.d -DIS_NOT_POW2_NUM_L1_BANKS=1 -DLOG_BASE_2_OF_NUM_DRAM_BANKS=3 -DNUM_DRAM_BANKS=8 -DNUM_L1_BANKS=110 -DPCIE_NOC_X=19 -DPCIE_NOC_Y=24 -DTENSIX_FIRMWARE -DLOCAL_MEM_EN=0 -DPROFILE_KERNEL=1 -DPROFILER_FULL_HOST_BUFFER_SIZE_PER_RISC=960000 -DPROCESSOR_INDEX=1 -DCOMPILE_FOR_NCRISC -DARCH_BLACKHOLE -DDISPATCH_MESSAGE_ADDR=4290184248 -DKERNEL_BUILD -DFULL_KERNEL_NAME="\"reader_interleaved_no_bcast/10578669637549996372/\"" -DBCAST_LLK='0' -DFILL_TILE_WITH_FIRST_COLUMN='fill_tile_with_first_column_bfloat16' -DFILL_TILE_WITH_FIRST_COLUMN_B='fill_tile_with_first_column_bfloat16' -DFILL_TILE_WITH_FIRST_COLUMN_RM='fill_tile_with_first_column_rm_bfloat16' -DFILL_TILE_WITH_FIRST_ELEMENT='fill_tile_with_first_element_bfloat16' -DFILL_TILE_WITH_FIRST_ELEMENT_B='fill_tile_with_first_element_bfloat16' -DFILL_TILE_WITH_FIRST_ROW='fill_tile_with_first_row_bfloat16' -DFILL_TILE_WITH_FIRST_ROW_B='fill_tile_with_first_row_bfloat16' -DFILL_TILE_WITH_FIRST_ROW_RM='fill_tile_with_first_row_rm_bfloat16' -DFILL_WITH_VALUE='fill_with_val_bfloat16' -DFILL_WITH_VALUE_B='fill_with_val_bfloat16' -DSRC_SHARDED='0' -DSRC_SHARDED_B='0' -DNOC_INDEX='0' -DNOC_MODE='0' -DKERNEL_COMPILE_TIME_ARGS=0,2048,2,2048,0 
In file included from /home/mvasiljevic/tt-metal/tt_metal/hw/inc/api/dataflow/dataflow_api.h:27,
                 from /home/mvasiljevic/tt-metal/tt_metal/hw/inc/internal/firmware_common.h:24,
                 from /home/mvasiljevic/tt-metal/tt_metal/hw/firmware/src/tt-1xx/ncrisck.cc:17:
/home/mvasiljevic/tt-metal/tt_metal/tools/profiler/kernel_profiler.hpp: In function 'void kernel_profiler::quick_push()':
/home/mvasiljevic/tt-metal/tt_metal/tools/profiler/kernel_profiler.hpp:25:22: note: '#pragma message: PROFILER-NOC-QUICK-PUSH,/home/mvasiljevic/tt-metal/tt_metal/tools/profiler/kernel_profiler.hpp,395,KERNEL_PROFILER'
   25 | #define DO_PRAGMA(x) _Pragma(#x)
      |                      ^~~~~~~
/home/mvasiljevic/tt-metal/tt_metal/tools/profiler/kernel_profiler.hpp:35:5: note: in expansion of macro 'DO_PRAGMA'
   35 |     DO_PRAGMA(message(PROFILER_MSG_NAME(name))); \
      |     ^~~~~~~~~
/home/mvasiljevic/tt-metal/tt_metal/tools/profiler/kernel_profiler.hpp:395:5: note: in expansion of macro 'SrcLocNameToHash'
  395 |     SrcLocNameToHash("PROFILER-NOC-QUICK-PUSH");
      |     ^~~~~~~~~~~~~~~~
/home/mvasiljevic/tt-metal/tt_metal/hw/firmware/src/tt-1xx/ncrisck.cc: In function 'uint32_t _start()':
/home/mvasiljevic/tt-metal/tt_metal/tools/profiler/kernel_profiler.hpp:25:22: note: '#pragma message: NCRISC-KERNEL,/home/mvasiljevic/tt-metal/tt_metal/hw/firmware/src/tt-1xx/ncrisck.cc,69,KERNEL_PROFILER'
   25 | #define DO_PRAGMA(x) _Pragma(#x)
      |                      ^~~~~~~
/home/mvasiljevic/tt-metal/tt_metal/tools/profiler/kernel_profiler.hpp:702:5: note: in expansion of macro 'DO_PRAGMA'
  702 |     DO_PRAGMA(message(PROFILER_MSG_NAME(name)));                               \
      |     ^~~~~~~~~
/home/mvasiljevic/tt-metal/tt_metal/hw/firmware/src/tt-1xx/ncrisck.cc:69:5: note: in expansion of macro 'DeviceZoneScopedMainChildN'
   69 |     DeviceZoneScopedMainChildN("NCRISC-KERNEL");
      |     ^~~~~~~~~~~~~~~~~~~~~~~~~~
Building brisc, compile step:
cd /home/mvasiljevic/.cache/tt-metal-cache/9843948281834973358/kernels/writer_interleaved_no_bcast/16950940534500411134/brisc/ && /home/mvasiljevic/tt-metal/runtime/sfpi/compiler/bin/riscv-tt-elf-g++ -O2 -std=c++17 -ftt-nttp -ftt-constinit -ftt-consteval -ftt-no-dyninit -flto=auto -ffast-math -fno-exceptions -fno-rtti -fno-use-cxa-atexit -g -MMD -Wall -Werror -Wno-error=deprecated-declarations -Wno-error=multistatement-macros -Wno-error=parentheses -Wno-error=unused-but-set-variable -Wno-unused-variable -Wno-unused-function -mcpu=tt-bh -fno-tree-loop-distribute-patterns -I. -I.. -I/home/mvasiljevic/tt-metal/ -I/home/mvasiljevic/tt-metal/ttnn -I/home/mvasiljevic/tt-metal/ttnn/cpp -I/home/mvasiljevic/tt-metal/tt_metal -I/home/mvasiljevic/tt-metal/tt_metal/hw/inc -I/home/mvasiljevic/tt-metal/tt_metal/tt-llk/common -I/home/mvasiljevic/tt-metal/tt_metal/hostdevcommon/api -I/home/mvasiljevic/tt-metal/tt_metal/api/ -I/home/mvasiljevic/tt-metal/tt_metal/hw/ckernels/blackhole/metal/common -I/home/mvasiljevic/tt-metal/tt_metal/hw/ckernels/blackhole/metal/llk_io -I/home/mvasiljevic/tt-metal/tt_metal/hw/inc/internal/tt-1xx -I/home/mvasiljevic/tt-metal/tt_metal/hw/inc/internal/tt-1xx/blackhole -I/home/mvasiljevic/tt-metal/tt_metal/hw/inc/internal/tt-1xx/blackhole/blackhole_defines -I/home/mvasiljevic/tt-metal/tt_metal/hw/inc/internal/tt-1xx/blackhole/noc -I/home/mvasiljevic/tt-metal/tt_metal/tt-llk/tt_llk_blackhole/common/inc -I/home/mvasiljevic/tt-metal/tt_metal/tt-llk/tt_llk_blackhole/llk_lib -I/home/mvasiljevic/tt-metal/tt_metal/hw/firmware/src/tt-1xx -I/home/mvasiljevic/tt-metal/ttnn/cpp/ttnn/operations/eltwise/binary_ng/device/kernels_ng/dataflow -c -o /home/mvasiljevic/.cache/tt-metal-cache/9843948281834973358/kernels/writer_interleaved_no_bcast/16950940534500411134/brisc/brisck.7909615136162557968.o /home/mvasiljevic/tt-metal/tt_metal/hw/firmware/src/tt-1xx/brisck.cc -MF /home/mvasiljevic/.cache/tt-metal-cache/9843948281834973358/kernels/writer_interleaved_no_bcast/16950940534500411134/brisc/brisck.7909615136162557968.d -DIS_NOT_POW2_NUM_L1_BANKS=1 -DLOG_BASE_2_OF_NUM_DRAM_BANKS=3 -DNUM_DRAM_BANKS=8 -DNUM_L1_BANKS=110 -DPCIE_NOC_X=19 -DPCIE_NOC_Y=24 -DTENSIX_FIRMWARE -DLOCAL_MEM_EN=0 -DPROFILE_KERNEL=1 -DPROFILER_FULL_HOST_BUFFER_SIZE_PER_RISC=960000 -DPROCESSOR_INDEX=0 -DCOMPILE_FOR_BRISC -DARCH_BLACKHOLE -DDISPATCH_MESSAGE_ADDR=4290184248 -DKERNEL_BUILD -DFULL_KERNEL_NAME="\"writer_interleaved_no_bcast/16950940534500411134/\"" -DDST_SHARDED='0' -DFILL_TILE_WITH_FIRST_COLUMN='fill_tile_with_first_column_bfloat16' -DFILL_TILE_WITH_FIRST_COLUMN_B='fill_tile_with_first_column_bfloat16' -DFILL_TILE_WITH_FIRST_COLUMN_RM='fill_tile_with_first_column_rm_bfloat16' -DFILL_TILE_WITH_FIRST_ELEMENT='fill_tile_with_first_element_bfloat16' -DFILL_TILE_WITH_FIRST_ELEMENT_B='fill_tile_with_first_element_bfloat16' -DFILL_TILE_WITH_FIRST_ROW='fill_tile_with_first_row_bfloat16' -DFILL_TILE_WITH_FIRST_ROW_B='fill_tile_with_first_row_bfloat16' -DFILL_TILE_WITH_FIRST_ROW_RM='fill_tile_with_first_row_rm_bfloat16' -DFILL_WITH_VALUE='fill_with_val_bfloat16' -DFILL_WITH_VALUE_B='fill_with_val_bfloat16' -DSRC_SHARDED='0' -DNOC_INDEX='1' -DNOC_MODE='0' -DKERNEL_COMPILE_TIME_ARGS=0,2048,0 
In file included from /home/mvasiljevic/tt-metal/tt_metal/hw/inc/api/dataflow/dataflow_api.h:27,
                 from /home/mvasiljevic/tt-metal/tt_metal/hw/inc/internal/firmware_common.h:24,
                 from /home/mvasiljevic/tt-metal/tt_metal/hw/firmware/src/tt-1xx/brisck.cc:17:
/home/mvasiljevic/tt-metal/tt_metal/tools/profiler/kernel_profiler.hpp: In function 'void kernel_profiler::quick_push()':
/home/mvasiljevic/tt-metal/tt_metal/tools/profiler/kernel_profiler.hpp:25:22: note: '#pragma message: PROFILER-NOC-QUICK-PUSH,/home/mvasiljevic/tt-metal/tt_metal/tools/profiler/kernel_profiler.hpp,395,KERNEL_PROFILER'
   25 | #define DO_PRAGMA(x) _Pragma(#x)
      |                      ^~~~~~~
/home/mvasiljevic/tt-metal/tt_metal/tools/profiler/kernel_profiler.hpp:35:5: note: in expansion of macro 'DO_PRAGMA'
   35 |     DO_PRAGMA(message(PROFILER_MSG_NAME(name))); \
      |     ^~~~~~~~~
/home/mvasiljevic/tt-metal/tt_metal/tools/profiler/kernel_profiler.hpp:395:5: note: in expansion of macro 'SrcLocNameToHash'
  395 |     SrcLocNameToHash("PROFILER-NOC-QUICK-PUSH");
      |     ^~~~~~~~~~~~~~~~
/home/mvasiljevic/tt-metal/tt_metal/hw/firmware/src/tt-1xx/brisck.cc: In function 'uint32_t _start()':
/home/mvasiljevic/tt-metal/tt_metal/tools/profiler/kernel_profiler.hpp:25:22: note: '#pragma message: BRISC-KERNEL,/home/mvasiljevic/tt-metal/tt_metal/hw/firmware/src/tt-1xx/brisck.cc,77,KERNEL_PROFILER'
   25 | #define DO_PRAGMA(x) _Pragma(#x)
      |                      ^~~~~~~
/home/mvasiljevic/tt-metal/tt_metal/tools/profiler/kernel_profiler.hpp:702:5: note: in expansion of macro 'DO_PRAGMA'
  702 |     DO_PRAGMA(message(PROFILER_MSG_NAME(name)));                               \
      |     ^~~~~~~~~
/home/mvasiljevic/tt-metal/tt_metal/hw/firmware/src/tt-1xx/brisck.cc:77:9: note: in expansion of macro 'DeviceZoneScopedMainChildN'
   77 |         DeviceZoneScopedMainChildN("BRISC-KERNEL");
      |         ^~~~~~~~~~~~~~~~~~~~~~~~~~
Building ncrisc, compile step:
cd /home/mvasiljevic/.cache/tt-metal-cache/9843948281834973358/kernels/reader_unary_sharded_blocks_interleaved_start_id/9321611796233229108/ncrisc/ && /home/mvasiljevic/tt-metal/runtime/sfpi/compiler/bin/riscv-tt-elf-g++ -O2 -std=c++17 -ftt-nttp -ftt-constinit -ftt-consteval -ftt-no-dyninit -flto=auto -ffast-math -fno-exceptions -fno-rtti -fno-use-cxa-atexit -g -MMD -Wall -Werror -Wno-error=deprecated-declarations -Wno-error=multistatement-macros -Wno-error=parentheses -Wno-error=unused-but-set-variable -Wno-unused-variable -Wno-unused-function -mcpu=tt-bh -fno-tree-loop-distribute-patterns -I. -I.. -I/home/mvasiljevic/tt-metal/ -I/home/mvasiljevic/tt-metal/ttnn -I/home/mvasiljevic/tt-metal/ttnn/cpp -I/home/mvasiljevic/tt-metal/tt_metal -I/home/mvasiljevic/tt-metal/tt_metal/hw/inc -I/home/mvasiljevic/tt-metal/tt_metal/tt-llk/common -I/home/mvasiljevic/tt-metal/tt_metal/hostdevcommon/api -I/home/mvasiljevic/tt-metal/tt_metal/api/ -I/home/mvasiljevic/tt-metal/tt_metal/hw/ckernels/blackhole/metal/common -I/home/mvasiljevic/tt-metal/tt_metal/hw/ckernels/blackhole/metal/llk_io -I/home/mvasiljevic/tt-metal/tt_metal/hw/inc/internal/tt-1xx -I/home/mvasiljevic/tt-metal/tt_metal/hw/inc/internal/tt-1xx/blackhole -I/home/mvasiljevic/tt-metal/tt_metal/hw/inc/internal/tt-1xx/blackhole/blackhole_defines -I/home/mvasiljevic/tt-metal/tt_metal/hw/inc/internal/tt-1xx/blackhole/noc -I/home/mvasiljevic/tt-metal/tt_metal/tt-llk/tt_llk_blackhole/common/inc -I/home/mvasiljevic/tt-metal/tt_metal/tt-llk/tt_llk_blackhole/llk_lib -I/home/mvasiljevic/tt-metal/tt_metal/hw/firmware/src/tt-1xx -I/home/mvasiljevic/tt-metal/ttnn/cpp/ttnn/operations/data_movement/sharded/device/kernels/dataflow -c -o /home/mvasiljevic/.cache/tt-metal-cache/9843948281834973358/kernels/reader_unary_sharded_blocks_interleaved_start_id/9321611796233229108/ncrisc/ncrisck.7909615136162557968.o /home/mvasiljevic/tt-metal/tt_metal/hw/firmware/src/tt-1xx/ncrisck.cc -MF /home/mvasiljevic/.cache/tt-metal-cache/9843948281834973358/kernels/reader_unary_sharded_blocks_interleaved_start_id/9321611796233229108/ncrisc/ncrisck.7909615136162557968.d -DIS_NOT_POW2_NUM_L1_BANKS=1 -DLOG_BASE_2_OF_NUM_DRAM_BANKS=3 -DNUM_DRAM_BANKS=8 -DNUM_L1_BANKS=110 -DPCIE_NOC_X=19 -DPCIE_NOC_Y=24 -DTENSIX_FIRMWARE -DLOCAL_MEM_EN=0 -DPROFILE_KERNEL=1 -DPROFILER_FULL_HOST_BUFFER_SIZE_PER_RISC=960000 -DPROCESSOR_INDEX=1 -DCOMPILE_FOR_NCRISC -DARCH_BLACKHOLE -DDISPATCH_MESSAGE_ADDR=4290184248 -DKERNEL_BUILD -DFULL_KERNEL_NAME="\"reader_unary_sharded_blocks_interleaved_start_id/9321611796233229108/\"" -DNOC_INDEX='0' -DNOC_MODE='0' -DKERNEL_COMPILE_TIME_ARGS=0,32,0,2048 
In file included from /home/mvasiljevic/tt-metal/tt_metal/hw/inc/api/dataflow/dataflow_api.h:27,
                 from /home/mvasiljevic/tt-metal/tt_metal/hw/inc/internal/firmware_common.h:24,
                 from /home/mvasiljevic/tt-metal/tt_metal/hw/firmware/src/tt-1xx/ncrisck.cc:17:
/home/mvasiljevic/tt-metal/tt_metal/tools/profiler/kernel_profiler.hpp: In function 'void kernel_profiler::quick_push()':
/home/mvasiljevic/tt-metal/tt_metal/tools/profiler/kernel_profiler.hpp:25:22: note: '#pragma message: PROFILER-NOC-QUICK-PUSH,/home/mvasiljevic/tt-metal/tt_metal/tools/profiler/kernel_profiler.hpp,395,KERNEL_PROFILER'
   25 | #define DO_PRAGMA(x) _Pragma(#x)
      |                      ^~~~~~~
/home/mvasiljevic/tt-metal/tt_metal/tools/profiler/kernel_profiler.hpp:35:5: note: in expansion of macro 'DO_PRAGMA'
   35 |     DO_PRAGMA(message(PROFILER_MSG_NAME(name))); \
      |     ^~~~~~~~~
/home/mvasiljevic/tt-metal/tt_metal/tools/profiler/kernel_profiler.hpp:395:5: note: in expansion of macro 'SrcLocNameToHash'
  395 |     SrcLocNameToHash("PROFILER-NOC-QUICK-PUSH");
      |     ^~~~~~~~~~~~~~~~
/home/mvasiljevic/tt-metal/tt_metal/hw/firmware/src/tt-1xx/ncrisck.cc: In function 'uint32_t _start()':
/home/mvasiljevic/tt-metal/tt_metal/tools/profiler/kernel_profiler.hpp:25:22: note: '#pragma message: NCRISC-KERNEL,/home/mvasiljevic/tt-metal/tt_metal/hw/firmware/src/tt-1xx/ncrisck.cc,69,KERNEL_PROFILER'
   25 | #define DO_PRAGMA(x) _Pragma(#x)
      |                      ^~~~~~~
/home/mvasiljevic/tt-metal/tt_metal/tools/profiler/kernel_profiler.hpp:702:5: note: in expansion of macro 'DO_PRAGMA'
  702 |     DO_PRAGMA(message(PROFILER_MSG_NAME(name)));                               \
      |     ^~~~~~~~~
/home/mvasiljevic/tt-metal/tt_metal/hw/firmware/src/tt-1xx/ncrisck.cc:69:5: note: in expansion of macro 'DeviceZoneScopedMainChildN'
   69 |     DeviceZoneScopedMainChildN("NCRISC-KERNEL");
      |     ^~~~~~~~~~~~~~~~~~~~~~~~~~
2026-08-03 07:00:26.006 | INFO     | tracy:signpost:49 - PERF_DECODE
2026-08-03 07:00:26.007 | INFO     | tracy:signpost:49 - PERF_DECODE_END
2026-08-03 07:00:32.058 | info     |           Metal | Device kernel duration perf summary (device=3): count=13110, min=639ns, avg=13182.7ns, max=474777ns (profiler_analysis.cpp:675)
2026-08-03 07:00:32.058 | info     |           Metal | Device kernel duration perf histogram (device=3): (buckets=10, bucket_size=47500ns, range=[0..475000), underflow(<0ns)=0, overflow(>=475000ns)=0) (profiler_analysis.cpp:718)
2026-08-03 07:00:32.058 | info     |           Metal |   [           0 ..        47500) |########################################|    11792 (profiler_analysis.cpp:723)
2026-08-03 07:00:32.058 | info     |           Metal |   [       47500 ..        95000) |####                                    |     1048 (profiler_analysis.cpp:723)
2026-08-03 07:00:32.058 | info     |           Metal |   [       95000 ..       142500) |#                                       |      263 (profiler_analysis.cpp:723)
2026-08-03 07:00:32.058 | info     |           Metal |   [      142500 ..       190000) |                                        |        3 (profiler_analysis.cpp:723)
2026-08-03 07:00:32.058 | info     |           Metal |   [      190000 ..       237500) |                                        |        0 (profiler_analysis.cpp:723)
2026-08-03 07:00:32.058 | info     |           Metal |   [      237500 ..       285000) |                                        |        0 (profiler_analysis.cpp:723)
2026-08-03 07:00:32.058 | info     |           Metal |   [      285000 ..       332500) |                                        |        2 (profiler_analysis.cpp:723)
2026-08-03 07:00:32.058 | info     |           Metal |   [      332500 ..       380000) |                                        |        1 (profiler_analysis.cpp:723)
2026-08-03 07:00:32.058 | info     |           Metal |   [      380000 ..       427500) |                                        |        0 (profiler_analysis.cpp:723)
2026-08-03 07:00:32.058 | info     |           Metal |   [      427500 ..       475000) |                                        |        1 (profiler_analysis.cpp:723)
rope_l1_query_key_profile: median 0.771027 ms over 5 blocks of 50 (+10 warm-up), floor 1.665 us (0.216 %) -> models/autoports/microsoft_phi_3_5_mini_instruct/doc/advisor_challenger/measurements/rope_l1_query_key_profile.json
   next: bound tt-perf-report with --start-signpost PERF_DECODE --end-signpost PERF_DECODE_END, then reconcile.py --incumbent this file. A candidate goes in a FRESH process.
nanobind: leaked 1 instances!
 - leaked instance 0x77a0b6b02538 of type "ttnn._ttnn.tensor.CoreRangeSet"
nanobind: leaked 14 types!
 - leaked type "ttnn._ttnn.operations.matmul.MatmulMultiCoreReuseMultiCast1DProgramConfig"
 - leaked type "ttnn._ttnn.operations.matmul.MatmulInputs"
 - leaked type "ttnn._ttnn.operations.matmul.MatmulMultiCoreReuseMultiCastBatchedDRAMShardedProgramConfig"
 - leaked type "UnaryOpType"
 - leaked type "ttnn._ttnn.operations.matmul.MatmulMultiCoreReuseOptimizedProgramFactory"
 - leaked type "ttnn._ttnn.operations.matmul.MatmulParams"
 - leaked type "ttnn._ttnn.tensor.CoreRangeSet"
 - leaked type "ttnn._ttnn.operations.matmul.MatmulMultiCoreReuseProgramConfig"
 - leaked type "ttnn._ttnn.operations.matmul.MatmulDeviceOperation"
 - leaked type "ttnn._ttnn.multi_device.MeshDevice"
 - ... skipped remainder
nanobind: leaked 233 functions!
 - leaked function "extract_shard"
 - leaked function "get_layout"
 - leaked function "cpu"
 - leaked function "__repr__"
 - leaked function ""
 - leaked function ""
 - leaked function "set_sub_device_stall_group"
 - leaked function ""
 - leaked function ""
 - leaked function ""
 - ... skipped remainder
nanobind: this is likely caused by a reference counting issue in the binding code.
See https://nanobind.readthedocs.io/en/latest/refleaks.html2026-08-03 07:00:40.473 | info     |    BuildKernels | JIT cache stats: 167/185 hits (90.3%) [167 cached, 22 build-once dedup, 0 merged artifacts, 0 merged genfiles] (build_cache_telemetry.cpp:207)
2026-08-03 07:00:40.473 | info     |    BuildKernels | JIT telemetry: 3 registered TelemetryTokens (build_cache_telemetry.cpp:230)
2026-08-03 07:00:40.493 | info     |          Device | Closing user mode device drivers (tt_cluster.cpp:512)
2026-08-03 07:00:40.493 | info     |             UMD | Closing devices in cluster (cluster.cpp:1037)
2026-08-03 07:00:40.945 | info     |             UMD | Closing devices in cluster completed. (cluster.cpp:1046)
2026-08-03 07:00:40.945 | info     |             UMD | Cluster destructor started. (cluster.cpp:754)
2026-08-03 07:00:40.945 | info     |             UMD | Cluster destructor completed. (cluster.cpp:757)

Timer resolution: 0 ns

Frames: 2
Time span: 21.92 s
Zones: 12,952,593
Elapsed time: 21.71 s
Saving trace... done!
Trace size 107.2 MB (17.14% ratio)
2026-08-03 07:00:42.021 | INFO     | __main__:main:452 - Copying /home/mvasiljevic/tt-metal/generated/profiler/.logs/tracy_profile_log_host.tracy to /home/mvasiljevic/tt-metal/build/profiler/build_wasm/traces/harness_2026_08_03_07_00_42.tracy
2026-08-03 07:00:42.023 | INFO     | __main__:main:455 - Copied /home/mvasiljevic/tt-metal/generated/profiler/.logs/tracy_profile_log_host.tracy to /home/mvasiljevic/tt-metal/build/profiler/build_wasm/traces/harness_2026_08_03_07_00_42.tracy
2026-08-03 07:00:42.023 | INFO     | __main__:main:464 - embed.tracy -> traces/harness_2026_08_03_07_00_42.tracy
2026-08-03 07:00:42.023 | INFO     | tracy.serve_wasm:launch_server_subprocess:284 - Launching tracy web app GUI server subprocess...
2026-08-03 07:00:42.023 | INFO     | tracy.serve_wasm:launch_server_subprocess:287 - Tracy WASM web UI (open in browser): http://localhost:8080/ (WebSocket for live reload: ws://localhost:8081/)
2026-08-03 07:00:42.023 | INFO     | tracy.serve_wasm:launch_server_subprocess:294 - Tracy WASM server already serving port 8080; reusing it (live-reload refreshes the browser).
2026-08-03 07:00:46.710 | INFO     | tracy:generate_report:162 - Host side ops time report generated at models/autoports/microsoft_phi_3_5_mini_instruct/doc/advisor_challenger/profiles/winner/.logs/tracy_ops_times.csv
2026-08-03 07:00:46.879 | INFO     | tracy:generate_report:173 - Host side ops data report generated at models/autoports/microsoft_phi_3_5_mini_instruct/doc/advisor_challenger/profiles/winner/.logs/tracy_ops_data.csv
2026-08-03 07:00:46.879 | INFO     | tracy.process_ops_logs:import_tracy_op_logs:345 - Importing ops logs
/home/mvasiljevic/tt-metal/tools/tracy/process_ops_logs.py:450: DtypeWarning: Columns (3,4,8) have mixed types. Specify dtype option on import or set low_memory=False.
  df = pd.read_csv(tracyOpTimesLog)
2026-08-03 07:01:03.877 | INFO     | tracy.perf_counter_analysis:get_device_op_data:2140 - Getting device ops
2026-08-03 07:01:03.877 | INFO     | tracy.process_ops_logs:append_device_data:1009 - Appending device data
2026-08-03 07:01:22.371 | INFO     | tracy.process_ops_logs:generate_reports:1342 - OPs' perf analysis is finished! Generating reports ...
2026-08-03 07:01:22.371 | INFO     | tracy.process_ops_logs:generate_reports:1360 - Copying runtime artifacts
2026-08-03 07:01:22.942 | INFO     | tracy.process_ops_logs:generate_reports:1369 - Generating OPs CSV
2026-08-03 07:01:26.597 | INFO     | tracy.process_ops_logs:generate_reports:1765 - OPs csv generated at: /home/mvasiljevic/tt-metal/models/autoports/microsoft_phi_3_5_mini_instruct/doc/advisor_challenger/profiles/winner/reports/2026_08_03_07_01_22/ops_perf_results_2026_08_03_07_01_22.csv
