Script started on 2026-07-29 14:30:39+00:00 [COMMAND="pytest -q -s models/autoports/microsoft_phi_3_5_mini_instruct/tests/test_fused_decoder_full.py -k 'real_weight_paged_prefill_and_decode or decode_trace_replay_is_deterministic'" <not executed on terminal>]
[32m2026-07-29 14:30:41.579[0m | [34m[1mDEBUG   [0m | [36mttnn[0m:[36m<module>[0m:[36m79[0m - [34m[1mInitial ttnn.CONFIG:
Config{cache_path=/home/mvasiljevic/.cache/ttnn,model_cache_path=/home/mvasiljevic/.cache/ttnn/models,tmp_dir=/tmp/ttnn,enable_model_cache=false,enable_fast_runtime_mode=true,throw_exception_on_fallback=false,enable_logging=false,enable_graph_report=false,enable_graph_python_stack_traces=false,enable_detailed_buffer_report=false,enable_detailed_tensor_report=false,enable_comparison_mode=false,comparison_mode_should_raise_exception=false,comparison_mode_pcc=0.9999,root_report_path=generated/ttnn/reports,report_name=std::nullopt,std::nullopt}[0m
============================= test session starts ==============================
platform linux -- Python 3.12.13, pytest-9.0.3, pluggy-1.6.0 -- /home/mvasiljevic/tt-metal/python_env/bin/python3
cachedir: .pytest_cache
benchmark: 5.2.3 (defaults: timer=time.perf_counter disable_gc=False min_rounds=5 min_time=0.000005 max_time=1.0 calibration_precision=10 warmup=False warmup_iterations=100000)
rootdir: /home/mvasiljevic/tt-metal
configfile: pytest.ini
plugins: github-actions-annotate-failures-0.3.0, anyio-4.14.2, dash-2.15.0, split-0.11.0, timeout-2.4.0, benchmark-5.2.3, cov-7.0.0
timeout: 300.0s
timeout method: signal
timeout func_only: False
collecting ... collecting 18 items                                                            collected 18 items / 15 deselected / 3 selected

models/autoports/microsoft_phi_3_5_mini_instruct/tests/test_fused_decoder_full.py::test_real_weight_paged_prefill_and_decode[blackhole-mesh_device0] [90m2026-07-29 14:30:43.195[0m | [32minfo    [m | [35m         Device[0m | [37mOpening user mode device driver[0m [90m(tt_cluster.cpp:228)[0m
[90m2026-07-29 14:30:43.195[0m | [32minfo    [m | [35m            UMD[0m | [37mCluster constructor started.[0m [90m(cluster.cpp:348)[0m
[90m2026-07-29 14:30:43.195[0m | [32minfo    [m | [35m            UMD[0m | [37mCreating TopologyDiscovery for architecture: blackhole[0m [90m(topology_discovery.cpp:91)[0m
[90m2026-07-29 14:30:43.195[0m | [32minfo    [m | [35m            UMD[0m | [37mStarting topology discovery.[0m [90m(topology_discovery.cpp:110)[0m
[90m2026-07-29 14:30:43.196[0m | [32minfo    [m | [35m            UMD[0m | [37mEstablished firmware bundle version: 19.8.0[0m [90m(topology_discovery.cpp:569)[0m
[90m2026-07-29 14:30:43.196[0m | [32minfo    [m | [35m            UMD[0m | [37mFirmware bundle version 19.8.0 on the system is newer than the latest fully tested version 19.5.0 for blackhole architecture. Newest features may not be supported.[0m [90m(topology_discovery.cpp:601)[0m
[90m2026-07-29 14:30:43.200[0m | [32minfo    [m | [35m            UMD[0m | [37mCompleted topology discovery.[0m [90m(topology_discovery.cpp:114)[0m
[90m2026-07-29 14:30:43.423[0m | [32minfo    [m | [35m            UMD[0m | [37mOpening local chip ids/PCIe ids: {0, 1, 2, 3}/[0, 1, 2, 3] and remote chip ids {}[0m [90m(cluster.cpp:168)[0m
[90m2026-07-29 14:30:43.423[0m | [32minfo    [m | [35m            UMD[0m | [37mIOMMU: enabled[0m [90m(cluster.cpp:142)[0m
[90m2026-07-29 14:30:43.423[0m | [32minfo    [m | [35m            UMD[0m | [37mKMD version: 2.8.0[0m [90m(cluster.cpp:145)[0m
[90m2026-07-29 14:30:43.423[0m | [32minfo    [m | [35m            UMD[0m | [37mCluster constructor completed.[0m [90m(cluster.cpp:520)[0m
[90m2026-07-29 14:30:43.424[0m | [32minfo    [m | [35m            UMD[0m | [37mStarting devices in cluster[0m [90m(cluster.cpp:1024)[0m
[90m2026-07-29 14:30:43.711[0m | [32minfo    [m | [35m            UMD[0m | [37mStarting devices in cluster completed.[0m [90m(cluster.cpp:1032)[0m
[32m2026-07-29 14:30:43.843[0m | [34m[1mDEBUG   [0m | [36mttnn.device[0m:[36m__init__[0m:[36m152[0m - [34m[1mUsing default dispatch core type for this system: DispatchCoreType.WORKER[0m
[32m2026-07-29 14:30:43.843[0m | [34m[1mDEBUG   [0m | [36mttnn.device[0m:[36m__init__[0m:[36m154[0m - [34m[1mUsing default dispatch core axis for this system: DispatchCoreAxis.COL[0m
[90m2026-07-29 14:30:43.843[0m | [32minfo    [m | [35m    Distributed[0m | [37mUsing auto discovery to generate mesh graph.[0m [90m(metal_env.cpp:367)[0m
[90m2026-07-29 14:30:43.843[0m | [32minfo    [m | [35m    Distributed[0m | [37mConstructing control plane using auto-discovery (no mesh graph descriptor).[0m [90m(metal_env.cpp:429)[0m
[90m2026-07-29 14:30:43.843[0m | [33m[1mwarning [m | [35m         Always[0m | [37mUnknown motherboard 'B850M-C' for chip_id=0 (bus_id=0x1) — falling back to bus_id as tray_id. Add this motherboard and its bus IDs to mobo_to_bus_ids in physical_system_discovery.cpp.[0m [90m(physical_system_discovery.cpp:89)[0m
[90m2026-07-29 14:30:43.843[0m | [33m[1mwarning [m | [35m         Always[0m | [37mUnknown motherboard 'B850M-C' for chip_id=1 (bus_id=0x2) — falling back to bus_id as tray_id. Add this motherboard and its bus IDs to mobo_to_bus_ids in physical_system_discovery.cpp.[0m [90m(physical_system_discovery.cpp:89)[0m
[90m2026-07-29 14:30:43.843[0m | [33m[1mwarning [m | [35m         Always[0m | [37mUnknown motherboard 'B850M-C' for chip_id=2 (bus_id=0x3) — falling back to bus_id as tray_id. Add this motherboard and its bus IDs to mobo_to_bus_ids in physical_system_discovery.cpp.[0m [90m(physical_system_discovery.cpp:89)[0m
[90m2026-07-29 14:30:43.843[0m | [33m[1mwarning [m | [35m         Always[0m | [37mUnknown motherboard 'B850M-C' for chip_id=3 (bus_id=0x4) — falling back to bus_id as tray_id. Add this motherboard and its bus IDs to mobo_to_bus_ids in physical_system_discovery.cpp.[0m [90m(physical_system_discovery.cpp:89)[0m
[90m2026-07-29 14:30:43.843[0m | [33m[1mwarning [m | [35m         Always[0m | [37mUnknown motherboard 'B850M-C' for chip_id=1 (bus_id=0x2) — falling back to bus_id as tray_id. Add this motherboard and its bus IDs to mobo_to_bus_ids in physical_system_discovery.cpp.[0m [90m(physical_system_discovery.cpp:89)[0m
[90m2026-07-29 14:30:43.843[0m | [33m[1mwarning [m | [35m         Always[0m | [37mUnknown motherboard 'B850M-C' for chip_id=2 (bus_id=0x3) — falling back to bus_id as tray_id. Add this motherboard and its bus IDs to mobo_to_bus_ids in physical_system_discovery.cpp.[0m [90m(physical_system_discovery.cpp:89)[0m
[90m2026-07-29 14:30:43.843[0m | [33m[1mwarning [m | [35m         Always[0m | [37mUnknown motherboard 'B850M-C' for chip_id=0 (bus_id=0x1) — falling back to bus_id as tray_id. Add this motherboard and its bus IDs to mobo_to_bus_ids in physical_system_discovery.cpp.[0m [90m(physical_system_discovery.cpp:89)[0m
[90m2026-07-29 14:30:43.843[0m | [33m[1mwarning [m | [35m         Always[0m | [37mUnknown motherboard 'B850M-C' for chip_id=3 (bus_id=0x4) — falling back to bus_id as tray_id. Add this motherboard and its bus IDs to mobo_to_bus_ids in physical_system_discovery.cpp.[0m [90m(physical_system_discovery.cpp:89)[0m
[90m2026-07-29 14:30:43.843[0m | [32minfo    [m | [35m         Fabric[0m | [37mLogical multi-mesh adjacency: intermesh degree histogram {0:1}; intra-mesh degree histograms mesh0 {1:2, 2:2}[0m [90m(topology_mapper_utils.cpp:2342)[0m
[90m2026-07-29 14:30:43.843[0m | [32minfo    [m | [35m         Fabric[0m | [37mPhysical multi-mesh adjacency: intermesh degree histogram {0:1}; intra-mesh degree histograms mesh0 {1:2, 2:2}[0m [90m(topology_mapper_utils.cpp:2350)[0m
[90m2026-07-29 14:30:43.895[0m | [32minfo    [m | [35m      LLRuntime[0m | [37mWatcher log file: /home/mvasiljevic/tt-metal/models/autoports/microsoft_phi_3_5_mini_instruct/doc/fused_decoder/watcher/generated/watcher/watcher.log[0m [90m(watcher_server.cpp:286)[0m
[90m2026-07-29 14:30:43.895[0m | [32minfo    [m | [35m      LLRuntime[0m | [37mWatcher attached device 0[0m [90m(watcher_server.cpp:132)[0m
[90m2026-07-29 14:30:43.895[0m | [32minfo    [m | [35m      LLRuntime[0m | [37mWatcher attached device 1[0m [90m(watcher_server.cpp:132)[0m
[90m2026-07-29 14:30:43.895[0m | [32minfo    [m | [35m      LLRuntime[0m | [37mWatcher attached device 2[0m [90m(watcher_server.cpp:132)[0m
[90m2026-07-29 14:30:43.895[0m | [32minfo    [m | [35m      LLRuntime[0m | [37mWatcher attached device 3[0m [90m(watcher_server.cpp:132)[0m
[90m2026-07-29 14:30:43.895[0m | [32minfo    [m | [35m      LLRuntime[0m | [37mWatcher server initialized, disabled features: None[0m [90m(watcher_server.cpp:547)[0m
[90m2026-07-29 14:30:43.895[0m | [32minfo    [m | [35m          Metal[0m | [37mWatcher checking device 0[0m [90m(watcher_device_reader.cpp:393)[0m
[90m2026-07-29 14:30:43.895[0m | [33m[1mwarning [m | [35m          Metal[0m | [37mOpening subset of mmio devices slows down UMD read/write to remote chips. If opening more devices, consider using CreateDevices API.[0m [90m(device_manager.cpp:261)[0m
[90m2026-07-29 14:30:43.899[0m | [32minfo    [m | [35m          Metal[0m | [37mWatcher checking device 1[0m [90m(watcher_device_reader.cpp:393)[0m
[90m2026-07-29 14:30:43.903[0m | [32minfo    [m | [35m          Metal[0m | [37mWatcher checking device 2[0m [90m(watcher_device_reader.cpp:393)[0m
[90m2026-07-29 14:30:43.907[0m | [32minfo    [m | [35m          Metal[0m | [37mWatcher checking device 3[0m [90m(watcher_device_reader.cpp:393)[0m
[90m2026-07-29 14:30:43.950[0m | [32minfo    [m | [35m          Metal[0m | [37mShmResourceTracker: removed orphaned shm '/tt_device_154095681929601_memory'[0m [90m(shm_resource_tracker.cpp:282)[0m
[90m2026-07-29 14:30:44.528[0m | [32minfo    [m | [35m          Metal[0m | [37m[Real-time profiler] Device 2 sync complete: 100 samples, frequency=1.349981 GHz, device_time_at_sync=18935965225079 cycles[0m [90m(realtime_profiler_manager.cpp:1127)[0m
[32m2026-07-29 14:30:44.543[0m | [34m[1mDEBUG   [0m | [36mconftest[0m:[36mmesh_device[0m:[36m599[0m - [34m[1mmultidevice with 1 devices is created[0m
[transformers] This model config has set a `rope_parameters['original_max_position_embeddings']` field, to be used together with `max_position_embeddings` to determine a scaling factor. Please set the `factor` field of `rope_parameters`with this ratio instead -- we recommend the use of this field over `original_max_position_embeddings`, as it is compatible with most model architectures.
PCC_RESULT path=manual-reference-vs-hf-layer threshold=0.995 0.9996174447182649
REAL_WEIGHT_STATS key=model.layers.0.input_layernorm.weight shape=(3072,) mean=0.00829245 std=0.02295496 min=-0.00537109 max=0.50000000
REAL_WEIGHT_STATS key=model.layers.0.mlp.down_proj.weight shape=(3072, 8192) mean=0.00000275 std=0.03603584 min=-0.95703125 max=0.92578125
REAL_WEIGHT_STATS key=model.layers.0.mlp.gate_up_proj.weight shape=(16384, 3072) mean=-0.00001401 std=0.03248470 min=-0.75000000 max=0.76171875
REAL_WEIGHT_STATS key=model.layers.0.post_attention_layernorm.weight shape=(3072,) mean=0.03923744 std=0.00945584 min=-0.00494385 max=0.33007812
REAL_WEIGHT_STATS key=model.layers.0.self_attn.o_proj.weight shape=(3072, 3072) mean=-0.00000081 std=0.01751270 min=-0.89062500 max=0.94140625
REAL_WEIGHT_STATS key=model.layers.0.self_attn.qkv_proj.weight shape=(9216, 3072) mean=0.00000262 std=0.02379715 min=-1.46093750 max=2.21875000
PCC_RESULT path=real-prefill-33 threshold=0.995 0.9999910684625833
PCC_RESULT path=real-decode-33 threshold=0.995 0.9999950638864286
PASSED
models/autoports/microsoft_phi_3_5_mini_instruct/tests/test_fused_decoder_full.py::test_decode_trace_replay_is_deterministic[blackhole-1-mesh_device0] [32m2026-07-29 14:30:46.556[0m | [34m[1mDEBUG   [0m | [36mttnn.device[0m:[36m__init__[0m:[36m152[0m - [34m[1mUsing default dispatch core type for this system: DispatchCoreType.WORKER[0m
[32m2026-07-29 14:30:46.556[0m | [34m[1mDEBUG   [0m | [36mttnn.device[0m:[36m__init__[0m:[36m154[0m - [34m[1mUsing default dispatch core axis for this system: DispatchCoreAxis.COL[0m
[90m2026-07-29 14:30:46.556[0m | [32minfo    [m | [35m      LLRuntime[0m | [37mWatcher thread stopped watching...[0m [90m(watcher_server.cpp:595)[0m
[90m2026-07-29 14:30:46.556[0m | [32minfo    [m | [35m      LLRuntime[0m | [37mWatcher detached device 0[0m [90m(watcher_server.cpp:181)[0m
[90m2026-07-29 14:30:46.557[0m | [32minfo    [m | [35m      LLRuntime[0m | [37mWatcher detached device 1[0m [90m(watcher_server.cpp:181)[0m
[90m2026-07-29 14:30:46.557[0m | [32minfo    [m | [35m      LLRuntime[0m | [37mWatcher detached device 2[0m [90m(watcher_server.cpp:181)[0m
[90m2026-07-29 14:30:46.557[0m | [32minfo    [m | [35m      LLRuntime[0m | [37mWatcher detached device 3[0m [90m(watcher_server.cpp:181)[0m
[90m2026-07-29 14:30:46.613[0m | [32minfo    [m | [35m      LLRuntime[0m | [37mWatcher log file: /home/mvasiljevic/tt-metal/models/autoports/microsoft_phi_3_5_mini_instruct/doc/fused_decoder/watcher/generated/watcher/watcher.log[0m [90m(watcher_server.cpp:286)[0m
[90m2026-07-29 14:30:46.613[0m | [32minfo    [m | [35m      LLRuntime[0m | [37mWatcher attached device 0[0m [90m(watcher_server.cpp:132)[0m
[90m2026-07-29 14:30:46.613[0m | [32minfo    [m | [35m      LLRuntime[0m | [37mWatcher attached device 1[0m [90m(watcher_server.cpp:132)[0m
[90m2026-07-29 14:30:46.613[0m | [32minfo    [m | [35m      LLRuntime[0m | [37mWatcher attached device 2[0m [90m(watcher_server.cpp:132)[0m
[90m2026-07-29 14:30:46.613[0m | [32minfo    [m | [35m      LLRuntime[0m | [37mWatcher attached device 3[0m [90m(watcher_server.cpp:132)[0m
[90m2026-07-29 14:30:46.614[0m | [32minfo    [m | [35m      LLRuntime[0m | [37mWatcher server initialized, disabled features: None[0m [90m(watcher_server.cpp:547)[0m
[90m2026-07-29 14:30:46.614[0m | [32minfo    [m | [35m          Metal[0m | [37mWatcher checking device 0[0m [90m(watcher_device_reader.cpp:393)[0m
[90m2026-07-29 14:30:46.614[0m | [33m[1mwarning [m | [35m          Metal[0m | [37mOpening subset of mmio devices slows down UMD read/write to remote chips. If opening more devices, consider using CreateDevices API.[0m [90m(device_manager.cpp:261)[0m
[90m2026-07-29 14:30:46.618[0m | [32minfo    [m | [35m          Metal[0m | [37mWatcher checking device 1[0m [90m(watcher_device_reader.cpp:393)[0m
[90m2026-07-29 14:30:46.622[0m | [32minfo    [m | [35m          Metal[0m | [37mWatcher checking device 2[0m [90m(watcher_device_reader.cpp:393)[0m
[90m2026-07-29 14:30:46.626[0m | [32minfo    [m | [35m          Metal[0m | [37mWatcher checking device 3[0m [90m(watcher_device_reader.cpp:393)[0m
[32m2026-07-29 14:30:46.670[0m | [34m[1mDEBUG   [0m | [36mconftest[0m:[36mmesh_device[0m:[36m599[0m - [34m[1mmultidevice with 1 devices is created[0m
TRACE_PAIR label=batch1:capture-R1 metrics={'equal': False, 'mismatch_count': 3072, 'max_abs_diff': 3.6711349487304688, 'mean_abs_diff': 0.7828391194343567, 'finite': True, 'pcc_passed_0.999999': False} pcc=0.005740961533316231
TRACE_PAIR label=batch1:capture-R2 metrics={'equal': False, 'mismatch_count': 3072, 'max_abs_diff': 3.6711349487304688, 'mean_abs_diff': 0.7828391194343567, 'finite': True, 'pcc_passed_0.999999': False} pcc=0.005740961533316231
TRACE_PAIR label=batch1:capture-R3 metrics={'equal': False, 'mismatch_count': 3072, 'max_abs_diff': 3.6711349487304688, 'mean_abs_diff': 0.7828391194343567, 'finite': True, 'pcc_passed_0.999999': False} pcc=0.005740961533316231
TRACE_PAIR label=batch1:R1-R2 metrics={'equal': True, 'mismatch_count': 0, 'max_abs_diff': 0.0, 'mean_abs_diff': 0.0, 'finite': True, 'pcc_passed_0.999999': True} pcc=1.0
TRACE_PAIR label=batch1:R1-R3 metrics={'equal': True, 'mismatch_count': 0, 'max_abs_diff': 0.0, 'mean_abs_diff': 0.0, 'finite': True, 'pcc_passed_0.999999': True} pcc=1.0
TRACE_PAIR label=batch1:R2-R3 metrics={'equal': True, 'mismatch_count': 0, 'max_abs_diff': 0.0, 'mean_abs_diff': 0.0, 'finite': True, 'pcc_passed_0.999999': True} pcc=1.0
TRACE_PAIR label=batch1:E1-E2 metrics={'equal': True, 'mismatch_count': 0, 'max_abs_diff': 0.0, 'mean_abs_diff': 0.0, 'finite': True, 'pcc_passed_0.999999': True} pcc=1.0
TRACE_PAIR label=batch1:E1-E3 metrics={'equal': True, 'mismatch_count': 0, 'max_abs_diff': 0.0, 'mean_abs_diff': 0.0, 'finite': True, 'pcc_passed_0.999999': True} pcc=1.0
TRACE_PAIR label=batch1:E2-E3 metrics={'equal': True, 'mismatch_count': 0, 'max_abs_diff': 0.0, 'mean_abs_diff': 0.0, 'finite': True, 'pcc_passed_0.999999': True} pcc=1.0
TRACE_PAIR label=batch1:R1-E1 metrics={'equal': True, 'mismatch_count': 0, 'max_abs_diff': 0.0, 'mean_abs_diff': 0.0, 'finite': True, 'pcc_passed_0.999999': True} pcc=1.0
PCC_RESULT path=trace-decode-reference-batch1 threshold=0.995 0.9999991243193912
TRACE_RESULT batch=1 replays=3 eager_runs=3 bitwise_deterministic=true
PASSED
models/autoports/microsoft_phi_3_5_mini_instruct/tests/test_fused_decoder_full.py::test_decode_trace_replay_is_deterministic[blackhole-32-mesh_device0] [32m2026-07-29 14:30:48.085[0m | [34m[1mDEBUG   [0m | [36mttnn.device[0m:[36m__init__[0m:[36m152[0m - [34m[1mUsing default dispatch core type for this system: DispatchCoreType.WORKER[0m
[32m2026-07-29 14:30:48.085[0m | [34m[1mDEBUG   [0m | [36mttnn.device[0m:[36m__init__[0m:[36m154[0m - [34m[1mUsing default dispatch core axis for this system: DispatchCoreAxis.COL[0m
[90m2026-07-29 14:30:48.085[0m | [32minfo    [m | [35m      LLRuntime[0m | [37mWatcher thread stopped watching...[0m [90m(watcher_server.cpp:595)[0m
[90m2026-07-29 14:30:48.085[0m | [32minfo    [m | [35m      LLRuntime[0m | [37mWatcher detached device 0[0m [90m(watcher_server.cpp:181)[0m
[90m2026-07-29 14:30:48.085[0m | [32minfo    [m | [35m      LLRuntime[0m | [37mWatcher detached device 1[0m [90m(watcher_server.cpp:181)[0m
[90m2026-07-29 14:30:48.085[0m | [32minfo    [m | [35m      LLRuntime[0m | [37mWatcher detached device 2[0m [90m(watcher_server.cpp:181)[0m
[90m2026-07-29 14:30:48.085[0m | [32minfo    [m | [35m      LLRuntime[0m | [37mWatcher detached device 3[0m [90m(watcher_server.cpp:181)[0m
[90m2026-07-29 14:30:48.142[0m | [32minfo    [m | [35m      LLRuntime[0m | [37mWatcher log file: /home/mvasiljevic/tt-metal/models/autoports/microsoft_phi_3_5_mini_instruct/doc/fused_decoder/watcher/generated/watcher/watcher.log[0m [90m(watcher_server.cpp:286)[0m
[90m2026-07-29 14:30:48.142[0m | [32minfo    [m | [35m      LLRuntime[0m | [37mWatcher attached device 0[0m [90m(watcher_server.cpp:132)[0m
[90m2026-07-29 14:30:48.142[0m | [32minfo    [m | [35m      LLRuntime[0m | [37mWatcher attached device 1[0m [90m(watcher_server.cpp:132)[0m
[90m2026-07-29 14:30:48.142[0m | [32minfo    [m | [35m      LLRuntime[0m | [37mWatcher attached device 2[0m [90m(watcher_server.cpp:132)[0m
[90m2026-07-29 14:30:48.142[0m | [32minfo    [m | [35m      LLRuntime[0m | [37mWatcher attached device 3[0m [90m(watcher_server.cpp:132)[0m
[90m2026-07-29 14:30:48.142[0m | [32minfo    [m | [35m      LLRuntime[0m | [37mWatcher server initialized, disabled features: None[0m [90m(watcher_server.cpp:547)[0m
[90m2026-07-29 14:30:48.142[0m | [32minfo    [m | [35m          Metal[0m | [37mWatcher checking device 0[0m [90m(watcher_device_reader.cpp:393)[0m
[90m2026-07-29 14:30:48.142[0m | [33m[1mwarning [m | [35m          Metal[0m | [37mOpening subset of mmio devices slows down UMD read/write to remote chips. If opening more devices, consider using CreateDevices API.[0m [90m(device_manager.cpp:261)[0m
[90m2026-07-29 14:30:48.147[0m | [32minfo    [m | [35m          Metal[0m | [37mWatcher checking device 1[0m [90m(watcher_device_reader.cpp:393)[0m
[90m2026-07-29 14:30:48.151[0m | [32minfo    [m | [35m          Metal[0m | [37mWatcher checking device 2[0m [90m(watcher_device_reader.cpp:393)[0m
[90m2026-07-29 14:30:48.155[0m | [32minfo    [m | [35m          Metal[0m | [37mWatcher checking device 3[0m [90m(watcher_device_reader.cpp:393)[0m
[32m2026-07-29 14:30:48.198[0m | [34m[1mDEBUG   [0m | [36mconftest[0m:[36mmesh_device[0m:[36m599[0m - [34m[1mmultidevice with 1 devices is created[0m
TRACE_PAIR label=batch32:capture-R1 metrics={'equal': False, 'mismatch_count': 98303, 'max_abs_diff': 4.47686767578125, 'mean_abs_diff': 0.8002986907958984, 'finite': True, 'pcc_passed_0.999999': False} pcc=0.005260612268860837
TRACE_PAIR label=batch32:capture-R2 metrics={'equal': False, 'mismatch_count': 98303, 'max_abs_diff': 4.47686767578125, 'mean_abs_diff': 0.8002986907958984, 'finite': True, 'pcc_passed_0.999999': False} pcc=0.005260612268860837
TRACE_PAIR label=batch32:capture-R3 metrics={'equal': False, 'mismatch_count': 98303, 'max_abs_diff': 4.47686767578125, 'mean_abs_diff': 0.8002986907958984, 'finite': True, 'pcc_passed_0.999999': False} pcc=0.005260612268860837
TRACE_PAIR label=batch32:R1-R2 metrics={'equal': True, 'mismatch_count': 0, 'max_abs_diff': 0.0, 'mean_abs_diff': 0.0, 'finite': True, 'pcc_passed_0.999999': True} pcc=1.0
TRACE_PAIR label=batch32:R1-R3 metrics={'equal': True, 'mismatch_count': 0, 'max_abs_diff': 0.0, 'mean_abs_diff': 0.0, 'finite': True, 'pcc_passed_0.999999': True} pcc=1.0
TRACE_PAIR label=batch32:R2-R3 metrics={'equal': True, 'mismatch_count': 0, 'max_abs_diff': 0.0, 'mean_abs_diff': 0.0, 'finite': True, 'pcc_passed_0.999999': True} pcc=1.0
TRACE_PAIR label=batch32:E1-E2 metrics={'equal': True, 'mismatch_count': 0, 'max_abs_diff': 0.0, 'mean_abs_diff': 0.0, 'finite': True, 'pcc_passed_0.999999': True} pcc=1.0
TRACE_PAIR label=batch32:E1-E3 metrics={'equal': True, 'mismatch_count': 0, 'max_abs_diff': 0.0, 'mean_abs_diff': 0.0, 'finite': True, 'pcc_passed_0.999999': True} pcc=1.0
TRACE_PAIR label=batch32:E2-E3 metrics={'equal': True, 'mismatch_count': 0, 'max_abs_diff': 0.0, 'mean_abs_diff': 0.0, 'finite': True, 'pcc_passed_0.999999': True} pcc=1.0
TRACE_PAIR label=batch32:R1-E1 metrics={'equal': True, 'mismatch_count': 0, 'max_abs_diff': 0.0, 'mean_abs_diff': 0.0, 'finite': True, 'pcc_passed_0.999999': True} pcc=1.0
PCC_RESULT path=trace-decode-reference-batch32 threshold=0.995 0.9999984913262127
TRACE_RESULT batch=32 replays=3 eager_runs=3 bitwise_deterministic=true
PASSED

==================================== PASSES ====================================
- generated xml file: /home/mvasiljevic/tt-metal/generated/test_reports/most_recent_tests.xml -
============================== slowest durations ===============================
1.67s call     models/autoports/microsoft_phi_3_5_mini_instruct/tests/test_fused_decoder_full.py::test_real_weight_paged_prefill_and_decode[blackhole-mesh_device0]
1.56s setup    models/autoports/microsoft_phi_3_5_mini_instruct/tests/test_fused_decoder_full.py::test_real_weight_paged_prefill_and_decode[blackhole-mesh_device0]
1.08s call     models/autoports/microsoft_phi_3_5_mini_instruct/tests/test_fused_decoder_full.py::test_decode_trace_replay_is_deterministic[blackhole-32-mesh_device0]
1.06s call     models/autoports/microsoft_phi_3_5_mini_instruct/tests/test_fused_decoder_full.py::test_decode_trace_replay_is_deterministic[blackhole-1-mesh_device0]
0.33s setup    models/autoports/microsoft_phi_3_5_mini_instruct/tests/test_fused_decoder_full.py::test_decode_trace_replay_is_deterministic[blackhole-1-mesh_device0]
0.33s setup    models/autoports/microsoft_phi_3_5_mini_instruct/tests/test_fused_decoder_full.py::test_decode_trace_replay_is_deterministic[blackhole-32-mesh_device0]
0.13s teardown models/autoports/microsoft_phi_3_5_mini_instruct/tests/test_fused_decoder_full.py::test_decode_trace_replay_is_deterministic[blackhole-1-mesh_device0]
0.13s teardown models/autoports/microsoft_phi_3_5_mini_instruct/tests/test_fused_decoder_full.py::test_decode_trace_replay_is_deterministic[blackhole-32-mesh_device0]
0.13s teardown models/autoports/microsoft_phi_3_5_mini_instruct/tests/test_fused_decoder_full.py::test_real_weight_paged_prefill_and_decode[blackhole-mesh_device0]
=========================== short test summary info ============================
PASSED models/autoports/microsoft_phi_3_5_mini_instruct/tests/test_fused_decoder_full.py::test_real_weight_paged_prefill_and_decode[blackhole-mesh_device0]
PASSED models/autoports/microsoft_phi_3_5_mini_instruct/tests/test_fused_decoder_full.py::test_decode_trace_replay_is_deterministic[blackhole-1-mesh_device0]
PASSED models/autoports/microsoft_phi_3_5_mini_instruct/tests/test_fused_decoder_full.py::test_decode_trace_replay_is_deterministic[blackhole-32-mesh_device0]
======================= 3 passed, 15 deselected in 7.12s =======================
nanobind: leaked 2 instances!
 - leaked instance 0x725da8711ff8 of type "ttnn._ttnn.tensor.CoreRangeSet"
 - leaked instance 0x725da7f80288 of type "ttnn._ttnn.tensor.MemoryConfig"
nanobind: leaked 20 types!
 - leaked type "ttnn._ttnn.operations.matmul.MatmulMultiCoreReuseMultiCast1DProgramConfig"
 - leaked type "ttnn._ttnn.operations.matmul.MatmulInputs"
 - leaked type "ttnn._ttnn.operations.matmul.MatmulMultiCoreReuseMultiCastBatchedDRAMShardedProgramConfig"
 - leaked type "BufferType"
 - leaked type "UnaryOpType"
 - leaked type "Layout"
 - leaked type "ttnn._ttnn.operations.matmul.MatmulMultiCoreReuseOptimizedProgramFactory"
 - leaked type "Arch"
 - leaked type "ttnn._ttnn.operations.matmul.MatmulParams"
 - leaked type "ttnn._ttnn.tensor.CoreRangeSet"
 - ... skipped remainder
nanobind: leaked 247 functions!
 - leaked function ""
 - leaked function "sfpu_eps"
 - leaked function ""
 - leaked function "unpad_from_tile"
 - leaked function "__repr__"
 - leaked function "create_descriptor"
 - leaked function "to_numpy"
 - leaked function ""
 - leaked function ""
 - leaked function ""
 - ... skipped remainder
nanobind: this is likely caused by a reference counting issue in the binding code.
See https://nanobind.readthedocs.io/en/latest/refleaks.html[90m2026-07-29 14:30:51.252[0m | [32minfo    [m | [35m   BuildKernels[0m | [37mJIT cache stats: 229/236 hits (97.0%) [229 cached, 253 build-once dedup, 0 merged artifacts, 0 merged genfiles][0m [90m(build_cache_telemetry.cpp:207)[0m
[90m2026-07-29 14:30:51.252[0m | [32minfo    [m | [35m   BuildKernels[0m | [37mJIT telemetry: 3 registered TelemetryTokens[0m [90m(build_cache_telemetry.cpp:230)[0m
[90m2026-07-29 14:30:51.252[0m | [32minfo    [m | [35m      LLRuntime[0m | [37mWatcher thread stopped watching...[0m [90m(watcher_server.cpp:595)[0m
[90m2026-07-29 14:30:51.252[0m | [32minfo    [m | [35m      LLRuntime[0m | [37mWatcher detached device 0[0m [90m(watcher_server.cpp:181)[0m
[90m2026-07-29 14:30:51.252[0m | [32minfo    [m | [35m      LLRuntime[0m | [37mWatcher detached device 1[0m [90m(watcher_server.cpp:181)[0m
[90m2026-07-29 14:30:51.252[0m | [32minfo    [m | [35m      LLRuntime[0m | [37mWatcher detached device 2[0m [90m(watcher_server.cpp:181)[0m
[90m2026-07-29 14:30:51.252[0m | [32minfo    [m | [35m      LLRuntime[0m | [37mWatcher detached device 3[0m [90m(watcher_server.cpp:181)[0m
[90m2026-07-29 14:30:51.262[0m | [32minfo    [m | [35m         Device[0m | [37mClosing user mode device drivers[0m [90m(tt_cluster.cpp:512)[0m
[90m2026-07-29 14:30:51.262[0m | [32minfo    [m | [35m            UMD[0m | [37mClosing devices in cluster[0m [90m(cluster.cpp:1037)[0m
[90m2026-07-29 14:30:51.743[0m | [32minfo    [m | [35m            UMD[0m | [37mClosing devices in cluster completed.[0m [90m(cluster.cpp:1046)[0m
[90m2026-07-29 14:30:51.743[0m | [32minfo    [m | [35m            UMD[0m | [37mCluster destructor started.[0m [90m(cluster.cpp:754)[0m
[90m2026-07-29 14:30:51.743[0m | [32minfo    [m | [35m            UMD[0m | [37mCluster destructor completed.[0m [90m(cluster.cpp:757)[0m

Script done on 2026-07-29 14:30:51+00:00 [COMMAND_EXIT_CODE="0"]
