2026-08-18 17:42:15.961 | DEBUG    | ttnn:<module>:79 - Initial ttnn.CONFIG:
Config{cache_path=/home/ttuser/.cache/ttnn,model_cache_path=/home/ttuser/.cache/ttnn/models,tmp_dir=/tmp/ttnn,enable_model_cache=false,enable_fast_runtime_mode=true,throw_exception_on_fallback=false,enable_logging=false,enable_graph_report=false,enable_graph_python_stack_traces=false,enable_detailed_buffer_report=false,enable_detailed_tensor_report=false,enable_comparison_mode=false,comparison_mode_should_raise_exception=false,comparison_mode_pcc=0.9999,root_report_path=generated/ttnn/reports,report_name=std::nullopt,std::nullopt}
============================= test session starts ==============================
platform linux -- Python 3.12.12, pytest-9.0.3, pluggy-1.6.0 -- /localdev/vkovacevic/tt-metal/python_env/bin/python3
cachedir: .pytest_cache
benchmark: 5.2.3 (defaults: timer=time.perf_counter disable_gc=False min_rounds=5 min_time=0.000005 max_time=1.0 calibration_precision=10 warmup=False warmup_iterations=100000)
rootdir: /localdev/vkovacevic/tt-metal
configfile: pytest.ini
plugins: timeout-2.4.0, cov-7.0.0, benchmark-5.2.3, anyio-4.14.2, split-0.11.0, dash-2.15.0, github-actions-annotate-failures-0.3.0
timeout: 1000.0s
timeout method: signal
timeout func_only: False
collecting ... collected 19 items / 17 deselected / 2 selected

models/autoports/qwen_qwen3_6_35b_a3b/tests/test_functional_decoder.py::test_context_probe_full_attention_prefill_non_aligned[device_params0] 2026-08-18 17:42:17.960 | info     |          Device | Opening user mode device driver (tt_cluster.cpp:228)
2026-08-18 17:42:17.960 | info     |             UMD | Cluster constructor started. (cluster.cpp:348)
2026-08-18 17:42:17.960 | info     |             UMD | Creating TopologyDiscovery for architecture: blackhole (topology_discovery.cpp:91)
2026-08-18 17:42:17.960 | info     |             UMD | Starting topology discovery. (topology_discovery.cpp:110)
2026-08-18 17:42:17.961 | info     |             UMD | Established firmware bundle version: 19.9.0 (topology_discovery.cpp:569)
2026-08-18 17:42:17.961 | info     |             UMD | Firmware bundle version 19.9.0 on the system is newer than the latest fully tested version 19.5.0 for blackhole architecture. Newest features may not be supported. (topology_discovery.cpp:601)
2026-08-18 17:42:17.966 | info     |             UMD | Completed topology discovery. (topology_discovery.cpp:114)
2026-08-18 17:42:18.189 | info     |             UMD | Opening local chip ids/PCIe ids: {0, 1, 2, 3}/[0, 1, 2, 3] and remote chip ids {} (cluster.cpp:168)
2026-08-18 17:42:18.189 | info     |             UMD | IOMMU: enabled (cluster.cpp:142)
2026-08-18 17:42:18.189 | info     |             UMD | KMD version: 2.10.0 (cluster.cpp:145)
2026-08-18 17:42:18.189 | info     |             UMD | Cluster constructor completed. (cluster.cpp:520)
2026-08-18 17:42:18.191 | info     |             UMD | Starting devices in cluster (cluster.cpp:1024)
2026-08-18 17:42:18.361 | info     |             UMD | Starting devices in cluster completed. (cluster.cpp:1032)
2026-08-18 17:42:18.482 | DEBUG    | ttnn.device:__init__:152 - Using default dispatch core type for this system: DispatchCoreType.WORKER
2026-08-18 17:42:18.482 | DEBUG    | ttnn.device:__init__:154 - Using default dispatch core axis for this system: DispatchCoreAxis.COL
2026-08-18 17:42:18.482 | info     |     Distributed | Using auto discovery to generate mesh graph. (metal_env.cpp:367)
2026-08-18 17:42:18.482 | info     |     Distributed | Constructing control plane using auto-discovery (no mesh graph descriptor). (metal_env.cpp:429)
2026-08-18 17:42:18.482 | warning  |          Always | Unknown motherboard 'B850M-C' for chip_id=0 (bus_id=0x1) — falling back to bus_id as tray_id. Add this motherboard and its bus IDs to mobo_to_bus_ids in physical_system_discovery.cpp. (physical_system_discovery.cpp:89)
2026-08-18 17:42:18.482 | warning  |          Always | Unknown motherboard 'B850M-C' for chip_id=1 (bus_id=0x2) — falling back to bus_id as tray_id. Add this motherboard and its bus IDs to mobo_to_bus_ids in physical_system_discovery.cpp. (physical_system_discovery.cpp:89)
2026-08-18 17:42:18.482 | warning  |          Always | Unknown motherboard 'B850M-C' for chip_id=2 (bus_id=0x3) — falling back to bus_id as tray_id. Add this motherboard and its bus IDs to mobo_to_bus_ids in physical_system_discovery.cpp. (physical_system_discovery.cpp:89)
2026-08-18 17:42:18.482 | warning  |          Always | Unknown motherboard 'B850M-C' for chip_id=3 (bus_id=0x4) — falling back to bus_id as tray_id. Add this motherboard and its bus IDs to mobo_to_bus_ids in physical_system_discovery.cpp. (physical_system_discovery.cpp:89)
2026-08-18 17:42:18.482 | warning  |          Always | Unknown motherboard 'B850M-C' for chip_id=1 (bus_id=0x2) — falling back to bus_id as tray_id. Add this motherboard and its bus IDs to mobo_to_bus_ids in physical_system_discovery.cpp. (physical_system_discovery.cpp:89)
2026-08-18 17:42:18.482 | warning  |          Always | Unknown motherboard 'B850M-C' for chip_id=0 (bus_id=0x1) — falling back to bus_id as tray_id. Add this motherboard and its bus IDs to mobo_to_bus_ids in physical_system_discovery.cpp. (physical_system_discovery.cpp:89)
2026-08-18 17:42:18.482 | warning  |          Always | Unknown motherboard 'B850M-C' for chip_id=2 (bus_id=0x3) — falling back to bus_id as tray_id. Add this motherboard and its bus IDs to mobo_to_bus_ids in physical_system_discovery.cpp. (physical_system_discovery.cpp:89)
2026-08-18 17:42:18.482 | warning  |          Always | Unknown motherboard 'B850M-C' for chip_id=3 (bus_id=0x4) — falling back to bus_id as tray_id. Add this motherboard and its bus IDs to mobo_to_bus_ids in physical_system_discovery.cpp. (physical_system_discovery.cpp:89)
2026-08-18 17:42:18.482 | info     |          Fabric | Logical multi-mesh adjacency: intermesh degree histogram {0:1}; intra-mesh degree histograms mesh0 {2:4} (topology_mapper_utils.cpp:2342)
2026-08-18 17:42:18.482 | info     |          Fabric | Physical multi-mesh adjacency: intermesh degree histogram {0:1}; intra-mesh degree histograms mesh0 {2:4} (topology_mapper_utils.cpp:2350)
2026-08-18 17:42:18.487 | info     |    BuildKernels | Using pre-compiled firmware from: /localdev/vkovacevic/tt-metal/tt_metal/pre-compiled/13793420398762238087/ (build_env_manager.cpp:347)
2026-08-18 17:42:18.487 | info     |    BuildKernels | Using pre-compiled firmware from: /localdev/vkovacevic/tt-metal/tt_metal/pre-compiled/13793420398762238087/ (build_env_manager.cpp:347)
2026-08-18 17:42:18.487 | info     |    BuildKernels | Using pre-compiled firmware from: /localdev/vkovacevic/tt-metal/tt_metal/pre-compiled/13793420398762238087/ (build_env_manager.cpp:347)
2026-08-18 17:42:18.487 | info     |    BuildKernels | Using pre-compiled firmware from: /localdev/vkovacevic/tt-metal/tt_metal/pre-compiled/13793420398762238087/ (build_env_manager.cpp:347)
2026-08-18 17:42:18.516 | warning  |           Metal | Opening subset of mmio devices slows down UMD read/write to remote chips. If opening more devices, consider using CreateDevices API. (device_manager.cpp:261)
2026-08-18 17:42:18.556 | info     |           Metal | ShmResourceTracker: removed orphaned shm '/tt_device_154095681931937_memory' (shm_resource_tracker.cpp:282)
2026-08-18 17:42:19.134 | info     |           Metal | [Real-time profiler] Device 0 sync complete: 100 samples, frequency=1.349987 GHz, device_time_at_sync=315720407072 cycles (realtime_profiler_manager.cpp:1127)
full_attention non_aligned prefill seq_len=4097
PASSED
models/autoports/qwen_qwen3_6_35b_a3b/tests/test_functional_decoder.py::test_context_probe_linear_attention_prefill_decode_non_aligned[device_params0] 2026-08-18 17:42:39.672 | DEBUG    | ttnn.device:__init__:152 - Using default dispatch core type for this system: DispatchCoreType.WORKER
2026-08-18 17:42:39.672 | DEBUG    | ttnn.device:__init__:154 - Using default dispatch core axis for this system: DispatchCoreAxis.COL
2026-08-18 17:42:39.684 | info     |    BuildKernels | Using pre-compiled firmware from: /localdev/vkovacevic/tt-metal/tt_metal/pre-compiled/13793420398762238087/ (build_env_manager.cpp:347)
2026-08-18 17:42:39.685 | info     |    BuildKernels | Using pre-compiled firmware from: /localdev/vkovacevic/tt-metal/tt_metal/pre-compiled/13793420398762238087/ (build_env_manager.cpp:347)
2026-08-18 17:42:39.685 | info     |    BuildKernels | Using pre-compiled firmware from: /localdev/vkovacevic/tt-metal/tt_metal/pre-compiled/13793420398762238087/ (build_env_manager.cpp:347)
2026-08-18 17:42:39.686 | info     |    BuildKernels | Using pre-compiled firmware from: /localdev/vkovacevic/tt-metal/tt_metal/pre-compiled/13793420398762238087/ (build_env_manager.cpp:347)
2026-08-18 17:42:39.714 | warning  |           Metal | Opening subset of mmio devices slows down UMD read/write to remote chips. If opening more devices, consider using CreateDevices API. (device_manager.cpp:261)
linear_attention non_aligned prefill/decode seq_len=257
PASSED

=============================== warnings summary ===============================
<frozen importlib._bootstrap>:488
  <frozen importlib._bootstrap>:488: DeprecationWarning: builtin type SwigPyPacked has no __module__ attribute

<frozen importlib._bootstrap>:488
  <frozen importlib._bootstrap>:488: DeprecationWarning: builtin type SwigPyObject has no __module__ attribute

-- Docs: https://docs.pytest.org/en/stable/how-to/capture-warnings.html
==================================== PASSES ====================================
- generated xml file: /localdev/vkovacevic/tt-metal/generated/test_reports/most_recent_tests.xml -
============================== slowest durations ===============================
20.39s call     models/autoports/qwen_qwen3_6_35b_a3b/tests/test_functional_decoder.py::test_context_probe_full_attention_prefill_non_aligned[device_params0]
8.31s call     models/autoports/qwen_qwen3_6_35b_a3b/tests/test_functional_decoder.py::test_context_probe_linear_attention_prefill_decode_non_aligned[device_params0]
1.19s setup    models/autoports/qwen_qwen3_6_35b_a3b/tests/test_functional_decoder.py::test_context_probe_full_attention_prefill_non_aligned[device_params0]
0.12s teardown models/autoports/qwen_qwen3_6_35b_a3b/tests/test_functional_decoder.py::test_context_probe_full_attention_prefill_non_aligned[device_params0]
0.12s teardown models/autoports/qwen_qwen3_6_35b_a3b/tests/test_functional_decoder.py::test_context_probe_linear_attention_prefill_decode_non_aligned[device_params0]
0.08s setup    models/autoports/qwen_qwen3_6_35b_a3b/tests/test_functional_decoder.py::test_context_probe_linear_attention_prefill_decode_non_aligned[device_params0]
=========================== short test summary info ============================
PASSED models/autoports/qwen_qwen3_6_35b_a3b/tests/test_functional_decoder.py::test_context_probe_full_attention_prefill_non_aligned[device_params0]
PASSED models/autoports/qwen_qwen3_6_35b_a3b/tests/test_functional_decoder.py::test_context_probe_linear_attention_prefill_decode_non_aligned[device_params0]
================ 2 passed, 17 deselected, 2 warnings in 31.57s =================
sys:1: DeprecationWarning: builtin type swigvarlink has no __module__ attribute
nanobind: leaked 2 instances!
 - leaked instance 0x71d2590fecb8 of type "ttnn._ttnn.device.DispatchCoreConfig"
 - leaked instance 0x71d258fe6f58 of type "ttnn._ttnn.tensor.CoreRangeSet"
nanobind: leaked 34 types!
 - leaked type "DispatchCoreAxis"
 - leaked type "ttnn._ttnn.device.SubDeviceManagerId"
 - leaked type "MathFidelity"
 - leaked type "ttnn._ttnn.operations.matmul.MatmulMultiCoreReuseMultiCast1DProgramConfig"
 - leaked type "ttnn._ttnn.operations.matmul.MatmulInputs"
 - leaked type "ttnn._ttnn.operations.matmul.MatmulMultiCoreReuseMultiCastBatchedDRAMShardedProgramConfig"
 - leaked type "BufferType"
 - leaked type "UnaryOpType"
 - leaked type "Layout"
 - leaked type "ttnn._ttnn.operations.matmul.MatmulMultiCoreReuseOptimizedProgramFactory"
 - ... skipped remainder
nanobind: leaked 303 functions!
 - leaked function ""
 - leaked function "get_current_command_queue_id_for_thread"
 - leaked function ""
 - leaked function "clear_loaded_sub_device_manager"
 - leaked function ""
 - leaked function ""
 - leaked function ""
 - leaked function "__init__"
 - leaked function "UnregisterProgramRealtimeProfilerCallback"
 - leaked function "__init__"
 - ... skipped remainder
nanobind: this is likely caused by a reference counting issue in the binding code.
See https://nanobind.readthedocs.io/en/latest/refleaks.html2026-08-18 17:42:50.043 | info     |    BuildKernels | JIT cache stats: 356/529 hits (67.3%) [356 cached, 756 build-once dedup, 0 merged artifacts, 0 merged genfiles] (build_cache_telemetry.cpp:207)
2026-08-18 17:42:50.043 | info     |    BuildKernels | JIT telemetry: 3 registered TelemetryTokens (build_cache_telemetry.cpp:230)
2026-08-18 17:42:50.059 | info     |          Device | Closing user mode device drivers (tt_cluster.cpp:512)
2026-08-18 17:42:50.059 | info     |             UMD | Closing devices in cluster (cluster.cpp:1037)
2026-08-18 17:42:50.583 | info     |             UMD | Closing devices in cluster completed. (cluster.cpp:1046)
2026-08-18 17:42:50.583 | info     |             UMD | Cluster destructor started. (cluster.cpp:754)
2026-08-18 17:42:50.583 | info     |             UMD | Cluster destructor completed. (cluster.cpp:757)
