Script started on 2026-08-03 11:43:00+00:00 [COMMAND="GEMMA4_RANGE_DOWNLOAD=1 TT_METAL_WATCHER=10 TTNN_CONFIG_OVERRIDES='{"throw_exception_on_fallback": true}' pytest -q models/autoports/google_gemma_4_26b_a4b_it/tests/test_fused_decoder.py::test_fused_hf_acceptance models/autoports/google_gemma_4_26b_a4b_it/tests/test_fused_decoder.py::test_fused_traced_decode_batch_contract" <not executed on terminal>]
[32m2026-08-03 11:43:02.417[0m | [34m[1mDEBUG   [0m | [36mttnn[0m:[36m<module>[0m:[36m76[0m - [34m[1mLoading ttnn configuration overrides from environment variable TTNN_CONFIG_OVERRIDES[0m
[32m2026-08-03 11:43:02.417[0m | [34m[1mDEBUG   [0m | [36mttnn[0m:[36m<module>[0m:[36m79[0m - [34m[1mInitial ttnn.CONFIG:
Config{cache_path=/home/mvasiljevic/.cache/ttnn,model_cache_path=/home/mvasiljevic/.cache/ttnn/models,tmp_dir=/tmp/ttnn,enable_model_cache=false,enable_fast_runtime_mode=true,throw_exception_on_fallback=true,enable_logging=false,enable_graph_report=false,enable_graph_python_stack_traces=false,enable_detailed_buffer_report=false,enable_detailed_tensor_report=false,enable_comparison_mode=false,comparison_mode_should_raise_exception=false,comparison_mode_pcc=0.9999,root_report_path=generated/ttnn/reports,report_name=std::nullopt,std::nullopt}[0m
============================= test session starts ==============================
platform linux -- Python 3.12.13, pytest-9.0.3, pluggy-1.6.0 -- /home/mvasiljevic/tt-metal/python_env/bin/python3
cachedir: .pytest_cache
benchmark: 5.2.3 (defaults: timer=time.perf_counter disable_gc=False min_rounds=5 min_time=0.000005 max_time=1.0 calibration_precision=10 warmup=False warmup_iterations=100000)
rootdir: /home/mvasiljevic/tt-metal
configfile: pytest.ini
plugins: benchmark-5.2.3, timeout-2.4.0, anyio-4.14.2, cov-7.0.0, dash-2.15.0, split-0.11.0, github-actions-annotate-failures-0.3.0
timeout: 300.0s
timeout method: signal
timeout func_only: False
collecting ... collecting 7 items                                                             collected 7 items                                                              

models/autoports/google_gemma_4_26b_a4b_it/tests/test_fused_decoder.py::test_fused_hf_acceptance[blackhole-sliding_shared-device_params0-mesh_device0] [90m2026-08-03 11:43:04.174[0m | [32minfo    [m | [35m         Device[0m | [37mOpening user mode device driver[0m [90m(tt_cluster.cpp:228)[0m
[90m2026-08-03 11:43:04.174[0m | [32minfo    [m | [35m            UMD[0m | [37mCluster constructor started.[0m [90m(cluster.cpp:348)[0m
[90m2026-08-03 11:43:04.174[0m | [32minfo    [m | [35m            UMD[0m | [37mCreating TopologyDiscovery for architecture: blackhole[0m [90m(topology_discovery.cpp:91)[0m
[90m2026-08-03 11:43:04.174[0m | [32minfo    [m | [35m            UMD[0m | [37mStarting topology discovery.[0m [90m(topology_discovery.cpp:110)[0m
[90m2026-08-03 11:43:04.176[0m | [32minfo    [m | [35m            UMD[0m | [37mEstablished firmware bundle version: 19.9.0[0m [90m(topology_discovery.cpp:569)[0m
[90m2026-08-03 11:43:04.176[0m | [32minfo    [m | [35m            UMD[0m | [37mFirmware bundle version 19.9.0 on the system is newer than the latest fully tested version 19.5.0 for blackhole architecture. Newest features may not be supported.[0m [90m(topology_discovery.cpp:601)[0m
[90m2026-08-03 11:43:04.180[0m | [32minfo    [m | [35m            UMD[0m | [37mCompleted topology discovery.[0m [90m(topology_discovery.cpp:114)[0m
[90m2026-08-03 11:43:04.258[0m | [32minfo    [m | [35m            UMD[0m | [37mOpening local chip ids/PCIe ids: {0, 1, 2, 3}/[0, 1, 2, 3] and remote chip ids {}[0m [90m(cluster.cpp:168)[0m
[90m2026-08-03 11:43:04.258[0m | [32minfo    [m | [35m            UMD[0m | [37mIOMMU: enabled[0m [90m(cluster.cpp:142)[0m
[90m2026-08-03 11:43:04.258[0m | [32minfo    [m | [35m            UMD[0m | [37mKMD version: 2.10.0[0m [90m(cluster.cpp:145)[0m
[90m2026-08-03 11:43:04.258[0m | [32minfo    [m | [35m            UMD[0m | [37mCluster constructor completed.[0m [90m(cluster.cpp:520)[0m
[90m2026-08-03 11:43:04.259[0m | [32minfo    [m | [35m            UMD[0m | [37mStarting devices in cluster[0m [90m(cluster.cpp:1024)[0m
[90m2026-08-03 11:43:04.524[0m | [32minfo    [m | [35m            UMD[0m | [37mStarting devices in cluster completed.[0m [90m(cluster.cpp:1032)[0m
--------------------------------------------------------------------------
It appears as if there is not enough space for /dev/shm/sm_segment.853faf68e2b0.6002.2c450000.0 (the shared-memory backing
file). It is likely that your MPI job will now either abort or experience
performance degradation.

  Local host:  853faf68e2b0
  Space Requested: 16777216 B
  Space Available: 17539072 B
--------------------------------------------------------------------------
[32m2026-08-03 11:43:04.649[0m | [34m[1mDEBUG   [0m | [36mttnn.device[0m:[36m__init__[0m:[36m152[0m - [34m[1mUsing default dispatch core type for this system: DispatchCoreType.WORKER[0m
[32m2026-08-03 11:43:04.649[0m | [34m[1mDEBUG   [0m | [36mttnn.device[0m:[36m__init__[0m:[36m154[0m - [34m[1mUsing default dispatch core axis for this system: DispatchCoreAxis.COL[0m
[90m2026-08-03 11:43:04.649[0m | [32minfo    [m | [35m    Distributed[0m | [37mUsing auto discovery to generate mesh graph.[0m [90m(metal_env.cpp:367)[0m
[90m2026-08-03 11:43:04.649[0m | [32minfo    [m | [35m    Distributed[0m | [37mConstructing control plane using auto-discovery (no mesh graph descriptor).[0m [90m(metal_env.cpp:429)[0m
[90m2026-08-03 11:43:04.649[0m | [33m[1mwarning [m | [35m         Always[0m | [37mUnknown motherboard 'B850M-C' for chip_id=0 (bus_id=0x1) — falling back to bus_id as tray_id. Add this motherboard and its bus IDs to mobo_to_bus_ids in physical_system_discovery.cpp.[0m [90m(physical_system_discovery.cpp:89)[0m
[90m2026-08-03 11:43:04.649[0m | [33m[1mwarning [m | [35m         Always[0m | [37mUnknown motherboard 'B850M-C' for chip_id=1 (bus_id=0x2) — falling back to bus_id as tray_id. Add this motherboard and its bus IDs to mobo_to_bus_ids in physical_system_discovery.cpp.[0m [90m(physical_system_discovery.cpp:89)[0m
[90m2026-08-03 11:43:04.649[0m | [33m[1mwarning [m | [35m         Always[0m | [37mUnknown motherboard 'B850M-C' for chip_id=2 (bus_id=0x3) — falling back to bus_id as tray_id. Add this motherboard and its bus IDs to mobo_to_bus_ids in physical_system_discovery.cpp.[0m [90m(physical_system_discovery.cpp:89)[0m
[90m2026-08-03 11:43:04.649[0m | [33m[1mwarning [m | [35m         Always[0m | [37mUnknown motherboard 'B850M-C' for chip_id=3 (bus_id=0x4) — falling back to bus_id as tray_id. Add this motherboard and its bus IDs to mobo_to_bus_ids in physical_system_discovery.cpp.[0m [90m(physical_system_discovery.cpp:89)[0m
[90m2026-08-03 11:43:04.649[0m | [33m[1mwarning [m | [35m         Always[0m | [37mUnknown motherboard 'B850M-C' for chip_id=1 (bus_id=0x2) — falling back to bus_id as tray_id. Add this motherboard and its bus IDs to mobo_to_bus_ids in physical_system_discovery.cpp.[0m [90m(physical_system_discovery.cpp:89)[0m
[90m2026-08-03 11:43:04.649[0m | [33m[1mwarning [m | [35m         Always[0m | [37mUnknown motherboard 'B850M-C' for chip_id=0 (bus_id=0x1) — falling back to bus_id as tray_id. Add this motherboard and its bus IDs to mobo_to_bus_ids in physical_system_discovery.cpp.[0m [90m(physical_system_discovery.cpp:89)[0m
[90m2026-08-03 11:43:04.649[0m | [33m[1mwarning [m | [35m         Always[0m | [37mUnknown motherboard 'B850M-C' for chip_id=2 (bus_id=0x3) — falling back to bus_id as tray_id. Add this motherboard and its bus IDs to mobo_to_bus_ids in physical_system_discovery.cpp.[0m [90m(physical_system_discovery.cpp:89)[0m
[90m2026-08-03 11:43:04.649[0m | [33m[1mwarning [m | [35m         Always[0m | [37mUnknown motherboard 'B850M-C' for chip_id=3 (bus_id=0x4) — falling back to bus_id as tray_id. Add this motherboard and its bus IDs to mobo_to_bus_ids in physical_system_discovery.cpp.[0m [90m(physical_system_discovery.cpp:89)[0m
[90m2026-08-03 11:43:04.649[0m | [32minfo    [m | [35m         Fabric[0m | [37mLogical multi-mesh adjacency: intermesh degree histogram {0:1}; intra-mesh degree histograms mesh0 {2:4}[0m [90m(topology_mapper_utils.cpp:2342)[0m
[90m2026-08-03 11:43:04.649[0m | [32minfo    [m | [35m         Fabric[0m | [37mPhysical multi-mesh adjacency: intermesh degree histogram {0:1}; intra-mesh degree histograms mesh0 {2:4}[0m [90m(topology_mapper_utils.cpp:2350)[0m
[90m2026-08-03 11:43:04.707[0m | [32minfo    [m | [35m      LLRuntime[0m | [37mWatcher log file: /home/mvasiljevic/tt-metal/generated/watcher/watcher.log[0m [90m(watcher_server.cpp:286)[0m
[90m2026-08-03 11:43:04.707[0m | [32minfo    [m | [35m      LLRuntime[0m | [37mWatcher attached device 0[0m [90m(watcher_server.cpp:132)[0m
[90m2026-08-03 11:43:04.707[0m | [32minfo    [m | [35m      LLRuntime[0m | [37mWatcher attached device 1[0m [90m(watcher_server.cpp:132)[0m
[90m2026-08-03 11:43:04.707[0m | [32minfo    [m | [35m      LLRuntime[0m | [37mWatcher attached device 2[0m [90m(watcher_server.cpp:132)[0m
[90m2026-08-03 11:43:04.707[0m | [32minfo    [m | [35m      LLRuntime[0m | [37mWatcher attached device 3[0m [90m(watcher_server.cpp:132)[0m
[90m2026-08-03 11:43:04.707[0m | [32minfo    [m | [35m      LLRuntime[0m | [37mWatcher server initialized, disabled features: None[0m [90m(watcher_server.cpp:547)[0m
[90m2026-08-03 11:43:04.707[0m | [32minfo    [m | [35m          Metal[0m | [37mWatcher checking device 0[0m [90m(watcher_device_reader.cpp:393)[0m
[90m2026-08-03 11:43:04.707[0m | [33m[1mwarning [m | [35m          Metal[0m | [37mOpening subset of mmio devices slows down UMD read/write to remote chips. If opening more devices, consider using CreateDevices API.[0m [90m(device_manager.cpp:261)[0m
[90m2026-08-03 11:43:04.711[0m | [32minfo    [m | [35m          Metal[0m | [37mWatcher checking device 1[0m [90m(watcher_device_reader.cpp:393)[0m
[90m2026-08-03 11:43:04.715[0m | [32minfo    [m | [35m          Metal[0m | [37mWatcher checking device 2[0m [90m(watcher_device_reader.cpp:393)[0m
[90m2026-08-03 11:43:04.720[0m | [32minfo    [m | [35m          Metal[0m | [37mWatcher checking device 3[0m [90m(watcher_device_reader.cpp:393)[0m
[90m2026-08-03 11:43:04.762[0m | [32minfo    [m | [35m          Metal[0m | [37mShmResourceTracker: removed orphaned shm '/tt_device_154095680356416_memory'[0m [90m(shm_resource_tracker.cpp:282)[0m
[90m2026-08-03 11:43:05.340[0m | [32minfo    [m | [35m          Metal[0m | [37m[Real-time profiler] Device 3 sync complete: 100 samples, frequency=1.349980 GHz, device_time_at_sync=268134098714762 cycles[0m [90m(realtime_profiler_manager.cpp:1127)[0m
[32m2026-08-03 11:43:05.356[0m | [34m[1mDEBUG   [0m | [36mconftest[0m:[36mmesh_device[0m:[36m599[0m - [34m[1mmultidevice with 1 devices is created[0m
[transformers] You tried to access the `AttentionInterface` with a `config._attn_implementation` set to `None`. This is expected if you use an Attention Module as a standalone Module. If this is not the case, something went wrong with the dispatch of `config._attn_implementation`
[transformers] You tried to access the `ExpertsInterface` with a `config._experts_implementation` set to `None`. This is expected if you use an Expert Module as a standalone Module. If this is not the case, something went wrong with the dispatch of `config._experts_implementation`
PASSED
models/autoports/google_gemma_4_26b_a4b_it/tests/test_fused_decoder.py::test_fused_traced_decode_batch_contract[blackhole-batch1-sliding_attention-device_params0-mesh_device0] [32m2026-08-03 11:43:07.559[0m | [34m[1mDEBUG   [0m | [36mttnn.device[0m:[36m__init__[0m:[36m152[0m - [34m[1mUsing default dispatch core type for this system: DispatchCoreType.WORKER[0m
[32m2026-08-03 11:43:07.559[0m | [34m[1mDEBUG   [0m | [36mttnn.device[0m:[36m__init__[0m:[36m154[0m - [34m[1mUsing default dispatch core axis for this system: DispatchCoreAxis.COL[0m
[90m2026-08-03 11:43:07.559[0m | [32minfo    [m | [35m      LLRuntime[0m | [37mWatcher thread stopped watching...[0m [90m(watcher_server.cpp:595)[0m
[90m2026-08-03 11:43:07.559[0m | [32minfo    [m | [35m      LLRuntime[0m | [37mWatcher detached device 0[0m [90m(watcher_server.cpp:181)[0m
[90m2026-08-03 11:43:07.559[0m | [32minfo    [m | [35m      LLRuntime[0m | [37mWatcher detached device 1[0m [90m(watcher_server.cpp:181)[0m
[90m2026-08-03 11:43:07.559[0m | [32minfo    [m | [35m      LLRuntime[0m | [37mWatcher detached device 2[0m [90m(watcher_server.cpp:181)[0m
[90m2026-08-03 11:43:07.559[0m | [32minfo    [m | [35m      LLRuntime[0m | [37mWatcher detached device 3[0m [90m(watcher_server.cpp:181)[0m
[90m2026-08-03 11:43:07.623[0m | [32minfo    [m | [35m      LLRuntime[0m | [37mWatcher log file: /home/mvasiljevic/tt-metal/generated/watcher/watcher.log[0m [90m(watcher_server.cpp:286)[0m
[90m2026-08-03 11:43:07.623[0m | [32minfo    [m | [35m      LLRuntime[0m | [37mWatcher attached device 0[0m [90m(watcher_server.cpp:132)[0m
[90m2026-08-03 11:43:07.623[0m | [32minfo    [m | [35m      LLRuntime[0m | [37mWatcher attached device 1[0m [90m(watcher_server.cpp:132)[0m
[90m2026-08-03 11:43:07.623[0m | [32minfo    [m | [35m      LLRuntime[0m | [37mWatcher attached device 2[0m [90m(watcher_server.cpp:132)[0m
[90m2026-08-03 11:43:07.623[0m | [32minfo    [m | [35m      LLRuntime[0m | [37mWatcher attached device 3[0m [90m(watcher_server.cpp:132)[0m
[90m2026-08-03 11:43:07.623[0m | [32minfo    [m | [35m      LLRuntime[0m | [37mWatcher server initialized, disabled features: None[0m [90m(watcher_server.cpp:547)[0m
[90m2026-08-03 11:43:07.623[0m | [33m[1mwarning [m | [35m          Metal[0m | [37mOpening subset of mmio devices slows down UMD read/write to remote chips. If opening more devices, consider using CreateDevices API.[0m [90m(device_manager.cpp:261)[0m
[90m2026-08-03 11:43:07.623[0m | [32minfo    [m | [35m          Metal[0m | [37mWatcher checking device 0[0m [90m(watcher_device_reader.cpp:393)[0m
[90m2026-08-03 11:43:07.627[0m | [32minfo    [m | [35m          Metal[0m | [37mWatcher checking device 1[0m [90m(watcher_device_reader.cpp:393)[0m
[90m2026-08-03 11:43:07.631[0m | [32minfo    [m | [35m          Metal[0m | [37mWatcher checking device 2[0m [90m(watcher_device_reader.cpp:393)[0m
[90m2026-08-03 11:43:07.635[0m | [32minfo    [m | [35m          Metal[0m | [37mWatcher checking device 3[0m [90m(watcher_device_reader.cpp:393)[0m
[32m2026-08-03 11:43:07.679[0m | [34m[1mDEBUG   [0m | [36mconftest[0m:[36mmesh_device[0m:[36m599[0m - [34m[1mmultidevice with 1 devices is created[0m
PASSED
models/autoports/google_gemma_4_26b_a4b_it/tests/test_fused_decoder.py::test_fused_hf_acceptance[blackhole-full_natural-device_params0-mesh_device0] [32m2026-08-03 11:43:09.615[0m | [34m[1mDEBUG   [0m | [36mttnn.device[0m:[36m__init__[0m:[36m152[0m - [34m[1mUsing default dispatch core type for this system: DispatchCoreType.WORKER[0m
[32m2026-08-03 11:43:09.615[0m | [34m[1mDEBUG   [0m | [36mttnn.device[0m:[36m__init__[0m:[36m154[0m - [34m[1mUsing default dispatch core axis for this system: DispatchCoreAxis.COL[0m
[90m2026-08-03 11:43:09.615[0m | [32minfo    [m | [35m      LLRuntime[0m | [37mWatcher thread stopped watching...[0m [90m(watcher_server.cpp:595)[0m
[90m2026-08-03 11:43:09.615[0m | [32minfo    [m | [35m      LLRuntime[0m | [37mWatcher detached device 0[0m [90m(watcher_server.cpp:181)[0m
[90m2026-08-03 11:43:09.615[0m | [32minfo    [m | [35m      LLRuntime[0m | [37mWatcher detached device 1[0m [90m(watcher_server.cpp:181)[0m
[90m2026-08-03 11:43:09.615[0m | [32minfo    [m | [35m      LLRuntime[0m | [37mWatcher detached device 2[0m [90m(watcher_server.cpp:181)[0m
[90m2026-08-03 11:43:09.615[0m | [32minfo    [m | [35m      LLRuntime[0m | [37mWatcher detached device 3[0m [90m(watcher_server.cpp:181)[0m
[90m2026-08-03 11:43:09.679[0m | [32minfo    [m | [35m      LLRuntime[0m | [37mWatcher log file: /home/mvasiljevic/tt-metal/generated/watcher/watcher.log[0m [90m(watcher_server.cpp:286)[0m
[90m2026-08-03 11:43:09.679[0m | [32minfo    [m | [35m      LLRuntime[0m | [37mWatcher attached device 0[0m [90m(watcher_server.cpp:132)[0m
[90m2026-08-03 11:43:09.679[0m | [32minfo    [m | [35m      LLRuntime[0m | [37mWatcher attached device 1[0m [90m(watcher_server.cpp:132)[0m
[90m2026-08-03 11:43:09.679[0m | [32minfo    [m | [35m      LLRuntime[0m | [37mWatcher attached device 2[0m [90m(watcher_server.cpp:132)[0m
[90m2026-08-03 11:43:09.679[0m | [32minfo    [m | [35m      LLRuntime[0m | [37mWatcher attached device 3[0m [90m(watcher_server.cpp:132)[0m
[90m2026-08-03 11:43:09.679[0m | [32minfo    [m | [35m      LLRuntime[0m | [37mWatcher server initialized, disabled features: None[0m [90m(watcher_server.cpp:547)[0m
[90m2026-08-03 11:43:09.679[0m | [32minfo    [m | [35m          Metal[0m | [37mWatcher checking device 0[0m [90m(watcher_device_reader.cpp:393)[0m
[90m2026-08-03 11:43:09.679[0m | [33m[1mwarning [m | [35m          Metal[0m | [37mOpening subset of mmio devices slows down UMD read/write to remote chips. If opening more devices, consider using CreateDevices API.[0m [90m(device_manager.cpp:261)[0m
[90m2026-08-03 11:43:09.683[0m | [32minfo    [m | [35m          Metal[0m | [37mWatcher checking device 1[0m [90m(watcher_device_reader.cpp:393)[0m
[90m2026-08-03 11:43:09.688[0m | [32minfo    [m | [35m          Metal[0m | [37mWatcher checking device 2[0m [90m(watcher_device_reader.cpp:393)[0m
[90m2026-08-03 11:43:09.692[0m | [32minfo    [m | [35m          Metal[0m | [37mWatcher checking device 3[0m [90m(watcher_device_reader.cpp:393)[0m
[32m2026-08-03 11:43:09.737[0m | [34m[1mDEBUG   [0m | [36mconftest[0m:[36mmesh_device[0m:[36m599[0m - [34m[1mmultidevice with 1 devices is created[0m
PASSED
models/autoports/google_gemma_4_26b_a4b_it/tests/test_fused_decoder.py::test_fused_traced_decode_batch_contract[blackhole-batch1-full_attention-device_params0-mesh_device0] [32m2026-08-03 11:43:11.949[0m | [34m[1mDEBUG   [0m | [36mttnn.device[0m:[36m__init__[0m:[36m152[0m - [34m[1mUsing default dispatch core type for this system: DispatchCoreType.WORKER[0m
[32m2026-08-03 11:43:11.949[0m | [34m[1mDEBUG   [0m | [36mttnn.device[0m:[36m__init__[0m:[36m154[0m - [34m[1mUsing default dispatch core axis for this system: DispatchCoreAxis.COL[0m
[90m2026-08-03 11:43:11.949[0m | [32minfo    [m | [35m      LLRuntime[0m | [37mWatcher thread stopped watching...[0m [90m(watcher_server.cpp:595)[0m
[90m2026-08-03 11:43:11.949[0m | [32minfo    [m | [35m      LLRuntime[0m | [37mWatcher detached device 0[0m [90m(watcher_server.cpp:181)[0m
[90m2026-08-03 11:43:11.949[0m | [32minfo    [m | [35m      LLRuntime[0m | [37mWatcher detached device 1[0m [90m(watcher_server.cpp:181)[0m
[90m2026-08-03 11:43:11.949[0m | [32minfo    [m | [35m      LLRuntime[0m | [37mWatcher detached device 2[0m [90m(watcher_server.cpp:181)[0m
[90m2026-08-03 11:43:11.949[0m | [32minfo    [m | [35m      LLRuntime[0m | [37mWatcher detached device 3[0m [90m(watcher_server.cpp:181)[0m
[90m2026-08-03 11:43:12.013[0m | [32minfo    [m | [35m      LLRuntime[0m | [37mWatcher log file: /home/mvasiljevic/tt-metal/generated/watcher/watcher.log[0m [90m(watcher_server.cpp:286)[0m
[90m2026-08-03 11:43:12.013[0m | [32minfo    [m | [35m      LLRuntime[0m | [37mWatcher attached device 0[0m [90m(watcher_server.cpp:132)[0m
[90m2026-08-03 11:43:12.013[0m | [32minfo    [m | [35m      LLRuntime[0m | [37mWatcher attached device 1[0m [90m(watcher_server.cpp:132)[0m
[90m2026-08-03 11:43:12.013[0m | [32minfo    [m | [35m      LLRuntime[0m | [37mWatcher attached device 2[0m [90m(watcher_server.cpp:132)[0m
[90m2026-08-03 11:43:12.013[0m | [32minfo    [m | [35m      LLRuntime[0m | [37mWatcher attached device 3[0m [90m(watcher_server.cpp:132)[0m
[90m2026-08-03 11:43:12.013[0m | [32minfo    [m | [35m      LLRuntime[0m | [37mWatcher server initialized, disabled features: None[0m [90m(watcher_server.cpp:547)[0m
[90m2026-08-03 11:43:12.013[0m | [33m[1mwarning [m | [35m          Metal[0m | [37mOpening subset of mmio devices slows down UMD read/write to remote chips. If opening more devices, consider using CreateDevices API.[0m [90m(device_manager.cpp:261)[0m
[90m2026-08-03 11:43:12.013[0m | [32minfo    [m | [35m          Metal[0m | [37mWatcher checking device 0[0m [90m(watcher_device_reader.cpp:393)[0m
[90m2026-08-03 11:43:12.017[0m | [32minfo    [m | [35m          Metal[0m | [37mWatcher checking device 1[0m [90m(watcher_device_reader.cpp:393)[0m
[90m2026-08-03 11:43:12.021[0m | [32minfo    [m | [35m          Metal[0m | [37mWatcher checking device 2[0m [90m(watcher_device_reader.cpp:393)[0m
[90m2026-08-03 11:43:12.025[0m | [32minfo    [m | [35m          Metal[0m | [37mWatcher checking device 3[0m [90m(watcher_device_reader.cpp:393)[0m
[32m2026-08-03 11:43:12.070[0m | [34m[1mDEBUG   [0m | [36mconftest[0m:[36mmesh_device[0m:[36m599[0m - [34m[1mmultidevice with 1 devices is created[0m
PASSED
models/autoports/google_gemma_4_26b_a4b_it/tests/test_fused_decoder.py::test_fused_hf_acceptance[blackhole-full_shared_view-device_params0-mesh_device0] [32m2026-08-03 11:43:14.295[0m | [34m[1mDEBUG   [0m | [36mttnn.device[0m:[36m__init__[0m:[36m152[0m - [34m[1mUsing default dispatch core type for this system: DispatchCoreType.WORKER[0m
[32m2026-08-03 11:43:14.295[0m | [34m[1mDEBUG   [0m | [36mttnn.device[0m:[36m__init__[0m:[36m154[0m - [34m[1mUsing default dispatch core axis for this system: DispatchCoreAxis.COL[0m
[90m2026-08-03 11:43:14.295[0m | [32minfo    [m | [35m      LLRuntime[0m | [37mWatcher thread stopped watching...[0m [90m(watcher_server.cpp:595)[0m
[90m2026-08-03 11:43:14.295[0m | [32minfo    [m | [35m      LLRuntime[0m | [37mWatcher detached device 0[0m [90m(watcher_server.cpp:181)[0m
[90m2026-08-03 11:43:14.295[0m | [32minfo    [m | [35m      LLRuntime[0m | [37mWatcher detached device 1[0m [90m(watcher_server.cpp:181)[0m
[90m2026-08-03 11:43:14.295[0m | [32minfo    [m | [35m      LLRuntime[0m | [37mWatcher detached device 2[0m [90m(watcher_server.cpp:181)[0m
[90m2026-08-03 11:43:14.295[0m | [32minfo    [m | [35m      LLRuntime[0m | [37mWatcher detached device 3[0m [90m(watcher_server.cpp:181)[0m
[90m2026-08-03 11:43:14.358[0m | [32minfo    [m | [35m      LLRuntime[0m | [37mWatcher log file: /home/mvasiljevic/tt-metal/generated/watcher/watcher.log[0m [90m(watcher_server.cpp:286)[0m
[90m2026-08-03 11:43:14.358[0m | [32minfo    [m | [35m      LLRuntime[0m | [37mWatcher attached device 0[0m [90m(watcher_server.cpp:132)[0m
[90m2026-08-03 11:43:14.358[0m | [32minfo    [m | [35m      LLRuntime[0m | [37mWatcher attached device 1[0m [90m(watcher_server.cpp:132)[0m
[90m2026-08-03 11:43:14.358[0m | [32minfo    [m | [35m      LLRuntime[0m | [37mWatcher attached device 2[0m [90m(watcher_server.cpp:132)[0m
[90m2026-08-03 11:43:14.358[0m | [32minfo    [m | [35m      LLRuntime[0m | [37mWatcher attached device 3[0m [90m(watcher_server.cpp:132)[0m
[90m2026-08-03 11:43:14.358[0m | [32minfo    [m | [35m      LLRuntime[0m | [37mWatcher server initialized, disabled features: None[0m [90m(watcher_server.cpp:547)[0m
[90m2026-08-03 11:43:14.358[0m | [33m[1mwarning [m | [35m          Metal[0m | [37mOpening subset of mmio devices slows down UMD read/write to remote chips. If opening more devices, consider using CreateDevices API.[0m [90m(device_manager.cpp:261)[0m
[90m2026-08-03 11:43:14.358[0m | [32minfo    [m | [35m          Metal[0m | [37mWatcher checking device 0[0m [90m(watcher_device_reader.cpp:393)[0m
[90m2026-08-03 11:43:14.362[0m | [32minfo    [m | [35m          Metal[0m | [37mWatcher checking device 1[0m [90m(watcher_device_reader.cpp:393)[0m
[90m2026-08-03 11:43:14.367[0m | [32minfo    [m | [35m          Metal[0m | [37mWatcher checking device 2[0m [90m(watcher_device_reader.cpp:393)[0m
[90m2026-08-03 11:43:14.371[0m | [32minfo    [m | [35m          Metal[0m | [37mWatcher checking device 3[0m [90m(watcher_device_reader.cpp:393)[0m
[32m2026-08-03 11:43:14.415[0m | [34m[1mDEBUG   [0m | [36mconftest[0m:[36mmesh_device[0m:[36m599[0m - [34m[1mmultidevice with 1 devices is created[0m
PASSED
models/autoports/google_gemma_4_26b_a4b_it/tests/test_fused_decoder.py::test_fused_traced_decode_batch_contract[blackhole-batch32-sliding_attention-device_params0-mesh_device0] [32m2026-08-03 11:43:16.608[0m | [34m[1mDEBUG   [0m | [36mttnn.device[0m:[36m__init__[0m:[36m152[0m - [34m[1mUsing default dispatch core type for this system: DispatchCoreType.WORKER[0m
[32m2026-08-03 11:43:16.608[0m | [34m[1mDEBUG   [0m | [36mttnn.device[0m:[36m__init__[0m:[36m154[0m - [34m[1mUsing default dispatch core axis for this system: DispatchCoreAxis.COL[0m
[90m2026-08-03 11:43:16.608[0m | [32minfo    [m | [35m      LLRuntime[0m | [37mWatcher thread stopped watching...[0m [90m(watcher_server.cpp:595)[0m
[90m2026-08-03 11:43:16.608[0m | [32minfo    [m | [35m      LLRuntime[0m | [37mWatcher detached device 0[0m [90m(watcher_server.cpp:181)[0m
[90m2026-08-03 11:43:16.608[0m | [32minfo    [m | [35m      LLRuntime[0m | [37mWatcher detached device 1[0m [90m(watcher_server.cpp:181)[0m
[90m2026-08-03 11:43:16.608[0m | [32minfo    [m | [35m      LLRuntime[0m | [37mWatcher detached device 2[0m [90m(watcher_server.cpp:181)[0m
[90m2026-08-03 11:43:16.608[0m | [32minfo    [m | [35m      LLRuntime[0m | [37mWatcher detached device 3[0m [90m(watcher_server.cpp:181)[0m
[90m2026-08-03 11:43:16.672[0m | [32minfo    [m | [35m      LLRuntime[0m | [37mWatcher log file: /home/mvasiljevic/tt-metal/generated/watcher/watcher.log[0m [90m(watcher_server.cpp:286)[0m
[90m2026-08-03 11:43:16.672[0m | [32minfo    [m | [35m      LLRuntime[0m | [37mWatcher attached device 0[0m [90m(watcher_server.cpp:132)[0m
[90m2026-08-03 11:43:16.672[0m | [32minfo    [m | [35m      LLRuntime[0m | [37mWatcher attached device 1[0m [90m(watcher_server.cpp:132)[0m
[90m2026-08-03 11:43:16.672[0m | [32minfo    [m | [35m      LLRuntime[0m | [37mWatcher attached device 2[0m [90m(watcher_server.cpp:132)[0m
[90m2026-08-03 11:43:16.672[0m | [32minfo    [m | [35m      LLRuntime[0m | [37mWatcher attached device 3[0m [90m(watcher_server.cpp:132)[0m
[90m2026-08-03 11:43:16.672[0m | [32minfo    [m | [35m      LLRuntime[0m | [37mWatcher server initialized, disabled features: None[0m [90m(watcher_server.cpp:547)[0m
[90m2026-08-03 11:43:16.672[0m | [32minfo    [m | [35m          Metal[0m | [37mWatcher checking device 0[0m [90m(watcher_device_reader.cpp:393)[0m
[90m2026-08-03 11:43:16.672[0m | [33m[1mwarning [m | [35m          Metal[0m | [37mOpening subset of mmio devices slows down UMD read/write to remote chips. If opening more devices, consider using CreateDevices API.[0m [90m(device_manager.cpp:261)[0m
[90m2026-08-03 11:43:16.676[0m | [32minfo    [m | [35m          Metal[0m | [37mWatcher checking device 1[0m [90m(watcher_device_reader.cpp:393)[0m
[90m2026-08-03 11:43:16.680[0m | [32minfo    [m | [35m          Metal[0m | [37mWatcher checking device 2[0m [90m(watcher_device_reader.cpp:393)[0m
[90m2026-08-03 11:43:16.684[0m | [32minfo    [m | [35m          Metal[0m | [37mWatcher checking device 3[0m [90m(watcher_device_reader.cpp:393)[0m
[32m2026-08-03 11:43:16.728[0m | [34m[1mDEBUG   [0m | [36mconftest[0m:[36mmesh_device[0m:[36m599[0m - [34m[1mmultidevice with 1 devices is created[0m
PASSED
models/autoports/google_gemma_4_26b_a4b_it/tests/test_fused_decoder.py::test_fused_traced_decode_batch_contract[blackhole-batch32-full_attention-device_params0-mesh_device0] [32m2026-08-03 11:43:19.893[0m | [34m[1mDEBUG   [0m | [36mttnn.device[0m:[36m__init__[0m:[36m152[0m - [34m[1mUsing default dispatch core type for this system: DispatchCoreType.WORKER[0m
[32m2026-08-03 11:43:19.893[0m | [34m[1mDEBUG   [0m | [36mttnn.device[0m:[36m__init__[0m:[36m154[0m - [34m[1mUsing default dispatch core axis for this system: DispatchCoreAxis.COL[0m
[90m2026-08-03 11:43:19.893[0m | [32minfo    [m | [35m      LLRuntime[0m | [37mWatcher thread stopped watching...[0m [90m(watcher_server.cpp:595)[0m
[90m2026-08-03 11:43:19.893[0m | [32minfo    [m | [35m      LLRuntime[0m | [37mWatcher detached device 0[0m [90m(watcher_server.cpp:181)[0m
[90m2026-08-03 11:43:19.893[0m | [32minfo    [m | [35m      LLRuntime[0m | [37mWatcher detached device 1[0m [90m(watcher_server.cpp:181)[0m
[90m2026-08-03 11:43:19.893[0m | [32minfo    [m | [35m      LLRuntime[0m | [37mWatcher detached device 2[0m [90m(watcher_server.cpp:181)[0m
[90m2026-08-03 11:43:19.893[0m | [32minfo    [m | [35m      LLRuntime[0m | [37mWatcher detached device 3[0m [90m(watcher_server.cpp:181)[0m
[90m2026-08-03 11:43:19.956[0m | [32minfo    [m | [35m      LLRuntime[0m | [37mWatcher log file: /home/mvasiljevic/tt-metal/generated/watcher/watcher.log[0m [90m(watcher_server.cpp:286)[0m
[90m2026-08-03 11:43:19.956[0m | [32minfo    [m | [35m      LLRuntime[0m | [37mWatcher attached device 0[0m [90m(watcher_server.cpp:132)[0m
[90m2026-08-03 11:43:19.956[0m | [32minfo    [m | [35m      LLRuntime[0m | [37mWatcher attached device 1[0m [90m(watcher_server.cpp:132)[0m
[90m2026-08-03 11:43:19.956[0m | [32minfo    [m | [35m      LLRuntime[0m | [37mWatcher attached device 2[0m [90m(watcher_server.cpp:132)[0m
[90m2026-08-03 11:43:19.956[0m | [32minfo    [m | [35m      LLRuntime[0m | [37mWatcher attached device 3[0m [90m(watcher_server.cpp:132)[0m
[90m2026-08-03 11:43:19.956[0m | [32minfo    [m | [35m      LLRuntime[0m | [37mWatcher server initialized, disabled features: None[0m [90m(watcher_server.cpp:547)[0m
[90m2026-08-03 11:43:19.956[0m | [33m[1mwarning [m | [35m          Metal[0m | [37mOpening subset of mmio devices slows down UMD read/write to remote chips. If opening more devices, consider using CreateDevices API.[0m [90m(device_manager.cpp:261)[0m
[90m2026-08-03 11:43:19.956[0m | [32minfo    [m | [35m          Metal[0m | [37mWatcher checking device 0[0m [90m(watcher_device_reader.cpp:393)[0m
[90m2026-08-03 11:43:19.960[0m | [32minfo    [m | [35m          Metal[0m | [37mWatcher checking device 1[0m [90m(watcher_device_reader.cpp:393)[0m
[90m2026-08-03 11:43:19.964[0m | [32minfo    [m | [35m          Metal[0m | [37mWatcher checking device 2[0m [90m(watcher_device_reader.cpp:393)[0m
[90m2026-08-03 11:43:19.969[0m | [32minfo    [m | [35m          Metal[0m | [37mWatcher checking device 3[0m [90m(watcher_device_reader.cpp:393)[0m
[32m2026-08-03 11:43:20.013[0m | [34m[1mDEBUG   [0m | [36mconftest[0m:[36mmesh_device[0m:[36m599[0m - [34m[1mmultidevice with 1 devices is created[0m
PASSED

=============================== warnings summary ===============================
<frozen importlib._bootstrap>:488
  <frozen importlib._bootstrap>:488: DeprecationWarning: builtin type SwigPyPacked has no __module__ attribute

<frozen importlib._bootstrap>:488
  <frozen importlib._bootstrap>:488: DeprecationWarning: builtin type SwigPyObject has no __module__ attribute

-- Docs: https://docs.pytest.org/en/stable/how-to/capture-warnings.html
==================================== PASSES ====================================
- generated xml file: /home/mvasiljevic/tt-metal/generated/test_reports/most_recent_tests.xml -
============================== slowest durations ===============================
8.09s call     models/autoports/google_gemma_4_26b_a4b_it/tests/test_fused_decoder.py::test_fused_traced_decode_batch_contract[blackhole-batch32-full_attention-device_params0-mesh_device0]
2.82s call     models/autoports/google_gemma_4_26b_a4b_it/tests/test_fused_decoder.py::test_fused_traced_decode_batch_contract[blackhole-batch32-sliding_attention-device_params0-mesh_device0]
1.88s call     models/autoports/google_gemma_4_26b_a4b_it/tests/test_fused_decoder.py::test_fused_traced_decode_batch_contract[blackhole-batch1-full_attention-device_params0-mesh_device0]
1.87s call     models/autoports/google_gemma_4_26b_a4b_it/tests/test_fused_decoder.py::test_fused_hf_acceptance[blackhole-full_natural-device_params0-mesh_device0]
1.86s call     models/autoports/google_gemma_4_26b_a4b_it/tests/test_fused_decoder.py::test_fused_hf_acceptance[blackhole-sliding_shared-device_params0-mesh_device0]
1.85s call     models/autoports/google_gemma_4_26b_a4b_it/tests/test_fused_decoder.py::test_fused_hf_acceptance[blackhole-full_shared_view-device_params0-mesh_device0]
1.59s call     models/autoports/google_gemma_4_26b_a4b_it/tests/test_fused_decoder.py::test_fused_traced_decode_batch_contract[blackhole-batch1-sliding_attention-device_params0-mesh_device0]
1.38s setup    models/autoports/google_gemma_4_26b_a4b_it/tests/test_fused_decoder.py::test_fused_hf_acceptance[blackhole-sliding_shared-device_params0-mesh_device0]
0.34s setup    models/autoports/google_gemma_4_26b_a4b_it/tests/test_fused_decoder.py::test_fused_hf_acceptance[blackhole-full_natural-device_params0-mesh_device0]
0.34s setup    models/autoports/google_gemma_4_26b_a4b_it/tests/test_fused_decoder.py::test_fused_traced_decode_batch_contract[blackhole-batch32-full_attention-device_params0-mesh_device0]
0.33s setup    models/autoports/google_gemma_4_26b_a4b_it/tests/test_fused_decoder.py::test_fused_hf_acceptance[blackhole-full_shared_view-device_params0-mesh_device0]
0.33s setup    models/autoports/google_gemma_4_26b_a4b_it/tests/test_fused_decoder.py::test_fused_traced_decode_batch_contract[blackhole-batch1-sliding_attention-device_params0-mesh_device0]
0.33s setup    models/autoports/google_gemma_4_26b_a4b_it/tests/test_fused_decoder.py::test_fused_traced_decode_batch_contract[blackhole-batch1-full_attention-device_params0-mesh_device0]
0.33s setup    models/autoports/google_gemma_4_26b_a4b_it/tests/test_fused_decoder.py::test_fused_traced_decode_batch_contract[blackhole-batch32-sliding_attention-device_params0-mesh_device0]
0.13s teardown models/autoports/google_gemma_4_26b_a4b_it/tests/test_fused_decoder.py::test_fused_hf_acceptance[blackhole-full_natural-device_params0-mesh_device0]
0.13s teardown models/autoports/google_gemma_4_26b_a4b_it/tests/test_fused_decoder.py::test_fused_traced_decode_batch_contract[blackhole-batch1-sliding_attention-device_params0-mesh_device0]
0.13s teardown models/autoports/google_gemma_4_26b_a4b_it/tests/test_fused_decoder.py::test_fused_hf_acceptance[blackhole-full_shared_view-device_params0-mesh_device0]
0.13s teardown models/autoports/google_gemma_4_26b_a4b_it/tests/test_fused_decoder.py::test_fused_traced_decode_batch_contract[blackhole-batch32-sliding_attention-device_params0-mesh_device0]
0.13s teardown models/autoports/google_gemma_4_26b_a4b_it/tests/test_fused_decoder.py::test_fused_traced_decode_batch_contract[blackhole-batch1-full_attention-device_params0-mesh_device0]
0.12s teardown models/autoports/google_gemma_4_26b_a4b_it/tests/test_fused_decoder.py::test_fused_traced_decode_batch_contract[blackhole-batch32-full_attention-device_params0-mesh_device0]
0.12s teardown models/autoports/google_gemma_4_26b_a4b_it/tests/test_fused_decoder.py::test_fused_hf_acceptance[blackhole-sliding_shared-device_params0-mesh_device0]
=========================== short test summary info ============================
PASSED models/autoports/google_gemma_4_26b_a4b_it/tests/test_fused_decoder.py::test_fused_hf_acceptance[blackhole-sliding_shared-device_params0-mesh_device0]
PASSED models/autoports/google_gemma_4_26b_a4b_it/tests/test_fused_decoder.py::test_fused_traced_decode_batch_contract[blackhole-batch1-sliding_attention-device_params0-mesh_device0]
PASSED models/autoports/google_gemma_4_26b_a4b_it/tests/test_fused_decoder.py::test_fused_hf_acceptance[blackhole-full_natural-device_params0-mesh_device0]
PASSED models/autoports/google_gemma_4_26b_a4b_it/tests/test_fused_decoder.py::test_fused_traced_decode_batch_contract[blackhole-batch1-full_attention-device_params0-mesh_device0]
PASSED models/autoports/google_gemma_4_26b_a4b_it/tests/test_fused_decoder.py::test_fused_hf_acceptance[blackhole-full_shared_view-device_params0-mesh_device0]
PASSED models/autoports/google_gemma_4_26b_a4b_it/tests/test_fused_decoder.py::test_fused_traced_decode_batch_contract[blackhole-batch32-sliding_attention-device_params0-mesh_device0]
PASSED models/autoports/google_gemma_4_26b_a4b_it/tests/test_fused_decoder.py::test_fused_traced_decode_batch_contract[blackhole-batch32-full_attention-device_params0-mesh_device0]
======================== 7 passed, 2 warnings in 25.14s ========================
sys:1: DeprecationWarning: builtin type swigvarlink has no __module__ attribute
nanobind: leaked 3 instances!
 - leaked instance 0x7d63c1a18768 of type "ttnn._ttnn.tensor.CoreRangeSet"
 - leaked instance 0x7d63c19248e8 of type "ttnn._ttnn.device.DispatchCoreConfig"
 - leaked instance 0x7d63c123c048 of type "ttnn._ttnn.tensor.MemoryConfig"
nanobind: leaked 34 types!
 - leaked type "DispatchCoreAxis"
 - leaked type "ttnn._ttnn.device.SubDeviceManagerId"
 - leaked type "MathFidelity"
 - leaked type "ttnn._ttnn.operations.matmul.MatmulMultiCoreReuseMultiCast1DProgramConfig"
 - leaked type "ttnn._ttnn.operations.matmul.MatmulInputs"
 - leaked type "ttnn._ttnn.operations.matmul.MatmulMultiCoreReuseMultiCastBatchedDRAMShardedProgramConfig"
 - leaked type "BufferType"
 - leaked type "UnaryOpType"
 - leaked type "Layout"
 - leaked type "ttnn._ttnn.operations.matmul.MatmulMultiCoreReuseOptimizedProgramFactory"
 - ... skipped remainder
nanobind: leaked 303 functions!
 - leaked function "quiesce_devices"
 - leaked function ""
 - leaked function ""
 - leaked function ""
 - leaked function "tensor_topology"
 - leaked function ""
 - leaked function "ranges"
 - leaked function ""
 - leaked function "to_json"
 - leaked function "__repr__"
 - ... skipped remainder
nanobind: this is likely caused by a reference counting issue in the binding code.
See https://nanobind.readthedocs.io/en/latest/refleaks.html[90m2026-08-03 11:43:29.977[0m | [32minfo    [m | [35m   BuildKernels[0m | [37mJIT cache stats: 489/489 hits (100.0%) [489 cached, 2019 build-once dedup, 0 merged artifacts, 0 merged genfiles][0m [90m(build_cache_telemetry.cpp:207)[0m
[90m2026-08-03 11:43:29.977[0m | [32minfo    [m | [35m   BuildKernels[0m | [37mJIT telemetry: 3 registered TelemetryTokens[0m [90m(build_cache_telemetry.cpp:230)[0m
[90m2026-08-03 11:43:29.979[0m | [32minfo    [m | [35m      LLRuntime[0m | [37mWatcher thread stopped watching...[0m [90m(watcher_server.cpp:595)[0m
[90m2026-08-03 11:43:29.979[0m | [32minfo    [m | [35m      LLRuntime[0m | [37mWatcher detached device 0[0m [90m(watcher_server.cpp:181)[0m
[90m2026-08-03 11:43:29.979[0m | [32minfo    [m | [35m      LLRuntime[0m | [37mWatcher detached device 1[0m [90m(watcher_server.cpp:181)[0m
[90m2026-08-03 11:43:29.979[0m | [32minfo    [m | [35m      LLRuntime[0m | [37mWatcher detached device 2[0m [90m(watcher_server.cpp:181)[0m
[90m2026-08-03 11:43:29.979[0m | [32minfo    [m | [35m      LLRuntime[0m | [37mWatcher detached device 3[0m [90m(watcher_server.cpp:181)[0m
[90m2026-08-03 11:43:29.990[0m | [32minfo    [m | [35m         Device[0m | [37mClosing user mode device drivers[0m [90m(tt_cluster.cpp:512)[0m
[90m2026-08-03 11:43:29.990[0m | [32minfo    [m | [35m            UMD[0m | [37mClosing devices in cluster[0m [90m(cluster.cpp:1037)[0m
[90m2026-08-03 11:43:30.504[0m | [32minfo    [m | [35m            UMD[0m | [37mClosing devices in cluster completed.[0m [90m(cluster.cpp:1046)[0m
[90m2026-08-03 11:43:30.505[0m | [32minfo    [m | [35m            UMD[0m | [37mCluster destructor started.[0m [90m(cluster.cpp:754)[0m
[90m2026-08-03 11:43:30.505[0m | [32minfo    [m | [35m            UMD[0m | [37mCluster destructor completed.[0m [90m(cluster.cpp:757)[0m

Script done on 2026-08-03 11:43:30+00:00 [COMMAND_EXIT_CODE="0"]
