2026-08-14 11:11:07.669 | DEBUG    | ttnn:<module>:79 - Initial ttnn.CONFIG:
Config{cache_path=/home/mvasiljevic/.cache/ttnn,model_cache_path=/home/mvasiljevic/.cache/ttnn/models,tmp_dir=/tmp/ttnn,enable_model_cache=false,enable_fast_runtime_mode=true,throw_exception_on_fallback=false,enable_logging=false,enable_graph_report=false,enable_graph_python_stack_traces=false,enable_detailed_buffer_report=false,enable_detailed_tensor_report=false,enable_comparison_mode=false,comparison_mode_should_raise_exception=false,comparison_mode_pcc=0.9999,root_report_path=generated/ttnn/reports,report_name=std::nullopt,std::nullopt}
B32 C262144: FAIL
B32 C131072: FAIL
B32 C65536: PASS
B32 C98304: FAIL
B32 C81920: FAIL
B32 C73728: PASS
B32 C77824: PASS
B32 C79872: FAIL
B32 C78848: FAIL
B32 C78336: FAIL
B32 C78080: FAIL
B32 C77952: PASS
B32 C78016: PASS
{
  "batch": 32,
  "largest_feasible_context": 78016,
  "smallest_failed_context": 78080
}
nanobind: leaked 1 instances!
 - leaked instance 0x7257aacfdf68 of type "ttnn._ttnn.tensor.CoreRangeSet"
nanobind: leaked 13 types!
 - leaked type "ttnn._ttnn.operations.matmul.MatmulMultiCoreReuseMultiCast1DProgramConfig"
 - leaked type "ttnn._ttnn.operations.matmul.MatmulInputs"
 - leaked type "ttnn._ttnn.operations.matmul.MatmulMultiCoreReuseMultiCastBatchedDRAMShardedProgramConfig"
 - leaked type "UnaryOpType"
 - leaked type "ttnn._ttnn.operations.matmul.MatmulMultiCoreReuseOptimizedProgramFactory"
 - leaked type "ttnn._ttnn.operations.matmul.MatmulParams"
 - leaked type "ttnn._ttnn.tensor.CoreRangeSet"
 - leaked type "ttnn._ttnn.operations.matmul.MatmulMultiCoreReuseProgramConfig"
 - leaked type "ttnn._ttnn.operations.matmul.MatmulDeviceOperation"
 - leaked type "ttnn._ttnn.tensor.Tensor"
 - ... skipped remainder
nanobind: leaked 199 functions!
 - leaked function "cpu"
 - leaked function "__init__"
 - leaked function ""
 - leaked function ""
 - leaked function ""
 - leaked function "bounding_box"
 - leaked function ""
 - leaked function ""
 - leaked function ""
 - leaked function ""
 - ... skipped remainder
nanobind: this is likely caused by a reference counting issue in the binding code.
See https://nanobind.readthedocs.io/en/latest/refleaks.html
