2026-08-14 10:53:20.544 | DEBUG    | ttnn:<module>:79 - Initial ttnn.CONFIG:
Config{cache_path=/home/mvasiljevic/.cache/ttnn,model_cache_path=/home/mvasiljevic/.cache/ttnn/models,tmp_dir=/tmp/ttnn,enable_model_cache=false,enable_fast_runtime_mode=true,throw_exception_on_fallback=false,enable_logging=false,enable_graph_report=false,enable_graph_python_stack_traces=false,enable_detailed_buffer_report=false,enable_detailed_tensor_report=false,enable_comparison_mode=false,comparison_mode_should_raise_exception=false,comparison_mode_pcc=0.9999,root_report_path=generated/ttnn/reports,report_name=std::nullopt,std::nullopt}
2026-08-14 10:53:21.985 | info     |          Device | Opening user mode device driver (tt_cluster.cpp:228)
2026-08-14 10:53:21.985 | info     |             UMD | Cluster constructor started. (cluster.cpp:348)
2026-08-14 10:53:21.985 | info     |             UMD | Creating TopologyDiscovery for architecture: blackhole (topology_discovery.cpp:91)
2026-08-14 10:53:21.985 | info     |             UMD | Starting topology discovery. (topology_discovery.cpp:110)
2026-08-14 10:53:21.986 | info     |             UMD | Established firmware bundle version: 19.8.0 (topology_discovery.cpp:569)
2026-08-14 10:53:21.986 | info     |             UMD | Firmware bundle version 19.8.0 on the system is newer than the latest fully tested version 19.5.0 for blackhole architecture. Newest features may not be supported. (topology_discovery.cpp:601)
2026-08-14 10:53:21.990 | info     |             UMD | Completed topology discovery. (topology_discovery.cpp:114)
2026-08-14 10:53:22.213 | info     |             UMD | Opening local chip ids/PCIe ids: {0, 1, 2, 3}/[0, 1, 2, 3] and remote chip ids {} (cluster.cpp:168)
2026-08-14 10:53:22.213 | info     |             UMD | IOMMU: enabled (cluster.cpp:142)
2026-08-14 10:53:22.213 | info     |             UMD | KMD version: 2.8.0 (cluster.cpp:145)
2026-08-14 10:53:22.213 | info     |             UMD | Cluster constructor completed. (cluster.cpp:520)
2026-08-14 10:53:22.214 | info     |             UMD | Starting devices in cluster (cluster.cpp:1024)
2026-08-14 10:53:22.361 | info     |             UMD | Starting devices in cluster completed. (cluster.cpp:1032)
2026-08-14 10:53:22.487 | info     |     Distributed | Using auto discovery to generate mesh graph. (metal_env.cpp:367)
2026-08-14 10:53:22.487 | info     |     Distributed | Constructing control plane using auto-discovery (no mesh graph descriptor). (metal_env.cpp:429)
2026-08-14 10:53:22.487 | warning  |          Always | Unknown motherboard 'B850M-C' for chip_id=0 (bus_id=0x1) — falling back to bus_id as tray_id. Add this motherboard and its bus IDs to mobo_to_bus_ids in physical_system_discovery.cpp. (physical_system_discovery.cpp:89)
2026-08-14 10:53:22.487 | warning  |          Always | Unknown motherboard 'B850M-C' for chip_id=1 (bus_id=0x2) — falling back to bus_id as tray_id. Add this motherboard and its bus IDs to mobo_to_bus_ids in physical_system_discovery.cpp. (physical_system_discovery.cpp:89)
2026-08-14 10:53:22.487 | warning  |          Always | Unknown motherboard 'B850M-C' for chip_id=2 (bus_id=0x3) — falling back to bus_id as tray_id. Add this motherboard and its bus IDs to mobo_to_bus_ids in physical_system_discovery.cpp. (physical_system_discovery.cpp:89)
2026-08-14 10:53:22.487 | warning  |          Always | Unknown motherboard 'B850M-C' for chip_id=3 (bus_id=0x4) — falling back to bus_id as tray_id. Add this motherboard and its bus IDs to mobo_to_bus_ids in physical_system_discovery.cpp. (physical_system_discovery.cpp:89)
2026-08-14 10:53:22.487 | warning  |          Always | Unknown motherboard 'B850M-C' for chip_id=1 (bus_id=0x2) — falling back to bus_id as tray_id. Add this motherboard and its bus IDs to mobo_to_bus_ids in physical_system_discovery.cpp. (physical_system_discovery.cpp:89)
2026-08-14 10:53:22.487 | warning  |          Always | Unknown motherboard 'B850M-C' for chip_id=0 (bus_id=0x1) — falling back to bus_id as tray_id. Add this motherboard and its bus IDs to mobo_to_bus_ids in physical_system_discovery.cpp. (physical_system_discovery.cpp:89)
2026-08-14 10:53:22.487 | warning  |          Always | Unknown motherboard 'B850M-C' for chip_id=2 (bus_id=0x3) — falling back to bus_id as tray_id. Add this motherboard and its bus IDs to mobo_to_bus_ids in physical_system_discovery.cpp. (physical_system_discovery.cpp:89)
2026-08-14 10:53:22.487 | warning  |          Always | Unknown motherboard 'B850M-C' for chip_id=3 (bus_id=0x4) — falling back to bus_id as tray_id. Add this motherboard and its bus IDs to mobo_to_bus_ids in physical_system_discovery.cpp. (physical_system_discovery.cpp:89)
2026-08-14 10:53:22.487 | info     |          Fabric | Logical multi-mesh adjacency: intermesh degree histogram {0:1}; intra-mesh degree histograms mesh0 {2:4} (topology_mapper_utils.cpp:2342)
2026-08-14 10:53:22.487 | info     |          Fabric | Physical multi-mesh adjacency: intermesh degree histogram {0:1}; intra-mesh degree histograms mesh0 {2:4} (topology_mapper_utils.cpp:2350)
2026-08-14 10:53:22.487 | DEBUG    | ttnn.device:__init__:152 - Using default dispatch core type for this system: DispatchCoreType.WORKER
2026-08-14 10:53:22.488 | DEBUG    | ttnn.device:__init__:154 - Using default dispatch core axis for this system: DispatchCoreAxis.COL
2026-08-14 10:53:22.492 | info     |    BuildKernels | Using pre-compiled firmware from: /home/mvasiljevic/tt-metal/tt_metal/pre-compiled/13793420398762238087/ (build_env_manager.cpp:347)
2026-08-14 10:53:22.494 | info     |    BuildKernels | Using pre-compiled firmware from: /home/mvasiljevic/tt-metal/tt_metal/pre-compiled/13793420398762238087/ (build_env_manager.cpp:347)
2026-08-14 10:53:22.494 | info     |    BuildKernels | Using pre-compiled firmware from: /home/mvasiljevic/tt-metal/tt_metal/pre-compiled/13793420398762238087/ (build_env_manager.cpp:347)
2026-08-14 10:53:22.494 | info     |    BuildKernels | Using pre-compiled firmware from: /home/mvasiljevic/tt-metal/tt_metal/pre-compiled/13793420398762238087/ (build_env_manager.cpp:347)
2026-08-14 10:53:22.528 | info     |           Metal | Initializing Fabric (fabric_firmware_initializer.cpp:288)
2026-08-14 10:53:22.552 | info     |           Metal | Fabric initialized on Device 0 (device.cpp:429)
2026-08-14 10:53:22.553 | info     |           Metal | Fabric initialized on Device 1 (device.cpp:429)
2026-08-14 10:53:22.554 | info     |           Metal | Fabric initialized on Device 2 (device.cpp:429)
2026-08-14 10:53:22.555 | info     |           Metal | Fabric initialized on Device 3 (device.cpp:429)
2026-08-14 10:53:22.555 | info     |           Metal | Fabric initialized on 4 devices (fabric_firmware_initializer.cpp:435)
2026-08-14 10:53:22.555 | info     |           Metal | Fabric Initialized with config FabricConfig::FABRIC_1D_RING (fabric_firmware_initializer.cpp:305)
2026-08-14 10:53:22.595 | info     |           Metal | ShmResourceTracker: removed orphaned shm '/tt_device_154095681929600_memory' (shm_resource_tracker.cpp:282)
2026-08-14 10:53:22.595 | info     |           Metal | ShmResourceTracker: removed orphaned shm '/tt_device_154095681929601_memory' (shm_resource_tracker.cpp:282)
2026-08-14 10:53:22.595 | info     |           Metal | ShmResourceTracker: removed orphaned shm '/tt_device_154095681932032_memory' (shm_resource_tracker.cpp:282)
2026-08-14 10:53:22.595 | info     |           Metal | ShmResourceTracker: removed orphaned shm '/tt_device_154095681932033_memory' (shm_resource_tracker.cpp:282)
2026-08-14 10:53:23.175 | info     |           Metal | [Real-time profiler] Device 3 sync complete: 100 samples, frequency=1.349980 GHz, device_time_at_sync=10147585328044 cycles (realtime_profiler_manager.cpp:1127)
2026-08-14 10:53:23.175 | info     |           Metal | [Real-time profiler] Device 1 sync complete: 100 samples, frequency=1.349981 GHz, device_time_at_sync=10144431411726 cycles (realtime_profiler_manager.cpp:1127)
2026-08-14 10:53:23.175 | info     |           Metal | [Real-time profiler] Device 2 sync complete: 100 samples, frequency=1.349980 GHz, device_time_at_sync=10145951874295 cycles (realtime_profiler_manager.cpp:1127)
2026-08-14 10:53:23.175 | info     |           Metal | [Real-time profiler] Device 0 sync complete: 100 samples, frequency=1.349985 GHz, device_time_at_sync=10143255056613 cycles (realtime_profiler_manager.cpp:1127)
2026-08-14 10:53:23.882 | info     |           Metal | Pinned source memory start address 0x7afda8e004a8 must be aligned 64 B (dispatch.cpp:1180)
2026-08-14 10:54:09.945 | DEBUG    | models.common.sampling.generator:reset_trace:137 - Resetting sampling trace (penalties=False, log_probs=False, force_argmax=False, trace_id=MeshTraceId(1))
PRECISION_CONFIG {"activation_residual_dtype": "DataType.BFLOAT16", "layers": [{"attention_fidelity": "MathFidelity.LoFi", "attention_weight_dtype": "DataType.BFLOAT4_B", "cache_dtype": "DataType.BFLOAT8_B", "ccl_mlp_dtype": "DataType.BFLOAT16", "ccl_token_mixer_dtype": "DataType.BFLOAT16", "layer_idx": 0, "layer_kind": "linear_attention", "linear_input_fidelity": "MathFidelity.LoFi", "linear_input_weight_dtype": "DataType.BFLOAT4_B", "linear_output_fidelity": "MathFidelity.LoFi", "linear_output_weight_dtype": "DataType.BFLOAT4_B", "linear_recurrent_fidelity": "MathFidelity.HiFi2", "linear_recurrent_state_dtype": "DataType.BFLOAT8_B", "mlp_down_dtype": "DataType.BFLOAT4_B", "mlp_fidelity": "MathFidelity.LoFi", "mlp_gate_up_dtype": "DataType.BFLOAT4_B", "o_fidelity": "MathFidelity.LoFi", "qkv_fidelity": "MathFidelity.LoFi"}, {"attention_fidelity": "MathFidelity.LoFi", "attention_weight_dtype": "DataType.BFLOAT4_B", "cache_dtype": "DataType.BFLOAT8_B", "ccl_mlp_dtype": "DataType.BFLOAT16", "ccl_token_mixer_dtype": "DataType.BFLOAT16", "layer_idx": 1, "layer_kind": "linear_attention", "linear_input_fidelity": "MathFidelity.LoFi", "linear_input_weight_dtype": "DataType.BFLOAT4_B", "linear_output_fidelity": "MathFidelity.LoFi", "linear_output_weight_dtype": "DataType.BFLOAT4_B", "linear_recurrent_fidelity": "MathFidelity.HiFi2", "linear_recurrent_state_dtype": "DataType.BFLOAT8_B", "mlp_down_dtype": "DataType.BFLOAT4_B", "mlp_fidelity": "MathFidelity.LoFi", "mlp_gate_up_dtype": "DataType.BFLOAT4_B", "o_fidelity": "MathFidelity.LoFi", "qkv_fidelity": "MathFidelity.LoFi"}, {"attention_fidelity": "MathFidelity.LoFi", "attention_weight_dtype": "DataType.BFLOAT4_B", "cache_dtype": "DataType.BFLOAT8_B", "ccl_mlp_dtype": "DataType.BFLOAT16", "ccl_token_mixer_dtype": "DataType.BFLOAT16", "layer_idx": 2, "layer_kind": "linear_attention", "linear_input_fidelity": "MathFidelity.LoFi", "linear_input_weight_dtype": "DataType.BFLOAT4_B", "linear_output_fidelity": "MathFidelity.LoFi", "linear_output_weight_dtype": "DataType.BFLOAT4_B", "linear_recurrent_fidelity": "MathFidelity.HiFi2", "linear_recurrent_state_dtype": "DataType.BFLOAT8_B", "mlp_down_dtype": "DataType.BFLOAT4_B", "mlp_fidelity": "MathFidelity.LoFi", "mlp_gate_up_dtype": "DataType.BFLOAT4_B", "o_fidelity": "MathFidelity.LoFi", "qkv_fidelity": "MathFidelity.LoFi"}, {"attention_fidelity": "MathFidelity.LoFi", "attention_weight_dtype": "DataType.BFLOAT4_B", "cache_dtype": "DataType.BFLOAT8_B", "ccl_mlp_dtype": "DataType.BFLOAT16", "ccl_token_mixer_dtype": "DataType.BFLOAT16", "layer_idx": 3, "layer_kind": "full_attention", "linear_input_fidelity": "MathFidelity.HiFi2", "linear_input_weight_dtype": "DataType.BFLOAT16", "linear_output_fidelity": "MathFidelity.HiFi2", "linear_output_weight_dtype": "DataType.BFLOAT16", "linear_recurrent_fidelity": "MathFidelity.HiFi2", "linear_recurrent_state_dtype": "DataType.FLOAT32", "mlp_down_dtype": "DataType.BFLOAT4_B", "mlp_fidelity": "MathFidelity.LoFi", "mlp_gate_up_dtype": "DataType.BFLOAT4_B", "o_fidelity": "MathFidelity.LoFi", "qkv_fidelity": "MathFidelity.LoFi"}], "lm_head_fidelity": "MathFidelity.HiFi2", "lm_head_output_dtype": "DataType.BFLOAT8_B", "lm_head_weight_dtype": "DataType.BFLOAT8_B", "precision_config": {"activation_residual_dtype": "BF16", "base_policy": {"full_attention": "final_cumulative", "linear_attention": "linear_final"}, "ccl_dtype": {"mlp": "BF16", "token_mixer": "BF16"}, "compute_fidelities": {"full_attention_o": "LoFi", "full_attention_qkv": "LoFi", "full_attention_sdpa": "LoFi", "linear_attention_internal": "LoFi", "linear_input_projection": "LoFi", "linear_output_projection": "LoFi", "linear_recurrent": "HiFi2", "mlp": "LoFi"}, "config_id": "full_attention_bfp4_lofi", "kv_cache_dtype": "BFP8_B", "layer_exceptions": [], "linear_recurrent_state_dtype": "BFP8_B", "logits_sampling": {"lm_head_compute_fidelity": "HiFi2", "lm_head_output_dtype": "BFP8_B", "lm_head_weight_dtype": "BFP8_B", "sampled_token_dtype": "UINT32", "sampling_logits_dtype": "BFP8_B"}, "schema_version": 1, "sha256": "e548951767950df5a1258509472bb56d56325329514376e2091e31ba220f8dd0", "source": "/home/mvasiljevic/tt-metal/models/autoports/qwen_qwen3_6_27b/doc/datatype_sweep/selected_precision_config.json", "weight_groups": {"full_attention_o": "BFP4_B", "full_attention_qkv": "BFP4_B", "linear_attention_internal": "BFP4_B", "linear_input_projection": "BFP4_B", "linear_output_projection": "BFP4_B", "mlp_down": "BFP4_B", "mlp_gate_up": "BFP4_B"}}, "sampled_token_dtype": "DataType.UINT32", "sampling_logits_dtype": "DataType.BFLOAT8_B"}
FULL_MODEL_MIXED_SLOTS_OK [1076, 220] [68, 63] INACTIVE_KV_EXACT RESET_REUSE_OK
nanobind: leaked 2 instances!
 - leaked instance 0x7b215126b648 of type "ttnn._ttnn.device.DispatchCoreConfig"
 - leaked instance 0x7b2151343528 of type "ttnn._ttnn.tensor.CoreRangeSet"
nanobind: leaked 36 types!
 - leaked type "DispatchCoreAxis"
 - leaked type "ttnn._ttnn.device.SubDeviceManagerId"
 - leaked type "MathFidelity"
 - leaked type "ttnn._ttnn.operations.matmul.MatmulMultiCoreReuseMultiCast1DProgramConfig"
 - leaked type "ttnn._ttnn.operations.matmul.MatmulInputs"
 - leaked type "ttnn._ttnn.operations.matmul.MatmulMultiCoreReuseMultiCastBatchedDRAMShardedProgramConfig"
 - leaked type "BufferType"
 - leaked type "UnaryOpType"
 - leaked type "Layout"
 - leaked type "ttnn._ttnn.operations.matmul.MatmulMultiCoreReuseOptimizedProgramFactory"
 - ... skipped remainder
nanobind: leaked 305 functions!
 - leaked function ""
 - leaked function "logical_volume"
 - leaked function ""
 - leaked function "buffer_num_pages"
 - leaked function "clear_loaded_sub_device_manager"
 - leaked function "compute_program_hash"
 - leaked function ""
 - leaked function ""
 - leaked function "__eq__"
 - leaked function "reset_sub_device_stall_group"
 - ... skipped remainder
nanobind: this is likely caused by a reference counting issue in the binding code.
See https://nanobind.readthedocs.io/en/latest/refleaks.html2026-08-14 10:54:11.202 | info     |    BuildKernels | JIT cache stats: 943/946 hits (99.7%) [943 cached, 579 build-once dedup, 0 merged artifacts, 0 merged genfiles] (build_cache_telemetry.cpp:207)
2026-08-14 10:54:11.202 | info     |    BuildKernels | JIT telemetry: 3 registered TelemetryTokens (build_cache_telemetry.cpp:230)
2026-08-14 10:54:11.218 | info     |          Device | Closing user mode device drivers (tt_cluster.cpp:512)
2026-08-14 10:54:11.218 | info     |             UMD | Closing devices in cluster (cluster.cpp:1037)
2026-08-14 10:54:11.830 | info     |             UMD | Closing devices in cluster completed. (cluster.cpp:1046)
2026-08-14 10:54:11.830 | info     |             UMD | Cluster destructor started. (cluster.cpp:754)
2026-08-14 10:54:11.830 | info     |             UMD | Cluster destructor completed. (cluster.cpp:757)
