# config_id: R12_down_bw6
# delta: experts_down_in0_block_w=6
# why: down's width bracket, lower side.
# env: QWEN3_PRECISION_CONFIG=/home/raahem/tt-metal/models/autoports/qwen_qwen3_coder_30b_a3b_instruct/doc/datatype_sweep/configs/R12_down_bw6.json
# cmd: /home/raahem/tt-metal/python_env/bin/python -m models.common.readiness_check.run_teacher_forcing --model-dir models/autoports/qwen_qwen3_coder_30b_a3b_instruct --reference models/autoports/qwen_qwen3_coder_30b_a3b_instruct/readiness_aime24_chat.refpt --mesh-device P300X2 --fabric-config FABRIC_1D_RING --trace-region-size 300000000
# hw: 1x4 Blackhole P300_X2 / MeshShape(1,4), FABRIC_1D_RING, 4 dies
# regime: traced teacher-forcing decode (enable_trace=True), 48 layers, batch 1, AIME24 chat reference, 158 prompt tokens / 100 generated tokens
# date: 2026-08-16T06:37:33+0000
2026-08-16 06:37:36.511 | DEBUG    | ttnn:<module>:78 - Initial ttnn.CONFIG:
Config{cache_path=/home/raahem/.cache/ttnn,model_cache_path=/home/raahem/.cache/ttnn/models,tmp_dir=/tmp/ttnn,enable_model_cache=false,enable_fast_runtime_mode=true,validate_program_args=false,throw_exception_on_fallback=false,enable_logging=false,enable_graph_report=false,enable_graph_python_stack_traces=false,enable_detailed_buffer_report=false,enable_detailed_tensor_report=false,enable_comparison_mode=false,comparison_mode_should_raise_exception=false,comparison_mode_pcc=0.9999,root_report_path=generated/ttnn/reports,report_name=std::nullopt,std::nullopt}
2026-08-16 06:37:36.544 | info     |          Device | Opening user mode device driver (tt_cluster.cpp:228)
2026-08-16 06:37:36.544 | info     |             UMD | Cluster constructor started. (cluster.cpp:389)
2026-08-16 06:37:36.544 | info     |             UMD | Creating TopologyDiscovery for architecture: blackhole (topology_discovery.cpp:96)
2026-08-16 06:37:36.544 | info     |             UMD | Starting topology discovery. (topology_discovery.cpp:115)
2026-08-16 06:37:36.555 | info     |             UMD | Established firmware bundle version: 19.8.99 (topology_discovery.cpp:575)
2026-08-16 06:37:36.555 | info     |             UMD | Completed topology discovery. (topology_discovery.cpp:119)
2026-08-16 06:37:36.633 | info     |             UMD | Opening local chip ids/PCIe ids: {0, 1, 2, 3}/[0, 1, 2, 3] and remote chip ids {} (cluster.cpp:173)
2026-08-16 06:37:36.633 | info     |             UMD | IOMMU: enabled (cluster.cpp:147)
2026-08-16 06:37:36.633 | info     |             UMD | KMD version: 2.10.0 (cluster.cpp:150)
2026-08-16 06:37:36.633 | info     |             UMD | Cluster constructor completed. (cluster.cpp:648)
2026-08-16 06:37:36.634 | info     |             UMD | Starting devices in cluster (cluster.cpp:1184)
2026-08-16 06:37:36.812 | warning  |             UMD | AICLK settled at 1343 MHz, within 5% of the requested 1350 MHz but not an exact match. Proceeding. (tt_device.cpp:318)
2026-08-16 06:37:36.889 | info     |             UMD | Starting devices in cluster completed. (cluster.cpp:1192)
2026-08-16 06:37:37.008 | info     |     Distributed | Using auto discovery to generate mesh graph. (metal_env.cpp:437)
2026-08-16 06:37:37.008 | info     |     Distributed | Constructing control plane using auto-discovery (no mesh graph descriptor). (metal_env.cpp:499)
2026-08-16 06:37:37.008 | warning  |          Always | Unknown motherboard 'B850M-C' for chip_id=0 (bus_id=0x1) — falling back to bus_id as tray_id. Add this motherboard and its bus IDs to mobo_to_bus_ids in physical_system_discovery.cpp. (physical_system_discovery.cpp:119)
2026-08-16 06:37:37.008 | info     |          Fabric | Logical multi-mesh adjacency: intermesh degree histogram {0:1}; intra-mesh degree histograms mesh0 {2:4} (topology_mapper_utils.cpp:3329)
2026-08-16 06:37:37.008 | info     |          Fabric | Physical multi-mesh adjacency: intermesh degree histogram {0:1}; intra-mesh degree histograms mesh0 {2:4} (topology_mapper_utils.cpp:3337)
2026-08-16 06:37:37.051 | info     |           Metal | Initializing Fabric (fabric_firmware_initializer.cpp:296)
2026-08-16 06:37:37.078 | info     |           Metal | Fabric initialized on 4 devices (fabric_firmware_initializer.cpp:444)
2026-08-16 06:37:37.078 | info     |           Metal | Fabric Initialized with config FabricConfig::FABRIC_1D_RING (fabric_firmware_initializer.cpp:313)
entry[0]             top1=0.990 (99/100)  top5=1.000 (100/100)  top100=1.000 (100/100)  TTFT=3419.20ms  decode=41.67 t/s/u  e2e=17.26 t/s/u
AGGREGATE            top1=0.990 (99/100)  top5=1.000 (100/100)  top100=1.000 (100/100)  TTFT=3419.20ms  decode=41.67 t/s/u  e2e=17.26 t/s/u
nanobind: leaked 1 instances!
 - leaked instance 0x75a620439008 of type "ttnn._ttnn.tensor.CoreRangeSet"
nanobind: leaked 45 types!
 - leaked type "DispatchCoreAxis"
 - leaked type "ttnn._ttnn.device.SubDeviceManagerId"
 - leaked type "ttnn._ttnn.types.iterator"
 - leaked type "MathFidelity"
 - leaked type "ttnn._ttnn.operations.matmul.MatmulMultiCoreReuseMultiCast1DProgramConfig"
 - leaked type "ttnn._ttnn.types.Shape"
 - leaked type "ttnn._ttnn.operations.matmul.MatmulInputs"
 - leaked type "ttnn._ttnn.operations.matmul.MatmulMultiCoreReuseMultiCastBatchedDRAMShardedProgramConfig"
 - leaked type "BufferType"
 - leaked type "UnaryOpType"
 - ... skipped remainder
nanobind: leaked 351 functions!
 - leaked function "volume"
 - leaked function ""
 - leaked function "create_output_tensors"
 - leaked function "to_torch_with_padded_shape"
 - leaked function "__init__"
 - leaked function "from_json"
 - leaked function "to_rank"
 - leaked function "to_numpy"
 - leaked function ""
 - leaked function "__ne__"
 - ... skipped remainder
nanobind: this is likely caused by a reference counting issue in the binding code.
See https://nanobind.readthedocs.io/en/latest/refleaks.html2026-08-16 06:40:32.502 | info     |    BuildKernels | JIT cache stats: 605/605 hits (100.0%) [605 cached, 298 build-once dedup, 0 merged artifacts, 0 merged genfiles] (build_cache_telemetry.cpp:207)
2026-08-16 06:40:32.502 | info     |    BuildKernels | JIT telemetry: 3 registered TelemetryTokens (build_cache_telemetry.cpp:230)
2026-08-16 06:40:32.520 | info     |          Device | Closing user mode device drivers (tt_cluster.cpp:513)
2026-08-16 06:40:32.520 | info     |             UMD | Closing devices in cluster (cluster.cpp:1197)
2026-08-16 06:40:33.038 | info     |             UMD | Closing devices in cluster completed. (cluster.cpp:1206)
2026-08-16 06:40:33.038 | info     |             UMD | Cluster destructor started. (cluster.cpp:912)
2026-08-16 06:40:33.038 | info     |             UMD | Cluster destructor completed. (cluster.cpp:915)
