2026-09-02 22:13:17.636 | DEBUG    | ttnn:<module>:78 - Initial ttnn.CONFIG:
Config{cache_path=/home/stisi/.cache/ttnn,model_cache_path=/home/stisi/.cache/ttnn/models,tmp_dir=/tmp/ttnn,enable_model_cache=false,enable_fast_runtime_mode=true,validate_program_args=false,throw_exception_on_fallback=false,enable_logging=false,enable_graph_report=false,enable_graph_python_stack_traces=false,enable_detailed_buffer_report=false,enable_detailed_tensor_report=false,enable_comparison_mode=false,comparison_mode_should_raise_exception=false,comparison_mode_pcc=0.9999,root_report_path=generated/ttnn/reports,report_name=std::nullopt,std::nullopt}
2026-09-02 22:13:18.969 | info     |          Device | Opening user mode device driver (tt_cluster.cpp:222)
2026-09-02 22:13:18.969 | info     |             UMD | Cluster constructor started. (cluster.cpp:406)
2026-09-02 22:13:18.969 | info     |             UMD | Creating TopologyDiscovery for architecture: blackhole (topology_discovery.cpp:96)
2026-09-02 22:13:18.969 | info     |             UMD | Starting topology discovery. (topology_discovery.cpp:115)
2026-09-02 22:13:18.982 | info     |             UMD | Established firmware bundle version: 19.12.0 (topology_discovery.cpp:576)
2026-09-02 22:13:18.982 | info     |             UMD | Completed topology discovery. (topology_discovery.cpp:119)
2026-09-02 22:13:19.069 | info     |             UMD | Opening local chip ids/PCIe ids: {0, 1, 2, 3}/[0, 1, 2, 3] and remote chip ids {} (cluster.cpp:173)
2026-09-02 22:13:19.069 | info     |             UMD | IOMMU: disabled (cluster.cpp:147)
2026-09-02 22:13:19.069 | info     |             UMD | KMD version: 2.8.1 (cluster.cpp:150)
2026-09-02 22:13:19.069 | info     |             UMD | Cluster constructor completed. (cluster.cpp:665)
2026-09-02 22:13:19.070 | info     |             UMD | Starting devices in cluster (cluster.cpp:1205)
2026-09-02 22:13:19.327 | info     |             UMD | Starting devices in cluster completed. (cluster.cpp:1213)
2026-09-02 22:13:19.427 | info     |     Distributed | Using auto discovery to generate mesh graph. (metal_env.cpp:422)
2026-09-02 22:13:19.427 | info     |     Distributed | Constructing control plane using auto-discovery (no mesh graph descriptor). (metal_env.cpp:484)
2026-09-02 22:13:19.427 | warning  |          Always | Unknown motherboard 'B850M-C' for chip_id=2 (bus_id=0x3) — falling back to bus_id as tray_id. Add this motherboard and its bus IDs to mobo_to_bus_ids in physical_system_discovery.cpp. (physical_system_discovery.cpp:119)
2026-09-02 22:13:19.427 | info     |          Fabric | Logical multi-mesh adjacency: intermesh degree histogram {0:1}; intra-mesh degree histograms mesh0 {2:4} (topology_mapper_utils.cpp:3368)
2026-09-02 22:13:19.427 | info     |          Fabric | Physical multi-mesh adjacency: intermesh degree histogram {0:1}; intra-mesh degree histograms mesh0 {2:4} (topology_mapper_utils.cpp:3376)
2026-09-02 22:13:19.509 | info     |       LLRuntime | Watcher log file: /home/stisi/tt-metal/generated/watcher/watcher.log (watcher_server.cpp:296)
2026-09-02 22:13:19.510 | info     |       LLRuntime | Watcher server initialized, disabled features: None (watcher_server.cpp:568)
2026-09-02 22:13:19.510 | info     |           Metal | Watcher checking device 0 (watcher_device_reader.cpp:410)
2026-09-02 22:13:19.510 | warning  |           Metal | Opening subset of mmio devices slows down UMD read/write to remote chips. If opening more devices, consider using distributed::MeshDevice::create_unit_meshes(). (device_manager.cpp:264)
2026-09-02 22:13:19.516 | info     |           Metal | Watcher checking device 1 (watcher_device_reader.cpp:410)
2026-09-02 22:13:19.523 | info     |           Metal | Watcher checking device 2 (watcher_device_reader.cpp:410)
2026-09-02 22:13:19.529 | info     |           Metal | Watcher checking device 3 (watcher_device_reader.cpp:410)
  [   0.0s] building 47 decoder layers from /home/stisi/.cache/huggingface/hub/models--zai-org--GLM-4.7-Flash/snapshots/7dd20894a642a0aa287e9827cb1a1f7f91386b67
  [   0.5s]   layer 0 (dense) built [1/47]
2026-09-02 22:13:21.537 | info     |           Metal | Watcher checking device 0 (watcher_device_reader.cpp:410)
2026-09-02 22:13:21.543 | info     |           Metal | Watcher checking device 1 (watcher_device_reader.cpp:410)
2026-09-02 22:13:21.550 | info     |           Metal | Watcher checking device 2 (watcher_device_reader.cpp:410)
2026-09-02 22:13:21.557 | info     |           Metal | Watcher checking device 3 (watcher_device_reader.cpp:410)
2026-09-02 22:13:23.570 | info     |           Metal | Watcher checking device 0 (watcher_device_reader.cpp:410)
2026-09-02 22:13:23.577 | info     |           Metal | Watcher checking device 1 (watcher_device_reader.cpp:410)
2026-09-02 22:13:23.584 | info     |           Metal | Watcher checking device 2 (watcher_device_reader.cpp:410)
2026-09-02 22:13:23.591 | info     |           Metal | Watcher checking device 3 (watcher_device_reader.cpp:410)
  [   4.2s]   layer 1 (moe) built [2/47]
2026-09-02 22:13:25.600 | info     |           Metal | Watcher checking device 0 (watcher_device_reader.cpp:410)
2026-09-02 22:13:25.610 | info     |           Metal | Watcher checking device 1 (watcher_device_reader.cpp:410)
2026-09-02 22:13:25.619 | info     |           Metal | Watcher checking device 2 (watcher_device_reader.cpp:410)
2026-09-02 22:13:25.627 | info     |           Metal | Watcher checking device 3 (watcher_device_reader.cpp:410)
  [   7.8s]   layer 2 (moe) built [3/47]
2026-09-02 22:13:27.640 | info     |           Metal | Watcher checking device 0 (watcher_device_reader.cpp:410)
2026-09-02 22:13:27.649 | info     |           Metal | Watcher checking device 1 (watcher_device_reader.cpp:410)
2026-09-02 22:13:27.658 | info     |           Metal | Watcher checking device 2 (watcher_device_reader.cpp:410)
2026-09-02 22:13:27.667 | info     |           Metal | Watcher checking device 3 (watcher_device_reader.cpp:410)
2026-09-02 22:13:29.682 | info     |           Metal | Watcher checking device 0 (watcher_device_reader.cpp:410)
2026-09-02 22:13:29.689 | info     |           Metal | Watcher checking device 1 (watcher_device_reader.cpp:410)
2026-09-02 22:13:29.695 | info     |           Metal | Watcher checking device 2 (watcher_device_reader.cpp:410)
2026-09-02 22:13:29.702 | info     |           Metal | Watcher checking device 3 (watcher_device_reader.cpp:410)
  [  11.4s]   layer 3 (moe) built [4/47]
2026-09-02 22:13:31.715 | info     |           Metal | Watcher checking device 0 (watcher_device_reader.cpp:410)
2026-09-02 22:13:31.722 | info     |           Metal | Watcher checking device 1 (watcher_device_reader.cpp:410)
2026-09-02 22:13:31.728 | info     |           Metal | Watcher checking device 2 (watcher_device_reader.cpp:410)
2026-09-02 22:13:31.735 | info     |           Metal | Watcher checking device 3 (watcher_device_reader.cpp:410)
2026-09-02 22:13:33.750 | info     |           Metal | Watcher checking device 0 (watcher_device_reader.cpp:410)
2026-09-02 22:13:33.762 | info     |           Metal | Watcher checking device 1 (watcher_device_reader.cpp:410)
2026-09-02 22:13:33.775 | info     |           Metal | Watcher checking device 2 (watcher_device_reader.cpp:410)
2026-09-02 22:13:33.791 | info     |           Metal | Watcher checking device 3 (watcher_device_reader.cpp:410)
  [  15.0s]   layer 4 (moe) built [5/47]
2026-09-02 22:13:35.807 | info     |           Metal | Watcher checking device 0 (watcher_device_reader.cpp:410)
2026-09-02 22:13:35.820 | info     |           Metal | Watcher checking device 1 (watcher_device_reader.cpp:410)
2026-09-02 22:13:35.836 | info     |           Metal | Watcher checking device 2 (watcher_device_reader.cpp:410)
2026-09-02 22:13:35.850 | info     |           Metal | Watcher checking device 3 (watcher_device_reader.cpp:410)
2026-09-02 22:13:37.867 | info     |           Metal | Watcher checking device 0 (watcher_device_reader.cpp:410)
2026-09-02 22:13:37.874 | info     |           Metal | Watcher checking device 1 (watcher_device_reader.cpp:410)
2026-09-02 22:13:37.881 | info     |           Metal | Watcher checking device 2 (watcher_device_reader.cpp:410)
2026-09-02 22:13:37.887 | info     |           Metal | Watcher checking device 3 (watcher_device_reader.cpp:410)
  [  18.7s]   layer 5 (moe) built [6/47]
2026-09-02 22:13:39.898 | info     |           Metal | Watcher checking device 0 (watcher_device_reader.cpp:410)
2026-09-02 22:13:39.905 | info     |           Metal | Watcher checking device 1 (watcher_device_reader.cpp:410)
2026-09-02 22:13:39.912 | info     |           Metal | Watcher checking device 2 (watcher_device_reader.cpp:410)
2026-09-02 22:13:39.919 | info     |           Metal | Watcher checking device 3 (watcher_device_reader.cpp:410)
  [  22.3s]   layer 6 (moe) built [7/47]
2026-09-02 22:13:41.929 | info     |           Metal | Watcher checking device 0 (watcher_device_reader.cpp:410)
2026-09-02 22:13:41.942 | info     |           Metal | Watcher checking device 1 (watcher_device_reader.cpp:410)
2026-09-02 22:13:41.953 | info     |           Metal | Watcher checking device 2 (watcher_device_reader.cpp:410)
2026-09-02 22:13:41.964 | info     |           Metal | Watcher checking device 3 (watcher_device_reader.cpp:410)
2026-09-02 22:13:43.984 | info     |           Metal | Watcher checking device 0 (watcher_device_reader.cpp:410)
2026-09-02 22:13:43.993 | info     |           Metal | Watcher checking device 1 (watcher_device_reader.cpp:410)
2026-09-02 22:13:44.002 | info     |           Metal | Watcher checking device 2 (watcher_device_reader.cpp:410)
2026-09-02 22:13:44.010 | info     |           Metal | Watcher checking device 3 (watcher_device_reader.cpp:410)
  [  25.9s]   layer 7 (moe) built [8/47]
2026-09-02 22:13:46.023 | info     |           Metal | Watcher checking device 0 (watcher_device_reader.cpp:410)
2026-09-02 22:13:46.032 | info     |           Metal | Watcher checking device 1 (watcher_device_reader.cpp:410)
2026-09-02 22:13:46.040 | info     |           Metal | Watcher checking device 2 (watcher_device_reader.cpp:410)
2026-09-02 22:13:46.048 | info     |           Metal | Watcher checking device 3 (watcher_device_reader.cpp:410)
2026-09-02 22:13:48.062 | info     |           Metal | Watcher checking device 0 (watcher_device_reader.cpp:410)
2026-09-02 22:13:48.069 | info     |           Metal | Watcher checking device 1 (watcher_device_reader.cpp:410)
2026-09-02 22:13:48.076 | info     |           Metal | Watcher checking device 2 (watcher_device_reader.cpp:410)
2026-09-02 22:13:48.082 | info     |           Metal | Watcher checking device 3 (watcher_device_reader.cpp:410)
  [  29.5s]   layer 8 (moe) built [9/47]
2026-09-02 22:13:50.096 | info     |           Metal | Watcher checking device 0 (watcher_device_reader.cpp:410)
2026-09-02 22:13:50.103 | info     |           Metal | Watcher checking device 1 (watcher_device_reader.cpp:410)
2026-09-02 22:13:50.110 | info     |           Metal | Watcher checking device 2 (watcher_device_reader.cpp:410)
2026-09-02 22:13:50.116 | info     |           Metal | Watcher checking device 3 (watcher_device_reader.cpp:410)
2026-09-02 22:13:52.126 | info     |           Metal | Watcher checking device 0 (watcher_device_reader.cpp:410)
2026-09-02 22:13:52.135 | info     |           Metal | Watcher checking device 1 (watcher_device_reader.cpp:410)
2026-09-02 22:13:52.143 | info     |           Metal | Watcher checking device 2 (watcher_device_reader.cpp:410)
2026-09-02 22:13:52.151 | info     |           Metal | Watcher checking device 3 (watcher_device_reader.cpp:410)
  [  33.2s]   layer 9 (moe) built [10/47]
2026-09-02 22:13:54.165 | info     |           Metal | Watcher checking device 0 (watcher_device_reader.cpp:410)
2026-09-02 22:13:54.173 | info     |           Metal | Watcher checking device 1 (watcher_device_reader.cpp:410)
2026-09-02 22:13:54.179 | info     |           Metal | Watcher checking device 2 (watcher_device_reader.cpp:410)
2026-09-02 22:13:54.186 | info     |           Metal | Watcher checking device 3 (watcher_device_reader.cpp:410)
2026-09-02 22:13:56.197 | info     |           Metal | Watcher checking device 0 (watcher_device_reader.cpp:410)
2026-09-02 22:13:56.206 | info     |           Metal | Watcher checking device 1 (watcher_device_reader.cpp:410)
2026-09-02 22:13:56.213 | info     |           Metal | Watcher checking device 2 (watcher_device_reader.cpp:410)
2026-09-02 22:13:56.220 | info     |           Metal | Watcher checking device 3 (watcher_device_reader.cpp:410)
  [  36.8s]   layer 10 (moe) built [11/47]
2026-09-02 22:13:58.231 | info     |           Metal | Watcher checking device 0 (watcher_device_reader.cpp:410)
2026-09-02 22:13:58.240 | info     |           Metal | Watcher checking device 1 (watcher_device_reader.cpp:410)
2026-09-02 22:13:58.248 | info     |           Metal | Watcher checking device 2 (watcher_device_reader.cpp:410)
2026-09-02 22:13:58.257 | info     |           Metal | Watcher checking device 3 (watcher_device_reader.cpp:410)
  [  40.4s]   layer 11 (moe) built [12/47]
2026-09-02 22:14:00.268 | info     |           Metal | Watcher checking device 0 (watcher_device_reader.cpp:410)
2026-09-02 22:14:00.276 | info     |           Metal | Watcher checking device 1 (watcher_device_reader.cpp:410)
2026-09-02 22:14:00.284 | info     |           Metal | Watcher checking device 2 (watcher_device_reader.cpp:410)
2026-09-02 22:14:00.292 | info     |           Metal | Watcher checking device 3 (watcher_device_reader.cpp:410)
2026-09-02 22:14:02.305 | info     |           Metal | Watcher checking device 0 (watcher_device_reader.cpp:410)
2026-09-02 22:14:02.311 | info     |           Metal | Watcher checking device 1 (watcher_device_reader.cpp:410)
2026-09-02 22:14:02.318 | info     |           Metal | Watcher checking device 2 (watcher_device_reader.cpp:410)
2026-09-02 22:14:02.325 | info     |           Metal | Watcher checking device 3 (watcher_device_reader.cpp:410)
  [  44.1s]   layer 12 (moe) built [13/47]
2026-09-02 22:14:04.335 | info     |           Metal | Watcher checking device 0 (watcher_device_reader.cpp:410)
2026-09-02 22:14:04.342 | info     |           Metal | Watcher checking device 1 (watcher_device_reader.cpp:410)
2026-09-02 22:14:04.348 | info     |           Metal | Watcher checking device 2 (watcher_device_reader.cpp:410)
2026-09-02 22:14:04.355 | info     |           Metal | Watcher checking device 3 (watcher_device_reader.cpp:410)
2026-09-02 22:14:06.366 | info     |           Metal | Watcher checking device 0 (watcher_device_reader.cpp:410)
2026-09-02 22:14:06.380 | info     |           Metal | Watcher checking device 1 (watcher_device_reader.cpp:410)
2026-09-02 22:14:06.394 | info     |           Metal | Watcher checking device 2 (watcher_device_reader.cpp:410)
2026-09-02 22:14:06.408 | info     |           Metal | Watcher checking device 3 (watcher_device_reader.cpp:410)
  [  47.7s]   layer 13 (moe) built [14/47]
2026-09-02 22:14:08.427 | info     |           Metal | Watcher checking device 0 (watcher_device_reader.cpp:410)
2026-09-02 22:14:08.439 | info     |           Metal | Watcher checking device 1 (watcher_device_reader.cpp:410)
2026-09-02 22:14:08.453 | info     |           Metal | Watcher checking device 2 (watcher_device_reader.cpp:410)
2026-09-02 22:14:08.469 | info     |           Metal | Watcher checking device 3 (watcher_device_reader.cpp:410)
2026-09-02 22:14:10.488 | info     |           Metal | Watcher checking device 0 (watcher_device_reader.cpp:410)
2026-09-02 22:14:10.494 | info     |           Metal | Watcher checking device 1 (watcher_device_reader.cpp:410)
2026-09-02 22:14:10.501 | info     |           Metal | Watcher checking device 2 (watcher_device_reader.cpp:410)
2026-09-02 22:14:10.508 | info     |           Metal | Watcher checking device 3 (watcher_device_reader.cpp:410)
  [  51.3s]   layer 14 (moe) built [15/47]
2026-09-02 22:14:12.523 | info     |           Metal | Watcher checking device 0 (watcher_device_reader.cpp:410)
2026-09-02 22:14:12.531 | info     |           Metal | Watcher checking device 1 (watcher_device_reader.cpp:410)
2026-09-02 22:14:12.537 | info     |           Metal | Watcher checking device 2 (watcher_device_reader.cpp:410)
2026-09-02 22:14:12.544 | info     |           Metal | Watcher checking device 3 (watcher_device_reader.cpp:410)
  [  54.9s]   layer 15 (moe) built [16/47]
2026-09-02 22:14:14.554 | info     |           Metal | Watcher checking device 0 (watcher_device_reader.cpp:410)
2026-09-02 22:14:14.566 | info     |           Metal | Watcher checking device 1 (watcher_device_reader.cpp:410)
2026-09-02 22:14:14.578 | info     |           Metal | Watcher checking device 2 (watcher_device_reader.cpp:410)
2026-09-02 22:14:14.589 | info     |           Metal | Watcher checking device 3 (watcher_device_reader.cpp:410)
2026-09-02 22:14:16.606 | info     |           Metal | Watcher checking device 0 (watcher_device_reader.cpp:410)
2026-09-02 22:14:16.615 | info     |           Metal | Watcher checking device 1 (watcher_device_reader.cpp:410)
2026-09-02 22:14:16.624 | info     |           Metal | Watcher checking device 2 (watcher_device_reader.cpp:410)
2026-09-02 22:14:16.633 | info     |           Metal | Watcher checking device 3 (watcher_device_reader.cpp:410)
  [  58.5s]   layer 16 (moe) built [17/47]
2026-09-02 22:14:18.646 | info     |           Metal | Watcher checking device 0 (watcher_device_reader.cpp:410)
2026-09-02 22:14:18.654 | info     |           Metal | Watcher checking device 1 (watcher_device_reader.cpp:410)
2026-09-02 22:14:18.662 | info     |           Metal | Watcher checking device 2 (watcher_device_reader.cpp:410)
2026-09-02 22:14:18.670 | info     |           Metal | Watcher checking device 3 (watcher_device_reader.cpp:410)
2026-09-02 22:14:20.683 | info     |           Metal | Watcher checking device 0 (watcher_device_reader.cpp:410)
2026-09-02 22:14:20.690 | info     |           Metal | Watcher checking device 1 (watcher_device_reader.cpp:410)
2026-09-02 22:14:20.696 | info     |           Metal | Watcher checking device 2 (watcher_device_reader.cpp:410)
2026-09-02 22:14:20.703 | info     |           Metal | Watcher checking device 3 (watcher_device_reader.cpp:410)
  [  62.1s]   layer 17 (moe) built [18/47]
2026-09-02 22:14:22.712 | info     |           Metal | Watcher checking device 0 (watcher_device_reader.cpp:410)
2026-09-02 22:14:22.719 | info     |           Metal | Watcher checking device 1 (watcher_device_reader.cpp:410)
2026-09-02 22:14:22.726 | info     |           Metal | Watcher checking device 2 (watcher_device_reader.cpp:410)
2026-09-02 22:14:22.733 | info     |           Metal | Watcher checking device 3 (watcher_device_reader.cpp:410)
2026-09-02 22:14:24.742 | info     |           Metal | Watcher checking device 0 (watcher_device_reader.cpp:410)
2026-09-02 22:14:24.751 | info     |           Metal | Watcher checking device 1 (watcher_device_reader.cpp:410)
2026-09-02 22:14:24.759 | info     |           Metal | Watcher checking device 2 (watcher_device_reader.cpp:410)
2026-09-02 22:14:24.767 | info     |           Metal | Watcher checking device 3 (watcher_device_reader.cpp:410)
  [  65.8s]   layer 18 (moe) built [19/47]
2026-09-02 22:14:26.780 | info     |           Metal | Watcher checking device 0 (watcher_device_reader.cpp:410)
2026-09-02 22:14:26.787 | info     |           Metal | Watcher checking device 1 (watcher_device_reader.cpp:410)
2026-09-02 22:14:26.794 | info     |           Metal | Watcher checking device 2 (watcher_device_reader.cpp:410)
2026-09-02 22:14:26.801 | info     |           Metal | Watcher checking device 3 (watcher_device_reader.cpp:410)
2026-09-02 22:14:28.814 | info     |           Metal | Watcher checking device 0 (watcher_device_reader.cpp:410)
2026-09-02 22:14:28.821 | info     |           Metal | Watcher checking device 1 (watcher_device_reader.cpp:410)
2026-09-02 22:14:28.828 | info     |           Metal | Watcher checking device 2 (watcher_device_reader.cpp:410)
2026-09-02 22:14:28.834 | info     |           Metal | Watcher checking device 3 (watcher_device_reader.cpp:410)
  [  69.4s]   layer 19 (moe) built [20/47]
2026-09-02 22:14:30.845 | info     |           Metal | Watcher checking device 0 (watcher_device_reader.cpp:410)
2026-09-02 22:14:30.855 | info     |           Metal | Watcher checking device 1 (watcher_device_reader.cpp:410)
2026-09-02 22:14:30.863 | info     |           Metal | Watcher checking device 2 (watcher_device_reader.cpp:410)
2026-09-02 22:14:30.872 | info     |           Metal | Watcher checking device 3 (watcher_device_reader.cpp:410)
  [  73.0s]   layer 20 (moe) built [21/47]
2026-09-02 22:14:32.885 | info     |           Metal | Watcher checking device 0 (watcher_device_reader.cpp:410)
2026-09-02 22:14:32.895 | info     |           Metal | Watcher checking device 1 (watcher_device_reader.cpp:410)
2026-09-02 22:14:32.903 | info     |           Metal | Watcher checking device 2 (watcher_device_reader.cpp:410)
2026-09-02 22:14:32.911 | info     |           Metal | Watcher checking device 3 (watcher_device_reader.cpp:410)
2026-09-02 22:14:34.922 | info     |           Metal | Watcher checking device 0 (watcher_device_reader.cpp:410)
2026-09-02 22:14:34.929 | info     |           Metal | Watcher checking device 1 (watcher_device_reader.cpp:410)
2026-09-02 22:14:34.935 | info     |           Metal | Watcher checking device 2 (watcher_device_reader.cpp:410)
2026-09-02 22:14:34.942 | info     |           Metal | Watcher checking device 3 (watcher_device_reader.cpp:410)
  [  76.7s]   layer 21 (moe) built [22/47]
2026-09-02 22:14:36.954 | info     |           Metal | Watcher checking device 0 (watcher_device_reader.cpp:410)
2026-09-02 22:14:36.961 | info     |           Metal | Watcher checking device 1 (watcher_device_reader.cpp:410)
2026-09-02 22:14:36.967 | info     |           Metal | Watcher checking device 2 (watcher_device_reader.cpp:410)
2026-09-02 22:14:36.974 | info     |           Metal | Watcher checking device 3 (watcher_device_reader.cpp:410)
2026-09-02 22:14:38.987 | info     |           Metal | Watcher checking device 0 (watcher_device_reader.cpp:410)
2026-09-02 22:14:39.000 | info     |           Metal | Watcher checking device 1 (watcher_device_reader.cpp:410)
2026-09-02 22:14:39.013 | info     |           Metal | Watcher checking device 2 (watcher_device_reader.cpp:410)
2026-09-02 22:14:39.026 | info     |           Metal | Watcher checking device 3 (watcher_device_reader.cpp:410)
  [  80.3s]   layer 22 (moe) built [23/47]
2026-09-02 22:14:41.041 | info     |           Metal | Watcher checking device 0 (watcher_device_reader.cpp:410)
2026-09-02 22:14:41.057 | info     |           Metal | Watcher checking device 1 (watcher_device_reader.cpp:410)
2026-09-02 22:14:41.070 | info     |           Metal | Watcher checking device 2 (watcher_device_reader.cpp:410)
2026-09-02 22:14:41.082 | info     |           Metal | Watcher checking device 3 (watcher_device_reader.cpp:410)
2026-09-02 22:14:43.101 | info     |           Metal | Watcher checking device 0 (watcher_device_reader.cpp:410)
2026-09-02 22:14:43.107 | info     |           Metal | Watcher checking device 1 (watcher_device_reader.cpp:410)
2026-09-02 22:14:43.114 | info     |           Metal | Watcher checking device 2 (watcher_device_reader.cpp:410)
2026-09-02 22:14:43.121 | info     |           Metal | Watcher checking device 3 (watcher_device_reader.cpp:410)
  [  83.9s]   layer 23 (moe) built [24/47]
2026-09-02 22:14:45.132 | info     |           Metal | Watcher checking device 0 (watcher_device_reader.cpp:410)
2026-09-02 22:14:45.139 | info     |           Metal | Watcher checking device 1 (watcher_device_reader.cpp:410)
2026-09-02 22:14:45.146 | info     |           Metal | Watcher checking device 2 (watcher_device_reader.cpp:410)
2026-09-02 22:14:45.152 | info     |           Metal | Watcher checking device 3 (watcher_device_reader.cpp:410)
2026-09-02 22:14:47.163 | info     |           Metal | Watcher checking device 0 (watcher_device_reader.cpp:410)
2026-09-02 22:14:47.170 | info     |           Metal | Watcher checking device 1 (watcher_device_reader.cpp:410)
  [  87.6s]   layer 24 (moe) built [25/47]
2026-09-02 22:14:47.177 | info     |           Metal | Watcher checking device 2 (watcher_device_reader.cpp:410)
2026-09-02 22:14:47.186 | info     |           Metal | Watcher checking device 3 (watcher_device_reader.cpp:410)
2026-09-02 22:14:49.199 | info     |           Metal | Watcher checking device 0 (watcher_device_reader.cpp:410)
2026-09-02 22:14:49.208 | info     |           Metal | Watcher checking device 1 (watcher_device_reader.cpp:410)
2026-09-02 22:14:49.217 | info     |           Metal | Watcher checking device 2 (watcher_device_reader.cpp:410)
2026-09-02 22:14:49.225 | info     |           Metal | Watcher checking device 3 (watcher_device_reader.cpp:410)
  [  91.2s]   layer 25 (moe) built [26/47]
2026-09-02 22:14:51.239 | info     |           Metal | Watcher checking device 0 (watcher_device_reader.cpp:410)
2026-09-02 22:14:51.247 | info     |           Metal | Watcher checking device 1 (watcher_device_reader.cpp:410)
2026-09-02 22:14:51.255 | info     |           Metal | Watcher checking device 2 (watcher_device_reader.cpp:410)
2026-09-02 22:14:51.264 | info     |           Metal | Watcher checking device 3 (watcher_device_reader.cpp:410)
2026-09-02 22:14:53.281 | info     |           Metal | Watcher checking device 0 (watcher_device_reader.cpp:410)
2026-09-02 22:14:53.288 | info     |           Metal | Watcher checking device 1 (watcher_device_reader.cpp:410)
2026-09-02 22:14:53.294 | info     |           Metal | Watcher checking device 2 (watcher_device_reader.cpp:410)
2026-09-02 22:14:53.301 | info     |           Metal | Watcher checking device 3 (watcher_device_reader.cpp:410)
  [  94.8s]   layer 26 (moe) built [27/47]
2026-09-02 22:14:55.313 | info     |           Metal | Watcher checking device 0 (watcher_device_reader.cpp:410)
2026-09-02 22:14:55.320 | info     |           Metal | Watcher checking device 1 (watcher_device_reader.cpp:410)
2026-09-02 22:14:55.327 | info     |           Metal | Watcher checking device 2 (watcher_device_reader.cpp:410)
2026-09-02 22:14:55.333 | info     |           Metal | Watcher checking device 3 (watcher_device_reader.cpp:410)
2026-09-02 22:14:57.342 | info     |           Metal | Watcher checking device 0 (watcher_device_reader.cpp:410)
2026-09-02 22:14:57.349 | info     |           Metal | Watcher checking device 1 (watcher_device_reader.cpp:410)
2026-09-02 22:14:57.356 | info     |           Metal | Watcher checking device 2 (watcher_device_reader.cpp:410)
2026-09-02 22:14:57.362 | info     |           Metal | Watcher checking device 3 (watcher_device_reader.cpp:410)
  [  98.5s]   layer 27 (moe) built [28/47]
2026-09-02 22:14:59.374 | info     |           Metal | Watcher checking device 0 (watcher_device_reader.cpp:410)
2026-09-02 22:14:59.381 | info     |           Metal | Watcher checking device 1 (watcher_device_reader.cpp:410)
2026-09-02 22:14:59.388 | info     |           Metal | Watcher checking device 2 (watcher_device_reader.cpp:410)
2026-09-02 22:14:59.395 | info     |           Metal | Watcher checking device 3 (watcher_device_reader.cpp:410)
2026-09-02 22:15:01.406 | info     |           Metal | Watcher checking device 0 (watcher_device_reader.cpp:410)
2026-09-02 22:15:01.413 | info     |           Metal | Watcher checking device 1 (watcher_device_reader.cpp:410)
2026-09-02 22:15:01.420 | info     |           Metal | Watcher checking device 2 (watcher_device_reader.cpp:410)
2026-09-02 22:15:01.427 | info     |           Metal | Watcher checking device 3 (watcher_device_reader.cpp:410)
  [ 102.0s]   layer 28 (moe) built [29/47]
2026-09-02 22:15:03.438 | info     |           Metal | Watcher checking device 0 (watcher_device_reader.cpp:410)
2026-09-02 22:15:03.447 | info     |           Metal | Watcher checking device 1 (watcher_device_reader.cpp:410)
2026-09-02 22:15:03.455 | info     |           Metal | Watcher checking device 2 (watcher_device_reader.cpp:410)
2026-09-02 22:15:03.463 | info     |           Metal | Watcher checking device 3 (watcher_device_reader.cpp:410)
  [ 105.7s]   layer 29 (moe) built [30/47]
2026-09-02 22:15:05.476 | info     |           Metal | Watcher checking device 0 (watcher_device_reader.cpp:410)
2026-09-02 22:15:05.484 | info     |           Metal | Watcher checking device 1 (watcher_device_reader.cpp:410)
2026-09-02 22:15:05.493 | info     |           Metal | Watcher checking device 2 (watcher_device_reader.cpp:410)
2026-09-02 22:15:05.501 | info     |           Metal | Watcher checking device 3 (watcher_device_reader.cpp:410)
2026-09-02 22:15:07.516 | info     |           Metal | Watcher checking device 0 (watcher_device_reader.cpp:410)
2026-09-02 22:15:07.526 | info     |           Metal | Watcher checking device 1 (watcher_device_reader.cpp:410)
2026-09-02 22:15:07.536 | info     |           Metal | Watcher checking device 2 (watcher_device_reader.cpp:410)
2026-09-02 22:15:07.545 | info     |           Metal | Watcher checking device 3 (watcher_device_reader.cpp:410)
  [ 109.3s]   layer 30 (moe) built [31/47]
2026-09-02 22:15:09.557 | info     |           Metal | Watcher checking device 0 (watcher_device_reader.cpp:410)
2026-09-02 22:15:09.564 | info     |           Metal | Watcher checking device 1 (watcher_device_reader.cpp:410)
2026-09-02 22:15:09.570 | info     |           Metal | Watcher checking device 2 (watcher_device_reader.cpp:410)
2026-09-02 22:15:09.577 | info     |           Metal | Watcher checking device 3 (watcher_device_reader.cpp:410)
2026-09-02 22:15:11.592 | info     |           Metal | Watcher checking device 0 (watcher_device_reader.cpp:410)
2026-09-02 22:15:11.599 | info     |           Metal | Watcher checking device 1 (watcher_device_reader.cpp:410)
2026-09-02 22:15:11.606 | info     |           Metal | Watcher checking device 2 (watcher_device_reader.cpp:410)
2026-09-02 22:15:11.613 | info     |           Metal | Watcher checking device 3 (watcher_device_reader.cpp:410)
  [ 113.0s]   layer 31 (moe) built [32/47]
2026-09-02 22:15:13.624 | info     |           Metal | Watcher checking device 0 (watcher_device_reader.cpp:410)
2026-09-02 22:15:13.631 | info     |           Metal | Watcher checking device 1 (watcher_device_reader.cpp:410)
2026-09-02 22:15:13.638 | info     |           Metal | Watcher checking device 2 (watcher_device_reader.cpp:410)
2026-09-02 22:15:13.645 | info     |           Metal | Watcher checking device 3 (watcher_device_reader.cpp:410)
2026-09-02 22:15:15.655 | info     |           Metal | Watcher checking device 0 (watcher_device_reader.cpp:410)
2026-09-02 22:15:15.664 | info     |           Metal | Watcher checking device 1 (watcher_device_reader.cpp:410)
2026-09-02 22:15:15.673 | info     |           Metal | Watcher checking device 2 (watcher_device_reader.cpp:410)
2026-09-02 22:15:15.680 | info     |           Metal | Watcher checking device 3 (watcher_device_reader.cpp:410)
  [ 116.5s]   layer 32 (moe) built [33/47]
2026-09-02 22:15:17.697 | info     |           Metal | Watcher checking device 0 (watcher_device_reader.cpp:410)
2026-09-02 22:15:17.710 | info     |           Metal | Watcher checking device 1 (watcher_device_reader.cpp:410)
2026-09-02 22:15:17.723 | info     |           Metal | Watcher checking device 2 (watcher_device_reader.cpp:410)
2026-09-02 22:15:17.736 | info     |           Metal | Watcher checking device 3 (watcher_device_reader.cpp:410)
2026-09-02 22:15:19.748 | info     |           Metal | Watcher checking device 0 (watcher_device_reader.cpp:410)
2026-09-02 22:15:19.755 | info     |           Metal | Watcher checking device 1 (watcher_device_reader.cpp:410)
2026-09-02 22:15:19.762 | info     |           Metal | Watcher checking device 2 (watcher_device_reader.cpp:410)
2026-09-02 22:15:19.769 | info     |           Metal | Watcher checking device 3 (watcher_device_reader.cpp:410)
  [ 120.2s]   layer 33 (moe) built [34/47]
2026-09-02 22:15:21.782 | info     |           Metal | Watcher checking device 0 (watcher_device_reader.cpp:410)
2026-09-02 22:15:21.790 | info     |           Metal | Watcher checking device 1 (watcher_device_reader.cpp:410)
2026-09-02 22:15:21.798 | info     |           Metal | Watcher checking device 2 (watcher_device_reader.cpp:410)
2026-09-02 22:15:21.807 | info     |           Metal | Watcher checking device 3 (watcher_device_reader.cpp:410)
  [ 123.8s]   layer 34 (moe) built [35/47]
2026-09-02 22:15:23.821 | info     |           Metal | Watcher checking device 0 (watcher_device_reader.cpp:410)
2026-09-02 22:15:23.829 | info     |           Metal | Watcher checking device 1 (watcher_device_reader.cpp:410)
2026-09-02 22:15:23.838 | info     |           Metal | Watcher checking device 2 (watcher_device_reader.cpp:410)
2026-09-02 22:15:23.847 | info     |           Metal | Watcher checking device 3 (watcher_device_reader.cpp:410)
2026-09-02 22:15:25.861 | info     |           Metal | Watcher checking device 0 (watcher_device_reader.cpp:410)
2026-09-02 22:15:25.868 | info     |           Metal | Watcher checking device 1 (watcher_device_reader.cpp:410)
2026-09-02 22:15:25.874 | info     |           Metal | Watcher checking device 2 (watcher_device_reader.cpp:410)
2026-09-02 22:15:25.881 | info     |           Metal | Watcher checking device 3 (watcher_device_reader.cpp:410)
  [ 127.4s]   layer 35 (moe) built [36/47]
2026-09-02 22:15:27.891 | info     |           Metal | Watcher checking device 0 (watcher_device_reader.cpp:410)
2026-09-02 22:15:27.905 | info     |           Metal | Watcher checking device 1 (watcher_device_reader.cpp:410)
2026-09-02 22:15:27.918 | info     |           Metal | Watcher checking device 2 (watcher_device_reader.cpp:410)
2026-09-02 22:15:27.934 | info     |           Metal | Watcher checking device 3 (watcher_device_reader.cpp:410)
2026-09-02 22:15:29.952 | info     |           Metal | Watcher checking device 0 (watcher_device_reader.cpp:410)
2026-09-02 22:15:29.959 | info     |           Metal | Watcher checking device 1 (watcher_device_reader.cpp:410)
2026-09-02 22:15:29.966 | info     |           Metal | Watcher checking device 2 (watcher_device_reader.cpp:410)
2026-09-02 22:15:29.973 | info     |           Metal | Watcher checking device 3 (watcher_device_reader.cpp:410)
  [ 131.1s]   layer 36 (moe) built [37/47]
2026-09-02 22:15:31.986 | info     |           Metal | Watcher checking device 0 (watcher_device_reader.cpp:410)
2026-09-02 22:15:31.993 | info     |           Metal | Watcher checking device 1 (watcher_device_reader.cpp:410)
2026-09-02 22:15:32.000 | info     |           Metal | Watcher checking device 2 (watcher_device_reader.cpp:410)
2026-09-02 22:15:32.007 | info     |           Metal | Watcher checking device 3 (watcher_device_reader.cpp:410)
2026-09-02 22:15:34.019 | info     |           Metal | Watcher checking device 0 (watcher_device_reader.cpp:410)
2026-09-02 22:15:34.031 | info     |           Metal | Watcher checking device 1 (watcher_device_reader.cpp:410)
2026-09-02 22:15:34.045 | info     |           Metal | Watcher checking device 2 (watcher_device_reader.cpp:410)
2026-09-02 22:15:34.061 | info     |           Metal | Watcher checking device 3 (watcher_device_reader.cpp:410)
  [ 134.7s]   layer 37 (moe) built [38/47]
2026-09-02 22:15:36.080 | info     |           Metal | Watcher checking device 0 (watcher_device_reader.cpp:410)
2026-09-02 22:15:36.087 | info     |           Metal | Watcher checking device 1 (watcher_device_reader.cpp:410)
2026-09-02 22:15:36.094 | info     |           Metal | Watcher checking device 2 (watcher_device_reader.cpp:410)
2026-09-02 22:15:36.101 | info     |           Metal | Watcher checking device 3 (watcher_device_reader.cpp:410)
  [ 138.4s]   layer 38 (moe) built [39/47]
2026-09-02 22:15:38.111 | info     |           Metal | Watcher checking device 0 (watcher_device_reader.cpp:410)
2026-09-02 22:15:38.118 | info     |           Metal | Watcher checking device 1 (watcher_device_reader.cpp:410)
2026-09-02 22:15:38.125 | info     |           Metal | Watcher checking device 2 (watcher_device_reader.cpp:410)
2026-09-02 22:15:38.132 | info     |           Metal | Watcher checking device 3 (watcher_device_reader.cpp:410)
2026-09-02 22:15:40.144 | info     |           Metal | Watcher checking device 0 (watcher_device_reader.cpp:410)
2026-09-02 22:15:40.154 | info     |           Metal | Watcher checking device 1 (watcher_device_reader.cpp:410)
2026-09-02 22:15:40.163 | info     |           Metal | Watcher checking device 2 (watcher_device_reader.cpp:410)
2026-09-02 22:15:40.173 | info     |           Metal | Watcher checking device 3 (watcher_device_reader.cpp:410)
  [ 142.0s]   layer 39 (moe) built [40/47]
2026-09-02 22:15:42.185 | info     |           Metal | Watcher checking device 0 (watcher_device_reader.cpp:410)
2026-09-02 22:15:42.193 | info     |           Metal | Watcher checking device 1 (watcher_device_reader.cpp:410)
2026-09-02 22:15:42.202 | info     |           Metal | Watcher checking device 2 (watcher_device_reader.cpp:410)
2026-09-02 22:15:42.210 | info     |           Metal | Watcher checking device 3 (watcher_device_reader.cpp:410)
2026-09-02 22:15:44.224 | info     |           Metal | Watcher checking device 0 (watcher_device_reader.cpp:410)
2026-09-02 22:15:44.231 | info     |           Metal | Watcher checking device 1 (watcher_device_reader.cpp:410)
2026-09-02 22:15:44.238 | info     |           Metal | Watcher checking device 2 (watcher_device_reader.cpp:410)
2026-09-02 22:15:44.245 | info     |           Metal | Watcher checking device 3 (watcher_device_reader.cpp:410)
  [ 145.6s]   layer 40 (moe) built [41/47]
2026-09-02 22:15:46.254 | info     |           Metal | Watcher checking device 0 (watcher_device_reader.cpp:410)
2026-09-02 22:15:46.261 | info     |           Metal | Watcher checking device 1 (watcher_device_reader.cpp:410)
2026-09-02 22:15:46.268 | info     |           Metal | Watcher checking device 2 (watcher_device_reader.cpp:410)
2026-09-02 22:15:46.274 | info     |           Metal | Watcher checking device 3 (watcher_device_reader.cpp:410)
2026-09-02 22:15:48.284 | info     |           Metal | Watcher checking device 0 (watcher_device_reader.cpp:410)
2026-09-02 22:15:48.292 | info     |           Metal | Watcher checking device 1 (watcher_device_reader.cpp:410)
2026-09-02 22:15:48.300 | info     |           Metal | Watcher checking device 2 (watcher_device_reader.cpp:410)
2026-09-02 22:15:48.308 | info     |           Metal | Watcher checking device 3 (watcher_device_reader.cpp:410)
  [ 149.3s]   layer 41 (moe) built [42/47]
2026-09-02 22:15:50.321 | info     |           Metal | Watcher checking device 0 (watcher_device_reader.cpp:410)
2026-09-02 22:15:50.328 | info     |           Metal | Watcher checking device 1 (watcher_device_reader.cpp:410)
2026-09-02 22:15:50.341 | info     |           Metal | Watcher checking device 2 (watcher_device_reader.cpp:410)
2026-09-02 22:15:50.354 | info     |           Metal | Watcher checking device 3 (watcher_device_reader.cpp:410)
2026-09-02 22:15:52.364 | info     |           Metal | Watcher checking device 0 (watcher_device_reader.cpp:410)
2026-09-02 22:15:52.371 | info     |           Metal | Watcher checking device 1 (watcher_device_reader.cpp:410)
2026-09-02 22:15:52.378 | info     |           Metal | Watcher checking device 2 (watcher_device_reader.cpp:410)
2026-09-02 22:15:52.385 | info     |           Metal | Watcher checking device 3 (watcher_device_reader.cpp:410)
  [ 152.9s]   layer 42 (moe) built [43/47]
2026-09-02 22:15:54.395 | info     |           Metal | Watcher checking device 0 (watcher_device_reader.cpp:410)
2026-09-02 22:15:54.405 | info     |           Metal | Watcher checking device 1 (watcher_device_reader.cpp:410)
2026-09-02 22:15:54.414 | info     |           Metal | Watcher checking device 2 (watcher_device_reader.cpp:410)
2026-09-02 22:15:54.423 | info     |           Metal | Watcher checking device 3 (watcher_device_reader.cpp:410)
  [ 156.6s]   layer 43 (moe) built [44/47]
2026-09-02 22:15:56.434 | info     |           Metal | Watcher checking device 0 (watcher_device_reader.cpp:410)
2026-09-02 22:15:56.442 | info     |           Metal | Watcher checking device 1 (watcher_device_reader.cpp:410)
2026-09-02 22:15:56.451 | info     |           Metal | Watcher checking device 2 (watcher_device_reader.cpp:410)
2026-09-02 22:15:56.459 | info     |           Metal | Watcher checking device 3 (watcher_device_reader.cpp:410)
2026-09-02 22:15:58.471 | info     |           Metal | Watcher checking device 0 (watcher_device_reader.cpp:410)
2026-09-02 22:15:58.478 | info     |           Metal | Watcher checking device 1 (watcher_device_reader.cpp:410)
2026-09-02 22:15:58.484 | info     |           Metal | Watcher checking device 2 (watcher_device_reader.cpp:410)
2026-09-02 22:15:58.491 | info     |           Metal | Watcher checking device 3 (watcher_device_reader.cpp:410)
  [ 160.2s]   layer 44 (moe) built [45/47]
2026-09-02 22:16:00.502 | info     |           Metal | Watcher checking device 0 (watcher_device_reader.cpp:410)
2026-09-02 22:16:00.509 | info     |           Metal | Watcher checking device 1 (watcher_device_reader.cpp:410)
2026-09-02 22:16:00.515 | info     |           Metal | Watcher checking device 2 (watcher_device_reader.cpp:410)
2026-09-02 22:16:00.522 | info     |           Metal | Watcher checking device 3 (watcher_device_reader.cpp:410)
2026-09-02 22:16:02.534 | info     |           Metal | Watcher checking device 0 (watcher_device_reader.cpp:410)
2026-09-02 22:16:02.547 | info     |           Metal | Watcher checking device 1 (watcher_device_reader.cpp:410)
2026-09-02 22:16:02.561 | info     |           Metal | Watcher checking device 2 (watcher_device_reader.cpp:410)
2026-09-02 22:16:02.574 | info     |           Metal | Watcher checking device 3 (watcher_device_reader.cpp:410)
  [ 163.9s]   layer 45 (moe) built [46/47]
2026-09-02 22:16:04.591 | info     |           Metal | Watcher checking device 0 (watcher_device_reader.cpp:410)
2026-09-02 22:16:04.598 | info     |           Metal | Watcher checking device 1 (watcher_device_reader.cpp:410)
2026-09-02 22:16:04.605 | info     |           Metal | Watcher checking device 2 (watcher_device_reader.cpp:410)
2026-09-02 22:16:04.612 | info     |           Metal | Watcher checking device 3 (watcher_device_reader.cpp:410)
2026-09-02 22:16:06.625 | info     |           Metal | Watcher checking device 0 (watcher_device_reader.cpp:410)
2026-09-02 22:16:06.635 | info     |           Metal | Watcher checking device 1 (watcher_device_reader.cpp:410)
2026-09-02 22:16:06.645 | info     |           Metal | Watcher checking device 2 (watcher_device_reader.cpp:410)
2026-09-02 22:16:06.654 | info     |           Metal | Watcher checking device 3 (watcher_device_reader.cpp:410)
  [ 167.5s]   layer 46 (moe) built [47/47]
  [ 167.5s]   decode rope tables (ROW_MAJOR) built
  [ 168.4s]   embedding table uploaded
2026-09-02 22:16:08.668 | info     |           Metal | Watcher checking device 0 (watcher_device_reader.cpp:410)
2026-09-02 22:16:08.675 | info     |           Metal | Watcher checking device 1 (watcher_device_reader.cpp:410)
2026-09-02 22:16:08.681 | info     |           Metal | Watcher checking device 2 (watcher_device_reader.cpp:410)
2026-09-02 22:16:08.688 | info     |           Metal | Watcher checking device 3 (watcher_device_reader.cpp:410)
  [ 169.6s]   lm head uploaded
model built in 170.0s
  weights[layers    ] =   16.382 GiB
  weights[embedding ] =    0.591 GiB
  weights[lm_head   ] =    0.314 GiB
  weights[norm      ] =    0.000 GiB
  weights[rope      ] =    0.097 GiB
  weights[total     ] =   17.383 GiB
  kv cache @ 202752 x batch 1 = 5.431 GiB
  weights + cache = 22.814 GiB of 31.5 GiB allocatable
  cache allocated in 0.3s
2026-09-02 22:16:10.499 | warning  |              Op | ttnn.split: L1 budget exceeded (need ~9945088 B, have 1229824 B for 4 chunks); DRAM downgrade. (split.cpp:262)
2026-09-02 22:16:10.499 | warning  |              Op | ttnn.split: migrating L1 input (9912320 B) to DRAM before slice fallback. (split.cpp:426)
2026-09-02 22:16:10.632 | warning  |           Metal | Allocating device buffers is potentially unsafe due to the existence of an active trace. These buffers may be corrupted once a trace is executed if they are not released before then. Use the trace allocation tracker to verify. (allocator.cpp:130)
2026-09-02 22:16:10.633 | warning  |              Op | ttnn.split: L1 budget exceeded (need ~9945088 B, have 1229824 B for 4 chunks); DRAM downgrade. (split.cpp:262)
2026-09-02 22:16:10.633 | warning  |              Op | ttnn.split: migrating L1 input (9912320 B) to DRAM before slice fallback. (split.cpp:426)
  decode + sampling traces captured in 0.5s
2026-09-02 22:16:10.696 | info     |           Metal | Watcher checking device 0 (watcher_device_reader.cpp:410)
2026-09-02 22:16:10.702 | info     |           Metal | Watcher checking device 1 (watcher_device_reader.cpp:410)
2026-09-02 22:16:10.709 | info     |           Metal | Watcher checking device 2 (watcher_device_reader.cpp:410)
2026-09-02 22:16:10.715 | info     |           Metal | Watcher checking device 3 (watcher_device_reader.cpp:410)
2026-09-02 22:16:12.326 | warning  |              Op | ttnn.split: L1 budget exceeded (need ~9945088 B, have 1139712 B for 4 chunks); DRAM downgrade. (split.cpp:262)
2026-09-02 22:16:12.326 | warning  |              Op | ttnn.split: migrating L1 input (9912320 B) to DRAM before slice fallback. (split.cpp:426)
2026-09-02 22:16:12.723 | info     |           Metal | Watcher checking device 0 (watcher_device_reader.cpp:410)
2026-09-02 22:16:12.730 | info     |           Metal | Watcher checking device 1 (watcher_device_reader.cpp:410)
2026-09-02 22:16:12.736 | info     |           Metal | Watcher checking device 2 (watcher_device_reader.cpp:410)
2026-09-02 22:16:12.743 | info     |           Metal | Watcher checking device 3 (watcher_device_reader.cpp:410)
2026-09-02 22:16:13.456 | DEBUG    | models.common.sampling.generator:reset_trace:166 - Resetting sampling trace (bucket=None, penalties=False, log_probs=False, force_argmax=False, trace_id=MeshTraceId(1))
2026-09-02 22:16:13.693 | warning  |              Op | ttnn.split: L1 budget exceeded (need ~9945088 B, have 1139712 B for 4 chunks); DRAM downgrade. (split.cpp:262)
2026-09-02 22:16:13.693 | warning  |              Op | ttnn.split: migrating L1 input (9912320 B) to DRAM before slice fallback. (split.cpp:426)
2026-09-02 22:16:13.792 | warning  |              Op | ttnn.split: L1 budget exceeded (need ~9945088 B, have 1139712 B for 4 chunks); DRAM downgrade. (split.cpp:262)
2026-09-02 22:16:13.792 | warning  |              Op | ttnn.split: migrating L1 input (9912320 B) to DRAM before slice fallback. (split.cpp:426)
  cold generate (compiles prefill programs): 3.80s
2026-09-02 22:16:14.750 | info     |           Metal | Watcher checking device 0 (watcher_device_reader.cpp:410)
2026-09-02 22:16:14.757 | info     |           Metal | Watcher checking device 1 (watcher_device_reader.cpp:410)
2026-09-02 22:16:14.763 | info     |           Metal | Watcher checking device 2 (watcher_device_reader.cpp:410)
2026-09-02 22:16:14.770 | info     |           Metal | Watcher checking device 3 (watcher_device_reader.cpp:410)
2026-09-02 22:16:16.085 | warning  |              Op | ttnn.split: L1 budget exceeded (need ~9945088 B, have 1139712 B for 4 chunks); DRAM downgrade. (split.cpp:262)
2026-09-02 22:16:16.085 | warning  |              Op | ttnn.split: migrating L1 input (9912320 B) to DRAM before slice fallback. (split.cpp:426)
2026-09-02 22:16:16.777 | info     |           Metal | Watcher checking device 0 (watcher_device_reader.cpp:410)
2026-09-02 22:16:16.784 | info     |           Metal | Watcher checking device 1 (watcher_device_reader.cpp:410)
2026-09-02 22:16:16.790 | info     |           Metal | Watcher checking device 2 (watcher_device_reader.cpp:410)
2026-09-02 22:16:16.797 | info     |           Metal | Watcher checking device 3 (watcher_device_reader.cpp:410)
2026-09-02 22:16:18.804 | info     |           Metal | Watcher checking device 0 (watcher_device_reader.cpp:410)
2026-09-02 22:16:18.810 | info     |           Metal | Watcher checking device 1 (watcher_device_reader.cpp:410)
2026-09-02 22:16:18.817 | info     |           Metal | Watcher checking device 2 (watcher_device_reader.cpp:410)
2026-09-02 22:16:18.824 | info     |           Metal | Watcher checking device 3 (watcher_device_reader.cpp:410)
2026-09-02 22:16:20.831 | info     |           Metal | Watcher checking device 0 (watcher_device_reader.cpp:410)
2026-09-02 22:16:20.838 | info     |           Metal | Watcher checking device 1 (watcher_device_reader.cpp:410)
2026-09-02 22:16:20.844 | info     |           Metal | Watcher checking device 2 (watcher_device_reader.cpp:410)
2026-09-02 22:16:20.851 | info     |           Metal | Watcher checking device 3 (watcher_device_reader.cpp:410)
2026-09-02 22:16:22.858 | info     |           Metal | Watcher checking device 0 (watcher_device_reader.cpp:410)
2026-09-02 22:16:22.865 | info     |           Metal | Watcher checking device 1 (watcher_device_reader.cpp:410)
2026-09-02 22:16:22.871 | info     |           Metal | Watcher checking device 2 (watcher_device_reader.cpp:410)
2026-09-02 22:16:22.878 | info     |           Metal | Watcher checking device 3 (watcher_device_reader.cpp:410)
2026-09-02 22:16:24.885 | info     |           Metal | Watcher checking device 0 (watcher_device_reader.cpp:410)
2026-09-02 22:16:24.892 | info     |           Metal | Watcher checking device 1 (watcher_device_reader.cpp:410)
2026-09-02 22:16:24.899 | info     |           Metal | Watcher checking device 2 (watcher_device_reader.cpp:410)
2026-09-02 22:16:24.905 | info     |           Metal | Watcher checking device 3 (watcher_device_reader.cpp:410)
2026-09-02 22:16:26.913 | info     |           Metal | Watcher checking device 0 (watcher_device_reader.cpp:410)
2026-09-02 22:16:26.919 | info     |           Metal | Watcher checking device 1 (watcher_device_reader.cpp:410)
2026-09-02 22:16:26.926 | info     |           Metal | Watcher checking device 2 (watcher_device_reader.cpp:410)
2026-09-02 22:16:26.932 | info     |           Metal | Watcher checking device 3 (watcher_device_reader.cpp:410)
2026-09-02 22:16:28.940 | info     |           Metal | Watcher checking device 0 (watcher_device_reader.cpp:410)
2026-09-02 22:16:28.946 | info     |           Metal | Watcher checking device 1 (watcher_device_reader.cpp:410)
2026-09-02 22:16:28.953 | info     |           Metal | Watcher checking device 2 (watcher_device_reader.cpp:410)
2026-09-02 22:16:28.959 | info     |           Metal | Watcher checking device 3 (watcher_device_reader.cpp:410)
2026-09-02 22:16:30.967 | info     |           Metal | Watcher checking device 0 (watcher_device_reader.cpp:410)
2026-09-02 22:16:30.974 | info     |           Metal | Watcher checking device 1 (watcher_device_reader.cpp:410)
2026-09-02 22:16:30.980 | info     |           Metal | Watcher checking device 2 (watcher_device_reader.cpp:410)
2026-09-02 22:16:30.987 | info     |           Metal | Watcher checking device 3 (watcher_device_reader.cpp:410)
2026-09-02 22:16:32.994 | info     |           Metal | Watcher checking device 0 (watcher_device_reader.cpp:410)
2026-09-02 22:16:33.001 | info     |           Metal | Watcher checking device 1 (watcher_device_reader.cpp:410)
2026-09-02 22:16:33.007 | info     |           Metal | Watcher checking device 2 (watcher_device_reader.cpp:410)
2026-09-02 22:16:33.014 | info     |           Metal | Watcher checking device 3 (watcher_device_reader.cpp:410)
2026-09-02 22:16:35.021 | info     |           Metal | Watcher checking device 0 (watcher_device_reader.cpp:410)
2026-09-02 22:16:35.028 | info     |           Metal | Watcher checking device 1 (watcher_device_reader.cpp:410)
2026-09-02 22:16:35.034 | info     |           Metal | Watcher checking device 2 (watcher_device_reader.cpp:410)
2026-09-02 22:16:35.041 | info     |           Metal | Watcher checking device 3 (watcher_device_reader.cpp:410)
2026-09-02 22:16:37.048 | info     |           Metal | Watcher checking device 0 (watcher_device_reader.cpp:410)
2026-09-02 22:16:37.055 | info     |           Metal | Watcher checking device 1 (watcher_device_reader.cpp:410)
2026-09-02 22:16:37.061 | info     |           Metal | Watcher checking device 2 (watcher_device_reader.cpp:410)
2026-09-02 22:16:37.068 | info     |           Metal | Watcher checking device 3 (watcher_device_reader.cpp:410)
2026-09-02 22:16:39.075 | info     |           Metal | Watcher checking device 0 (watcher_device_reader.cpp:410)
2026-09-02 22:16:39.081 | info     |           Metal | Watcher checking device 1 (watcher_device_reader.cpp:410)
2026-09-02 22:16:39.088 | info     |           Metal | Watcher checking device 2 (watcher_device_reader.cpp:410)
2026-09-02 22:16:39.094 | info     |           Metal | Watcher checking device 3 (watcher_device_reader.cpp:410)
2026-09-02 22:16:41.101 | info     |           Metal | Watcher checking device 0 (watcher_device_reader.cpp:410)
2026-09-02 22:16:41.108 | info     |           Metal | Watcher checking device 1 (watcher_device_reader.cpp:410)
2026-09-02 22:16:41.115 | info     |           Metal | Watcher checking device 2 (watcher_device_reader.cpp:410)
2026-09-02 22:16:41.121 | info     |           Metal | Watcher checking device 3 (watcher_device_reader.cpp:410)
2026-09-02 22:16:43.129 | info     |           Metal | Watcher checking device 0 (watcher_device_reader.cpp:410)
2026-09-02 22:16:43.135 | info     |           Metal | Watcher checking device 1 (watcher_device_reader.cpp:410)
2026-09-02 22:16:43.142 | info     |           Metal | Watcher checking device 2 (watcher_device_reader.cpp:410)
2026-09-02 22:16:43.148 | info     |           Metal | Watcher checking device 3 (watcher_device_reader.cpp:410)
2026-09-02 22:16:45.156 | info     |           Metal | Watcher checking device 0 (watcher_device_reader.cpp:410)
2026-09-02 22:16:45.162 | info     |           Metal | Watcher checking device 1 (watcher_device_reader.cpp:410)
2026-09-02 22:16:45.169 | info     |           Metal | Watcher checking device 2 (watcher_device_reader.cpp:410)
2026-09-02 22:16:45.175 | info     |           Metal | Watcher checking device 3 (watcher_device_reader.cpp:410)
  warmed generate(prompt=128, 128) in 32.52s
  TTFT 2652.0 ms   token-out decode 234.622 ms/token (4.26 t/s/u)
  preds[:16]: [278, 77, 944, 312, 64, 501, 502, 503, 504, 505, 506, 507, 508, 509, 510, 511]
  counters: {'model_trace_replays': 127, 'sampling_trace_replays': 127, 'eager_decode_steps': 0, 'token_input_refreshes': 2, 'position_refreshes': 2, 'rope_index_refreshes': 0, 'page_table_refreshes': 0, 'device_synchronizations': 1, 'token_readbacks': 128, 'full_logits_readbacks': 0, 'host_argmax_calls': 0, 'kv_cache_resets': 1, 'trace_recaptures': 0, 'eager_sampling_steps': 0}
2026-09-02 22:16:47.183 | info     |           Metal | Watcher checking device 0 (watcher_device_reader.cpp:410)
2026-09-02 22:16:47.190 | info     |           Metal | Watcher checking device 1 (watcher_device_reader.cpp:410)
2026-09-02 22:16:47.196 | info     |           Metal | Watcher checking device 2 (watcher_device_reader.cpp:410)
2026-09-02 22:16:47.203 | info     |           Metal | Watcher checking device 3 (watcher_device_reader.cpp:410)
2026-09-02 22:16:49.210 | info     |           Metal | Watcher checking device 0 (watcher_device_reader.cpp:410)
2026-09-02 22:16:49.217 | info     |           Metal | Watcher checking device 1 (watcher_device_reader.cpp:410)
2026-09-02 22:16:49.223 | info     |           Metal | Watcher checking device 2 (watcher_device_reader.cpp:410)
2026-09-02 22:16:49.230 | info     |           Metal | Watcher checking device 3 (watcher_device_reader.cpp:410)
2026-09-02 22:16:51.237 | info     |           Metal | Watcher checking device 0 (watcher_device_reader.cpp:410)
2026-09-02 22:16:51.244 | info     |           Metal | Watcher checking device 1 (watcher_device_reader.cpp:410)
2026-09-02 22:16:51.251 | info     |           Metal | Watcher checking device 2 (watcher_device_reader.cpp:410)
2026-09-02 22:16:51.257 | info     |           Metal | Watcher checking device 3 (watcher_device_reader.cpp:410)
2026-09-02 22:16:53.264 | info     |           Metal | Watcher checking device 0 (watcher_device_reader.cpp:410)
2026-09-02 22:16:53.271 | info     |           Metal | Watcher checking device 1 (watcher_device_reader.cpp:410)
2026-09-02 22:16:53.277 | info     |           Metal | Watcher checking device 2 (watcher_device_reader.cpp:410)
2026-09-02 22:16:53.284 | info     |           Metal | Watcher checking device 3 (watcher_device_reader.cpp:410)
  model trace only                        229.500 ms/token (    4.36 t/s/u)
2026-09-02 22:16:55.292 | info     |           Metal | Watcher checking device 0 (watcher_device_reader.cpp:410)
2026-09-02 22:16:55.298 | info     |           Metal | Watcher checking device 1 (watcher_device_reader.cpp:410)
2026-09-02 22:16:55.305 | info     |           Metal | Watcher checking device 2 (watcher_device_reader.cpp:410)
2026-09-02 22:16:55.311 | info     |           Metal | Watcher checking device 3 (watcher_device_reader.cpp:410)
2026-09-02 22:16:57.319 | info     |           Metal | Watcher checking device 0 (watcher_device_reader.cpp:410)
2026-09-02 22:16:57.325 | info     |           Metal | Watcher checking device 1 (watcher_device_reader.cpp:410)
2026-09-02 22:16:57.332 | info     |           Metal | Watcher checking device 2 (watcher_device_reader.cpp:410)
2026-09-02 22:16:57.338 | info     |           Metal | Watcher checking device 3 (watcher_device_reader.cpp:410)
2026-09-02 22:16:59.346 | info     |           Metal | Watcher checking device 0 (watcher_device_reader.cpp:410)
2026-09-02 22:16:59.353 | info     |           Metal | Watcher checking device 1 (watcher_device_reader.cpp:410)
2026-09-02 22:16:59.359 | info     |           Metal | Watcher checking device 2 (watcher_device_reader.cpp:410)
2026-09-02 22:16:59.366 | info     |           Metal | Watcher checking device 3 (watcher_device_reader.cpp:410)
2026-09-02 22:17:01.373 | info     |           Metal | Watcher checking device 0 (watcher_device_reader.cpp:410)
2026-09-02 22:17:01.380 | info     |           Metal | Watcher checking device 1 (watcher_device_reader.cpp:410)
2026-09-02 22:17:01.386 | info     |           Metal | Watcher checking device 2 (watcher_device_reader.cpp:410)
2026-09-02 22:17:01.393 | info     |           Metal | Watcher checking device 3 (watcher_device_reader.cpp:410)
  model + sampling traces                 234.822 ms/token (    4.26 t/s/u)
2026-09-02 22:17:03.400 | info     |           Metal | Watcher checking device 0 (watcher_device_reader.cpp:410)
2026-09-02 22:17:03.407 | info     |           Metal | Watcher checking device 1 (watcher_device_reader.cpp:410)
2026-09-02 22:17:03.413 | info     |           Metal | Watcher checking device 2 (watcher_device_reader.cpp:410)
2026-09-02 22:17:03.420 | info     |           Metal | Watcher checking device 3 (watcher_device_reader.cpp:410)
2026-09-02 22:17:05.427 | info     |           Metal | Watcher checking device 0 (watcher_device_reader.cpp:410)
2026-09-02 22:17:05.434 | info     |           Metal | Watcher checking device 1 (watcher_device_reader.cpp:410)
2026-09-02 22:17:05.441 | info     |           Metal | Watcher checking device 2 (watcher_device_reader.cpp:410)
2026-09-02 22:17:05.447 | info     |           Metal | Watcher checking device 3 (watcher_device_reader.cpp:410)
2026-09-02 22:17:07.455 | info     |           Metal | Watcher checking device 0 (watcher_device_reader.cpp:410)
2026-09-02 22:17:07.461 | info     |           Metal | Watcher checking device 1 (watcher_device_reader.cpp:410)
2026-09-02 22:17:07.468 | info     |           Metal | Watcher checking device 2 (watcher_device_reader.cpp:410)
2026-09-02 22:17:07.474 | info     |           Metal | Watcher checking device 3 (watcher_device_reader.cpp:410)
2026-09-02 22:17:09.482 | info     |           Metal | Watcher checking device 0 (watcher_device_reader.cpp:410)
2026-09-02 22:17:09.488 | info     |           Metal | Watcher checking device 1 (watcher_device_reader.cpp:410)
2026-09-02 22:17:09.495 | info     |           Metal | Watcher checking device 2 (watcher_device_reader.cpp:410)
2026-09-02 22:17:09.501 | info     |           Metal | Watcher checking device 3 (watcher_device_reader.cpp:410)
  model + sampling + token readback       234.979 ms/token (    4.26 t/s/u)
2026-09-02 22:17:10.094 | DEBUG    | models.common.sampling.generator:reset_trace:166 - Resetting sampling trace (bucket=None, penalties=False, log_probs=False, force_argmax=False, trace_id=MeshTraceId(3))
CAPACITY_OK
2026-09-02 22:17:10.765 | info     |    BuildKernels | JIT cache stats: 685/685 hits (100.0%) [685 cached, 179 build-once dedup, 0 merged artifacts, 0 merged genfiles] (build_cache_telemetry.cpp:207)
2026-09-02 22:17:10.765 | info     |    BuildKernels | JIT telemetry: 3 registered TelemetryTokens (build_cache_telemetry.cpp:230)
2026-09-02 22:17:10.767 | info     |       LLRuntime | Watcher thread stopped watching... (watcher_server.cpp:616)
2026-09-02 22:17:10.783 | info     |          Device | Closing user mode device drivers (tt_cluster.cpp:542)
2026-09-02 22:17:10.783 | info     |             UMD | Closing devices in cluster (cluster.cpp:1218)
2026-09-02 22:17:11.223 | info     |             UMD | Closing devices in cluster completed. (cluster.cpp:1227)
2026-09-02 22:17:11.223 | info     |             UMD | Cluster destructor started. (cluster.cpp:933)
2026-09-02 22:17:11.223 | info     |             UMD | Cluster destructor completed. (cluster.cpp:936)
