=== Thu Aug 27 18:35:48 UTC 2026 ===
node: models/common/tests/models/qwen3_32b_galaxy/test_model_wh_galaxy.py::test_qwen3_32b_galaxy_qk_norm_head_local_8x4_qwen3_32b_decode_and_prefill
commit: ec8ba8c1103056ea9f78987911bc96af1f1dffdd
devices: 32
2026-08-27 18:36:09.922 | DEBUG    | ttnn:<module>:78 - Initial ttnn.CONFIG:
Config{cache_path=/home/ctr-apbernal/.cache/ttnn,model_cache_path=/home/ctr-apbernal/.cache/ttnn/models,tmp_dir=/tmp/ttnn,enable_model_cache=false,enable_fast_runtime_mode=true,throw_exception_on_fallback=false,enable_logging=false,enable_graph_report=false,enable_graph_python_stack_traces=false,enable_detailed_buffer_report=false,enable_detailed_tensor_report=false,enable_comparison_mode=false,comparison_mode_should_raise_exception=false,comparison_mode_pcc=0.9999,root_report_path=generated/ttnn/reports,report_name=std::nullopt,std::nullopt}
============================= test session starts ==============================
platform linux -- Python 3.10.21, pytest-9.0.3, pluggy-1.6.0 -- /proj_sw/user_dev/ctr-apbernal/tt-metal/python_env/bin/python
benchmark: 5.2.3 (defaults: timer=time.perf_counter disable_gc=False min_rounds=5 min_time=0.000005 max_time=1.0 calibration_precision=10 warmup=False warmup_iterations=100000)
rootdir: /proj_sw/user_dev/ctr-apbernal/tt-metal
configfile: pytest.ini
plugins: cov-7.0.0, dash-2.15.0, benchmark-5.2.3, repeat-0.9.4, anyio-4.14.2, timeout-2.4.0, github-actions-annotate-failures-0.3.0, split-0.11.0
timeout: 840.0s
timeout method: signal
timeout func_only: False
collecting ... collected 1 item

models/common/tests/models/qwen3_32b_galaxy/test_model_wh_galaxy.py::test_qwen3_32b_galaxy_qk_norm_head_local_8x4_qwen3_32b_decode_and_prefill[wormhole_b0-8x4-device_params0] 2026-08-27 18:36:30.163 | info     |          Device | Opening user mode device driver (tt_cluster.cpp:228)
2026-08-27 18:36:30.163 | info     |             UMD | Cluster constructor started. (cluster.cpp:389)
2026-08-27 18:36:30.183 | info     |             UMD | Creating TopologyDiscovery for architecture: wormhole_b0 (topology_discovery.cpp:96)
2026-08-27 18:36:30.183 | info     |             UMD | Starting topology discovery. (topology_discovery.cpp:115)
2026-08-27 18:36:30.236 | info     |             UMD | Established firmware bundle version: 18.12.1 (topology_discovery.cpp:575)
2026-08-27 18:36:30.266 | info     |             UMD | Completed topology discovery. (topology_discovery.cpp:119)
2026-08-27 18:36:31.714 | info     |             UMD | Opening local chip ids/PCIe ids: {0, 1, 2, 3, 4, 5, 6, 7, 8, 9, 10, 11, 12, 13, 14, 15, 16, 17, 18, 19, 20, 21, 22, 23, 24, 25, 26, 27, 28, 29, 30, 31}/[19, 18, 21, 22, 17, 23, 20, 16, 29, 30, 28, 31, 24, 26, 25, 27, 9, 12, 11, 8, 13, 15, 10, 14, 5, 1, 3, 6, 2, 7, 4, 0] and remote chip ids {} (cluster.cpp:173)
2026-08-27 18:36:31.714 | info     |             UMD | IOMMU: enabled (cluster.cpp:147)
2026-08-27 18:36:31.714 | info     |             UMD | KMD version: 2.4.1 (cluster.cpp:150)
2026-08-27 18:36:31.714 | info     |             UMD | Cluster constructor completed. (cluster.cpp:648)
2026-08-27 18:36:31.742 | info     |             UMD | Starting devices in cluster (cluster.cpp:1198)
2026-08-27 18:36:31.802 | info     |             UMD | Starting devices in cluster completed. (cluster.cpp:1206)
2026-08-27 18:36:31.903 | INFO     | conftest:mesh_device:612 - No trace region size for (8, 4)
2026-08-27 18:36:31.903 | info     |     Distributed | Using auto discovery to generate mesh graph. (metal_env.cpp:437)
2026-08-27 18:36:31.903 | info     |     Distributed | Constructing control plane using auto-discovery (no mesh graph descriptor). (metal_env.cpp:499)
2026-08-27 18:36:31.911 | info     |          Fabric | Logical multi-mesh adjacency: intermesh degree histogram {0:1}; intra-mesh degree histograms mesh0 {4:32} (topology_mapper_utils.cpp:2410)
2026-08-27 18:36:31.911 | info     |          Fabric | Physical multi-mesh adjacency: intermesh degree histogram {0:1}; intra-mesh degree histograms mesh0 {4:32} (topology_mapper_utils.cpp:2418)
2026-08-27 18:36:32.438 | info     |    BuildKernels | Using pre-compiled firmware from: /proj_sw/user_dev/ctr-apbernal/tt-metal/tt_metal/pre-compiled/441969805167873259/ (build_env_manager.cpp:347)
2026-08-27 18:36:32.438 | info     |    BuildKernels | Using pre-compiled firmware from: /proj_sw/user_dev/ctr-apbernal/tt-metal/tt_metal/pre-compiled/441969805167873259/ (build_env_manager.cpp:347)
2026-08-27 18:36:32.438 | info     |    BuildKernels | Using pre-compiled firmware from: /proj_sw/user_dev/ctr-apbernal/tt-metal/tt_metal/pre-compiled/441969805167873259/ (build_env_manager.cpp:347)
2026-08-27 18:36:32.438 | info     |    BuildKernels | Using pre-compiled firmware from: /proj_sw/user_dev/ctr-apbernal/tt-metal/tt_metal/pre-compiled/441969805167873259/ (build_env_manager.cpp:347)
2026-08-27 18:36:32.438 | info     |    BuildKernels | Using pre-compiled firmware from: /proj_sw/user_dev/ctr-apbernal/tt-metal/tt_metal/pre-compiled/441969805167873259/ (build_env_manager.cpp:347)
2026-08-27 18:36:32.438 | info     |    BuildKernels | Using pre-compiled firmware from: /proj_sw/user_dev/ctr-apbernal/tt-metal/tt_metal/pre-compiled/441969805167873259/ (build_env_manager.cpp:347)
2026-08-27 18:36:32.438 | info     |    BuildKernels | Using pre-compiled firmware from: /proj_sw/user_dev/ctr-apbernal/tt-metal/tt_metal/pre-compiled/441969805167873259/ (build_env_manager.cpp:347)
2026-08-27 18:36:32.438 | info     |    BuildKernels | Using pre-compiled firmware from: /proj_sw/user_dev/ctr-apbernal/tt-metal/tt_metal/pre-compiled/441969805167873259/ (build_env_manager.cpp:347)
2026-08-27 18:36:32.438 | info     |    BuildKernels | Using pre-compiled firmware from: /proj_sw/user_dev/ctr-apbernal/tt-metal/tt_metal/pre-compiled/441969805167873259/ (build_env_manager.cpp:347)
2026-08-27 18:36:32.438 | info     |    BuildKernels | Using pre-compiled firmware from: /proj_sw/user_dev/ctr-apbernal/tt-metal/tt_metal/pre-compiled/441969805167873259/ (build_env_manager.cpp:347)
2026-08-27 18:36:32.438 | info     |    BuildKernels | Using pre-compiled firmware from: /proj_sw/user_dev/ctr-apbernal/tt-metal/tt_metal/pre-compiled/441969805167873259/ (build_env_manager.cpp:347)
2026-08-27 18:36:32.438 | info     |    BuildKernels | Using pre-compiled firmware from: /proj_sw/user_dev/ctr-apbernal/tt-metal/tt_metal/pre-compiled/441969805167873259/ (build_env_manager.cpp:347)
2026-08-27 18:36:32.438 | info     |    BuildKernels | Using pre-compiled firmware from: /proj_sw/user_dev/ctr-apbernal/tt-metal/tt_metal/pre-compiled/441969805167873259/ (build_env_manager.cpp:347)
2026-08-27 18:36:32.438 | info     |    BuildKernels | Using pre-compiled firmware from: /proj_sw/user_dev/ctr-apbernal/tt-metal/tt_metal/pre-compiled/441969805167873259/ (build_env_manager.cpp:347)
2026-08-27 18:36:32.438 | info     |    BuildKernels | Using pre-compiled firmware from: /proj_sw/user_dev/ctr-apbernal/tt-metal/tt_metal/pre-compiled/441969805167873259/ (build_env_manager.cpp:347)
2026-08-27 18:36:32.438 | info     |    BuildKernels | Using pre-compiled firmware from: /proj_sw/user_dev/ctr-apbernal/tt-metal/tt_metal/pre-compiled/441969805167873259/ (build_env_manager.cpp:347)
2026-08-27 18:36:32.438 | info     |    BuildKernels | Using pre-compiled firmware from: /proj_sw/user_dev/ctr-apbernal/tt-metal/tt_metal/pre-compiled/441969805167873259/ (build_env_manager.cpp:347)
2026-08-27 18:36:32.438 | info     |    BuildKernels | Using pre-compiled firmware from: /proj_sw/user_dev/ctr-apbernal/tt-metal/tt_metal/pre-compiled/441969805167873259/ (build_env_manager.cpp:347)
2026-08-27 18:36:32.438 | info     |    BuildKernels | Using pre-compiled firmware from: /proj_sw/user_dev/ctr-apbernal/tt-metal/tt_metal/pre-compiled/441969805167873259/ (build_env_manager.cpp:347)
2026-08-27 18:36:32.438 | info     |    BuildKernels | Using pre-compiled firmware from: /proj_sw/user_dev/ctr-apbernal/tt-metal/tt_metal/pre-compiled/441969805167873259/ (build_env_manager.cpp:347)
2026-08-27 18:36:32.438 | info     |    BuildKernels | Using pre-compiled firmware from: /proj_sw/user_dev/ctr-apbernal/tt-metal/tt_metal/pre-compiled/441969805167873259/ (build_env_manager.cpp:347)
2026-08-27 18:36:32.438 | info     |    BuildKernels | Using pre-compiled firmware from: /proj_sw/user_dev/ctr-apbernal/tt-metal/tt_metal/pre-compiled/441969805167873259/ (build_env_manager.cpp:347)
2026-08-27 18:36:32.438 | info     |    BuildKernels | Using pre-compiled firmware from: /proj_sw/user_dev/ctr-apbernal/tt-metal/tt_metal/pre-compiled/441969805167873259/ (build_env_manager.cpp:347)
2026-08-27 18:36:32.438 | info     |    BuildKernels | Using pre-compiled firmware from: /proj_sw/user_dev/ctr-apbernal/tt-metal/tt_metal/pre-compiled/441969805167873259/ (build_env_manager.cpp:347)
2026-08-27 18:36:32.438 | info     |    BuildKernels | Using pre-compiled firmware from: /proj_sw/user_dev/ctr-apbernal/tt-metal/tt_metal/pre-compiled/441969805167873259/ (build_env_manager.cpp:347)
2026-08-27 18:36:32.438 | info     |    BuildKernels | Using pre-compiled firmware from: /proj_sw/user_dev/ctr-apbernal/tt-metal/tt_metal/pre-compiled/441969805167873259/ (build_env_manager.cpp:347)
2026-08-27 18:36:32.439 | info     |    BuildKernels | Using pre-compiled firmware from: /proj_sw/user_dev/ctr-apbernal/tt-metal/tt_metal/pre-compiled/441969805167873259/ (build_env_manager.cpp:347)
2026-08-27 18:36:32.439 | info     |    BuildKernels | Using pre-compiled firmware from: /proj_sw/user_dev/ctr-apbernal/tt-metal/tt_metal/pre-compiled/441969805167873259/ (build_env_manager.cpp:347)
2026-08-27 18:36:32.439 | info     |    BuildKernels | Using pre-compiled firmware from: /proj_sw/user_dev/ctr-apbernal/tt-metal/tt_metal/pre-compiled/441969805167873259/ (build_env_manager.cpp:347)
2026-08-27 18:36:32.439 | info     |    BuildKernels | Using pre-compiled firmware from: /proj_sw/user_dev/ctr-apbernal/tt-metal/tt_metal/pre-compiled/441969805167873259/ (build_env_manager.cpp:347)
2026-08-27 18:36:32.439 | info     |    BuildKernels | Using pre-compiled firmware from: /proj_sw/user_dev/ctr-apbernal/tt-metal/tt_metal/pre-compiled/441969805167873259/ (build_env_manager.cpp:347)
2026-08-27 18:36:32.439 | info     |    BuildKernels | Using pre-compiled firmware from: /proj_sw/user_dev/ctr-apbernal/tt-metal/tt_metal/pre-compiled/441969805167873259/ (build_env_manager.cpp:347)
2026-08-27 18:36:32.693 | info     |           Metal | Initializing Fabric (fabric_firmware_initializer.cpp:296)
2026-08-27 18:36:33.236 | info     |           Metal | Fabric initialized on Device 0 (device.cpp:550)
2026-08-27 18:36:33.237 | info     |           Metal | Fabric initialized on Device 1 (device.cpp:550)
2026-08-27 18:36:33.239 | info     |           Metal | Fabric initialized on Device 2 (device.cpp:550)
2026-08-27 18:36:33.240 | info     |           Metal | Fabric initialized on Device 3 (device.cpp:550)
2026-08-27 18:36:33.241 | info     |           Metal | Fabric initialized on Device 4 (device.cpp:550)
2026-08-27 18:36:33.242 | info     |           Metal | Fabric initialized on Device 5 (device.cpp:550)
2026-08-27 18:36:33.243 | info     |           Metal | Fabric initialized on Device 6 (device.cpp:550)
2026-08-27 18:36:33.244 | info     |           Metal | Fabric initialized on Device 7 (device.cpp:550)
2026-08-27 18:36:33.246 | info     |           Metal | Fabric initialized on Device 8 (device.cpp:550)
2026-08-27 18:36:33.247 | info     |           Metal | Fabric initialized on Device 9 (device.cpp:550)
2026-08-27 18:36:33.248 | info     |           Metal | Fabric initialized on Device 10 (device.cpp:550)
2026-08-27 18:36:33.249 | info     |           Metal | Fabric initialized on Device 11 (device.cpp:550)
2026-08-27 18:36:33.250 | info     |           Metal | Fabric initialized on Device 12 (device.cpp:550)
2026-08-27 18:36:33.251 | info     |           Metal | Fabric initialized on Device 13 (device.cpp:550)
2026-08-27 18:36:33.252 | info     |           Metal | Fabric initialized on Device 14 (device.cpp:550)
2026-08-27 18:36:33.253 | info     |           Metal | Fabric initialized on Device 15 (device.cpp:550)
2026-08-27 18:36:33.255 | info     |           Metal | Fabric initialized on Device 16 (device.cpp:550)
2026-08-27 18:36:33.256 | info     |           Metal | Fabric initialized on Device 17 (device.cpp:550)
2026-08-27 18:36:33.257 | info     |           Metal | Fabric initialized on Device 18 (device.cpp:550)
2026-08-27 18:36:33.258 | info     |           Metal | Fabric initialized on Device 19 (device.cpp:550)
2026-08-27 18:36:33.259 | info     |           Metal | Fabric initialized on Device 20 (device.cpp:550)
2026-08-27 18:36:33.260 | info     |           Metal | Fabric initialized on Device 21 (device.cpp:550)
2026-08-27 18:36:33.261 | info     |           Metal | Fabric initialized on Device 22 (device.cpp:550)
2026-08-27 18:36:33.262 | info     |           Metal | Fabric initialized on Device 23 (device.cpp:550)
2026-08-27 18:36:33.264 | info     |           Metal | Fabric initialized on Device 24 (device.cpp:550)
2026-08-27 18:36:33.265 | info     |           Metal | Fabric initialized on Device 25 (device.cpp:550)
2026-08-27 18:36:33.266 | info     |           Metal | Fabric initialized on Device 26 (device.cpp:550)
2026-08-27 18:36:33.267 | info     |           Metal | Fabric initialized on Device 27 (device.cpp:550)
2026-08-27 18:36:33.268 | info     |           Metal | Fabric initialized on Device 28 (device.cpp:550)
2026-08-27 18:36:33.269 | info     |           Metal | Fabric initialized on Device 29 (device.cpp:550)
2026-08-27 18:36:33.270 | info     |           Metal | Fabric initialized on Device 30 (device.cpp:550)
2026-08-27 18:36:33.271 | info     |           Metal | Fabric initialized on Device 31 (device.cpp:550)
2026-08-27 18:36:33.271 | info     |           Metal | Fabric initialized on 32 devices (fabric_firmware_initializer.cpp:444)
2026-08-27 18:36:33.271 | info     |           Metal | Fabric Initialized with config FabricConfig::FABRIC_1D_RING (fabric_firmware_initializer.cpp:313)
2026-08-27 18:36:34.362 | info     |           Metal | [Real-time profiler] Device 28 sync complete: 100 samples, frequency=0.985504 GHz, device_time_at_sync=81106044337 cycles (realtime_profiler_manager.cpp:1398)
2026-08-27 18:36:34.362 | info     |           Metal | [Real-time profiler] Device 24 sync complete: 100 samples, frequency=0.985505 GHz, device_time_at_sync=81187707061 cycles (realtime_profiler_manager.cpp:1398)
2026-08-27 18:36:34.362 | info     |           Metal | [Real-time profiler] Device 20 sync complete: 100 samples, frequency=0.985503 GHz, device_time_at_sync=80881524625 cycles (realtime_profiler_manager.cpp:1398)
2026-08-27 18:36:34.362 | info     |           Metal | [Real-time profiler] Device 16 sync complete: 100 samples, frequency=0.985503 GHz, device_time_at_sync=80786192984 cycles (realtime_profiler_manager.cpp:1398)
2026-08-27 18:36:34.362 | info     |           Metal | [Real-time profiler] Device 30 sync complete: 100 samples, frequency=0.985506 GHz, device_time_at_sync=81032035870 cycles (realtime_profiler_manager.cpp:1398)
2026-08-27 18:36:34.362 | info     |           Metal | [Real-time profiler] Device 21 sync complete: 100 samples, frequency=0.985505 GHz, device_time_at_sync=81026091660 cycles (realtime_profiler_manager.cpp:1398)
2026-08-27 18:36:34.362 | info     |           Metal | [Real-time profiler] Device 29 sync complete: 100 samples, frequency=0.985506 GHz, device_time_at_sync=81122052630 cycles (realtime_profiler_manager.cpp:1398)
2026-08-27 18:36:34.362 | info     |           Metal | [Real-time profiler] Device 25 sync complete: 100 samples, frequency=0.985502 GHz, device_time_at_sync=81187135285 cycles (realtime_profiler_manager.cpp:1398)
2026-08-27 18:36:34.362 | info     |           Metal | [Real-time profiler] Device 26 sync complete: 100 samples, frequency=0.985505 GHz, device_time_at_sync=81030854119 cycles (realtime_profiler_manager.cpp:1398)
2026-08-27 18:36:34.362 | info     |           Metal | [Real-time profiler] Device 22 sync complete: 100 samples, frequency=0.985506 GHz, device_time_at_sync=80870981118 cycles (realtime_profiler_manager.cpp:1398)
2026-08-27 18:36:34.362 | info     |           Metal | [Real-time profiler] Device 17 sync complete: 100 samples, frequency=0.985504 GHz, device_time_at_sync=81065773861 cycles (realtime_profiler_manager.cpp:1398)
2026-08-27 18:36:34.362 | info     |           Metal | [Real-time profiler] Device 18 sync complete: 100 samples, frequency=0.985505 GHz, device_time_at_sync=81091077672 cycles (realtime_profiler_manager.cpp:1398)
2026-08-27 18:36:34.363 | info     |           Metal | [Real-time profiler] Device 27 sync complete: 100 samples, frequency=0.985504 GHz, device_time_at_sync=81028492639 cycles (realtime_profiler_manager.cpp:1398)
2026-08-27 18:36:34.363 | info     |           Metal | [Real-time profiler] Device 6 sync complete: 100 samples, frequency=0.985504 GHz, device_time_at_sync=81053571189 cycles (realtime_profiler_manager.cpp:1398)
2026-08-27 18:36:34.363 | info     |           Metal | [Real-time profiler] Device 3 sync complete: 100 samples, frequency=0.985505 GHz, device_time_at_sync=80931797406 cycles (realtime_profiler_manager.cpp:1398)
2026-08-27 18:36:34.363 | info     |           Metal | [Real-time profiler] Device 10 sync complete: 100 samples, frequency=0.985504 GHz, device_time_at_sync=80953901712 cycles (realtime_profiler_manager.cpp:1398)
2026-08-27 18:36:34.363 | info     |           Metal | [Real-time profiler] Device 31 sync complete: 100 samples, frequency=0.985503 GHz, device_time_at_sync=81230981454 cycles (realtime_profiler_manager.cpp:1398)
2026-08-27 18:36:34.363 | info     |           Metal | [Real-time profiler] Device 11 sync complete: 100 samples, frequency=0.985503 GHz, device_time_at_sync=80813814726 cycles (realtime_profiler_manager.cpp:1398)
2026-08-27 18:36:34.363 | info     |           Metal | [Real-time profiler] Device 15 sync complete: 100 samples, frequency=0.985501 GHz, device_time_at_sync=80932892920 cycles (realtime_profiler_manager.cpp:1398)
2026-08-27 18:36:34.363 | info     |           Metal | [Real-time profiler] Device 19 sync complete: 100 samples, frequency=0.985504 GHz, device_time_at_sync=81103558493 cycles (realtime_profiler_manager.cpp:1398)
2026-08-27 18:36:34.363 | info     |           Metal | [Real-time profiler] Device 5 sync complete: 100 samples, frequency=0.985504 GHz, device_time_at_sync=80882780137 cycles (realtime_profiler_manager.cpp:1398)
2026-08-27 18:36:34.363 | info     |           Metal | [Real-time profiler] Device 23 sync complete: 100 samples, frequency=0.985505 GHz, device_time_at_sync=80904595992 cycles (realtime_profiler_manager.cpp:1398)
2026-08-27 18:36:34.363 | info     |           Metal | [Real-time profiler] Device 14 sync complete: 100 samples, frequency=0.985504 GHz, device_time_at_sync=80897361580 cycles (realtime_profiler_manager.cpp:1398)
2026-08-27 18:36:34.363 | info     |           Metal | [Real-time profiler] Device 7 sync complete: 100 samples, frequency=0.985504 GHz, device_time_at_sync=81028313228 cycles (realtime_profiler_manager.cpp:1398)
2026-08-27 18:36:34.363 | info     |           Metal | [Real-time profiler] Device 1 sync complete: 100 samples, frequency=0.985505 GHz, device_time_at_sync=80869582538 cycles (realtime_profiler_manager.cpp:1398)
2026-08-27 18:36:34.363 | info     |           Metal | [Real-time profiler] Device 9 sync complete: 100 samples, frequency=0.985505 GHz, device_time_at_sync=80963413277 cycles (realtime_profiler_manager.cpp:1398)
2026-08-27 18:36:34.363 | info     |           Metal | [Real-time profiler] Device 2 sync complete: 100 samples, frequency=0.985504 GHz, device_time_at_sync=80971044031 cycles (realtime_profiler_manager.cpp:1398)
2026-08-27 18:36:34.363 | info     |           Metal | [Real-time profiler] Device 13 sync complete: 100 samples, frequency=0.985504 GHz, device_time_at_sync=81018292237 cycles (realtime_profiler_manager.cpp:1398)
2026-08-27 18:36:34.363 | info     |           Metal | [Real-time profiler] Device 0 sync complete: 100 samples, frequency=0.985506 GHz, device_time_at_sync=80913572827 cycles (realtime_profiler_manager.cpp:1398)
2026-08-27 18:36:34.364 | info     |           Metal | [Real-time profiler] Device 12 sync complete: 100 samples, frequency=0.985505 GHz, device_time_at_sync=80936389140 cycles (realtime_profiler_manager.cpp:1398)
2026-08-27 18:36:34.364 | info     |           Metal | [Real-time profiler] Device 4 sync complete: 100 samples, frequency=0.985505 GHz, device_time_at_sync=81124038269 cycles (realtime_profiler_manager.cpp:1398)
2026-08-27 18:36:34.364 | info     |           Metal | [Real-time profiler] Device 8 sync complete: 100 samples, frequency=0.985504 GHz, device_time_at_sync=80940422022 cycles (realtime_profiler_manager.cpp:1398)
2026-08-27 18:36:34.705 | DEBUG    | conftest:mesh_device:630 - multidevice with 32 devices is created
Fetching 3 files:   0%|          | 0/3 [00:00<?, ?it/s]Fetching 3 files: 100%|██████████| 3/3 [00:00<00:00, 13751.82it/s]
[transformers] `torch_dtype` is deprecated! Use `dtype` instead!
[qk-norm] q_norm weight (128,) k_norm weight (128,) eps=1e-06
[qk-norm] decode heads placement: MemoryConfig(memory_layout=TensorMemoryLayout::HEIGHT_SHARDED,buffer_type=BufferType::L1,shard_spec=ShardSpec{grid=[{"start":{"x":1,"y":0},"end":{"x":3,"y":9}, {"start":{"x":5,"y":0},"end":{"x":5,"y":1}], shape=[32, 128], orientation=ShardOrientation::ROW_MAJOR},nd_shard_spec=std::nullopt,created_with_nd_shard_spec=0,per_core_allocation=0)
[stage] prefill q_norm shape=(1, 8, 128, 128) enter
[stage] prefill q_norm returned (1, 8, 128, 128) MemoryConfig(memory_layout=TensorMemoryLayout::INTERLEAVED,buffer_type=BufferType::DRAM,shard_spec=std::nullopt,nd_shard_spec=std::nullopt,created_with_nd_shard_spec=0,per_core_allocation=0)
[pcc] prefill q_norm device 0,0: 0.9999821268225385 (gate >= 0.99)
[pcc] prefill q_norm device 0,1: 0.9999821268225385 (gate >= 0.99)
[pcc] prefill q_norm device 0,2: 0.9999821268225385 (gate >= 0.99)
[pcc] prefill q_norm device 0,3: 0.9999821268225385 (gate >= 0.99)
[pcc] prefill q_norm device 1,0: 0.9999821268225385 (gate >= 0.99)
[pcc] prefill q_norm device 1,1: 0.9999821268225385 (gate >= 0.99)
[pcc] prefill q_norm device 1,2: 0.9999821268225385 (gate >= 0.99)
[pcc] prefill q_norm device 1,3: 0.9999821268225385 (gate >= 0.99)
[pcc] prefill q_norm device 2,0: 0.9999821268225385 (gate >= 0.99)
[pcc] prefill q_norm device 2,1: 0.9999821268225385 (gate >= 0.99)
[pcc] prefill q_norm device 2,2: 0.9999821268225385 (gate >= 0.99)
[pcc] prefill q_norm device 2,3: 0.9999821268225385 (gate >= 0.99)
[pcc] prefill q_norm device 3,0: 0.9999821268225385 (gate >= 0.99)
[pcc] prefill q_norm device 3,1: 0.9999821268225385 (gate >= 0.99)
[pcc] prefill q_norm device 3,2: 0.9999821268225385 (gate >= 0.99)
[pcc] prefill q_norm device 3,3: 0.9999821268225385 (gate >= 0.99)
[pcc] prefill q_norm device 4,0: 0.9999821268225385 (gate >= 0.99)
[pcc] prefill q_norm device 4,1: 0.9999821268225385 (gate >= 0.99)
[pcc] prefill q_norm device 4,2: 0.9999821268225385 (gate >= 0.99)
[pcc] prefill q_norm device 4,3: 0.9999821268225385 (gate >= 0.99)
[pcc] prefill q_norm device 5,0: 0.9999821268225385 (gate >= 0.99)
[pcc] prefill q_norm device 5,1: 0.9999821268225385 (gate >= 0.99)
[pcc] prefill q_norm device 5,2: 0.9999821268225385 (gate >= 0.99)
[pcc] prefill q_norm device 5,3: 0.9999821268225385 (gate >= 0.99)
[pcc] prefill q_norm device 6,0: 0.9999821268225385 (gate >= 0.99)
[pcc] prefill q_norm device 6,1: 0.9999821268225385 (gate >= 0.99)
[pcc] prefill q_norm device 6,2: 0.9999821268225385 (gate >= 0.99)
[pcc] prefill q_norm device 6,3: 0.9999821268225385 (gate >= 0.99)
[pcc] prefill q_norm device 7,0: 0.9999821268225385 (gate >= 0.99)
[pcc] prefill q_norm device 7,1: 0.9999821268225385 (gate >= 0.99)
[pcc] prefill q_norm device 7,2: 0.9999821268225385 (gate >= 0.99)
[pcc] prefill q_norm device 7,3: 0.9999821268225385 (gate >= 0.99)
[stage] prefill k_norm shape=(1, 1, 128, 128) enter
[stage] prefill k_norm returned (1, 1, 128, 128) MemoryConfig(memory_layout=TensorMemoryLayout::INTERLEAVED,buffer_type=BufferType::DRAM,shard_spec=std::nullopt,nd_shard_spec=std::nullopt,created_with_nd_shard_spec=0,per_core_allocation=0)
[pcc] prefill k_norm device 0,0: 0.9999833417066442 (gate >= 0.99)
[pcc] prefill k_norm device 0,1: 0.9999833417066442 (gate >= 0.99)
[pcc] prefill k_norm device 0,2: 0.9999833417066442 (gate >= 0.99)
[pcc] prefill k_norm device 0,3: 0.9999833417066442 (gate >= 0.99)
[pcc] prefill k_norm device 1,0: 0.9999833417066442 (gate >= 0.99)
[pcc] prefill k_norm device 1,1: 0.9999833417066442 (gate >= 0.99)
[pcc] prefill k_norm device 1,2: 0.9999833417066442 (gate >= 0.99)
[pcc] prefill k_norm device 1,3: 0.9999833417066442 (gate >= 0.99)
[pcc] prefill k_norm device 2,0: 0.9999833417066442 (gate >= 0.99)
[pcc] prefill k_norm device 2,1: 0.9999833417066442 (gate >= 0.99)
[pcc] prefill k_norm device 2,2: 0.9999833417066442 (gate >= 0.99)
[pcc] prefill k_norm device 2,3: 0.9999833417066442 (gate >= 0.99)
[pcc] prefill k_norm device 3,0: 0.9999833417066442 (gate >= 0.99)
[pcc] prefill k_norm device 3,1: 0.9999833417066442 (gate >= 0.99)
[pcc] prefill k_norm device 3,2: 0.9999833417066442 (gate >= 0.99)
[pcc] prefill k_norm device 3,3: 0.9999833417066442 (gate >= 0.99)
[pcc] prefill k_norm device 4,0: 0.9999833417066442 (gate >= 0.99)
[pcc] prefill k_norm device 4,1: 0.9999833417066442 (gate >= 0.99)
[pcc] prefill k_norm device 4,2: 0.9999833417066442 (gate >= 0.99)
[pcc] prefill k_norm device 4,3: 0.9999833417066442 (gate >= 0.99)
[pcc] prefill k_norm device 5,0: 0.9999833417066442 (gate >= 0.99)
[pcc] prefill k_norm device 5,1: 0.9999833417066442 (gate >= 0.99)
[pcc] prefill k_norm device 5,2: 0.9999833417066442 (gate >= 0.99)
[pcc] prefill k_norm device 5,3: 0.9999833417066442 (gate >= 0.99)
[pcc] prefill k_norm device 6,0: 0.9999833417066442 (gate >= 0.99)
[pcc] prefill k_norm device 6,1: 0.9999833417066442 (gate >= 0.99)
[pcc] prefill k_norm device 6,2: 0.9999833417066442 (gate >= 0.99)
[pcc] prefill k_norm device 6,3: 0.9999833417066442 (gate >= 0.99)
[pcc] prefill k_norm device 7,0: 0.9999833417066442 (gate >= 0.99)
[pcc] prefill k_norm device 7,1: 0.9999833417066442 (gate >= 0.99)
[pcc] prefill k_norm device 7,2: 0.9999833417066442 (gate >= 0.99)
[pcc] prefill k_norm device 7,3: 0.9999833417066442 (gate >= 0.99)
[stage] decode q_norm shape=(1, 32, 32, 128) enter
[stage] decode q_norm returned (1, 32, 32, 128) MemoryConfig(memory_layout=TensorMemoryLayout::HEIGHT_SHARDED,buffer_type=BufferType::L1,shard_spec=ShardSpec{grid=[{"start":{"x":1,"y":0},"end":{"x":3,"y":9}, {"start":{"x":5,"y":0},"end":{"x":5,"y":1}], shape=[32, 128], orientation=ShardOrientation::ROW_MAJOR},nd_shard_spec={"shard_shape":[32, 128],"grid":[{"start":{"x":1,"y":0},"end":{"x":3,"y":9}}, {"start":{"x":5,"y":0},"end":{"x":5,"y":1}}],"orientation":"ShardOrientation::ROW_MAJOR","shard_distribution_strategy":"ShardDistributionStrategy::ROUND_ROBIN_1D"},created_with_nd_shard_spec=0,per_core_allocation=0)
[pcc] decode q_norm device 0,0: 0.9999884200632239 (gate >= 0.99)
[pcc] decode q_norm device 0,1: 0.9999884200632239 (gate >= 0.99)
[pcc] decode q_norm device 0,2: 0.9999884200632239 (gate >= 0.99)
[pcc] decode q_norm device 0,3: 0.9999884200632239 (gate >= 0.99)
[pcc] decode q_norm device 1,0: 0.9999884200632239 (gate >= 0.99)
[pcc] decode q_norm device 1,1: 0.9999884200632239 (gate >= 0.99)
[pcc] decode q_norm device 1,2: 0.9999884200632239 (gate >= 0.99)
[pcc] decode q_norm device 1,3: 0.9999884200632239 (gate >= 0.99)
[pcc] decode q_norm device 2,0: 0.9999884200632239 (gate >= 0.99)
[pcc] decode q_norm device 2,1: 0.9999884200632239 (gate >= 0.99)
[pcc] decode q_norm device 2,2: 0.9999884200632239 (gate >= 0.99)
[pcc] decode q_norm device 2,3: 0.9999884200632239 (gate >= 0.99)
[pcc] decode q_norm device 3,0: 0.9999884200632239 (gate >= 0.99)
[pcc] decode q_norm device 3,1: 0.9999884200632239 (gate >= 0.99)
[pcc] decode q_norm device 3,2: 0.9999884200632239 (gate >= 0.99)
[pcc] decode q_norm device 3,3: 0.9999884200632239 (gate >= 0.99)
[pcc] decode q_norm device 4,0: 0.9999884200632239 (gate >= 0.99)
[pcc] decode q_norm device 4,1: 0.9999884200632239 (gate >= 0.99)
[pcc] decode q_norm device 4,2: 0.9999884200632239 (gate >= 0.99)
[pcc] decode q_norm device 4,3: 0.9999884200632239 (gate >= 0.99)
[pcc] decode q_norm device 5,0: 0.9999884200632239 (gate >= 0.99)
[pcc] decode q_norm device 5,1: 0.9999884200632239 (gate >= 0.99)
[pcc] decode q_norm device 5,2: 0.9999884200632239 (gate >= 0.99)
[pcc] decode q_norm device 5,3: 0.9999884200632239 (gate >= 0.99)
[pcc] decode q_norm device 6,0: 0.9999884200632239 (gate >= 0.99)
[pcc] decode q_norm device 6,1: 0.9999884200632239 (gate >= 0.99)
[pcc] decode q_norm device 6,2: 0.9999884200632239 (gate >= 0.99)
[pcc] decode q_norm device 6,3: 0.9999884200632239 (gate >= 0.99)
[pcc] decode q_norm device 7,0: 0.9999884200632239 (gate >= 0.99)
[pcc] decode q_norm device 7,1: 0.9999884200632239 (gate >= 0.99)
[pcc] decode q_norm device 7,2: 0.9999884200632239 (gate >= 0.99)
[pcc] decode q_norm device 7,3: 0.9999884200632239 (gate >= 0.99)
[stage] decode k_norm shape=(1, 32, 32, 128) enter
[stage] decode k_norm returned (1, 32, 32, 128) MemoryConfig(memory_layout=TensorMemoryLayout::HEIGHT_SHARDED,buffer_type=BufferType::L1,shard_spec=ShardSpec{grid=[{"start":{"x":1,"y":0},"end":{"x":3,"y":9}, {"start":{"x":5,"y":0},"end":{"x":5,"y":1}], shape=[32, 128], orientation=ShardOrientation::ROW_MAJOR},nd_shard_spec={"shard_shape":[32, 128],"grid":[{"start":{"x":1,"y":0},"end":{"x":3,"y":9}}, {"start":{"x":5,"y":0},"end":{"x":5,"y":1}}],"orientation":"ShardOrientation::ROW_MAJOR","shard_distribution_strategy":"ShardDistributionStrategy::ROUND_ROBIN_1D"},created_with_nd_shard_spec=0,per_core_allocation=0)
[pcc] decode k_norm device 0,0: 0.9999893969919128 (gate >= 0.99)
[pcc] decode k_norm device 0,1: 0.9999893969919128 (gate >= 0.99)
[pcc] decode k_norm device 0,2: 0.9999893969919128 (gate >= 0.99)
[pcc] decode k_norm device 0,3: 0.9999893969919128 (gate >= 0.99)
[pcc] decode k_norm device 1,0: 0.9999893969919128 (gate >= 0.99)
[pcc] decode k_norm device 1,1: 0.9999893969919128 (gate >= 0.99)
[pcc] decode k_norm device 1,2: 0.9999893969919128 (gate >= 0.99)
[pcc] decode k_norm device 1,3: 0.9999893969919128 (gate >= 0.99)
[pcc] decode k_norm device 2,0: 0.9999893969919128 (gate >= 0.99)
[pcc] decode k_norm device 2,1: 0.9999893969919128 (gate >= 0.99)
[pcc] decode k_norm device 2,2: 0.9999893969919128 (gate >= 0.99)
[pcc] decode k_norm device 2,3: 0.9999893969919128 (gate >= 0.99)
[pcc] decode k_norm device 3,0: 0.9999893969919128 (gate >= 0.99)
[pcc] decode k_norm device 3,1: 0.9999893969919128 (gate >= 0.99)
[pcc] decode k_norm device 3,2: 0.9999893969919128 (gate >= 0.99)
[pcc] decode k_norm device 3,3: 0.9999893969919128 (gate >= 0.99)
[pcc] decode k_norm device 4,0: 0.9999893969919128 (gate >= 0.99)
[pcc] decode k_norm device 4,1: 0.9999893969919128 (gate >= 0.99)
[pcc] decode k_norm device 4,2: 0.9999893969919128 (gate >= 0.99)
[pcc] decode k_norm device 4,3: 0.9999893969919128 (gate >= 0.99)
[pcc] decode k_norm device 5,0: 0.9999893969919128 (gate >= 0.99)
[pcc] decode k_norm device 5,1: 0.9999893969919128 (gate >= 0.99)
[pcc] decode k_norm device 5,2: 0.9999893969919128 (gate >= 0.99)
[pcc] decode k_norm device 5,3: 0.9999893969919128 (gate >= 0.99)
[pcc] decode k_norm device 6,0: 0.9999893969919128 (gate >= 0.99)
[pcc] decode k_norm device 6,1: 0.9999893969919128 (gate >= 0.99)
[pcc] decode k_norm device 6,2: 0.9999893969919128 (gate >= 0.99)
[pcc] decode k_norm device 6,3: 0.9999893969919128 (gate >= 0.99)
[pcc] decode k_norm device 7,0: 0.9999893969919128 (gate >= 0.99)
[pcc] decode k_norm device 7,1: 0.9999893969919128 (gate >= 0.99)
[pcc] decode k_norm device 7,2: 0.9999893969919128 (gate >= 0.99)
[pcc] decode k_norm device 7,3: 0.9999893969919128 (gate >= 0.99)
PASSEDNOTE: pytest reported a verdict at 125s; teardown grace 90s
TEARDOWN HANG: summary written but the process still holds the mesh after 90s
TIMEOUT after 900s
  signal -TERM 256638 (comm=python)
NOTE: reaped on timeout; the mesh needs a glx_reset before the next run.
exit=124
holders_after: 0
