2026-08-03 08:36:59.671 | DEBUG    | ttnn:<module>:79 - Initial ttnn.CONFIG:
Config{cache_path=/home/mvasiljevic/.cache/ttnn,model_cache_path=/home/mvasiljevic/.cache/ttnn/models,tmp_dir=/tmp/ttnn,enable_model_cache=false,enable_fast_runtime_mode=true,throw_exception_on_fallback=false,enable_logging=false,enable_graph_report=false,enable_graph_python_stack_traces=false,enable_detailed_buffer_report=false,enable_detailed_tensor_report=false,enable_comparison_mode=false,comparison_mode_should_raise_exception=false,comparison_mode_pcc=0.9999,root_report_path=generated/ttnn/reports,report_name=std::nullopt,std::nullopt}
2026-08-03 08:37:00.455 | info     |          Device | Opening user mode device driver (tt_cluster.cpp:228)
2026-08-03 08:37:00.455 | info     |             UMD | Cluster constructor started. (cluster.cpp:348)
2026-08-03 08:37:00.455 | info     |             UMD | Creating TopologyDiscovery for architecture: blackhole (topology_discovery.cpp:91)
2026-08-03 08:37:00.455 | info     |             UMD | Starting topology discovery. (topology_discovery.cpp:110)
2026-08-03 08:37:00.456 | info     |             UMD | Established firmware bundle version: 19.8.0 (topology_discovery.cpp:569)
2026-08-03 08:37:00.456 | info     |             UMD | Firmware bundle version 19.8.0 on the system is newer than the latest fully tested version 19.5.0 for blackhole architecture. Newest features may not be supported. (topology_discovery.cpp:601)
2026-08-03 08:37:00.461 | info     |             UMD | Completed topology discovery. (topology_discovery.cpp:114)
2026-08-03 08:37:00.702 | info     |             UMD | Opening local chip ids/PCIe ids: {0, 1, 2, 3}/[0, 1, 2, 3] and remote chip ids {} (cluster.cpp:168)
2026-08-03 08:37:00.703 | info     |             UMD | IOMMU: enabled (cluster.cpp:142)
2026-08-03 08:37:00.703 | info     |             UMD | KMD version: 2.8.0 (cluster.cpp:145)
2026-08-03 08:37:00.703 | info     |             UMD | Cluster constructor completed. (cluster.cpp:520)
2026-08-03 08:37:00.704 | info     |             UMD | Starting devices in cluster (cluster.cpp:1024)
2026-08-03 08:37:00.826 | info     |             UMD | Starting devices in cluster completed. (cluster.cpp:1032)
2026-08-03 08:37:00.953 | DEBUG    | ttnn.device:__init__:152 - Using default dispatch core type for this system: DispatchCoreType.WORKER
2026-08-03 08:37:00.953 | DEBUG    | ttnn.device:__init__:154 - Using default dispatch core axis for this system: DispatchCoreAxis.COL
2026-08-03 08:37:00.953 | info     |     Distributed | Using auto discovery to generate mesh graph. (metal_env.cpp:367)
2026-08-03 08:37:00.953 | info     |     Distributed | Constructing control plane using auto-discovery (no mesh graph descriptor). (metal_env.cpp:429)
2026-08-03 08:37:00.953 | warning  |          Always | Unknown motherboard 'B850M-C' for chip_id=0 (bus_id=0x1) — falling back to bus_id as tray_id. Add this motherboard and its bus IDs to mobo_to_bus_ids in physical_system_discovery.cpp. (physical_system_discovery.cpp:89)
2026-08-03 08:37:00.953 | warning  |          Always | Unknown motherboard 'B850M-C' for chip_id=1 (bus_id=0x2) — falling back to bus_id as tray_id. Add this motherboard and its bus IDs to mobo_to_bus_ids in physical_system_discovery.cpp. (physical_system_discovery.cpp:89)
2026-08-03 08:37:00.953 | warning  |          Always | Unknown motherboard 'B850M-C' for chip_id=2 (bus_id=0x3) — falling back to bus_id as tray_id. Add this motherboard and its bus IDs to mobo_to_bus_ids in physical_system_discovery.cpp. (physical_system_discovery.cpp:89)
2026-08-03 08:37:00.953 | warning  |          Always | Unknown motherboard 'B850M-C' for chip_id=3 (bus_id=0x4) — falling back to bus_id as tray_id. Add this motherboard and its bus IDs to mobo_to_bus_ids in physical_system_discovery.cpp. (physical_system_discovery.cpp:89)
2026-08-03 08:37:00.953 | warning  |          Always | Unknown motherboard 'B850M-C' for chip_id=1 (bus_id=0x2) — falling back to bus_id as tray_id. Add this motherboard and its bus IDs to mobo_to_bus_ids in physical_system_discovery.cpp. (physical_system_discovery.cpp:89)
2026-08-03 08:37:00.953 | warning  |          Always | Unknown motherboard 'B850M-C' for chip_id=0 (bus_id=0x1) — falling back to bus_id as tray_id. Add this motherboard and its bus IDs to mobo_to_bus_ids in physical_system_discovery.cpp. (physical_system_discovery.cpp:89)
2026-08-03 08:37:00.953 | warning  |          Always | Unknown motherboard 'B850M-C' for chip_id=2 (bus_id=0x3) — falling back to bus_id as tray_id. Add this motherboard and its bus IDs to mobo_to_bus_ids in physical_system_discovery.cpp. (physical_system_discovery.cpp:89)
2026-08-03 08:37:00.953 | warning  |          Always | Unknown motherboard 'B850M-C' for chip_id=3 (bus_id=0x4) — falling back to bus_id as tray_id. Add this motherboard and its bus IDs to mobo_to_bus_ids in physical_system_discovery.cpp. (physical_system_discovery.cpp:89)
2026-08-03 08:37:00.953 | info     |          Fabric | Logical multi-mesh adjacency: intermesh degree histogram {0:1}; intra-mesh degree histograms mesh0 {2:4} (topology_mapper_utils.cpp:2342)
2026-08-03 08:37:00.953 | info     |          Fabric | Physical multi-mesh adjacency: intermesh degree histogram {0:1}; intra-mesh degree histograms mesh0 {2:4} (topology_mapper_utils.cpp:2350)
2026-08-03 08:37:00.958 | info     |    BuildKernels | Using pre-compiled firmware from: /home/mvasiljevic/tt-metal/tt_metal/pre-compiled/13793420398762238087/ (build_env_manager.cpp:347)
2026-08-03 08:37:00.959 | info     |    BuildKernels | Using pre-compiled firmware from: /home/mvasiljevic/tt-metal/tt_metal/pre-compiled/13793420398762238087/ (build_env_manager.cpp:347)
2026-08-03 08:37:00.959 | info     |    BuildKernels | Using pre-compiled firmware from: /home/mvasiljevic/tt-metal/tt_metal/pre-compiled/13793420398762238087/ (build_env_manager.cpp:347)
2026-08-03 08:37:00.959 | info     |    BuildKernels | Using pre-compiled firmware from: /home/mvasiljevic/tt-metal/tt_metal/pre-compiled/13793420398762238087/ (build_env_manager.cpp:347)
2026-08-03 08:37:00.988 | warning  |           Metal | Opening subset of mmio devices slows down UMD read/write to remote chips. If opening more devices, consider using CreateDevices API. (device_manager.cpp:261)
2026-08-03 08:37:01.027 | info     |           Metal | ShmResourceTracker: removed orphaned shm '/tt_device_154095681929600_memory' (shm_resource_tracker.cpp:282)
2026-08-03 08:37:01.605 | info     |           Metal | [Real-time profiler] Device 3 sync complete: 100 samples, frequency=1.349967 GHz, device_time_at_sync=175833443215345 cycles (realtime_profiler_manager.cpp:1127)
Building ncrisc, compile step:
cd /home/mvasiljevic/.cache/tt-metal-cache/13793420398762238087/kernels/reader_interleaved_no_bcast/1371513424011865006/ncrisc/ && /home/mvasiljevic/tt-metal/runtime/sfpi/compiler/bin/riscv-tt-elf-g++ -O2 -std=c++17 -ftt-nttp -ftt-constinit -ftt-consteval -ftt-no-dyninit -flto=auto -ffast-math -fno-exceptions -fno-rtti -fno-use-cxa-atexit -g -MMD -Wall -Werror -Wno-error=deprecated-declarations -Wno-error=multistatement-macros -Wno-error=parentheses -Wno-error=unused-but-set-variable -Wno-unused-variable -Wno-unused-function -mcpu=tt-bh -fno-tree-loop-distribute-patterns -I. -I.. -I/home/mvasiljevic/tt-metal/ -I/home/mvasiljevic/tt-metal/ttnn -I/home/mvasiljevic/tt-metal/ttnn/cpp -I/home/mvasiljevic/tt-metal/tt_metal -I/home/mvasiljevic/tt-metal/tt_metal/hw/inc -I/home/mvasiljevic/tt-metal/tt_metal/tt-llk/common -I/home/mvasiljevic/tt-metal/tt_metal/hostdevcommon/api -I/home/mvasiljevic/tt-metal/tt_metal/api/ -I/home/mvasiljevic/tt-metal/tt_metal/hw/ckernels/blackhole/metal/common -I/home/mvasiljevic/tt-metal/tt_metal/hw/ckernels/blackhole/metal/llk_io -I/home/mvasiljevic/tt-metal/tt_metal/hw/inc/internal/tt-1xx -I/home/mvasiljevic/tt-metal/tt_metal/hw/inc/internal/tt-1xx/blackhole -I/home/mvasiljevic/tt-metal/tt_metal/hw/inc/internal/tt-1xx/blackhole/blackhole_defines -I/home/mvasiljevic/tt-metal/tt_metal/hw/inc/internal/tt-1xx/blackhole/noc -I/home/mvasiljevic/tt-metal/tt_metal/tt-llk/tt_llk_blackhole/common/inc -I/home/mvasiljevic/tt-metal/tt_metal/tt-llk/tt_llk_blackhole/llk_lib -I/home/mvasiljevic/tt-metal/tt_metal/hw/firmware/src/tt-1xx -I/home/mvasiljevic/tt-metal/ttnn/cpp/ttnn/operations/eltwise/binary_ng/device/kernels_ng/dataflow -c -o /home/mvasiljevic/.cache/tt-metal-cache/13793420398762238087/kernels/reader_interleaved_no_bcast/1371513424011865006/ncrisc/ncrisck.2265288057493480438.o /home/mvasiljevic/tt-metal/tt_metal/hw/firmware/src/tt-1xx/ncrisck.cc -MF /home/mvasiljevic/.cache/tt-metal-cache/13793420398762238087/kernels/reader_interleaved_no_bcast/1371513424011865006/ncrisc/ncrisck.2265288057493480438.d -DIS_NOT_POW2_NUM_L1_BANKS=1 -DLOG_BASE_2_OF_NUM_DRAM_BANKS=3 -DNUM_DRAM_BANKS=8 -DNUM_L1_BANKS=110 -DPCIE_NOC_X=19 -DPCIE_NOC_Y=24 -DTENSIX_FIRMWARE -DLOCAL_MEM_EN=0 -DPROCESSOR_INDEX=1 -DCOMPILE_FOR_NCRISC -DARCH_BLACKHOLE -DDISPATCH_MESSAGE_ADDR=4290184248 -DKERNEL_BUILD -DFULL_KERNEL_NAME="\"reader_interleaved_no_bcast/1371513424011865006/\"" -DBCAST_LLK='0' -DFILL_TILE_WITH_FIRST_COLUMN='fill_tile_with_first_column_bfloat16' -DFILL_TILE_WITH_FIRST_COLUMN_B='fill_tile_with_first_column_bfloat16' -DFILL_TILE_WITH_FIRST_COLUMN_RM='fill_tile_with_first_column_rm_bfloat16' -DFILL_TILE_WITH_FIRST_ELEMENT='fill_tile_with_first_element_bfloat16' -DFILL_TILE_WITH_FIRST_ELEMENT_B='fill_tile_with_first_element_bfloat16' -DFILL_TILE_WITH_FIRST_ROW='fill_tile_with_first_row_bfloat16' -DFILL_TILE_WITH_FIRST_ROW_B='fill_tile_with_first_row_bfloat16' -DFILL_TILE_WITH_FIRST_ROW_RM='fill_tile_with_first_row_rm_bfloat16' -DFILL_WITH_VALUE='fill_with_val_bfloat16' -DFILL_WITH_VALUE_B='fill_with_val_bfloat16' -DSRC_SHARDED='1' -DSRC_SHARDED_B='1' -DNOC_INDEX='0' -DNOC_MODE='0' -DKERNEL_COMPILE_TIME_ARGS=17,2048,1,64,2,33685762,67240706,100795650,167905026,201460482,16977154,50528771,84083715,117638659,184748547,218303491,33816836,67371780,100926724,168036100,201591556,17108228,50659845,84214789,117769733,184879621,218434565,33947910,67502854,101057798,168167174,201722630,17239302,50790919,84345863,117900807,185010695,17,2048,1,64,2,33685762,67240706,100795650,167905026,201460482,16977154,50528771,84083715,117638659,184748547,218303491,33816836,67371780,100926724,168036100,201591556,17108228,50659845,84214789,117769733,184879621,218434565,33947910,67502854,101057798,168167174,201722630,17239302,50790919,84345863,117900807,185010695,1 
In file included from ../kernel_includes.hpp:1,
                 from /home/mvasiljevic/tt-metal/tt_metal/hw/firmware/src/tt-1xx/ncrisck.cc:22:
/home/mvasiljevic/tt-metal/ttnn/cpp/ttnn/operations/eltwise/binary_ng/device/kernels_ng/dataflow/reader_interleaved_no_bcast.cpp: In function 'void kernel_main()':
/home/mvasiljevic/tt-metal/ttnn/cpp/ttnn/operations/eltwise/binary_ng/device/kernels_ng/dataflow/reader_interleaved_no_bcast.cpp:39:20: warning: variable 'src_b_args' set but not used [-Wunused-but-set-variable]
   39 |     constexpr auto src_b_args =
      |                    ^~~~~~~~~~
2026-08-03 08:37:02.978 | INFO     | tracy:signpost:49 - PERF_DECODE
2026-08-03 08:37:02.980 | INFO     | tracy:signpost:49 - PERF_DECODE_END
rope_query_c64: median 1.232878 ms over 5 blocks of 50 (+10 warm-up), floor 0.612 us (0.050 %) -> models/autoports/qwen_qwen3_6_27b/doc/advisor_challenger/measurements/rope_query_c64.json
   next: bound tt-perf-report with --start-signpost PERF_DECODE --end-signpost PERF_DECODE_END, then reconcile.py --incumbent this file. A candidate goes in a FRESH process.
nanobind: leaked 1 instances!
 - leaked instance 0x7bf0f29c1248 of type "ttnn._ttnn.tensor.CoreRangeSet"
nanobind: leaked 14 types!
 - leaked type "ttnn._ttnn.operations.matmul.MatmulMultiCoreReuseMultiCast1DProgramConfig"
 - leaked type "ttnn._ttnn.operations.matmul.MatmulInputs"
 - leaked type "ttnn._ttnn.operations.matmul.MatmulMultiCoreReuseMultiCastBatchedDRAMShardedProgramConfig"
 - leaked type "UnaryOpType"
 - leaked type "ttnn._ttnn.operations.matmul.MatmulMultiCoreReuseOptimizedProgramFactory"
 - leaked type "ttnn._ttnn.operations.matmul.MatmulParams"
 - leaked type "ttnn._ttnn.tensor.CoreRangeSet"
 - leaked type "ttnn._ttnn.operations.matmul.MatmulMultiCoreReuseProgramConfig"
 - leaked type "ttnn._ttnn.operations.matmul.MatmulDeviceOperation"
 - leaked type "ttnn._ttnn.multi_device.MeshDevice"
 - ... skipped remainder
nanobind: leaked 233 functions!
 - leaked function "contains"
 - leaked function "__repr__"
 - leaked function ""
 - leaked function ""
 - leaked function "default_core_range"
 - leaked function ""
 - leaked function ""
 - leaked function ""
 - leaked function "load_sub_device_manager"
 - leaked function "to_numpy"
 - ... skipped remainder
nanobind: this is likely caused by a reference counting issue in the binding code.
See https://nanobind.readthedocs.io/en/latest/refleaks.html2026-08-03 08:37:04.084 | info     |    BuildKernels | JIT cache stats: 230/234 hits (98.3%) [230 cached, 64 build-once dedup, 0 merged artifacts, 0 merged genfiles] (build_cache_telemetry.cpp:207)
2026-08-03 08:37:04.084 | info     |    BuildKernels | JIT telemetry: 3 registered TelemetryTokens (build_cache_telemetry.cpp:230)
2026-08-03 08:37:04.096 | info     |          Device | Closing user mode device drivers (tt_cluster.cpp:512)
2026-08-03 08:37:04.096 | info     |             UMD | Closing devices in cluster (cluster.cpp:1037)
2026-08-03 08:37:04.585 | info     |             UMD | Closing devices in cluster completed. (cluster.cpp:1046)
2026-08-03 08:37:04.585 | info     |             UMD | Cluster destructor started. (cluster.cpp:754)
2026-08-03 08:37:04.585 | info     |             UMD | Cluster destructor completed. (cluster.cpp:757)
