2026-08-13 00:51:26.990 | INFO     | __main__:main:412 - Using port 8086
2026-08-13 00:51:26.990 | INFO     | tracy:run_report_setup:91 - Verifying tracy profiling tools
2026-08-13 00:51:27.044 | INFO     | tracy:run_report_setup:112 - Capture command: ('/home/ttuser/dev/muse-glimmer/tt-metal/build/tools/profiler/bin/tracy-capture -o /home/ttuser/dev/muse-glimmer/tt-metal/generated/profiler/.logs/tracy_profile_log_host.tracy -f -p 8086',)
Connecting to 127.0.0.1:8086...2026-08-13 00:51:27.049 | INFO     | __main__:main:430 - Test process started
2026-08-13 00:51:27.970 | DEBUG    | ttnn:<module>:78 - Initial ttnn.CONFIG:
Config{cache_path=/home/ttuser/.cache/ttnn,model_cache_path=/home/ttuser/.cache/ttnn/models,tmp_dir=/tmp/ttnn,enable_model_cache=false,enable_fast_runtime_mode=true,validate_program_args=false,throw_exception_on_fallback=false,enable_logging=false,enable_graph_report=false,enable_graph_python_stack_traces=false,enable_detailed_buffer_report=false,enable_detailed_tensor_report=false,enable_comparison_mode=false,comparison_mode_should_raise_exception=false,comparison_mode_pcc=0.9999,root_report_path=generated/ttnn/reports,report_name=std::nullopt,std::nullopt}
2026-08-13 00:51:31.219 | info     |          Device | Opening user mode device driver (tt_cluster.cpp:228)
2026-08-13 00:51:31.219 | info     |             UMD | Cluster constructor started. (cluster.cpp:389)
2026-08-13 00:51:31.219 | info     |             UMD | Creating TopologyDiscovery for architecture: blackhole (topology_discovery.cpp:96)
2026-08-13 00:51:31.219 | info     |             UMD | Starting topology discovery. (topology_discovery.cpp:115)
2026-08-13 00:51:31.231 | info     |             UMD | Established firmware bundle version: 19.11.0 (topology_discovery.cpp:575)
2026-08-13 00:51:31.232 | info     |             UMD | Completed topology discovery. (topology_discovery.cpp:119)
2026-08-13 00:51:31.310 | info     |             UMD | Opening local chip ids/PCIe ids: {0, 1, 2, 3}/[0, 1, 2, 3] and remote chip ids {} (cluster.cpp:173)
2026-08-13 00:51:31.310 | info     |             UMD | IOMMU: enabled (cluster.cpp:147)
2026-08-13 00:51:31.310 | info     |             UMD | KMD version: 2.10.0 (cluster.cpp:150)
2026-08-13 00:51:31.310 | info     |             UMD | Cluster constructor completed. (cluster.cpp:648)
2026-08-13 00:51:31.311 | info     |             UMD | Starting devices in cluster (cluster.cpp:1184)
2026-08-13 00:51:31.470 | info     |             UMD | Starting devices in cluster completed. (cluster.cpp:1192)
2026-08-13 00:51:31.591 | info     |     Distributed | Using auto discovery to generate mesh graph. (metal_env.cpp:437)
2026-08-13 00:51:31.591 | info     |     Distributed | Constructing control plane using auto-discovery (no mesh graph descriptor). (metal_env.cpp:499)
2026-08-13 00:51:31.591 | warning  |          Always | Unknown motherboard 'B850M-C' for chip_id=0 (bus_id=0x1) — falling back to bus_id as tray_id. Add this motherboard and its bus IDs to mobo_to_bus_ids in physical_system_discovery.cpp. (physical_system_discovery.cpp:119)
2026-08-13 00:51:31.591 | info     |          Fabric | Logical multi-mesh adjacency: intermesh degree histogram {0:1}; intra-mesh degree histograms mesh0 {2:4} (topology_mapper_utils.cpp:3329)
2026-08-13 00:51:31.591 | info     |          Fabric | Physical multi-mesh adjacency: intermesh degree histogram {0:1}; intra-mesh degree histograms mesh0 {2:4} (topology_mapper_utils.cpp:3337)
2026-08-13 00:51:31.638 | warning  |           Metal | Unable to set process priority to 0, error code: -1 (thread_pool.cpp:107)
2026-08-13 00:51:31.639 | warning  |           Metal | Unable to set process priority to 0, error code: -1 (thread_pool.cpp:107)
2026-08-13 00:51:31.639 | warning  |           Metal | Unable to set process priority to 0, error code: -1 (thread_pool.cpp:107)
2026-08-13 00:51:31.640 | warning  |           Metal | Unable to set process priority to 0, error code: -1 (thread_pool.cpp:107)
2026-08-13 00:51:31.640 | warning  |           Metal | Unable to set process priority to 0, error code: -1 (thread_pool.cpp:107)
2026-08-13 00:51:31.641 | warning  |           Metal | Unable to set process priority to 0, error code: -1 (thread_pool.cpp:107)
2026-08-13 00:51:31.641 | warning  |           Metal | Unable to set process priority to 0, error code: -1 (thread_pool.cpp:107)
2026-08-13 00:51:31.642 | warning  |           Metal | Unable to set process priority to 0, error code: -1 (thread_pool.cpp:107)
2026-08-13 00:51:31.649 | info     |           Metal | Profiler started on device 0 (profiler_initializer.cpp:49)
2026-08-13 00:51:31.655 | info     |           Metal | Profiler started on device 1 (profiler_initializer.cpp:49)
2026-08-13 00:51:31.661 | info     |           Metal | Profiler started on device 2 (profiler_initializer.cpp:49)
2026-08-13 00:51:31.668 | info     |           Metal | Profiler started on device 3 (profiler_initializer.cpp:49)
2026-08-13 00:51:31.668 | info     |           Metal | Initializing Fabric (fabric_firmware_initializer.cpp:296)
2026-08-13 00:51:31.689 | info     |           Metal | Fabric initialized on Device 0 (device.cpp:550)
2026-08-13 00:51:31.699 | info     |           Metal | Fabric initialized on Device 1 (device.cpp:550)
2026-08-13 00:51:31.700 | info     |           Metal | Fabric initialized on Device 2 (device.cpp:550)
2026-08-13 00:51:31.700 | info     |           Metal | Fabric initialized on Device 3 (device.cpp:550)
2026-08-13 00:51:31.700 | info     |           Metal | Fabric initialized on 4 devices (fabric_firmware_initializer.cpp:444)
2026-08-13 00:51:31.700 | info     |           Metal | Fabric Initialized with config FabricConfig::FABRIC_1D_RING (fabric_firmware_initializer.cpp:313)
2026-08-13 00:51:35.370 | INFO     | tracy:signpost:49 - PERF_PREFILL
2026-08-13 00:51:35.372 | INFO     | tracy:signpost:49 - PERF_PREFILL_END
2026-08-13 00:51:35.591 | warning  |           Metal | Unable to set process priority to 0, error code: -1 (thread_pool.cpp:107)
2026-08-13 00:51:35.591 | warning  |           Metal | Unable to set process priority to 0, error code: -1 (thread_pool.cpp:107)
2026-08-13 00:51:35.591 | warning  |           Metal | Unable to set process priority to 0, error code: -1 (thread_pool.cpp:107)
2026-08-13 00:51:35.591 | warning  |           Metal | Unable to set process priority to 0, error code: -1 (thread_pool.cpp:107)
2026-08-13 00:51:35.592 | warning  |           Metal | Unable to set process priority to 0, error code: -1 (thread_pool.cpp:107)
2026-08-13 00:51:35.592 | warning  |           Metal | Unable to set process priority to 0, error code: -1 (thread_pool.cpp:107)
2026-08-13 00:51:35.592 | warning  |           Metal | Unable to set process priority to 0, error code: -1 (thread_pool.cpp:107)
2026-08-13 00:51:35.592 | warning  |           Metal | Unable to set process priority to 0, error code: -1 (thread_pool.cpp:107)
2026-08-13 00:51:35.592 | warning  |           Metal | Unable to set process priority to 0, error code: -1 (thread_pool.cpp:107)
2026-08-13 00:51:35.592 | warning  |           Metal | Unable to set process priority to 0, error code: -1 (thread_pool.cpp:107)
2026-08-13 00:51:35.593 | warning  |           Metal | Unable to set process priority to 0, error code: -1 (thread_pool.cpp:107)
2026-08-13 00:51:35.593 | warning  |           Metal | Unable to set process priority to 0, error code: -1 (thread_pool.cpp:107)
2026-08-13 00:51:35.594 | warning  |           Metal | Unable to set process priority to 0, error code: -1 (thread_pool.cpp:107)
2026-08-13 00:51:35.594 | warning  |           Metal | Unable to set process priority to 0, error code: -1 (thread_pool.cpp:107)
2026-08-13 00:51:35.594 | warning  |           Metal | Unable to set process priority to 0, error code: -1 (thread_pool.cpp:107)
2026-08-13 00:51:35.595 | warning  |           Metal | Unable to set process priority to 0, error code: -1 (thread_pool.cpp:107)
PERF prefill kind=full seq_len=128 out=(1, 1, 128, 6656)
nanobind: leaked 3 instances!
 - leaked instance 0x77b31a5d93a8 of type "ttnn._ttnn.multi_device.MeshCoordinate"
 - leaked instance 0x77b31a5d9588 of type "ttnn._ttnn.multi_device.MeshCoordinate"
 - leaked instance 0x77b30c4e5db8 of type "ttnn._ttnn.tensor.CoreRangeSet"
nanobind: leaked 24 types!
 - leaked type "MathFidelity"
 - leaked type "ttnn._ttnn.operations.matmul.MatmulMultiCoreReuseMultiCast1DProgramConfig"
 - leaked type "ttnn._ttnn.operations.matmul.MatmulInputs"
 - leaked type "ttnn._ttnn.multi_device.MeshMapperConfig"
 - leaked type "ttnn._ttnn.operations.matmul.MatmulMultiCoreReuseMultiCastBatchedDRAMShardedProgramConfig"
 - leaked type "BufferType"
 - leaked type "UnaryOpType"
 - leaked type "ttnn._ttnn.operations.matmul.MatmulMultiCoreReuseOptimizedProgramFactory"
 - leaked type "ttnn._ttnn.operations.matmul.MatmulParams"
 - leaked type "ttnn._ttnn.tensor.CoreRangeSet"
 - ... skipped remainder
nanobind: leaked 282 functions!
 - leaked function "__init__"
 - leaked function ""
 - leaked function ""
 - leaked function "matmul_select_program_factory"
 - leaked function "to_json"
 - leaked function ""
 - leaked function ""
 - leaked function ""
 - leaked function "__init__"
 - leaked function "__iter__"
 - ... skipped remainder
nanobind: this is likely caused by a reference counting issue in the binding code.
See https://nanobind.readthedocs.io/en/latest/refleaks.html2026-08-13 00:51:37.675 | info     |    BuildKernels | JIT cache stats: 192/192 hits (100.0%) [192 cached, 63 build-once dedup, 0 merged artifacts, 0 merged genfiles] (build_cache_telemetry.cpp:207)
2026-08-13 00:51:37.675 | info     |    BuildKernels | JIT telemetry: 3 registered TelemetryTokens (build_cache_telemetry.cpp:230)
2026-08-13 00:51:37.691 | info     |          Device | Closing user mode device drivers (tt_cluster.cpp:513)
2026-08-13 00:51:37.691 | info     |             UMD | Closing devices in cluster (cluster.cpp:1197)
2026-08-13 00:51:38.303 | info     |             UMD | Closing devices in cluster completed. (cluster.cpp:1206)
2026-08-13 00:51:38.303 | info     |             UMD | Cluster destructor started. (cluster.cpp:912)
2026-08-13 00:51:38.303 | info     |             UMD | Cluster destructor completed. (cluster.cpp:915)

Timer resolution: 0 ns

Frames: 2
Time span: 10.52 s
Zones: 265,693
Elapsed time: 10.41 s
Saving trace... done!
Trace size 2683.37 KB (19.67% ratio)
2026-08-13 00:51:38.551 | INFO     | __main__:main:469 - Copying /home/ttuser/dev/muse-glimmer/tt-metal/generated/profiler/.logs/tracy_profile_log_host.tracy to /home/ttuser/dev/muse-glimmer/tt-metal/build/profiler/build_wasm/traces/perf_windows_2026_08_13_00_51_38.tracy
2026-08-13 00:51:38.552 | INFO     | __main__:main:472 - Copied /home/ttuser/dev/muse-glimmer/tt-metal/generated/profiler/.logs/tracy_profile_log_host.tracy to /home/ttuser/dev/muse-glimmer/tt-metal/build/profiler/build_wasm/traces/perf_windows_2026_08_13_00_51_38.tracy
2026-08-13 00:51:38.552 | INFO     | __main__:main:481 - embed.tracy -> traces/perf_windows_2026_08_13_00_51_38.tracy
2026-08-13 00:51:38.552 | INFO     | tracy.serve_wasm:launch_server_subprocess:284 - Launching tracy web app GUI server subprocess...
2026-08-13 00:51:38.552 | INFO     | tracy.serve_wasm:launch_server_subprocess:287 - Tracy WASM web UI (open in browser): http://localhost:8080/ (WebSocket for live reload: ws://localhost:8081/)
2026-08-13 00:51:38.552 | INFO     | tracy.serve_wasm:launch_server_subprocess:294 - Tracy WASM server already serving port 8080; reusing it (live-reload refreshes the browser).
2026-08-13 00:51:38.660 | INFO     | tracy:generate_report:162 - Host side ops time report generated at /home/ttuser/dev/muse-glimmer/tt-metal/generated/profiler/.logs/tracy_ops_times.csv
2026-08-13 00:51:38.668 | INFO     | tracy:generate_report:173 - Host side ops data report generated at /home/ttuser/dev/muse-glimmer/tt-metal/generated/profiler/.logs/tracy_ops_data.csv
2026-08-13 00:51:38.668 | INFO     | tracy.process_ops_logs:import_tracy_op_logs:422 - Importing ops logs
/home/ttuser/dev/muse-glimmer/tt-metal/tools/tracy/process_ops_logs.py:527: DtypeWarning: Columns (3,4,8) have mixed types. Specify dtype option on import or set low_memory=False.
  df = pd.read_csv(tracyOpTimesLog)
2026-08-13 00:51:38.955 | INFO     | tracy.perf_counter_analysis:get_device_op_data:2140 - Getting device ops
2026-08-13 00:51:38.955 | INFO     | tracy.process_ops_logs:append_device_data:1086 - Appending device data
2026-08-13 00:51:39.239 | INFO     | tracy.process_ops_logs:generate_reports:1419 - OPs' perf analysis is finished! Generating reports ...
2026-08-13 00:51:39.239 | INFO     | tracy.process_ops_logs:generate_reports:1439 - Copying runtime artifacts
2026-08-13 00:51:39.250 | INFO     | tracy.process_ops_logs:generate_reports:1448 - Generating OPs CSV
2026-08-13 00:51:39.367 | INFO     | tracy.process_ops_logs:generate_reports:1904 - OPs csv generated at: /home/ttuser/dev/muse-glimmer/tt-metal/generated/profiler/reports/2026_08_13_00_51_39/ops_perf_results_2026_08_13_00_51_39.csv
