2026-08-13 04:43:13.873 | INFO     | __main__:main:412 - Using port 8086
2026-08-13 04:43:13.873 | INFO     | tracy:run_report_setup:91 - Verifying tracy profiling tools
2026-08-13 04:43:13.899 | INFO     | tracy:run_report_setup:112 - Capture command: ('/home/ttuser/dev/muse-glimmer/tt-metal/build/tools/profiler/bin/tracy-capture -o /home/ttuser/dev/muse-glimmer/tt-metal/generated/profiler/.logs/tracy_profile_log_host.tracy -f -p 8086',)
Connecting to 127.0.0.1:8086...2026-08-13 04:43:13.904 | INFO     | __main__:main:430 - Test process started
2026-08-13 04:43:14.834 | DEBUG    | ttnn:<module>:78 - Initial ttnn.CONFIG:
Config{cache_path=/home/ttuser/.cache/ttnn,model_cache_path=/home/ttuser/.cache/ttnn/models,tmp_dir=/tmp/ttnn,enable_model_cache=false,enable_fast_runtime_mode=true,validate_program_args=false,throw_exception_on_fallback=false,enable_logging=false,enable_graph_report=false,enable_graph_python_stack_traces=false,enable_detailed_buffer_report=false,enable_detailed_tensor_report=false,enable_comparison_mode=false,comparison_mode_should_raise_exception=false,comparison_mode_pcc=0.9999,root_report_path=generated/ttnn/reports,report_name=std::nullopt,std::nullopt}
2026-08-13 04:43:18.097 | info     |          Device | Opening user mode device driver (tt_cluster.cpp:228)
2026-08-13 04:43:18.097 | info     |             UMD | Cluster constructor started. (cluster.cpp:389)
2026-08-13 04:43:18.097 | info     |             UMD | Creating TopologyDiscovery for architecture: blackhole (topology_discovery.cpp:96)
2026-08-13 04:43:18.097 | info     |             UMD | Starting topology discovery. (topology_discovery.cpp:115)
2026-08-13 04:43:18.108 | info     |             UMD | Established firmware bundle version: 19.11.0 (topology_discovery.cpp:575)
2026-08-13 04:43:18.109 | info     |             UMD | Completed topology discovery. (topology_discovery.cpp:119)
2026-08-13 04:43:18.187 | info     |             UMD | Opening local chip ids/PCIe ids: {0, 1, 2, 3}/[0, 1, 2, 3] and remote chip ids {} (cluster.cpp:173)
2026-08-13 04:43:18.187 | info     |             UMD | IOMMU: enabled (cluster.cpp:147)
2026-08-13 04:43:18.187 | info     |             UMD | KMD version: 2.10.0 (cluster.cpp:150)
2026-08-13 04:43:18.187 | info     |             UMD | Cluster constructor completed. (cluster.cpp:648)
2026-08-13 04:43:18.189 | info     |             UMD | Starting devices in cluster (cluster.cpp:1184)
2026-08-13 04:43:18.431 | info     |             UMD | Starting devices in cluster completed. (cluster.cpp:1192)
2026-08-13 04:43:18.552 | info     |     Distributed | Using auto discovery to generate mesh graph. (metal_env.cpp:437)
2026-08-13 04:43:18.552 | info     |     Distributed | Constructing control plane using auto-discovery (no mesh graph descriptor). (metal_env.cpp:499)
2026-08-13 04:43:18.552 | warning  |          Always | Unknown motherboard 'B850M-C' for chip_id=0 (bus_id=0x1) — falling back to bus_id as tray_id. Add this motherboard and its bus IDs to mobo_to_bus_ids in physical_system_discovery.cpp. (physical_system_discovery.cpp:119)
2026-08-13 04:43:18.552 | info     |          Fabric | Logical multi-mesh adjacency: intermesh degree histogram {0:1}; intra-mesh degree histograms mesh0 {2:4} (topology_mapper_utils.cpp:3329)
2026-08-13 04:43:18.552 | info     |          Fabric | Physical multi-mesh adjacency: intermesh degree histogram {0:1}; intra-mesh degree histograms mesh0 {2:4} (topology_mapper_utils.cpp:3337)
2026-08-13 04:43:18.599 | warning  |           Metal | Unable to set process priority to 0, error code: -1 (thread_pool.cpp:107)
2026-08-13 04:43:18.599 | warning  |           Metal | Unable to set process priority to 0, error code: -1 (thread_pool.cpp:107)
2026-08-13 04:43:18.600 | warning  |           Metal | Unable to set process priority to 0, error code: -1 (thread_pool.cpp:107)
2026-08-13 04:43:18.600 | warning  |           Metal | Unable to set process priority to 0, error code: -1 (thread_pool.cpp:107)
2026-08-13 04:43:18.601 | warning  |           Metal | Unable to set process priority to 0, error code: -1 (thread_pool.cpp:107)
2026-08-13 04:43:18.601 | warning  |           Metal | Unable to set process priority to 0, error code: -1 (thread_pool.cpp:107)
2026-08-13 04:43:18.602 | warning  |           Metal | Unable to set process priority to 0, error code: -1 (thread_pool.cpp:107)
2026-08-13 04:43:18.602 | warning  |           Metal | Unable to set process priority to 0, error code: -1 (thread_pool.cpp:107)
2026-08-13 04:43:18.608 | info     |           Metal | Profiler started on device 0 (profiler_initializer.cpp:49)
2026-08-13 04:43:18.614 | info     |           Metal | Profiler started on device 1 (profiler_initializer.cpp:49)
2026-08-13 04:43:18.619 | info     |           Metal | Profiler started on device 2 (profiler_initializer.cpp:49)
2026-08-13 04:43:18.625 | info     |           Metal | Profiler started on device 3 (profiler_initializer.cpp:49)
2026-08-13 04:43:18.625 | info     |           Metal | Initializing Fabric (fabric_firmware_initializer.cpp:296)
2026-08-13 04:43:18.657 | info     |           Metal | Fabric initialized on Device 0 (device.cpp:550)
2026-08-13 04:43:18.658 | info     |           Metal | Fabric initialized on Device 1 (device.cpp:550)
2026-08-13 04:43:18.658 | info     |           Metal | Fabric initialized on Device 2 (device.cpp:550)
2026-08-13 04:43:18.659 | info     |           Metal | Fabric initialized on Device 3 (device.cpp:550)
2026-08-13 04:43:18.659 | info     |           Metal | Fabric initialized on 4 devices (fabric_firmware_initializer.cpp:444)
2026-08-13 04:43:18.659 | info     |           Metal | Fabric Initialized with config FabricConfig::FABRIC_1D_RING (fabric_firmware_initializer.cpp:313)
2026-08-13 04:43:22.471 | warning  |              Op | Mismatch between computed MemoryConfig(memory_layout=TensorMemoryLayout::WIDTH_SHARDED,buffer_type=BufferType::L1,shard_spec=ShardSpec{grid=[{"start":{"x":0,"y":0},"end":{"x":10,"y":0}, {"start":{"x":0,"y":1},"end":{"x":2,"y":1}], shape=[32, 96], orientation=ShardOrientation::ROW_MAJOR},nd_shard_spec={"shard_shape":[32, 96],"grid":[{"start":{"x":0,"y":0},"end":{"x":10,"y":0}}, {"start":{"x":0,"y":1},"end":{"x":2,"y":1}}],"orientation":"ShardOrientation::ROW_MAJOR","shard_distribution_strategy":"ShardDistributionStrategy::ROUND_ROBIN_1D"},created_with_nd_shard_spec=0,per_core_allocation=0) and provided MemoryConfig(memory_layout=TensorMemoryLayout::WIDTH_SHARDED,buffer_type=BufferType::L1,shard_spec=ShardSpec{grid=[{"start":{"x":0,"y":0},"end":{"x":10,"y":0}, {"start":{"x":0,"y":1},"end":{"x":4,"y":1}], shape=[32, 96], orientation=ShardOrientation::ROW_MAJOR},nd_shard_spec=std::nullopt,created_with_nd_shard_spec=0,per_core_allocation=0) mem config. Using computed config. (matmul_device_operation.cpp:239)
2026-08-13 04:43:22.549 | warning  |              Op | Mismatch between computed MemoryConfig(memory_layout=TensorMemoryLayout::WIDTH_SHARDED,buffer_type=BufferType::L1,shard_spec=ShardSpec{grid=[{"start":{"x":0,"y":0},"end":{"x":10,"y":0}, {"start":{"x":0,"y":1},"end":{"x":2,"y":1}], shape=[32, 96], orientation=ShardOrientation::ROW_MAJOR},nd_shard_spec={"shard_shape":[32, 96],"grid":[{"start":{"x":0,"y":0},"end":{"x":10,"y":0}}, {"start":{"x":0,"y":1},"end":{"x":2,"y":1}}],"orientation":"ShardOrientation::ROW_MAJOR","shard_distribution_strategy":"ShardDistributionStrategy::ROUND_ROBIN_1D"},created_with_nd_shard_spec=0,per_core_allocation=0) and provided MemoryConfig(memory_layout=TensorMemoryLayout::WIDTH_SHARDED,buffer_type=BufferType::L1,shard_spec=ShardSpec{grid=[{"start":{"x":0,"y":0},"end":{"x":10,"y":0}, {"start":{"x":0,"y":1},"end":{"x":4,"y":1}], shape=[32, 96], orientation=ShardOrientation::ROW_MAJOR},nd_shard_spec=std::nullopt,created_with_nd_shard_spec=0,per_core_allocation=0) mem config. Using computed config. (matmul_device_operation.cpp:239)
2026-08-13 04:43:22.554 | INFO     | tracy:signpost:49 - PERF_DECODE
2026-08-13 04:43:22.558 | INFO     | tracy:signpost:49 - PERF_DECODE_END
2026-08-13 04:43:22.874 | warning  |           Metal | Unable to set process priority to 0, error code: -1 (thread_pool.cpp:107)
2026-08-13 04:43:22.874 | warning  |           Metal | Unable to set process priority to 0, error code: -1 (thread_pool.cpp:107)
2026-08-13 04:43:22.874 | warning  |           Metal | Unable to set process priority to 0, error code: -1 (thread_pool.cpp:107)
2026-08-13 04:43:22.874 | warning  |           Metal | Unable to set process priority to 0, error code: -1 (thread_pool.cpp:107)
2026-08-13 04:43:22.874 | warning  |           Metal | Unable to set process priority to 0, error code: -1 (thread_pool.cpp:107)
2026-08-13 04:43:22.875 | warning  |           Metal | Unable to set process priority to 0, error code: -1 (thread_pool.cpp:107)
2026-08-13 04:43:22.875 | warning  |           Metal | Unable to set process priority to 0, error code: -1 (thread_pool.cpp:107)
2026-08-13 04:43:22.875 | warning  |           Metal | Unable to set process priority to 0, error code: -1 (thread_pool.cpp:107)
2026-08-13 04:43:22.875 | warning  |           Metal | Unable to set process priority to 0, error code: -1 (thread_pool.cpp:107)
2026-08-13 04:43:22.876 | warning  |           Metal | Unable to set process priority to 0, error code: -1 (thread_pool.cpp:107)
2026-08-13 04:43:22.876 | warning  |           Metal | Unable to set process priority to 0, error code: -1 (thread_pool.cpp:107)
2026-08-13 04:43:22.877 | warning  |           Metal | Unable to set process priority to 0, error code: -1 (thread_pool.cpp:107)
2026-08-13 04:43:22.877 | warning  |           Metal | Unable to set process priority to 0, error code: -1 (thread_pool.cpp:107)
2026-08-13 04:43:22.877 | warning  |           Metal | Unable to set process priority to 0, error code: -1 (thread_pool.cpp:107)
2026-08-13 04:43:22.878 | warning  |           Metal | Unable to set process priority to 0, error code: -1 (thread_pool.cpp:107)
2026-08-13 04:43:22.879 | warning  |           Metal | Unable to set process priority to 0, error code: -1 (thread_pool.cpp:107)
PERF decode kind=full context=2048 iters=8 out=(1, 1, 1, 6656)
nanobind: leaked 3 instances!
 - leaked instance 0x75cb24129db8 of type "ttnn._ttnn.tensor.CoreRangeSet"
 - leaked instance 0x75cb30da13f8 of type "ttnn._ttnn.multi_device.MeshCoordinate"
 - leaked instance 0x75cb30da15d8 of type "ttnn._ttnn.multi_device.MeshCoordinate"
nanobind: leaked 24 types!
 - leaked type "MathFidelity"
 - leaked type "ttnn._ttnn.operations.matmul.MatmulMultiCoreReuseMultiCast1DProgramConfig"
 - leaked type "ttnn._ttnn.operations.matmul.MatmulInputs"
 - leaked type "ttnn._ttnn.multi_device.MeshMapperConfig"
 - leaked type "ttnn._ttnn.operations.matmul.MatmulMultiCoreReuseMultiCastBatchedDRAMShardedProgramConfig"
 - leaked type "BufferType"
 - leaked type "UnaryOpType"
 - leaked type "ttnn._ttnn.operations.matmul.MatmulMultiCoreReuseOptimizedProgramFactory"
 - leaked type "ttnn._ttnn.operations.matmul.MatmulParams"
 - leaked type "ttnn._ttnn.tensor.CoreRangeSet"
 - ... skipped remainder
nanobind: leaked 282 functions!
 - leaked function ""
 - leaked function "__init__"
 - leaked function "__init__"
 - leaked function ""
 - leaked function "get_current_command_queue_id_for_thread"
 - leaked function "to_json"
 - leaked function "compute_output_specs"
 - leaked function ""
 - leaked function "pad"
 - leaked function ""
 - ... skipped remainder
nanobind: this is likely caused by a reference counting issue in the binding code.
See https://nanobind.readthedocs.io/en/latest/refleaks.html2026-08-13 04:43:25.865 | info     |    BuildKernels | JIT cache stats: 285/285 hits (100.0%) [285 cached, 96 build-once dedup, 0 merged artifacts, 0 merged genfiles] (build_cache_telemetry.cpp:207)
2026-08-13 04:43:25.865 | info     |    BuildKernels | JIT telemetry: 3 registered TelemetryTokens (build_cache_telemetry.cpp:230)
2026-08-13 04:43:25.898 | info     |          Device | Closing user mode device drivers (tt_cluster.cpp:513)
2026-08-13 04:43:25.898 | info     |             UMD | Closing devices in cluster (cluster.cpp:1197)
2026-08-13 04:43:26.451 | info     |             UMD | Closing devices in cluster completed. (cluster.cpp:1206)
2026-08-13 04:43:26.451 | info     |             UMD | Cluster destructor started. (cluster.cpp:912)
2026-08-13 04:43:26.451 | info     |             UMD | Cluster destructor completed. (cluster.cpp:915)

Timer resolution: 0 ns

Frames: 2
Time span: 11.86 s
Zones: 1,650,326
Elapsed time: 11.71 s
Saving trace... done!
Trace size 15.1 MB (18.76% ratio)
2026-08-13 04:43:26.735 | INFO     | __main__:main:469 - Copying /home/ttuser/dev/muse-glimmer/tt-metal/generated/profiler/.logs/tracy_profile_log_host.tracy to /home/ttuser/dev/muse-glimmer/tt-metal/build/profiler/build_wasm/traces/perf_windows_2026_08_13_04_43_26.tracy
2026-08-13 04:43:26.738 | INFO     | __main__:main:472 - Copied /home/ttuser/dev/muse-glimmer/tt-metal/generated/profiler/.logs/tracy_profile_log_host.tracy to /home/ttuser/dev/muse-glimmer/tt-metal/build/profiler/build_wasm/traces/perf_windows_2026_08_13_04_43_26.tracy
2026-08-13 04:43:26.738 | INFO     | __main__:main:481 - embed.tracy -> traces/perf_windows_2026_08_13_04_43_26.tracy
2026-08-13 04:43:26.738 | INFO     | tracy.serve_wasm:launch_server_subprocess:284 - Launching tracy web app GUI server subprocess...
2026-08-13 04:43:26.738 | INFO     | tracy.serve_wasm:launch_server_subprocess:287 - Tracy WASM web UI (open in browser): http://localhost:8080/ (WebSocket for live reload: ws://localhost:8081/)
2026-08-13 04:43:26.738 | INFO     | tracy.serve_wasm:launch_server_subprocess:294 - Tracy WASM server already serving port 8080; reusing it (live-reload refreshes the browser).
2026-08-13 04:43:27.306 | INFO     | tracy:generate_report:162 - Host side ops time report generated at /home/ttuser/dev/muse-glimmer/tt-metal/generated/profiler/.logs/tracy_ops_times.csv
2026-08-13 04:43:27.332 | INFO     | tracy:generate_report:173 - Host side ops data report generated at /home/ttuser/dev/muse-glimmer/tt-metal/generated/profiler/.logs/tracy_ops_data.csv
2026-08-13 04:43:27.332 | INFO     | tracy.process_ops_logs:import_tracy_op_logs:422 - Importing ops logs
/home/ttuser/dev/muse-glimmer/tt-metal/tools/tracy/process_ops_logs.py:527: DtypeWarning: Columns (3,4,8) have mixed types. Specify dtype option on import or set low_memory=False.
  df = pd.read_csv(tracyOpTimesLog)
2026-08-13 04:43:29.060 | INFO     | tracy.perf_counter_analysis:get_device_op_data:2140 - Getting device ops
2026-08-13 04:43:29.060 | INFO     | tracy.process_ops_logs:append_device_data:1086 - Appending device data
2026-08-13 04:43:30.984 | INFO     | tracy.process_ops_logs:generate_reports:1419 - OPs' perf analysis is finished! Generating reports ...
2026-08-13 04:43:30.985 | INFO     | tracy.process_ops_logs:generate_reports:1439 - Copying runtime artifacts
2026-08-13 04:43:31.030 | INFO     | tracy.process_ops_logs:generate_reports:1448 - Generating OPs CSV
2026-08-13 04:43:31.572 | INFO     | tracy.process_ops_logs:generate_reports:1904 - OPs csv generated at: /home/ttuser/dev/muse-glimmer/tt-metal/generated/profiler/reports/2026_08_13_04_43_30/ops_perf_results_2026_08_13_04_43_30.csv
