2026-08-19 08:09:48.712 | DEBUG    | ttnn:<module>:76 - Loading ttnn configuration overrides from environment variable TTNN_CONFIG_OVERRIDES
2026-08-19 08:09:48.712 | DEBUG    | ttnn:<module>:79 - Initial ttnn.CONFIG:
Config{cache_path=/home/ttuser/.cache/ttnn,model_cache_path=/home/ttuser/.cache/ttnn/models,tmp_dir=/tmp/ttnn,enable_model_cache=false,enable_fast_runtime_mode=true,throw_exception_on_fallback=true,enable_logging=false,enable_graph_report=false,enable_graph_python_stack_traces=false,enable_detailed_buffer_report=false,enable_detailed_tensor_report=false,enable_comparison_mode=false,comparison_mode_should_raise_exception=false,comparison_mode_pcc=0.9999,root_report_path=generated/ttnn/reports,report_name=std::nullopt,std::nullopt}
============================= test session starts ==============================
platform linux -- Python 3.12.12, pytest-9.0.3, pluggy-1.6.0 -- /localdev/vkovacevic/tt-metal/python_env/bin/python
cachedir: .pytest_cache
benchmark: 5.2.3 (defaults: timer=time.perf_counter disable_gc=False min_rounds=5 min_time=0.000005 max_time=1.0 calibration_precision=10 warmup=False warmup_iterations=100000)
rootdir: /localdev/vkovacevic/tt-metal
configfile: pytest.ini
plugins: timeout-2.4.0, cov-7.0.0, benchmark-5.2.3, anyio-4.14.2, split-0.11.0, dash-2.15.0, github-actions-annotate-failures-0.3.0
timeout: 900.0s
timeout method: signal
timeout func_only: False
collecting ... collected 14 items / 4 deselected / 10 selected

models/autoports/qwen_qwen3_6_35b_a3b/tests/test_multichip_decoder.py::test_multichip_decoder_graph_summary PASSED
models/autoports/qwen_qwen3_6_35b_a3b/tests/test_multichip_decoder.py::test_multichip_runtime_fallback_audit_source PASSED
models/autoports/qwen_qwen3_6_35b_a3b/tests/test_multichip_decoder.py::test_synthetic_multichip_decoder_prefill_decode_against_optimized[linear_seq5] 2026-08-19 08:09:50.911 | info     |          Device | Opening user mode device driver (tt_cluster.cpp:228)
2026-08-19 08:09:50.911 | info     |             UMD | Cluster constructor started. (cluster.cpp:348)
2026-08-19 08:09:50.911 | info     |             UMD | Creating TopologyDiscovery for architecture: blackhole (topology_discovery.cpp:91)
2026-08-19 08:09:50.911 | info     |             UMD | Starting topology discovery. (topology_discovery.cpp:110)
2026-08-19 08:09:50.912 | info     |             UMD | Established firmware bundle version: 19.9.0 (topology_discovery.cpp:569)
2026-08-19 08:09:50.912 | info     |             UMD | Firmware bundle version 19.9.0 on the system is newer than the latest fully tested version 19.5.0 for blackhole architecture. Newest features may not be supported. (topology_discovery.cpp:601)
2026-08-19 08:09:50.916 | info     |             UMD | Completed topology discovery. (topology_discovery.cpp:114)
2026-08-19 08:09:51.137 | info     |             UMD | Opening local chip ids/PCIe ids: {0, 1, 2, 3}/[0, 1, 2, 3] and remote chip ids {} (cluster.cpp:168)
2026-08-19 08:09:51.137 | info     |             UMD | IOMMU: enabled (cluster.cpp:142)
2026-08-19 08:09:51.137 | info     |             UMD | KMD version: 2.10.0 (cluster.cpp:145)
2026-08-19 08:09:51.137 | info     |             UMD | Cluster constructor completed. (cluster.cpp:520)
2026-08-19 08:09:51.139 | info     |             UMD | Starting devices in cluster (cluster.cpp:1024)
2026-08-19 08:09:51.392 | info     |             UMD | Starting devices in cluster completed. (cluster.cpp:1032)
2026-08-19 08:09:51.514 | info     |     Distributed | Using auto discovery to generate mesh graph. (metal_env.cpp:367)
2026-08-19 08:09:51.514 | info     |     Distributed | Constructing control plane using auto-discovery (no mesh graph descriptor). (metal_env.cpp:429)
2026-08-19 08:09:51.514 | warning  |          Always | Unknown motherboard 'B850M-C' for chip_id=0 (bus_id=0x1) — falling back to bus_id as tray_id. Add this motherboard and its bus IDs to mobo_to_bus_ids in physical_system_discovery.cpp. (physical_system_discovery.cpp:89)
2026-08-19 08:09:51.514 | warning  |          Always | Unknown motherboard 'B850M-C' for chip_id=1 (bus_id=0x2) — falling back to bus_id as tray_id. Add this motherboard and its bus IDs to mobo_to_bus_ids in physical_system_discovery.cpp. (physical_system_discovery.cpp:89)
2026-08-19 08:09:51.514 | warning  |          Always | Unknown motherboard 'B850M-C' for chip_id=2 (bus_id=0x3) — falling back to bus_id as tray_id. Add this motherboard and its bus IDs to mobo_to_bus_ids in physical_system_discovery.cpp. (physical_system_discovery.cpp:89)
2026-08-19 08:09:51.514 | warning  |          Always | Unknown motherboard 'B850M-C' for chip_id=3 (bus_id=0x4) — falling back to bus_id as tray_id. Add this motherboard and its bus IDs to mobo_to_bus_ids in physical_system_discovery.cpp. (physical_system_discovery.cpp:89)
2026-08-19 08:09:51.514 | warning  |          Always | Unknown motherboard 'B850M-C' for chip_id=1 (bus_id=0x2) — falling back to bus_id as tray_id. Add this motherboard and its bus IDs to mobo_to_bus_ids in physical_system_discovery.cpp. (physical_system_discovery.cpp:89)
2026-08-19 08:09:51.514 | warning  |          Always | Unknown motherboard 'B850M-C' for chip_id=0 (bus_id=0x1) — falling back to bus_id as tray_id. Add this motherboard and its bus IDs to mobo_to_bus_ids in physical_system_discovery.cpp. (physical_system_discovery.cpp:89)
2026-08-19 08:09:51.514 | warning  |          Always | Unknown motherboard 'B850M-C' for chip_id=2 (bus_id=0x3) — falling back to bus_id as tray_id. Add this motherboard and its bus IDs to mobo_to_bus_ids in physical_system_discovery.cpp. (physical_system_discovery.cpp:89)
2026-08-19 08:09:51.514 | warning  |          Always | Unknown motherboard 'B850M-C' for chip_id=3 (bus_id=0x4) — falling back to bus_id as tray_id. Add this motherboard and its bus IDs to mobo_to_bus_ids in physical_system_discovery.cpp. (physical_system_discovery.cpp:89)
2026-08-19 08:09:51.514 | info     |          Fabric | Logical multi-mesh adjacency: intermesh degree histogram {0:1}; intra-mesh degree histograms mesh0 {2:4} (topology_mapper_utils.cpp:2342)
2026-08-19 08:09:51.514 | info     |          Fabric | Physical multi-mesh adjacency: intermesh degree histogram {0:1}; intra-mesh degree histograms mesh0 {2:4} (topology_mapper_utils.cpp:2350)
2026-08-19 08:09:51.514 | DEBUG    | ttnn.device:__init__:152 - Using default dispatch core type for this system: DispatchCoreType.WORKER
2026-08-19 08:09:51.515 | DEBUG    | ttnn.device:__init__:154 - Using default dispatch core axis for this system: DispatchCoreAxis.COL
2026-08-19 08:09:51.519 | info     |    BuildKernels | Using pre-compiled firmware from: /localdev/vkovacevic/tt-metal/tt_metal/pre-compiled/13793420398762238087/ (build_env_manager.cpp:347)
2026-08-19 08:09:51.519 | info     |    BuildKernels | Using pre-compiled firmware from: /localdev/vkovacevic/tt-metal/tt_metal/pre-compiled/13793420398762238087/ (build_env_manager.cpp:347)
2026-08-19 08:09:51.519 | info     |    BuildKernels | Using pre-compiled firmware from: /localdev/vkovacevic/tt-metal/tt_metal/pre-compiled/13793420398762238087/ (build_env_manager.cpp:347)
2026-08-19 08:09:51.519 | info     |    BuildKernels | Using pre-compiled firmware from: /localdev/vkovacevic/tt-metal/tt_metal/pre-compiled/13793420398762238087/ (build_env_manager.cpp:347)
2026-08-19 08:09:51.548 | warning  |           Metal | Opening subset of mmio devices slows down UMD read/write to remote chips. If opening more devices, consider using CreateDevices API. (device_manager.cpp:261)
2026-08-19 08:09:51.587 | info     |           Metal | ShmResourceTracker: removed orphaned shm '/tt_device_154095681929248_memory' (shm_resource_tracker.cpp:282)
2026-08-19 08:09:51.587 | info     |           Metal | ShmResourceTracker: removed orphaned shm '/tt_device_154095681929249_memory' (shm_resource_tracker.cpp:282)
2026-08-19 08:09:51.587 | info     |           Metal | ShmResourceTracker: removed orphaned shm '/tt_device_154095681931936_memory' (shm_resource_tracker.cpp:282)
2026-08-19 08:09:51.587 | info     |           Metal | ShmResourceTracker: removed orphaned shm '/tt_device_154095681931937_memory' (shm_resource_tracker.cpp:282)
2026-08-19 08:09:52.166 | info     |           Metal | [Real-time profiler] Device 0 sync complete: 100 samples, frequency=1.349984 GHz, device_time_at_sync=435025040342 cycles (realtime_profiler_manager.cpp:1127)
2026-08-19 08:10:01.348 | info     |           Metal | Fabric config changed from FabricConfig::DISABLED to FabricConfig::FABRIC_1D_RING, reinitializing control plane (metal_env.cpp:281)
2026-08-19 08:10:01.348 | info     |     Distributed | Using auto discovery to generate mesh graph. (metal_env.cpp:367)
2026-08-19 08:10:01.348 | info     |     Distributed | Constructing control plane using auto-discovery (no mesh graph descriptor). (metal_env.cpp:429)
2026-08-19 08:10:01.348 | warning  |          Always | Unknown motherboard 'B850M-C' for chip_id=0 (bus_id=0x1) — falling back to bus_id as tray_id. Add this motherboard and its bus IDs to mobo_to_bus_ids in physical_system_discovery.cpp. (physical_system_discovery.cpp:89)
2026-08-19 08:10:01.348 | warning  |          Always | Unknown motherboard 'B850M-C' for chip_id=1 (bus_id=0x2) — falling back to bus_id as tray_id. Add this motherboard and its bus IDs to mobo_to_bus_ids in physical_system_discovery.cpp. (physical_system_discovery.cpp:89)
2026-08-19 08:10:01.348 | warning  |          Always | Unknown motherboard 'B850M-C' for chip_id=2 (bus_id=0x3) — falling back to bus_id as tray_id. Add this motherboard and its bus IDs to mobo_to_bus_ids in physical_system_discovery.cpp. (physical_system_discovery.cpp:89)
2026-08-19 08:10:01.348 | warning  |          Always | Unknown motherboard 'B850M-C' for chip_id=3 (bus_id=0x4) — falling back to bus_id as tray_id. Add this motherboard and its bus IDs to mobo_to_bus_ids in physical_system_discovery.cpp. (physical_system_discovery.cpp:89)
2026-08-19 08:10:01.348 | warning  |          Always | Unknown motherboard 'B850M-C' for chip_id=1 (bus_id=0x2) — falling back to bus_id as tray_id. Add this motherboard and its bus IDs to mobo_to_bus_ids in physical_system_discovery.cpp. (physical_system_discovery.cpp:89)
2026-08-19 08:10:01.348 | warning  |          Always | Unknown motherboard 'B850M-C' for chip_id=0 (bus_id=0x1) — falling back to bus_id as tray_id. Add this motherboard and its bus IDs to mobo_to_bus_ids in physical_system_discovery.cpp. (physical_system_discovery.cpp:89)
2026-08-19 08:10:01.348 | warning  |          Always | Unknown motherboard 'B850M-C' for chip_id=2 (bus_id=0x3) — falling back to bus_id as tray_id. Add this motherboard and its bus IDs to mobo_to_bus_ids in physical_system_discovery.cpp. (physical_system_discovery.cpp:89)
2026-08-19 08:10:01.348 | warning  |          Always | Unknown motherboard 'B850M-C' for chip_id=3 (bus_id=0x4) — falling back to bus_id as tray_id. Add this motherboard and its bus IDs to mobo_to_bus_ids in physical_system_discovery.cpp. (physical_system_discovery.cpp:89)
2026-08-19 08:10:01.348 | info     |          Fabric | Logical multi-mesh adjacency: intermesh degree histogram {0:1}; intra-mesh degree histograms mesh0 {2:4} (topology_mapper_utils.cpp:2342)
2026-08-19 08:10:01.348 | info     |          Fabric | Physical multi-mesh adjacency: intermesh degree histogram {0:1}; intra-mesh degree histograms mesh0 {2:4} (topology_mapper_utils.cpp:2350)
2026-08-19 08:10:01.348 | DEBUG    | ttnn.device:__init__:152 - Using default dispatch core type for this system: DispatchCoreType.WORKER
2026-08-19 08:10:01.349 | DEBUG    | ttnn.device:__init__:154 - Using default dispatch core axis for this system: DispatchCoreAxis.COL
2026-08-19 08:10:01.360 | info     |    BuildKernels | Using pre-compiled firmware from: /localdev/vkovacevic/tt-metal/tt_metal/pre-compiled/13793420398762238087/ (build_env_manager.cpp:347)
2026-08-19 08:10:01.361 | info     |    BuildKernels | Using pre-compiled firmware from: /localdev/vkovacevic/tt-metal/tt_metal/pre-compiled/13793420398762238087/ (build_env_manager.cpp:347)
2026-08-19 08:10:01.362 | info     |    BuildKernels | Using pre-compiled firmware from: /localdev/vkovacevic/tt-metal/tt_metal/pre-compiled/13793420398762238087/ (build_env_manager.cpp:347)
2026-08-19 08:10:01.362 | info     |    BuildKernels | Using pre-compiled firmware from: /localdev/vkovacevic/tt-metal/tt_metal/pre-compiled/13793420398762238087/ (build_env_manager.cpp:347)
2026-08-19 08:10:01.393 | info     |           Metal | Initializing Fabric (fabric_firmware_initializer.cpp:288)
2026-08-19 08:10:01.410 | info     |           Metal | Fabric initialized on Device 0 (device.cpp:429)
2026-08-19 08:10:01.410 | info     |           Metal | Fabric initialized on Device 1 (device.cpp:429)
2026-08-19 08:10:01.411 | info     |           Metal | Fabric initialized on Device 2 (device.cpp:429)
2026-08-19 08:10:01.412 | info     |           Metal | Fabric initialized on Device 3 (device.cpp:429)
2026-08-19 08:10:01.412 | info     |           Metal | Fabric initialized on 4 devices (fabric_firmware_initializer.cpp:435)
2026-08-19 08:10:01.412 | info     |           Metal | Fabric Initialized with config FabricConfig::FABRIC_1D_RING (fabric_firmware_initializer.cpp:305)
2026-08-19 08:10:02.029 | info     |           Metal | [Real-time profiler] Device 2 sync complete: 100 samples, frequency=1.349985 GHz, device_time_at_sync=423634962284 cycles (realtime_profiler_manager.cpp:1127)
2026-08-19 08:10:02.029 | info     |           Metal | [Real-time profiler] Device 1 sync complete: 100 samples, frequency=1.349985 GHz, device_time_at_sync=423390712014 cycles (realtime_profiler_manager.cpp:1127)
2026-08-19 08:10:02.030 | info     |           Metal | [Real-time profiler] Device 3 sync complete: 100 samples, frequency=1.349992 GHz, device_time_at_sync=423835296678 cycles (realtime_profiler_manager.cpp:1127)
multichip prefill 0.9999484087608499
multichip traced decode 0.9999441730343133
PASSED
models/autoports/qwen_qwen3_6_35b_a3b/tests/test_multichip_decoder.py::test_synthetic_multichip_decoder_prefill_decode_against_optimized[full_seq33] 2026-08-19 08:10:08.575 | DEBUG    | ttnn.device:__init__:152 - Using default dispatch core type for this system: DispatchCoreType.WORKER
2026-08-19 08:10:08.575 | DEBUG    | ttnn.device:__init__:154 - Using default dispatch core axis for this system: DispatchCoreAxis.COL
2026-08-19 08:10:08.588 | info     |    BuildKernels | Using pre-compiled firmware from: /localdev/vkovacevic/tt-metal/tt_metal/pre-compiled/13793420398762238087/ (build_env_manager.cpp:347)
2026-08-19 08:10:08.588 | info     |    BuildKernels | Using pre-compiled firmware from: /localdev/vkovacevic/tt-metal/tt_metal/pre-compiled/13793420398762238087/ (build_env_manager.cpp:347)
2026-08-19 08:10:08.589 | info     |    BuildKernels | Using pre-compiled firmware from: /localdev/vkovacevic/tt-metal/tt_metal/pre-compiled/13793420398762238087/ (build_env_manager.cpp:347)
2026-08-19 08:10:08.590 | info     |    BuildKernels | Using pre-compiled firmware from: /localdev/vkovacevic/tt-metal/tt_metal/pre-compiled/13793420398762238087/ (build_env_manager.cpp:347)
2026-08-19 08:10:08.618 | warning  |           Metal | Opening subset of mmio devices slows down UMD read/write to remote chips. If opening more devices, consider using CreateDevices API. (device_manager.cpp:261)
2026-08-19 08:10:17.542 | info     |           Metal | Fabric config changed from FabricConfig::FABRIC_1D_RING to FabricConfig::FABRIC_1D_RING, reinitializing control plane (metal_env.cpp:281)
2026-08-19 08:10:17.542 | info     |     Distributed | Using auto discovery to generate mesh graph. (metal_env.cpp:367)
2026-08-19 08:10:17.542 | info     |     Distributed | Constructing control plane using auto-discovery (no mesh graph descriptor). (metal_env.cpp:429)
2026-08-19 08:10:17.542 | warning  |          Always | Unknown motherboard 'B850M-C' for chip_id=0 (bus_id=0x1) — falling back to bus_id as tray_id. Add this motherboard and its bus IDs to mobo_to_bus_ids in physical_system_discovery.cpp. (physical_system_discovery.cpp:89)
2026-08-19 08:10:17.542 | warning  |          Always | Unknown motherboard 'B850M-C' for chip_id=1 (bus_id=0x2) — falling back to bus_id as tray_id. Add this motherboard and its bus IDs to mobo_to_bus_ids in physical_system_discovery.cpp. (physical_system_discovery.cpp:89)
2026-08-19 08:10:17.542 | warning  |          Always | Unknown motherboard 'B850M-C' for chip_id=2 (bus_id=0x3) — falling back to bus_id as tray_id. Add this motherboard and its bus IDs to mobo_to_bus_ids in physical_system_discovery.cpp. (physical_system_discovery.cpp:89)
2026-08-19 08:10:17.542 | warning  |          Always | Unknown motherboard 'B850M-C' for chip_id=3 (bus_id=0x4) — falling back to bus_id as tray_id. Add this motherboard and its bus IDs to mobo_to_bus_ids in physical_system_discovery.cpp. (physical_system_discovery.cpp:89)
2026-08-19 08:10:17.542 | warning  |          Always | Unknown motherboard 'B850M-C' for chip_id=1 (bus_id=0x2) — falling back to bus_id as tray_id. Add this motherboard and its bus IDs to mobo_to_bus_ids in physical_system_discovery.cpp. (physical_system_discovery.cpp:89)
2026-08-19 08:10:17.542 | warning  |          Always | Unknown motherboard 'B850M-C' for chip_id=0 (bus_id=0x1) — falling back to bus_id as tray_id. Add this motherboard and its bus IDs to mobo_to_bus_ids in physical_system_discovery.cpp. (physical_system_discovery.cpp:89)
2026-08-19 08:10:17.542 | warning  |          Always | Unknown motherboard 'B850M-C' for chip_id=2 (bus_id=0x3) — falling back to bus_id as tray_id. Add this motherboard and its bus IDs to mobo_to_bus_ids in physical_system_discovery.cpp. (physical_system_discovery.cpp:89)
2026-08-19 08:10:17.542 | warning  |          Always | Unknown motherboard 'B850M-C' for chip_id=3 (bus_id=0x4) — falling back to bus_id as tray_id. Add this motherboard and its bus IDs to mobo_to_bus_ids in physical_system_discovery.cpp. (physical_system_discovery.cpp:89)
2026-08-19 08:10:17.542 | info     |          Fabric | Logical multi-mesh adjacency: intermesh degree histogram {0:1}; intra-mesh degree histograms mesh0 {2:4} (topology_mapper_utils.cpp:2342)
2026-08-19 08:10:17.542 | info     |          Fabric | Physical multi-mesh adjacency: intermesh degree histogram {0:1}; intra-mesh degree histograms mesh0 {2:4} (topology_mapper_utils.cpp:2350)
2026-08-19 08:10:17.543 | DEBUG    | ttnn.device:__init__:152 - Using default dispatch core type for this system: DispatchCoreType.WORKER
2026-08-19 08:10:17.543 | DEBUG    | ttnn.device:__init__:154 - Using default dispatch core axis for this system: DispatchCoreAxis.COL
2026-08-19 08:10:17.554 | info     |    BuildKernels | Using pre-compiled firmware from: /localdev/vkovacevic/tt-metal/tt_metal/pre-compiled/13793420398762238087/ (build_env_manager.cpp:347)
2026-08-19 08:10:17.555 | info     |    BuildKernels | Using pre-compiled firmware from: /localdev/vkovacevic/tt-metal/tt_metal/pre-compiled/13793420398762238087/ (build_env_manager.cpp:347)
2026-08-19 08:10:17.555 | info     |    BuildKernels | Using pre-compiled firmware from: /localdev/vkovacevic/tt-metal/tt_metal/pre-compiled/13793420398762238087/ (build_env_manager.cpp:347)
2026-08-19 08:10:17.556 | info     |    BuildKernels | Using pre-compiled firmware from: /localdev/vkovacevic/tt-metal/tt_metal/pre-compiled/13793420398762238087/ (build_env_manager.cpp:347)
2026-08-19 08:10:17.587 | info     |           Metal | Initializing Fabric (fabric_firmware_initializer.cpp:288)
2026-08-19 08:10:17.597 | info     |           Metal | Fabric initialized on Device 0 (device.cpp:429)
2026-08-19 08:10:17.598 | info     |           Metal | Fabric initialized on Device 1 (device.cpp:429)
2026-08-19 08:10:17.598 | info     |           Metal | Fabric initialized on Device 2 (device.cpp:429)
2026-08-19 08:10:17.599 | info     |           Metal | Fabric initialized on Device 3 (device.cpp:429)
2026-08-19 08:10:17.599 | info     |           Metal | Fabric initialized on 4 devices (fabric_firmware_initializer.cpp:435)
2026-08-19 08:10:17.599 | info     |           Metal | Fabric Initialized with config FabricConfig::FABRIC_1D_RING (fabric_firmware_initializer.cpp:305)
multichip prefill 0.9999434563393946
multichip traced decode 0.9999454953390461
PASSED
models/autoports/qwen_qwen3_6_35b_a3b/tests/test_multichip_decoder.py::test_synthetic_multichip_decoder_non_aligned_lengths[linear_non_aligned65] 2026-08-19 08:10:23.985 | DEBUG    | ttnn.device:__init__:152 - Using default dispatch core type for this system: DispatchCoreType.WORKER
2026-08-19 08:10:23.986 | DEBUG    | ttnn.device:__init__:154 - Using default dispatch core axis for this system: DispatchCoreAxis.COL
2026-08-19 08:10:23.998 | info     |    BuildKernels | Using pre-compiled firmware from: /localdev/vkovacevic/tt-metal/tt_metal/pre-compiled/13793420398762238087/ (build_env_manager.cpp:347)
2026-08-19 08:10:23.999 | info     |    BuildKernels | Using pre-compiled firmware from: /localdev/vkovacevic/tt-metal/tt_metal/pre-compiled/13793420398762238087/ (build_env_manager.cpp:347)
2026-08-19 08:10:24.000 | info     |    BuildKernels | Using pre-compiled firmware from: /localdev/vkovacevic/tt-metal/tt_metal/pre-compiled/13793420398762238087/ (build_env_manager.cpp:347)
2026-08-19 08:10:24.000 | info     |    BuildKernels | Using pre-compiled firmware from: /localdev/vkovacevic/tt-metal/tt_metal/pre-compiled/13793420398762238087/ (build_env_manager.cpp:347)
2026-08-19 08:10:24.028 | warning  |           Metal | Opening subset of mmio devices slows down UMD read/write to remote chips. If opening more devices, consider using CreateDevices API. (device_manager.cpp:261)
2026-08-19 08:10:33.288 | info     |           Metal | Fabric config changed from FabricConfig::FABRIC_1D_RING to FabricConfig::FABRIC_1D_RING, reinitializing control plane (metal_env.cpp:281)
2026-08-19 08:10:33.288 | info     |     Distributed | Using auto discovery to generate mesh graph. (metal_env.cpp:367)
2026-08-19 08:10:33.288 | info     |     Distributed | Constructing control plane using auto-discovery (no mesh graph descriptor). (metal_env.cpp:429)
2026-08-19 08:10:33.288 | warning  |          Always | Unknown motherboard 'B850M-C' for chip_id=0 (bus_id=0x1) — falling back to bus_id as tray_id. Add this motherboard and its bus IDs to mobo_to_bus_ids in physical_system_discovery.cpp. (physical_system_discovery.cpp:89)
2026-08-19 08:10:33.288 | warning  |          Always | Unknown motherboard 'B850M-C' for chip_id=1 (bus_id=0x2) — falling back to bus_id as tray_id. Add this motherboard and its bus IDs to mobo_to_bus_ids in physical_system_discovery.cpp. (physical_system_discovery.cpp:89)
2026-08-19 08:10:33.288 | warning  |          Always | Unknown motherboard 'B850M-C' for chip_id=2 (bus_id=0x3) — falling back to bus_id as tray_id. Add this motherboard and its bus IDs to mobo_to_bus_ids in physical_system_discovery.cpp. (physical_system_discovery.cpp:89)
2026-08-19 08:10:33.288 | warning  |          Always | Unknown motherboard 'B850M-C' for chip_id=3 (bus_id=0x4) — falling back to bus_id as tray_id. Add this motherboard and its bus IDs to mobo_to_bus_ids in physical_system_discovery.cpp. (physical_system_discovery.cpp:89)
2026-08-19 08:10:33.288 | warning  |          Always | Unknown motherboard 'B850M-C' for chip_id=1 (bus_id=0x2) — falling back to bus_id as tray_id. Add this motherboard and its bus IDs to mobo_to_bus_ids in physical_system_discovery.cpp. (physical_system_discovery.cpp:89)
2026-08-19 08:10:33.288 | warning  |          Always | Unknown motherboard 'B850M-C' for chip_id=0 (bus_id=0x1) — falling back to bus_id as tray_id. Add this motherboard and its bus IDs to mobo_to_bus_ids in physical_system_discovery.cpp. (physical_system_discovery.cpp:89)
2026-08-19 08:10:33.288 | warning  |          Always | Unknown motherboard 'B850M-C' for chip_id=2 (bus_id=0x3) — falling back to bus_id as tray_id. Add this motherboard and its bus IDs to mobo_to_bus_ids in physical_system_discovery.cpp. (physical_system_discovery.cpp:89)
2026-08-19 08:10:33.289 | warning  |          Always | Unknown motherboard 'B850M-C' for chip_id=3 (bus_id=0x4) — falling back to bus_id as tray_id. Add this motherboard and its bus IDs to mobo_to_bus_ids in physical_system_discovery.cpp. (physical_system_discovery.cpp:89)
2026-08-19 08:10:33.289 | info     |          Fabric | Logical multi-mesh adjacency: intermesh degree histogram {0:1}; intra-mesh degree histograms mesh0 {2:4} (topology_mapper_utils.cpp:2342)
2026-08-19 08:10:33.289 | info     |          Fabric | Physical multi-mesh adjacency: intermesh degree histogram {0:1}; intra-mesh degree histograms mesh0 {2:4} (topology_mapper_utils.cpp:2350)
2026-08-19 08:10:33.289 | DEBUG    | ttnn.device:__init__:152 - Using default dispatch core type for this system: DispatchCoreType.WORKER
2026-08-19 08:10:33.289 | DEBUG    | ttnn.device:__init__:154 - Using default dispatch core axis for this system: DispatchCoreAxis.COL
2026-08-19 08:10:33.300 | info     |    BuildKernels | Using pre-compiled firmware from: /localdev/vkovacevic/tt-metal/tt_metal/pre-compiled/13793420398762238087/ (build_env_manager.cpp:347)
2026-08-19 08:10:33.301 | info     |    BuildKernels | Using pre-compiled firmware from: /localdev/vkovacevic/tt-metal/tt_metal/pre-compiled/13793420398762238087/ (build_env_manager.cpp:347)
2026-08-19 08:10:33.302 | info     |    BuildKernels | Using pre-compiled firmware from: /localdev/vkovacevic/tt-metal/tt_metal/pre-compiled/13793420398762238087/ (build_env_manager.cpp:347)
2026-08-19 08:10:33.303 | info     |    BuildKernels | Using pre-compiled firmware from: /localdev/vkovacevic/tt-metal/tt_metal/pre-compiled/13793420398762238087/ (build_env_manager.cpp:347)
2026-08-19 08:10:33.333 | info     |           Metal | Initializing Fabric (fabric_firmware_initializer.cpp:288)
2026-08-19 08:10:33.343 | info     |           Metal | Fabric initialized on Device 0 (device.cpp:429)
2026-08-19 08:10:33.344 | info     |           Metal | Fabric initialized on Device 1 (device.cpp:429)
2026-08-19 08:10:33.344 | info     |           Metal | Fabric initialized on Device 2 (device.cpp:429)
2026-08-19 08:10:33.345 | info     |           Metal | Fabric initialized on Device 3 (device.cpp:429)
2026-08-19 08:10:33.345 | info     |           Metal | Fabric initialized on 4 devices (fabric_firmware_initializer.cpp:435)
2026-08-19 08:10:33.345 | info     |           Metal | Fabric Initialized with config FabricConfig::FABRIC_1D_RING (fabric_firmware_initializer.cpp:305)
multichip non-aligned prefill 0.9999464359555065
multichip non-aligned traced decode 0.9999427554606481
PASSED
models/autoports/qwen_qwen3_6_35b_a3b/tests/test_multichip_decoder.py::test_synthetic_multichip_decoder_non_aligned_lengths[full_non_aligned33] 2026-08-19 08:10:40.072 | DEBUG    | ttnn.device:__init__:152 - Using default dispatch core type for this system: DispatchCoreType.WORKER
2026-08-19 08:10:40.072 | DEBUG    | ttnn.device:__init__:154 - Using default dispatch core axis for this system: DispatchCoreAxis.COL
2026-08-19 08:10:40.085 | info     |    BuildKernels | Using pre-compiled firmware from: /localdev/vkovacevic/tt-metal/tt_metal/pre-compiled/13793420398762238087/ (build_env_manager.cpp:347)
2026-08-19 08:10:40.086 | info     |    BuildKernels | Using pre-compiled firmware from: /localdev/vkovacevic/tt-metal/tt_metal/pre-compiled/13793420398762238087/ (build_env_manager.cpp:347)
2026-08-19 08:10:40.087 | info     |    BuildKernels | Using pre-compiled firmware from: /localdev/vkovacevic/tt-metal/tt_metal/pre-compiled/13793420398762238087/ (build_env_manager.cpp:347)
2026-08-19 08:10:40.088 | info     |    BuildKernels | Using pre-compiled firmware from: /localdev/vkovacevic/tt-metal/tt_metal/pre-compiled/13793420398762238087/ (build_env_manager.cpp:347)
2026-08-19 08:10:40.116 | warning  |           Metal | Opening subset of mmio devices slows down UMD read/write to remote chips. If opening more devices, consider using CreateDevices API. (device_manager.cpp:261)
2026-08-19 08:10:49.072 | info     |           Metal | Fabric config changed from FabricConfig::FABRIC_1D_RING to FabricConfig::FABRIC_1D_RING, reinitializing control plane (metal_env.cpp:281)
2026-08-19 08:10:49.072 | info     |     Distributed | Using auto discovery to generate mesh graph. (metal_env.cpp:367)
2026-08-19 08:10:49.072 | info     |     Distributed | Constructing control plane using auto-discovery (no mesh graph descriptor). (metal_env.cpp:429)
2026-08-19 08:10:49.072 | warning  |          Always | Unknown motherboard 'B850M-C' for chip_id=0 (bus_id=0x1) — falling back to bus_id as tray_id. Add this motherboard and its bus IDs to mobo_to_bus_ids in physical_system_discovery.cpp. (physical_system_discovery.cpp:89)
2026-08-19 08:10:49.072 | warning  |          Always | Unknown motherboard 'B850M-C' for chip_id=1 (bus_id=0x2) — falling back to bus_id as tray_id. Add this motherboard and its bus IDs to mobo_to_bus_ids in physical_system_discovery.cpp. (physical_system_discovery.cpp:89)
2026-08-19 08:10:49.072 | warning  |          Always | Unknown motherboard 'B850M-C' for chip_id=2 (bus_id=0x3) — falling back to bus_id as tray_id. Add this motherboard and its bus IDs to mobo_to_bus_ids in physical_system_discovery.cpp. (physical_system_discovery.cpp:89)
2026-08-19 08:10:49.072 | warning  |          Always | Unknown motherboard 'B850M-C' for chip_id=3 (bus_id=0x4) — falling back to bus_id as tray_id. Add this motherboard and its bus IDs to mobo_to_bus_ids in physical_system_discovery.cpp. (physical_system_discovery.cpp:89)
2026-08-19 08:10:49.072 | warning  |          Always | Unknown motherboard 'B850M-C' for chip_id=1 (bus_id=0x2) — falling back to bus_id as tray_id. Add this motherboard and its bus IDs to mobo_to_bus_ids in physical_system_discovery.cpp. (physical_system_discovery.cpp:89)
2026-08-19 08:10:49.072 | warning  |          Always | Unknown motherboard 'B850M-C' for chip_id=0 (bus_id=0x1) — falling back to bus_id as tray_id. Add this motherboard and its bus IDs to mobo_to_bus_ids in physical_system_discovery.cpp. (physical_system_discovery.cpp:89)
2026-08-19 08:10:49.072 | warning  |          Always | Unknown motherboard 'B850M-C' for chip_id=2 (bus_id=0x3) — falling back to bus_id as tray_id. Add this motherboard and its bus IDs to mobo_to_bus_ids in physical_system_discovery.cpp. (physical_system_discovery.cpp:89)
2026-08-19 08:10:49.072 | warning  |          Always | Unknown motherboard 'B850M-C' for chip_id=3 (bus_id=0x4) — falling back to bus_id as tray_id. Add this motherboard and its bus IDs to mobo_to_bus_ids in physical_system_discovery.cpp. (physical_system_discovery.cpp:89)
2026-08-19 08:10:49.073 | info     |          Fabric | Logical multi-mesh adjacency: intermesh degree histogram {0:1}; intra-mesh degree histograms mesh0 {2:4} (topology_mapper_utils.cpp:2342)
2026-08-19 08:10:49.073 | info     |          Fabric | Physical multi-mesh adjacency: intermesh degree histogram {0:1}; intra-mesh degree histograms mesh0 {2:4} (topology_mapper_utils.cpp:2350)
2026-08-19 08:10:49.073 | DEBUG    | ttnn.device:__init__:152 - Using default dispatch core type for this system: DispatchCoreType.WORKER
2026-08-19 08:10:49.073 | DEBUG    | ttnn.device:__init__:154 - Using default dispatch core axis for this system: DispatchCoreAxis.COL
2026-08-19 08:10:49.084 | info     |    BuildKernels | Using pre-compiled firmware from: /localdev/vkovacevic/tt-metal/tt_metal/pre-compiled/13793420398762238087/ (build_env_manager.cpp:347)
2026-08-19 08:10:49.085 | info     |    BuildKernels | Using pre-compiled firmware from: /localdev/vkovacevic/tt-metal/tt_metal/pre-compiled/13793420398762238087/ (build_env_manager.cpp:347)
2026-08-19 08:10:49.086 | info     |    BuildKernels | Using pre-compiled firmware from: /localdev/vkovacevic/tt-metal/tt_metal/pre-compiled/13793420398762238087/ (build_env_manager.cpp:347)
2026-08-19 08:10:49.087 | info     |    BuildKernels | Using pre-compiled firmware from: /localdev/vkovacevic/tt-metal/tt_metal/pre-compiled/13793420398762238087/ (build_env_manager.cpp:347)
2026-08-19 08:10:49.117 | info     |           Metal | Initializing Fabric (fabric_firmware_initializer.cpp:288)
2026-08-19 08:10:49.127 | info     |           Metal | Fabric initialized on Device 0 (device.cpp:429)
2026-08-19 08:10:49.127 | info     |           Metal | Fabric initialized on Device 1 (device.cpp:429)
2026-08-19 08:10:49.128 | info     |           Metal | Fabric initialized on Device 2 (device.cpp:429)
2026-08-19 08:10:49.129 | info     |           Metal | Fabric initialized on Device 3 (device.cpp:429)
2026-08-19 08:10:49.129 | info     |           Metal | Fabric initialized on 4 devices (fabric_firmware_initializer.cpp:435)
2026-08-19 08:10:49.129 | info     |           Metal | Fabric Initialized with config FabricConfig::FABRIC_1D_RING (fabric_firmware_initializer.cpp:305)
multichip non-aligned prefill 0.9999434563393946
multichip non-aligned traced decode 0.9999454953390461
PASSED
models/autoports/qwen_qwen3_6_35b_a3b/tests/test_multichip_decoder.py::test_synthetic_multichip_decoder_batch2_against_optimized[linear_batch2] 2026-08-19 08:10:55.471 | DEBUG    | ttnn.device:__init__:152 - Using default dispatch core type for this system: DispatchCoreType.WORKER
2026-08-19 08:10:55.471 | DEBUG    | ttnn.device:__init__:154 - Using default dispatch core axis for this system: DispatchCoreAxis.COL
2026-08-19 08:10:55.485 | info     |    BuildKernels | Using pre-compiled firmware from: /localdev/vkovacevic/tt-metal/tt_metal/pre-compiled/13793420398762238087/ (build_env_manager.cpp:347)
2026-08-19 08:10:55.486 | info     |    BuildKernels | Using pre-compiled firmware from: /localdev/vkovacevic/tt-metal/tt_metal/pre-compiled/13793420398762238087/ (build_env_manager.cpp:347)
2026-08-19 08:10:55.486 | info     |    BuildKernels | Using pre-compiled firmware from: /localdev/vkovacevic/tt-metal/tt_metal/pre-compiled/13793420398762238087/ (build_env_manager.cpp:347)
2026-08-19 08:10:55.487 | info     |    BuildKernels | Using pre-compiled firmware from: /localdev/vkovacevic/tt-metal/tt_metal/pre-compiled/13793420398762238087/ (build_env_manager.cpp:347)
2026-08-19 08:10:55.515 | warning  |           Metal | Opening subset of mmio devices slows down UMD read/write to remote chips. If opening more devices, consider using CreateDevices API. (device_manager.cpp:261)
2026-08-19 08:10:56.129 | info     |           Metal | [Real-time profiler] Device 0 sync complete: 100 samples, frequency=1.349986 GHz, device_time_at_sync=521375963425 cycles (realtime_profiler_manager.cpp:1127)
2026-08-19 08:11:05.363 | info     |           Metal | Fabric config changed from FabricConfig::FABRIC_1D_RING to FabricConfig::FABRIC_1D_RING, reinitializing control plane (metal_env.cpp:281)
2026-08-19 08:11:05.363 | info     |     Distributed | Using auto discovery to generate mesh graph. (metal_env.cpp:367)
2026-08-19 08:11:05.363 | info     |     Distributed | Constructing control plane using auto-discovery (no mesh graph descriptor). (metal_env.cpp:429)
2026-08-19 08:11:05.363 | warning  |          Always | Unknown motherboard 'B850M-C' for chip_id=0 (bus_id=0x1) — falling back to bus_id as tray_id. Add this motherboard and its bus IDs to mobo_to_bus_ids in physical_system_discovery.cpp. (physical_system_discovery.cpp:89)
2026-08-19 08:11:05.363 | warning  |          Always | Unknown motherboard 'B850M-C' for chip_id=1 (bus_id=0x2) — falling back to bus_id as tray_id. Add this motherboard and its bus IDs to mobo_to_bus_ids in physical_system_discovery.cpp. (physical_system_discovery.cpp:89)
2026-08-19 08:11:05.363 | warning  |          Always | Unknown motherboard 'B850M-C' for chip_id=2 (bus_id=0x3) — falling back to bus_id as tray_id. Add this motherboard and its bus IDs to mobo_to_bus_ids in physical_system_discovery.cpp. (physical_system_discovery.cpp:89)
2026-08-19 08:11:05.363 | warning  |          Always | Unknown motherboard 'B850M-C' for chip_id=3 (bus_id=0x4) — falling back to bus_id as tray_id. Add this motherboard and its bus IDs to mobo_to_bus_ids in physical_system_discovery.cpp. (physical_system_discovery.cpp:89)
2026-08-19 08:11:05.363 | warning  |          Always | Unknown motherboard 'B850M-C' for chip_id=1 (bus_id=0x2) — falling back to bus_id as tray_id. Add this motherboard and its bus IDs to mobo_to_bus_ids in physical_system_discovery.cpp. (physical_system_discovery.cpp:89)
2026-08-19 08:11:05.363 | warning  |          Always | Unknown motherboard 'B850M-C' for chip_id=0 (bus_id=0x1) — falling back to bus_id as tray_id. Add this motherboard and its bus IDs to mobo_to_bus_ids in physical_system_discovery.cpp. (physical_system_discovery.cpp:89)
2026-08-19 08:11:05.363 | warning  |          Always | Unknown motherboard 'B850M-C' for chip_id=2 (bus_id=0x3) — falling back to bus_id as tray_id. Add this motherboard and its bus IDs to mobo_to_bus_ids in physical_system_discovery.cpp. (physical_system_discovery.cpp:89)
2026-08-19 08:11:05.363 | warning  |          Always | Unknown motherboard 'B850M-C' for chip_id=3 (bus_id=0x4) — falling back to bus_id as tray_id. Add this motherboard and its bus IDs to mobo_to_bus_ids in physical_system_discovery.cpp. (physical_system_discovery.cpp:89)
2026-08-19 08:11:05.363 | info     |          Fabric | Logical multi-mesh adjacency: intermesh degree histogram {0:1}; intra-mesh degree histograms mesh0 {2:4} (topology_mapper_utils.cpp:2342)
2026-08-19 08:11:05.363 | info     |          Fabric | Physical multi-mesh adjacency: intermesh degree histogram {0:1}; intra-mesh degree histograms mesh0 {2:4} (topology_mapper_utils.cpp:2350)
2026-08-19 08:11:05.363 | DEBUG    | ttnn.device:__init__:152 - Using default dispatch core type for this system: DispatchCoreType.WORKER
2026-08-19 08:11:05.364 | DEBUG    | ttnn.device:__init__:154 - Using default dispatch core axis for this system: DispatchCoreAxis.COL
2026-08-19 08:11:05.375 | info     |    BuildKernels | Using pre-compiled firmware from: /localdev/vkovacevic/tt-metal/tt_metal/pre-compiled/13793420398762238087/ (build_env_manager.cpp:347)
2026-08-19 08:11:05.376 | info     |    BuildKernels | Using pre-compiled firmware from: /localdev/vkovacevic/tt-metal/tt_metal/pre-compiled/13793420398762238087/ (build_env_manager.cpp:347)
2026-08-19 08:11:05.377 | info     |    BuildKernels | Using pre-compiled firmware from: /localdev/vkovacevic/tt-metal/tt_metal/pre-compiled/13793420398762238087/ (build_env_manager.cpp:347)
2026-08-19 08:11:05.377 | info     |    BuildKernels | Using pre-compiled firmware from: /localdev/vkovacevic/tt-metal/tt_metal/pre-compiled/13793420398762238087/ (build_env_manager.cpp:347)
2026-08-19 08:11:05.408 | info     |           Metal | Initializing Fabric (fabric_firmware_initializer.cpp:288)
2026-08-19 08:11:05.418 | info     |           Metal | Fabric initialized on Device 0 (device.cpp:429)
2026-08-19 08:11:05.418 | info     |           Metal | Fabric initialized on Device 1 (device.cpp:429)
2026-08-19 08:11:05.419 | info     |           Metal | Fabric initialized on Device 2 (device.cpp:429)
2026-08-19 08:11:05.420 | info     |           Metal | Fabric initialized on Device 3 (device.cpp:429)
2026-08-19 08:11:05.420 | info     |           Metal | Fabric initialized on 4 devices (fabric_firmware_initializer.cpp:435)
2026-08-19 08:11:05.420 | info     |           Metal | Fabric Initialized with config FabricConfig::FABRIC_1D_RING (fabric_firmware_initializer.cpp:305)
2026-08-19 08:11:06.035 | info     |           Metal | [Real-time profiler] Device 1 sync complete: 100 samples, frequency=1.349985 GHz, device_time_at_sync=509798183912 cycles (realtime_profiler_manager.cpp:1127)
2026-08-19 08:11:06.036 | info     |           Metal | [Real-time profiler] Device 2 sync complete: 100 samples, frequency=1.349983 GHz, device_time_at_sync=510042435852 cycles (realtime_profiler_manager.cpp:1127)
2026-08-19 08:11:06.037 | info     |           Metal | [Real-time profiler] Device 3 sync complete: 100 samples, frequency=1.349989 GHz, device_time_at_sync=510243011740 cycles (realtime_profiler_manager.cpp:1127)
multichip batch2 prefill 0.9999494999613228
multichip batch2 decode 0.9999499535882233
PASSED
models/autoports/qwen_qwen3_6_35b_a3b/tests/test_multichip_decoder.py::test_synthetic_multichip_decoder_batch2_against_optimized[full_batch2] 2026-08-19 08:11:12.617 | DEBUG    | ttnn.device:__init__:152 - Using default dispatch core type for this system: DispatchCoreType.WORKER
2026-08-19 08:11:12.617 | DEBUG    | ttnn.device:__init__:154 - Using default dispatch core axis for this system: DispatchCoreAxis.COL
2026-08-19 08:11:12.630 | info     |    BuildKernels | Using pre-compiled firmware from: /localdev/vkovacevic/tt-metal/tt_metal/pre-compiled/13793420398762238087/ (build_env_manager.cpp:347)
2026-08-19 08:11:12.631 | info     |    BuildKernels | Using pre-compiled firmware from: /localdev/vkovacevic/tt-metal/tt_metal/pre-compiled/13793420398762238087/ (build_env_manager.cpp:347)
2026-08-19 08:11:12.632 | info     |    BuildKernels | Using pre-compiled firmware from: /localdev/vkovacevic/tt-metal/tt_metal/pre-compiled/13793420398762238087/ (build_env_manager.cpp:347)
2026-08-19 08:11:12.632 | info     |    BuildKernels | Using pre-compiled firmware from: /localdev/vkovacevic/tt-metal/tt_metal/pre-compiled/13793420398762238087/ (build_env_manager.cpp:347)
2026-08-19 08:11:12.660 | warning  |           Metal | Opening subset of mmio devices slows down UMD read/write to remote chips. If opening more devices, consider using CreateDevices API. (device_manager.cpp:261)
2026-08-19 08:11:21.614 | info     |           Metal | Fabric config changed from FabricConfig::FABRIC_1D_RING to FabricConfig::FABRIC_1D_RING, reinitializing control plane (metal_env.cpp:281)
2026-08-19 08:11:21.614 | info     |     Distributed | Using auto discovery to generate mesh graph. (metal_env.cpp:367)
2026-08-19 08:11:21.614 | info     |     Distributed | Constructing control plane using auto-discovery (no mesh graph descriptor). (metal_env.cpp:429)
2026-08-19 08:11:21.614 | warning  |          Always | Unknown motherboard 'B850M-C' for chip_id=0 (bus_id=0x1) — falling back to bus_id as tray_id. Add this motherboard and its bus IDs to mobo_to_bus_ids in physical_system_discovery.cpp. (physical_system_discovery.cpp:89)
2026-08-19 08:11:21.614 | warning  |          Always | Unknown motherboard 'B850M-C' for chip_id=1 (bus_id=0x2) — falling back to bus_id as tray_id. Add this motherboard and its bus IDs to mobo_to_bus_ids in physical_system_discovery.cpp. (physical_system_discovery.cpp:89)
2026-08-19 08:11:21.614 | warning  |          Always | Unknown motherboard 'B850M-C' for chip_id=2 (bus_id=0x3) — falling back to bus_id as tray_id. Add this motherboard and its bus IDs to mobo_to_bus_ids in physical_system_discovery.cpp. (physical_system_discovery.cpp:89)
2026-08-19 08:11:21.614 | warning  |          Always | Unknown motherboard 'B850M-C' for chip_id=3 (bus_id=0x4) — falling back to bus_id as tray_id. Add this motherboard and its bus IDs to mobo_to_bus_ids in physical_system_discovery.cpp. (physical_system_discovery.cpp:89)
2026-08-19 08:11:21.614 | warning  |          Always | Unknown motherboard 'B850M-C' for chip_id=1 (bus_id=0x2) — falling back to bus_id as tray_id. Add this motherboard and its bus IDs to mobo_to_bus_ids in physical_system_discovery.cpp. (physical_system_discovery.cpp:89)
2026-08-19 08:11:21.614 | warning  |          Always | Unknown motherboard 'B850M-C' for chip_id=0 (bus_id=0x1) — falling back to bus_id as tray_id. Add this motherboard and its bus IDs to mobo_to_bus_ids in physical_system_discovery.cpp. (physical_system_discovery.cpp:89)
2026-08-19 08:11:21.614 | warning  |          Always | Unknown motherboard 'B850M-C' for chip_id=2 (bus_id=0x3) — falling back to bus_id as tray_id. Add this motherboard and its bus IDs to mobo_to_bus_ids in physical_system_discovery.cpp. (physical_system_discovery.cpp:89)
2026-08-19 08:11:21.614 | warning  |          Always | Unknown motherboard 'B850M-C' for chip_id=3 (bus_id=0x4) — falling back to bus_id as tray_id. Add this motherboard and its bus IDs to mobo_to_bus_ids in physical_system_discovery.cpp. (physical_system_discovery.cpp:89)
2026-08-19 08:11:21.614 | info     |          Fabric | Logical multi-mesh adjacency: intermesh degree histogram {0:1}; intra-mesh degree histograms mesh0 {2:4} (topology_mapper_utils.cpp:2342)
2026-08-19 08:11:21.614 | info     |          Fabric | Physical multi-mesh adjacency: intermesh degree histogram {0:1}; intra-mesh degree histograms mesh0 {2:4} (topology_mapper_utils.cpp:2350)
2026-08-19 08:11:21.615 | DEBUG    | ttnn.device:__init__:152 - Using default dispatch core type for this system: DispatchCoreType.WORKER
2026-08-19 08:11:21.615 | DEBUG    | ttnn.device:__init__:154 - Using default dispatch core axis for this system: DispatchCoreAxis.COL
2026-08-19 08:11:21.626 | info     |    BuildKernels | Using pre-compiled firmware from: /localdev/vkovacevic/tt-metal/tt_metal/pre-compiled/13793420398762238087/ (build_env_manager.cpp:347)
2026-08-19 08:11:21.627 | info     |    BuildKernels | Using pre-compiled firmware from: /localdev/vkovacevic/tt-metal/tt_metal/pre-compiled/13793420398762238087/ (build_env_manager.cpp:347)
2026-08-19 08:11:21.628 | info     |    BuildKernels | Using pre-compiled firmware from: /localdev/vkovacevic/tt-metal/tt_metal/pre-compiled/13793420398762238087/ (build_env_manager.cpp:347)
2026-08-19 08:11:21.629 | info     |    BuildKernels | Using pre-compiled firmware from: /localdev/vkovacevic/tt-metal/tt_metal/pre-compiled/13793420398762238087/ (build_env_manager.cpp:347)
2026-08-19 08:11:21.659 | info     |           Metal | Initializing Fabric (fabric_firmware_initializer.cpp:288)
2026-08-19 08:11:21.669 | info     |           Metal | Fabric initialized on Device 0 (device.cpp:429)
2026-08-19 08:11:21.670 | info     |           Metal | Fabric initialized on Device 1 (device.cpp:429)
2026-08-19 08:11:21.670 | info     |           Metal | Fabric initialized on Device 2 (device.cpp:429)
2026-08-19 08:11:21.671 | info     |           Metal | Fabric initialized on Device 3 (device.cpp:429)
2026-08-19 08:11:21.671 | info     |           Metal | Fabric initialized on 4 devices (fabric_firmware_initializer.cpp:435)
2026-08-19 08:11:21.671 | info     |           Metal | Fabric Initialized with config FabricConfig::FABRIC_1D_RING (fabric_firmware_initializer.cpp:305)
multichip batch2 prefill 0.9999451873736693
multichip batch2 decode 0.9999451794244919
PASSED
models/autoports/qwen_qwen3_6_35b_a3b/tests/test_multichip_decoder.py::test_real_weight_multichip_decoder_prefill_decode_against_optimized[real_linear_layer0] 2026-08-19 08:11:27.926 | DEBUG    | ttnn.device:__init__:152 - Using default dispatch core type for this system: DispatchCoreType.WORKER
2026-08-19 08:11:27.926 | DEBUG    | ttnn.device:__init__:154 - Using default dispatch core axis for this system: DispatchCoreAxis.COL
2026-08-19 08:11:27.939 | info     |    BuildKernels | Using pre-compiled firmware from: /localdev/vkovacevic/tt-metal/tt_metal/pre-compiled/13793420398762238087/ (build_env_manager.cpp:347)
2026-08-19 08:11:27.939 | info     |    BuildKernels | Using pre-compiled firmware from: /localdev/vkovacevic/tt-metal/tt_metal/pre-compiled/13793420398762238087/ (build_env_manager.cpp:347)
2026-08-19 08:11:27.940 | info     |    BuildKernels | Using pre-compiled firmware from: /localdev/vkovacevic/tt-metal/tt_metal/pre-compiled/13793420398762238087/ (build_env_manager.cpp:347)
2026-08-19 08:11:27.941 | info     |    BuildKernels | Using pre-compiled firmware from: /localdev/vkovacevic/tt-metal/tt_metal/pre-compiled/13793420398762238087/ (build_env_manager.cpp:347)
2026-08-19 08:11:27.969 | warning  |           Metal | Opening subset of mmio devices slows down UMD read/write to remote chips. If opening more devices, consider using CreateDevices API. (device_manager.cpp:261)
2026-08-19 08:11:41.371 | info     |           Metal | Fabric config changed from FabricConfig::FABRIC_1D_RING to FabricConfig::FABRIC_1D_RING, reinitializing control plane (metal_env.cpp:281)
2026-08-19 08:11:41.371 | info     |     Distributed | Using auto discovery to generate mesh graph. (metal_env.cpp:367)
2026-08-19 08:11:41.371 | info     |     Distributed | Constructing control plane using auto-discovery (no mesh graph descriptor). (metal_env.cpp:429)
2026-08-19 08:11:41.371 | warning  |          Always | Unknown motherboard 'B850M-C' for chip_id=0 (bus_id=0x1) — falling back to bus_id as tray_id. Add this motherboard and its bus IDs to mobo_to_bus_ids in physical_system_discovery.cpp. (physical_system_discovery.cpp:89)
2026-08-19 08:11:41.371 | warning  |          Always | Unknown motherboard 'B850M-C' for chip_id=1 (bus_id=0x2) — falling back to bus_id as tray_id. Add this motherboard and its bus IDs to mobo_to_bus_ids in physical_system_discovery.cpp. (physical_system_discovery.cpp:89)
2026-08-19 08:11:41.371 | warning  |          Always | Unknown motherboard 'B850M-C' for chip_id=2 (bus_id=0x3) — falling back to bus_id as tray_id. Add this motherboard and its bus IDs to mobo_to_bus_ids in physical_system_discovery.cpp. (physical_system_discovery.cpp:89)
2026-08-19 08:11:41.371 | warning  |          Always | Unknown motherboard 'B850M-C' for chip_id=3 (bus_id=0x4) — falling back to bus_id as tray_id. Add this motherboard and its bus IDs to mobo_to_bus_ids in physical_system_discovery.cpp. (physical_system_discovery.cpp:89)
2026-08-19 08:11:41.371 | warning  |          Always | Unknown motherboard 'B850M-C' for chip_id=1 (bus_id=0x2) — falling back to bus_id as tray_id. Add this motherboard and its bus IDs to mobo_to_bus_ids in physical_system_discovery.cpp. (physical_system_discovery.cpp:89)
2026-08-19 08:11:41.371 | warning  |          Always | Unknown motherboard 'B850M-C' for chip_id=0 (bus_id=0x1) — falling back to bus_id as tray_id. Add this motherboard and its bus IDs to mobo_to_bus_ids in physical_system_discovery.cpp. (physical_system_discovery.cpp:89)
2026-08-19 08:11:41.371 | warning  |          Always | Unknown motherboard 'B850M-C' for chip_id=2 (bus_id=0x3) — falling back to bus_id as tray_id. Add this motherboard and its bus IDs to mobo_to_bus_ids in physical_system_discovery.cpp. (physical_system_discovery.cpp:89)
2026-08-19 08:11:41.371 | warning  |          Always | Unknown motherboard 'B850M-C' for chip_id=3 (bus_id=0x4) — falling back to bus_id as tray_id. Add this motherboard and its bus IDs to mobo_to_bus_ids in physical_system_discovery.cpp. (physical_system_discovery.cpp:89)
2026-08-19 08:11:41.372 | info     |          Fabric | Logical multi-mesh adjacency: intermesh degree histogram {0:1}; intra-mesh degree histograms mesh0 {2:4} (topology_mapper_utils.cpp:2342)
2026-08-19 08:11:41.372 | info     |          Fabric | Physical multi-mesh adjacency: intermesh degree histogram {0:1}; intra-mesh degree histograms mesh0 {2:4} (topology_mapper_utils.cpp:2350)
2026-08-19 08:11:41.372 | DEBUG    | ttnn.device:__init__:152 - Using default dispatch core type for this system: DispatchCoreType.WORKER
2026-08-19 08:11:41.372 | DEBUG    | ttnn.device:__init__:154 - Using default dispatch core axis for this system: DispatchCoreAxis.COL
2026-08-19 08:11:41.383 | info     |    BuildKernels | Using pre-compiled firmware from: /localdev/vkovacevic/tt-metal/tt_metal/pre-compiled/13793420398762238087/ (build_env_manager.cpp:347)
2026-08-19 08:11:41.384 | info     |    BuildKernels | Using pre-compiled firmware from: /localdev/vkovacevic/tt-metal/tt_metal/pre-compiled/13793420398762238087/ (build_env_manager.cpp:347)
2026-08-19 08:11:41.385 | info     |    BuildKernels | Using pre-compiled firmware from: /localdev/vkovacevic/tt-metal/tt_metal/pre-compiled/13793420398762238087/ (build_env_manager.cpp:347)
2026-08-19 08:11:41.385 | info     |    BuildKernels | Using pre-compiled firmware from: /localdev/vkovacevic/tt-metal/tt_metal/pre-compiled/13793420398762238087/ (build_env_manager.cpp:347)
2026-08-19 08:11:41.416 | info     |           Metal | Initializing Fabric (fabric_firmware_initializer.cpp:288)
2026-08-19 08:11:41.426 | info     |           Metal | Fabric initialized on Device 0 (device.cpp:429)
2026-08-19 08:11:41.427 | info     |           Metal | Fabric initialized on Device 1 (device.cpp:429)
2026-08-19 08:11:41.428 | info     |           Metal | Fabric initialized on Device 2 (device.cpp:429)
2026-08-19 08:11:41.428 | info     |           Metal | Fabric initialized on Device 3 (device.cpp:429)
2026-08-19 08:11:41.428 | info     |           Metal | Fabric initialized on 4 devices (fabric_firmware_initializer.cpp:435)
2026-08-19 08:11:41.428 | info     |           Metal | Fabric Initialized with config FabricConfig::FABRIC_1D_RING (fabric_firmware_initializer.cpp:305)
multichip real prefill 0.999973132328256
multichip real traced decode 0.9999286756928917
PASSED
models/autoports/qwen_qwen3_6_35b_a3b/tests/test_multichip_decoder.py::test_real_weight_multichip_decoder_prefill_decode_against_optimized[real_full_layer3] 2026-08-19 08:11:49.658 | DEBUG    | ttnn.device:__init__:152 - Using default dispatch core type for this system: DispatchCoreType.WORKER
2026-08-19 08:11:49.658 | DEBUG    | ttnn.device:__init__:154 - Using default dispatch core axis for this system: DispatchCoreAxis.COL
2026-08-19 08:11:49.670 | info     |    BuildKernels | Using pre-compiled firmware from: /localdev/vkovacevic/tt-metal/tt_metal/pre-compiled/13793420398762238087/ (build_env_manager.cpp:347)
2026-08-19 08:11:49.670 | info     |    BuildKernels | Using pre-compiled firmware from: /localdev/vkovacevic/tt-metal/tt_metal/pre-compiled/13793420398762238087/ (build_env_manager.cpp:347)
2026-08-19 08:11:49.671 | info     |    BuildKernels | Using pre-compiled firmware from: /localdev/vkovacevic/tt-metal/tt_metal/pre-compiled/13793420398762238087/ (build_env_manager.cpp:347)
2026-08-19 08:11:49.672 | info     |    BuildKernels | Using pre-compiled firmware from: /localdev/vkovacevic/tt-metal/tt_metal/pre-compiled/13793420398762238087/ (build_env_manager.cpp:347)
2026-08-19 08:11:49.700 | warning  |           Metal | Opening subset of mmio devices slows down UMD read/write to remote chips. If opening more devices, consider using CreateDevices API. (device_manager.cpp:261)
2026-08-19 08:12:03.451 | info     |           Metal | Fabric config changed from FabricConfig::FABRIC_1D_RING to FabricConfig::FABRIC_1D_RING, reinitializing control plane (metal_env.cpp:281)
2026-08-19 08:12:03.451 | info     |     Distributed | Using auto discovery to generate mesh graph. (metal_env.cpp:367)
2026-08-19 08:12:03.451 | info     |     Distributed | Constructing control plane using auto-discovery (no mesh graph descriptor). (metal_env.cpp:429)
2026-08-19 08:12:03.451 | warning  |          Always | Unknown motherboard 'B850M-C' for chip_id=0 (bus_id=0x1) — falling back to bus_id as tray_id. Add this motherboard and its bus IDs to mobo_to_bus_ids in physical_system_discovery.cpp. (physical_system_discovery.cpp:89)
2026-08-19 08:12:03.451 | warning  |          Always | Unknown motherboard 'B850M-C' for chip_id=1 (bus_id=0x2) — falling back to bus_id as tray_id. Add this motherboard and its bus IDs to mobo_to_bus_ids in physical_system_discovery.cpp. (physical_system_discovery.cpp:89)
2026-08-19 08:12:03.451 | warning  |          Always | Unknown motherboard 'B850M-C' for chip_id=2 (bus_id=0x3) — falling back to bus_id as tray_id. Add this motherboard and its bus IDs to mobo_to_bus_ids in physical_system_discovery.cpp. (physical_system_discovery.cpp:89)
2026-08-19 08:12:03.451 | warning  |          Always | Unknown motherboard 'B850M-C' for chip_id=3 (bus_id=0x4) — falling back to bus_id as tray_id. Add this motherboard and its bus IDs to mobo_to_bus_ids in physical_system_discovery.cpp. (physical_system_discovery.cpp:89)
2026-08-19 08:12:03.451 | warning  |          Always | Unknown motherboard 'B850M-C' for chip_id=1 (bus_id=0x2) — falling back to bus_id as tray_id. Add this motherboard and its bus IDs to mobo_to_bus_ids in physical_system_discovery.cpp. (physical_system_discovery.cpp:89)
2026-08-19 08:12:03.451 | warning  |          Always | Unknown motherboard 'B850M-C' for chip_id=0 (bus_id=0x1) — falling back to bus_id as tray_id. Add this motherboard and its bus IDs to mobo_to_bus_ids in physical_system_discovery.cpp. (physical_system_discovery.cpp:89)
2026-08-19 08:12:03.451 | warning  |          Always | Unknown motherboard 'B850M-C' for chip_id=2 (bus_id=0x3) — falling back to bus_id as tray_id. Add this motherboard and its bus IDs to mobo_to_bus_ids in physical_system_discovery.cpp. (physical_system_discovery.cpp:89)
2026-08-19 08:12:03.451 | warning  |          Always | Unknown motherboard 'B850M-C' for chip_id=3 (bus_id=0x4) — falling back to bus_id as tray_id. Add this motherboard and its bus IDs to mobo_to_bus_ids in physical_system_discovery.cpp. (physical_system_discovery.cpp:89)
2026-08-19 08:12:03.451 | info     |          Fabric | Logical multi-mesh adjacency: intermesh degree histogram {0:1}; intra-mesh degree histograms mesh0 {2:4} (topology_mapper_utils.cpp:2342)
2026-08-19 08:12:03.451 | info     |          Fabric | Physical multi-mesh adjacency: intermesh degree histogram {0:1}; intra-mesh degree histograms mesh0 {2:4} (topology_mapper_utils.cpp:2350)
2026-08-19 08:12:03.452 | DEBUG    | ttnn.device:__init__:152 - Using default dispatch core type for this system: DispatchCoreType.WORKER
2026-08-19 08:12:03.452 | DEBUG    | ttnn.device:__init__:154 - Using default dispatch core axis for this system: DispatchCoreAxis.COL
2026-08-19 08:12:03.463 | info     |    BuildKernels | Using pre-compiled firmware from: /localdev/vkovacevic/tt-metal/tt_metal/pre-compiled/13793420398762238087/ (build_env_manager.cpp:347)
2026-08-19 08:12:03.464 | info     |    BuildKernels | Using pre-compiled firmware from: /localdev/vkovacevic/tt-metal/tt_metal/pre-compiled/13793420398762238087/ (build_env_manager.cpp:347)
2026-08-19 08:12:03.465 | info     |    BuildKernels | Using pre-compiled firmware from: /localdev/vkovacevic/tt-metal/tt_metal/pre-compiled/13793420398762238087/ (build_env_manager.cpp:347)
2026-08-19 08:12:03.465 | info     |    BuildKernels | Using pre-compiled firmware from: /localdev/vkovacevic/tt-metal/tt_metal/pre-compiled/13793420398762238087/ (build_env_manager.cpp:347)
2026-08-19 08:12:03.495 | info     |           Metal | Initializing Fabric (fabric_firmware_initializer.cpp:288)
2026-08-19 08:12:03.506 | info     |           Metal | Fabric initialized on Device 0 (device.cpp:429)
2026-08-19 08:12:03.506 | info     |           Metal | Fabric initialized on Device 1 (device.cpp:429)
2026-08-19 08:12:03.507 | info     |           Metal | Fabric initialized on Device 2 (device.cpp:429)
2026-08-19 08:12:03.507 | info     |           Metal | Fabric initialized on Device 3 (device.cpp:429)
2026-08-19 08:12:03.507 | info     |           Metal | Fabric initialized on 4 devices (fabric_firmware_initializer.cpp:435)
2026-08-19 08:12:03.507 | info     |           Metal | Fabric Initialized with config FabricConfig::FABRIC_1D_RING (fabric_firmware_initializer.cpp:305)
2026-08-19 08:12:04.122 | info     |           Metal | [Real-time profiler] Device 0 sync complete: 100 samples, frequency=1.349986 GHz, device_time_at_sync=613167190053 cycles (realtime_profiler_manager.cpp:1127)
multichip real prefill 0.9999452009034249
multichip real traced decode 0.9998278764371862
PASSED

=============================== warnings summary ===============================
<frozen importlib._bootstrap>:488
  <frozen importlib._bootstrap>:488: DeprecationWarning: builtin type SwigPyPacked has no __module__ attribute

<frozen importlib._bootstrap>:488
  <frozen importlib._bootstrap>:488: DeprecationWarning: builtin type SwigPyObject has no __module__ attribute

-- Docs: https://docs.pytest.org/en/stable/how-to/capture-warnings.html
==================================== PASSES ====================================
- generated xml file: /localdev/vkovacevic/tt-metal/generated/test_reports/most_recent_tests.xml -
============================== slowest durations ===============================
23.34s call     models/autoports/qwen_qwen3_6_35b_a3b/tests/test_multichip_decoder.py::test_real_weight_multichip_decoder_prefill_decode_against_optimized[real_full_layer3]
21.73s call     models/autoports/qwen_qwen3_6_35b_a3b/tests/test_multichip_decoder.py::test_real_weight_multichip_decoder_prefill_decode_against_optimized[real_linear_layer0]
17.69s call     models/autoports/qwen_qwen3_6_35b_a3b/tests/test_multichip_decoder.py::test_synthetic_multichip_decoder_prefill_decode_against_optimized[linear_seq5]
17.17s call     models/autoports/qwen_qwen3_6_35b_a3b/tests/test_multichip_decoder.py::test_synthetic_multichip_decoder_batch2_against_optimized[linear_batch2]
16.10s call     models/autoports/qwen_qwen3_6_35b_a3b/tests/test_multichip_decoder.py::test_synthetic_multichip_decoder_non_aligned_lengths[linear_non_aligned65]
15.48s call     models/autoports/qwen_qwen3_6_35b_a3b/tests/test_multichip_decoder.py::test_synthetic_multichip_decoder_batch2_against_optimized[full_batch2]
15.38s call     models/autoports/qwen_qwen3_6_35b_a3b/tests/test_multichip_decoder.py::test_synthetic_multichip_decoder_non_aligned_lengths[full_non_aligned33]
15.38s call     models/autoports/qwen_qwen3_6_35b_a3b/tests/test_multichip_decoder.py::test_synthetic_multichip_decoder_prefill_decode_against_optimized[full_seq33]
0.00s call     models/autoports/qwen_qwen3_6_35b_a3b/tests/test_multichip_decoder.py::test_multichip_runtime_fallback_audit_source
0.00s setup    models/autoports/qwen_qwen3_6_35b_a3b/tests/test_multichip_decoder.py::test_synthetic_multichip_decoder_non_aligned_lengths[linear_non_aligned65]
0.00s setup    models/autoports/qwen_qwen3_6_35b_a3b/tests/test_multichip_decoder.py::test_synthetic_multichip_decoder_batch2_against_optimized[full_batch2]
0.00s setup    models/autoports/qwen_qwen3_6_35b_a3b/tests/test_multichip_decoder.py::test_synthetic_multichip_decoder_prefill_decode_against_optimized[full_seq33]
0.00s setup    models/autoports/qwen_qwen3_6_35b_a3b/tests/test_multichip_decoder.py::test_real_weight_multichip_decoder_prefill_decode_against_optimized[real_linear_layer0]
0.00s setup    models/autoports/qwen_qwen3_6_35b_a3b/tests/test_multichip_decoder.py::test_real_weight_multichip_decoder_prefill_decode_against_optimized[real_full_layer3]
0.00s setup    models/autoports/qwen_qwen3_6_35b_a3b/tests/test_multichip_decoder.py::test_synthetic_multichip_decoder_non_aligned_lengths[full_non_aligned33]
0.00s setup    models/autoports/qwen_qwen3_6_35b_a3b/tests/test_multichip_decoder.py::test_synthetic_multichip_decoder_batch2_against_optimized[linear_batch2]
0.00s setup    models/autoports/qwen_qwen3_6_35b_a3b/tests/test_multichip_decoder.py::test_synthetic_multichip_decoder_prefill_decode_against_optimized[linear_seq5]
0.00s teardown models/autoports/qwen_qwen3_6_35b_a3b/tests/test_multichip_decoder.py::test_synthetic_multichip_decoder_prefill_decode_against_optimized[linear_seq5]
0.00s teardown models/autoports/qwen_qwen3_6_35b_a3b/tests/test_multichip_decoder.py::test_synthetic_multichip_decoder_prefill_decode_against_optimized[full_seq33]
0.00s teardown models/autoports/qwen_qwen3_6_35b_a3b/tests/test_multichip_decoder.py::test_synthetic_multichip_decoder_batch2_against_optimized[linear_batch2]
0.00s teardown models/autoports/qwen_qwen3_6_35b_a3b/tests/test_multichip_decoder.py::test_synthetic_multichip_decoder_non_aligned_lengths[full_non_aligned33]
0.00s teardown models/autoports/qwen_qwen3_6_35b_a3b/tests/test_multichip_decoder.py::test_real_weight_multichip_decoder_prefill_decode_against_optimized[real_full_layer3]
0.00s teardown models/autoports/qwen_qwen3_6_35b_a3b/tests/test_multichip_decoder.py::test_synthetic_multichip_decoder_non_aligned_lengths[linear_non_aligned65]
0.00s teardown models/autoports/qwen_qwen3_6_35b_a3b/tests/test_multichip_decoder.py::test_synthetic_multichip_decoder_batch2_against_optimized[full_batch2]
0.00s teardown models/autoports/qwen_qwen3_6_35b_a3b/tests/test_multichip_decoder.py::test_real_weight_multichip_decoder_prefill_decode_against_optimized[real_linear_layer0]
0.00s setup    models/autoports/qwen_qwen3_6_35b_a3b/tests/test_multichip_decoder.py::test_multichip_decoder_graph_summary
0.00s call     models/autoports/qwen_qwen3_6_35b_a3b/tests/test_multichip_decoder.py::test_multichip_decoder_graph_summary
0.00s teardown models/autoports/qwen_qwen3_6_35b_a3b/tests/test_multichip_decoder.py::test_multichip_decoder_graph_summary
0.00s teardown models/autoports/qwen_qwen3_6_35b_a3b/tests/test_multichip_decoder.py::test_multichip_runtime_fallback_audit_source
0.00s setup    models/autoports/qwen_qwen3_6_35b_a3b/tests/test_multichip_decoder.py::test_multichip_runtime_fallback_audit_source
=========================== short test summary info ============================
PASSED models/autoports/qwen_qwen3_6_35b_a3b/tests/test_multichip_decoder.py::test_multichip_decoder_graph_summary
PASSED models/autoports/qwen_qwen3_6_35b_a3b/tests/test_multichip_decoder.py::test_multichip_runtime_fallback_audit_source
PASSED models/autoports/qwen_qwen3_6_35b_a3b/tests/test_multichip_decoder.py::test_synthetic_multichip_decoder_prefill_decode_against_optimized[linear_seq5]
PASSED models/autoports/qwen_qwen3_6_35b_a3b/tests/test_multichip_decoder.py::test_synthetic_multichip_decoder_prefill_decode_against_optimized[full_seq33]
PASSED models/autoports/qwen_qwen3_6_35b_a3b/tests/test_multichip_decoder.py::test_synthetic_multichip_decoder_non_aligned_lengths[linear_non_aligned65]
PASSED models/autoports/qwen_qwen3_6_35b_a3b/tests/test_multichip_decoder.py::test_synthetic_multichip_decoder_non_aligned_lengths[full_non_aligned33]
PASSED models/autoports/qwen_qwen3_6_35b_a3b/tests/test_multichip_decoder.py::test_synthetic_multichip_decoder_batch2_against_optimized[linear_batch2]
PASSED models/autoports/qwen_qwen3_6_35b_a3b/tests/test_multichip_decoder.py::test_synthetic_multichip_decoder_batch2_against_optimized[full_batch2]
PASSED models/autoports/qwen_qwen3_6_35b_a3b/tests/test_multichip_decoder.py::test_real_weight_multichip_decoder_prefill_decode_against_optimized[real_linear_layer0]
PASSED models/autoports/qwen_qwen3_6_35b_a3b/tests/test_multichip_decoder.py::test_real_weight_multichip_decoder_prefill_decode_against_optimized[real_full_layer3]
=========== 10 passed, 4 deselected, 2 warnings in 143.62s (0:02:23) ===========
sys:1: DeprecationWarning: builtin type swigvarlink has no __module__ attribute
nanobind: leaked 2 instances!
 - leaked instance 0x70b77e101c98 of type "ttnn._ttnn.device.DispatchCoreConfig"
 - leaked instance 0x70b77dfe5de8 of type "ttnn._ttnn.tensor.CoreRangeSet"
nanobind: leaked 36 types!
 - leaked type "DispatchCoreAxis"
 - leaked type "ttnn._ttnn.device.SubDeviceManagerId"
 - leaked type "MathFidelity"
 - leaked type "ttnn._ttnn.operations.matmul.MatmulMultiCoreReuseMultiCast1DProgramConfig"
 - leaked type "ttnn._ttnn.operations.matmul.MatmulInputs"
 - leaked type "ttnn._ttnn.operations.matmul.MatmulMultiCoreReuseMultiCastBatchedDRAMShardedProgramConfig"
 - leaked type "BufferType"
 - leaked type "UnaryOpType"
 - leaked type "Layout"
 - leaked type "ttnn._ttnn.operations.matmul.MatmulMultiCoreReuseOptimizedProgramFactory"
 - ... skipped remainder
nanobind: leaked 305 functions!
 - leaked function "__init__"
 - leaked function ""
 - leaked function ""
 - leaked function "__ne__"
 - leaked function "__eq__"
 - leaked function "compute_program_hash"
 - leaked function ""
 - leaked function "GetPCIeDeviceID"
 - leaked function ""
 - leaked function ""
 - ... skipped remainder
nanobind: this is likely caused by a reference counting issue in the binding code.
See https://nanobind.readthedocs.io/en/latest/refleaks.html2026-08-19 08:12:14.708 | info     |    BuildKernels | JIT cache stats: 1361/1361 hits (100.0%) [1361 cached, 7215 build-once dedup, 0 merged artifacts, 0 merged genfiles] (build_cache_telemetry.cpp:207)
2026-08-19 08:12:14.708 | info     |    BuildKernels | JIT telemetry: 3 registered TelemetryTokens (build_cache_telemetry.cpp:230)
2026-08-19 08:12:14.723 | info     |          Device | Closing user mode device drivers (tt_cluster.cpp:512)
2026-08-19 08:12:14.723 | info     |             UMD | Closing devices in cluster (cluster.cpp:1037)
2026-08-19 08:12:15.328 | info     |             UMD | Closing devices in cluster completed. (cluster.cpp:1046)
2026-08-19 08:12:15.329 | info     |             UMD | Cluster destructor started. (cluster.cpp:754)
2026-08-19 08:12:15.329 | info     |             UMD | Cluster destructor completed. (cluster.cpp:757)
