2026-08-19 07:00:48.874 | INFO     | __main__:main:189 - Setting profiler artifacts folder to models/autoports/qwen_qwen3_6_35b_a3b/doc/optimized_multichip_decoder/tracy/final_raw
2026-08-19 07:00:48.875 | WARNING  | __main__:main:334 - Skipping runtime analysis (C++ post-processing) due to conflicting options (--no-runtime-analysis). Falling back to legacy Python processing.
2026-08-19 07:00:48.875 | INFO     | __main__:main:395 - Using port 8086
2026-08-19 07:00:48.875 | INFO     | tracy:run_report_setup:91 - Verifying tracy profiling tools
2026-08-19 07:00:48.877 | INFO     | tracy:run_report_setup:112 - Capture command: ('/localdev/vkovacevic/tt-metal/build/tools/profiler/bin/tracy-capture -o models/autoports/qwen_qwen3_6_35b_a3b/doc/optimized_multichip_decoder/tracy/final_raw/.logs/tracy_profile_log_host.tracy -f -p 8086',)
Connecting to 127.0.0.1:8086...2026-08-19 07:00:48.882 | INFO     | __main__:main:413 - Test process started
2026-08-19 07:00:49.570 | INFO     | __main__:main:189 - Setting profiler artifacts folder to models/autoports/qwen_qwen3_6_35b_a3b/doc/optimized_multichip_decoder/tracy/final_raw
2026-08-19 07:00:49.571 | WARNING  | __main__:main:334 - Skipping runtime analysis (C++ post-processing) due to conflicting options (--no-runtime-analysis). Falling back to legacy Python processing.
2026-08-19 07:00:50.883 | DEBUG    | ttnn:<module>:79 - Initial ttnn.CONFIG:
Config{cache_path=/home/ttuser/.cache/ttnn,model_cache_path=/home/ttuser/.cache/ttnn/models,tmp_dir=/tmp/ttnn,enable_model_cache=false,enable_fast_runtime_mode=true,throw_exception_on_fallback=false,enable_logging=false,enable_graph_report=false,enable_graph_python_stack_traces=false,enable_detailed_buffer_report=false,enable_detailed_tensor_report=false,enable_comparison_mode=false,comparison_mode_should_raise_exception=false,comparison_mode_pcc=0.9999,root_report_path=generated/ttnn/reports,report_name=std::nullopt,std::nullopt}
============================= test session starts ==============================
platform linux -- Python 3.12.12, pytest-9.0.3, pluggy-1.6.0 -- /localdev/vkovacevic/tt-metal/python_env/bin/python
cachedir: .pytest_cache
benchmark: 5.2.3 (defaults: timer=time.perf_counter disable_gc=False min_rounds=5 min_time=0.000005 max_time=1.0 calibration_precision=10 warmup=False warmup_iterations=100000)
rootdir: /localdev/vkovacevic/tt-metal
configfile: pytest.ini
plugins: timeout-2.4.0, cov-7.0.0, benchmark-5.2.3, anyio-4.14.2, split-0.11.0, dash-2.15.0, github-actions-annotate-failures-0.3.0
timeout: 900.0s
timeout method: signal
timeout func_only: False
collecting ... collected 14 items / 10 deselected / 4 selected

models/autoports/qwen_qwen3_6_35b_a3b/tests/test_multichip_decoder.py::test_perf_qwen36_multichip_linear_prefill_vs_optimized 2026-08-19 07:00:52.889 | info     |          Device | Opening user mode device driver (tt_cluster.cpp:228)
2026-08-19 07:00:52.889 | info     |             UMD | Cluster constructor started. (cluster.cpp:348)
2026-08-19 07:00:52.889 | info     |             UMD | Creating TopologyDiscovery for architecture: blackhole (topology_discovery.cpp:91)
2026-08-19 07:00:52.889 | info     |             UMD | Starting topology discovery. (topology_discovery.cpp:110)
2026-08-19 07:00:52.891 | info     |             UMD | Established firmware bundle version: 19.9.0 (topology_discovery.cpp:569)
2026-08-19 07:00:52.891 | info     |             UMD | Firmware bundle version 19.9.0 on the system is newer than the latest fully tested version 19.5.0 for blackhole architecture. Newest features may not be supported. (topology_discovery.cpp:601)
2026-08-19 07:00:52.894 | info     |             UMD | Completed topology discovery. (topology_discovery.cpp:114)
2026-08-19 07:00:53.117 | info     |             UMD | Opening local chip ids/PCIe ids: {0, 1, 2, 3}/[0, 1, 2, 3] and remote chip ids {} (cluster.cpp:168)
2026-08-19 07:00:53.117 | info     |             UMD | IOMMU: enabled (cluster.cpp:142)
2026-08-19 07:00:53.117 | info     |             UMD | KMD version: 2.10.0 (cluster.cpp:145)
2026-08-19 07:00:53.117 | info     |             UMD | Cluster constructor completed. (cluster.cpp:520)
2026-08-19 07:00:53.119 | info     |             UMD | Starting devices in cluster (cluster.cpp:1024)
2026-08-19 07:00:53.357 | info     |             UMD | Starting devices in cluster completed. (cluster.cpp:1032)
2026-08-19 07:00:53.481 | info     |     Distributed | Using auto discovery to generate mesh graph. (metal_env.cpp:367)
2026-08-19 07:00:53.481 | info     |     Distributed | Constructing control plane using auto-discovery (no mesh graph descriptor). (metal_env.cpp:429)
2026-08-19 07:00:53.481 | warning  |          Always | Unknown motherboard 'B850M-C' for chip_id=0 (bus_id=0x1) — falling back to bus_id as tray_id. Add this motherboard and its bus IDs to mobo_to_bus_ids in physical_system_discovery.cpp. (physical_system_discovery.cpp:89)
2026-08-19 07:00:53.481 | warning  |          Always | Unknown motherboard 'B850M-C' for chip_id=1 (bus_id=0x2) — falling back to bus_id as tray_id. Add this motherboard and its bus IDs to mobo_to_bus_ids in physical_system_discovery.cpp. (physical_system_discovery.cpp:89)
2026-08-19 07:00:53.481 | warning  |          Always | Unknown motherboard 'B850M-C' for chip_id=2 (bus_id=0x3) — falling back to bus_id as tray_id. Add this motherboard and its bus IDs to mobo_to_bus_ids in physical_system_discovery.cpp. (physical_system_discovery.cpp:89)
2026-08-19 07:00:53.481 | warning  |          Always | Unknown motherboard 'B850M-C' for chip_id=3 (bus_id=0x4) — falling back to bus_id as tray_id. Add this motherboard and its bus IDs to mobo_to_bus_ids in physical_system_discovery.cpp. (physical_system_discovery.cpp:89)
2026-08-19 07:00:53.481 | warning  |          Always | Unknown motherboard 'B850M-C' for chip_id=1 (bus_id=0x2) — falling back to bus_id as tray_id. Add this motherboard and its bus IDs to mobo_to_bus_ids in physical_system_discovery.cpp. (physical_system_discovery.cpp:89)
2026-08-19 07:00:53.481 | warning  |          Always | Unknown motherboard 'B850M-C' for chip_id=0 (bus_id=0x1) — falling back to bus_id as tray_id. Add this motherboard and its bus IDs to mobo_to_bus_ids in physical_system_discovery.cpp. (physical_system_discovery.cpp:89)
2026-08-19 07:00:53.481 | warning  |          Always | Unknown motherboard 'B850M-C' for chip_id=2 (bus_id=0x3) — falling back to bus_id as tray_id. Add this motherboard and its bus IDs to mobo_to_bus_ids in physical_system_discovery.cpp. (physical_system_discovery.cpp:89)
2026-08-19 07:00:53.482 | warning  |          Always | Unknown motherboard 'B850M-C' for chip_id=3 (bus_id=0x4) — falling back to bus_id as tray_id. Add this motherboard and its bus IDs to mobo_to_bus_ids in physical_system_discovery.cpp. (physical_system_discovery.cpp:89)
2026-08-19 07:00:53.482 | info     |          Fabric | Logical multi-mesh adjacency: intermesh degree histogram {0:1}; intra-mesh degree histograms mesh0 {2:4} (topology_mapper_utils.cpp:2342)
2026-08-19 07:00:53.482 | info     |          Fabric | Physical multi-mesh adjacency: intermesh degree histogram {0:1}; intra-mesh degree histograms mesh0 {2:4} (topology_mapper_utils.cpp:2350)
2026-08-19 07:00:53.482 | DEBUG    | ttnn.device:__init__:152 - Using default dispatch core type for this system: DispatchCoreType.WORKER
2026-08-19 07:00:53.482 | DEBUG    | ttnn.device:__init__:154 - Using default dispatch core axis for this system: DispatchCoreAxis.COL
2026-08-19 07:00:53.522 | warning  |           Metal | Opening subset of mmio devices slows down UMD read/write to remote chips. If opening more devices, consider using CreateDevices API. (device_manager.cpp:261)
2026-08-19 07:00:53.554 | info     |           Metal | Profiler started on device 0 (profiler_initializer.cpp:49)
2026-08-19 07:00:53.595 | info     |           Metal | ShmResourceTracker: removed orphaned shm '/tt_device_154095681929248_memory' (shm_resource_tracker.cpp:282)
2026-08-19 07:00:53.595 | info     |           Metal | ShmResourceTracker: removed orphaned shm '/tt_device_154095681929249_memory' (shm_resource_tracker.cpp:282)
2026-08-19 07:00:53.595 | info     |           Metal | ShmResourceTracker: removed orphaned shm '/tt_device_154095681931936_memory' (shm_resource_tracker.cpp:282)
2026-08-19 07:00:53.595 | info     |           Metal | ShmResourceTracker: removed orphaned shm '/tt_device_154095681931937_memory' (shm_resource_tracker.cpp:282)
2026-08-19 07:00:54.175 | info     |           Metal | [Real-time profiler] Device 0 sync complete: 100 samples, frequency=1.349985 GHz, device_time_at_sync=4165192374662 cycles (realtime_profiler_manager.cpp:1127)
2026-08-19 07:01:07.791 | INFO     | tracy:signpost:49 - BASE_LINEAR_PREFILL
2026-08-19 07:01:07.811 | INFO     | tracy:signpost:49 - BASE_LINEAR_PREFILL_END
2026-08-19 07:01:09.531 | info     |           Metal | Fabric config changed from FabricConfig::DISABLED to FabricConfig::FABRIC_1D_RING, reinitializing control plane (metal_env.cpp:281)
2026-08-19 07:01:09.531 | info     |     Distributed | Using auto discovery to generate mesh graph. (metal_env.cpp:367)
2026-08-19 07:01:09.531 | info     |     Distributed | Constructing control plane using auto-discovery (no mesh graph descriptor). (metal_env.cpp:429)
2026-08-19 07:01:09.531 | warning  |          Always | Unknown motherboard 'B850M-C' for chip_id=0 (bus_id=0x1) — falling back to bus_id as tray_id. Add this motherboard and its bus IDs to mobo_to_bus_ids in physical_system_discovery.cpp. (physical_system_discovery.cpp:89)
2026-08-19 07:01:09.531 | warning  |          Always | Unknown motherboard 'B850M-C' for chip_id=1 (bus_id=0x2) — falling back to bus_id as tray_id. Add this motherboard and its bus IDs to mobo_to_bus_ids in physical_system_discovery.cpp. (physical_system_discovery.cpp:89)
2026-08-19 07:01:09.531 | warning  |          Always | Unknown motherboard 'B850M-C' for chip_id=2 (bus_id=0x3) — falling back to bus_id as tray_id. Add this motherboard and its bus IDs to mobo_to_bus_ids in physical_system_discovery.cpp. (physical_system_discovery.cpp:89)
2026-08-19 07:01:09.531 | warning  |          Always | Unknown motherboard 'B850M-C' for chip_id=3 (bus_id=0x4) — falling back to bus_id as tray_id. Add this motherboard and its bus IDs to mobo_to_bus_ids in physical_system_discovery.cpp. (physical_system_discovery.cpp:89)
2026-08-19 07:01:09.531 | warning  |          Always | Unknown motherboard 'B850M-C' for chip_id=1 (bus_id=0x2) — falling back to bus_id as tray_id. Add this motherboard and its bus IDs to mobo_to_bus_ids in physical_system_discovery.cpp. (physical_system_discovery.cpp:89)
2026-08-19 07:01:09.531 | warning  |          Always | Unknown motherboard 'B850M-C' for chip_id=0 (bus_id=0x1) — falling back to bus_id as tray_id. Add this motherboard and its bus IDs to mobo_to_bus_ids in physical_system_discovery.cpp. (physical_system_discovery.cpp:89)
2026-08-19 07:01:09.531 | warning  |          Always | Unknown motherboard 'B850M-C' for chip_id=2 (bus_id=0x3) — falling back to bus_id as tray_id. Add this motherboard and its bus IDs to mobo_to_bus_ids in physical_system_discovery.cpp. (physical_system_discovery.cpp:89)
2026-08-19 07:01:09.531 | warning  |          Always | Unknown motherboard 'B850M-C' for chip_id=3 (bus_id=0x4) — falling back to bus_id as tray_id. Add this motherboard and its bus IDs to mobo_to_bus_ids in physical_system_discovery.cpp. (physical_system_discovery.cpp:89)
2026-08-19 07:01:09.531 | info     |          Fabric | Logical multi-mesh adjacency: intermesh degree histogram {0:1}; intra-mesh degree histograms mesh0 {2:4} (topology_mapper_utils.cpp:2342)
2026-08-19 07:01:09.531 | info     |          Fabric | Physical multi-mesh adjacency: intermesh degree histogram {0:1}; intra-mesh degree histograms mesh0 {2:4} (topology_mapper_utils.cpp:2350)
2026-08-19 07:01:09.532 | DEBUG    | ttnn.device:__init__:152 - Using default dispatch core type for this system: DispatchCoreType.WORKER
2026-08-19 07:01:09.532 | DEBUG    | ttnn.device:__init__:154 - Using default dispatch core axis for this system: DispatchCoreAxis.COL
2026-08-19 07:01:09.616 | info     |           Metal | Profiler started on device 0 (profiler_initializer.cpp:49)
2026-08-19 07:01:09.646 | info     |           Metal | Profiler started on device 1 (profiler_initializer.cpp:49)
2026-08-19 07:01:09.675 | info     |           Metal | Profiler started on device 2 (profiler_initializer.cpp:49)
2026-08-19 07:01:09.703 | info     |           Metal | Profiler started on device 3 (profiler_initializer.cpp:49)
2026-08-19 07:01:09.703 | info     |           Metal | Initializing Fabric (fabric_firmware_initializer.cpp:288)
2026-08-19 07:01:09.723 | info     |           Metal | Fabric initialized on Device 0 (device.cpp:429)
2026-08-19 07:01:09.731 | info     |           Metal | Fabric initialized on Device 1 (device.cpp:429)
2026-08-19 07:01:09.736 | info     |           Metal | Fabric initialized on Device 2 (device.cpp:429)
2026-08-19 07:01:09.736 | info     |           Metal | Fabric initialized on Device 3 (device.cpp:429)
2026-08-19 07:01:09.736 | info     |           Metal | Fabric initialized on 4 devices (fabric_firmware_initializer.cpp:435)
2026-08-19 07:01:09.736 | info     |           Metal | Fabric Initialized with config FabricConfig::FABRIC_1D_RING (fabric_firmware_initializer.cpp:305)
2026-08-19 07:01:10.359 | info     |           Metal | [Real-time profiler] Device 3 sync complete: 100 samples, frequency=1.349993 GHz, device_time_at_sync=4166653078885 cycles (realtime_profiler_manager.cpp:1127)
2026-08-19 07:01:10.363 | info     |           Metal | [Real-time profiler] Device 2 sync complete: 100 samples, frequency=1.349984 GHz, device_time_at_sync=4164768306551 cycles (realtime_profiler_manager.cpp:1127)
2026-08-19 07:01:10.363 | info     |           Metal | [Real-time profiler] Device 1 sync complete: 100 samples, frequency=1.349983 GHz, device_time_at_sync=4162904992188 cycles (realtime_profiler_manager.cpp:1127)
2026-08-19 07:01:18.571 | INFO     | tracy:signpost:49 - MC_LINEAR_PREFILL
2026-08-19 07:01:18.596 | INFO     | tracy:signpost:49 - MC_LINEAR_PREFILL_END
BASE_LINEAR_PREFILL wall_ms=19.773 output_shape=(1, 1, 5, 2048)
MC_LINEAR_PREFILL wall_ms=25.747 output_shape=(1, 1, 5, 2048)
PASSED
models/autoports/qwen_qwen3_6_35b_a3b/tests/test_multichip_decoder.py::test_perf_qwen36_multichip_full_prefill_vs_optimized 2026-08-19 07:01:23.401 | DEBUG    | ttnn.device:__init__:152 - Using default dispatch core type for this system: DispatchCoreType.WORKER
2026-08-19 07:01:23.401 | DEBUG    | ttnn.device:__init__:154 - Using default dispatch core axis for this system: DispatchCoreAxis.COL
2026-08-19 07:01:23.575 | warning  |           Metal | Opening subset of mmio devices slows down UMD read/write to remote chips. If opening more devices, consider using CreateDevices API. (device_manager.cpp:261)
2026-08-19 07:01:23.603 | info     |           Metal | Profiler started on device 0 (profiler_initializer.cpp:49)
2026-08-19 07:01:37.484 | INFO     | tracy:signpost:49 - BASE_FULL_PREFILL
2026-08-19 07:01:37.493 | INFO     | tracy:signpost:49 - BASE_FULL_PREFILL_END
2026-08-19 07:01:38.131 | info     |           Metal | Fabric config changed from FabricConfig::FABRIC_1D_RING to FabricConfig::FABRIC_1D_RING, reinitializing control plane (metal_env.cpp:281)
2026-08-19 07:01:38.131 | info     |     Distributed | Using auto discovery to generate mesh graph. (metal_env.cpp:367)
2026-08-19 07:01:38.131 | info     |     Distributed | Constructing control plane using auto-discovery (no mesh graph descriptor). (metal_env.cpp:429)
2026-08-19 07:01:38.131 | warning  |          Always | Unknown motherboard 'B850M-C' for chip_id=0 (bus_id=0x1) — falling back to bus_id as tray_id. Add this motherboard and its bus IDs to mobo_to_bus_ids in physical_system_discovery.cpp. (physical_system_discovery.cpp:89)
2026-08-19 07:01:38.131 | warning  |          Always | Unknown motherboard 'B850M-C' for chip_id=1 (bus_id=0x2) — falling back to bus_id as tray_id. Add this motherboard and its bus IDs to mobo_to_bus_ids in physical_system_discovery.cpp. (physical_system_discovery.cpp:89)
2026-08-19 07:01:38.131 | warning  |          Always | Unknown motherboard 'B850M-C' for chip_id=2 (bus_id=0x3) — falling back to bus_id as tray_id. Add this motherboard and its bus IDs to mobo_to_bus_ids in physical_system_discovery.cpp. (physical_system_discovery.cpp:89)
2026-08-19 07:01:38.131 | warning  |          Always | Unknown motherboard 'B850M-C' for chip_id=3 (bus_id=0x4) — falling back to bus_id as tray_id. Add this motherboard and its bus IDs to mobo_to_bus_ids in physical_system_discovery.cpp. (physical_system_discovery.cpp:89)
2026-08-19 07:01:38.131 | warning  |          Always | Unknown motherboard 'B850M-C' for chip_id=1 (bus_id=0x2) — falling back to bus_id as tray_id. Add this motherboard and its bus IDs to mobo_to_bus_ids in physical_system_discovery.cpp. (physical_system_discovery.cpp:89)
2026-08-19 07:01:38.131 | warning  |          Always | Unknown motherboard 'B850M-C' for chip_id=0 (bus_id=0x1) — falling back to bus_id as tray_id. Add this motherboard and its bus IDs to mobo_to_bus_ids in physical_system_discovery.cpp. (physical_system_discovery.cpp:89)
2026-08-19 07:01:38.131 | warning  |          Always | Unknown motherboard 'B850M-C' for chip_id=2 (bus_id=0x3) — falling back to bus_id as tray_id. Add this motherboard and its bus IDs to mobo_to_bus_ids in physical_system_discovery.cpp. (physical_system_discovery.cpp:89)
2026-08-19 07:01:38.131 | warning  |          Always | Unknown motherboard 'B850M-C' for chip_id=3 (bus_id=0x4) — falling back to bus_id as tray_id. Add this motherboard and its bus IDs to mobo_to_bus_ids in physical_system_discovery.cpp. (physical_system_discovery.cpp:89)
2026-08-19 07:01:38.131 | info     |          Fabric | Logical multi-mesh adjacency: intermesh degree histogram {0:1}; intra-mesh degree histograms mesh0 {2:4} (topology_mapper_utils.cpp:2342)
2026-08-19 07:01:38.131 | info     |          Fabric | Physical multi-mesh adjacency: intermesh degree histogram {0:1}; intra-mesh degree histograms mesh0 {2:4} (topology_mapper_utils.cpp:2350)
2026-08-19 07:01:38.132 | DEBUG    | ttnn.device:__init__:152 - Using default dispatch core type for this system: DispatchCoreType.WORKER
2026-08-19 07:01:38.132 | DEBUG    | ttnn.device:__init__:154 - Using default dispatch core axis for this system: DispatchCoreAxis.COL
2026-08-19 07:01:38.211 | info     |           Metal | Profiler started on device 0 (profiler_initializer.cpp:49)
2026-08-19 07:01:38.240 | info     |           Metal | Profiler started on device 1 (profiler_initializer.cpp:49)
2026-08-19 07:01:38.271 | info     |           Metal | Profiler started on device 2 (profiler_initializer.cpp:49)
2026-08-19 07:01:38.303 | info     |           Metal | Profiler started on device 3 (profiler_initializer.cpp:49)
2026-08-19 07:01:38.303 | info     |           Metal | Initializing Fabric (fabric_firmware_initializer.cpp:288)
2026-08-19 07:01:38.313 | info     |           Metal | Fabric initialized on Device 0 (device.cpp:429)
2026-08-19 07:01:38.314 | info     |           Metal | Fabric initialized on Device 1 (device.cpp:429)
2026-08-19 07:01:38.314 | info     |           Metal | Fabric initialized on Device 2 (device.cpp:429)
2026-08-19 07:01:38.315 | info     |           Metal | Fabric initialized on Device 3 (device.cpp:429)
2026-08-19 07:01:38.315 | info     |           Metal | Fabric initialized on 4 devices (fabric_firmware_initializer.cpp:435)
2026-08-19 07:01:38.315 | info     |           Metal | Fabric Initialized with config FabricConfig::FABRIC_1D_RING (fabric_firmware_initializer.cpp:305)
2026-08-19 07:01:47.279 | INFO     | tracy:signpost:49 - MC_FULL_PREFILL
2026-08-19 07:01:47.318 | INFO     | tracy:signpost:49 - MC_FULL_PREFILL_END
BASE_FULL_PREFILL wall_ms=8.876 output_shape=(1, 1, 33, 2048)
MC_FULL_PREFILL wall_ms=39.202 output_shape=(1, 1, 33, 2048)
PASSED
models/autoports/qwen_qwen3_6_35b_a3b/tests/test_multichip_decoder.py::test_perf_qwen36_multichip_linear_decode_vs_optimized 2026-08-19 07:01:51.820 | DEBUG    | ttnn.device:__init__:152 - Using default dispatch core type for this system: DispatchCoreType.WORKER
2026-08-19 07:01:51.821 | DEBUG    | ttnn.device:__init__:154 - Using default dispatch core axis for this system: DispatchCoreAxis.COL
2026-08-19 07:01:51.968 | warning  |           Metal | Opening subset of mmio devices slows down UMD read/write to remote chips. If opening more devices, consider using CreateDevices API. (device_manager.cpp:261)
2026-08-19 07:01:51.996 | info     |           Metal | Profiler started on device 0 (profiler_initializer.cpp:49)
2026-08-19 07:02:05.387 | INFO     | tracy:signpost:49 - BASE_LINEAR_DECODE
2026-08-19 07:02:05.389 | INFO     | tracy:signpost:49 - BASE_LINEAR_DECODE_END
2026-08-19 07:02:06.747 | info     |           Metal | Fabric config changed from FabricConfig::FABRIC_1D_RING to FabricConfig::FABRIC_1D_RING, reinitializing control plane (metal_env.cpp:281)
2026-08-19 07:02:06.747 | info     |     Distributed | Using auto discovery to generate mesh graph. (metal_env.cpp:367)
2026-08-19 07:02:06.747 | info     |     Distributed | Constructing control plane using auto-discovery (no mesh graph descriptor). (metal_env.cpp:429)
2026-08-19 07:02:06.748 | warning  |          Always | Unknown motherboard 'B850M-C' for chip_id=0 (bus_id=0x1) — falling back to bus_id as tray_id. Add this motherboard and its bus IDs to mobo_to_bus_ids in physical_system_discovery.cpp. (physical_system_discovery.cpp:89)
2026-08-19 07:02:06.748 | warning  |          Always | Unknown motherboard 'B850M-C' for chip_id=1 (bus_id=0x2) — falling back to bus_id as tray_id. Add this motherboard and its bus IDs to mobo_to_bus_ids in physical_system_discovery.cpp. (physical_system_discovery.cpp:89)
2026-08-19 07:02:06.748 | warning  |          Always | Unknown motherboard 'B850M-C' for chip_id=2 (bus_id=0x3) — falling back to bus_id as tray_id. Add this motherboard and its bus IDs to mobo_to_bus_ids in physical_system_discovery.cpp. (physical_system_discovery.cpp:89)
2026-08-19 07:02:06.748 | warning  |          Always | Unknown motherboard 'B850M-C' for chip_id=3 (bus_id=0x4) — falling back to bus_id as tray_id. Add this motherboard and its bus IDs to mobo_to_bus_ids in physical_system_discovery.cpp. (physical_system_discovery.cpp:89)
2026-08-19 07:02:06.748 | warning  |          Always | Unknown motherboard 'B850M-C' for chip_id=1 (bus_id=0x2) — falling back to bus_id as tray_id. Add this motherboard and its bus IDs to mobo_to_bus_ids in physical_system_discovery.cpp. (physical_system_discovery.cpp:89)
2026-08-19 07:02:06.748 | warning  |          Always | Unknown motherboard 'B850M-C' for chip_id=0 (bus_id=0x1) — falling back to bus_id as tray_id. Add this motherboard and its bus IDs to mobo_to_bus_ids in physical_system_discovery.cpp. (physical_system_discovery.cpp:89)
2026-08-19 07:02:06.748 | warning  |          Always | Unknown motherboard 'B850M-C' for chip_id=2 (bus_id=0x3) — falling back to bus_id as tray_id. Add this motherboard and its bus IDs to mobo_to_bus_ids in physical_system_discovery.cpp. (physical_system_discovery.cpp:89)
2026-08-19 07:02:06.748 | warning  |          Always | Unknown motherboard 'B850M-C' for chip_id=3 (bus_id=0x4) — falling back to bus_id as tray_id. Add this motherboard and its bus IDs to mobo_to_bus_ids in physical_system_discovery.cpp. (physical_system_discovery.cpp:89)
2026-08-19 07:02:06.748 | info     |          Fabric | Logical multi-mesh adjacency: intermesh degree histogram {0:1}; intra-mesh degree histograms mesh0 {2:4} (topology_mapper_utils.cpp:2342)
2026-08-19 07:02:06.748 | info     |          Fabric | Physical multi-mesh adjacency: intermesh degree histogram {0:1}; intra-mesh degree histograms mesh0 {2:4} (topology_mapper_utils.cpp:2350)
2026-08-19 07:02:06.749 | DEBUG    | ttnn.device:__init__:152 - Using default dispatch core type for this system: DispatchCoreType.WORKER
2026-08-19 07:02:06.749 | DEBUG    | ttnn.device:__init__:154 - Using default dispatch core axis for this system: DispatchCoreAxis.COL
2026-08-19 07:02:06.837 | info     |           Metal | Profiler started on device 0 (profiler_initializer.cpp:49)
2026-08-19 07:02:06.867 | info     |           Metal | Profiler started on device 1 (profiler_initializer.cpp:49)
2026-08-19 07:02:06.897 | info     |           Metal | Profiler started on device 2 (profiler_initializer.cpp:49)
2026-08-19 07:02:06.928 | info     |           Metal | Profiler started on device 3 (profiler_initializer.cpp:49)
2026-08-19 07:02:06.928 | info     |           Metal | Initializing Fabric (fabric_firmware_initializer.cpp:288)
2026-08-19 07:02:06.939 | info     |           Metal | Fabric initialized on Device 0 (device.cpp:429)
2026-08-19 07:02:06.939 | info     |           Metal | Fabric initialized on Device 1 (device.cpp:429)
2026-08-19 07:02:06.940 | info     |           Metal | Fabric initialized on Device 2 (device.cpp:429)
2026-08-19 07:02:06.941 | info     |           Metal | Fabric initialized on Device 3 (device.cpp:429)
2026-08-19 07:02:06.941 | info     |           Metal | Fabric initialized on 4 devices (fabric_firmware_initializer.cpp:435)
2026-08-19 07:02:06.941 | info     |           Metal | Fabric Initialized with config FabricConfig::FABRIC_1D_RING (fabric_firmware_initializer.cpp:305)
2026-08-19 07:02:07.556 | info     |           Metal | [Real-time profiler] Device 0 sync complete: 100 samples, frequency=1.349988 GHz, device_time_at_sync=4264259343298 cycles (realtime_profiler_manager.cpp:1127)
2026-08-19 07:02:15.672 | INFO     | tracy:signpost:49 - MC_LINEAR_DECODE
2026-08-19 07:02:15.674 | INFO     | tracy:signpost:49 - MC_LINEAR_DECODE_END
BASE_LINEAR_DECODE traced_wall_ms=1.541 output_shape=(1, 1, 1, 2048)
MC_LINEAR_DECODE traced_wall_ms=1.346 output_shape=(1, 1, 1, 2048)
PASSED
models/autoports/qwen_qwen3_6_35b_a3b/tests/test_multichip_decoder.py::test_perf_qwen36_multichip_full_decode_vs_optimized 2026-08-19 07:02:19.349 | DEBUG    | ttnn.device:__init__:152 - Using default dispatch core type for this system: DispatchCoreType.WORKER
2026-08-19 07:02:19.349 | DEBUG    | ttnn.device:__init__:154 - Using default dispatch core axis for this system: DispatchCoreAxis.COL
2026-08-19 07:02:19.486 | warning  |           Metal | Opening subset of mmio devices slows down UMD read/write to remote chips. If opening more devices, consider using CreateDevices API. (device_manager.cpp:261)
2026-08-19 07:02:19.516 | info     |           Metal | Profiler started on device 0 (profiler_initializer.cpp:49)
2026-08-19 07:02:33.205 | INFO     | tracy:signpost:49 - BASE_FULL_DECODE
2026-08-19 07:02:33.206 | INFO     | tracy:signpost:49 - BASE_FULL_DECODE_END
2026-08-19 07:02:33.845 | info     |           Metal | Fabric config changed from FabricConfig::FABRIC_1D_RING to FabricConfig::FABRIC_1D_RING, reinitializing control plane (metal_env.cpp:281)
2026-08-19 07:02:33.845 | info     |     Distributed | Using auto discovery to generate mesh graph. (metal_env.cpp:367)
2026-08-19 07:02:33.845 | info     |     Distributed | Constructing control plane using auto-discovery (no mesh graph descriptor). (metal_env.cpp:429)
2026-08-19 07:02:33.846 | warning  |          Always | Unknown motherboard 'B850M-C' for chip_id=0 (bus_id=0x1) — falling back to bus_id as tray_id. Add this motherboard and its bus IDs to mobo_to_bus_ids in physical_system_discovery.cpp. (physical_system_discovery.cpp:89)
2026-08-19 07:02:33.846 | warning  |          Always | Unknown motherboard 'B850M-C' for chip_id=1 (bus_id=0x2) — falling back to bus_id as tray_id. Add this motherboard and its bus IDs to mobo_to_bus_ids in physical_system_discovery.cpp. (physical_system_discovery.cpp:89)
2026-08-19 07:02:33.846 | warning  |          Always | Unknown motherboard 'B850M-C' for chip_id=2 (bus_id=0x3) — falling back to bus_id as tray_id. Add this motherboard and its bus IDs to mobo_to_bus_ids in physical_system_discovery.cpp. (physical_system_discovery.cpp:89)
2026-08-19 07:02:33.846 | warning  |          Always | Unknown motherboard 'B850M-C' for chip_id=3 (bus_id=0x4) — falling back to bus_id as tray_id. Add this motherboard and its bus IDs to mobo_to_bus_ids in physical_system_discovery.cpp. (physical_system_discovery.cpp:89)
2026-08-19 07:02:33.846 | warning  |          Always | Unknown motherboard 'B850M-C' for chip_id=1 (bus_id=0x2) — falling back to bus_id as tray_id. Add this motherboard and its bus IDs to mobo_to_bus_ids in physical_system_discovery.cpp. (physical_system_discovery.cpp:89)
2026-08-19 07:02:33.846 | warning  |          Always | Unknown motherboard 'B850M-C' for chip_id=0 (bus_id=0x1) — falling back to bus_id as tray_id. Add this motherboard and its bus IDs to mobo_to_bus_ids in physical_system_discovery.cpp. (physical_system_discovery.cpp:89)
2026-08-19 07:02:33.846 | warning  |          Always | Unknown motherboard 'B850M-C' for chip_id=2 (bus_id=0x3) — falling back to bus_id as tray_id. Add this motherboard and its bus IDs to mobo_to_bus_ids in physical_system_discovery.cpp. (physical_system_discovery.cpp:89)
2026-08-19 07:02:33.846 | warning  |          Always | Unknown motherboard 'B850M-C' for chip_id=3 (bus_id=0x4) — falling back to bus_id as tray_id. Add this motherboard and its bus IDs to mobo_to_bus_ids in physical_system_discovery.cpp. (physical_system_discovery.cpp:89)
2026-08-19 07:02:33.846 | info     |          Fabric | Logical multi-mesh adjacency: intermesh degree histogram {0:1}; intra-mesh degree histograms mesh0 {2:4} (topology_mapper_utils.cpp:2342)
2026-08-19 07:02:33.846 | info     |          Fabric | Physical multi-mesh adjacency: intermesh degree histogram {0:1}; intra-mesh degree histograms mesh0 {2:4} (topology_mapper_utils.cpp:2350)
2026-08-19 07:02:33.847 | DEBUG    | ttnn.device:__init__:152 - Using default dispatch core type for this system: DispatchCoreType.WORKER
2026-08-19 07:02:33.847 | DEBUG    | ttnn.device:__init__:154 - Using default dispatch core axis for this system: DispatchCoreAxis.COL
2026-08-19 07:02:33.926 | info     |           Metal | Profiler started on device 0 (profiler_initializer.cpp:49)
2026-08-19 07:02:33.955 | info     |           Metal | Profiler started on device 1 (profiler_initializer.cpp:49)
2026-08-19 07:02:33.984 | info     |           Metal | Profiler started on device 2 (profiler_initializer.cpp:49)
2026-08-19 07:02:34.015 | info     |           Metal | Profiler started on device 3 (profiler_initializer.cpp:49)
2026-08-19 07:02:34.015 | info     |           Metal | Initializing Fabric (fabric_firmware_initializer.cpp:288)
2026-08-19 07:02:34.025 | info     |           Metal | Fabric initialized on Device 0 (device.cpp:429)
2026-08-19 07:02:34.026 | info     |           Metal | Fabric initialized on Device 1 (device.cpp:429)
2026-08-19 07:02:34.026 | info     |           Metal | Fabric initialized on Device 2 (device.cpp:429)
2026-08-19 07:02:34.027 | info     |           Metal | Fabric initialized on Device 3 (device.cpp:429)
2026-08-19 07:02:34.027 | info     |           Metal | Fabric initialized on 4 devices (fabric_firmware_initializer.cpp:435)
2026-08-19 07:02:34.027 | info     |           Metal | Fabric Initialized with config FabricConfig::FABRIC_1D_RING (fabric_firmware_initializer.cpp:305)
2026-08-19 07:02:34.644 | info     |           Metal | [Real-time profiler] Device 3 sync complete: 100 samples, frequency=1.349989 GHz, device_time_at_sync=4280439519628 cycles (realtime_profiler_manager.cpp:1127)
2026-08-19 07:02:34.645 | info     |           Metal | [Real-time profiler] Device 1 sync complete: 100 samples, frequency=1.349985 GHz, device_time_at_sync=4276691029039 cycles (realtime_profiler_manager.cpp:1127)
2026-08-19 07:02:34.652 | info     |           Metal | [Real-time profiler] Device 2 sync complete: 100 samples, frequency=1.349985 GHz, device_time_at_sync=4278554407621 cycles (realtime_profiler_manager.cpp:1127)
2026-08-19 07:02:43.548 | INFO     | tracy:signpost:49 - MC_FULL_DECODE
2026-08-19 07:02:43.549 | INFO     | tracy:signpost:49 - MC_FULL_DECODE_END
BASE_FULL_DECODE traced_wall_ms=1.221 output_shape=(1, 1, 1, 2048)
MC_FULL_DECODE traced_wall_ms=1.152 output_shape=(1, 1, 1, 2048)
PASSED

=============================== warnings summary ===============================
<frozen importlib._bootstrap>:488
  <frozen importlib._bootstrap>:488: DeprecationWarning: builtin type SwigPyPacked has no __module__ attribute

<frozen importlib._bootstrap>:488
  <frozen importlib._bootstrap>:488: DeprecationWarning: builtin type SwigPyObject has no __module__ attribute

-- Docs: https://docs.pytest.org/en/stable/how-to/capture-warnings.html
==================================== PASSES ====================================
- generated xml file: /localdev/vkovacevic/tt-metal/generated/test_reports/most_recent_tests.xml -
============================== slowest durations ===============================
30.51s call     models/autoports/qwen_qwen3_6_35b_a3b/tests/test_multichip_decoder.py::test_perf_qwen36_multichip_linear_prefill_vs_optimized
28.42s call     models/autoports/qwen_qwen3_6_35b_a3b/tests/test_multichip_decoder.py::test_perf_qwen36_multichip_full_prefill_vs_optimized
27.53s call     models/autoports/qwen_qwen3_6_35b_a3b/tests/test_multichip_decoder.py::test_perf_qwen36_multichip_linear_decode_vs_optimized
27.34s call     models/autoports/qwen_qwen3_6_35b_a3b/tests/test_multichip_decoder.py::test_perf_qwen36_multichip_full_decode_vs_optimized
0.00s teardown models/autoports/qwen_qwen3_6_35b_a3b/tests/test_multichip_decoder.py::test_perf_qwen36_multichip_full_decode_vs_optimized
0.00s teardown models/autoports/qwen_qwen3_6_35b_a3b/tests/test_multichip_decoder.py::test_perf_qwen36_multichip_full_prefill_vs_optimized
0.00s teardown models/autoports/qwen_qwen3_6_35b_a3b/tests/test_multichip_decoder.py::test_perf_qwen36_multichip_linear_prefill_vs_optimized
0.00s teardown models/autoports/qwen_qwen3_6_35b_a3b/tests/test_multichip_decoder.py::test_perf_qwen36_multichip_linear_decode_vs_optimized
0.00s setup    models/autoports/qwen_qwen3_6_35b_a3b/tests/test_multichip_decoder.py::test_perf_qwen36_multichip_linear_prefill_vs_optimized
0.00s setup    models/autoports/qwen_qwen3_6_35b_a3b/tests/test_multichip_decoder.py::test_perf_qwen36_multichip_full_decode_vs_optimized
0.00s setup    models/autoports/qwen_qwen3_6_35b_a3b/tests/test_multichip_decoder.py::test_perf_qwen36_multichip_full_prefill_vs_optimized
0.00s setup    models/autoports/qwen_qwen3_6_35b_a3b/tests/test_multichip_decoder.py::test_perf_qwen36_multichip_linear_decode_vs_optimized
=========================== short test summary info ============================
PASSED models/autoports/qwen_qwen3_6_35b_a3b/tests/test_multichip_decoder.py::test_perf_qwen36_multichip_linear_prefill_vs_optimized
PASSED models/autoports/qwen_qwen3_6_35b_a3b/tests/test_multichip_decoder.py::test_perf_qwen36_multichip_full_prefill_vs_optimized
PASSED models/autoports/qwen_qwen3_6_35b_a3b/tests/test_multichip_decoder.py::test_perf_qwen36_multichip_linear_decode_vs_optimized
PASSED models/autoports/qwen_qwen3_6_35b_a3b/tests/test_multichip_decoder.py::test_perf_qwen36_multichip_full_decode_vs_optimized
=========== 4 passed, 10 deselected, 2 warnings in 115.14s (0:01:55) ===========
sys:1: DeprecationWarning: builtin type swigvarlink has no __module__ attribute
nanobind: leaked 2 instances!
 - leaked instance 0x7c19e6eb1f98 of type "ttnn._ttnn.device.DispatchCoreConfig"
 - leaked instance 0x7c19e6af9c08 of type "ttnn._ttnn.tensor.CoreRangeSet"
nanobind: leaked 36 types!
 - leaked type "DispatchCoreAxis"
 - leaked type "ttnn._ttnn.device.SubDeviceManagerId"
 - leaked type "MathFidelity"
 - leaked type "ttnn._ttnn.operations.matmul.MatmulMultiCoreReuseMultiCast1DProgramConfig"
 - leaked type "ttnn._ttnn.operations.matmul.MatmulInputs"
 - leaked type "ttnn._ttnn.operations.matmul.MatmulMultiCoreReuseMultiCastBatchedDRAMShardedProgramConfig"
 - leaked type "BufferType"
 - leaked type "UnaryOpType"
 - leaked type "Layout"
 - leaked type "ttnn._ttnn.operations.matmul.MatmulMultiCoreReuseOptimizedProgramFactory"
 - ... skipped remainder
nanobind: leaked 305 functions!
 - leaked function ""
 - leaked function ""
 - leaked function ""
 - leaked function "get_submeshes"
 - leaked function ""
 - leaked function ""
 - leaked function ""
 - leaked function "storage_type"
 - leaked function "quiesce_devices"
 - leaked function "__init__"
 - ... skipped remainder
nanobind: this is likely caused by a reference counting issue in the binding code.
See https://nanobind.readthedocs.io/en/latest/refleaks.html2026-08-19 07:02:48.521 | info     |    BuildKernels | JIT cache stats: 909/909 hits (100.0%) [909 cached, 3173 build-once dedup, 0 merged artifacts, 0 merged genfiles] (build_cache_telemetry.cpp:207)
2026-08-19 07:02:48.521 | info     |    BuildKernels | JIT telemetry: 3 registered TelemetryTokens (build_cache_telemetry.cpp:230)
2026-08-19 07:02:48.535 | info     |          Device | Closing user mode device drivers (tt_cluster.cpp:512)
2026-08-19 07:02:48.535 | info     |             UMD | Closing devices in cluster (cluster.cpp:1037)
2026-08-19 07:02:49.086 | info     |             UMD | Closing devices in cluster completed. (cluster.cpp:1046)
2026-08-19 07:02:49.087 | info     |             UMD | Cluster destructor started. (cluster.cpp:754)
2026-08-19 07:02:49.087 | info     |             UMD | Cluster destructor completed. (cluster.cpp:757)

Timer resolution: 0 ns

Frames: 2
Time span: 54:59.2
Zones: 23,610,509
Elapsed time: 1:59.1
Saving trace... done!
Trace size 218.5 MB (19.02% ratio)
2026-08-19 07:02:51.102 | INFO     | __main__:main:452 - Copying /localdev/vkovacevic/tt-metal/generated/profiler/.logs/tracy_profile_log_host.tracy to /localdev/vkovacevic/tt-metal/build/profiler/build_wasm/traces/python_2026_08_19_07_02_51.tracy
2026-08-19 07:02:51.109 | INFO     | __main__:main:455 - Copied /localdev/vkovacevic/tt-metal/generated/profiler/.logs/tracy_profile_log_host.tracy to /localdev/vkovacevic/tt-metal/build/profiler/build_wasm/traces/python_2026_08_19_07_02_51.tracy
2026-08-19 07:02:51.109 | INFO     | __main__:main:464 - embed.tracy -> traces/python_2026_08_19_07_02_51.tracy
2026-08-19 07:02:51.109 | INFO     | tracy.serve_wasm:launch_server_subprocess:284 - Launching tracy web app GUI server subprocess...
2026-08-19 07:02:51.109 | INFO     | tracy.serve_wasm:launch_server_subprocess:287 - Tracy WASM web UI (open in browser): http://localhost:8080/ (WebSocket for live reload: ws://localhost:8081/)
2026-08-19 07:02:51.109 | INFO     | tracy.serve_wasm:launch_server_subprocess:294 - Tracy WASM server already serving port 8080; reusing it (live-reload refreshes the browser).
2026-08-19 07:02:58.902 | INFO     | tracy:generate_report:162 - Host side ops time report generated at models/autoports/qwen_qwen3_6_35b_a3b/doc/optimized_multichip_decoder/tracy/final_raw/.logs/tracy_ops_times.csv
2026-08-19 07:02:59.254 | INFO     | tracy:generate_report:173 - Host side ops data report generated at models/autoports/qwen_qwen3_6_35b_a3b/doc/optimized_multichip_decoder/tracy/final_raw/.logs/tracy_ops_data.csv
2026-08-19 07:02:59.254 | INFO     | tracy.process_ops_logs:import_tracy_op_logs:345 - Importing ops logs
/localdev/vkovacevic/tt-metal/tools/tracy/process_ops_logs.py:450: DtypeWarning: Columns (3,4,8) have mixed types. Specify dtype option on import or set low_memory=False.
  df = pd.read_csv(tracyOpTimesLog)
2026-08-19 07:03:22.152 | INFO     | tracy.perf_counter_analysis:get_device_op_data:2140 - Getting device ops
2026-08-19 07:03:22.158 | INFO     | tracy.process_ops_logs:append_device_data:1009 - Appending device data
2026-08-19 07:03:22.158 | WARNING  | tracy.process_ops_logs:append_device_data:1027 - Device perf report cpp_device_perf_report.csv not found in models/autoports/qwen_qwen3_6_35b_a3b/doc/optimized_multichip_decoder/tracy/final_raw/.logs. Falling back to legacy device-log parsing via import_log_run_stats(); this will take longer.
2026-08-19 07:04:30.393 | INFO     | tracy.process_device_log:core_to_device_timeseries:416 - Importing Data For Device Number : 0
2026-08-19 07:04:48.156 | INFO     | tracy.process_device_log:core_to_device_timeseries:416 - Importing Data For Device Number : 1
2026-08-19 07:05:02.211 | INFO     | tracy.process_device_log:core_to_device_timeseries:416 - Importing Data For Device Number : 2
2026-08-19 07:05:10.084 | INFO     | tracy.process_device_log:core_to_device_timeseries:416 - Importing Data For Device Number : 3
2026-08-19 07:11:25.974 | INFO     | tracy.process_ops_logs:generate_reports:1342 - OPs' perf analysis is finished! Generating reports ...
2026-08-19 07:11:25.974 | INFO     | tracy.process_ops_logs:generate_reports:1360 - Copying runtime artifacts
2026-08-19 07:11:26.513 | INFO     | tracy.process_ops_logs:generate_reports:1369 - Generating OPs CSV
2026-08-19 07:11:33.493 | INFO     | tracy.process_ops_logs:generate_reports:1765 - OPs csv generated at: /localdev/vkovacevic/tt-metal/models/autoports/qwen_qwen3_6_35b_a3b/doc/optimized_multichip_decoder/tracy/final_raw/reports/2026_08_19_07_11_25/ops_perf_results_2026_08_19_07_11_25.csv
