2026-07-31 08:20:45.629 | DEBUG    | ttnn:<module>:79 - Initial ttnn.CONFIG:
Config{cache_path=/home/mvasiljevic/.cache/ttnn,model_cache_path=/home/mvasiljevic/.cache/ttnn/models,tmp_dir=/tmp/ttnn,enable_model_cache=false,enable_fast_runtime_mode=true,throw_exception_on_fallback=false,enable_logging=false,enable_graph_report=false,enable_graph_python_stack_traces=false,enable_detailed_buffer_report=false,enable_detailed_tensor_report=false,enable_comparison_mode=false,comparison_mode_should_raise_exception=false,comparison_mode_pcc=0.9999,root_report_path=generated/ttnn/reports,report_name=std::nullopt,std::nullopt}
2026-07-31 08:20:46.771 | info     |          Device | Opening user mode device driver (tt_cluster.cpp:228)
2026-07-31 08:20:46.771 | info     |             UMD | Cluster constructor started. (cluster.cpp:348)
2026-07-31 08:20:46.771 | info     |             UMD | Creating TopologyDiscovery for architecture: blackhole (topology_discovery.cpp:91)
2026-07-31 08:20:46.771 | info     |             UMD | Starting topology discovery. (topology_discovery.cpp:110)
2026-07-31 08:20:46.773 | info     |             UMD | Established firmware bundle version: 19.9.0 (topology_discovery.cpp:569)
2026-07-31 08:20:46.773 | info     |             UMD | Firmware bundle version 19.9.0 on the system is newer than the latest fully tested version 19.5.0 for blackhole architecture. Newest features may not be supported. (topology_discovery.cpp:601)
2026-07-31 08:20:46.777 | info     |             UMD | Completed topology discovery. (topology_discovery.cpp:114)
2026-07-31 08:20:46.857 | info     |             UMD | Opening local chip ids/PCIe ids: {0, 1, 2, 3}/[0, 1, 2, 3] and remote chip ids {} (cluster.cpp:168)
2026-07-31 08:20:46.857 | info     |             UMD | IOMMU: enabled (cluster.cpp:142)
2026-07-31 08:20:46.857 | info     |             UMD | KMD version: 2.10.0 (cluster.cpp:145)
2026-07-31 08:20:46.857 | info     |             UMD | Cluster constructor completed. (cluster.cpp:520)
2026-07-31 08:20:46.858 | info     |             UMD | Starting devices in cluster (cluster.cpp:1024)
2026-07-31 08:20:47.130 | info     |             UMD | Starting devices in cluster completed. (cluster.cpp:1032)
--------------------------------------------------------------------------
It appears as if there is not enough space for /dev/shm/sm_segment.853faf68e2b0.6002.d55f0000.0 (the shared-memory backing
file). It is likely that your MPI job will now either abort or experience
performance degradation.

  Local host:  853faf68e2b0
  Space Requested: 16777216 B
  Space Available: 17551360 B
--------------------------------------------------------------------------
2026-07-31 08:20:47.252 | DEBUG    | ttnn.device:__init__:152 - Using default dispatch core type for this system: DispatchCoreType.WORKER
2026-07-31 08:20:47.252 | DEBUG    | ttnn.device:__init__:154 - Using default dispatch core axis for this system: DispatchCoreAxis.COL
2026-07-31 08:20:47.252 | info     |     Distributed | Using auto discovery to generate mesh graph. (metal_env.cpp:367)
2026-07-31 08:20:47.252 | info     |     Distributed | Constructing control plane using auto-discovery (no mesh graph descriptor). (metal_env.cpp:429)
2026-07-31 08:20:47.252 | warning  |          Always | Unknown motherboard 'B850M-C' for chip_id=0 (bus_id=0x1) — falling back to bus_id as tray_id. Add this motherboard and its bus IDs to mobo_to_bus_ids in physical_system_discovery.cpp. (physical_system_discovery.cpp:89)
2026-07-31 08:20:47.252 | warning  |          Always | Unknown motherboard 'B850M-C' for chip_id=1 (bus_id=0x2) — falling back to bus_id as tray_id. Add this motherboard and its bus IDs to mobo_to_bus_ids in physical_system_discovery.cpp. (physical_system_discovery.cpp:89)
2026-07-31 08:20:47.252 | warning  |          Always | Unknown motherboard 'B850M-C' for chip_id=2 (bus_id=0x3) — falling back to bus_id as tray_id. Add this motherboard and its bus IDs to mobo_to_bus_ids in physical_system_discovery.cpp. (physical_system_discovery.cpp:89)
2026-07-31 08:20:47.252 | warning  |          Always | Unknown motherboard 'B850M-C' for chip_id=3 (bus_id=0x4) — falling back to bus_id as tray_id. Add this motherboard and its bus IDs to mobo_to_bus_ids in physical_system_discovery.cpp. (physical_system_discovery.cpp:89)
2026-07-31 08:20:47.252 | warning  |          Always | Unknown motherboard 'B850M-C' for chip_id=1 (bus_id=0x2) — falling back to bus_id as tray_id. Add this motherboard and its bus IDs to mobo_to_bus_ids in physical_system_discovery.cpp. (physical_system_discovery.cpp:89)
2026-07-31 08:20:47.252 | warning  |          Always | Unknown motherboard 'B850M-C' for chip_id=0 (bus_id=0x1) — falling back to bus_id as tray_id. Add this motherboard and its bus IDs to mobo_to_bus_ids in physical_system_discovery.cpp. (physical_system_discovery.cpp:89)
2026-07-31 08:20:47.252 | warning  |          Always | Unknown motherboard 'B850M-C' for chip_id=2 (bus_id=0x3) — falling back to bus_id as tray_id. Add this motherboard and its bus IDs to mobo_to_bus_ids in physical_system_discovery.cpp. (physical_system_discovery.cpp:89)
2026-07-31 08:20:47.252 | warning  |          Always | Unknown motherboard 'B850M-C' for chip_id=3 (bus_id=0x4) — falling back to bus_id as tray_id. Add this motherboard and its bus IDs to mobo_to_bus_ids in physical_system_discovery.cpp. (physical_system_discovery.cpp:89)
2026-07-31 08:20:47.252 | info     |          Fabric | Logical multi-mesh adjacency: intermesh degree histogram {0:1}; intra-mesh degree histograms mesh0 {2:4} (topology_mapper_utils.cpp:2342)
2026-07-31 08:20:47.252 | info     |          Fabric | Physical multi-mesh adjacency: intermesh degree histogram {0:1}; intra-mesh degree histograms mesh0 {2:4} (topology_mapper_utils.cpp:2350)
2026-07-31 08:20:47.257 | info     |    BuildKernels | Using pre-compiled firmware from: /home/mvasiljevic/tt-metal/tt_metal/pre-compiled/13793420398762238087/ (build_env_manager.cpp:347)
2026-07-31 08:20:47.258 | info     |    BuildKernels | Using pre-compiled firmware from: /home/mvasiljevic/tt-metal/tt_metal/pre-compiled/13793420398762238087/ (build_env_manager.cpp:347)
2026-07-31 08:20:47.258 | info     |    BuildKernels | Using pre-compiled firmware from: /home/mvasiljevic/tt-metal/tt_metal/pre-compiled/13793420398762238087/ (build_env_manager.cpp:347)
2026-07-31 08:20:47.258 | info     |    BuildKernels | Using pre-compiled firmware from: /home/mvasiljevic/tt-metal/tt_metal/pre-compiled/13793420398762238087/ (build_env_manager.cpp:347)
2026-07-31 08:20:47.286 | warning  |           Metal | Opening subset of mmio devices slows down UMD read/write to remote chips. If opening more devices, consider using CreateDevices API. (device_manager.cpp:261)
2026-07-31 08:20:47.325 | info     |           Metal | ShmResourceTracker: removed orphaned shm '/tt_device_154095680356416_memory' (shm_resource_tracker.cpp:282)
2026-07-31 08:20:47.904 | info     |           Metal | [Real-time profiler] Device 3 sync complete: 100 samples, frequency=1.349990 GHz, device_time_at_sync=180398756411303 cycles (realtime_profiler_manager.cpp:1127)
2026-07-31 08:20:48.352 | INFO     | tracy:signpost:49 - PERF_DECODE
2026-07-31 08:20:48.353 | INFO     | tracy:signpost:49 - PERF_DECODE_END
{
  "mean_ms": 0.5301396595314145,
  "min_ms": 0.5276940064504743,
  "samples_ms": [
    0.5322829820215702,
    0.5325740203261375,
    0.5305189988575876,
    0.5281050107441843,
    0.5301900091581047,
    0.5289469845592976,
    0.5327439866960049,
    0.5285770166665316,
    0.528234988451004,
    0.5301089840941131,
    0.5293970461934805,
    0.53024897351861,
    0.5294079892337322,
    0.5298089818097651,
    0.529276963789016,
    0.5318429903127253,
    0.52890699589625,
    0.5290870321914554,
    0.5299589829519391,
    0.5287969834171236,
    0.5337560432963073,
    0.5285959923639894,
    0.530590012203902,
    0.5299080512486398,
    0.5298280157148838,
    0.5284660146571696,
    0.5289969849400222,
    0.5299380281940103,
    0.5276940064504743,
    0.5316919996403158,
    0.5300689954310656,
    0.5294170114211738,
    0.5283659556880593,
    0.5352789885364473,
    0.5396369961090386,
    0.5284060025587678,
    0.5309110274538398,
    0.5278149619698524,
    0.5285759689286351,
    0.5298489704728127,
    0.529698038008064,
    0.5310710403136909,
    0.5297589814290404,
    0.5310300039127469,
    0.529507000464946,
    0.5310809938237071,
    0.5294280126690865,
    0.5289359833113849,
    0.5309099797159433,
    0.528756994754076
  ],
  "mode": "decode",
  "batch": 1,
  "sequence": 1,
  "layer": 4,
  "model_revision": "d11e61a842617a22dc328552fa5bb86231ee4f37"
}
nanobind: leaked 1 instances!
 - leaked instance 0x784c84300828 of type "ttnn._ttnn.tensor.CoreRangeSet"
nanobind: leaked 13 types!
 - leaked type "ttnn._ttnn.operations.matmul.MatmulMultiCoreReuseMultiCast1DProgramConfig"
 - leaked type "ttnn._ttnn.operations.matmul.MatmulInputs"
 - leaked type "ttnn._ttnn.operations.matmul.MatmulMultiCoreReuseMultiCastBatchedDRAMShardedProgramConfig"
 - leaked type "UnaryOpType"
 - leaked type "ttnn._ttnn.operations.matmul.MatmulMultiCoreReuseOptimizedProgramFactory"
 - leaked type "ttnn._ttnn.operations.matmul.MatmulParams"
 - leaked type "ttnn._ttnn.tensor.CoreRangeSet"
 - leaked type "ttnn._ttnn.operations.matmul.MatmulMultiCoreReuseProgramConfig"
 - leaked type "ttnn._ttnn.operations.matmul.MatmulDeviceOperation"
 - leaked type "ttnn._ttnn.tensor.Tensor"
 - ... skipped remainder
nanobind: leaked 199 functions!
 - leaked function "to_json"
 - leaked function ""
 - leaked function "get_current_command_queue_id_for_thread"
 - leaked function ""
 - leaked function "__ne__"
 - leaked function "is_sharded"
 - leaked function ""
 - leaked function ""
 - leaked function ""
 - leaked function "__repr__"
 - ... skipped remainder
nanobind: this is likely caused by a reference counting issue in the binding code.
See https://nanobind.readthedocs.io/en/latest/refleaks.html2026-07-31 08:20:49.300 | info     |    BuildKernels | JIT cache stats: 222/222 hits (100.0%) [222 cached, 31 build-once dedup, 0 merged artifacts, 0 merged genfiles] (build_cache_telemetry.cpp:207)
2026-07-31 08:20:49.300 | info     |    BuildKernels | JIT telemetry: 3 registered TelemetryTokens (build_cache_telemetry.cpp:230)
2026-07-31 08:20:49.312 | info     |          Device | Closing user mode device drivers (tt_cluster.cpp:512)
2026-07-31 08:20:49.312 | info     |             UMD | Closing devices in cluster (cluster.cpp:1037)
2026-07-31 08:20:49.736 | info     |             UMD | Closing devices in cluster completed. (cluster.cpp:1046)
2026-07-31 08:20:49.736 | info     |             UMD | Cluster destructor started. (cluster.cpp:754)
2026-07-31 08:20:49.736 | info     |             UMD | Cluster destructor completed. (cluster.cpp:757)
