2026-07-31 08:20:57.649 | DEBUG    | ttnn:<module>:79 - Initial ttnn.CONFIG:
Config{cache_path=/home/mvasiljevic/.cache/ttnn,model_cache_path=/home/mvasiljevic/.cache/ttnn/models,tmp_dir=/tmp/ttnn,enable_model_cache=false,enable_fast_runtime_mode=true,throw_exception_on_fallback=false,enable_logging=false,enable_graph_report=false,enable_graph_python_stack_traces=false,enable_detailed_buffer_report=false,enable_detailed_tensor_report=false,enable_comparison_mode=false,comparison_mode_should_raise_exception=false,comparison_mode_pcc=0.9999,root_report_path=generated/ttnn/reports,report_name=std::nullopt,std::nullopt}
2026-07-31 08:20:58.799 | info     |          Device | Opening user mode device driver (tt_cluster.cpp:228)
2026-07-31 08:20:58.799 | info     |             UMD | Cluster constructor started. (cluster.cpp:348)
2026-07-31 08:20:58.799 | info     |             UMD | Creating TopologyDiscovery for architecture: blackhole (topology_discovery.cpp:91)
2026-07-31 08:20:58.799 | info     |             UMD | Starting topology discovery. (topology_discovery.cpp:110)
2026-07-31 08:20:58.801 | info     |             UMD | Established firmware bundle version: 19.9.0 (topology_discovery.cpp:569)
2026-07-31 08:20:58.801 | info     |             UMD | Firmware bundle version 19.9.0 on the system is newer than the latest fully tested version 19.5.0 for blackhole architecture. Newest features may not be supported. (topology_discovery.cpp:601)
2026-07-31 08:20:58.805 | info     |             UMD | Completed topology discovery. (topology_discovery.cpp:114)
2026-07-31 08:20:58.885 | info     |             UMD | Opening local chip ids/PCIe ids: {0, 1, 2, 3}/[0, 1, 2, 3] and remote chip ids {} (cluster.cpp:168)
2026-07-31 08:20:58.885 | info     |             UMD | IOMMU: enabled (cluster.cpp:142)
2026-07-31 08:20:58.885 | info     |             UMD | KMD version: 2.10.0 (cluster.cpp:145)
2026-07-31 08:20:58.885 | info     |             UMD | Cluster constructor completed. (cluster.cpp:520)
2026-07-31 08:20:58.886 | info     |             UMD | Starting devices in cluster (cluster.cpp:1024)
2026-07-31 08:20:59.132 | info     |             UMD | Starting devices in cluster completed. (cluster.cpp:1032)
--------------------------------------------------------------------------
It appears as if there is not enough space for /dev/shm/sm_segment.853faf68e2b0.6002.de0f0000.0 (the shared-memory backing
file). It is likely that your MPI job will now either abort or experience
performance degradation.

  Local host:  853faf68e2b0
  Space Requested: 16777216 B
  Space Available: 17551360 B
--------------------------------------------------------------------------
2026-07-31 08:20:59.251 | DEBUG    | ttnn.device:__init__:152 - Using default dispatch core type for this system: DispatchCoreType.WORKER
2026-07-31 08:20:59.251 | DEBUG    | ttnn.device:__init__:154 - Using default dispatch core axis for this system: DispatchCoreAxis.COL
2026-07-31 08:20:59.251 | info     |     Distributed | Using auto discovery to generate mesh graph. (metal_env.cpp:367)
2026-07-31 08:20:59.251 | info     |     Distributed | Constructing control plane using auto-discovery (no mesh graph descriptor). (metal_env.cpp:429)
2026-07-31 08:20:59.251 | warning  |          Always | Unknown motherboard 'B850M-C' for chip_id=0 (bus_id=0x1) — falling back to bus_id as tray_id. Add this motherboard and its bus IDs to mobo_to_bus_ids in physical_system_discovery.cpp. (physical_system_discovery.cpp:89)
2026-07-31 08:20:59.251 | warning  |          Always | Unknown motherboard 'B850M-C' for chip_id=1 (bus_id=0x2) — falling back to bus_id as tray_id. Add this motherboard and its bus IDs to mobo_to_bus_ids in physical_system_discovery.cpp. (physical_system_discovery.cpp:89)
2026-07-31 08:20:59.251 | warning  |          Always | Unknown motherboard 'B850M-C' for chip_id=2 (bus_id=0x3) — falling back to bus_id as tray_id. Add this motherboard and its bus IDs to mobo_to_bus_ids in physical_system_discovery.cpp. (physical_system_discovery.cpp:89)
2026-07-31 08:20:59.251 | warning  |          Always | Unknown motherboard 'B850M-C' for chip_id=3 (bus_id=0x4) — falling back to bus_id as tray_id. Add this motherboard and its bus IDs to mobo_to_bus_ids in physical_system_discovery.cpp. (physical_system_discovery.cpp:89)
2026-07-31 08:20:59.251 | warning  |          Always | Unknown motherboard 'B850M-C' for chip_id=1 (bus_id=0x2) — falling back to bus_id as tray_id. Add this motherboard and its bus IDs to mobo_to_bus_ids in physical_system_discovery.cpp. (physical_system_discovery.cpp:89)
2026-07-31 08:20:59.251 | warning  |          Always | Unknown motherboard 'B850M-C' for chip_id=0 (bus_id=0x1) — falling back to bus_id as tray_id. Add this motherboard and its bus IDs to mobo_to_bus_ids in physical_system_discovery.cpp. (physical_system_discovery.cpp:89)
2026-07-31 08:20:59.251 | warning  |          Always | Unknown motherboard 'B850M-C' for chip_id=2 (bus_id=0x3) — falling back to bus_id as tray_id. Add this motherboard and its bus IDs to mobo_to_bus_ids in physical_system_discovery.cpp. (physical_system_discovery.cpp:89)
2026-07-31 08:20:59.251 | warning  |          Always | Unknown motherboard 'B850M-C' for chip_id=3 (bus_id=0x4) — falling back to bus_id as tray_id. Add this motherboard and its bus IDs to mobo_to_bus_ids in physical_system_discovery.cpp. (physical_system_discovery.cpp:89)
2026-07-31 08:20:59.251 | info     |          Fabric | Logical multi-mesh adjacency: intermesh degree histogram {0:1}; intra-mesh degree histograms mesh0 {2:4} (topology_mapper_utils.cpp:2342)
2026-07-31 08:20:59.251 | info     |          Fabric | Physical multi-mesh adjacency: intermesh degree histogram {0:1}; intra-mesh degree histograms mesh0 {2:4} (topology_mapper_utils.cpp:2350)
2026-07-31 08:20:59.257 | info     |    BuildKernels | Using pre-compiled firmware from: /home/mvasiljevic/tt-metal/tt_metal/pre-compiled/13793420398762238087/ (build_env_manager.cpp:347)
2026-07-31 08:20:59.257 | info     |    BuildKernels | Using pre-compiled firmware from: /home/mvasiljevic/tt-metal/tt_metal/pre-compiled/13793420398762238087/ (build_env_manager.cpp:347)
2026-07-31 08:20:59.257 | info     |    BuildKernels | Using pre-compiled firmware from: /home/mvasiljevic/tt-metal/tt_metal/pre-compiled/13793420398762238087/ (build_env_manager.cpp:347)
2026-07-31 08:20:59.257 | info     |    BuildKernels | Using pre-compiled firmware from: /home/mvasiljevic/tt-metal/tt_metal/pre-compiled/13793420398762238087/ (build_env_manager.cpp:347)
2026-07-31 08:20:59.285 | warning  |           Metal | Opening subset of mmio devices slows down UMD read/write to remote chips. If opening more devices, consider using CreateDevices API. (device_manager.cpp:261)
2026-07-31 08:20:59.324 | info     |           Metal | ShmResourceTracker: removed orphaned shm '/tt_device_154095680356416_memory' (shm_resource_tracker.cpp:282)
2026-07-31 08:20:59.904 | info     |           Metal | [Real-time profiler] Device 3 sync complete: 100 samples, frequency=1.349986 GHz, device_time_at_sync=180411152996138 cycles (realtime_profiler_manager.cpp:1127)
2026-07-31 08:21:00.419 | INFO     | tracy:signpost:49 - PERF_PREFILL
2026-07-31 08:21:00.428 | INFO     | tracy:signpost:49 - PERF_PREFILL_END
{
  "mean_ms": 8.124653945560567,
  "min_ms": 7.975510961841792,
  "samples_ms": [
    8.184619946405292,
    7.975510961841792,
    8.070282055996358,
    8.021108980756253,
    8.190691005438566,
    8.280362002551556,
    8.210517989937216,
    8.201071002986282,
    8.115538046695292,
    8.073527947999537,
    8.078769023995847,
    7.980650989338756,
    8.250374987255782,
    8.254442014731467,
    8.244363008998334,
    8.166755957063287,
    8.023162023164332,
    8.111000002827495,
    8.025816990993917,
    8.034513972233981
  ],
  "mode": "prefill",
  "batch": 1,
  "sequence": 128,
  "layer": 1,
  "model_revision": "d11e61a842617a22dc328552fa5bb86231ee4f37"
}
nanobind: leaked 1 instances!
 - leaked instance 0x756261d84798 of type "ttnn._ttnn.tensor.CoreRangeSet"
nanobind: leaked 13 types!
 - leaked type "ttnn._ttnn.operations.matmul.MatmulMultiCoreReuseMultiCast1DProgramConfig"
 - leaked type "ttnn._ttnn.operations.matmul.MatmulInputs"
 - leaked type "ttnn._ttnn.operations.matmul.MatmulMultiCoreReuseMultiCastBatchedDRAMShardedProgramConfig"
 - leaked type "UnaryOpType"
 - leaked type "ttnn._ttnn.operations.matmul.MatmulMultiCoreReuseOptimizedProgramFactory"
 - leaked type "ttnn._ttnn.operations.matmul.MatmulParams"
 - leaked type "ttnn._ttnn.tensor.CoreRangeSet"
 - leaked type "ttnn._ttnn.operations.matmul.MatmulMultiCoreReuseProgramConfig"
 - leaked type "ttnn._ttnn.operations.matmul.MatmulDeviceOperation"
 - leaked type "ttnn._ttnn.tensor.Tensor"
 - ... skipped remainder
nanobind: leaked 199 functions!
 - leaked function ""
 - leaked function ""
 - leaked function "from_json"
 - leaked function ""
 - leaked function ""
 - leaked function "merge"
 - leaked function "__init__"
 - leaked function ""
 - leaked function "get_layout"
 - leaked function "buffer_page_size"
 - ... skipped remainder
nanobind: this is likely caused by a reference counting issue in the binding code.
See https://nanobind.readthedocs.io/en/latest/refleaks.html2026-07-31 08:21:01.459 | info     |    BuildKernels | JIT cache stats: 226/226 hits (100.0%) [226 cached, 26 build-once dedup, 0 merged artifacts, 0 merged genfiles] (build_cache_telemetry.cpp:207)
2026-07-31 08:21:01.459 | info     |    BuildKernels | JIT telemetry: 3 registered TelemetryTokens (build_cache_telemetry.cpp:230)
2026-07-31 08:21:01.471 | info     |          Device | Closing user mode device drivers (tt_cluster.cpp:512)
2026-07-31 08:21:01.471 | info     |             UMD | Closing devices in cluster (cluster.cpp:1037)
2026-07-31 08:21:01.937 | info     |             UMD | Closing devices in cluster completed. (cluster.cpp:1046)
2026-07-31 08:21:01.937 | info     |             UMD | Cluster destructor started. (cluster.cpp:754)
2026-07-31 08:21:01.937 | info     |             UMD | Cluster destructor completed. (cluster.cpp:757)
