2026-07-31 08:20:33.496 | DEBUG    | ttnn:<module>:79 - Initial ttnn.CONFIG:
Config{cache_path=/home/mvasiljevic/.cache/ttnn,model_cache_path=/home/mvasiljevic/.cache/ttnn/models,tmp_dir=/tmp/ttnn,enable_model_cache=false,enable_fast_runtime_mode=true,throw_exception_on_fallback=false,enable_logging=false,enable_graph_report=false,enable_graph_python_stack_traces=false,enable_detailed_buffer_report=false,enable_detailed_tensor_report=false,enable_comparison_mode=false,comparison_mode_should_raise_exception=false,comparison_mode_pcc=0.9999,root_report_path=generated/ttnn/reports,report_name=std::nullopt,std::nullopt}
2026-07-31 08:20:34.696 | info     |          Device | Opening user mode device driver (tt_cluster.cpp:228)
2026-07-31 08:20:34.696 | info     |             UMD | Cluster constructor started. (cluster.cpp:348)
2026-07-31 08:20:34.696 | info     |             UMD | Creating TopologyDiscovery for architecture: blackhole (topology_discovery.cpp:91)
2026-07-31 08:20:34.696 | info     |             UMD | Starting topology discovery. (topology_discovery.cpp:110)
2026-07-31 08:20:34.698 | info     |             UMD | Established firmware bundle version: 19.9.0 (topology_discovery.cpp:569)
2026-07-31 08:20:34.698 | info     |             UMD | Firmware bundle version 19.9.0 on the system is newer than the latest fully tested version 19.5.0 for blackhole architecture. Newest features may not be supported. (topology_discovery.cpp:601)
2026-07-31 08:20:34.702 | info     |             UMD | Completed topology discovery. (topology_discovery.cpp:114)
2026-07-31 08:20:34.780 | info     |             UMD | Opening local chip ids/PCIe ids: {0, 1, 2, 3}/[0, 1, 2, 3] and remote chip ids {} (cluster.cpp:168)
2026-07-31 08:20:34.780 | info     |             UMD | IOMMU: enabled (cluster.cpp:142)
2026-07-31 08:20:34.780 | info     |             UMD | KMD version: 2.10.0 (cluster.cpp:145)
2026-07-31 08:20:34.780 | info     |             UMD | Cluster constructor completed. (cluster.cpp:520)
2026-07-31 08:20:34.781 | info     |             UMD | Starting devices in cluster (cluster.cpp:1024)
2026-07-31 08:20:35.029 | info     |             UMD | Starting devices in cluster completed. (cluster.cpp:1032)
--------------------------------------------------------------------------
It appears as if there is not enough space for /dev/shm/sm_segment.853faf68e2b0.6002.b7950000.0 (the shared-memory backing
file). It is likely that your MPI job will now either abort or experience
performance degradation.

  Local host:  853faf68e2b0
  Space Requested: 16777216 B
  Space Available: 17539072 B
--------------------------------------------------------------------------
2026-07-31 08:20:35.151 | DEBUG    | ttnn.device:__init__:152 - Using default dispatch core type for this system: DispatchCoreType.WORKER
2026-07-31 08:20:35.151 | DEBUG    | ttnn.device:__init__:154 - Using default dispatch core axis for this system: DispatchCoreAxis.COL
2026-07-31 08:20:35.151 | info     |     Distributed | Using auto discovery to generate mesh graph. (metal_env.cpp:367)
2026-07-31 08:20:35.151 | info     |     Distributed | Constructing control plane using auto-discovery (no mesh graph descriptor). (metal_env.cpp:429)
2026-07-31 08:20:35.151 | warning  |          Always | Unknown motherboard 'B850M-C' for chip_id=0 (bus_id=0x1) — falling back to bus_id as tray_id. Add this motherboard and its bus IDs to mobo_to_bus_ids in physical_system_discovery.cpp. (physical_system_discovery.cpp:89)
2026-07-31 08:20:35.151 | warning  |          Always | Unknown motherboard 'B850M-C' for chip_id=1 (bus_id=0x2) — falling back to bus_id as tray_id. Add this motherboard and its bus IDs to mobo_to_bus_ids in physical_system_discovery.cpp. (physical_system_discovery.cpp:89)
2026-07-31 08:20:35.151 | warning  |          Always | Unknown motherboard 'B850M-C' for chip_id=2 (bus_id=0x3) — falling back to bus_id as tray_id. Add this motherboard and its bus IDs to mobo_to_bus_ids in physical_system_discovery.cpp. (physical_system_discovery.cpp:89)
2026-07-31 08:20:35.151 | warning  |          Always | Unknown motherboard 'B850M-C' for chip_id=3 (bus_id=0x4) — falling back to bus_id as tray_id. Add this motherboard and its bus IDs to mobo_to_bus_ids in physical_system_discovery.cpp. (physical_system_discovery.cpp:89)
2026-07-31 08:20:35.151 | warning  |          Always | Unknown motherboard 'B850M-C' for chip_id=1 (bus_id=0x2) — falling back to bus_id as tray_id. Add this motherboard and its bus IDs to mobo_to_bus_ids in physical_system_discovery.cpp. (physical_system_discovery.cpp:89)
2026-07-31 08:20:35.151 | warning  |          Always | Unknown motherboard 'B850M-C' for chip_id=0 (bus_id=0x1) — falling back to bus_id as tray_id. Add this motherboard and its bus IDs to mobo_to_bus_ids in physical_system_discovery.cpp. (physical_system_discovery.cpp:89)
2026-07-31 08:20:35.151 | warning  |          Always | Unknown motherboard 'B850M-C' for chip_id=2 (bus_id=0x3) — falling back to bus_id as tray_id. Add this motherboard and its bus IDs to mobo_to_bus_ids in physical_system_discovery.cpp. (physical_system_discovery.cpp:89)
2026-07-31 08:20:35.151 | warning  |          Always | Unknown motherboard 'B850M-C' for chip_id=3 (bus_id=0x4) — falling back to bus_id as tray_id. Add this motherboard and its bus IDs to mobo_to_bus_ids in physical_system_discovery.cpp. (physical_system_discovery.cpp:89)
2026-07-31 08:20:35.151 | info     |          Fabric | Logical multi-mesh adjacency: intermesh degree histogram {0:1}; intra-mesh degree histograms mesh0 {2:4} (topology_mapper_utils.cpp:2342)
2026-07-31 08:20:35.151 | info     |          Fabric | Physical multi-mesh adjacency: intermesh degree histogram {0:1}; intra-mesh degree histograms mesh0 {2:4} (topology_mapper_utils.cpp:2350)
2026-07-31 08:20:35.157 | info     |    BuildKernels | Using pre-compiled firmware from: /home/mvasiljevic/tt-metal/tt_metal/pre-compiled/13793420398762238087/ (build_env_manager.cpp:347)
2026-07-31 08:20:35.157 | info     |    BuildKernels | Using pre-compiled firmware from: /home/mvasiljevic/tt-metal/tt_metal/pre-compiled/13793420398762238087/ (build_env_manager.cpp:347)
2026-07-31 08:20:35.157 | info     |    BuildKernels | Using pre-compiled firmware from: /home/mvasiljevic/tt-metal/tt_metal/pre-compiled/13793420398762238087/ (build_env_manager.cpp:347)
2026-07-31 08:20:35.157 | info     |    BuildKernels | Using pre-compiled firmware from: /home/mvasiljevic/tt-metal/tt_metal/pre-compiled/13793420398762238087/ (build_env_manager.cpp:347)
2026-07-31 08:20:35.185 | warning  |           Metal | Opening subset of mmio devices slows down UMD read/write to remote chips. If opening more devices, consider using CreateDevices API. (device_manager.cpp:261)
2026-07-31 08:20:35.224 | info     |           Metal | ShmResourceTracker: removed orphaned shm '/tt_device_154095680356416_memory' (shm_resource_tracker.cpp:282)
2026-07-31 08:20:35.804 | info     |           Metal | [Real-time profiler] Device 3 sync complete: 100 samples, frequency=1.349994 GHz, device_time_at_sync=180386186953765 cycles (realtime_profiler_manager.cpp:1127)
2026-07-31 08:20:35.929 | INFO     | tracy:signpost:49 - PERF_DECODE
2026-07-31 08:20:35.929 | INFO     | tracy:signpost:49 - PERF_DECODE_END
{
  "mean_ms": 0.17401743971277028,
  "min_ms": 0.1723380119074136,
  "samples_ms": [
    0.1798930170480162,
    0.17458200454711914,
    0.17951198969967663,
    0.1795710122678429,
    0.17431200831197202,
    0.17350001144222915,
    0.17318999744020402,
    0.17327998648397624,
    0.1730599906295538,
    0.17278900486417115,
    0.17242800095118582,
    0.1723890018183738,
    0.17773802392184734,
    0.17655600095167756,
    0.1737500133458525,
    0.17372998991049826,
    0.1733299868647009,
    0.1807939843274653,
    0.17348999972455204,
    0.17313897842541337,
    0.17389198183082044,
    0.17344998195767403,
    0.1736510021146387,
    0.17417198978364468,
    0.1734200050123036,
    0.17269799718633294,
    0.1734200050123036,
    0.17254898557439446,
    0.17272899276576936,
    0.17287899390794337,
    0.17348999972455204,
    0.17330000991933048,
    0.17350001144222915,
    0.17345999367535114,
    0.17257800209335983,
    0.17439201474189758,
    0.17327000387012959,
    0.17272899276576936,
    0.17426200793124735,
    0.17347000539302826,
    0.17367000691592693,
    0.1739209983497858,
    0.17256897990591824,
    0.17266898066736758,
    0.1723380119074136,
    0.17352000577375293,
    0.1744519977364689,
    0.1732800155878067,
    0.1734200050123036,
    0.1726890041027218
  ],
  "mode": "decode",
  "batch": 1,
  "sequence": 1,
  "layer": 0,
  "model_revision": "d11e61a842617a22dc328552fa5bb86231ee4f37"
}
nanobind: leaked 1 instances!
 - leaked instance 0x7126b56fc8e8 of type "ttnn._ttnn.tensor.CoreRangeSet"
nanobind: leaked 13 types!
 - leaked type "ttnn._ttnn.operations.matmul.MatmulMultiCoreReuseMultiCast1DProgramConfig"
 - leaked type "ttnn._ttnn.operations.matmul.MatmulInputs"
 - leaked type "ttnn._ttnn.operations.matmul.MatmulMultiCoreReuseMultiCastBatchedDRAMShardedProgramConfig"
 - leaked type "UnaryOpType"
 - leaked type "ttnn._ttnn.operations.matmul.MatmulMultiCoreReuseOptimizedProgramFactory"
 - leaked type "ttnn._ttnn.operations.matmul.MatmulParams"
 - leaked type "ttnn._ttnn.tensor.CoreRangeSet"
 - leaked type "ttnn._ttnn.operations.matmul.MatmulMultiCoreReuseProgramConfig"
 - leaked type "ttnn._ttnn.operations.matmul.MatmulDeviceOperation"
 - leaked type "ttnn._ttnn.tensor.Tensor"
 - ... skipped remainder
nanobind: leaked 199 functions!
 - leaked function ""
 - leaked function "__init__"
 - leaked function "extract_shard"
 - leaked function "create_descriptor"
 - leaked function ""
 - leaked function "to_json"
 - leaked function "experimental_per_core_buffer_address"
 - leaked function ""
 - leaked function ""
 - leaked function ""
 - ... skipped remainder
nanobind: this is likely caused by a reference counting issue in the binding code.
See https://nanobind.readthedocs.io/en/latest/refleaks.html2026-07-31 08:20:36.823 | info     |    BuildKernels | JIT cache stats: 159/159 hits (100.0%) [159 cached, 17 build-once dedup, 0 merged artifacts, 0 merged genfiles] (build_cache_telemetry.cpp:207)
2026-07-31 08:20:36.823 | info     |    BuildKernels | JIT telemetry: 3 registered TelemetryTokens (build_cache_telemetry.cpp:230)
2026-07-31 08:20:36.836 | info     |          Device | Closing user mode device drivers (tt_cluster.cpp:512)
2026-07-31 08:20:36.836 | info     |             UMD | Closing devices in cluster (cluster.cpp:1037)
2026-07-31 08:20:37.337 | info     |             UMD | Closing devices in cluster completed. (cluster.cpp:1046)
2026-07-31 08:20:37.337 | info     |             UMD | Cluster destructor started. (cluster.cpp:754)
2026-07-31 08:20:37.337 | info     |             UMD | Cluster destructor completed. (cluster.cpp:757)
