2026-07-31 07:49:28.183 | DEBUG    | ttnn:<module>:79 - Initial ttnn.CONFIG:
Config{cache_path=/home/mvasiljevic/.cache/ttnn,model_cache_path=/home/mvasiljevic/.cache/ttnn/models,tmp_dir=/tmp/ttnn,enable_model_cache=false,enable_fast_runtime_mode=true,throw_exception_on_fallback=false,enable_logging=false,enable_graph_report=false,enable_graph_python_stack_traces=false,enable_detailed_buffer_report=false,enable_detailed_tensor_report=false,enable_comparison_mode=false,comparison_mode_should_raise_exception=false,comparison_mode_pcc=0.9999,root_report_path=generated/ttnn/reports,report_name=std::nullopt,std::nullopt}
============================= test session starts ==============================
platform linux -- Python 3.12.13, pytest-9.0.3, pluggy-1.6.0 -- /home/mvasiljevic/tt-metal/python_env/bin/python3
cachedir: .pytest_cache
benchmark: 5.2.3 (defaults: timer=time.perf_counter disable_gc=False min_rounds=5 min_time=0.000005 max_time=1.0 calibration_precision=10 warmup=False warmup_iterations=100000)
rootdir: /home/mvasiljevic/tt-metal
configfile: pytest.ini
plugins: benchmark-5.2.3, timeout-2.4.0, anyio-4.14.2, cov-7.0.0, dash-2.15.0, split-0.11.0, github-actions-annotate-failures-0.3.0
timeout: 300.0s
timeout method: signal
timeout func_only: False
collecting ... collected 1 item

models/autoports/coherelabs_north_mini_code_1_0/tests/test_optimized_decoder.py::test_selected_policy_real_weight_prefill_and_traced_decode[blackhole-4-mesh_device0] 2026-07-31 07:49:29.555 | info     |          Device | Opening user mode device driver (tt_cluster.cpp:228)
2026-07-31 07:49:29.555 | info     |             UMD | Cluster constructor started. (cluster.cpp:348)
2026-07-31 07:49:29.555 | info     |             UMD | Creating TopologyDiscovery for architecture: blackhole (topology_discovery.cpp:91)
2026-07-31 07:49:29.555 | info     |             UMD | Starting topology discovery. (topology_discovery.cpp:110)
2026-07-31 07:49:29.556 | info     |             UMD | Established firmware bundle version: 19.9.0 (topology_discovery.cpp:569)
2026-07-31 07:49:29.556 | info     |             UMD | Firmware bundle version 19.9.0 on the system is newer than the latest fully tested version 19.5.0 for blackhole architecture. Newest features may not be supported. (topology_discovery.cpp:601)
2026-07-31 07:49:29.560 | info     |             UMD | Completed topology discovery. (topology_discovery.cpp:114)
2026-07-31 07:49:29.641 | info     |             UMD | Opening local chip ids/PCIe ids: {0, 1, 2, 3}/[0, 1, 2, 3] and remote chip ids {} (cluster.cpp:168)
2026-07-31 07:49:29.641 | info     |             UMD | IOMMU: enabled (cluster.cpp:142)
2026-07-31 07:49:29.641 | info     |             UMD | KMD version: 2.10.0 (cluster.cpp:145)
2026-07-31 07:49:29.641 | info     |             UMD | Cluster constructor completed. (cluster.cpp:520)
2026-07-31 07:49:29.643 | info     |             UMD | Starting devices in cluster (cluster.cpp:1024)
2026-07-31 07:49:29.891 | info     |             UMD | Starting devices in cluster completed. (cluster.cpp:1032)
--------------------------------------------------------------------------
It appears as if there is not enough space for /dev/shm/sm_segment.853faf68e2b0.6002.243e0000.0 (the shared-memory backing
file). It is likely that your MPI job will now either abort or experience
performance degradation.

  Local host:  853faf68e2b0
  Space Requested: 16777216 B
  Space Available: 17551360 B
--------------------------------------------------------------------------
2026-07-31 07:49:30.015 | DEBUG    | ttnn.device:__init__:152 - Using default dispatch core type for this system: DispatchCoreType.WORKER
2026-07-31 07:49:30.015 | DEBUG    | ttnn.device:__init__:154 - Using default dispatch core axis for this system: DispatchCoreAxis.COL
2026-07-31 07:49:30.015 | info     |     Distributed | Using auto discovery to generate mesh graph. (metal_env.cpp:367)
2026-07-31 07:49:30.015 | info     |     Distributed | Constructing control plane using auto-discovery (no mesh graph descriptor). (metal_env.cpp:429)
2026-07-31 07:49:30.015 | warning  |          Always | Unknown motherboard 'B850M-C' for chip_id=0 (bus_id=0x1) — falling back to bus_id as tray_id. Add this motherboard and its bus IDs to mobo_to_bus_ids in physical_system_discovery.cpp. (physical_system_discovery.cpp:89)
2026-07-31 07:49:30.016 | warning  |          Always | Unknown motherboard 'B850M-C' for chip_id=1 (bus_id=0x2) — falling back to bus_id as tray_id. Add this motherboard and its bus IDs to mobo_to_bus_ids in physical_system_discovery.cpp. (physical_system_discovery.cpp:89)
2026-07-31 07:49:30.016 | warning  |          Always | Unknown motherboard 'B850M-C' for chip_id=2 (bus_id=0x3) — falling back to bus_id as tray_id. Add this motherboard and its bus IDs to mobo_to_bus_ids in physical_system_discovery.cpp. (physical_system_discovery.cpp:89)
2026-07-31 07:49:30.016 | warning  |          Always | Unknown motherboard 'B850M-C' for chip_id=3 (bus_id=0x4) — falling back to bus_id as tray_id. Add this motherboard and its bus IDs to mobo_to_bus_ids in physical_system_discovery.cpp. (physical_system_discovery.cpp:89)
2026-07-31 07:49:30.016 | warning  |          Always | Unknown motherboard 'B850M-C' for chip_id=1 (bus_id=0x2) — falling back to bus_id as tray_id. Add this motherboard and its bus IDs to mobo_to_bus_ids in physical_system_discovery.cpp. (physical_system_discovery.cpp:89)
2026-07-31 07:49:30.016 | warning  |          Always | Unknown motherboard 'B850M-C' for chip_id=0 (bus_id=0x1) — falling back to bus_id as tray_id. Add this motherboard and its bus IDs to mobo_to_bus_ids in physical_system_discovery.cpp. (physical_system_discovery.cpp:89)
2026-07-31 07:49:30.016 | warning  |          Always | Unknown motherboard 'B850M-C' for chip_id=2 (bus_id=0x3) — falling back to bus_id as tray_id. Add this motherboard and its bus IDs to mobo_to_bus_ids in physical_system_discovery.cpp. (physical_system_discovery.cpp:89)
2026-07-31 07:49:30.016 | warning  |          Always | Unknown motherboard 'B850M-C' for chip_id=3 (bus_id=0x4) — falling back to bus_id as tray_id. Add this motherboard and its bus IDs to mobo_to_bus_ids in physical_system_discovery.cpp. (physical_system_discovery.cpp:89)
2026-07-31 07:49:30.016 | info     |          Fabric | Logical multi-mesh adjacency: intermesh degree histogram {0:1}; intra-mesh degree histograms mesh0 {2:4} (topology_mapper_utils.cpp:2342)
2026-07-31 07:49:30.016 | info     |          Fabric | Physical multi-mesh adjacency: intermesh degree histogram {0:1}; intra-mesh degree histograms mesh0 {2:4} (topology_mapper_utils.cpp:2350)
2026-07-31 07:49:30.021 | info     |    BuildKernels | Using pre-compiled firmware from: /home/mvasiljevic/tt-metal/tt_metal/pre-compiled/13793420398762238087/ (build_env_manager.cpp:347)
2026-07-31 07:49:30.021 | info     |    BuildKernels | Using pre-compiled firmware from: /home/mvasiljevic/tt-metal/tt_metal/pre-compiled/13793420398762238087/ (build_env_manager.cpp:347)
2026-07-31 07:49:30.021 | info     |    BuildKernels | Using pre-compiled firmware from: /home/mvasiljevic/tt-metal/tt_metal/pre-compiled/13793420398762238087/ (build_env_manager.cpp:347)
2026-07-31 07:49:30.021 | info     |    BuildKernels | Using pre-compiled firmware from: /home/mvasiljevic/tt-metal/tt_metal/pre-compiled/13793420398762238087/ (build_env_manager.cpp:347)
2026-07-31 07:49:30.049 | warning  |           Metal | Opening subset of mmio devices slows down UMD read/write to remote chips. If opening more devices, consider using CreateDevices API. (device_manager.cpp:261)
2026-07-31 07:49:30.088 | info     |           Metal | ShmResourceTracker: removed orphaned shm '/tt_device_154095680356416_memory' (shm_resource_tracker.cpp:282)
2026-07-31 07:49:30.669 | info     |           Metal | [Real-time profiler] Device 3 sync complete: 100 samples, frequency=1.349990 GHz, device_time_at_sync=178649136895614 cycles (realtime_profiler_manager.cpp:1127)
2026-07-31 07:49:30.685 | DEBUG    | conftest:mesh_device:599 - multidevice with 1 devices is created
real-layer4-prefill: 0.9777998741183229
FAILED2026-07-31 07:49:32.117 | INFO     | conftest:pytest_runtest_teardown:1140 - In custom teardown, open device ids: {0, 1, 2, 3}


=================================== FAILURES ===================================
_ test_selected_policy_real_weight_prefill_and_traced_decode[blackhole-4-mesh_device0] _

mesh_device = MeshDevice(1x1 grid, 1 devices), layer_idx = 4

    @pytest.mark.parametrize("mesh_device", [(1, 1)], indirect=True)
    @pytest.mark.parametrize("layer_idx", [0, 4])
    def test_selected_policy_real_weight_prefill_and_traced_decode(mesh_device, layer_idx):
        config = functional_tests._config()
        state = _real_layer_state(layer_idx)
        decoder = OptimizedDecoder.from_state_dict(
            state,
            hf_config=config,
            layer_idx=layer_idx,
            mesh_device=mesh_device,
            batch=1,
            max_cache_len=32,
        )
        generator = torch.Generator().manual_seed(20000 + layer_idx)
        prefill_hidden = functional_tests._randn(generator, 1, 1, config.hidden_size, scale=0.02)
        decode_hidden = functional_tests._randn(generator, 1, 1, config.hidden_size, scale=0.02)
        if layer_idx == 0:
            prefill_reference, reference_cache = functional_tests._dense_reference(
                prefill_hidden,
                torch.tensor([[0]]),
                state,
                config,
            )
            decode_reference, _ = functional_tests._dense_reference(
                decode_hidden,
                torch.tensor([[1]]),
                state,
                config,
                cache=reference_cache,
            )
        else:
            prefill_attention, reference_cache = functional_tests._attention_reference(
                prefill_hidden,
                torch.tensor([[0]]),
                state,
                config,
                layer_idx,
            )
            prefill_moe = _real_sparse_moe_reference(
                functional_tests._normalized(prefill_hidden, state, config, layer_idx),
                state,
                config,
                layer_idx,
            )
            prefill_reference = prefill_attention + prefill_moe
            decode_attention, _ = functional_tests._attention_reference(
                decode_hidden,
                torch.tensor([[1]]),
                state,
                config,
                layer_idx,
                cache=reference_cache,
            )
            decode_moe = _real_sparse_moe_reference(
                functional_tests._normalized(decode_hidden, state, config, layer_idx),
                state,
                config,
                layer_idx,
            )
            decode_reference = decode_attention + decode_moe

        key_cache, value_cache = decoder.create_paged_kv_cache()
        page_table = functional_tests._to_tt(
            functional_tests._page_table(1, 1),
            mesh_device,
            dtype=ttnn.int32,
            layout=ttnn.ROW_MAJOR_LAYOUT,
        )
        prefill_cos, prefill_sin = decoder.build_rope_rows([0], hf_config=config)
        prefill_actual = decoder.prefill_forward(
            functional_tests._to_tt(prefill_hidden.unsqueeze(0), mesh_device),
            key_cache=key_cache,
            value_cache=value_cache,
            page_table=page_table,
            position_cos=functional_tests._to_tt(prefill_cos, mesh_device) if decoder.use_rope else None,
            position_sin=functional_tests._to_tt(prefill_sin, mesh_device) if decoder.use_rope else None,
        )
>       functional_tests._assert_pcc(
            f"real-layer{layer_idx}-prefill",
            prefill_reference,
            ttnn.to_torch(prefill_actual).squeeze(0),
        )

models/autoports/coherelabs_north_mini_code_1_0/tests/test_optimized_decoder.py:194:
_ _ _ _ _ _ _ _ _ _ _ _ _ _ _ _ _ _ _ _ _ _ _ _ _ _ _ _ _ _ _ _ _ _ _ _ _ _ _ _

name = 'real-layer4-prefill'
reference = tensor([[[ 0.1211, -0.2793,  0.1465,  ..., -0.3379, -0.3125, -0.3828]]],
       dtype=torch.bfloat16)
actual = tensor([[[ 0.1118, -0.3301,  0.1055,  ..., -0.3828, -0.2988, -0.3340]]],
       dtype=torch.bfloat16)
threshold = 0.995

    def _assert_pcc(name, reference, actual, threshold=0.995):
        passed, message = comp_pcc(reference.float(), actual.float(), pcc=threshold)
        print(f"{name}: {message}")
>       assert passed, f"{name}: {message}"
E       AssertionError: real-layer4-prefill: 0.9777998741183229
E       assert False

models/autoports/coherelabs_north_mini_code_1_0/tests/test_functional_decoder.py:320: AssertionError
- generated xml file: /home/mvasiljevic/tt-metal/generated/test_reports/most_recent_tests.xml -
============================== slowest durations ===============================
1.31s setup    models/autoports/coherelabs_north_mini_code_1_0/tests/test_optimized_decoder.py::test_selected_policy_real_weight_prefill_and_traced_decode[blackhole-4-mesh_device0]
1.29s call     models/autoports/coherelabs_north_mini_code_1_0/tests/test_optimized_decoder.py::test_selected_policy_real_weight_prefill_and_traced_decode[blackhole-4-mesh_device0]
0.12s teardown models/autoports/coherelabs_north_mini_code_1_0/tests/test_optimized_decoder.py::test_selected_policy_real_weight_prefill_and_traced_decode[blackhole-4-mesh_device0]
=========================== short test summary info ============================
FAILED models/autoports/coherelabs_north_mini_code_1_0/tests/test_optimized_decoder.py::test_selected_policy_real_weight_prefill_and_traced_decode[blackhole-4-mesh_device0]
============================== 1 failed in 3.26s ===============================
nanobind: leaked 2 instances!
 - leaked instance 0x7aaf81d445b8 of type "ttnn._ttnn.tensor.CoreRangeSet"
 - leaked instance 0x7aaf817644c8 of type "ttnn._ttnn.tensor.MemoryConfig"
nanobind: leaked 20 types!
 - leaked type "ttnn._ttnn.operations.matmul.MatmulMultiCoreReuseMultiCast1DProgramConfig"
 - leaked type "ttnn._ttnn.operations.matmul.MatmulInputs"
 - leaked type "ttnn._ttnn.operations.matmul.MatmulMultiCoreReuseMultiCastBatchedDRAMShardedProgramConfig"
 - leaked type "BufferType"
 - leaked type "UnaryOpType"
 - leaked type "Layout"
 - leaked type "ttnn._ttnn.operations.matmul.MatmulMultiCoreReuseOptimizedProgramFactory"
 - leaked type "Arch"
 - leaked type "ttnn._ttnn.operations.matmul.MatmulParams"
 - leaked type "ttnn._ttnn.tensor.CoreRangeSet"
 - ... skipped remainder
nanobind: leaked 247 functions!
 - leaked function "matmul_select_program_factory"
 - leaked function ""
 - leaked function ""
 - leaked function ""
 - leaked function ""
 - leaked function ""
 - leaked function "load_sub_device_manager"
 - leaked function "__init__"
 - leaked function ""
 - leaked function "worker_core_from_logical_core"
 - ... skipped remainder
nanobind: this is likely caused by a reference counting issue in the binding code.
See https://nanobind.readthedocs.io/en/latest/refleaks.html2026-07-31 07:49:33.865 | info     |    BuildKernels | JIT cache stats: 173/179 hits (96.6%) [173 cached, 17 build-once dedup, 0 merged artifacts, 0 merged genfiles] (build_cache_telemetry.cpp:207)
2026-07-31 07:49:33.865 | info     |    BuildKernels | JIT telemetry: 3 registered TelemetryTokens (build_cache_telemetry.cpp:230)
2026-07-31 07:49:33.877 | info     |          Device | Closing user mode device drivers (tt_cluster.cpp:512)
2026-07-31 07:49:33.877 | info     |             UMD | Closing devices in cluster (cluster.cpp:1037)
2026-07-31 07:49:34.319 | info     |             UMD | Closing devices in cluster completed. (cluster.cpp:1046)
2026-07-31 07:49:34.320 | info     |             UMD | Cluster destructor started. (cluster.cpp:754)
2026-07-31 07:49:34.320 | info     |             UMD | Cluster destructor completed. (cluster.cpp:757)
