2026-07-29 23:40:43.552 | DEBUG    | ttnn:<module>:79 - Initial ttnn.CONFIG:
Config{cache_path=/home/mvasiljevic/.cache/ttnn,model_cache_path=/home/mvasiljevic/.cache/ttnn/models,tmp_dir=/tmp/ttnn,enable_model_cache=false,enable_fast_runtime_mode=true,throw_exception_on_fallback=false,enable_logging=false,enable_graph_report=false,enable_graph_python_stack_traces=false,enable_detailed_buffer_report=false,enable_detailed_tensor_report=false,enable_comparison_mode=false,comparison_mode_should_raise_exception=false,comparison_mode_pcc=0.9999,root_report_path=generated/ttnn/reports,report_name=std::nullopt,std::nullopt}
============================= test session starts ==============================
platform linux -- Python 3.12.13, pytest-9.0.3, pluggy-1.6.0 -- /home/mvasiljevic/tt-metal/python_env/bin/python3
cachedir: .pytest_cache
benchmark: 5.2.3 (defaults: timer=time.perf_counter disable_gc=False min_rounds=5 min_time=0.000005 max_time=1.0 calibration_precision=10 warmup=False warmup_iterations=100000)
rootdir: /home/mvasiljevic/tt-metal
configfile: pytest.ini
plugins: github-actions-annotate-failures-0.3.0, anyio-4.14.2, dash-2.15.0, split-0.11.0, timeout-2.4.0, benchmark-5.2.3, cov-7.0.0
timeout: 300.0s
timeout method: signal
timeout func_only: False
collecting ... collected 14 items

models/autoports/coherelabs_north_mini_code_1_0/tests/test_optimized_decoder.py::test_optimized_path_owns_dense_runtime PASSED
models/autoports/coherelabs_north_mini_code_1_0/tests/test_optimized_decoder.py::test_optimized_dense_non_aligned_prefill[blackhole-mesh_device0-33] 2026-07-29 23:40:45.121 | info     |          Device | Opening user mode device driver (tt_cluster.cpp:228)
2026-07-29 23:40:45.121 | info     |             UMD | Cluster constructor started. (cluster.cpp:348)
2026-07-29 23:40:45.121 | info     |             UMD | Creating TopologyDiscovery for architecture: blackhole (topology_discovery.cpp:91)
2026-07-29 23:40:45.121 | info     |             UMD | Starting topology discovery. (topology_discovery.cpp:110)
2026-07-29 23:40:45.123 | info     |             UMD | Established firmware bundle version: 19.8.0 (topology_discovery.cpp:569)
2026-07-29 23:40:45.123 | info     |             UMD | Firmware bundle version 19.8.0 on the system is newer than the latest fully tested version 19.5.0 for blackhole architecture. Newest features may not be supported. (topology_discovery.cpp:601)
2026-07-29 23:40:45.126 | info     |             UMD | Completed topology discovery. (topology_discovery.cpp:114)
2026-07-29 23:40:45.348 | info     |             UMD | Opening local chip ids/PCIe ids: {0, 1, 2, 3}/[0, 1, 2, 3] and remote chip ids {} (cluster.cpp:168)
2026-07-29 23:40:45.348 | info     |             UMD | IOMMU: enabled (cluster.cpp:142)
2026-07-29 23:40:45.348 | info     |             UMD | KMD version: 2.8.0 (cluster.cpp:145)
2026-07-29 23:40:45.348 | info     |             UMD | Cluster constructor completed. (cluster.cpp:520)
2026-07-29 23:40:45.350 | info     |             UMD | Starting devices in cluster (cluster.cpp:1024)
2026-07-29 23:40:45.598 | info     |             UMD | Starting devices in cluster completed. (cluster.cpp:1032)
2026-07-29 23:40:45.723 | DEBUG    | ttnn.device:__init__:152 - Using default dispatch core type for this system: DispatchCoreType.WORKER
2026-07-29 23:40:45.723 | DEBUG    | ttnn.device:__init__:154 - Using default dispatch core axis for this system: DispatchCoreAxis.COL
2026-07-29 23:40:45.723 | info     |     Distributed | Using auto discovery to generate mesh graph. (metal_env.cpp:367)
2026-07-29 23:40:45.724 | info     |     Distributed | Constructing control plane using auto-discovery (no mesh graph descriptor). (metal_env.cpp:429)
2026-07-29 23:40:45.724 | warning  |          Always | Unknown motherboard 'B850M-C' for chip_id=0 (bus_id=0x1) — falling back to bus_id as tray_id. Add this motherboard and its bus IDs to mobo_to_bus_ids in physical_system_discovery.cpp. (physical_system_discovery.cpp:89)
2026-07-29 23:40:45.724 | warning  |          Always | Unknown motherboard 'B850M-C' for chip_id=1 (bus_id=0x2) — falling back to bus_id as tray_id. Add this motherboard and its bus IDs to mobo_to_bus_ids in physical_system_discovery.cpp. (physical_system_discovery.cpp:89)
2026-07-29 23:40:45.724 | warning  |          Always | Unknown motherboard 'B850M-C' for chip_id=2 (bus_id=0x3) — falling back to bus_id as tray_id. Add this motherboard and its bus IDs to mobo_to_bus_ids in physical_system_discovery.cpp. (physical_system_discovery.cpp:89)
2026-07-29 23:40:45.724 | warning  |          Always | Unknown motherboard 'B850M-C' for chip_id=3 (bus_id=0x4) — falling back to bus_id as tray_id. Add this motherboard and its bus IDs to mobo_to_bus_ids in physical_system_discovery.cpp. (physical_system_discovery.cpp:89)
2026-07-29 23:40:45.724 | warning  |          Always | Unknown motherboard 'B850M-C' for chip_id=1 (bus_id=0x2) — falling back to bus_id as tray_id. Add this motherboard and its bus IDs to mobo_to_bus_ids in physical_system_discovery.cpp. (physical_system_discovery.cpp:89)
2026-07-29 23:40:45.724 | warning  |          Always | Unknown motherboard 'B850M-C' for chip_id=0 (bus_id=0x1) — falling back to bus_id as tray_id. Add this motherboard and its bus IDs to mobo_to_bus_ids in physical_system_discovery.cpp. (physical_system_discovery.cpp:89)
2026-07-29 23:40:45.724 | warning  |          Always | Unknown motherboard 'B850M-C' for chip_id=2 (bus_id=0x3) — falling back to bus_id as tray_id. Add this motherboard and its bus IDs to mobo_to_bus_ids in physical_system_discovery.cpp. (physical_system_discovery.cpp:89)
2026-07-29 23:40:45.724 | warning  |          Always | Unknown motherboard 'B850M-C' for chip_id=3 (bus_id=0x4) — falling back to bus_id as tray_id. Add this motherboard and its bus IDs to mobo_to_bus_ids in physical_system_discovery.cpp. (physical_system_discovery.cpp:89)
2026-07-29 23:40:45.724 | info     |          Fabric | Logical multi-mesh adjacency: intermesh degree histogram {0:1}; intra-mesh degree histograms mesh0 {2:4} (topology_mapper_utils.cpp:2342)
2026-07-29 23:40:45.724 | info     |          Fabric | Physical multi-mesh adjacency: intermesh degree histogram {0:1}; intra-mesh degree histograms mesh0 {2:4} (topology_mapper_utils.cpp:2350)
2026-07-29 23:40:45.779 | info     |       LLRuntime | Watcher log file: /home/mvasiljevic/tt-metal/generated/watcher/watcher.log (watcher_server.cpp:286)
2026-07-29 23:40:45.779 | info     |       LLRuntime | Watcher attached device 0 (watcher_server.cpp:132)
2026-07-29 23:40:45.779 | info     |       LLRuntime | Watcher attached device 1 (watcher_server.cpp:132)
2026-07-29 23:40:45.779 | info     |       LLRuntime | Watcher attached device 2 (watcher_server.cpp:132)
2026-07-29 23:40:45.779 | info     |       LLRuntime | Watcher attached device 3 (watcher_server.cpp:132)
2026-07-29 23:40:45.779 | info     |       LLRuntime | Watcher server initialized, disabled features: None (watcher_server.cpp:547)
2026-07-29 23:40:45.779 | warning  |           Metal | Opening subset of mmio devices slows down UMD read/write to remote chips. If opening more devices, consider using CreateDevices API. (device_manager.cpp:261)
2026-07-29 23:40:45.779 | info     |           Metal | Watcher checking device 0 (watcher_device_reader.cpp:393)
2026-07-29 23:40:45.783 | info     |           Metal | Watcher checking device 1 (watcher_device_reader.cpp:393)
2026-07-29 23:40:45.787 | info     |           Metal | Watcher checking device 2 (watcher_device_reader.cpp:393)
2026-07-29 23:40:45.791 | info     |           Metal | Watcher checking device 3 (watcher_device_reader.cpp:393)
2026-07-29 23:40:45.833 | info     |           Metal | ShmResourceTracker: removed orphaned shm '/tt_device_154095681929600_memory' (shm_resource_tracker.cpp:282)
2026-07-29 23:40:46.412 | info     |           Metal | [Real-time profiler] Device 3 sync complete: 100 samples, frequency=1.349983 GHz, device_time_at_sync=2027683716120 cycles (realtime_profiler_manager.cpp:1127)
2026-07-29 23:40:46.429 | DEBUG    | conftest:mesh_device:599 - multidevice with 1 devices is created
optimized-dense-prefill: 0.9996690820401175
PASSED
models/autoports/coherelabs_north_mini_code_1_0/tests/test_optimized_decoder.py::test_optimized_dense_traced_decode[blackhole-mesh_device0] 2026-07-29 23:40:47.430 | DEBUG    | ttnn.device:__init__:152 - Using default dispatch core type for this system: DispatchCoreType.WORKER
2026-07-29 23:40:47.430 | DEBUG    | ttnn.device:__init__:154 - Using default dispatch core axis for this system: DispatchCoreAxis.COL
2026-07-29 23:40:47.430 | info     |       LLRuntime | Watcher thread stopped watching... (watcher_server.cpp:595)
2026-07-29 23:40:47.430 | info     |       LLRuntime | Watcher detached device 0 (watcher_server.cpp:181)
2026-07-29 23:40:47.430 | info     |       LLRuntime | Watcher detached device 1 (watcher_server.cpp:181)
2026-07-29 23:40:47.430 | info     |       LLRuntime | Watcher detached device 2 (watcher_server.cpp:181)
2026-07-29 23:40:47.430 | info     |       LLRuntime | Watcher detached device 3 (watcher_server.cpp:181)
2026-07-29 23:40:47.493 | info     |       LLRuntime | Watcher log file: /home/mvasiljevic/tt-metal/generated/watcher/watcher.log (watcher_server.cpp:286)
2026-07-29 23:40:47.493 | info     |       LLRuntime | Watcher attached device 0 (watcher_server.cpp:132)
2026-07-29 23:40:47.493 | info     |       LLRuntime | Watcher attached device 1 (watcher_server.cpp:132)
2026-07-29 23:40:47.493 | info     |       LLRuntime | Watcher attached device 2 (watcher_server.cpp:132)
2026-07-29 23:40:47.493 | info     |       LLRuntime | Watcher attached device 3 (watcher_server.cpp:132)
2026-07-29 23:40:47.493 | info     |       LLRuntime | Watcher server initialized, disabled features: None (watcher_server.cpp:547)
2026-07-29 23:40:47.493 | info     |           Metal | Watcher checking device 0 (watcher_device_reader.cpp:393)
2026-07-29 23:40:47.493 | warning  |           Metal | Opening subset of mmio devices slows down UMD read/write to remote chips. If opening more devices, consider using CreateDevices API. (device_manager.cpp:261)
2026-07-29 23:40:47.497 | info     |           Metal | Watcher checking device 1 (watcher_device_reader.cpp:393)
2026-07-29 23:40:47.501 | info     |           Metal | Watcher checking device 2 (watcher_device_reader.cpp:393)
2026-07-29 23:40:47.505 | info     |           Metal | Watcher checking device 3 (watcher_device_reader.cpp:393)
2026-07-29 23:40:47.549 | DEBUG    | conftest:mesh_device:599 - multidevice with 1 devices is created
optimized-dense-decode: 0.9996796921828062
PASSED
models/autoports/coherelabs_north_mini_code_1_0/tests/test_optimized_decoder.py::test_optimized_sparse_layer_kinds_prefill[blackhole-mesh_device0-1] 2026-07-29 23:40:48.407 | DEBUG    | ttnn.device:__init__:152 - Using default dispatch core type for this system: DispatchCoreType.WORKER
2026-07-29 23:40:48.407 | DEBUG    | ttnn.device:__init__:154 - Using default dispatch core axis for this system: DispatchCoreAxis.COL
2026-07-29 23:40:48.407 | info     |       LLRuntime | Watcher thread stopped watching... (watcher_server.cpp:595)
2026-07-29 23:40:48.407 | info     |       LLRuntime | Watcher detached device 0 (watcher_server.cpp:181)
2026-07-29 23:40:48.407 | info     |       LLRuntime | Watcher detached device 1 (watcher_server.cpp:181)
2026-07-29 23:40:48.407 | info     |       LLRuntime | Watcher detached device 2 (watcher_server.cpp:181)
2026-07-29 23:40:48.407 | info     |       LLRuntime | Watcher detached device 3 (watcher_server.cpp:181)
2026-07-29 23:40:48.470 | info     |       LLRuntime | Watcher log file: /home/mvasiljevic/tt-metal/generated/watcher/watcher.log (watcher_server.cpp:286)
2026-07-29 23:40:48.470 | info     |       LLRuntime | Watcher attached device 0 (watcher_server.cpp:132)
2026-07-29 23:40:48.470 | info     |       LLRuntime | Watcher attached device 1 (watcher_server.cpp:132)
2026-07-29 23:40:48.470 | info     |       LLRuntime | Watcher attached device 2 (watcher_server.cpp:132)
2026-07-29 23:40:48.470 | info     |       LLRuntime | Watcher attached device 3 (watcher_server.cpp:132)
2026-07-29 23:40:48.470 | info     |       LLRuntime | Watcher server initialized, disabled features: None (watcher_server.cpp:547)
2026-07-29 23:40:48.470 | warning  |           Metal | Opening subset of mmio devices slows down UMD read/write to remote chips. If opening more devices, consider using CreateDevices API. (device_manager.cpp:261)
2026-07-29 23:40:48.470 | info     |           Metal | Watcher checking device 0 (watcher_device_reader.cpp:393)
2026-07-29 23:40:48.474 | info     |           Metal | Watcher checking device 1 (watcher_device_reader.cpp:393)
2026-07-29 23:40:48.479 | info     |           Metal | Watcher checking device 2 (watcher_device_reader.cpp:393)
2026-07-29 23:40:48.483 | info     |           Metal | Watcher checking device 3 (watcher_device_reader.cpp:393)
2026-07-29 23:40:48.526 | DEBUG    | conftest:mesh_device:599 - multidevice with 1 devices is created
optimized-layer-1-prefill: 1.0
PASSED
models/autoports/coherelabs_north_mini_code_1_0/tests/test_optimized_decoder.py::test_optimized_sparse_dynamic_trace_replay[blackhole-1-32-mesh_device0] 2026-07-29 23:40:50.088 | DEBUG    | ttnn.device:__init__:152 - Using default dispatch core type for this system: DispatchCoreType.WORKER
2026-07-29 23:40:50.088 | DEBUG    | ttnn.device:__init__:154 - Using default dispatch core axis for this system: DispatchCoreAxis.COL
2026-07-29 23:40:50.088 | info     |       LLRuntime | Watcher thread stopped watching... (watcher_server.cpp:595)
2026-07-29 23:40:50.088 | info     |       LLRuntime | Watcher detached device 0 (watcher_server.cpp:181)
2026-07-29 23:40:50.088 | info     |       LLRuntime | Watcher detached device 1 (watcher_server.cpp:181)
2026-07-29 23:40:50.088 | info     |       LLRuntime | Watcher detached device 2 (watcher_server.cpp:181)
2026-07-29 23:40:50.088 | info     |       LLRuntime | Watcher detached device 3 (watcher_server.cpp:181)
2026-07-29 23:40:50.151 | info     |       LLRuntime | Watcher log file: /home/mvasiljevic/tt-metal/generated/watcher/watcher.log (watcher_server.cpp:286)
2026-07-29 23:40:50.151 | info     |       LLRuntime | Watcher attached device 0 (watcher_server.cpp:132)
2026-07-29 23:40:50.151 | info     |       LLRuntime | Watcher attached device 1 (watcher_server.cpp:132)
2026-07-29 23:40:50.151 | info     |       LLRuntime | Watcher attached device 2 (watcher_server.cpp:132)
2026-07-29 23:40:50.151 | info     |       LLRuntime | Watcher attached device 3 (watcher_server.cpp:132)
2026-07-29 23:40:50.151 | info     |       LLRuntime | Watcher server initialized, disabled features: None (watcher_server.cpp:547)
2026-07-29 23:40:50.151 | info     |           Metal | Watcher checking device 0 (watcher_device_reader.cpp:393)
2026-07-29 23:40:50.151 | warning  |           Metal | Opening subset of mmio devices slows down UMD read/write to remote chips. If opening more devices, consider using CreateDevices API. (device_manager.cpp:261)
2026-07-29 23:40:50.155 | info     |           Metal | Watcher checking device 1 (watcher_device_reader.cpp:393)
2026-07-29 23:40:50.159 | info     |           Metal | Watcher checking device 2 (watcher_device_reader.cpp:393)
2026-07-29 23:40:50.163 | info     |           Metal | Watcher checking device 3 (watcher_device_reader.cpp:393)
2026-07-29 23:40:50.207 | DEBUG    | conftest:mesh_device:599 - multidevice with 1 devices is created
optimized-sparse-1-batch-32-trace: 0.9981766270802054
PASSED
models/autoports/coherelabs_north_mini_code_1_0/tests/test_optimized_decoder.py::test_optimized_paged_cache_slots_and_determinism[blackhole-mesh_device0] 2026-07-29 23:40:58.921 | DEBUG    | ttnn.device:__init__:152 - Using default dispatch core type for this system: DispatchCoreType.WORKER
2026-07-29 23:40:58.921 | DEBUG    | ttnn.device:__init__:154 - Using default dispatch core axis for this system: DispatchCoreAxis.COL
2026-07-29 23:40:58.921 | info     |       LLRuntime | Watcher thread stopped watching... (watcher_server.cpp:595)
2026-07-29 23:40:58.921 | info     |       LLRuntime | Watcher detached device 0 (watcher_server.cpp:181)
2026-07-29 23:40:58.922 | info     |       LLRuntime | Watcher detached device 1 (watcher_server.cpp:181)
2026-07-29 23:40:58.922 | info     |       LLRuntime | Watcher detached device 2 (watcher_server.cpp:181)
2026-07-29 23:40:58.922 | info     |       LLRuntime | Watcher detached device 3 (watcher_server.cpp:181)
2026-07-29 23:40:58.983 | info     |       LLRuntime | Watcher log file: /home/mvasiljevic/tt-metal/generated/watcher/watcher.log (watcher_server.cpp:286)
2026-07-29 23:40:58.983 | info     |       LLRuntime | Watcher attached device 0 (watcher_server.cpp:132)
2026-07-29 23:40:58.983 | info     |       LLRuntime | Watcher attached device 1 (watcher_server.cpp:132)
2026-07-29 23:40:58.983 | info     |       LLRuntime | Watcher attached device 2 (watcher_server.cpp:132)
2026-07-29 23:40:58.983 | info     |       LLRuntime | Watcher attached device 3 (watcher_server.cpp:132)
2026-07-29 23:40:58.983 | info     |       LLRuntime | Watcher server initialized, disabled features: None (watcher_server.cpp:547)
2026-07-29 23:40:58.983 | warning  |           Metal | Opening subset of mmio devices slows down UMD read/write to remote chips. If opening more devices, consider using CreateDevices API. (device_manager.cpp:261)
2026-07-29 23:40:58.983 | info     |           Metal | Watcher checking device 0 (watcher_device_reader.cpp:393)
2026-07-29 23:40:58.988 | info     |           Metal | Watcher checking device 1 (watcher_device_reader.cpp:393)
2026-07-29 23:40:58.992 | info     |           Metal | Watcher checking device 2 (watcher_device_reader.cpp:393)
2026-07-29 23:40:58.996 | info     |           Metal | Watcher checking device 3 (watcher_device_reader.cpp:393)
2026-07-29 23:40:59.040 | DEBUG    | conftest:mesh_device:599 - multidevice with 1 devices is created
optimized-key-slot-0: 0.9999234006362313
optimized-value-slot-0: 0.9999279033062356
optimized-key-slot-1: 0.9999298474313016
optimized-value-slot-1: 0.9999318062397232
optimized-key-slot-2: 0.9999168381759129
optimized-value-slot-2: 0.9999304585684996
optimized-key-slot-3: 0.9999198056431312
optimized-value-slot-3: 0.999922611164985
PASSED
models/autoports/coherelabs_north_mini_code_1_0/tests/test_optimized_decoder.py::test_real_weight_recorded_activation_dense_prefill[blackhole-mesh_device0-bfp8_hifi2] 2026-07-29 23:40:59.879 | DEBUG    | ttnn.device:__init__:152 - Using default dispatch core type for this system: DispatchCoreType.WORKER
2026-07-29 23:40:59.879 | DEBUG    | ttnn.device:__init__:154 - Using default dispatch core axis for this system: DispatchCoreAxis.COL
2026-07-29 23:40:59.879 | info     |       LLRuntime | Watcher thread stopped watching... (watcher_server.cpp:595)
2026-07-29 23:40:59.880 | info     |       LLRuntime | Watcher detached device 0 (watcher_server.cpp:181)
2026-07-29 23:40:59.880 | info     |       LLRuntime | Watcher detached device 1 (watcher_server.cpp:181)
2026-07-29 23:40:59.880 | info     |       LLRuntime | Watcher detached device 2 (watcher_server.cpp:181)
2026-07-29 23:40:59.880 | info     |       LLRuntime | Watcher detached device 3 (watcher_server.cpp:181)
2026-07-29 23:40:59.942 | info     |       LLRuntime | Watcher log file: /home/mvasiljevic/tt-metal/generated/watcher/watcher.log (watcher_server.cpp:286)
2026-07-29 23:40:59.942 | info     |       LLRuntime | Watcher attached device 0 (watcher_server.cpp:132)
2026-07-29 23:40:59.942 | info     |       LLRuntime | Watcher attached device 1 (watcher_server.cpp:132)
2026-07-29 23:40:59.942 | info     |       LLRuntime | Watcher attached device 2 (watcher_server.cpp:132)
2026-07-29 23:40:59.942 | info     |       LLRuntime | Watcher attached device 3 (watcher_server.cpp:132)
2026-07-29 23:40:59.942 | info     |       LLRuntime | Watcher server initialized, disabled features: None (watcher_server.cpp:547)
2026-07-29 23:40:59.942 | info     |           Metal | Watcher checking device 0 (watcher_device_reader.cpp:393)
2026-07-29 23:40:59.942 | warning  |           Metal | Opening subset of mmio devices slows down UMD read/write to remote chips. If opening more devices, consider using CreateDevices API. (device_manager.cpp:261)
2026-07-29 23:40:59.947 | info     |           Metal | Watcher checking device 1 (watcher_device_reader.cpp:393)
2026-07-29 23:40:59.951 | info     |           Metal | Watcher checking device 2 (watcher_device_reader.cpp:393)
2026-07-29 23:40:59.955 | info     |           Metal | Watcher checking device 3 (watcher_device_reader.cpp:393)
2026-07-29 23:40:59.999 | DEBUG    | conftest:mesh_device:599 - multidevice with 1 devices is created
real-dense-prefill-bfp8_hifi2: 0.9999440120774189
PASSED
models/autoports/coherelabs_north_mini_code_1_0/tests/test_optimized_decoder.py::test_real_weight_recorded_activation_sparse_decode[blackhole-mesh_device0-bfp8_hifi2] 2026-07-29 23:41:00.408 | DEBUG    | ttnn.device:__init__:152 - Using default dispatch core type for this system: DispatchCoreType.WORKER
2026-07-29 23:41:00.408 | DEBUG    | ttnn.device:__init__:154 - Using default dispatch core axis for this system: DispatchCoreAxis.COL
2026-07-29 23:41:00.408 | info     |       LLRuntime | Watcher thread stopped watching... (watcher_server.cpp:595)
2026-07-29 23:41:00.408 | info     |       LLRuntime | Watcher detached device 0 (watcher_server.cpp:181)
2026-07-29 23:41:00.408 | info     |       LLRuntime | Watcher detached device 1 (watcher_server.cpp:181)
2026-07-29 23:41:00.408 | info     |       LLRuntime | Watcher detached device 2 (watcher_server.cpp:181)
2026-07-29 23:41:00.408 | info     |       LLRuntime | Watcher detached device 3 (watcher_server.cpp:181)
2026-07-29 23:41:00.474 | info     |       LLRuntime | Watcher log file: /home/mvasiljevic/tt-metal/generated/watcher/watcher.log (watcher_server.cpp:286)
2026-07-29 23:41:00.474 | info     |       LLRuntime | Watcher attached device 0 (watcher_server.cpp:132)
2026-07-29 23:41:00.474 | info     |       LLRuntime | Watcher attached device 1 (watcher_server.cpp:132)
2026-07-29 23:41:00.474 | info     |       LLRuntime | Watcher attached device 2 (watcher_server.cpp:132)
2026-07-29 23:41:00.474 | info     |       LLRuntime | Watcher attached device 3 (watcher_server.cpp:132)
2026-07-29 23:41:00.474 | info     |       LLRuntime | Watcher server initialized, disabled features: None (watcher_server.cpp:547)
2026-07-29 23:41:00.474 | info     |           Metal | Watcher checking device 0 (watcher_device_reader.cpp:393)
2026-07-29 23:41:00.474 | warning  |           Metal | Opening subset of mmio devices slows down UMD read/write to remote chips. If opening more devices, consider using CreateDevices API. (device_manager.cpp:261)
2026-07-29 23:41:00.479 | info     |           Metal | Watcher checking device 1 (watcher_device_reader.cpp:393)
2026-07-29 23:41:00.483 | info     |           Metal | Watcher checking device 2 (watcher_device_reader.cpp:393)
2026-07-29 23:41:00.487 | info     |           Metal | Watcher checking device 3 (watcher_device_reader.cpp:393)
2026-07-29 23:41:00.531 | DEBUG    | conftest:mesh_device:599 - multidevice with 1 devices is created
real-sparse-decode-bfp8_hifi2: 0.999705144553754
PASSED
models/autoports/coherelabs_north_mini_code_1_0/tests/test_optimized_decoder.py::test_optimized_dense_non_aligned_prefill[blackhole-mesh_device0-65] 2026-07-29 23:41:01.788 | DEBUG    | ttnn.device:__init__:152 - Using default dispatch core type for this system: DispatchCoreType.WORKER
2026-07-29 23:41:01.788 | DEBUG    | ttnn.device:__init__:154 - Using default dispatch core axis for this system: DispatchCoreAxis.COL
2026-07-29 23:41:01.788 | info     |       LLRuntime | Watcher thread stopped watching... (watcher_server.cpp:595)
2026-07-29 23:41:01.788 | info     |       LLRuntime | Watcher detached device 0 (watcher_server.cpp:181)
2026-07-29 23:41:01.788 | info     |       LLRuntime | Watcher detached device 1 (watcher_server.cpp:181)
2026-07-29 23:41:01.788 | info     |       LLRuntime | Watcher detached device 2 (watcher_server.cpp:181)
2026-07-29 23:41:01.788 | info     |       LLRuntime | Watcher detached device 3 (watcher_server.cpp:181)
2026-07-29 23:41:01.850 | info     |       LLRuntime | Watcher log file: /home/mvasiljevic/tt-metal/generated/watcher/watcher.log (watcher_server.cpp:286)
2026-07-29 23:41:01.850 | info     |       LLRuntime | Watcher attached device 0 (watcher_server.cpp:132)
2026-07-29 23:41:01.850 | info     |       LLRuntime | Watcher attached device 1 (watcher_server.cpp:132)
2026-07-29 23:41:01.850 | info     |       LLRuntime | Watcher attached device 2 (watcher_server.cpp:132)
2026-07-29 23:41:01.850 | info     |       LLRuntime | Watcher attached device 3 (watcher_server.cpp:132)
2026-07-29 23:41:01.850 | info     |       LLRuntime | Watcher server initialized, disabled features: None (watcher_server.cpp:547)
2026-07-29 23:41:01.850 | info     |           Metal | Watcher checking device 0 (watcher_device_reader.cpp:393)
2026-07-29 23:41:01.850 | warning  |           Metal | Opening subset of mmio devices slows down UMD read/write to remote chips. If opening more devices, consider using CreateDevices API. (device_manager.cpp:261)
2026-07-29 23:41:01.855 | info     |           Metal | Watcher checking device 1 (watcher_device_reader.cpp:393)
2026-07-29 23:41:01.859 | info     |           Metal | Watcher checking device 2 (watcher_device_reader.cpp:393)
2026-07-29 23:41:01.863 | info     |           Metal | Watcher checking device 3 (watcher_device_reader.cpp:393)
2026-07-29 23:41:01.908 | DEBUG    | conftest:mesh_device:599 - multidevice with 1 devices is created
optimized-dense-prefill: 0.9996553418224563
PASSED
models/autoports/coherelabs_north_mini_code_1_0/tests/test_optimized_decoder.py::test_optimized_sparse_layer_kinds_prefill[blackhole-mesh_device0-4] 2026-07-29 23:41:02.744 | DEBUG    | ttnn.device:__init__:152 - Using default dispatch core type for this system: DispatchCoreType.WORKER
2026-07-29 23:41:02.744 | DEBUG    | ttnn.device:__init__:154 - Using default dispatch core axis for this system: DispatchCoreAxis.COL
2026-07-29 23:41:02.744 | info     |       LLRuntime | Watcher thread stopped watching... (watcher_server.cpp:595)
2026-07-29 23:41:02.744 | info     |       LLRuntime | Watcher detached device 0 (watcher_server.cpp:181)
2026-07-29 23:41:02.745 | info     |       LLRuntime | Watcher detached device 1 (watcher_server.cpp:181)
2026-07-29 23:41:02.745 | info     |       LLRuntime | Watcher detached device 2 (watcher_server.cpp:181)
2026-07-29 23:41:02.745 | info     |       LLRuntime | Watcher detached device 3 (watcher_server.cpp:181)
2026-07-29 23:41:02.807 | info     |       LLRuntime | Watcher log file: /home/mvasiljevic/tt-metal/generated/watcher/watcher.log (watcher_server.cpp:286)
2026-07-29 23:41:02.807 | info     |       LLRuntime | Watcher attached device 0 (watcher_server.cpp:132)
2026-07-29 23:41:02.807 | info     |       LLRuntime | Watcher attached device 1 (watcher_server.cpp:132)
2026-07-29 23:41:02.807 | info     |       LLRuntime | Watcher attached device 2 (watcher_server.cpp:132)
2026-07-29 23:41:02.807 | info     |       LLRuntime | Watcher attached device 3 (watcher_server.cpp:132)
2026-07-29 23:41:02.807 | info     |       LLRuntime | Watcher server initialized, disabled features: None (watcher_server.cpp:547)
2026-07-29 23:41:02.807 | warning  |           Metal | Opening subset of mmio devices slows down UMD read/write to remote chips. If opening more devices, consider using CreateDevices API. (device_manager.cpp:261)
2026-07-29 23:41:02.807 | info     |           Metal | Watcher checking device 0 (watcher_device_reader.cpp:393)
2026-07-29 23:41:02.811 | info     |           Metal | Watcher checking device 1 (watcher_device_reader.cpp:393)
2026-07-29 23:41:02.815 | info     |           Metal | Watcher checking device 2 (watcher_device_reader.cpp:393)
2026-07-29 23:41:02.820 | info     |           Metal | Watcher checking device 3 (watcher_device_reader.cpp:393)
2026-07-29 23:41:02.864 | DEBUG    | conftest:mesh_device:599 - multidevice with 1 devices is created
optimized-layer-4-prefill: 1.0
PASSED
models/autoports/coherelabs_north_mini_code_1_0/tests/test_optimized_decoder.py::test_optimized_sparse_dynamic_trace_replay[blackhole-4-1-mesh_device0] 2026-07-29 23:41:04.405 | DEBUG    | ttnn.device:__init__:152 - Using default dispatch core type for this system: DispatchCoreType.WORKER
2026-07-29 23:41:04.405 | DEBUG    | ttnn.device:__init__:154 - Using default dispatch core axis for this system: DispatchCoreAxis.COL
2026-07-29 23:41:04.406 | info     |       LLRuntime | Watcher thread stopped watching... (watcher_server.cpp:595)
2026-07-29 23:41:04.406 | info     |       LLRuntime | Watcher detached device 0 (watcher_server.cpp:181)
2026-07-29 23:41:04.406 | info     |       LLRuntime | Watcher detached device 1 (watcher_server.cpp:181)
2026-07-29 23:41:04.406 | info     |       LLRuntime | Watcher detached device 2 (watcher_server.cpp:181)
2026-07-29 23:41:04.406 | info     |       LLRuntime | Watcher detached device 3 (watcher_server.cpp:181)
2026-07-29 23:41:04.472 | info     |       LLRuntime | Watcher log file: /home/mvasiljevic/tt-metal/generated/watcher/watcher.log (watcher_server.cpp:286)
2026-07-29 23:41:04.472 | info     |       LLRuntime | Watcher attached device 0 (watcher_server.cpp:132)
2026-07-29 23:41:04.472 | info     |       LLRuntime | Watcher attached device 1 (watcher_server.cpp:132)
2026-07-29 23:41:04.472 | info     |       LLRuntime | Watcher attached device 2 (watcher_server.cpp:132)
2026-07-29 23:41:04.472 | info     |       LLRuntime | Watcher attached device 3 (watcher_server.cpp:132)
2026-07-29 23:41:04.472 | info     |       LLRuntime | Watcher server initialized, disabled features: None (watcher_server.cpp:547)
2026-07-29 23:41:04.472 | info     |           Metal | Watcher checking device 0 (watcher_device_reader.cpp:393)
2026-07-29 23:41:04.472 | warning  |           Metal | Opening subset of mmio devices slows down UMD read/write to remote chips. If opening more devices, consider using CreateDevices API. (device_manager.cpp:261)
2026-07-29 23:41:04.476 | info     |           Metal | Watcher checking device 1 (watcher_device_reader.cpp:393)
2026-07-29 23:41:04.480 | info     |           Metal | Watcher checking device 2 (watcher_device_reader.cpp:393)
2026-07-29 23:41:04.484 | info     |           Metal | Watcher checking device 3 (watcher_device_reader.cpp:393)
2026-07-29 23:41:04.529 | DEBUG    | conftest:mesh_device:599 - multidevice with 1 devices is created
optimized-sparse-4-batch-1-trace: 0.9997874220600907
PASSED
models/autoports/coherelabs_north_mini_code_1_0/tests/test_optimized_decoder.py::test_real_weight_recorded_activation_dense_prefill[blackhole-mesh_device0-bfp4_attention] 2026-07-29 23:41:13.135 | DEBUG    | ttnn.device:__init__:152 - Using default dispatch core type for this system: DispatchCoreType.WORKER
2026-07-29 23:41:13.135 | DEBUG    | ttnn.device:__init__:154 - Using default dispatch core axis for this system: DispatchCoreAxis.COL
2026-07-29 23:41:13.135 | info     |       LLRuntime | Watcher thread stopped watching... (watcher_server.cpp:595)
2026-07-29 23:41:13.135 | info     |       LLRuntime | Watcher detached device 0 (watcher_server.cpp:181)
2026-07-29 23:41:13.139 | info     |       LLRuntime | Watcher detached device 1 (watcher_server.cpp:181)
2026-07-29 23:41:13.139 | info     |       LLRuntime | Watcher detached device 2 (watcher_server.cpp:181)
2026-07-29 23:41:13.139 | info     |       LLRuntime | Watcher detached device 3 (watcher_server.cpp:181)
2026-07-29 23:41:13.202 | info     |       LLRuntime | Watcher log file: /home/mvasiljevic/tt-metal/generated/watcher/watcher.log (watcher_server.cpp:286)
2026-07-29 23:41:13.202 | info     |       LLRuntime | Watcher attached device 0 (watcher_server.cpp:132)
2026-07-29 23:41:13.202 | info     |       LLRuntime | Watcher attached device 1 (watcher_server.cpp:132)
2026-07-29 23:41:13.202 | info     |       LLRuntime | Watcher attached device 2 (watcher_server.cpp:132)
2026-07-29 23:41:13.202 | info     |       LLRuntime | Watcher attached device 3 (watcher_server.cpp:132)
2026-07-29 23:41:13.202 | info     |       LLRuntime | Watcher server initialized, disabled features: None (watcher_server.cpp:547)
2026-07-29 23:41:13.202 | warning  |           Metal | Opening subset of mmio devices slows down UMD read/write to remote chips. If opening more devices, consider using CreateDevices API. (device_manager.cpp:261)
2026-07-29 23:41:13.202 | info     |           Metal | Watcher checking device 0 (watcher_device_reader.cpp:393)
2026-07-29 23:41:13.206 | info     |           Metal | Watcher checking device 1 (watcher_device_reader.cpp:393)
2026-07-29 23:41:13.210 | info     |           Metal | Watcher checking device 2 (watcher_device_reader.cpp:393)
2026-07-29 23:41:13.215 | info     |           Metal | Watcher checking device 3 (watcher_device_reader.cpp:393)
2026-07-29 23:41:13.258 | DEBUG    | conftest:mesh_device:599 - multidevice with 1 devices is created
real-dense-prefill-bfp4_attention: 0.9990450966188386
PASSED
models/autoports/coherelabs_north_mini_code_1_0/tests/test_optimized_decoder.py::test_real_weight_recorded_activation_dense_prefill[blackhole-mesh_device0-bfp4_mlp] 2026-07-29 23:41:13.649 | DEBUG    | ttnn.device:__init__:152 - Using default dispatch core type for this system: DispatchCoreType.WORKER
2026-07-29 23:41:13.649 | DEBUG    | ttnn.device:__init__:154 - Using default dispatch core axis for this system: DispatchCoreAxis.COL
2026-07-29 23:41:13.649 | info     |       LLRuntime | Watcher thread stopped watching... (watcher_server.cpp:595)
2026-07-29 23:41:13.649 | info     |       LLRuntime | Watcher detached device 0 (watcher_server.cpp:181)
2026-07-29 23:41:13.649 | info     |       LLRuntime | Watcher detached device 1 (watcher_server.cpp:181)
2026-07-29 23:41:13.649 | info     |       LLRuntime | Watcher detached device 2 (watcher_server.cpp:181)
2026-07-29 23:41:13.649 | info     |       LLRuntime | Watcher detached device 3 (watcher_server.cpp:181)
2026-07-29 23:41:13.712 | info     |       LLRuntime | Watcher log file: /home/mvasiljevic/tt-metal/generated/watcher/watcher.log (watcher_server.cpp:286)
2026-07-29 23:41:13.712 | info     |       LLRuntime | Watcher attached device 0 (watcher_server.cpp:132)
2026-07-29 23:41:13.712 | info     |       LLRuntime | Watcher attached device 1 (watcher_server.cpp:132)
2026-07-29 23:41:13.712 | info     |       LLRuntime | Watcher attached device 2 (watcher_server.cpp:132)
2026-07-29 23:41:13.712 | info     |       LLRuntime | Watcher attached device 3 (watcher_server.cpp:132)
2026-07-29 23:41:13.712 | info     |       LLRuntime | Watcher server initialized, disabled features: None (watcher_server.cpp:547)
2026-07-29 23:41:13.712 | info     |           Metal | Watcher checking device 0 (watcher_device_reader.cpp:393)
2026-07-29 23:41:13.712 | warning  |           Metal | Opening subset of mmio devices slows down UMD read/write to remote chips. If opening more devices, consider using CreateDevices API. (device_manager.cpp:261)
2026-07-29 23:41:13.716 | info     |           Metal | Watcher checking device 1 (watcher_device_reader.cpp:393)
2026-07-29 23:41:13.720 | info     |           Metal | Watcher checking device 2 (watcher_device_reader.cpp:393)
2026-07-29 23:41:13.724 | info     |           Metal | Watcher checking device 3 (watcher_device_reader.cpp:393)
2026-07-29 23:41:13.768 | DEBUG    | conftest:mesh_device:599 - multidevice with 1 devices is created
real-dense-prefill-bfp4_mlp: 0.996755510718349
PASSED
models/autoports/coherelabs_north_mini_code_1_0/tests/test_optimized_decoder.py::test_real_weight_recorded_activation_dense_prefill[blackhole-mesh_device0-all_bfp4] 2026-07-29 23:41:14.177 | DEBUG    | ttnn.device:__init__:152 - Using default dispatch core type for this system: DispatchCoreType.WORKER
2026-07-29 23:41:14.178 | DEBUG    | ttnn.device:__init__:154 - Using default dispatch core axis for this system: DispatchCoreAxis.COL
2026-07-29 23:41:14.178 | info     |       LLRuntime | Watcher thread stopped watching... (watcher_server.cpp:595)
2026-07-29 23:41:14.178 | info     |       LLRuntime | Watcher detached device 0 (watcher_server.cpp:181)
2026-07-29 23:41:14.178 | info     |       LLRuntime | Watcher detached device 1 (watcher_server.cpp:181)
2026-07-29 23:41:14.178 | info     |       LLRuntime | Watcher detached device 2 (watcher_server.cpp:181)
2026-07-29 23:41:14.178 | info     |       LLRuntime | Watcher detached device 3 (watcher_server.cpp:181)
2026-07-29 23:41:14.243 | info     |       LLRuntime | Watcher log file: /home/mvasiljevic/tt-metal/generated/watcher/watcher.log (watcher_server.cpp:286)
2026-07-29 23:41:14.243 | info     |       LLRuntime | Watcher attached device 0 (watcher_server.cpp:132)
2026-07-29 23:41:14.243 | info     |       LLRuntime | Watcher attached device 1 (watcher_server.cpp:132)
2026-07-29 23:41:14.243 | info     |       LLRuntime | Watcher attached device 2 (watcher_server.cpp:132)
2026-07-29 23:41:14.243 | info     |       LLRuntime | Watcher attached device 3 (watcher_server.cpp:132)
2026-07-29 23:41:14.243 | info     |       LLRuntime | Watcher server initialized, disabled features: None (watcher_server.cpp:547)
2026-07-29 23:41:14.243 | info     |           Metal | Watcher checking device 0 (watcher_device_reader.cpp:393)
2026-07-29 23:41:14.243 | warning  |           Metal | Opening subset of mmio devices slows down UMD read/write to remote chips. If opening more devices, consider using CreateDevices API. (device_manager.cpp:261)
2026-07-29 23:41:14.248 | info     |           Metal | Watcher checking device 1 (watcher_device_reader.cpp:393)
2026-07-29 23:41:14.252 | info     |           Metal | Watcher checking device 2 (watcher_device_reader.cpp:393)
2026-07-29 23:41:14.256 | info     |           Metal | Watcher checking device 3 (watcher_device_reader.cpp:393)
2026-07-29 23:41:14.303 | DEBUG    | conftest:mesh_device:599 - multidevice with 1 devices is created
real-dense-prefill-all_bfp4: 0.9962005975259479
PASSED

=============================== warnings summary ===============================
models/autoports/coherelabs_north_mini_code_1_0/tests/test_optimized_decoder.py::test_optimized_dense_traced_decode[blackhole-mesh_device0]
  /home/mvasiljevic/tt-metal/models/autoports/coherelabs_north_mini_code_1_0/tests/test_functional_decoder.py:326: UserWarning: To copy construct from a tensor, it is recommended to use sourceTensor.detach().clone() or sourceTensor.detach().clone().requires_grad_(True), rather than torch.tensor(sourceTensor).
    _to_tt(torch.tensor(positions, dtype=torch.int32), mesh_device, dtype=ttnn.int32, layout=ttnn.ROW_MAJOR_LAYOUT),

-- Docs: https://docs.pytest.org/en/stable/how-to/capture-warnings.html
==================================== PASSES ====================================
- generated xml file: /home/mvasiljevic/tt-metal/models/autoports/coherelabs_north_mini_code_1_0/doc/optimized_decoder/watcher_correctness.xml -
============================== slowest durations ===============================
8.38s call     models/autoports/coherelabs_north_mini_code_1_0/tests/test_optimized_decoder.py::test_optimized_sparse_dynamic_trace_replay[blackhole-1-32-mesh_device0]
8.27s call     models/autoports/coherelabs_north_mini_code_1_0/tests/test_optimized_decoder.py::test_optimized_sparse_dynamic_trace_replay[blackhole-4-1-mesh_device0]
1.49s setup    models/autoports/coherelabs_north_mini_code_1_0/tests/test_optimized_decoder.py::test_optimized_dense_non_aligned_prefill[blackhole-mesh_device0-33]
1.22s call     models/autoports/coherelabs_north_mini_code_1_0/tests/test_optimized_decoder.py::test_optimized_sparse_layer_kinds_prefill[blackhole-mesh_device0-1]
1.19s call     models/autoports/coherelabs_north_mini_code_1_0/tests/test_optimized_decoder.py::test_optimized_sparse_layer_kinds_prefill[blackhole-mesh_device0-4]
0.92s call     models/autoports/coherelabs_north_mini_code_1_0/tests/test_optimized_decoder.py::test_real_weight_recorded_activation_sparse_decode[blackhole-mesh_device0-bfp8_hifi2]
0.67s call     models/autoports/coherelabs_north_mini_code_1_0/tests/test_optimized_decoder.py::test_optimized_dense_non_aligned_prefill[blackhole-mesh_device0-33]
0.51s call     models/autoports/coherelabs_north_mini_code_1_0/tests/test_optimized_decoder.py::test_optimized_dense_traced_decode[blackhole-mesh_device0]
0.50s call     models/autoports/coherelabs_north_mini_code_1_0/tests/test_optimized_decoder.py::test_optimized_paged_cache_slots_and_determinism[blackhole-mesh_device0]
0.48s call     models/autoports/coherelabs_north_mini_code_1_0/tests/test_optimized_decoder.py::test_optimized_dense_non_aligned_prefill[blackhole-mesh_device0-65]
0.35s setup    models/autoports/coherelabs_north_mini_code_1_0/tests/test_optimized_decoder.py::test_real_weight_recorded_activation_dense_prefill[blackhole-mesh_device0-all_bfp4]
0.34s setup    models/autoports/coherelabs_north_mini_code_1_0/tests/test_optimized_decoder.py::test_optimized_sparse_dynamic_trace_replay[blackhole-4-1-mesh_device0]
0.34s setup    models/autoports/coherelabs_north_mini_code_1_0/tests/test_optimized_decoder.py::test_optimized_sparse_layer_kinds_prefill[blackhole-mesh_device0-1]
0.34s setup    models/autoports/coherelabs_north_mini_code_1_0/tests/test_optimized_decoder.py::test_optimized_sparse_layer_kinds_prefill[blackhole-mesh_device0-4]
0.34s setup    models/autoports/coherelabs_north_mini_code_1_0/tests/test_optimized_decoder.py::test_optimized_sparse_dynamic_trace_replay[blackhole-1-32-mesh_device0]
0.33s setup    models/autoports/coherelabs_north_mini_code_1_0/tests/test_optimized_decoder.py::test_real_weight_recorded_activation_sparse_decode[blackhole-mesh_device0-bfp8_hifi2]
0.33s setup    models/autoports/coherelabs_north_mini_code_1_0/tests/test_optimized_decoder.py::test_real_weight_recorded_activation_dense_prefill[blackhole-mesh_device0-bfp8_hifi2]
0.33s setup    models/autoports/coherelabs_north_mini_code_1_0/tests/test_optimized_decoder.py::test_optimized_dense_non_aligned_prefill[blackhole-mesh_device0-65]
0.32s setup    models/autoports/coherelabs_north_mini_code_1_0/tests/test_optimized_decoder.py::test_real_weight_recorded_activation_dense_prefill[blackhole-mesh_device0-bfp4_mlp]
0.32s setup    models/autoports/coherelabs_north_mini_code_1_0/tests/test_optimized_decoder.py::test_optimized_paged_cache_slots_and_determinism[blackhole-mesh_device0]
0.32s setup    models/autoports/coherelabs_north_mini_code_1_0/tests/test_optimized_decoder.py::test_optimized_dense_traced_decode[blackhole-mesh_device0]
0.32s setup    models/autoports/coherelabs_north_mini_code_1_0/tests/test_optimized_decoder.py::test_real_weight_recorded_activation_dense_prefill[blackhole-mesh_device0-bfp4_attention]
0.18s setup    models/autoports/coherelabs_north_mini_code_1_0/tests/test_optimized_decoder.py::test_optimized_path_owns_dense_runtime
0.13s teardown models/autoports/coherelabs_north_mini_code_1_0/tests/test_optimized_decoder.py::test_optimized_dense_non_aligned_prefill[blackhole-mesh_device0-65]
0.13s teardown models/autoports/coherelabs_north_mini_code_1_0/tests/test_optimized_decoder.py::test_optimized_sparse_dynamic_trace_replay[blackhole-4-1-mesh_device0]
0.13s teardown models/autoports/coherelabs_north_mini_code_1_0/tests/test_optimized_decoder.py::test_real_weight_recorded_activation_sparse_decode[blackhole-mesh_device0-bfp8_hifi2]
0.13s teardown models/autoports/coherelabs_north_mini_code_1_0/tests/test_optimized_decoder.py::test_real_weight_recorded_activation_dense_prefill[blackhole-mesh_device0-bfp8_hifi2]
0.13s teardown models/autoports/coherelabs_north_mini_code_1_0/tests/test_optimized_decoder.py::test_optimized_sparse_layer_kinds_prefill[blackhole-mesh_device0-4]
0.13s teardown models/autoports/coherelabs_north_mini_code_1_0/tests/test_optimized_decoder.py::test_optimized_paged_cache_slots_and_determinism[blackhole-mesh_device0]
0.13s teardown models/autoports/coherelabs_north_mini_code_1_0/tests/test_optimized_decoder.py::test_optimized_dense_non_aligned_prefill[blackhole-mesh_device0-33]
0.13s teardown models/autoports/coherelabs_north_mini_code_1_0/tests/test_optimized_decoder.py::test_real_weight_recorded_activation_dense_prefill[blackhole-mesh_device0-bfp4_attention]
0.13s teardown models/autoports/coherelabs_north_mini_code_1_0/tests/test_optimized_decoder.py::test_real_weight_recorded_activation_dense_prefill[blackhole-mesh_device0-bfp4_mlp]
0.13s teardown models/autoports/coherelabs_north_mini_code_1_0/tests/test_optimized_decoder.py::test_real_weight_recorded_activation_dense_prefill[blackhole-mesh_device0-all_bfp4]
0.13s teardown models/autoports/coherelabs_north_mini_code_1_0/tests/test_optimized_decoder.py::test_optimized_sparse_dynamic_trace_replay[blackhole-1-32-mesh_device0]
0.12s teardown models/autoports/coherelabs_north_mini_code_1_0/tests/test_optimized_decoder.py::test_optimized_dense_traced_decode[blackhole-mesh_device0]
0.12s teardown models/autoports/coherelabs_north_mini_code_1_0/tests/test_optimized_decoder.py::test_optimized_sparse_layer_kinds_prefill[blackhole-mesh_device0-1]
0.06s call     models/autoports/coherelabs_north_mini_code_1_0/tests/test_optimized_decoder.py::test_real_weight_recorded_activation_dense_prefill[blackhole-mesh_device0-bfp8_hifi2]
0.06s call     models/autoports/coherelabs_north_mini_code_1_0/tests/test_optimized_decoder.py::test_real_weight_recorded_activation_dense_prefill[blackhole-mesh_device0-all_bfp4]
0.06s call     models/autoports/coherelabs_north_mini_code_1_0/tests/test_optimized_decoder.py::test_real_weight_recorded_activation_dense_prefill[blackhole-mesh_device0-bfp4_mlp]
0.06s call     models/autoports/coherelabs_north_mini_code_1_0/tests/test_optimized_decoder.py::test_real_weight_recorded_activation_dense_prefill[blackhole-mesh_device0-bfp4_attention]

(2 durations < 0.005s hidden.  Use -vv to show these durations.)
=========================== short test summary info ============================
PASSED models/autoports/coherelabs_north_mini_code_1_0/tests/test_optimized_decoder.py::test_optimized_path_owns_dense_runtime
PASSED models/autoports/coherelabs_north_mini_code_1_0/tests/test_optimized_decoder.py::test_optimized_dense_non_aligned_prefill[blackhole-mesh_device0-33]
PASSED models/autoports/coherelabs_north_mini_code_1_0/tests/test_optimized_decoder.py::test_optimized_dense_traced_decode[blackhole-mesh_device0]
PASSED models/autoports/coherelabs_north_mini_code_1_0/tests/test_optimized_decoder.py::test_optimized_sparse_layer_kinds_prefill[blackhole-mesh_device0-1]
PASSED models/autoports/coherelabs_north_mini_code_1_0/tests/test_optimized_decoder.py::test_optimized_sparse_dynamic_trace_replay[blackhole-1-32-mesh_device0]
PASSED models/autoports/coherelabs_north_mini_code_1_0/tests/test_optimized_decoder.py::test_optimized_paged_cache_slots_and_determinism[blackhole-mesh_device0]
PASSED models/autoports/coherelabs_north_mini_code_1_0/tests/test_optimized_decoder.py::test_real_weight_recorded_activation_dense_prefill[blackhole-mesh_device0-bfp8_hifi2]
PASSED models/autoports/coherelabs_north_mini_code_1_0/tests/test_optimized_decoder.py::test_real_weight_recorded_activation_sparse_decode[blackhole-mesh_device0-bfp8_hifi2]
PASSED models/autoports/coherelabs_north_mini_code_1_0/tests/test_optimized_decoder.py::test_optimized_dense_non_aligned_prefill[blackhole-mesh_device0-65]
PASSED models/autoports/coherelabs_north_mini_code_1_0/tests/test_optimized_decoder.py::test_optimized_sparse_layer_kinds_prefill[blackhole-mesh_device0-4]
PASSED models/autoports/coherelabs_north_mini_code_1_0/tests/test_optimized_decoder.py::test_optimized_sparse_dynamic_trace_replay[blackhole-4-1-mesh_device0]
PASSED models/autoports/coherelabs_north_mini_code_1_0/tests/test_optimized_decoder.py::test_real_weight_recorded_activation_dense_prefill[blackhole-mesh_device0-bfp4_attention]
PASSED models/autoports/coherelabs_north_mini_code_1_0/tests/test_optimized_decoder.py::test_real_weight_recorded_activation_dense_prefill[blackhole-mesh_device0-bfp4_mlp]
PASSED models/autoports/coherelabs_north_mini_code_1_0/tests/test_optimized_decoder.py::test_real_weight_recorded_activation_dense_prefill[blackhole-mesh_device0-all_bfp4]
======================== 14 passed, 1 warning in 30.24s ========================
nanobind: leaked 2 instances!
 - leaked instance 0x7fe13e420108 of type "ttnn._ttnn.tensor.MemoryConfig"
 - leaked instance 0x7fe13eb960b8 of type "ttnn._ttnn.tensor.CoreRangeSet"
nanobind: leaked 20 types!
 - leaked type "ttnn._ttnn.operations.matmul.MatmulMultiCoreReuseMultiCast1DProgramConfig"
 - leaked type "ttnn._ttnn.operations.matmul.MatmulInputs"
 - leaked type "ttnn._ttnn.operations.matmul.MatmulMultiCoreReuseMultiCastBatchedDRAMShardedProgramConfig"
 - leaked type "BufferType"
 - leaked type "UnaryOpType"
 - leaked type "Layout"
 - leaked type "ttnn._ttnn.operations.matmul.MatmulMultiCoreReuseOptimizedProgramFactory"
 - leaked type "Arch"
 - leaked type "ttnn._ttnn.operations.matmul.MatmulParams"
 - leaked type "ttnn._ttnn.tensor.CoreRangeSet"
 - ... skipped remainder
nanobind: leaked 247 functions!
 - leaked function "unpad"
 - leaked function ""
 - leaked function "to_json"
 - leaked function ""
 - leaked function ""
 - leaked function ""
 - leaked function ""
 - leaked function "__repr__"
 - leaked function "device"
 - leaked function "matmul_select_program_factory"
 - ... skipped remainder
nanobind: this is likely caused by a reference counting issue in the binding code.
See https://nanobind.readthedocs.io/en/latest/refleaks.html2026-07-29 23:41:16.247 | info     |    BuildKernels | JIT cache stats: 583/583 hits (100.0%) [583 cached, 1342 build-once dedup, 0 merged artifacts, 0 merged genfiles] (build_cache_telemetry.cpp:207)
2026-07-29 23:41:16.247 | info     |    BuildKernels | JIT telemetry: 3 registered TelemetryTokens (build_cache_telemetry.cpp:230)
2026-07-29 23:41:16.248 | info     |       LLRuntime | Watcher thread stopped watching... (watcher_server.cpp:595)
2026-07-29 23:41:16.248 | info     |       LLRuntime | Watcher detached device 0 (watcher_server.cpp:181)
2026-07-29 23:41:16.248 | info     |       LLRuntime | Watcher detached device 1 (watcher_server.cpp:181)
2026-07-29 23:41:16.248 | info     |       LLRuntime | Watcher detached device 2 (watcher_server.cpp:181)
2026-07-29 23:41:16.248 | info     |       LLRuntime | Watcher detached device 3 (watcher_server.cpp:181)
2026-07-29 23:41:16.259 | info     |          Device | Closing user mode device drivers (tt_cluster.cpp:512)
2026-07-29 23:41:16.259 | info     |             UMD | Closing devices in cluster (cluster.cpp:1037)
2026-07-29 23:41:16.822 | info     |             UMD | Closing devices in cluster completed. (cluster.cpp:1046)
2026-07-29 23:41:16.822 | info     |             UMD | Cluster destructor started. (cluster.cpp:754)
2026-07-29 23:41:16.822 | info     |             UMD | Cluster destructor completed. (cluster.cpp:757)
