2026-08-19 12:06:23.033 | DEBUG    | ttnn:<module>:79 - Initial ttnn.CONFIG:
Config{cache_path=/home/ttuser/.cache/ttnn,model_cache_path=/home/ttuser/.cache/ttnn/models,tmp_dir=/tmp/ttnn,enable_model_cache=false,enable_fast_runtime_mode=true,throw_exception_on_fallback=false,enable_logging=false,enable_graph_report=false,enable_graph_python_stack_traces=false,enable_detailed_buffer_report=false,enable_detailed_tensor_report=false,enable_comparison_mode=false,comparison_mode_should_raise_exception=false,comparison_mode_pcc=0.9999,root_report_path=generated/ttnn/reports,report_name=std::nullopt,std::nullopt}
2026-08-19 12:06:23.069 | info     |          Device | Opening user mode device driver (tt_cluster.cpp:228)
2026-08-19 12:06:23.069 | info     |             UMD | Cluster constructor started. (cluster.cpp:348)
2026-08-19 12:06:23.069 | info     |             UMD | Creating TopologyDiscovery for architecture: blackhole (topology_discovery.cpp:91)
2026-08-19 12:06:23.069 | info     |             UMD | Starting topology discovery. (topology_discovery.cpp:110)
2026-08-19 12:06:23.070 | info     |             UMD | Established firmware bundle version: 19.9.0 (topology_discovery.cpp:569)
2026-08-19 12:06:23.070 | info     |             UMD | Firmware bundle version 19.9.0 on the system is newer than the latest fully tested version 19.5.0 for blackhole architecture. Newest features may not be supported. (topology_discovery.cpp:601)
2026-08-19 12:06:23.074 | info     |             UMD | Completed topology discovery. (topology_discovery.cpp:114)
2026-08-19 12:06:23.295 | info     |             UMD | Opening local chip ids/PCIe ids: {0, 1, 2, 3}/[0, 1, 2, 3] and remote chip ids {} (cluster.cpp:168)
2026-08-19 12:06:23.295 | info     |             UMD | IOMMU: enabled (cluster.cpp:142)
2026-08-19 12:06:23.295 | info     |             UMD | KMD version: 2.10.0 (cluster.cpp:145)
2026-08-19 12:06:23.295 | info     |             UMD | Cluster constructor completed. (cluster.cpp:520)
2026-08-19 12:06:23.297 | info     |             UMD | Starting devices in cluster (cluster.cpp:1024)
2026-08-19 12:06:23.577 | info     |             UMD | Starting devices in cluster completed. (cluster.cpp:1032)
2026-08-19 12:06:23.701 | info     |     Distributed | Using auto discovery to generate mesh graph. (metal_env.cpp:367)
2026-08-19 12:06:23.701 | info     |     Distributed | Constructing control plane using auto-discovery (no mesh graph descriptor). (metal_env.cpp:429)
2026-08-19 12:06:23.702 | warning  |          Always | Unknown motherboard 'B850M-C' for chip_id=0 (bus_id=0x1) — falling back to bus_id as tray_id. Add this motherboard and its bus IDs to mobo_to_bus_ids in physical_system_discovery.cpp. (physical_system_discovery.cpp:89)
2026-08-19 12:06:23.702 | warning  |          Always | Unknown motherboard 'B850M-C' for chip_id=1 (bus_id=0x2) — falling back to bus_id as tray_id. Add this motherboard and its bus IDs to mobo_to_bus_ids in physical_system_discovery.cpp. (physical_system_discovery.cpp:89)
2026-08-19 12:06:23.702 | warning  |          Always | Unknown motherboard 'B850M-C' for chip_id=2 (bus_id=0x3) — falling back to bus_id as tray_id. Add this motherboard and its bus IDs to mobo_to_bus_ids in physical_system_discovery.cpp. (physical_system_discovery.cpp:89)
2026-08-19 12:06:23.702 | warning  |          Always | Unknown motherboard 'B850M-C' for chip_id=3 (bus_id=0x4) — falling back to bus_id as tray_id. Add this motherboard and its bus IDs to mobo_to_bus_ids in physical_system_discovery.cpp. (physical_system_discovery.cpp:89)
2026-08-19 12:06:23.702 | warning  |          Always | Unknown motherboard 'B850M-C' for chip_id=1 (bus_id=0x2) — falling back to bus_id as tray_id. Add this motherboard and its bus IDs to mobo_to_bus_ids in physical_system_discovery.cpp. (physical_system_discovery.cpp:89)
2026-08-19 12:06:23.702 | warning  |          Always | Unknown motherboard 'B850M-C' for chip_id=0 (bus_id=0x1) — falling back to bus_id as tray_id. Add this motherboard and its bus IDs to mobo_to_bus_ids in physical_system_discovery.cpp. (physical_system_discovery.cpp:89)
2026-08-19 12:06:23.702 | warning  |          Always | Unknown motherboard 'B850M-C' for chip_id=2 (bus_id=0x3) — falling back to bus_id as tray_id. Add this motherboard and its bus IDs to mobo_to_bus_ids in physical_system_discovery.cpp. (physical_system_discovery.cpp:89)
2026-08-19 12:06:23.702 | warning  |          Always | Unknown motherboard 'B850M-C' for chip_id=3 (bus_id=0x4) — falling back to bus_id as tray_id. Add this motherboard and its bus IDs to mobo_to_bus_ids in physical_system_discovery.cpp. (physical_system_discovery.cpp:89)
2026-08-19 12:06:23.702 | info     |          Fabric | Logical multi-mesh adjacency: intermesh degree histogram {0:1}; intra-mesh degree histograms mesh0 {2:4} (topology_mapper_utils.cpp:2342)
2026-08-19 12:06:23.702 | info     |          Fabric | Physical multi-mesh adjacency: intermesh degree histogram {0:1}; intra-mesh degree histograms mesh0 {2:4} (topology_mapper_utils.cpp:2350)
2026-08-19 12:06:23.702 | DEBUG    | ttnn.device:__init__:152 - Using default dispatch core type for this system: DispatchCoreType.WORKER
2026-08-19 12:06:23.702 | DEBUG    | ttnn.device:__init__:154 - Using default dispatch core axis for this system: DispatchCoreAxis.COL
2026-08-19 12:06:23.743 | info     |           Metal | Initializing Fabric (fabric_firmware_initializer.cpp:288)
2026-08-19 12:06:23.760 | info     |           Metal | Fabric initialized on Device 0 (device.cpp:429)
2026-08-19 12:06:23.761 | info     |           Metal | Fabric initialized on Device 1 (device.cpp:429)
2026-08-19 12:06:23.762 | info     |           Metal | Fabric initialized on Device 2 (device.cpp:429)
2026-08-19 12:06:23.762 | info     |           Metal | Fabric initialized on Device 3 (device.cpp:429)
2026-08-19 12:06:23.762 | info     |           Metal | Fabric initialized on 4 devices (fabric_firmware_initializer.cpp:435)
2026-08-19 12:06:23.762 | info     |           Metal | Fabric Initialized with config FabricConfig::FABRIC_1D_RING (fabric_firmware_initializer.cpp:305)
2026-08-19 12:06:23.802 | info     |           Metal | ShmResourceTracker: removed orphaned shm '/tt_device_154095681929248_memory' (shm_resource_tracker.cpp:282)
2026-08-19 12:06:23.802 | info     |           Metal | ShmResourceTracker: removed orphaned shm '/tt_device_154095681929249_memory' (shm_resource_tracker.cpp:282)
2026-08-19 12:06:23.802 | info     |           Metal | ShmResourceTracker: removed orphaned shm '/tt_device_154095681931936_memory' (shm_resource_tracker.cpp:282)
2026-08-19 12:06:23.802 | info     |           Metal | ShmResourceTracker: removed orphaned shm '/tt_device_154095681931937_memory' (shm_resource_tracker.cpp:282)
2026-08-19 12:06:24.381 | info     |           Metal | [Real-time profiler] Device 3 sync complete: 100 samples, frequency=1.349990 GHz, device_time_at_sync=8285614636143 cycles (realtime_profiler_manager.cpp:1127)
2026-08-19 12:06:24.382 | info     |           Metal | [Real-time profiler] Device 2 sync complete: 100 samples, frequency=1.349988 GHz, device_time_at_sync=8281457255174 cycles (realtime_profiler_manager.cpp:1127)
2026-08-19 12:06:24.382 | info     |           Metal | [Real-time profiler] Device 0 sync complete: 100 samples, frequency=1.349988 GHz, device_time_at_sync=8301858266053 cycles (realtime_profiler_manager.cpp:1127)
2026-08-19 12:06:24.383 | info     |           Metal | [Real-time profiler] Device 1 sync complete: 100 samples, frequency=1.349989 GHz, device_time_at_sync=8277145487843 cycles (realtime_profiler_manager.cpp:1127)
Prompt (59 tokens):
Once upon a time, in a small village nestled between two great mountains, there lived a curious young girl named Elena. Every morning, she would climb to the top of the eastern hill and watch the sunrise paint the valley gold. One day, while sitting beneath her favorite oak tree, she noticed

Running HF reference on cpu...
Fetching 26 files:   0%|          | 0/26 [00:00<?, ?it/s]Fetching 26 files: 100%|██████████| 26/26 [00:00<00:00, 24185.39it/s]
[transformers] The fast path is not available because one of the required library is not installed. Falling back to torch implementation. To install follow https://github.com/fla-org/flash-linear-attention#installation and https://github.com/Dao-AILab/causal-conv1d
Loading weights:   0%|          | 0/693 [00:00<?, ?it/s]Loading weights: 100%|██████████| 693/693 [00:00<00:00, 33804.58it/s]
[transformers] The attention mask is not set and cannot be inferred from input because pad token is same as eos token. As a consequence, you may observe unexpected behavior. Please pass your input's `attention_mask` to obtain reliable results.
HF produced 100 tokens.
Building TT generator...
Running TT autoregressive generation...
TT produced 100 tokens.

Saved HF completion → /localdev/vkovacevic/tt-metal/models/autoports/qwen_qwen3_6_35b_a3b/doc/full_model/artifacts/autoregressive_default_prompt_100/hf_completion.txt
Saved TT completion → /localdev/vkovacevic/tt-metal/models/autoports/qwen_qwen3_6_35b_a3b/doc/full_model/artifacts/autoregressive_default_prompt_100/tt_completion.txt
Saved metadata     → /localdev/vkovacevic/tt-metal/models/autoports/qwen_qwen3_6_35b_a3b/doc/full_model/artifacts/autoregressive_default_prompt_100/autoregressive_meta.json
nanobind: leaked 2 instances!
 - leaked instance 0x704a6011a148 of type "ttnn._ttnn.tensor.CoreRangeSet"
 - leaked instance 0x704a600362c8 of type "ttnn._ttnn.device.DispatchCoreConfig"
nanobind: leaked 36 types!
 - leaked type "DispatchCoreAxis"
 - leaked type "ttnn._ttnn.device.SubDeviceManagerId"
 - leaked type "MathFidelity"
 - leaked type "ttnn._ttnn.operations.matmul.MatmulMultiCoreReuseMultiCast1DProgramConfig"
 - leaked type "ttnn._ttnn.operations.matmul.MatmulInputs"
 - leaked type "ttnn._ttnn.operations.matmul.MatmulMultiCoreReuseMultiCastBatchedDRAMShardedProgramConfig"
 - leaked type "BufferType"
 - leaked type "UnaryOpType"
 - leaked type "Layout"
 - leaked type "ttnn._ttnn.operations.matmul.MatmulMultiCoreReuseOptimizedProgramFactory"
 - ... skipped remainder
nanobind: leaked 305 functions!
 - leaked function "sfpu_inf"
 - leaked function ""
 - leaked function ""
 - leaked function "__init__"
 - leaked function "get_layout"
 - leaked function "__init__"
 - leaked function ""
 - leaked function ""
 - leaked function ""
 - leaked function "mesh_size"
 - ... skipped remainder
nanobind: this is likely caused by a reference counting issue in the binding code.
See https://nanobind.readthedocs.io/en/latest/refleaks.html2026-08-19 12:12:20.000 | info     |    BuildKernels | JIT cache stats: 727/727 hits (100.0%) [727 cached, 814 build-once dedup, 0 merged artifacts, 0 merged genfiles] (build_cache_telemetry.cpp:207)
2026-08-19 12:12:20.000 | info     |    BuildKernels | JIT telemetry: 3 registered TelemetryTokens (build_cache_telemetry.cpp:230)
2026-08-19 12:12:20.019 | info     |          Device | Closing user mode device drivers (tt_cluster.cpp:512)
2026-08-19 12:12:20.019 | info     |             UMD | Closing devices in cluster (cluster.cpp:1037)
2026-08-19 12:12:20.612 | info     |             UMD | Closing devices in cluster completed. (cluster.cpp:1046)
2026-08-19 12:12:20.612 | info     |             UMD | Cluster destructor started. (cluster.cpp:754)
2026-08-19 12:12:20.613 | info     |             UMD | Cluster destructor completed. (cluster.cpp:757)
