2026-08-19 15:16:53.992 | info     |          Device | Opening user mode device driver (tt_cluster.cpp:228)
2026-08-19 15:16:53.992 | info     |             UMD | Cluster constructor started. (cluster.cpp:348)
2026-08-19 15:16:53.992 | info     |             UMD | Creating TopologyDiscovery for architecture: blackhole (topology_discovery.cpp:91)
2026-08-19 15:16:53.992 | info     |             UMD | Starting topology discovery. (topology_discovery.cpp:110)
2026-08-19 15:16:53.993 | info     |             UMD | Established firmware bundle version: 19.9.0 (topology_discovery.cpp:569)
2026-08-19 15:16:53.993 | info     |             UMD | Firmware bundle version 19.9.0 on the system is newer than the latest fully tested version 19.5.0 for blackhole architecture. Newest features may not be supported. (topology_discovery.cpp:601)
2026-08-19 15:16:53.997 | info     |             UMD | Completed topology discovery. (topology_discovery.cpp:114)
2026-08-19 15:16:54.217 | info     |             UMD | Opening local chip ids/PCIe ids: {0, 1, 2, 3}/[0, 1, 2, 3] and remote chip ids {} (cluster.cpp:168)
2026-08-19 15:16:54.217 | info     |             UMD | IOMMU: enabled (cluster.cpp:142)
2026-08-19 15:16:54.217 | info     |             UMD | KMD version: 2.10.0 (cluster.cpp:145)
2026-08-19 15:16:54.217 | info     |             UMD | Cluster constructor completed. (cluster.cpp:520)
2026-08-19 15:16:54.219 | info     |             UMD | Starting devices in cluster (cluster.cpp:1024)
2026-08-19 15:16:54.337 | info     |             UMD | Starting devices in cluster completed. (cluster.cpp:1032)
2026-08-19 15:16:54.453 | info     |     Distributed | Using auto discovery to generate mesh graph. (metal_env.cpp:367)
2026-08-19 15:16:54.453 | info     |     Distributed | Constructing control plane using auto-discovery (no mesh graph descriptor). (metal_env.cpp:429)
2026-08-19 15:16:54.453 | warning  |          Always | Unknown motherboard 'B850M-C' for chip_id=0 (bus_id=0x1) — falling back to bus_id as tray_id. Add this motherboard and its bus IDs to mobo_to_bus_ids in physical_system_discovery.cpp. (physical_system_discovery.cpp:89)
2026-08-19 15:16:54.453 | warning  |          Always | Unknown motherboard 'B850M-C' for chip_id=1 (bus_id=0x2) — falling back to bus_id as tray_id. Add this motherboard and its bus IDs to mobo_to_bus_ids in physical_system_discovery.cpp. (physical_system_discovery.cpp:89)
2026-08-19 15:16:54.453 | warning  |          Always | Unknown motherboard 'B850M-C' for chip_id=2 (bus_id=0x3) — falling back to bus_id as tray_id. Add this motherboard and its bus IDs to mobo_to_bus_ids in physical_system_discovery.cpp. (physical_system_discovery.cpp:89)
2026-08-19 15:16:54.453 | warning  |          Always | Unknown motherboard 'B850M-C' for chip_id=3 (bus_id=0x4) — falling back to bus_id as tray_id. Add this motherboard and its bus IDs to mobo_to_bus_ids in physical_system_discovery.cpp. (physical_system_discovery.cpp:89)
2026-08-19 15:16:54.453 | warning  |          Always | Unknown motherboard 'B850M-C' for chip_id=1 (bus_id=0x2) — falling back to bus_id as tray_id. Add this motherboard and its bus IDs to mobo_to_bus_ids in physical_system_discovery.cpp. (physical_system_discovery.cpp:89)
2026-08-19 15:16:54.453 | warning  |          Always | Unknown motherboard 'B850M-C' for chip_id=0 (bus_id=0x1) — falling back to bus_id as tray_id. Add this motherboard and its bus IDs to mobo_to_bus_ids in physical_system_discovery.cpp. (physical_system_discovery.cpp:89)
2026-08-19 15:16:54.453 | warning  |          Always | Unknown motherboard 'B850M-C' for chip_id=2 (bus_id=0x3) — falling back to bus_id as tray_id. Add this motherboard and its bus IDs to mobo_to_bus_ids in physical_system_discovery.cpp. (physical_system_discovery.cpp:89)
2026-08-19 15:16:54.453 | warning  |          Always | Unknown motherboard 'B850M-C' for chip_id=3 (bus_id=0x4) — falling back to bus_id as tray_id. Add this motherboard and its bus IDs to mobo_to_bus_ids in physical_system_discovery.cpp. (physical_system_discovery.cpp:89)
2026-08-19 15:16:54.454 | info     |          Fabric | Logical multi-mesh adjacency: intermesh degree histogram {0:1}; intra-mesh degree histograms mesh0 {2:4} (topology_mapper_utils.cpp:2342)
2026-08-19 15:16:54.454 | info     |          Fabric | Physical multi-mesh adjacency: intermesh degree histogram {0:1}; intra-mesh degree histograms mesh0 {2:4} (topology_mapper_utils.cpp:2350)
2026-08-19 15:16:54.500 | info     |           Metal | Initializing Fabric (fabric_firmware_initializer.cpp:288)
2026-08-19 15:16:54.516 | info     |           Metal | Fabric initialized on Device 0 (device.cpp:429)
2026-08-19 15:16:54.518 | info     |           Metal | Fabric initialized on Device 1 (device.cpp:429)
2026-08-19 15:16:54.519 | info     |           Metal | Fabric initialized on Device 2 (device.cpp:429)
2026-08-19 15:16:54.519 | info     |           Metal | Fabric initialized on Device 3 (device.cpp:429)
2026-08-19 15:16:54.519 | info     |           Metal | Fabric initialized on 4 devices (fabric_firmware_initializer.cpp:435)
2026-08-19 15:16:54.520 | info     |           Metal | Fabric Initialized with config FabricConfig::FABRIC_1D_RING (fabric_firmware_initializer.cpp:305)
2026-08-19 15:16:54.560 | info     |           Metal | ShmResourceTracker: removed orphaned shm '/tt_device_154095681929248_memory' (shm_resource_tracker.cpp:282)
2026-08-19 15:16:54.560 | info     |           Metal | ShmResourceTracker: removed orphaned shm '/tt_device_154095681929249_memory' (shm_resource_tracker.cpp:282)
2026-08-19 15:16:54.560 | info     |           Metal | ShmResourceTracker: removed orphaned shm '/tt_device_154095681931936_memory' (shm_resource_tracker.cpp:282)
2026-08-19 15:16:54.560 | info     |           Metal | ShmResourceTracker: removed orphaned shm '/tt_device_154095681931937_memory' (shm_resource_tracker.cpp:282)
2026-08-19 15:16:55.139 | info     |           Metal | [Real-time profiler] Device 2 sync complete: 100 samples, frequency=1.349995 GHz, device_time_at_sync=20915312686393 cycles (realtime_profiler_manager.cpp:1127)
2026-08-19 15:16:55.139 | info     |           Metal | [Real-time profiler] Device 0 sync complete: 100 samples, frequency=1.349996 GHz, device_time_at_sync=20923875498025 cycles (realtime_profiler_manager.cpp:1127)
2026-08-19 15:16:55.140 | info     |           Metal | [Real-time profiler] Device 3 sync complete: 100 samples, frequency=1.350001 GHz, device_time_at_sync=20925885928549 cycles (realtime_profiler_manager.cpp:1127)
2026-08-19 15:16:55.140 | info     |           Metal | [Real-time profiler] Device 1 sync complete: 100 samples, frequency=1.349998 GHz, device_time_at_sync=20904376495463 cycles (realtime_profiler_manager.cpp:1127)
entry[0]             top1=0.990 (99/100)  top5=1.000 (100/100)  top100=1.000 (100/100)  TTFT=8749.84ms  decode=16.38 t/s/u  e2e=6.76 t/s/u
AGGREGATE            top1=0.990 (99/100)  top5=1.000 (100/100)  top100=1.000 (100/100)  TTFT=8749.84ms  decode=16.38 t/s/u  e2e=6.76 t/s/u
2026-08-19 15:22:35.296 | info     |    BuildKernels | JIT cache stats: 746/746 hits (100.0%) [746 cached, 850 build-once dedup, 0 merged artifacts, 0 merged genfiles] (build_cache_telemetry.cpp:207)
2026-08-19 15:22:35.296 | info     |    BuildKernels | JIT telemetry: 3 registered TelemetryTokens (build_cache_telemetry.cpp:230)
2026-08-19 15:22:35.315 | info     |          Device | Closing user mode device drivers (tt_cluster.cpp:512)
2026-08-19 15:22:35.315 | info     |             UMD | Closing devices in cluster (cluster.cpp:1037)
2026-08-19 15:22:35.841 | info     |             UMD | Closing devices in cluster completed. (cluster.cpp:1046)
2026-08-19 15:22:35.841 | info     |             UMD | Cluster destructor started. (cluster.cpp:754)
2026-08-19 15:22:35.841 | info     |             UMD | Cluster destructor completed. (cluster.cpp:757)
