2026-08-14 04:12:51.234 | DEBUG    | ttnn:<module>:78 - Initial ttnn.CONFIG:
Config{cache_path=/home/ttuser/.cache/ttnn,model_cache_path=/home/ttuser/.cache/ttnn/models,tmp_dir=/tmp/ttnn,enable_model_cache=false,enable_fast_runtime_mode=true,validate_program_args=false,throw_exception_on_fallback=false,enable_logging=false,enable_graph_report=false,enable_graph_python_stack_traces=false,enable_detailed_buffer_report=false,enable_detailed_tensor_report=false,enable_comparison_mode=false,comparison_mode_should_raise_exception=false,comparison_mode_pcc=0.9999,root_report_path=generated/ttnn/reports,report_name=std::nullopt,std::nullopt}
2026-08-14 04:12:51.423 | info     |          Device | Opening user mode device driver (tt_cluster.cpp:228)
2026-08-14 04:12:51.423 | info     |             UMD | Cluster constructor started. (cluster.cpp:389)
2026-08-14 04:12:51.423 | info     |             UMD | Creating TopologyDiscovery for architecture: blackhole (topology_discovery.cpp:96)
2026-08-14 04:12:51.423 | info     |             UMD | Starting topology discovery. (topology_discovery.cpp:115)
2026-08-14 04:12:51.434 | info     |             UMD | Established firmware bundle version: 19.11.0 (topology_discovery.cpp:575)
2026-08-14 04:12:51.435 | info     |             UMD | Completed topology discovery. (topology_discovery.cpp:119)
2026-08-14 04:12:51.513 | info     |             UMD | Opening local chip ids/PCIe ids: {0, 1, 2, 3}/[0, 1, 2, 3] and remote chip ids {} (cluster.cpp:173)
2026-08-14 04:12:51.513 | info     |             UMD | IOMMU: enabled (cluster.cpp:147)
2026-08-14 04:12:51.513 | info     |             UMD | KMD version: 2.10.0 (cluster.cpp:150)
2026-08-14 04:12:51.513 | info     |             UMD | Cluster constructor completed. (cluster.cpp:648)
2026-08-14 04:12:51.514 | info     |             UMD | Starting devices in cluster (cluster.cpp:1184)
2026-08-14 04:12:51.763 | info     |             UMD | Starting devices in cluster completed. (cluster.cpp:1192)
2026-08-14 04:12:51.890 | info     |     Distributed | Using auto discovery to generate mesh graph. (metal_env.cpp:437)
2026-08-14 04:12:51.890 | info     |     Distributed | Constructing control plane using auto-discovery (no mesh graph descriptor). (metal_env.cpp:499)
2026-08-14 04:12:51.890 | warning  |          Always | Unknown motherboard 'B850M-C' for chip_id=0 (bus_id=0x1) — falling back to bus_id as tray_id. Add this motherboard and its bus IDs to mobo_to_bus_ids in physical_system_discovery.cpp. (physical_system_discovery.cpp:119)
2026-08-14 04:12:51.891 | info     |          Fabric | Logical multi-mesh adjacency: intermesh degree histogram {0:1}; intra-mesh degree histograms mesh0 {2:4} (topology_mapper_utils.cpp:3329)
2026-08-14 04:12:51.891 | info     |          Fabric | Physical multi-mesh adjacency: intermesh degree histogram {0:1}; intra-mesh degree histograms mesh0 {2:4} (topology_mapper_utils.cpp:3337)
2026-08-14 04:12:51.931 | warning  |           Metal | Unable to set process priority to 0, error code: -1 (thread_pool.cpp:107)
2026-08-14 04:12:51.931 | warning  |           Metal | Unable to set process priority to 0, error code: -1 (thread_pool.cpp:107)
2026-08-14 04:12:51.932 | warning  |           Metal | Unable to set process priority to 0, error code: -1 (thread_pool.cpp:107)
2026-08-14 04:12:51.932 | warning  |           Metal | Unable to set process priority to 0, error code: -1 (thread_pool.cpp:107)
2026-08-14 04:12:51.933 | warning  |           Metal | Unable to set process priority to 0, error code: -1 (thread_pool.cpp:107)
2026-08-14 04:12:51.934 | warning  |           Metal | Unable to set process priority to 0, error code: -1 (thread_pool.cpp:107)
2026-08-14 04:12:51.934 | warning  |           Metal | Unable to set process priority to 0, error code: -1 (thread_pool.cpp:107)
2026-08-14 04:12:51.935 | warning  |           Metal | Unable to set process priority to 0, error code: -1 (thread_pool.cpp:107)
2026-08-14 04:12:51.935 | info     |           Metal | Initializing Fabric (fabric_firmware_initializer.cpp:296)
2026-08-14 04:12:51.964 | info     |           Metal | Fabric initialized on Device 0 (device.cpp:550)
2026-08-14 04:12:51.965 | info     |           Metal | Fabric initialized on Device 1 (device.cpp:550)
2026-08-14 04:12:51.966 | info     |           Metal | Fabric initialized on Device 2 (device.cpp:550)
2026-08-14 04:12:51.966 | info     |           Metal | Fabric initialized on Device 3 (device.cpp:550)
2026-08-14 04:12:51.966 | info     |           Metal | Fabric initialized on 4 devices (fabric_firmware_initializer.cpp:444)
2026-08-14 04:12:51.966 | info     |           Metal | Fabric Initialized with config FabricConfig::FABRIC_1D_RING (fabric_firmware_initializer.cpp:313)
CCL add_reference_same_payload[bfloat8_b]    issue=   29.82 us  issue+drain=   33.25 us
CCL clone_reference_same_payload[bfloat8_b]  issue=    9.11 us  issue+drain=   11.28 us
CCL rs_async_alloc_workers4[bfloat8_b]       issue=   72.10 us  issue+drain=   73.52 us
CCL rs_async_alloc_workers1[bfloat8_b]       issue=   58.65 us  issue+drain=   59.83 us
CCL ag_async_alloc_default[bfloat8_b]        issue=   56.04 us  issue+drain=   57.57 us
CCL ag_async_alloc_workers1[bfloat8_b]       issue=   57.90 us  issue+drain=   59.46 us
CCL rs_async_persistent_workers4[bfloat8_b]  issue=   62.12 us  issue+drain=   63.31 us
CCL rs_async_persistent_workers1[bfloat8_b]  issue=   55.59 us  issue+drain=   57.16 us
CCL ag_async_persistent_default[bfloat8_b]   issue=   56.18 us  issue+drain=   57.71 us
CCL rs_wrapper_workers4[bfloat8_b]           issue=   58.88 us  issue+drain=   60.38 us
2026-08-14 04:12:54.137 | warning  |              Op | Fabric packet size 8192 B is suboptimal for transporting 1088 B pages. Configure 4352 B packet size to maximize throughput. (ccl_common.cpp:70)
2026-08-14 04:12:54.137 | warning  |              Op | Fabric packet size 8192 B is suboptimal for transporting 1088 B pages. Configure 4352 B packet size to maximize throughput. (ccl_common.cpp:70)
2026-08-14 04:12:54.137 | warning  |              Op | Fabric packet size 8192 B is suboptimal for transporting 1088 B pages. Configure 4352 B packet size to maximize throughput. (ccl_common.cpp:70)
2026-08-14 04:12:54.137 | warning  |              Op | Fabric packet size 8192 B is suboptimal for transporting 1088 B pages. Configure 4352 B packet size to maximize throughput. (ccl_common.cpp:70)
CCL ag_wrapper[bfloat8_b]                    issue=   56.31 us  issue+drain=   57.88 us
CCL all_reduce_wrapper[bfloat8_b]            issue=  118.04 us  issue+drain=  119.30 us
CCL_OK
CCL summary -> /home/ttuser/dev/muse-glimmer/tt-metal/models/autoports/meta_models_muse_glimmer_30b/doc/optimized_full_model/ccl_host_probe_bfp8.json
nanobind: leaked 3 instances!
 - leaked instance 0x7129029b9f38 of type "ttnn._ttnn.multi_device.MeshCoordinate"
 - leaked instance 0x7128aeb211b8 of type "ttnn._ttnn.tensor.CoreRangeSet"
 - leaked instance 0x7129029b9d58 of type "ttnn._ttnn.multi_device.MeshCoordinate"
nanobind: leaked 45 types!
 - leaked type "DispatchCoreAxis"
 - leaked type "ttnn._ttnn.device.SubDeviceManagerId"
 - leaked type "MathFidelity"
 - leaked type "ttnn._ttnn.operations.matmul.MatmulMultiCoreReuseMultiCast1DProgramConfig"
 - leaked type "ttnn._ttnn.types.Shape"
 - leaked type "ttnn._ttnn.operations.matmul.MatmulInputs"
 - leaked type "ttnn._ttnn.multi_device.MeshMapperConfig"
 - leaked type "ttnn._ttnn.operations.matmul.MatmulMultiCoreReuseMultiCastBatchedDRAMShardedProgramConfig"
 - leaked type "BufferType"
 - leaked type "UnaryOpType"
 - ... skipped remainder
nanobind: leaked 372 functions!
 - leaked function "is_sharded"
 - leaked function ""
 - leaked function "disable_and_clear_program_cache"
 - leaked function "from_json"
 - leaked function "__init__"
 - leaked function ""
 - leaked function "size"
 - leaked function "__hash__"
 - leaked function ""
 - leaked function "__repr__"
 - ... skipped remainder
nanobind: this is likely caused by a reference counting issue in the binding code.
See https://nanobind.readthedocs.io/en/latest/refleaks.html2026-08-14 04:12:54.680 | info     |    BuildKernels | JIT cache stats: 83/94 hits (88.3%) [83 cached, 218 build-once dedup, 0 merged artifacts, 0 merged genfiles] (build_cache_telemetry.cpp:207)
2026-08-14 04:12:54.680 | info     |    BuildKernels | JIT telemetry: 3 registered TelemetryTokens (build_cache_telemetry.cpp:230)
2026-08-14 04:12:54.694 | info     |          Device | Closing user mode device drivers (tt_cluster.cpp:513)
2026-08-14 04:12:54.694 | info     |             UMD | Closing devices in cluster (cluster.cpp:1197)
2026-08-14 04:12:55.286 | info     |             UMD | Closing devices in cluster completed. (cluster.cpp:1206)
2026-08-14 04:12:55.286 | info     |             UMD | Cluster destructor started. (cluster.cpp:912)
2026-08-14 04:12:55.286 | info     |             UMD | Cluster destructor completed. (cluster.cpp:915)
