2026-08-14 09:16:26.132 | DEBUG    | ttnn:<module>:78 - Initial ttnn.CONFIG:
Config{cache_path=/home/ttuser/.cache/ttnn,model_cache_path=/home/ttuser/.cache/ttnn/models,tmp_dir=/tmp/ttnn,enable_model_cache=false,enable_fast_runtime_mode=true,validate_program_args=false,throw_exception_on_fallback=false,enable_logging=false,enable_graph_report=false,enable_graph_python_stack_traces=false,enable_detailed_buffer_report=false,enable_detailed_tensor_report=false,enable_comparison_mode=false,comparison_mode_should_raise_exception=false,comparison_mode_pcc=0.9999,root_report_path=generated/ttnn/reports,report_name=std::nullopt,std::nullopt}
[1m============================= test session starts ==============================[0m
[1mcollecting ... [0mcollected 12 items

models/autoports/meta_models_muse_glimmer_30b/tests/test_full_model.py::test_prefill_is_reproducible[1024] 2026-08-14 09:16:27.421 | info     |          Device | Opening user mode device driver (tt_cluster.cpp:228)
2026-08-14 09:16:27.421 | info     |             UMD | Cluster constructor started. (cluster.cpp:389)
2026-08-14 09:16:27.421 | info     |             UMD | Creating TopologyDiscovery for architecture: blackhole (topology_discovery.cpp:96)
2026-08-14 09:16:27.421 | info     |             UMD | Starting topology discovery. (topology_discovery.cpp:115)
2026-08-14 09:16:58.787 | info     |             UMD | Established firmware bundle version: 19.11.0 (topology_discovery.cpp:575)
2026-08-14 09:16:58.788 | info     |             UMD | Completed topology discovery. (topology_discovery.cpp:119)
2026-08-14 09:16:58.866 | info     |             UMD | Opening local chip ids/PCIe ids: {0, 1, 2, 3}/[0, 1, 2, 3] and remote chip ids {} (cluster.cpp:173)
2026-08-14 09:16:58.866 | info     |             UMD | IOMMU: enabled (cluster.cpp:147)
2026-08-14 09:16:58.866 | info     |             UMD | KMD version: 2.10.0 (cluster.cpp:150)
2026-08-14 09:16:58.866 | info     |             UMD | Cluster constructor completed. (cluster.cpp:648)
2026-08-14 09:16:58.867 | info     |             UMD | Starting devices in cluster (cluster.cpp:1184)
2026-08-14 09:16:59.053 | info     |             UMD | Starting devices in cluster completed. (cluster.cpp:1192)
2026-08-14 09:16:59.178 | info     |     Distributed | Using auto discovery to generate mesh graph. (metal_env.cpp:437)
2026-08-14 09:16:59.178 | info     |     Distributed | Constructing control plane using auto-discovery (no mesh graph descriptor). (metal_env.cpp:499)
2026-08-14 09:16:59.178 | warning  |          Always | Unknown motherboard 'B850M-C' for chip_id=0 (bus_id=0x1) — falling back to bus_id as tray_id. Add this motherboard and its bus IDs to mobo_to_bus_ids in physical_system_discovery.cpp. (physical_system_discovery.cpp:119)
2026-08-14 09:16:59.179 | info     |          Fabric | Logical multi-mesh adjacency: intermesh degree histogram {0:1}; intra-mesh degree histograms mesh0 {2:4} (topology_mapper_utils.cpp:3329)
2026-08-14 09:16:59.179 | info     |          Fabric | Physical multi-mesh adjacency: intermesh degree histogram {0:1}; intra-mesh degree histograms mesh0 {2:4} (topology_mapper_utils.cpp:3337)
2026-08-14 09:16:59.238 | info     |       LLRuntime | Watcher log file: /home/ttuser/dev/muse-glimmer/tt-metal/models/autoports/meta_models_muse_glimmer_30b/doc/optimized_full_model/watcher_postfix_optin3/generated/watcher/watcher.log (watcher_server.cpp:296)
2026-08-14 09:16:59.238 | info     |       LLRuntime | Watcher attached device 0 (watcher_server.cpp:133)
2026-08-14 09:16:59.238 | info     |       LLRuntime | Watcher attached device 1 (watcher_server.cpp:133)
2026-08-14 09:16:59.238 | info     |       LLRuntime | Watcher attached device 2 (watcher_server.cpp:133)
2026-08-14 09:16:59.238 | info     |       LLRuntime | Watcher attached device 3 (watcher_server.cpp:133)
2026-08-14 09:16:59.238 | info     |       LLRuntime | Watcher server initialized, disabled features: None (watcher_server.cpp:565)
2026-08-14 09:16:59.238 | info     |           Metal | Watcher checking device 0 (watcher_device_reader.cpp:415)
2026-08-14 09:16:59.240 | warning  |           Metal | Unable to set process priority to 0, error code: -1 (thread_pool.cpp:107)
2026-08-14 09:16:59.240 | warning  |           Metal | Unable to set process priority to 0, error code: -1 (thread_pool.cpp:107)
2026-08-14 09:16:59.241 | warning  |           Metal | Unable to set process priority to 0, error code: -1 (thread_pool.cpp:107)
2026-08-14 09:16:59.241 | warning  |           Metal | Unable to set process priority to 0, error code: -1 (thread_pool.cpp:107)
2026-08-14 09:16:59.242 | warning  |           Metal | Unable to set process priority to 0, error code: -1 (thread_pool.cpp:107)
2026-08-14 09:16:59.243 | warning  |           Metal | Unable to set process priority to 0, error code: -1 (thread_pool.cpp:107)
2026-08-14 09:16:59.243 | warning  |           Metal | Unable to set process priority to 0, error code: -1 (thread_pool.cpp:107)
2026-08-14 09:16:59.244 | warning  |           Metal | Unable to set process priority to 0, error code: -1 (thread_pool.cpp:107)
2026-08-14 09:16:59.244 | info     |           Metal | Watcher checking device 1 (watcher_device_reader.cpp:415)
2026-08-14 09:16:59.244 | info     |           Metal | Initializing Fabric (fabric_firmware_initializer.cpp:296)
2026-08-14 09:16:59.253 | info     |           Metal | Watcher checking device 2 (watcher_device_reader.cpp:415)
2026-08-14 09:16:59.258 | info     |           Metal | Watcher checking device 3 (watcher_device_reader.cpp:415)
2026-08-14 09:16:59.273 | info     |           Metal | Fabric initialized on Device 0 (device.cpp:550)
2026-08-14 09:16:59.286 | info     |           Metal | Fabric initialized on Device 1 (device.cpp:550)
2026-08-14 09:16:59.287 | info     |           Metal | Fabric initialized on Device 2 (device.cpp:550)
2026-08-14 09:16:59.288 | info     |           Metal | Fabric initialized on Device 3 (device.cpp:550)
2026-08-14 09:16:59.288 | info     |           Metal | Fabric initialized on 4 devices (fabric_firmware_initializer.cpp:444)
2026-08-14 09:16:59.288 | info     |           Metal | Fabric Initialized with config FabricConfig::FABRIC_1D_RING (fabric_firmware_initializer.cpp:313)
2026-08-14 09:17:09.374 | info     |           Metal | Watcher checking device 0 (watcher_device_reader.cpp:415)
2026-08-14 09:17:09.380 | info     |           Metal | Watcher checking device 1 (watcher_device_reader.cpp:415)
2026-08-14 09:17:09.385 | info     |           Metal | Watcher checking device 2 (watcher_device_reader.cpp:415)
2026-08-14 09:17:09.391 | info     |           Metal | Watcher checking device 3 (watcher_device_reader.cpp:415)
2026-08-14 09:17:16.423 | INFO     | models.autoports.meta_models_muse_glimmer_30b.tt.model:from_pretrained:837 - MuseGlimmerModel: built 2/2 layers
2026-08-14 09:17:16.540 | INFO     | models.autoports.meta_models_muse_glimmer_30b.tt.generator:build_generator:1422 - MuseGlimmerModel built in 15.3s
[32mPASSED[0m
models/autoports/meta_models_muse_glimmer_30b/tests/test_full_model.py::test_split_sampling_feeds_the_sampled_token_back_on_device 2026-08-14 09:17:17.551 | INFO     | models.autoports.meta_models_muse_glimmer_30b.tt.generator:_allocate_device_inputs:385 - MuseGlimmerGenerator: persistent decode inputs allocated (batch=1, blocks=64)
2026-08-14 09:17:17.607 | warning  |              Op | The following ttnn.all_gather args are deprecated and will be removed in September-2026: num_links, topology, chunks_per_sync, num_workers_per_link, num_buffers_per_channel, use_l1_small_for_semaphores. (all_gather.cpp:148)
2026-08-14 09:17:17.632 | warning  |              Op | The following ttnn.all_gather args are deprecated and will be removed in September-2026: num_links, topology, chunks_per_sync, num_workers_per_link, num_buffers_per_channel, use_l1_small_for_semaphores. (all_gather.cpp:148)
2026-08-14 09:17:17.684 | warning  |              Op | Mismatch between computed MemoryConfig(memory_layout=TensorMemoryLayout::WIDTH_SHARDED,buffer_type=BufferType::L1,shard_spec=ShardSpec{grid=[{"start":{"x":0,"y":0},"end":{"x":10,"y":0}, {"start":{"x":0,"y":1},"end":{"x":2,"y":1}], shape=[32, 96], orientation=ShardOrientation::ROW_MAJOR},nd_shard_spec={"shard_shape":[32, 96],"grid":[{"start":{"x":0,"y":0},"end":{"x":10,"y":0}}, {"start":{"x":0,"y":1},"end":{"x":2,"y":1}}],"orientation":"ShardOrientation::ROW_MAJOR","shard_distribution_strategy":"ShardDistributionStrategy::ROUND_ROBIN_1D"},created_with_nd_shard_spec=0,per_core_allocation=0) and provided MemoryConfig(memory_layout=TensorMemoryLayout::WIDTH_SHARDED,buffer_type=BufferType::L1,shard_spec=ShardSpec{grid=[{"start":{"x":0,"y":0},"end":{"x":10,"y":0}, {"start":{"x":0,"y":1},"end":{"x":4,"y":1}], shape=[32, 96], orientation=ShardOrientation::ROW_MAJOR},nd_shard_spec=std::nullopt,created_with_nd_shard_spec=0,per_core_allocation=0) mem config. Using computed config. (matmul_device_operation.cpp:239)
2026-08-14 09:17:17.728 | warning  |              Op | Mismatch between computed MemoryConfig(memory_layout=TensorMemoryLayout::WIDTH_SHARDED,buffer_type=BufferType::L1,shard_spec=ShardSpec{grid=[{"start":{"x":0,"y":0},"end":{"x":10,"y":0}, {"start":{"x":0,"y":1},"end":{"x":2,"y":1}], shape=[32, 96], orientation=ShardOrientation::ROW_MAJOR},nd_shard_spec={"shard_shape":[32, 96],"grid":[{"start":{"x":0,"y":0},"end":{"x":10,"y":0}}, {"start":{"x":0,"y":1},"end":{"x":2,"y":1}}],"orientation":"ShardOrientation::ROW_MAJOR","shard_distribution_strategy":"ShardDistributionStrategy::ROUND_ROBIN_1D"},created_with_nd_shard_spec=0,per_core_allocation=0) and provided MemoryConfig(memory_layout=TensorMemoryLayout::WIDTH_SHARDED,buffer_type=BufferType::L1,shard_spec=ShardSpec{grid=[{"start":{"x":0,"y":0},"end":{"x":10,"y":0}, {"start":{"x":0,"y":1},"end":{"x":4,"y":1}], shape=[32, 96], orientation=ShardOrientation::ROW_MAJOR},nd_shard_spec=std::nullopt,created_with_nd_shard_spec=0,per_core_allocation=0) mem config. Using computed config. (matmul_device_operation.cpp:239)
2026-08-14 09:17:17.739 | warning  |              Op | Mismatch between computed MemoryConfig(memory_layout=TensorMemoryLayout::WIDTH_SHARDED,buffer_type=BufferType::L1,shard_spec=ShardSpec{grid=[{"start":{"x":0,"y":0},"end":{"x":10,"y":0}, {"start":{"x":0,"y":1},"end":{"x":2,"y":1}], shape=[32, 96], orientation=ShardOrientation::ROW_MAJOR},nd_shard_spec={"shard_shape":[32, 96],"grid":[{"start":{"x":0,"y":0},"end":{"x":10,"y":0}}, {"start":{"x":0,"y":1},"end":{"x":2,"y":1}}],"orientation":"ShardOrientation::ROW_MAJOR","shard_distribution_strategy":"ShardDistributionStrategy::ROUND_ROBIN_1D"},created_with_nd_shard_spec=0,per_core_allocation=0) and provided MemoryConfig(memory_layout=TensorMemoryLayout::WIDTH_SHARDED,buffer_type=BufferType::L1,shard_spec=ShardSpec{grid=[{"start":{"x":0,"y":0},"end":{"x":10,"y":0}, {"start":{"x":0,"y":1},"end":{"x":4,"y":1}], shape=[32, 96], orientation=ShardOrientation::ROW_MAJOR},nd_shard_spec=std::nullopt,created_with_nd_shard_spec=0,per_core_allocation=0) mem config. Using computed config. (matmul_device_operation.cpp:239)
2026-08-14 09:17:17.742 | warning  |              Op | Mismatch between computed MemoryConfig(memory_layout=TensorMemoryLayout::WIDTH_SHARDED,buffer_type=BufferType::L1,shard_spec=ShardSpec{grid=[{"start":{"x":0,"y":0},"end":{"x":10,"y":0}, {"start":{"x":0,"y":1},"end":{"x":2,"y":1}], shape=[32, 96], orientation=ShardOrientation::ROW_MAJOR},nd_shard_spec={"shard_shape":[32, 96],"grid":[{"start":{"x":0,"y":0},"end":{"x":10,"y":0}}, {"start":{"x":0,"y":1},"end":{"x":2,"y":1}}],"orientation":"ShardOrientation::ROW_MAJOR","shard_distribution_strategy":"ShardDistributionStrategy::ROUND_ROBIN_1D"},created_with_nd_shard_spec=0,per_core_allocation=0) and provided MemoryConfig(memory_layout=TensorMemoryLayout::WIDTH_SHARDED,buffer_type=BufferType::L1,shard_spec=ShardSpec{grid=[{"start":{"x":0,"y":0},"end":{"x":10,"y":0}, {"start":{"x":0,"y":1},"end":{"x":4,"y":1}], shape=[32, 96], orientation=ShardOrientation::ROW_MAJOR},nd_shard_spec=std::nullopt,created_with_nd_shard_spec=0,per_core_allocation=0) mem config. Using computed config. (matmul_device_operation.cpp:239)
2026-08-14 09:17:17.748 | INFO     | models.autoports.meta_models_muse_glimmer_30b.tt.generator:_capture_decode_trace:912 - MuseGlimmerGenerator: captured decode trace (positions advance on device)
2026-08-14 09:17:17.748 | DEBUG    | models.common.sampling.generator:capture_trace:307 - Pre-compiling sampling path before trace capture (penalties=False,log_probs_on=False,force_argmax=False)
2026-08-14 09:17:17.748 | warning  |           Metal | Allocating device buffers is unsafe due to the existence of an active trace. These buffers may be corrupted once a trace is executed. (allocator.cpp:123)
2026-08-14 09:17:17.748 | warning  |              Op | The following ttnn.all_gather args are deprecated and will be removed in September-2026: num_links, topology, chunks_per_sync, num_workers_per_link, num_buffers_per_channel, use_l1_small_for_semaphores. (all_gather.cpp:148)
2026-08-14 09:17:17.749 | warning  |              Op | The following ttnn.all_gather args are deprecated and will be removed in September-2026: num_links, topology, chunks_per_sync, num_workers_per_link, num_buffers_per_channel, use_l1_small_for_semaphores. (all_gather.cpp:148)
2026-08-14 09:17:17.752 | warning  |              Op | The following ttnn.all_gather args are deprecated and will be removed in September-2026: num_links, topology, chunks_per_sync, num_workers_per_link, num_buffers_per_channel, use_l1_small_for_semaphores. (all_gather.cpp:148)
2026-08-14 09:17:17.752 | warning  |              Op | The following ttnn.all_gather args are deprecated and will be removed in September-2026: num_links, topology, chunks_per_sync, num_workers_per_link, num_buffers_per_channel, use_l1_small_for_semaphores. (all_gather.cpp:148)
2026-08-14 09:17:17.756 | INFO     | models.autoports.meta_models_muse_glimmer_30b.tt.generator:_capture_sampling_trace:924 - MuseGlimmerGenerator: captured sampling trace (tt_out_tok -> decode token input)
[32mPASSED[0m
models/autoports/meta_models_muse_glimmer_30b/tests/test_full_model.py::test_steady_state_decode_does_no_per_token_host_work 2026-08-14 09:17:18.017 | warning  |              Op | The following ttnn.all_gather args are deprecated and will be removed in September-2026: num_links, topology, chunks_per_sync, num_workers_per_link, num_buffers_per_channel, use_l1_small_for_semaphores. (all_gather.cpp:148)
2026-08-14 09:17:18.017 | warning  |              Op | The following ttnn.all_gather args are deprecated and will be removed in September-2026: num_links, topology, chunks_per_sync, num_workers_per_link, num_buffers_per_channel, use_l1_small_for_semaphores. (all_gather.cpp:148)
2026-08-14 09:17:18.100 | warning  |              Op | The following ttnn.all_gather args are deprecated and will be removed in September-2026: num_links, topology, chunks_per_sync, num_workers_per_link, num_buffers_per_channel, use_l1_small_for_semaphores. (all_gather.cpp:148)
2026-08-14 09:17:18.100 | warning  |              Op | The following ttnn.all_gather args are deprecated and will be removed in September-2026: num_links, topology, chunks_per_sync, num_workers_per_link, num_buffers_per_channel, use_l1_small_for_semaphores. (all_gather.cpp:148)
[32mPASSED[0m
models/autoports/meta_models_muse_glimmer_30b/tests/test_full_model.py::test_topk_runs_through_the_multi_core_factory [32mPASSED[0m
models/autoports/meta_models_muse_glimmer_30b/tests/test_full_model.py::test_device_sampling_keeps_each_batch_row_token_in_its_own_row 2026-08-14 09:17:19.405 | info     |           Metal | Watcher checking device 0 (watcher_device_reader.cpp:415)
2026-08-14 09:17:19.411 | info     |           Metal | Watcher checking device 1 (watcher_device_reader.cpp:415)
2026-08-14 09:17:19.416 | info     |           Metal | Watcher checking device 2 (watcher_device_reader.cpp:415)
2026-08-14 09:17:19.422 | info     |           Metal | Watcher checking device 3 (watcher_device_reader.cpp:415)
2026-08-14 09:17:29.434 | info     |           Metal | Watcher checking device 0 (watcher_device_reader.cpp:415)
2026-08-14 09:17:29.443 | info     |           Metal | Watcher checking device 1 (watcher_device_reader.cpp:415)
2026-08-14 09:17:29.456 | info     |           Metal | Watcher checking device 2 (watcher_device_reader.cpp:415)
2026-08-14 09:17:29.467 | info     |           Metal | Watcher checking device 3 (watcher_device_reader.cpp:415)
2026-08-14 09:17:35.188 | INFO     | models.autoports.meta_models_muse_glimmer_30b.tt.model:from_pretrained:837 - MuseGlimmerModel: built 2/2 layers
2026-08-14 09:17:35.304 | INFO     | models.autoports.meta_models_muse_glimmer_30b.tt.generator:build_generator:1422 - MuseGlimmerModel built in 15.4s
2026-08-14 09:17:35.760 | INFO     | models.autoports.meta_models_muse_glimmer_30b.tt.generator:_allocate_device_inputs:385 - MuseGlimmerGenerator: persistent decode inputs allocated (batch=4, blocks=16)
2026-08-14 09:17:35.762 | warning  |              Op | Mismatch between computed MemoryConfig(memory_layout=TensorMemoryLayout::WIDTH_SHARDED,buffer_type=BufferType::L1,shard_spec=ShardSpec{grid=[{"start":{"x":0,"y":0},"end":{"x":10,"y":0}, {"start":{"x":0,"y":1},"end":{"x":2,"y":1}], shape=[32, 96], orientation=ShardOrientation::ROW_MAJOR},nd_shard_spec={"shard_shape":[32, 96],"grid":[{"start":{"x":0,"y":0},"end":{"x":10,"y":0}}, {"start":{"x":0,"y":1},"end":{"x":2,"y":1}}],"orientation":"ShardOrientation::ROW_MAJOR","shard_distribution_strategy":"ShardDistributionStrategy::ROUND_ROBIN_1D"},created_with_nd_shard_spec=0,per_core_allocation=0) and provided MemoryConfig(memory_layout=TensorMemoryLayout::WIDTH_SHARDED,buffer_type=BufferType::L1,shard_spec=ShardSpec{grid=[{"start":{"x":0,"y":0},"end":{"x":10,"y":0}, {"start":{"x":0,"y":1},"end":{"x":4,"y":1}], shape=[32, 96], orientation=ShardOrientation::ROW_MAJOR},nd_shard_spec=std::nullopt,created_with_nd_shard_spec=0,per_core_allocation=0) mem config. Using computed config. (matmul_device_operation.cpp:239)
2026-08-14 09:17:35.770 | warning  |              Op | Mismatch between computed MemoryConfig(memory_layout=TensorMemoryLayout::WIDTH_SHARDED,buffer_type=BufferType::L1,shard_spec=ShardSpec{grid=[{"start":{"x":0,"y":0},"end":{"x":10,"y":0}, {"start":{"x":0,"y":1},"end":{"x":2,"y":1}], shape=[32, 96], orientation=ShardOrientation::ROW_MAJOR},nd_shard_spec={"shard_shape":[32, 96],"grid":[{"start":{"x":0,"y":0},"end":{"x":10,"y":0}}, {"start":{"x":0,"y":1},"end":{"x":2,"y":1}}],"orientation":"ShardOrientation::ROW_MAJOR","shard_distribution_strategy":"ShardDistributionStrategy::ROUND_ROBIN_1D"},created_with_nd_shard_spec=0,per_core_allocation=0) and provided MemoryConfig(memory_layout=TensorMemoryLayout::WIDTH_SHARDED,buffer_type=BufferType::L1,shard_spec=ShardSpec{grid=[{"start":{"x":0,"y":0},"end":{"x":10,"y":0}, {"start":{"x":0,"y":1},"end":{"x":4,"y":1}], shape=[32, 96], orientation=ShardOrientation::ROW_MAJOR},nd_shard_spec=std::nullopt,created_with_nd_shard_spec=0,per_core_allocation=0) mem config. Using computed config. (matmul_device_operation.cpp:239)
2026-08-14 09:17:35.780 | warning  |              Op | Mismatch between computed MemoryConfig(memory_layout=TensorMemoryLayout::WIDTH_SHARDED,buffer_type=BufferType::L1,shard_spec=ShardSpec{grid=[{"start":{"x":0,"y":0},"end":{"x":10,"y":0}, {"start":{"x":0,"y":1},"end":{"x":2,"y":1}], shape=[32, 96], orientation=ShardOrientation::ROW_MAJOR},nd_shard_spec={"shard_shape":[32, 96],"grid":[{"start":{"x":0,"y":0},"end":{"x":10,"y":0}}, {"start":{"x":0,"y":1},"end":{"x":2,"y":1}}],"orientation":"ShardOrientation::ROW_MAJOR","shard_distribution_strategy":"ShardDistributionStrategy::ROUND_ROBIN_1D"},created_with_nd_shard_spec=0,per_core_allocation=0) and provided MemoryConfig(memory_layout=TensorMemoryLayout::WIDTH_SHARDED,buffer_type=BufferType::L1,shard_spec=ShardSpec{grid=[{"start":{"x":0,"y":0},"end":{"x":10,"y":0}, {"start":{"x":0,"y":1},"end":{"x":4,"y":1}], shape=[32, 96], orientation=ShardOrientation::ROW_MAJOR},nd_shard_spec=std::nullopt,created_with_nd_shard_spec=0,per_core_allocation=0) mem config. Using computed config. (matmul_device_operation.cpp:239)
2026-08-14 09:17:35.782 | warning  |              Op | Mismatch between computed MemoryConfig(memory_layout=TensorMemoryLayout::WIDTH_SHARDED,buffer_type=BufferType::L1,shard_spec=ShardSpec{grid=[{"start":{"x":0,"y":0},"end":{"x":10,"y":0}, {"start":{"x":0,"y":1},"end":{"x":2,"y":1}], shape=[32, 96], orientation=ShardOrientation::ROW_MAJOR},nd_shard_spec={"shard_shape":[32, 96],"grid":[{"start":{"x":0,"y":0},"end":{"x":10,"y":0}}, {"start":{"x":0,"y":1},"end":{"x":2,"y":1}}],"orientation":"ShardOrientation::ROW_MAJOR","shard_distribution_strategy":"ShardDistributionStrategy::ROUND_ROBIN_1D"},created_with_nd_shard_spec=0,per_core_allocation=0) and provided MemoryConfig(memory_layout=TensorMemoryLayout::WIDTH_SHARDED,buffer_type=BufferType::L1,shard_spec=ShardSpec{grid=[{"start":{"x":0,"y":0},"end":{"x":10,"y":0}, {"start":{"x":0,"y":1},"end":{"x":4,"y":1}], shape=[32, 96], orientation=ShardOrientation::ROW_MAJOR},nd_shard_spec=std::nullopt,created_with_nd_shard_spec=0,per_core_allocation=0) mem config. Using computed config. (matmul_device_operation.cpp:239)
2026-08-14 09:17:35.787 | INFO     | models.autoports.meta_models_muse_glimmer_30b.tt.generator:_capture_decode_trace:912 - MuseGlimmerGenerator: captured decode trace (positions advance on device)
2026-08-14 09:17:36.019 | DEBUG    | models.common.sampling.generator:capture_trace:307 - Pre-compiling sampling path before trace capture (penalties=False,log_probs_on=False,force_argmax=False)
2026-08-14 09:17:36.020 | warning  |              Op | The following ttnn.all_gather args are deprecated and will be removed in September-2026: num_links, topology, chunks_per_sync, num_workers_per_link, num_buffers_per_channel, use_l1_small_for_semaphores. (all_gather.cpp:148)
2026-08-14 09:17:36.020 | warning  |              Op | The following ttnn.all_gather args are deprecated and will be removed in September-2026: num_links, topology, chunks_per_sync, num_workers_per_link, num_buffers_per_channel, use_l1_small_for_semaphores. (all_gather.cpp:148)
2026-08-14 09:17:36.022 | warning  |              Op | The following ttnn.all_gather args are deprecated and will be removed in September-2026: num_links, topology, chunks_per_sync, num_workers_per_link, num_buffers_per_channel, use_l1_small_for_semaphores. (all_gather.cpp:148)
2026-08-14 09:17:36.022 | warning  |              Op | The following ttnn.all_gather args are deprecated and will be removed in September-2026: num_links, topology, chunks_per_sync, num_workers_per_link, num_buffers_per_channel, use_l1_small_for_semaphores. (all_gather.cpp:148)
2026-08-14 09:17:36.025 | INFO     | models.autoports.meta_models_muse_glimmer_30b.tt.generator:_capture_sampling_trace:924 - MuseGlimmerGenerator: captured sampling trace (tt_out_tok -> decode token input)
2026-08-14 09:17:36.038 | DEBUG    | models.common.sampling.generator:reset_trace:132 - Resetting sampling trace (penalties=False, log_probs=False, force_argmax=False, trace_id=MeshTraceId(3))
[32mPASSED[0m
models/autoports/meta_models_muse_glimmer_30b/tests/test_full_model.py::test_lm_head_softcap_runs_in_l1_and_matches_the_dram_form 2026-08-14 09:17:36.247 | warning  |              Op | ttnn::tilize: Using input shard spec for output tensor because the legacy sharded optimized program factory is being used (tilize_device_operation.cpp:248)
[32mPASSED[0m
models/autoports/meta_models_muse_glimmer_30b/tests/test_full_model.py::test_decode_embedding_gathers_straight_into_the_boundary_layout[7] [32mPASSED[0m
models/autoports/meta_models_muse_glimmer_30b/tests/test_full_model.py::test_decode_embedding_gathers_straight_into_the_boundary_layout[202047] [32mPASSED[0m
models/autoports/meta_models_muse_glimmer_30b/tests/test_full_model.py::test_swiglu_multiply_runs_on_the_wide_grid_and_returns_the_narrow_one 2026-08-14 09:17:36.894 | warning  |              Op | ttnn::tilize: Using input shard spec for output tensor because the legacy sharded optimized program factory is being used (tilize_device_operation.cpp:248)
[32mPASSED[0m
models/autoports/meta_models_muse_glimmer_30b/tests/test_full_model.py::test_batched_prefill_and_decode_with_mixed_lengths[32] 2026-08-14 09:17:39.484 | info     |           Metal | Watcher checking device 0 (watcher_device_reader.cpp:415)
2026-08-14 09:17:39.490 | info     |           Metal | Watcher checking device 1 (watcher_device_reader.cpp:415)
2026-08-14 09:17:39.496 | info     |           Metal | Watcher checking device 2 (watcher_device_reader.cpp:415)
2026-08-14 09:17:39.501 | info     |           Metal | Watcher checking device 3 (watcher_device_reader.cpp:415)
2026-08-14 09:17:49.514 | info     |           Metal | Watcher checking device 0 (watcher_device_reader.cpp:415)
2026-08-14 09:17:49.520 | info     |           Metal | Watcher checking device 1 (watcher_device_reader.cpp:415)
2026-08-14 09:17:49.526 | info     |           Metal | Watcher checking device 2 (watcher_device_reader.cpp:415)
2026-08-14 09:17:49.531 | info     |           Metal | Watcher checking device 3 (watcher_device_reader.cpp:415)
2026-08-14 09:17:53.514 | INFO     | models.autoports.meta_models_muse_glimmer_30b.tt.model:from_pretrained:837 - MuseGlimmerModel: built 2/2 layers
2026-08-14 09:17:53.629 | INFO     | models.autoports.meta_models_muse_glimmer_30b.tt.generator:build_generator:1422 - MuseGlimmerModel built in 15.3s
2026-08-14 09:17:56.393 | INFO     | models.autoports.meta_models_muse_glimmer_30b.tt.generator:_allocate_device_inputs:385 - MuseGlimmerGenerator: persistent decode inputs allocated (batch=32, blocks=16)
2026-08-14 09:17:56.396 | warning  |              Op | Mismatch between computed MemoryConfig(memory_layout=TensorMemoryLayout::WIDTH_SHARDED,buffer_type=BufferType::L1,shard_spec=ShardSpec{grid=[{"start":{"x":0,"y":0},"end":{"x":10,"y":0}, {"start":{"x":0,"y":1},"end":{"x":2,"y":1}], shape=[32, 96], orientation=ShardOrientation::ROW_MAJOR},nd_shard_spec={"shard_shape":[32, 96],"grid":[{"start":{"x":0,"y":0},"end":{"x":10,"y":0}}, {"start":{"x":0,"y":1},"end":{"x":2,"y":1}}],"orientation":"ShardOrientation::ROW_MAJOR","shard_distribution_strategy":"ShardDistributionStrategy::ROUND_ROBIN_1D"},created_with_nd_shard_spec=0,per_core_allocation=0) and provided MemoryConfig(memory_layout=TensorMemoryLayout::WIDTH_SHARDED,buffer_type=BufferType::L1,shard_spec=ShardSpec{grid=[{"start":{"x":0,"y":0},"end":{"x":10,"y":0}, {"start":{"x":0,"y":1},"end":{"x":4,"y":1}], shape=[32, 96], orientation=ShardOrientation::ROW_MAJOR},nd_shard_spec=std::nullopt,created_with_nd_shard_spec=0,per_core_allocation=0) mem config. Using computed config. (matmul_device_operation.cpp:239)
2026-08-14 09:17:56.412 | warning  |              Op | Mismatch between computed MemoryConfig(memory_layout=TensorMemoryLayout::WIDTH_SHARDED,buffer_type=BufferType::L1,shard_spec=ShardSpec{grid=[{"start":{"x":0,"y":0},"end":{"x":10,"y":0}, {"start":{"x":0,"y":1},"end":{"x":2,"y":1}], shape=[32, 96], orientation=ShardOrientation::ROW_MAJOR},nd_shard_spec={"shard_shape":[32, 96],"grid":[{"start":{"x":0,"y":0},"end":{"x":10,"y":0}}, {"start":{"x":0,"y":1},"end":{"x":2,"y":1}}],"orientation":"ShardOrientation::ROW_MAJOR","shard_distribution_strategy":"ShardDistributionStrategy::ROUND_ROBIN_1D"},created_with_nd_shard_spec=0,per_core_allocation=0) and provided MemoryConfig(memory_layout=TensorMemoryLayout::WIDTH_SHARDED,buffer_type=BufferType::L1,shard_spec=ShardSpec{grid=[{"start":{"x":0,"y":0},"end":{"x":10,"y":0}, {"start":{"x":0,"y":1},"end":{"x":4,"y":1}], shape=[32, 96], orientation=ShardOrientation::ROW_MAJOR},nd_shard_spec=std::nullopt,created_with_nd_shard_spec=0,per_core_allocation=0) mem config. Using computed config. (matmul_device_operation.cpp:239)
2026-08-14 09:17:56.419 | warning  |              Op | Mismatch between computed MemoryConfig(memory_layout=TensorMemoryLayout::WIDTH_SHARDED,buffer_type=BufferType::L1,shard_spec=ShardSpec{grid=[{"start":{"x":0,"y":0},"end":{"x":10,"y":0}, {"start":{"x":0,"y":1},"end":{"x":2,"y":1}], shape=[32, 96], orientation=ShardOrientation::ROW_MAJOR},nd_shard_spec={"shard_shape":[32, 96],"grid":[{"start":{"x":0,"y":0},"end":{"x":10,"y":0}}, {"start":{"x":0,"y":1},"end":{"x":2,"y":1}}],"orientation":"ShardOrientation::ROW_MAJOR","shard_distribution_strategy":"ShardDistributionStrategy::ROUND_ROBIN_1D"},created_with_nd_shard_spec=0,per_core_allocation=0) and provided MemoryConfig(memory_layout=TensorMemoryLayout::WIDTH_SHARDED,buffer_type=BufferType::L1,shard_spec=ShardSpec{grid=[{"start":{"x":0,"y":0},"end":{"x":10,"y":0}, {"start":{"x":0,"y":1},"end":{"x":4,"y":1}], shape=[32, 96], orientation=ShardOrientation::ROW_MAJOR},nd_shard_spec=std::nullopt,created_with_nd_shard_spec=0,per_core_allocation=0) mem config. Using computed config. (matmul_device_operation.cpp:239)
2026-08-14 09:17:56.421 | warning  |              Op | Mismatch between computed MemoryConfig(memory_layout=TensorMemoryLayout::WIDTH_SHARDED,buffer_type=BufferType::L1,shard_spec=ShardSpec{grid=[{"start":{"x":0,"y":0},"end":{"x":10,"y":0}, {"start":{"x":0,"y":1},"end":{"x":2,"y":1}], shape=[32, 96], orientation=ShardOrientation::ROW_MAJOR},nd_shard_spec={"shard_shape":[32, 96],"grid":[{"start":{"x":0,"y":0},"end":{"x":10,"y":0}}, {"start":{"x":0,"y":1},"end":{"x":2,"y":1}}],"orientation":"ShardOrientation::ROW_MAJOR","shard_distribution_strategy":"ShardDistributionStrategy::ROUND_ROBIN_1D"},created_with_nd_shard_spec=0,per_core_allocation=0) and provided MemoryConfig(memory_layout=TensorMemoryLayout::WIDTH_SHARDED,buffer_type=BufferType::L1,shard_spec=ShardSpec{grid=[{"start":{"x":0,"y":0},"end":{"x":10,"y":0}, {"start":{"x":0,"y":1},"end":{"x":4,"y":1}], shape=[32, 96], orientation=ShardOrientation::ROW_MAJOR},nd_shard_spec=std::nullopt,created_with_nd_shard_spec=0,per_core_allocation=0) mem config. Using computed config. (matmul_device_operation.cpp:239)
2026-08-14 09:17:56.425 | INFO     | models.autoports.meta_models_muse_glimmer_30b.tt.generator:_capture_decode_trace:912 - MuseGlimmerGenerator: captured decode trace (positions advance on device)
2026-08-14 09:17:56.426 | DEBUG    | models.common.sampling.generator:capture_trace:307 - Pre-compiling sampling path before trace capture (penalties=False,log_probs_on=False,force_argmax=False)
2026-08-14 09:17:56.426 | warning  |              Op | The following ttnn.all_gather args are deprecated and will be removed in September-2026: num_links, topology, chunks_per_sync, num_workers_per_link, num_buffers_per_channel, use_l1_small_for_semaphores. (all_gather.cpp:148)
2026-08-14 09:17:56.426 | warning  |              Op | The following ttnn.all_gather args are deprecated and will be removed in September-2026: num_links, topology, chunks_per_sync, num_workers_per_link, num_buffers_per_channel, use_l1_small_for_semaphores. (all_gather.cpp:148)
2026-08-14 09:17:56.428 | warning  |              Op | The following ttnn.all_gather args are deprecated and will be removed in September-2026: num_links, topology, chunks_per_sync, num_workers_per_link, num_buffers_per_channel, use_l1_small_for_semaphores. (all_gather.cpp:148)
2026-08-14 09:17:56.428 | warning  |              Op | The following ttnn.all_gather args are deprecated and will be removed in September-2026: num_links, topology, chunks_per_sync, num_workers_per_link, num_buffers_per_channel, use_l1_small_for_semaphores. (all_gather.cpp:148)
2026-08-14 09:17:56.430 | INFO     | models.autoports.meta_models_muse_glimmer_30b.tt.generator:_capture_sampling_trace:924 - MuseGlimmerGenerator: captured sampling trace (tt_out_tok -> decode token input)
2026-08-14 09:17:56.444 | DEBUG    | models.common.sampling.generator:reset_trace:132 - Resetting sampling trace (penalties=False, log_probs=False, force_argmax=False, trace_id=MeshTraceId(5))
[32mPASSED[0m
models/autoports/meta_models_muse_glimmer_30b/tests/test_full_model.py::test_prefill_trace_is_opt_in_and_matches_the_eager_path 2026-08-14 09:17:59.544 | info     |           Metal | Watcher checking device 0 (watcher_device_reader.cpp:415)
2026-08-14 09:17:59.550 | info     |           Metal | Watcher checking device 1 (watcher_device_reader.cpp:415)
2026-08-14 09:17:59.556 | info     |           Metal | Watcher checking device 2 (watcher_device_reader.cpp:415)
2026-08-14 09:17:59.561 | info     |           Metal | Watcher checking device 3 (watcher_device_reader.cpp:415)
2026-08-14 09:18:09.576 | info     |           Metal | Watcher checking device 0 (watcher_device_reader.cpp:415)
2026-08-14 09:18:09.588 | info     |           Metal | Watcher checking device 1 (watcher_device_reader.cpp:415)
2026-08-14 09:18:09.595 | info     |           Metal | Watcher checking device 2 (watcher_device_reader.cpp:415)
2026-08-14 09:18:09.601 | info     |           Metal | Watcher checking device 3 (watcher_device_reader.cpp:415)
2026-08-14 09:18:13.380 | INFO     | models.autoports.meta_models_muse_glimmer_30b.tt.model:from_pretrained:837 - MuseGlimmerModel: built 2/2 layers
2026-08-14 09:18:13.498 | INFO     | models.autoports.meta_models_muse_glimmer_30b.tt.generator:build_generator:1422 - MuseGlimmerModel built in 15.3s
2026-08-14 09:18:13.638 | INFO     | models.autoports.meta_models_muse_glimmer_30b.tt.generator:_allocate_device_inputs:385 - MuseGlimmerGenerator: persistent decode inputs allocated (batch=1, blocks=64)
2026-08-14 09:18:13.662 | warning  |              Op | The following ttnn.all_gather args are deprecated and will be removed in September-2026: num_links, topology, chunks_per_sync, num_workers_per_link, num_buffers_per_channel, use_l1_small_for_semaphores. (all_gather.cpp:148)
2026-08-14 09:18:13.662 | warning  |              Op | The following ttnn.all_gather args are deprecated and will be removed in September-2026: num_links, topology, chunks_per_sync, num_workers_per_link, num_buffers_per_channel, use_l1_small_for_semaphores. (all_gather.cpp:148)
2026-08-14 09:18:13.701 | warning  |              Op | Mismatch between computed MemoryConfig(memory_layout=TensorMemoryLayout::WIDTH_SHARDED,buffer_type=BufferType::L1,shard_spec=ShardSpec{grid=[{"start":{"x":0,"y":0},"end":{"x":10,"y":0}, {"start":{"x":0,"y":1},"end":{"x":2,"y":1}], shape=[32, 96], orientation=ShardOrientation::ROW_MAJOR},nd_shard_spec={"shard_shape":[32, 96],"grid":[{"start":{"x":0,"y":0},"end":{"x":10,"y":0}}, {"start":{"x":0,"y":1},"end":{"x":2,"y":1}}],"orientation":"ShardOrientation::ROW_MAJOR","shard_distribution_strategy":"ShardDistributionStrategy::ROUND_ROBIN_1D"},created_with_nd_shard_spec=0,per_core_allocation=0) and provided MemoryConfig(memory_layout=TensorMemoryLayout::WIDTH_SHARDED,buffer_type=BufferType::L1,shard_spec=ShardSpec{grid=[{"start":{"x":0,"y":0},"end":{"x":10,"y":0}, {"start":{"x":0,"y":1},"end":{"x":4,"y":1}], shape=[32, 96], orientation=ShardOrientation::ROW_MAJOR},nd_shard_spec=std::nullopt,created_with_nd_shard_spec=0,per_core_allocation=0) mem config. Using computed config. (matmul_device_operation.cpp:239)
2026-08-14 09:18:13.704 | warning  |              Op | Mismatch between computed MemoryConfig(memory_layout=TensorMemoryLayout::WIDTH_SHARDED,buffer_type=BufferType::L1,shard_spec=ShardSpec{grid=[{"start":{"x":0,"y":0},"end":{"x":10,"y":0}, {"start":{"x":0,"y":1},"end":{"x":2,"y":1}], shape=[32, 96], orientation=ShardOrientation::ROW_MAJOR},nd_shard_spec={"shard_shape":[32, 96],"grid":[{"start":{"x":0,"y":0},"end":{"x":10,"y":0}}, {"start":{"x":0,"y":1},"end":{"x":2,"y":1}}],"orientation":"ShardOrientation::ROW_MAJOR","shard_distribution_strategy":"ShardDistributionStrategy::ROUND_ROBIN_1D"},created_with_nd_shard_spec=0,per_core_allocation=0) and provided MemoryConfig(memory_layout=TensorMemoryLayout::WIDTH_SHARDED,buffer_type=BufferType::L1,shard_spec=ShardSpec{grid=[{"start":{"x":0,"y":0},"end":{"x":10,"y":0}, {"start":{"x":0,"y":1},"end":{"x":4,"y":1}], shape=[32, 96], orientation=ShardOrientation::ROW_MAJOR},nd_shard_spec=std::nullopt,created_with_nd_shard_spec=0,per_core_allocation=0) mem config. Using computed config. (matmul_device_operation.cpp:239)
2026-08-14 09:18:13.711 | warning  |              Op | Mismatch between computed MemoryConfig(memory_layout=TensorMemoryLayout::WIDTH_SHARDED,buffer_type=BufferType::L1,shard_spec=ShardSpec{grid=[{"start":{"x":0,"y":0},"end":{"x":10,"y":0}, {"start":{"x":0,"y":1},"end":{"x":2,"y":1}], shape=[32, 96], orientation=ShardOrientation::ROW_MAJOR},nd_shard_spec={"shard_shape":[32, 96],"grid":[{"start":{"x":0,"y":0},"end":{"x":10,"y":0}}, {"start":{"x":0,"y":1},"end":{"x":2,"y":1}}],"orientation":"ShardOrientation::ROW_MAJOR","shard_distribution_strategy":"ShardDistributionStrategy::ROUND_ROBIN_1D"},created_with_nd_shard_spec=0,per_core_allocation=0) and provided MemoryConfig(memory_layout=TensorMemoryLayout::WIDTH_SHARDED,buffer_type=BufferType::L1,shard_spec=ShardSpec{grid=[{"start":{"x":0,"y":0},"end":{"x":10,"y":0}, {"start":{"x":0,"y":1},"end":{"x":4,"y":1}], shape=[32, 96], orientation=ShardOrientation::ROW_MAJOR},nd_shard_spec=std::nullopt,created_with_nd_shard_spec=0,per_core_allocation=0) mem config. Using computed config. (matmul_device_operation.cpp:239)
2026-08-14 09:18:13.713 | warning  |              Op | Mismatch between computed MemoryConfig(memory_layout=TensorMemoryLayout::WIDTH_SHARDED,buffer_type=BufferType::L1,shard_spec=ShardSpec{grid=[{"start":{"x":0,"y":0},"end":{"x":10,"y":0}, {"start":{"x":0,"y":1},"end":{"x":2,"y":1}], shape=[32, 96], orientation=ShardOrientation::ROW_MAJOR},nd_shard_spec={"shard_shape":[32, 96],"grid":[{"start":{"x":0,"y":0},"end":{"x":10,"y":0}}, {"start":{"x":0,"y":1},"end":{"x":2,"y":1}}],"orientation":"ShardOrientation::ROW_MAJOR","shard_distribution_strategy":"ShardDistributionStrategy::ROUND_ROBIN_1D"},created_with_nd_shard_spec=0,per_core_allocation=0) and provided MemoryConfig(memory_layout=TensorMemoryLayout::WIDTH_SHARDED,buffer_type=BufferType::L1,shard_spec=ShardSpec{grid=[{"start":{"x":0,"y":0},"end":{"x":10,"y":0}, {"start":{"x":0,"y":1},"end":{"x":4,"y":1}], shape=[32, 96], orientation=ShardOrientation::ROW_MAJOR},nd_shard_spec=std::nullopt,created_with_nd_shard_spec=0,per_core_allocation=0) mem config. Using computed config. (matmul_device_operation.cpp:239)
2026-08-14 09:18:13.718 | INFO     | models.autoports.meta_models_muse_glimmer_30b.tt.generator:_capture_decode_trace:912 - MuseGlimmerGenerator: captured decode trace (positions advance on device)
2026-08-14 09:18:13.718 | DEBUG    | models.common.sampling.generator:capture_trace:307 - Pre-compiling sampling path before trace capture (penalties=False,log_probs_on=False,force_argmax=False)
2026-08-14 09:18:13.719 | warning  |              Op | The following ttnn.all_gather args are deprecated and will be removed in September-2026: num_links, topology, chunks_per_sync, num_workers_per_link, num_buffers_per_channel, use_l1_small_for_semaphores. (all_gather.cpp:148)
2026-08-14 09:18:13.719 | warning  |              Op | The following ttnn.all_gather args are deprecated and will be removed in September-2026: num_links, topology, chunks_per_sync, num_workers_per_link, num_buffers_per_channel, use_l1_small_for_semaphores. (all_gather.cpp:148)
2026-08-14 09:18:13.721 | warning  |              Op | The following ttnn.all_gather args are deprecated and will be removed in September-2026: num_links, topology, chunks_per_sync, num_workers_per_link, num_buffers_per_channel, use_l1_small_for_semaphores. (all_gather.cpp:148)
2026-08-14 09:18:13.721 | warning  |              Op | The following ttnn.all_gather args are deprecated and will be removed in September-2026: num_links, topology, chunks_per_sync, num_workers_per_link, num_buffers_per_channel, use_l1_small_for_semaphores. (all_gather.cpp:148)
2026-08-14 09:18:13.723 | INFO     | models.autoports.meta_models_muse_glimmer_30b.tt.generator:_capture_sampling_trace:924 - MuseGlimmerGenerator: captured sampling trace (tt_out_tok -> decode token input)
2026-08-14 09:18:13.769 | warning  |              Op | The following ttnn.all_gather args are deprecated and will be removed in September-2026: num_links, topology, chunks_per_sync, num_workers_per_link, num_buffers_per_channel, use_l1_small_for_semaphores. (all_gather.cpp:148)
2026-08-14 09:18:13.769 | warning  |              Op | The following ttnn.all_gather args are deprecated and will be removed in September-2026: num_links, topology, chunks_per_sync, num_workers_per_link, num_buffers_per_channel, use_l1_small_for_semaphores. (all_gather.cpp:148)
2026-08-14 09:18:13.857 | warning  |              Op | The following ttnn.all_gather args are deprecated and will be removed in September-2026: num_links, topology, chunks_per_sync, num_workers_per_link, num_buffers_per_channel, use_l1_small_for_semaphores. (all_gather.cpp:148)
2026-08-14 09:18:13.857 | warning  |              Op | The following ttnn.all_gather args are deprecated and will be removed in September-2026: num_links, topology, chunks_per_sync, num_workers_per_link, num_buffers_per_channel, use_l1_small_for_semaphores. (all_gather.cpp:148)
2026-08-14 09:18:13.928 | DEBUG    | models.common.sampling.generator:reset_trace:132 - Resetting sampling trace (penalties=False, log_probs=False, force_argmax=False, trace_id=MeshTraceId(7))
2026-08-14 09:18:19.613 | info     |           Metal | Watcher checking device 0 (watcher_device_reader.cpp:415)
2026-08-14 09:18:19.621 | info     |           Metal | Watcher checking device 1 (watcher_device_reader.cpp:415)
2026-08-14 09:18:19.628 | info     |           Metal | Watcher checking device 2 (watcher_device_reader.cpp:415)
2026-08-14 09:18:19.635 | info     |           Metal | Watcher checking device 3 (watcher_device_reader.cpp:415)
2026-08-14 09:18:29.652 | info     |           Metal | Watcher checking device 0 (watcher_device_reader.cpp:415)
2026-08-14 09:18:29.657 | info     |           Metal | Watcher checking device 1 (watcher_device_reader.cpp:415)
2026-08-14 09:18:29.663 | info     |           Metal | Watcher checking device 2 (watcher_device_reader.cpp:415)
2026-08-14 09:18:29.669 | info     |           Metal | Watcher checking device 3 (watcher_device_reader.cpp:415)
2026-08-14 09:18:30.627 | INFO     | models.autoports.meta_models_muse_glimmer_30b.tt.model:from_pretrained:837 - MuseGlimmerModel: built 2/2 layers
2026-08-14 09:18:30.745 | INFO     | models.autoports.meta_models_muse_glimmer_30b.tt.generator:build_generator:1422 - MuseGlimmerModel built in 15.3s
2026-08-14 09:18:30.888 | INFO     | models.autoports.meta_models_muse_glimmer_30b.tt.generator:_allocate_device_inputs:385 - MuseGlimmerGenerator: persistent decode inputs allocated (batch=1, blocks=64)
2026-08-14 09:18:30.948 | INFO     | models.autoports.meta_models_muse_glimmer_30b.tt.generator:_capture_prefill_trace:601 - MuseGlimmerGenerator: captured a prefill trace for padded_len=128 (1/1 buckets)
2026-08-14 09:18:30.990 | warning  |              Op | The following ttnn.all_gather args are deprecated and will be removed in September-2026: num_links, topology, chunks_per_sync, num_workers_per_link, num_buffers_per_channel, use_l1_small_for_semaphores. (all_gather.cpp:148)
2026-08-14 09:18:30.991 | warning  |              Op | The following ttnn.all_gather args are deprecated and will be removed in September-2026: num_links, topology, chunks_per_sync, num_workers_per_link, num_buffers_per_channel, use_l1_small_for_semaphores. (all_gather.cpp:148)
2026-08-14 09:18:30.994 | warning  |              Op | Mismatch between computed MemoryConfig(memory_layout=TensorMemoryLayout::WIDTH_SHARDED,buffer_type=BufferType::L1,shard_spec=ShardSpec{grid=[{"start":{"x":0,"y":0},"end":{"x":10,"y":0}, {"start":{"x":0,"y":1},"end":{"x":2,"y":1}], shape=[32, 96], orientation=ShardOrientation::ROW_MAJOR},nd_shard_spec={"shard_shape":[32, 96],"grid":[{"start":{"x":0,"y":0},"end":{"x":10,"y":0}}, {"start":{"x":0,"y":1},"end":{"x":2,"y":1}}],"orientation":"ShardOrientation::ROW_MAJOR","shard_distribution_strategy":"ShardDistributionStrategy::ROUND_ROBIN_1D"},created_with_nd_shard_spec=0,per_core_allocation=0) and provided MemoryConfig(memory_layout=TensorMemoryLayout::WIDTH_SHARDED,buffer_type=BufferType::L1,shard_spec=ShardSpec{grid=[{"start":{"x":0,"y":0},"end":{"x":10,"y":0}, {"start":{"x":0,"y":1},"end":{"x":4,"y":1}], shape=[32, 96], orientation=ShardOrientation::ROW_MAJOR},nd_shard_spec=std::nullopt,created_with_nd_shard_spec=0,per_core_allocation=0) mem config. Using computed config. (matmul_device_operation.cpp:239)
2026-08-14 09:18:30.996 | warning  |              Op | Mismatch between computed MemoryConfig(memory_layout=TensorMemoryLayout::WIDTH_SHARDED,buffer_type=BufferType::L1,shard_spec=ShardSpec{grid=[{"start":{"x":0,"y":0},"end":{"x":10,"y":0}, {"start":{"x":0,"y":1},"end":{"x":2,"y":1}], shape=[32, 96], orientation=ShardOrientation::ROW_MAJOR},nd_shard_spec={"shard_shape":[32, 96],"grid":[{"start":{"x":0,"y":0},"end":{"x":10,"y":0}}, {"start":{"x":0,"y":1},"end":{"x":2,"y":1}}],"orientation":"ShardOrientation::ROW_MAJOR","shard_distribution_strategy":"ShardDistributionStrategy::ROUND_ROBIN_1D"},created_with_nd_shard_spec=0,per_core_allocation=0) and provided MemoryConfig(memory_layout=TensorMemoryLayout::WIDTH_SHARDED,buffer_type=BufferType::L1,shard_spec=ShardSpec{grid=[{"start":{"x":0,"y":0},"end":{"x":10,"y":0}, {"start":{"x":0,"y":1},"end":{"x":4,"y":1}], shape=[32, 96], orientation=ShardOrientation::ROW_MAJOR},nd_shard_spec=std::nullopt,created_with_nd_shard_spec=0,per_core_allocation=0) mem config. Using computed config. (matmul_device_operation.cpp:239)
2026-08-14 09:18:31.004 | warning  |              Op | Mismatch between computed MemoryConfig(memory_layout=TensorMemoryLayout::WIDTH_SHARDED,buffer_type=BufferType::L1,shard_spec=ShardSpec{grid=[{"start":{"x":0,"y":0},"end":{"x":10,"y":0}, {"start":{"x":0,"y":1},"end":{"x":2,"y":1}], shape=[32, 96], orientation=ShardOrientation::ROW_MAJOR},nd_shard_spec={"shard_shape":[32, 96],"grid":[{"start":{"x":0,"y":0},"end":{"x":10,"y":0}}, {"start":{"x":0,"y":1},"end":{"x":2,"y":1}}],"orientation":"ShardOrientation::ROW_MAJOR","shard_distribution_strategy":"ShardDistributionStrategy::ROUND_ROBIN_1D"},created_with_nd_shard_spec=0,per_core_allocation=0) and provided MemoryConfig(memory_layout=TensorMemoryLayout::WIDTH_SHARDED,buffer_type=BufferType::L1,shard_spec=ShardSpec{grid=[{"start":{"x":0,"y":0},"end":{"x":10,"y":0}, {"start":{"x":0,"y":1},"end":{"x":4,"y":1}], shape=[32, 96], orientation=ShardOrientation::ROW_MAJOR},nd_shard_spec=std::nullopt,created_with_nd_shard_spec=0,per_core_allocation=0) mem config. Using computed config. (matmul_device_operation.cpp:239)
2026-08-14 09:18:31.006 | warning  |              Op | Mismatch between computed MemoryConfig(memory_layout=TensorMemoryLayout::WIDTH_SHARDED,buffer_type=BufferType::L1,shard_spec=ShardSpec{grid=[{"start":{"x":0,"y":0},"end":{"x":10,"y":0}, {"start":{"x":0,"y":1},"end":{"x":2,"y":1}], shape=[32, 96], orientation=ShardOrientation::ROW_MAJOR},nd_shard_spec={"shard_shape":[32, 96],"grid":[{"start":{"x":0,"y":0},"end":{"x":10,"y":0}}, {"start":{"x":0,"y":1},"end":{"x":2,"y":1}}],"orientation":"ShardOrientation::ROW_MAJOR","shard_distribution_strategy":"ShardDistributionStrategy::ROUND_ROBIN_1D"},created_with_nd_shard_spec=0,per_core_allocation=0) and provided MemoryConfig(memory_layout=TensorMemoryLayout::WIDTH_SHARDED,buffer_type=BufferType::L1,shard_spec=ShardSpec{grid=[{"start":{"x":0,"y":0},"end":{"x":10,"y":0}, {"start":{"x":0,"y":1},"end":{"x":4,"y":1}], shape=[32, 96], orientation=ShardOrientation::ROW_MAJOR},nd_shard_spec=std::nullopt,created_with_nd_shard_spec=0,per_core_allocation=0) mem config. Using computed config. (matmul_device_operation.cpp:239)
2026-08-14 09:18:31.012 | INFO     | models.autoports.meta_models_muse_glimmer_30b.tt.generator:_capture_decode_trace:912 - MuseGlimmerGenerator: captured decode trace (positions advance on device)
2026-08-14 09:18:31.012 | DEBUG    | models.common.sampling.generator:capture_trace:307 - Pre-compiling sampling path before trace capture (penalties=False,log_probs_on=False,force_argmax=False)
2026-08-14 09:18:31.013 | warning  |              Op | The following ttnn.all_gather args are deprecated and will be removed in September-2026: num_links, topology, chunks_per_sync, num_workers_per_link, num_buffers_per_channel, use_l1_small_for_semaphores. (all_gather.cpp:148)
2026-08-14 09:18:31.013 | warning  |              Op | The following ttnn.all_gather args are deprecated and will be removed in September-2026: num_links, topology, chunks_per_sync, num_workers_per_link, num_buffers_per_channel, use_l1_small_for_semaphores. (all_gather.cpp:148)
2026-08-14 09:18:31.014 | warning  |              Op | The following ttnn.all_gather args are deprecated and will be removed in September-2026: num_links, topology, chunks_per_sync, num_workers_per_link, num_buffers_per_channel, use_l1_small_for_semaphores. (all_gather.cpp:148)
2026-08-14 09:18:31.015 | warning  |              Op | The following ttnn.all_gather args are deprecated and will be removed in September-2026: num_links, topology, chunks_per_sync, num_workers_per_link, num_buffers_per_channel, use_l1_small_for_semaphores. (all_gather.cpp:148)
2026-08-14 09:18:31.018 | INFO     | models.autoports.meta_models_muse_glimmer_30b.tt.generator:_capture_sampling_trace:924 - MuseGlimmerGenerator: captured sampling trace (tt_out_tok -> decode token input)
2026-08-14 09:18:31.100 | warning  |              Op | The following ttnn.all_gather args are deprecated and will be removed in September-2026: num_links, topology, chunks_per_sync, num_workers_per_link, num_buffers_per_channel, use_l1_small_for_semaphores. (all_gather.cpp:148)
2026-08-14 09:18:31.101 | warning  |              Op | The following ttnn.all_gather args are deprecated and will be removed in September-2026: num_links, topology, chunks_per_sync, num_workers_per_link, num_buffers_per_channel, use_l1_small_for_semaphores. (all_gather.cpp:148)
2026-08-14 09:18:31.186 | warning  |              Op | The following ttnn.all_gather args are deprecated and will be removed in September-2026: num_links, topology, chunks_per_sync, num_workers_per_link, num_buffers_per_channel, use_l1_small_for_semaphores. (all_gather.cpp:148)
2026-08-14 09:18:31.186 | warning  |              Op | The following ttnn.all_gather args are deprecated and will be removed in September-2026: num_links, topology, chunks_per_sync, num_workers_per_link, num_buffers_per_channel, use_l1_small_for_semaphores. (all_gather.cpp:148)
2026-08-14 09:18:31.221 | warning  |              Op | The following ttnn.all_gather args are deprecated and will be removed in September-2026: num_links, topology, chunks_per_sync, num_workers_per_link, num_buffers_per_channel, use_l1_small_for_semaphores. (all_gather.cpp:148)
2026-08-14 09:18:31.221 | warning  |              Op | The following ttnn.all_gather args are deprecated and will be removed in September-2026: num_links, topology, chunks_per_sync, num_workers_per_link, num_buffers_per_channel, use_l1_small_for_semaphores. (all_gather.cpp:148)
2026-08-14 09:18:31.292 | DEBUG    | models.common.sampling.generator:reset_trace:132 - Resetting sampling trace (penalties=False, log_probs=False, force_argmax=False, trace_id=MeshTraceId(10))
[32mPASSED[0m
models/autoports/meta_models_muse_glimmer_30b/tests/test_full_model.py::test_prefill_trace_survives_rebinding_the_same_external_cache 2026-08-14 09:18:39.680 | info     |           Metal | Watcher checking device 0 (watcher_device_reader.cpp:415)
2026-08-14 09:18:39.686 | info     |           Metal | Watcher checking device 1 (watcher_device_reader.cpp:415)
2026-08-14 09:18:39.691 | info     |           Metal | Watcher checking device 2 (watcher_device_reader.cpp:415)
2026-08-14 09:18:39.697 | info     |           Metal | Watcher checking device 3 (watcher_device_reader.cpp:415)
2026-08-14 09:18:48.252 | INFO     | models.autoports.meta_models_muse_glimmer_30b.tt.model:from_pretrained:837 - MuseGlimmerModel: built 2/2 layers
2026-08-14 09:18:48.367 | INFO     | models.autoports.meta_models_muse_glimmer_30b.tt.generator:build_generator:1422 - MuseGlimmerModel built in 15.3s
2026-08-14 09:18:48.580 | INFO     | models.autoports.meta_models_muse_glimmer_30b.tt.generator:_capture_prefill_trace:601 - MuseGlimmerGenerator: captured a prefill trace for padded_len=96 (1/1 buckets)
2026-08-14 09:18:48.806 | WARNING  | models.autoports.meta_models_muse_glimmer_30b.tt.generator:_invalidate_traces_if_cache_moved:676 - MuseGlimmerGenerator: the KV cache was rebound to different buffers; releasing the prefill x1 trace(s). The next call recaptures against the new buffers; bind the cache before the first prefill to avoid paying for that.
2026-08-14 09:18:48.855 | INFO     | models.autoports.meta_models_muse_glimmer_30b.tt.generator:_capture_prefill_trace:601 - MuseGlimmerGenerator: captured a prefill trace for padded_len=96 (1/1 buckets)
[32mPASSED[0m2026-08-14 09:18:49.002 | DEBUG    | models.common.sampling.generator:reset_trace:132 - Resetting sampling trace (penalties=False, log_probs=False, force_argmax=False, trace_id=MeshTraceId(1))
2026-08-14 09:18:49.710 | info     |           Metal | Watcher checking device 0 (watcher_device_reader.cpp:415)
2026-08-14 09:18:49.715 | warning  |           Metal | Watcher stopped the device due to tripped assert, see watcher log for more details (watcher_device_reader.cpp:850)
2026-08-14 09:18:49.715 | warning  |           Metal | Device 0 acteth core(x= 0,y= 9) virtual(x=29,y=25): subordinate_erisc detected invalid NOC command buffer state before starting the next kernel (write-capable NOC packet tags must be zero so implicit transaction ID users start with transaction ID 0). Current kernel: tt_metal/fabric/impl/kernels/edm_fabric/fabric_erisc_router.cpp. (watcher_device_reader.cpp:851)
2026-08-14 09:18:49.715 | info     |           Metal | Last waypoint:  SEW,NKFW,   X,   X,   X (watcher_device_reader.cpp:1127)
2026-08-14 09:18:49.715 | info     |           Metal | While running kernels: (watcher_device_reader.cpp:1368)
2026-08-14 09:18:49.715 | info     |           Metal |  erisc: tt_metal/fabric/impl/kernels/edm_fabric/fabric_erisc_router.cpp (watcher_device_reader.cpp:1370)
2026-08-14 09:18:49.715 | info     |           Metal |  subordinate_erisc: tt_metal/fabric/impl/kernels/edm_fabric/fabric_erisc_router.cpp (watcher_device_reader.cpp:1370)
2026-08-14 09:18:49.715 | critical |          Always | TT_THROW: Watcher detected tripped assert and stopped device. (assert.hpp:104)
terminate called after throwing an instance of 'std::runtime_error'
  what():  TT_THROW @ /home/ttuser/dev/muse-glimmer/tt-metal/tt_metal/impl/debug/watcher_device_reader.cpp:856: tt::exception
info:
Watcher detected tripped assert and stopped device.
backtrace:
 --- /home/ttuser/dev/muse-glimmer/tt-metal/ttnn/ttnn/_ttnn.so(+0x723a2b) [0x7be396f23a2b]
 --- tt::tt_metal::WatcherDeviceReader::Core::DumpAssertStatus() const
 --- tt::tt_metal::WatcherDeviceReader::Core::Dump() const
 --- tt::tt_metal::WatcherDeviceReader::Dump(_IO_FILE*)
 --- tt::tt_metal::WatcherServer::Impl::dump(_IO_FILE*)
 --- tt::tt_metal::WatcherServer::Impl::poll_watcher_data()
 --- /lib/x86_64-linux-gnu/libstdc++.so.6(+0xf5c79) [0x7be3da2f5c79]
 --- /lib/x86_64-linux-gnu/libc.so.6(+0x9cb84) [0x7be3dd49cb84]
 --- /lib/x86_64-linux-gnu/libc.so.6(+0x129d6c) [0x7be3dd529d6c]

models/autoports/meta_models_muse_glimmer_30b/doc/optimized_full_model/bench/run_watcher.sh: line 72: 1618220 Aborted                 (core dumped) python -m pytest "${NODES[@]}" -q --no-header -p no:randomly -rA 2>&1
     1618221 Done                    | tee "$D/logs/watcher_pytest$TAG.log"
pytest exit code: 134 (0 = clean; 134 = SIGABRT at teardown, see the note above)
=== console check for a tripped assert ===
WATCHER_CONSOLE_TRIPPED_ASSERT
2026-08-14 09:18:49.715 | warning  |           Metal | Watcher stopped the device due to tripped assert, see watcher log for more details (watcher_device_reader.cpp:850)
2026-08-14 09:18:49.715 | warning  |           Metal | Device 0 acteth core(x= 0,y= 9) virtual(x=29,y=25): subordinate_erisc detected invalid NOC command buffer state before starting the next kernel (write-capable NOC packet tags must be zero so implicit transaction ID users start with transaction ID 0). Current kernel: tt_metal/fabric/impl/kernels/edm_fabric/fabric_erisc_router.cpp. (watcher_device_reader.cpp:851)
2026-08-14 09:18:49.715 | critical |          Always | TT_THROW: Watcher detected tripped assert and stopped device. (assert.hpp:104)
=== watcher verdict, re-derived from the log ===
    missing expected watcher structure: device detach: 0 < 1
WATCHER_LOG_NOT_A_REAL_RUN
/home/ttuser/dev/muse-glimmer/tt-metal/models/autoports/meta_models_muse_glimmer_30b/doc/optimized_full_model/watcher_postfix_optin3/watcher.log.gz: 13004 lines
  dump boundaries: 23 (min 2)
  kernel id lines: 5929 (min 100)
  stack usage rows: 200 (min 10)
  device attach: 4 (min 1)
  device detach: 0 (min 1)
  fatal watcher messages: 0
