2026-09-03 20:27:16.554 | DEBUG    | ttnn:<module>:78 - Initial ttnn.CONFIG:
Config{cache_path=/home/stisi/.cache/ttnn,model_cache_path=/home/stisi/.cache/ttnn/models,tmp_dir=/tmp/ttnn,enable_model_cache=false,enable_fast_runtime_mode=true,validate_program_args=false,throw_exception_on_fallback=false,enable_logging=false,enable_graph_report=false,enable_graph_python_stack_traces=false,enable_detailed_buffer_report=false,enable_detailed_tensor_report=false,enable_comparison_mode=false,comparison_mode_should_raise_exception=false,comparison_mode_pcc=0.9999,root_report_path=generated/ttnn/reports,report_name=std::nullopt,std::nullopt}
2026-09-03 20:27:16.588 | info     |          Device | Opening user mode device driver (tt_cluster.cpp:222)
2026-09-03 20:27:16.588 | info     |             UMD | Cluster constructor started. (cluster.cpp:406)
2026-09-03 20:27:16.588 | info     |             UMD | Creating TopologyDiscovery for architecture: blackhole (topology_discovery.cpp:96)
2026-09-03 20:27:16.588 | info     |             UMD | Starting topology discovery. (topology_discovery.cpp:115)
2026-09-03 20:27:16.600 | info     |             UMD | Established firmware bundle version: 19.12.0 (topology_discovery.cpp:576)
2026-09-03 20:27:16.600 | info     |             UMD | Completed topology discovery. (topology_discovery.cpp:119)
2026-09-03 20:27:16.635 | info     |             UMD | Opening local chip ids/PCIe ids: {0, 1, 2, 3}/[0, 1, 2, 3] and remote chip ids {} (cluster.cpp:173)
2026-09-03 20:27:16.635 | info     |             UMD | IOMMU: disabled (cluster.cpp:147)
2026-09-03 20:27:16.635 | info     |             UMD | KMD version: 2.8.1 (cluster.cpp:150)
2026-09-03 20:27:16.635 | info     |             UMD | Cluster constructor completed. (cluster.cpp:665)
2026-09-03 20:27:16.636 | info     |             UMD | Starting devices in cluster (cluster.cpp:1205)
2026-09-03 20:27:16.643 | warning  |             UMD | AICLK settled at 1343 MHz, within 5% of the requested 1350 MHz but not an exact match. Proceeding. (tt_device.cpp:256)
2026-09-03 20:27:16.846 | info     |             UMD | Starting devices in cluster completed. (cluster.cpp:1213)
2026-09-03 20:27:16.952 | info     |     Distributed | Using auto discovery to generate mesh graph. (metal_env.cpp:422)
2026-09-03 20:27:16.952 | info     |     Distributed | Constructing control plane using auto-discovery (no mesh graph descriptor). (metal_env.cpp:484)
2026-09-03 20:27:16.952 | warning  |          Always | Unknown motherboard 'B850M-C' for chip_id=2 (bus_id=0x3) — falling back to bus_id as tray_id. Add this motherboard and its bus IDs to mobo_to_bus_ids in physical_system_discovery.cpp. (physical_system_discovery.cpp:119)
2026-09-03 20:27:16.952 | info     |          Fabric | Logical multi-mesh adjacency: intermesh degree histogram {0:1}; intra-mesh degree histograms mesh0 {2:4} (topology_mapper_utils.cpp:3368)
2026-09-03 20:27:16.952 | info     |          Fabric | Physical multi-mesh adjacency: intermesh degree histogram {0:1}; intra-mesh degree histograms mesh0 {2:4} (topology_mapper_utils.cpp:3376)
2026-09-03 20:27:16.991 | warning  |           Metal | Opening subset of mmio devices slows down UMD read/write to remote chips. If opening more devices, consider using distributed::MeshDevice::create_unit_meshes(). (device_manager.cpp:264)
E=64 inter=1536 hidden=2048 top_k=4
  union active=4: 0.4029 ms/layer
  union active=8: 0.5232 ms/layer
  union active=16: 0.7636 ms/layer
  union active=32: 1.2444 ms/layer
  union active=64: 2.2264 ms/layer
  compact kc=4: 0.1258 ms/layer
  compact kc=8: 0.2128 ms/layer
  compact kc=16: 0.3849 ms/layer
  compact kc=32: 0.7374 ms/layer
  compact kc=64: 1.4376 ms/layer
WROTE /home/stisi/tt-metal/models/autoports/zai_org_glm_4_7_flash/doc/optimized_vllm/moe_union_vs_compact.json
2026-09-03 20:27:26.702 | info     |    BuildKernels | JIT cache stats: 52/113 hits (46.0%) [52 cached, 25 build-once dedup, 0 merged artifacts, 0 merged genfiles] (build_cache_telemetry.cpp:207)
2026-09-03 20:27:26.702 | info     |    BuildKernels | JIT telemetry: 3 registered TelemetryTokens (build_cache_telemetry.cpp:230)
2026-09-03 20:27:26.715 | info     |          Device | Closing user mode device drivers (tt_cluster.cpp:542)
2026-09-03 20:27:26.715 | info     |             UMD | Closing devices in cluster (cluster.cpp:1218)
2026-09-03 20:27:27.121 | info     |             UMD | Closing devices in cluster completed. (cluster.cpp:1227)
2026-09-03 20:27:27.121 | info     |             UMD | Cluster destructor started. (cluster.cpp:933)
2026-09-03 20:27:27.121 | info     |             UMD | Cluster destructor completed. (cluster.cpp:936)
