2026-07-14 07:33:39.582 | DEBUG    | ttnn:<module>:79 - Initial ttnn.CONFIG:
Config{cache_path=/home/odjuricic/.cache/ttnn,model_cache_path=/home/odjuricic/.cache/ttnn/models,tmp_dir=/tmp/ttnn,enable_model_cache=false,enable_fast_runtime_mode=true,throw_exception_on_fallback=false,enable_logging=false,enable_graph_report=false,enable_graph_python_stack_traces=false,enable_detailed_buffer_report=false,enable_detailed_tensor_report=false,enable_comparison_mode=false,comparison_mode_should_raise_exception=false,comparison_mode_pcc=0.9999,root_report_path=generated/ttnn/reports,report_name=std::nullopt,std::nullopt}
============================= test session starts ==============================
platform linux -- Python 3.10.19, pytest-9.0.3, pluggy-1.6.0 -- /opt/venv/bin/python3
cachedir: .pytest_cache
benchmark: 5.2.3 (defaults: timer=time.perf_counter disable_gc=False min_rounds=5 min_time=0.000005 max_time=1.0 calibration_precision=10 warmup=False warmup_iterations=100000)
rootdir: /localdev/odjuricic/tt-metal
configfile: pytest.ini
plugins: dash-2.15.0, cov-7.0.0, anyio-4.14.1, github-actions-annotate-failures-0.3.0, split-0.11.0, benchmark-5.2.3, timeout-2.4.0
timeout: 300.0s
timeout method: signal
timeout func_only: False
collecting ... collected 26 items

models/autoports/google_gemma_4_31b/tests/test_multichip_decoder.py::test_multichip_prefill_matches_optimized_baseline[0-sliding_attention] 2026-07-14 07:33:42.353 | info     |          Device | Opening user mode device driver (tt_cluster.cpp:228)
2026-07-14 07:33:42.353 | info     |             UMD | Cluster constructor started. (cluster.cpp:348)
2026-07-14 07:33:42.354 | info     |             UMD | Creating TopologyDiscovery for architecture: blackhole (topology_discovery.cpp:91)
2026-07-14 07:33:42.354 | info     |             UMD | Starting topology discovery. (topology_discovery.cpp:110)
2026-07-14 07:33:42.355 | info     |             UMD | Established firmware bundle version: 19.9.0 (topology_discovery.cpp:569)
2026-07-14 07:33:42.355 | info     |             UMD | Firmware bundle version 19.9.0 on the system is newer than the latest fully tested version 19.5.0 for blackhole architecture. Newest features may not be supported. (topology_discovery.cpp:601)
2026-07-14 07:33:42.359 | info     |             UMD | Completed topology discovery. (topology_discovery.cpp:114)
2026-07-14 07:33:42.526 | info     |             UMD | Opening local chip ids/PCIe ids: {0, 1, 2, 3}/[1, 2, 3, 0] and remote chip ids {} (cluster.cpp:168)
2026-07-14 07:33:42.526 | info     |             UMD | IOMMU: enabled (cluster.cpp:142)
2026-07-14 07:33:42.526 | info     |             UMD | KMD version: 2.4.1 (cluster.cpp:145)
2026-07-14 07:33:42.526 | info     |             UMD | Cluster constructor completed. (cluster.cpp:520)
2026-07-14 07:33:42.529 | info     |             UMD | Starting devices in cluster (cluster.cpp:1024)
2026-07-14 07:33:42.764 | info     |             UMD | Starting devices in cluster completed. (cluster.cpp:1032)
2026-07-14 07:33:43.370 | DEBUG    | ttnn.device:__init__:152 - Using default dispatch core type for this system: DispatchCoreType.WORKER
2026-07-14 07:33:43.370 | DEBUG    | ttnn.device:__init__:154 - Using default dispatch core axis for this system: DispatchCoreAxis.COL
2026-07-14 07:33:43.370 | info     |     Distributed | Using auto discovery to generate mesh graph. (metal_env.cpp:367)
2026-07-14 07:33:43.370 | info     |     Distributed | Constructing control plane using auto-discovery (no mesh graph descriptor). (metal_env.cpp:429)
2026-07-14 07:33:43.371 | info     |          Fabric | Logical multi-mesh adjacency: intermesh degree histogram {0:1}; intra-mesh degree histograms mesh0 {2:4} (topology_mapper_utils.cpp:2342)
2026-07-14 07:33:43.371 | info     |          Fabric | Physical multi-mesh adjacency: intermesh degree histogram {0:1}; intra-mesh degree histograms mesh0 {2:4} (topology_mapper_utils.cpp:2350)
2026-07-14 07:33:43.386 | info     |    BuildKernels | Using pre-compiled firmware from: /localdev/odjuricic/tt-metal/tt_metal/pre-compiled/13793420398762238087/ (build_env_manager.cpp:347)
2026-07-14 07:33:43.386 | info     |    BuildKernels | Using pre-compiled firmware from: /localdev/odjuricic/tt-metal/tt_metal/pre-compiled/13793420398762238087/ (build_env_manager.cpp:347)
2026-07-14 07:33:43.386 | info     |    BuildKernels | Using pre-compiled firmware from: /localdev/odjuricic/tt-metal/tt_metal/pre-compiled/13793420398762238087/ (build_env_manager.cpp:347)
2026-07-14 07:33:43.386 | info     |    BuildKernels | Using pre-compiled firmware from: /localdev/odjuricic/tt-metal/tt_metal/pre-compiled/13793420398762238087/ (build_env_manager.cpp:347)
2026-07-14 07:33:43.430 | warning  |           Metal | Opening subset of mmio devices slows down UMD read/write to remote chips. If opening more devices, consider using CreateDevices API. (device_manager.cpp:261)
2026-07-14 07:33:43.481 | info     |           Metal | ShmResourceTracker: removed orphaned shm '/tt_device_143238002114624_memory' (shm_resource_tracker.cpp:282)
2026-07-14 07:33:44.050 | info     |           Metal | [Real-time profiler] Device 1 sync complete: 100 samples, frequency=1.349982 GHz, device_time_at_sync=3238948458623 cycles (realtime_profiler_manager.cpp:1127)
2026-07-14 07:34:44.174 | info     |           Metal | Fabric config changed from FabricConfig::DISABLED to FabricConfig::FABRIC_1D, reinitializing control plane (metal_env.cpp:281)
2026-07-14 07:34:44.174 | info     |     Distributed | Using auto discovery to generate mesh graph. (metal_env.cpp:367)
2026-07-14 07:34:44.174 | info     |     Distributed | Constructing control plane using auto-discovery (no mesh graph descriptor). (metal_env.cpp:429)
2026-07-14 07:34:44.175 | info     |          Fabric | Logical multi-mesh adjacency: intermesh degree histogram {0:1}; intra-mesh degree histograms mesh0 {2:4} (topology_mapper_utils.cpp:2342)
2026-07-14 07:34:44.175 | info     |          Fabric | Physical multi-mesh adjacency: intermesh degree histogram {0:1}; intra-mesh degree histograms mesh0 {2:4} (topology_mapper_utils.cpp:2350)
2026-07-14 07:34:44.176 | DEBUG    | ttnn.device:__init__:152 - Using default dispatch core type for this system: DispatchCoreType.WORKER
2026-07-14 07:34:44.176 | DEBUG    | ttnn.device:__init__:154 - Using default dispatch core axis for this system: DispatchCoreAxis.COL
2026-07-14 07:34:44.202 | info     |    BuildKernels | Using pre-compiled firmware from: /localdev/odjuricic/tt-metal/tt_metal/pre-compiled/13793420398762238087/ (build_env_manager.cpp:347)
2026-07-14 07:34:44.204 | info     |    BuildKernels | Using pre-compiled firmware from: /localdev/odjuricic/tt-metal/tt_metal/pre-compiled/13793420398762238087/ (build_env_manager.cpp:347)
2026-07-14 07:34:44.207 | info     |    BuildKernels | Using pre-compiled firmware from: /localdev/odjuricic/tt-metal/tt_metal/pre-compiled/13793420398762238087/ (build_env_manager.cpp:347)
2026-07-14 07:34:44.210 | info     |    BuildKernels | Using pre-compiled firmware from: /localdev/odjuricic/tt-metal/tt_metal/pre-compiled/13793420398762238087/ (build_env_manager.cpp:347)
2026-07-14 07:34:44.257 | info     |           Metal | Initializing Fabric (fabric_firmware_initializer.cpp:288)
2026-07-14 07:34:44.316 | info     |           Metal | Fabric initialized on Device 1 (device.cpp:429)
2026-07-14 07:34:44.317 | info     |           Metal | Fabric initialized on Device 0 (device.cpp:429)
2026-07-14 07:34:44.318 | info     |           Metal | Fabric initialized on Device 2 (device.cpp:429)
2026-07-14 07:34:44.319 | info     |           Metal | Fabric initialized on Device 3 (device.cpp:429)
2026-07-14 07:34:44.319 | info     |           Metal | Fabric initialized on 4 devices (fabric_firmware_initializer.cpp:435)
2026-07-14 07:34:44.319 | info     |           Metal | Fabric Initialized with config FabricConfig::FABRIC_1D (fabric_firmware_initializer.cpp:305)
2026-07-14 07:34:44.951 | info     |           Metal | [Real-time profiler] Device 1 sync complete: 100 samples, frequency=1.349986 GHz, device_time_at_sync=3321156875141 cycles (realtime_profiler_manager.cpp:1127)
2026-07-14 07:34:44.954 | info     |           Metal | [Real-time profiler] Device 2 sync complete: 100 samples, frequency=1.350000 GHz, device_time_at_sync=3321082264620 cycles (realtime_profiler_manager.cpp:1127)
2026-07-14 07:34:44.959 | info     |           Metal | [Real-time profiler] Device 3 sync complete: 100 samples, frequency=1.349979 GHz, device_time_at_sync=3323537054024 cycles (realtime_profiler_manager.cpp:1127)
2026-07-14 07:34:44.959 | info     |           Metal | [Real-time profiler] Device 0 sync complete: 100 samples, frequency=1.349932 GHz, device_time_at_sync=3318842971960 cycles (realtime_profiler_manager.cpp:1127)
PCC=0.9998458099608858
PCC=0.9998458099608858
PCC=0.9998458099608858
PCC=0.9998458099608858
PASSED
models/autoports/google_gemma_4_31b/tests/test_multichip_decoder.py::test_multichip_prefill_matches_optimized_baseline[5-full_attention] PCC=0.9997565724638809
PCC=0.9997565724638809
PCC=0.9997565724638809
PCC=0.9997565724638809
PASSED
models/autoports/google_gemma_4_31b/tests/test_multichip_decoder.py::test_multichip_paged_decode_trace_matches_optimized_baseline[0-sliding_attention] PCC=0.9999559675167017
PASSED
models/autoports/google_gemma_4_31b/tests/test_multichip_decoder.py::test_multichip_paged_decode_trace_matches_optimized_baseline[5-full_attention] PCC=0.9998926440224274
PASSED
models/autoports/google_gemma_4_31b/tests/test_multichip_decoder.py::test_multichip_sliding_nonaligned_window_wrap_matches_baseline[1025] PCC=0.9996793678425688
PCC=0.9996793678425688
PCC=0.9996793678425688
PCC=0.9996793678425688
PASSED
models/autoports/google_gemma_4_31b/tests/test_multichip_decoder.py::test_multichip_sliding_nonaligned_window_wrap_matches_baseline[1057] PCC=0.9995042174704122
PCC=0.9995042174704122
PCC=0.9995042174704122
PCC=0.9995042174704122
PASSED
models/autoports/google_gemma_4_31b/tests/test_multichip_decoder.py::test_multichip_batch32_nonaligned_prefill_and_traced_decode[0-sliding_attention] PCC=0.9999056077397438
PASSED
models/autoports/google_gemma_4_31b/tests/test_multichip_decoder.py::test_multichip_batch32_nonaligned_prefill_and_traced_decode[5-full_attention] PCC=0.999887662561192
PASSED
models/autoports/google_gemma_4_31b/tests/test_multichip_decoder.py::test_multichip_kv_and_layout_contract[0-sliding_attention-4-256] PASSED
models/autoports/google_gemma_4_31b/tests/test_multichip_decoder.py::test_multichip_kv_and_layout_contract[5-full_attention-1-512] PASSED
models/autoports/google_gemma_4_31b/tests/test_multichip_decoder.py::test_multichip_advertised_context_traced_decode[0-sliding_attention] SKIPPED
models/autoports/google_gemma_4_31b/tests/test_multichip_decoder.py::test_multichip_advertised_context_traced_decode[5-full_attention] SKIPPED
models/autoports/google_gemma_4_31b/tests/test_multichip_decoder.py::test_multichip_runtime_source_audit PASSED
models/autoports/google_gemma_4_31b/tests/test_multichip_decoder.py::test_multichip_mlp_decode_geometry_sweep[8] SKIPPED
models/autoports/google_gemma_4_31b/tests/test_multichip_decoder.py::test_multichip_mlp_decode_geometry_sweep[12] SKIPPED
models/autoports/google_gemma_4_31b/tests/test_multichip_decoder.py::test_multichip_mlp_decode_geometry_sweep[21] SKIPPED
models/autoports/google_gemma_4_31b/tests/test_multichip_decoder.py::test_multichip_mlp_decode_geometry_sweep[24] SKIPPED
models/autoports/google_gemma_4_31b/tests/test_multichip_decoder.py::test_multichip_mlp_prefill_placement_sweep SKIPPED
models/autoports/google_gemma_4_31b/tests/test_multichip_decoder.py::test_multichip_fractured_residual_boundary_probe[32] SKIPPED
models/autoports/google_gemma_4_31b/tests/test_multichip_decoder.py::test_multichip_fractured_residual_boundary_probe[128] SKIPPED
models/autoports/google_gemma_4_31b/tests/test_multichip_decoder.py::test_multichip_warmed_latency[0-sliding_attention] SKIPPED
models/autoports/google_gemma_4_31b/tests/test_multichip_decoder.py::test_multichip_warmed_latency[5-full_attention] SKIPPED
models/autoports/google_gemma_4_31b/tests/test_multichip_decoder.py::test_multichip_profile[prefill-0-sliding_attention] SKIPPED
models/autoports/google_gemma_4_31b/tests/test_multichip_decoder.py::test_multichip_profile[prefill-5-full_attention] SKIPPED
models/autoports/google_gemma_4_31b/tests/test_multichip_decoder.py::test_multichip_profile[decode-0-sliding_attention] SKIPPED
models/autoports/google_gemma_4_31b/tests/test_multichip_decoder.py::test_multichip_profile[decode-5-full_attention] SKIPPED

=============================== warnings summary ===============================
<frozen importlib._bootstrap>:241
  <frozen importlib._bootstrap>:241: DeprecationWarning: builtin type SwigPyPacked has no __module__ attribute

<frozen importlib._bootstrap>:241
  <frozen importlib._bootstrap>:241: DeprecationWarning: builtin type SwigPyObject has no __module__ attribute

models/tt_transformers/tt/common.py:28
  /localdev/odjuricic/tt-metal/models/tt_transformers/tt/common.py:28: PydanticDeprecatedSince20: Support for class-based `config` is deprecated, use ConfigDict instead. Deprecated in Pydantic V2.0 to be removed in V3.0. See Pydantic V2 Migration Guide at https://errors.pydantic.dev/2.14/migration/
    class ImageMedia(BaseModel):

-- Docs: https://docs.pytest.org/en/stable/how-to/capture-warnings.html
==================================== PASSES ====================================
- generated xml file: /localdev/odjuricic/tt-metal/models/autoports/google_gemma_4_31b/doc/multichip_decoder/evidence/final_suite.xml -
============================== slowest durations ===============================
62.89s setup    models/autoports/google_gemma_4_31b/tests/test_multichip_decoder.py::test_multichip_prefill_matches_optimized_baseline[0-sliding_attention]
31.66s call     models/autoports/google_gemma_4_31b/tests/test_multichip_decoder.py::test_multichip_kv_and_layout_contract[5-full_attention-1-512]
28.38s call     models/autoports/google_gemma_4_31b/tests/test_multichip_decoder.py::test_multichip_batch32_nonaligned_prefill_and_traced_decode[5-full_attention]
27.98s call     models/autoports/google_gemma_4_31b/tests/test_multichip_decoder.py::test_multichip_paged_decode_trace_matches_optimized_baseline[5-full_attention]
27.95s call     models/autoports/google_gemma_4_31b/tests/test_multichip_decoder.py::test_multichip_prefill_matches_optimized_baseline[5-full_attention]
26.60s call     models/autoports/google_gemma_4_31b/tests/test_multichip_decoder.py::test_multichip_batch32_nonaligned_prefill_and_traced_decode[0-sliding_attention]
25.74s call     models/autoports/google_gemma_4_31b/tests/test_multichip_decoder.py::test_multichip_sliding_nonaligned_window_wrap_matches_baseline[1057]
25.46s call     models/autoports/google_gemma_4_31b/tests/test_multichip_decoder.py::test_multichip_paged_decode_trace_matches_optimized_baseline[0-sliding_attention]
25.38s call     models/autoports/google_gemma_4_31b/tests/test_multichip_decoder.py::test_multichip_sliding_nonaligned_window_wrap_matches_baseline[1025]
25.32s call     models/autoports/google_gemma_4_31b/tests/test_multichip_decoder.py::test_multichip_kv_and_layout_contract[0-sliding_attention-4-256]
25.31s call     models/autoports/google_gemma_4_31b/tests/test_multichip_decoder.py::test_multichip_prefill_matches_optimized_baseline[0-sliding_attention]
0.24s setup    models/autoports/google_gemma_4_31b/tests/test_multichip_decoder.py::test_multichip_sliding_nonaligned_window_wrap_matches_baseline[1057]
0.23s setup    models/autoports/google_gemma_4_31b/tests/test_multichip_decoder.py::test_multichip_batch32_nonaligned_prefill_and_traced_decode[0-sliding_attention]
0.23s setup    models/autoports/google_gemma_4_31b/tests/test_multichip_decoder.py::test_multichip_kv_and_layout_contract[0-sliding_attention-4-256]
0.23s setup    models/autoports/google_gemma_4_31b/tests/test_multichip_decoder.py::test_multichip_prefill_matches_optimized_baseline[5-full_attention]
0.23s setup    models/autoports/google_gemma_4_31b/tests/test_multichip_decoder.py::test_multichip_kv_and_layout_contract[5-full_attention-1-512]
0.23s setup    models/autoports/google_gemma_4_31b/tests/test_multichip_decoder.py::test_multichip_sliding_nonaligned_window_wrap_matches_baseline[1025]
0.23s setup    models/autoports/google_gemma_4_31b/tests/test_multichip_decoder.py::test_multichip_batch32_nonaligned_prefill_and_traced_decode[5-full_attention]
0.23s setup    models/autoports/google_gemma_4_31b/tests/test_multichip_decoder.py::test_multichip_paged_decode_trace_matches_optimized_baseline[0-sliding_attention]
0.23s setup    models/autoports/google_gemma_4_31b/tests/test_multichip_decoder.py::test_multichip_runtime_source_audit
0.23s setup    models/autoports/google_gemma_4_31b/tests/test_multichip_decoder.py::test_multichip_paged_decode_trace_matches_optimized_baseline[5-full_attention]
0.16s teardown models/autoports/google_gemma_4_31b/tests/test_multichip_decoder.py::test_multichip_profile[decode-5-full_attention]
0.01s call     models/autoports/google_gemma_4_31b/tests/test_multichip_decoder.py::test_multichip_runtime_source_audit

(40 durations < 0.005s hidden.  Use -vv to show these durations.)
=========================== short test summary info ============================
PASSED models/autoports/google_gemma_4_31b/tests/test_multichip_decoder.py::test_multichip_prefill_matches_optimized_baseline[0-sliding_attention]
PASSED models/autoports/google_gemma_4_31b/tests/test_multichip_decoder.py::test_multichip_prefill_matches_optimized_baseline[5-full_attention]
PASSED models/autoports/google_gemma_4_31b/tests/test_multichip_decoder.py::test_multichip_paged_decode_trace_matches_optimized_baseline[0-sliding_attention]
PASSED models/autoports/google_gemma_4_31b/tests/test_multichip_decoder.py::test_multichip_paged_decode_trace_matches_optimized_baseline[5-full_attention]
PASSED models/autoports/google_gemma_4_31b/tests/test_multichip_decoder.py::test_multichip_sliding_nonaligned_window_wrap_matches_baseline[1025]
PASSED models/autoports/google_gemma_4_31b/tests/test_multichip_decoder.py::test_multichip_sliding_nonaligned_window_wrap_matches_baseline[1057]
PASSED models/autoports/google_gemma_4_31b/tests/test_multichip_decoder.py::test_multichip_batch32_nonaligned_prefill_and_traced_decode[0-sliding_attention]
PASSED models/autoports/google_gemma_4_31b/tests/test_multichip_decoder.py::test_multichip_batch32_nonaligned_prefill_and_traced_decode[5-full_attention]
PASSED models/autoports/google_gemma_4_31b/tests/test_multichip_decoder.py::test_multichip_kv_and_layout_contract[0-sliding_attention-4-256]
PASSED models/autoports/google_gemma_4_31b/tests/test_multichip_decoder.py::test_multichip_kv_and_layout_contract[5-full_attention-1-512]
PASSED models/autoports/google_gemma_4_31b/tests/test_multichip_decoder.py::test_multichip_runtime_source_audit
SKIPPED [2] models/autoports/google_gemma_4_31b/tests/test_multichip_decoder.py:608: set GEMMA4_MULTICHIP_EXACT_CONTEXT=1 for advertised-position trace
SKIPPED [4] models/autoports/google_gemma_4_31b/tests/test_multichip_decoder.py:679: set GEMMA4_MULTICHIP_MLP_SWEEP=1
SKIPPED [1] models/autoports/google_gemma_4_31b/tests/test_multichip_decoder.py:746: set GEMMA4_MULTICHIP_MLP_PREFILL_SWEEP=1
SKIPPED [2] models/autoports/google_gemma_4_31b/tests/test_multichip_decoder.py:869: set GEMMA4_MULTICHIP_FRACTURED_PROBE=1
SKIPPED [2] models/autoports/google_gemma_4_31b/tests/test_multichip_decoder.py:1060: set GEMMA4_MULTICHIP_BENCH=1
SKIPPED [4] models/autoports/google_gemma_4_31b/tests/test_multichip_decoder.py:1143: set GEMMA4_MULTICHIP_PROFILE=1 and run under Tracy
============ 11 passed, 15 skipped, 3 warnings in 336.75s (0:05:36) ============
sys:1: DeprecationWarning: builtin type swigvarlink has no __module__ attribute
2026-07-14 07:39:19.660 | info     |    BuildKernels | JIT cache stats: 956/956 hits (100.0%) [956 cached, 1068 build-once dedup, 0 merged artifacts, 0 merged genfiles] (build_cache_telemetry.cpp:207)
2026-07-14 07:39:19.660 | info     |    BuildKernels | JIT telemetry: 3 registered TelemetryTokens (build_cache_telemetry.cpp:230)
2026-07-14 07:39:19.686 | info     |          Device | Closing user mode device drivers (tt_cluster.cpp:512)
2026-07-14 07:39:19.686 | info     |             UMD | Closing devices in cluster (cluster.cpp:1037)
2026-07-14 07:39:20.420 | info     |             UMD | Closing devices in cluster completed. (cluster.cpp:1046)
2026-07-14 07:39:20.420 | info     |             UMD | Cluster destructor started. (cluster.cpp:754)
2026-07-14 07:39:20.420 | info     |             UMD | Cluster destructor completed. (cluster.cpp:757)
