============================= test session starts ==============================
platform linux -- Python 3.10.19, pytest-9.0.3, pluggy-1.6.0 -- /opt/venv/bin/python3
cachedir: .pytest_cache
benchmark: 5.2.3 (defaults: timer=time.perf_counter disable_gc=False min_rounds=5 min_time=0.000005 max_time=1.0 calibration_precision=10 warmup=False warmup_iterations=100000)
rootdir: /localdev/odjuricic/tt-metal
configfile: pytest.ini
plugins: dash-2.15.0, cov-7.0.0, anyio-4.14.1, github-actions-annotate-failures-0.3.0, split-0.11.0, benchmark-5.2.3, timeout-2.4.0
timeout: 300.0s
timeout method: signal
timeout func_only: False
collecting ... collected 19 items / 17 deselected / 2 selected

models/autoports/google_gemma_4_31b/tests/test_multichip_decoder.py::test_multichip_paged_decode_trace_matches_optimized_baseline[0-sliding_attention] 2026-07-14 06:16:07.669 | info     |          Device | Opening user mode device driver (tt_cluster.cpp:228)
2026-07-14 06:16:07.669 | info     |             UMD | Cluster constructor started. (cluster.cpp:348)
2026-07-14 06:16:07.670 | info     |             UMD | Creating TopologyDiscovery for architecture: blackhole (topology_discovery.cpp:91)
2026-07-14 06:16:07.670 | info     |             UMD | Starting topology discovery. (topology_discovery.cpp:110)
2026-07-14 06:16:07.671 | info     |             UMD | Established firmware bundle version: 19.9.0 (topology_discovery.cpp:569)
2026-07-14 06:16:07.671 | info     |             UMD | Firmware bundle version 19.9.0 on the system is newer than the latest fully tested version 19.5.0 for blackhole architecture. Newest features may not be supported. (topology_discovery.cpp:601)
2026-07-14 06:16:07.674 | info     |             UMD | Completed topology discovery. (topology_discovery.cpp:114)
2026-07-14 06:16:07.842 | info     |             UMD | Opening local chip ids/PCIe ids: {0, 1, 2, 3}/[1, 2, 3, 0] and remote chip ids {} (cluster.cpp:168)
2026-07-14 06:16:07.843 | info     |             UMD | IOMMU: enabled (cluster.cpp:142)
2026-07-14 06:16:07.843 | info     |             UMD | KMD version: 2.4.1 (cluster.cpp:145)
2026-07-14 06:16:07.843 | info     |             UMD | Cluster constructor completed. (cluster.cpp:520)
2026-07-14 06:16:07.846 | info     |             UMD | Starting devices in cluster (cluster.cpp:1024)
2026-07-14 06:16:08.059 | info     |             UMD | Starting devices in cluster completed. (cluster.cpp:1032)
2026-07-14 06:16:08.670 | info     |     Distributed | Using auto discovery to generate mesh graph. (metal_env.cpp:367)
2026-07-14 06:16:08.670 | info     |     Distributed | Constructing control plane using auto-discovery (no mesh graph descriptor). (metal_env.cpp:429)
2026-07-14 06:16:08.671 | info     |          Fabric | Logical multi-mesh adjacency: intermesh degree histogram {0:1}; intra-mesh degree histograms mesh0 {2:4} (topology_mapper_utils.cpp:2342)
2026-07-14 06:16:08.671 | info     |          Fabric | Physical multi-mesh adjacency: intermesh degree histogram {0:1}; intra-mesh degree histograms mesh0 {2:4} (topology_mapper_utils.cpp:2350)
2026-07-14 06:16:08.686 | info     |    BuildKernels | Using pre-compiled firmware from: /localdev/odjuricic/tt-metal/tt_metal/pre-compiled/13793420398762238087/ (build_env_manager.cpp:347)
2026-07-14 06:16:08.686 | info     |    BuildKernels | Using pre-compiled firmware from: /localdev/odjuricic/tt-metal/tt_metal/pre-compiled/13793420398762238087/ (build_env_manager.cpp:347)
2026-07-14 06:16:08.686 | info     |    BuildKernels | Using pre-compiled firmware from: /localdev/odjuricic/tt-metal/tt_metal/pre-compiled/13793420398762238087/ (build_env_manager.cpp:347)
2026-07-14 06:16:08.686 | info     |    BuildKernels | Using pre-compiled firmware from: /localdev/odjuricic/tt-metal/tt_metal/pre-compiled/13793420398762238087/ (build_env_manager.cpp:347)
2026-07-14 06:16:08.730 | warning  |           Metal | Opening subset of mmio devices slows down UMD read/write to remote chips. If opening more devices, consider using CreateDevices API. (device_manager.cpp:261)
2026-07-14 06:16:08.782 | info     |           Metal | ShmResourceTracker: removed orphaned shm '/tt_device_143238002115104_memory' (shm_resource_tracker.cpp:282)
2026-07-14 06:16:08.782 | info     |           Metal | ShmResourceTracker: removed orphaned shm '/tt_device_143238002118688_memory' (shm_resource_tracker.cpp:282)
2026-07-14 06:16:08.782 | info     |           Metal | ShmResourceTracker: removed orphaned shm '/tt_device_143238002114624_memory' (shm_resource_tracker.cpp:282)
2026-07-14 06:16:08.782 | info     |           Metal | ShmResourceTracker: removed orphaned shm '/tt_device_143238002115584_memory' (shm_resource_tracker.cpp:282)
2026-07-14 06:16:09.351 | info     |           Metal | [Real-time profiler] Device 1 sync complete: 100 samples, frequency=1.349981 GHz, device_time_at_sync=21918802672424 cycles (realtime_profiler_manager.cpp:1127)
2026-07-14 06:17:09.550 | info     |           Metal | Fabric config changed from FabricConfig::DISABLED to FabricConfig::FABRIC_1D, reinitializing control plane (metal_env.cpp:281)
2026-07-14 06:17:09.550 | info     |     Distributed | Using auto discovery to generate mesh graph. (metal_env.cpp:367)
2026-07-14 06:17:09.550 | info     |     Distributed | Constructing control plane using auto-discovery (no mesh graph descriptor). (metal_env.cpp:429)
2026-07-14 06:17:09.551 | info     |          Fabric | Logical multi-mesh adjacency: intermesh degree histogram {0:1}; intra-mesh degree histograms mesh0 {2:4} (topology_mapper_utils.cpp:2342)
2026-07-14 06:17:09.551 | info     |          Fabric | Physical multi-mesh adjacency: intermesh degree histogram {0:1}; intra-mesh degree histograms mesh0 {2:4} (topology_mapper_utils.cpp:2350)
2026-07-14 06:17:09.577 | info     |    BuildKernels | Using pre-compiled firmware from: /localdev/odjuricic/tt-metal/tt_metal/pre-compiled/13793420398762238087/ (build_env_manager.cpp:347)
2026-07-14 06:17:09.579 | info     |    BuildKernels | Using pre-compiled firmware from: /localdev/odjuricic/tt-metal/tt_metal/pre-compiled/13793420398762238087/ (build_env_manager.cpp:347)
2026-07-14 06:17:09.582 | info     |    BuildKernels | Using pre-compiled firmware from: /localdev/odjuricic/tt-metal/tt_metal/pre-compiled/13793420398762238087/ (build_env_manager.cpp:347)
2026-07-14 06:17:09.584 | info     |    BuildKernels | Using pre-compiled firmware from: /localdev/odjuricic/tt-metal/tt_metal/pre-compiled/13793420398762238087/ (build_env_manager.cpp:347)
2026-07-14 06:17:09.631 | info     |           Metal | Initializing Fabric (fabric_firmware_initializer.cpp:288)
2026-07-14 06:17:09.714 | info     |           Metal | Fabric initialized on Device 1 (device.cpp:429)
2026-07-14 06:17:09.716 | info     |           Metal | Fabric initialized on Device 0 (device.cpp:429)
2026-07-14 06:17:09.717 | info     |           Metal | Fabric initialized on Device 2 (device.cpp:429)
2026-07-14 06:17:09.718 | info     |           Metal | Fabric initialized on Device 3 (device.cpp:429)
2026-07-14 06:17:09.718 | info     |           Metal | Fabric initialized on 4 devices (fabric_firmware_initializer.cpp:435)
2026-07-14 06:17:09.718 | info     |           Metal | Fabric Initialized with config FabricConfig::FABRIC_1D (fabric_firmware_initializer.cpp:305)
2026-07-14 06:17:10.342 | info     |           Metal | [Real-time profiler] Device 1 sync complete: 100 samples, frequency=1.349983 GHz, device_time_at_sync=22001139415489 cycles (realtime_profiler_manager.cpp:1127)
2026-07-14 06:17:10.342 | info     |           Metal | [Real-time profiler] Device 0 sync complete: 100 samples, frequency=1.349987 GHz, device_time_at_sync=21998218632275 cycles (realtime_profiler_manager.cpp:1127)
2026-07-14 06:17:10.354 | info     |           Metal | [Real-time profiler] Device 3 sync complete: 100 samples, frequency=1.349979 GHz, device_time_at_sync=22004027272057 cycles (realtime_profiler_manager.cpp:1127)
2026-07-14 06:17:10.354 | info     |           Metal | [Real-time profiler] Device 2 sync complete: 100 samples, frequency=1.349827 GHz, device_time_at_sync=22001136980713 cycles (realtime_profiler_manager.cpp:1127)
PCC=0.9999536902462068
PASSED
models/autoports/google_gemma_4_31b/tests/test_multichip_decoder.py::test_multichip_paged_decode_trace_matches_optimized_baseline[5-full_attention] PCC=0.9998857834944461
PASSED

=============================== warnings summary ===============================
<frozen importlib._bootstrap>:241
  <frozen importlib._bootstrap>:241: DeprecationWarning: builtin type SwigPyPacked has no __module__ attribute

<frozen importlib._bootstrap>:241
  <frozen importlib._bootstrap>:241: DeprecationWarning: builtin type SwigPyObject has no __module__ attribute

models/tt_transformers/tt/common.py:28
  /localdev/odjuricic/tt-metal/models/tt_transformers/tt/common.py:28: PydanticDeprecatedSince20: Support for class-based `config` is deprecated, use ConfigDict instead. Deprecated in Pydantic V2.0 to be removed in V3.0. See Pydantic V2 Migration Guide at https://errors.pydantic.dev/2.14/migration/
    class ImageMedia(BaseModel):

-- Docs: https://docs.pytest.org/en/stable/how-to/capture-warnings.html
==================================== PASSES ====================================
- generated xml file: /localdev/odjuricic/tt-metal/models/autoports/google_gemma_4_31b/doc/multichip_decoder/evidence/mutable_trace.xml -
============================== slowest durations ===============================
62.97s setup    models/autoports/google_gemma_4_31b/tests/test_multichip_decoder.py::test_multichip_paged_decode_trace_matches_optimized_baseline[0-sliding_attention]
28.11s call     models/autoports/google_gemma_4_31b/tests/test_multichip_decoder.py::test_multichip_paged_decode_trace_matches_optimized_baseline[5-full_attention]
25.50s call     models/autoports/google_gemma_4_31b/tests/test_multichip_decoder.py::test_multichip_paged_decode_trace_matches_optimized_baseline[0-sliding_attention]
0.24s setup    models/autoports/google_gemma_4_31b/tests/test_multichip_decoder.py::test_multichip_paged_decode_trace_matches_optimized_baseline[5-full_attention]
0.14s teardown models/autoports/google_gemma_4_31b/tests/test_multichip_decoder.py::test_multichip_paged_decode_trace_matches_optimized_baseline[5-full_attention]

(1 durations < 0.005s hidden.  Use -vv to show these durations.)
=========================== short test summary info ============================
PASSED models/autoports/google_gemma_4_31b/tests/test_multichip_decoder.py::test_multichip_paged_decode_trace_matches_optimized_baseline[0-sliding_attention]
PASSED models/autoports/google_gemma_4_31b/tests/test_multichip_decoder.py::test_multichip_paged_decode_trace_matches_optimized_baseline[5-full_attention]
=========== 2 passed, 17 deselected, 3 warnings in 118.53s (0:01:58) ===========
2026-07-14 06:18:06.848 | info     |    BuildKernels | JIT cache stats: 721/721 hits (100.0%) [721 cached, 631 build-once dedup, 0 merged artifacts, 0 merged genfiles] (build_cache_telemetry.cpp:207)
2026-07-14 06:18:06.848 | info     |    BuildKernels | JIT telemetry: 3 registered TelemetryTokens (build_cache_telemetry.cpp:230)
2026-07-14 06:18:06.872 | info     |          Device | Closing user mode device drivers (tt_cluster.cpp:512)
2026-07-14 06:18:06.872 | info     |             UMD | Closing devices in cluster (cluster.cpp:1037)
2026-07-14 06:18:07.581 | info     |             UMD | Closing devices in cluster completed. (cluster.cpp:1046)
2026-07-14 06:18:07.581 | info     |             UMD | Cluster destructor started. (cluster.cpp:754)
2026-07-14 06:18:07.581 | info     |             UMD | Cluster destructor completed. (cluster.cpp:757)
