2026-07-14 07:41:52.676 | DEBUG    | ttnn:<module>:79 - Initial ttnn.CONFIG:
Config{cache_path=/home/odjuricic/.cache/ttnn,model_cache_path=/home/odjuricic/.cache/ttnn/models,tmp_dir=/tmp/ttnn,enable_model_cache=false,enable_fast_runtime_mode=true,throw_exception_on_fallback=false,enable_logging=false,enable_graph_report=false,enable_graph_python_stack_traces=false,enable_detailed_buffer_report=false,enable_detailed_tensor_report=false,enable_comparison_mode=false,comparison_mode_should_raise_exception=false,comparison_mode_pcc=0.9999,root_report_path=generated/ttnn/reports,report_name=std::nullopt,std::nullopt}
============================= test session starts ==============================
platform linux -- Python 3.10.19, pytest-9.0.3, pluggy-1.6.0 -- /opt/venv/bin/python3
cachedir: .pytest_cache
benchmark: 5.2.3 (defaults: timer=time.perf_counter disable_gc=False min_rounds=5 min_time=0.000005 max_time=1.0 calibration_precision=10 warmup=False warmup_iterations=100000)
rootdir: /localdev/odjuricic/tt-metal
configfile: pytest.ini
plugins: dash-2.15.0, cov-7.0.0, anyio-4.14.1, github-actions-annotate-failures-0.3.0, split-0.11.0, benchmark-5.2.3, timeout-2.4.0
timeout: 300.0s
timeout method: signal
timeout func_only: False
collecting ... collected 26 items / 24 deselected / 2 selected

models/autoports/google_gemma_4_31b/tests/test_multichip_decoder.py::test_multichip_paged_decode_trace_matches_optimized_baseline[0-sliding_attention] 2026-07-14 07:41:55.471 | info     |          Device | Opening user mode device driver (tt_cluster.cpp:228)
2026-07-14 07:41:55.471 | info     |             UMD | Cluster constructor started. (cluster.cpp:348)
2026-07-14 07:41:55.471 | info     |             UMD | Creating TopologyDiscovery for architecture: blackhole (topology_discovery.cpp:91)
2026-07-14 07:41:55.471 | info     |             UMD | Starting topology discovery. (topology_discovery.cpp:110)
2026-07-14 07:41:55.473 | info     |             UMD | Established firmware bundle version: 19.9.0 (topology_discovery.cpp:569)
2026-07-14 07:41:55.473 | info     |             UMD | Firmware bundle version 19.9.0 on the system is newer than the latest fully tested version 19.5.0 for blackhole architecture. Newest features may not be supported. (topology_discovery.cpp:601)
2026-07-14 07:41:55.476 | info     |             UMD | Completed topology discovery. (topology_discovery.cpp:114)
2026-07-14 07:41:55.643 | info     |             UMD | Opening local chip ids/PCIe ids: {0, 1, 2, 3}/[1, 2, 3, 0] and remote chip ids {} (cluster.cpp:168)
2026-07-14 07:41:55.643 | info     |             UMD | IOMMU: enabled (cluster.cpp:142)
2026-07-14 07:41:55.643 | info     |             UMD | KMD version: 2.4.1 (cluster.cpp:145)
2026-07-14 07:41:55.643 | info     |             UMD | Cluster constructor completed. (cluster.cpp:520)
2026-07-14 07:41:55.646 | info     |             UMD | Starting devices in cluster (cluster.cpp:1024)
2026-07-14 07:41:55.828 | info     |             UMD | Starting devices in cluster completed. (cluster.cpp:1032)
2026-07-14 07:41:56.430 | DEBUG    | ttnn.device:__init__:152 - Using default dispatch core type for this system: DispatchCoreType.WORKER
2026-07-14 07:41:56.430 | DEBUG    | ttnn.device:__init__:154 - Using default dispatch core axis for this system: DispatchCoreAxis.COL
2026-07-14 07:41:56.430 | info     |     Distributed | Using auto discovery to generate mesh graph. (metal_env.cpp:367)
2026-07-14 07:41:56.430 | info     |     Distributed | Constructing control plane using auto-discovery (no mesh graph descriptor). (metal_env.cpp:429)
2026-07-14 07:41:56.431 | info     |          Fabric | Logical multi-mesh adjacency: intermesh degree histogram {0:1}; intra-mesh degree histograms mesh0 {2:4} (topology_mapper_utils.cpp:2342)
2026-07-14 07:41:56.431 | info     |          Fabric | Physical multi-mesh adjacency: intermesh degree histogram {0:1}; intra-mesh degree histograms mesh0 {2:4} (topology_mapper_utils.cpp:2350)
2026-07-14 07:41:56.515 | info     |       LLRuntime | Watcher log file: /localdev/odjuricic/tt-metal/generated/watcher/watcher.log (watcher_server.cpp:286)
2026-07-14 07:41:56.515 | info     |       LLRuntime | Watcher attached device 0 (watcher_server.cpp:132)
2026-07-14 07:41:56.515 | info     |       LLRuntime | Watcher attached device 1 (watcher_server.cpp:132)
2026-07-14 07:41:56.515 | info     |       LLRuntime | Watcher attached device 2 (watcher_server.cpp:132)
2026-07-14 07:41:56.515 | info     |       LLRuntime | Watcher attached device 3 (watcher_server.cpp:132)
2026-07-14 07:41:56.515 | warning  |           Metal | Opening subset of mmio devices slows down UMD read/write to remote chips. If opening more devices, consider using CreateDevices API. (device_manager.cpp:261)
2026-07-14 07:41:56.515 | info     |       LLRuntime | Watcher server initialized, disabled features: ETH (watcher_server.cpp:547)
2026-07-14 07:41:56.515 | info     |           Metal | Watcher checking device 0 (watcher_device_reader.cpp:393)
2026-07-14 07:41:56.520 | info     |           Metal | Watcher checking device 1 (watcher_device_reader.cpp:393)
2026-07-14 07:41:56.525 | info     |           Metal | Watcher checking device 2 (watcher_device_reader.cpp:393)
2026-07-14 07:41:56.530 | info     |           Metal | Watcher checking device 3 (watcher_device_reader.cpp:393)
2026-07-14 07:41:56.585 | info     |           Metal | ShmResourceTracker: removed orphaned shm '/tt_device_143238002115104_memory' (shm_resource_tracker.cpp:282)
2026-07-14 07:41:56.585 | info     |           Metal | ShmResourceTracker: removed orphaned shm '/tt_device_143238002118688_memory' (shm_resource_tracker.cpp:282)
2026-07-14 07:41:56.585 | info     |           Metal | ShmResourceTracker: removed orphaned shm '/tt_device_143238002114624_memory' (shm_resource_tracker.cpp:282)
2026-07-14 07:41:56.585 | info     |           Metal | ShmResourceTracker: removed orphaned shm '/tt_device_143238002115584_memory' (shm_resource_tracker.cpp:282)
2026-07-14 07:41:57.154 | info     |           Metal | [Real-time profiler] Device 1 sync complete: 100 samples, frequency=1.349980 GHz, device_time_at_sync=3887259119179 cycles (realtime_profiler_manager.cpp:1127)
2026-07-14 07:42:06.543 | info     |           Metal | Watcher checking device 0 (watcher_device_reader.cpp:393)
2026-07-14 07:42:06.549 | info     |           Metal | Watcher checking device 1 (watcher_device_reader.cpp:393)
2026-07-14 07:42:06.554 | info     |           Metal | Watcher checking device 2 (watcher_device_reader.cpp:393)
2026-07-14 07:42:06.559 | info     |           Metal | Watcher checking device 3 (watcher_device_reader.cpp:393)
2026-07-14 07:42:16.573 | info     |           Metal | Watcher checking device 0 (watcher_device_reader.cpp:393)
2026-07-14 07:42:16.578 | info     |           Metal | Watcher checking device 1 (watcher_device_reader.cpp:393)
2026-07-14 07:42:16.583 | info     |           Metal | Watcher checking device 2 (watcher_device_reader.cpp:393)
2026-07-14 07:42:16.587 | info     |           Metal | Watcher checking device 3 (watcher_device_reader.cpp:393)
2026-07-14 07:42:26.602 | info     |           Metal | Watcher checking device 0 (watcher_device_reader.cpp:393)
2026-07-14 07:42:26.607 | info     |           Metal | Watcher checking device 1 (watcher_device_reader.cpp:393)
2026-07-14 07:42:26.612 | info     |           Metal | Watcher checking device 2 (watcher_device_reader.cpp:393)
2026-07-14 07:42:26.617 | info     |           Metal | Watcher checking device 3 (watcher_device_reader.cpp:393)
2026-07-14 07:42:36.630 | info     |           Metal | Watcher checking device 0 (watcher_device_reader.cpp:393)
2026-07-14 07:42:36.635 | info     |           Metal | Watcher checking device 1 (watcher_device_reader.cpp:393)
2026-07-14 07:42:36.640 | info     |           Metal | Watcher checking device 2 (watcher_device_reader.cpp:393)
2026-07-14 07:42:36.645 | info     |           Metal | Watcher checking device 3 (watcher_device_reader.cpp:393)
2026-07-14 07:42:46.659 | info     |           Metal | Watcher checking device 0 (watcher_device_reader.cpp:393)
2026-07-14 07:42:46.664 | info     |           Metal | Watcher checking device 1 (watcher_device_reader.cpp:393)
2026-07-14 07:42:46.669 | info     |           Metal | Watcher checking device 2 (watcher_device_reader.cpp:393)
2026-07-14 07:42:46.674 | info     |           Metal | Watcher checking device 3 (watcher_device_reader.cpp:393)
2026-07-14 07:42:56.688 | info     |           Metal | Watcher checking device 0 (watcher_device_reader.cpp:393)
2026-07-14 07:42:56.693 | info     |           Metal | Watcher checking device 1 (watcher_device_reader.cpp:393)
2026-07-14 07:42:56.698 | info     |           Metal | Watcher checking device 2 (watcher_device_reader.cpp:393)
2026-07-14 07:42:56.703 | info     |           Metal | Watcher checking device 3 (watcher_device_reader.cpp:393)
2026-07-14 07:43:00.452 | info     |           Metal | Fabric config changed from FabricConfig::DISABLED to FabricConfig::FABRIC_1D, reinitializing control plane (metal_env.cpp:281)
2026-07-14 07:43:00.452 | info     |     Distributed | Using auto discovery to generate mesh graph. (metal_env.cpp:367)
2026-07-14 07:43:00.452 | info     |     Distributed | Constructing control plane using auto-discovery (no mesh graph descriptor). (metal_env.cpp:429)
2026-07-14 07:43:00.453 | info     |          Fabric | Logical multi-mesh adjacency: intermesh degree histogram {0:1}; intra-mesh degree histograms mesh0 {2:4} (topology_mapper_utils.cpp:2342)
2026-07-14 07:43:00.453 | info     |          Fabric | Physical multi-mesh adjacency: intermesh degree histogram {0:1}; intra-mesh degree histograms mesh0 {2:4} (topology_mapper_utils.cpp:2350)
2026-07-14 07:43:00.454 | DEBUG    | ttnn.device:__init__:152 - Using default dispatch core type for this system: DispatchCoreType.WORKER
2026-07-14 07:43:00.454 | DEBUG    | ttnn.device:__init__:154 - Using default dispatch core axis for this system: DispatchCoreAxis.COL
2026-07-14 07:43:00.454 | info     |       LLRuntime | Watcher thread stopped watching... (watcher_server.cpp:595)
2026-07-14 07:43:00.454 | info     |       LLRuntime | Watcher detached device 0 (watcher_server.cpp:181)
2026-07-14 07:43:00.454 | info     |       LLRuntime | Watcher detached device 1 (watcher_server.cpp:181)
2026-07-14 07:43:00.454 | info     |       LLRuntime | Watcher detached device 2 (watcher_server.cpp:181)
2026-07-14 07:43:00.454 | info     |       LLRuntime | Watcher detached device 3 (watcher_server.cpp:181)
2026-07-14 07:43:00.552 | info     |       LLRuntime | Watcher log file: /localdev/odjuricic/tt-metal/generated/watcher/watcher.log (watcher_server.cpp:286)
2026-07-14 07:43:00.552 | info     |       LLRuntime | Watcher attached device 0 (watcher_server.cpp:132)
2026-07-14 07:43:00.552 | info     |       LLRuntime | Watcher attached device 1 (watcher_server.cpp:132)
2026-07-14 07:43:00.552 | info     |       LLRuntime | Watcher attached device 2 (watcher_server.cpp:132)
2026-07-14 07:43:00.552 | info     |       LLRuntime | Watcher attached device 3 (watcher_server.cpp:132)
2026-07-14 07:43:00.552 | info     |       LLRuntime | Watcher server initialized, disabled features: ETH (watcher_server.cpp:547)
2026-07-14 07:43:00.552 | info     |           Metal | Watcher checking device 0 (watcher_device_reader.cpp:393)
2026-07-14 07:43:00.557 | info     |           Metal | Initializing Fabric (fabric_firmware_initializer.cpp:288)
2026-07-14 07:43:00.557 | info     |           Metal | Watcher checking device 1 (watcher_device_reader.cpp:393)
2026-07-14 07:43:00.564 | info     |           Metal | Watcher checking device 2 (watcher_device_reader.cpp:393)
2026-07-14 07:43:00.569 | info     |           Metal | Watcher checking device 3 (watcher_device_reader.cpp:393)
2026-07-14 07:43:00.643 | info     |           Metal | Fabric initialized on Device 1 (device.cpp:429)
2026-07-14 07:43:00.644 | info     |           Metal | Fabric initialized on Device 0 (device.cpp:429)
2026-07-14 07:43:00.645 | info     |           Metal | Fabric initialized on Device 2 (device.cpp:429)
2026-07-14 07:43:00.647 | info     |           Metal | Fabric initialized on Device 3 (device.cpp:429)
2026-07-14 07:43:00.647 | info     |           Metal | Fabric initialized on 4 devices (fabric_firmware_initializer.cpp:435)
2026-07-14 07:43:00.647 | info     |           Metal | Fabric Initialized with config FabricConfig::FABRIC_1D (fabric_firmware_initializer.cpp:305)
2026-07-14 07:43:01.397 | info     |           Metal | [Real-time profiler] Device 3 sync complete: 100 samples, frequency=1.349957 GHz, device_time_at_sync=3976686755287 cycles (realtime_profiler_manager.cpp:1127)
2026-07-14 07:43:01.400 | info     |           Metal | [Real-time profiler] Device 2 sync complete: 100 samples, frequency=1.349889 GHz, device_time_at_sync=3973951345267 cycles (realtime_profiler_manager.cpp:1127)
2026-07-14 07:43:01.400 | info     |           Metal | [Real-time profiler] Device 0 sync complete: 100 samples, frequency=1.349985 GHz, device_time_at_sync=3971349295101 cycles (realtime_profiler_manager.cpp:1127)
2026-07-14 07:43:01.401 | info     |           Metal | [Real-time profiler] Device 1 sync complete: 100 samples, frequency=1.349980 GHz, device_time_at_sync=3973974510893 cycles (realtime_profiler_manager.cpp:1127)
2026-07-14 07:43:10.720 | info     |           Metal | Watcher checking device 0 (watcher_device_reader.cpp:393)
2026-07-14 07:43:10.725 | info     |           Metal | Watcher checking device 1 (watcher_device_reader.cpp:393)
2026-07-14 07:43:10.730 | info     |           Metal | Watcher checking device 2 (watcher_device_reader.cpp:393)
2026-07-14 07:43:10.735 | info     |           Metal | Watcher checking device 3 (watcher_device_reader.cpp:393)
2026-07-14 07:43:20.747 | info     |           Metal | Watcher checking device 0 (watcher_device_reader.cpp:393)
2026-07-14 07:43:20.752 | info     |           Metal | Watcher checking device 1 (watcher_device_reader.cpp:393)
2026-07-14 07:43:20.757 | info     |           Metal | Watcher checking device 2 (watcher_device_reader.cpp:393)
2026-07-14 07:43:20.762 | info     |           Metal | Watcher checking device 3 (watcher_device_reader.cpp:393)
Building ncrisc, compile step:
cd /localdev/odjuricic/tt-metal/.exp_run/tt-metal-cache/tt-metal-cache10484426986445314715/kernels/reader_interleaved_no_bcast/10455057391400644666/ncrisc/ && /localdev/odjuricic/tt-metal/runtime/sfpi/compiler/bin/riscv-tt-elf-g++ -O2 -std=c++17 -ftt-nttp -ftt-constinit -ftt-consteval -ftt-no-dyninit -flto=auto -ffast-math -fno-exceptions -fno-rtti -fno-use-cxa-atexit -g -MMD -Wall -Werror -Wno-error=deprecated-declarations -Wno-error=multistatement-macros -Wno-error=parentheses -Wno-error=unused-but-set-variable -Wno-unused-variable -Wno-unused-function -mcpu=tt-bh -fno-tree-loop-distribute-patterns -I. -I.. -I/localdev/odjuricic/tt-metal/ -I/localdev/odjuricic/tt-metal/ttnn -I/localdev/odjuricic/tt-metal/ttnn/cpp -I/localdev/odjuricic/tt-metal/tt_metal -I/localdev/odjuricic/tt-metal/tt_metal/hw/inc -I/localdev/odjuricic/tt-metal/tt_metal/tt-llk/common -I/localdev/odjuricic/tt-metal/tt_metal/hostdevcommon/api -I/localdev/odjuricic/tt-metal/tt_metal/api/ -I/localdev/odjuricic/tt-metal/tt_metal/hw/ckernels/blackhole/metal/common -I/localdev/odjuricic/tt-metal/tt_metal/hw/ckernels/blackhole/metal/llk_io -I/localdev/odjuricic/tt-metal/tt_metal/hw/inc/internal/tt-1xx -I/localdev/odjuricic/tt-metal/tt_metal/hw/inc/internal/tt-1xx/blackhole -I/localdev/odjuricic/tt-metal/tt_metal/hw/inc/internal/tt-1xx/blackhole/blackhole_defines -I/localdev/odjuricic/tt-metal/tt_metal/hw/inc/internal/tt-1xx/blackhole/noc -I/localdev/odjuricic/tt-metal/tt_metal/tt-llk/tt_llk_blackhole/common/inc -I/localdev/odjuricic/tt-metal/tt_metal/tt-llk/tt_llk_blackhole/llk_lib -I/localdev/odjuricic/tt-metal/tt_metal/hw/firmware/src/tt-1xx -I/localdev/odjuricic/tt-metal/ttnn/cpp/ttnn/operations/eltwise/binary_ng/device/kernels_ng/dataflow -c -o /localdev/odjuricic/tt-metal/.exp_run/tt-metal-cache/tt-metal-cache10484426986445314715/kernels/reader_interleaved_no_bcast/10455057391400644666/ncrisc/ncrisck.5819349017043248719.o /localdev/odjuricic/tt-metal/tt_metal/hw/firmware/src/tt-1xx/ncrisck.cc -MF /localdev/odjuricic/tt-metal/.exp_run/tt-metal-cache/tt-metal-cache10484426986445314715/kernels/reader_interleaved_no_bcast/10455057391400644666/ncrisc/ncrisck.5819349017043248719.d -DIS_NOT_POW2_NUM_L1_BANKS=1 -DLOG_BASE_2_OF_NUM_DRAM_BANKS=3 -DNUM_DRAM_BANKS=8 -DNUM_L1_BANKS=110 -DPCIE_NOC_X=19 -DPCIE_NOC_Y=24 -DTENSIX_FIRMWARE -DLOCAL_MEM_EN=0 -DWATCHER_ENABLED -DWATCHER_NOINLINE -DWATCHER_DISABLE_ETH -DPROCESSOR_INDEX=1 -DCOMPILE_FOR_NCRISC -DARCH_BLACKHOLE -DDISPATCH_MESSAGE_ADDR=4290184248 -DKERNEL_BUILD -DFULL_KERNEL_NAME="\"reader_interleaved_no_bcast/10455057391400644666/\"" -DBCAST_LLK='0' -DFABRIC_1D_PKT_HDR_EXTENSION_WORDS='0' -DFILL_TILE_WITH_FIRST_COLUMN='fill_tile_with_first_column_bfloat16' -DFILL_TILE_WITH_FIRST_COLUMN_B='fill_tile_with_first_column_bfloat16' -DFILL_TILE_WITH_FIRST_COLUMN_RM='fill_tile_with_first_column_rm_bfloat16' -DFILL_TILE_WITH_FIRST_ELEMENT='fill_tile_with_first_element_bfloat16' -DFILL_TILE_WITH_FIRST_ELEMENT_B='fill_tile_with_first_element_bfloat16' -DFILL_TILE_WITH_FIRST_ROW='fill_tile_with_first_row_bfloat16' -DFILL_TILE_WITH_FIRST_ROW_B='fill_tile_with_first_row_bfloat16' -DFILL_TILE_WITH_FIRST_ROW_RM='fill_tile_with_first_row_rm_bfloat16' -DFILL_WITH_VALUE='fill_with_val_bfloat16' -DFILL_WITH_VALUE_B='fill_with_val_bfloat16' -DROUTING_MODE='137' -DSRC_SHARDED='1' -DSRC_SHARDED_B='1' -DNOC_INDEX='0' -DNOC_MODE='0' -DKERNEL_COMPILE_TIME_ARGS=17,2048,1,24,7,33685762,67240706,100795650,167905026,201460482,16977154,50528771,84083715,117638659,184748547,218303491,33816836,17,2048,1,24,7,33685762,67240706,100795650,167905026,201460482,16977154,50528771,84083715,117638659,184748547,218303491,33816836,1
In file included from ../kernel_includes.hpp:1,
                 from /localdev/odjuricic/tt-metal/tt_metal/hw/firmware/src/tt-1xx/ncrisck.cc:22:
/localdev/odjuricic/tt-metal/ttnn/cpp/ttnn/operations/eltwise/binary_ng/device/kernels_ng/dataflow/reader_interleaved_no_bcast.cpp: In function 'void kernel_main()':
/localdev/odjuricic/tt-metal/ttnn/cpp/ttnn/operations/eltwise/binary_ng/device/kernels_ng/dataflow/reader_interleaved_no_bcast.cpp:39:20: warning: variable 'src_b_args' set but not used [-Wunused-but-set-variable]
   39 |     constexpr auto src_b_args =
      |                    ^~~~~~~~~~
2026-07-14 07:43:30.773 | info     |           Metal | Watcher checking device 0 (watcher_device_reader.cpp:393)
2026-07-14 07:43:30.778 | info     |           Metal | Watcher checking device 1 (watcher_device_reader.cpp:393)
2026-07-14 07:43:30.783 | info     |           Metal | Watcher checking device 2 (watcher_device_reader.cpp:393)
2026-07-14 07:43:30.788 | info     |           Metal | Watcher checking device 3 (watcher_device_reader.cpp:393)
PCC=0.9999559675167017
PASSED
models/autoports/google_gemma_4_31b/tests/test_multichip_decoder.py::test_multichip_paged_decode_trace_matches_optimized_baseline[5-full_attention] 2026-07-14 07:43:40.799 | info     |           Metal | Watcher checking device 0 (watcher_device_reader.cpp:393)
2026-07-14 07:43:40.804 | info     |           Metal | Watcher checking device 1 (watcher_device_reader.cpp:393)
2026-07-14 07:43:40.809 | info     |           Metal | Watcher checking device 2 (watcher_device_reader.cpp:393)
2026-07-14 07:43:40.814 | info     |           Metal | Watcher checking device 3 (watcher_device_reader.cpp:393)
2026-07-14 07:43:50.826 | info     |           Metal | Watcher checking device 0 (watcher_device_reader.cpp:393)
2026-07-14 07:43:50.831 | info     |           Metal | Watcher checking device 1 (watcher_device_reader.cpp:393)
2026-07-14 07:43:50.837 | info     |           Metal | Watcher checking device 2 (watcher_device_reader.cpp:393)
2026-07-14 07:43:50.842 | info     |           Metal | Watcher checking device 3 (watcher_device_reader.cpp:393)
PCC=0.9998926440224274
PASSED

=============================== warnings summary ===============================
<frozen importlib._bootstrap>:241
  <frozen importlib._bootstrap>:241: DeprecationWarning: builtin type SwigPyPacked has no __module__ attribute

<frozen importlib._bootstrap>:241
  <frozen importlib._bootstrap>:241: DeprecationWarning: builtin type SwigPyObject has no __module__ attribute

models/tt_transformers/tt/common.py:28
  /localdev/odjuricic/tt-metal/models/tt_transformers/tt/common.py:28: PydanticDeprecatedSince20: Support for class-based `config` is deprecated, use ConfigDict instead. Deprecated in Pydantic V2.0 to be removed in V3.0. See Pydantic V2 Migration Guide at https://errors.pydantic.dev/2.14/migration/
    class ImageMedia(BaseModel):

-- Docs: https://docs.pytest.org/en/stable/how-to/capture-warnings.html
==================================== PASSES ====================================
- generated xml file: /localdev/odjuricic/tt-metal/models/autoports/google_gemma_4_31b/doc/multichip_decoder/evidence/watcher.xml -
============================== slowest durations ===============================
66.22s setup    models/autoports/google_gemma_4_31b/tests/test_multichip_decoder.py::test_multichip_paged_decode_trace_matches_optimized_baseline[0-sliding_attention]
29.18s call     models/autoports/google_gemma_4_31b/tests/test_multichip_decoder.py::test_multichip_paged_decode_trace_matches_optimized_baseline[0-sliding_attention]
28.26s call     models/autoports/google_gemma_4_31b/tests/test_multichip_decoder.py::test_multichip_paged_decode_trace_matches_optimized_baseline[5-full_attention]
0.23s setup    models/autoports/google_gemma_4_31b/tests/test_multichip_decoder.py::test_multichip_paged_decode_trace_matches_optimized_baseline[5-full_attention]
0.16s teardown models/autoports/google_gemma_4_31b/tests/test_multichip_decoder.py::test_multichip_paged_decode_trace_matches_optimized_baseline[5-full_attention]

(1 durations < 0.005s hidden.  Use -vv to show these durations.)
=========================== short test summary info ============================
PASSED models/autoports/google_gemma_4_31b/tests/test_multichip_decoder.py::test_multichip_paged_decode_trace_matches_optimized_baseline[0-sliding_attention]
PASSED models/autoports/google_gemma_4_31b/tests/test_multichip_decoder.py::test_multichip_paged_decode_trace_matches_optimized_baseline[5-full_attention]
=========== 2 passed, 24 deselected, 3 warnings in 125.63s (0:02:05) ===========
2026-07-14 07:44:00.853 | info     |           Metal | Watcher checking device 0 (watcher_device_reader.cpp:393)
2026-07-14 07:44:00.858 | info     |           Metal | Watcher checking device 1 (watcher_device_reader.cpp:393)
2026-07-14 07:44:00.863 | info     |           Metal | Watcher checking device 2 (watcher_device_reader.cpp:393)
2026-07-14 07:44:00.868 | info     |           Metal | Watcher checking device 3 (watcher_device_reader.cpp:393)
sys:1: DeprecationWarning: builtin type swigvarlink has no __module__ attribute
2026-07-14 07:44:01.690 | info     |    BuildKernels | JIT cache stats: 714/728 hits (98.1%) [714 cached, 643 build-once dedup, 0 merged artifacts, 0 merged genfiles] (build_cache_telemetry.cpp:207)
2026-07-14 07:44:01.690 | info     |    BuildKernels | JIT telemetry: 3 registered TelemetryTokens (build_cache_telemetry.cpp:230)
2026-07-14 07:44:01.692 | info     |       LLRuntime | Watcher thread stopped watching... (watcher_server.cpp:595)
2026-07-14 07:44:01.692 | info     |       LLRuntime | Watcher detached device 0 (watcher_server.cpp:181)
2026-07-14 07:44:01.692 | info     |       LLRuntime | Watcher detached device 1 (watcher_server.cpp:181)
2026-07-14 07:44:01.692 | info     |       LLRuntime | Watcher detached device 2 (watcher_server.cpp:181)
2026-07-14 07:44:01.692 | info     |       LLRuntime | Watcher detached device 3 (watcher_server.cpp:181)
2026-07-14 07:44:01.713 | info     |          Device | Closing user mode device drivers (tt_cluster.cpp:512)
2026-07-14 07:44:01.713 | info     |             UMD | Closing devices in cluster (cluster.cpp:1037)
2026-07-14 07:44:02.347 | info     |             UMD | Closing devices in cluster completed. (cluster.cpp:1046)
2026-07-14 07:44:02.347 | info     |             UMD | Cluster destructor started. (cluster.cpp:754)
2026-07-14 07:44:02.347 | info     |             UMD | Cluster destructor completed. (cluster.cpp:757)
