2026-09-28 09:14:59.158 | info     |          Device | Opening user mode device driver (tt_cluster.cpp:222)
2026-09-28 09:14:59.158 | info     |             UMD | Cluster constructor started. (cluster.cpp:406)
2026-09-28 09:14:59.158 | info     |             UMD | Creating TopologyDiscovery for architecture: blackhole (topology_discovery.cpp:96)
2026-09-28 09:14:59.158 | info     |             UMD | Starting topology discovery. (topology_discovery.cpp:115)
2026-09-28 09:14:59.163 | info     |             UMD | Established firmware bundle version: 19.9.0 (topology_discovery.cpp:576)
2026-09-28 09:14:59.163 | info     |             UMD | Completed topology discovery. (topology_discovery.cpp:119)
2026-09-28 09:14:59.241 | info     |             UMD | Opening local chip ids/PCIe ids: {0, 1, 2, 3}/[0, 1, 2, 3] and remote chip ids {} (cluster.cpp:173)
2026-09-28 09:14:59.241 | info     |             UMD | IOMMU: enabled (cluster.cpp:147)
2026-09-28 09:14:59.241 | info     |             UMD | KMD version: 2.10.0 (cluster.cpp:150)
2026-09-28 09:14:59.241 | info     |             UMD | Cluster constructor completed. (cluster.cpp:665)
2026-09-28 09:14:59.243 | info     |             UMD | Starting devices in cluster (cluster.cpp:1205)
2026-09-28 09:14:59.501 | info     |             UMD | Starting devices in cluster completed. (cluster.cpp:1213)
2026-09-28 09:14:59.624 | info     |     Distributed | Using auto discovery to generate mesh graph. (metal_env.cpp:422)
2026-09-28 09:14:59.624 | info     |     Distributed | Constructing control plane using auto-discovery (no mesh graph descriptor). (metal_env.cpp:484)
2026-09-28 09:14:59.624 | warning  |          Always | Unknown motherboard 'B850M-C' for chip_id=0 (bus_id=0x1) — falling back to bus_id as tray_id. Add this motherboard and its bus IDs to mobo_to_bus_ids in physical_system_discovery.cpp. (physical_system_discovery.cpp:119)
2026-09-28 09:14:59.625 | info     |          Fabric | Logical multi-mesh adjacency: intermesh degree histogram {0:1}; intra-mesh degree histograms mesh0 {2:4} (topology_mapper_utils.cpp:3368)
2026-09-28 09:14:59.625 | info     |          Fabric | Physical multi-mesh adjacency: intermesh degree histogram {0:1}; intra-mesh degree histograms mesh0 {2:4} (topology_mapper_utils.cpp:3376)
2026-09-28 09:14:59.667 | info     |           Metal | Initializing Fabric (fabric_firmware_initializer.cpp:308)
2026-09-28 09:14:59.690 | info     |           Metal | Fabric initialized on 4 devices (fabric_firmware_initializer.cpp:455)
2026-09-28 09:14:59.690 | info     |           Metal | Fabric Initialized with config FabricConfig::FABRIC_1D (fabric_firmware_initializer.cpp:325)
LAYER_READY 0
LAYER_READY 5
MODEL_READY
2026-09-28 09:15:17.234 | info     |    BuildKernels | JIT cache stats: 745/781 hits (95.4%) [745 cached, 260 build-once dedup, 0 merged artifacts, 0 merged genfiles] (build_cache_telemetry.cpp:207)
2026-09-28 09:15:17.234 | info     |    BuildKernels | JIT telemetry: 3 registered TelemetryTokens (build_cache_telemetry.cpp:230)
2026-09-28 09:15:17.249 | info     |          Device | Closing user mode device drivers (tt_cluster.cpp:542)
2026-09-28 09:15:17.249 | info     |             UMD | Closing devices in cluster (cluster.cpp:1218)
2026-09-28 09:15:17.815 | info     |             UMD | Closing devices in cluster completed. (cluster.cpp:1227)
2026-09-28 09:15:17.815 | info     |             UMD | Cluster destructor started. (cluster.cpp:933)
2026-09-28 09:15:17.815 | info     |             UMD | Cluster destructor completed. (cluster.cpp:936)
