2026-09-27 08:04:52.383 | DEBUG    | ttnn:<module>:78 - Initial ttnn.CONFIG:
Config{cache_path=/home/mvasiljevic/.cache/ttnn,model_cache_path=/home/mvasiljevic/.cache/ttnn/models,tmp_dir=/tmp/ttnn,enable_model_cache=false,enable_fast_runtime_mode=true,validate_program_args=false,throw_exception_on_fallback=false,enable_logging=false,enable_graph_report=false,enable_graph_python_stack_traces=false,enable_detailed_buffer_report=false,enable_detailed_tensor_report=false,enable_comparison_mode=false,comparison_mode_should_raise_exception=false,comparison_mode_pcc=0.9999,root_report_path=generated/ttnn/reports,report_name=std::nullopt,std::nullopt}
2026-09-27 08:04:53.743 | info     |          Device | Opening user mode device driver (tt_cluster.cpp:222)
2026-09-27 08:04:53.743 | info     |             UMD | Cluster constructor started. (cluster.cpp:406)
2026-09-27 08:04:53.743 | info     |             UMD | Creating TopologyDiscovery for architecture: blackhole (topology_discovery.cpp:96)
2026-09-27 08:04:53.743 | info     |             UMD | Starting topology discovery. (topology_discovery.cpp:115)
2026-09-27 08:04:53.749 | info     |             UMD | Established firmware bundle version: 19.9.0 (topology_discovery.cpp:576)
2026-09-27 08:04:53.749 | info     |             UMD | Completed topology discovery. (topology_discovery.cpp:119)
2026-09-27 08:04:53.828 | info     |             UMD | Opening local chip ids/PCIe ids: {0, 1, 2, 3}/[0, 1, 2, 3] and remote chip ids {} (cluster.cpp:173)
2026-09-27 08:04:53.828 | info     |             UMD | IOMMU: enabled (cluster.cpp:147)
2026-09-27 08:04:53.828 | info     |             UMD | KMD version: 2.10.0 (cluster.cpp:150)
2026-09-27 08:04:53.828 | info     |             UMD | Cluster constructor completed. (cluster.cpp:665)
2026-09-27 08:04:53.830 | info     |             UMD | Starting devices in cluster (cluster.cpp:1205)
2026-09-27 08:04:54.049 | info     |             UMD | Starting devices in cluster completed. (cluster.cpp:1213)
2026-09-27 08:04:54.173 | info     |     Distributed | Using auto discovery to generate mesh graph. (metal_env.cpp:422)
2026-09-27 08:04:54.173 | info     |     Distributed | Constructing control plane using auto-discovery (no mesh graph descriptor). (metal_env.cpp:484)
2026-09-27 08:04:54.173 | warning  |          Always | Unknown motherboard 'B850M-C' for chip_id=0 (bus_id=0x1) — falling back to bus_id as tray_id. Add this motherboard and its bus IDs to mobo_to_bus_ids in physical_system_discovery.cpp. (physical_system_discovery.cpp:119)
2026-09-27 08:04:54.173 | info     |          Fabric | Logical multi-mesh adjacency: intermesh degree histogram {0:1}; intra-mesh degree histograms mesh0 {2:4} (topology_mapper_utils.cpp:3368)
2026-09-27 08:04:54.173 | info     |          Fabric | Physical multi-mesh adjacency: intermesh degree histogram {0:1}; intra-mesh degree histograms mesh0 {2:4} (topology_mapper_utils.cpp:3376)
2026-09-27 08:04:54.215 | info     |           Metal | Initializing Fabric (fabric_firmware_initializer.cpp:308)
2026-09-27 08:04:54.236 | info     |           Metal | Fabric initialized on 4 devices (fabric_firmware_initializer.cpp:455)
2026-09-27 08:04:54.236 | info     |           Metal | Fabric Initialized with config FabricConfig::FABRIC_1D (fabric_firmware_initializer.cpp:325)
LAYER_READY 0
LAYER_READY 5
MODEL_READY
2026-09-27 08:05:06.843 | warning  |              Op | Allocating semaphores in L1, which may fragment L1 and reduce headroom for subsequent op allocations. Configure an L1_SMALL region to mitigate this. (all_gather_multicast_factory.cpp:42)
2026-09-27 08:05:06.848 | warning  |              Op | Fabric packet size 4352 B is suboptimal for transporting 2048 B pages. Configure 8192 B packet size to maximize throughput. (ccl_common.cpp:70)
2026-09-27 08:05:06.848 | warning  |              Op | Fabric packet size 4352 B is suboptimal for transporting 2048 B pages. Configure 8192 B packet size to maximize throughput. (ccl_common.cpp:70)
2026-09-27 08:05:06.848 | warning  |              Op | Fabric packet size 4352 B is suboptimal for transporting 2048 B pages. Configure 8192 B packet size to maximize throughput. (ccl_common.cpp:70)
2026-09-27 08:05:06.848 | warning  |              Op | Fabric packet size 4352 B is suboptimal for transporting 2048 B pages. Configure 8192 B packet size to maximize throughput. (ccl_common.cpp:70)
2026-09-27 08:05:06.849 | warning  |              Op | Allocating semaphores in L1, which may fragment L1 and reduce headroom for subsequent op allocations. Configure an L1_SMALL region to mitigate this. (all_gather_multicast_factory.cpp:42)
2026-09-27 08:05:06.850 | warning  |              Op | Fabric packet size 4352 B is suboptimal for transporting 4096 B pages. Configure 12288 B packet size to maximize throughput. (ccl_common.cpp:70)
2026-09-27 08:05:06.850 | warning  |              Op | Fabric packet size 4352 B is suboptimal for transporting 4096 B pages. Configure 12288 B packet size to maximize throughput. (ccl_common.cpp:70)
2026-09-27 08:05:06.850 | warning  |              Op | Fabric packet size 4352 B is suboptimal for transporting 4096 B pages. Configure 12288 B packet size to maximize throughput. (ccl_common.cpp:70)
2026-09-27 08:05:06.850 | warning  |              Op | Fabric packet size 4352 B is suboptimal for transporting 4096 B pages. Configure 12288 B packet size to maximize throughput. (ccl_common.cpp:70)
SPLIT_TRACE_READY
2026-09-27 08:05:12.473 | DEBUG    | models.common.sampling.generator:reset_trace:166 - Resetting sampling trace (bucket=None, penalties=False, log_probs=False, force_argmax=False, trace_id=MeshTraceId(1))
SPLIT_TRACE_READY
{
  "baseline_metrics": {
    "ttft_ms": 398.2766792178154,
    "trace_setup_ms": 186.80010549724102,
    "reused_request_trace": false,
    "generation_wall_ms": 5799.177071079612,
    "decode_tps": 2.7773174561954312,
    "input_tokens": 33,
    "output_tokens": 16,
    "batch": 1,
    "source": "autoregressive",
    "reduced_probe": true,
    "host_sampling": false,
    "buffered_token_output": false,
    "counters": {
      "model_replays": 15,
      "sampling_replays": 15,
      "token_refreshes": 0,
      "position_refreshes": 0,
      "cache_position_refreshes": 0,
      "page_table_refreshes": 0,
      "synchronizations": 0,
      "token_readbacks": 15,
      "full_logits_readbacks": 0,
      "teacher_forcing_token_refreshes": 0
    }
  },
  "buffered_metrics": {
    "ttft_ms": 44.992334209382534,
    "trace_setup_ms": 33.07537268847227,
    "reused_request_trace": false,
    "generation_wall_ms": 8125.813838094473,
    "decode_tps": 1.8562480606987044,
    "input_tokens": 33,
    "output_tokens": 16,
    "batch": 1,
    "source": "autoregressive",
    "reduced_probe": true,
    "host_sampling": false,
    "buffered_token_output": true,
    "counters": {
      "model_replays": 15,
      "sampling_replays": 15,
      "token_refreshes": 0,
      "position_refreshes": 0,
      "cache_position_refreshes": 0,
      "page_table_refreshes": 0,
      "synchronizations": 0,
      "token_readbacks": 1,
      "full_logits_readbacks": 0,
      "teacher_forcing_token_refreshes": 0,
      "output_replays": 15
    }
  },
  "same_tokens_repeated_and_resized": true,
  "tokens": [
    366,
    269,
    264,
    267,
    4,
    269,
    266,
    4,
    269,
    270,
    266,
    26,
    260,
    25,
    47,
    263
  ],
  "all_layers": false,
  "status": "pass"
}
2026-09-27 08:05:38.214 | DEBUG    | models.common.sampling.generator:reset_trace:166 - Resetting sampling trace (bucket=None, penalties=False, log_probs=False, force_argmax=False, trace_id=MeshTraceId(3))
2026-09-27 08:05:39.042 | info     |    BuildKernels | JIT cache stats: 1244/1244 hits (100.0%) [1244 cached, 471 build-once dedup, 0 merged artifacts, 0 merged genfiles] (build_cache_telemetry.cpp:207)
2026-09-27 08:05:39.042 | info     |    BuildKernels | JIT telemetry: 3 registered TelemetryTokens (build_cache_telemetry.cpp:230)
2026-09-27 08:05:39.063 | info     |          Device | Closing user mode device drivers (tt_cluster.cpp:542)
2026-09-27 08:05:39.063 | info     |             UMD | Closing devices in cluster (cluster.cpp:1218)
2026-09-27 08:05:39.652 | info     |             UMD | Closing devices in cluster completed. (cluster.cpp:1227)
2026-09-27 08:05:39.652 | info     |             UMD | Cluster destructor started. (cluster.cpp:933)
2026-09-27 08:05:39.652 | info     |             UMD | Cluster destructor completed. (cluster.cpp:936)
