trim trailing whitespace......................................................................Failed
- hook id: trailing-whitespace
- exit code: 1

Fixing models/autoports/google_gemma_4_26b_a4b_it/doc/optimized_full_model/autoregressive/tt_completion.txt
Fixing models/autoports/google_gemma_4_26b_a4b_it/doc/optimized_full_model/recovery_list_after.log
Fixing models/autoports/google_gemma_4_26b_a4b_it/doc/optimized_full_model/recovery_list_before.log
Fixing models/autoports/google_gemma_4_26b_a4b_it/doc/optimized_full_model/buffered_extended_watcher_retry.log

fix end of files..............................................................................Failed
- hook id: end-of-file-fixer
- exit code: 1

Fixing models/autoports/google_gemma_4_26b_a4b_it/doc/optimized_full_model/autoregressive/tt_completion.txt
Fixing models/autoports/google_gemma_4_26b_a4b_it/doc/optimized_full_model/degeneracy.json

check yaml................................................................(no files to check)Skipped
check for merge conflicts.....................................................................Passed
black.........................................................................................Passed
autoflake.....................................................................................Passed
isort.........................................................................................Passed
gersemi...................................................................(no files to check)Skipped
yamllint..................................................................(no files to check)Skipped
clang-format..............................................................(no files to check)Skipped
tests: use the expect_error fixture instead of pytest.raises..................................Passed
check for large files (>500 KB)...............................................................Passed
check .agents/prompts goal objective lengths (<=4000 chars substituted)...(no files to check)Skipped
validate-metalium-includes....................................................................Passed
Verify that there is no global torch import in ttnn...........................................Passed
Forbid get_read_ptr on cb_reserve_back'd CBs (issue.......................(no files to check)Skipped
Prevent edits to frozen pybind11 sources under ttnn.......................(no files to check)Skipped
Convert .ipynb to .py for ttnn basic examples.................................................Passed
Detect legacy device operation classes in newly added files...............(no files to check)Skipped
Detect smuggled buffer-address runtime args in descriptor factories.......(no files to check)Skipped
Detect ProgramDescriptor rebuilds inside override_runtime_arguments.......(no files to check)Skipped
Validate golden bandwidth CSV column headers..............................(no files to check)Skipped
tt-triage type checks.....................................................(no files to check)Skipped
llk: fix std::uint*_t and add cstdint include.............................(no files to check)Skipped
autoflake (llk)...........................................................(no files to check)Skipped
isort (llk)...............................................................(no files to check)Skipped
black (llk)...............................................................(no files to check)Skipped
pylint (llk)..............................................................(no files to check)Skipped
codespell (llk)...........................................................(no files to check)Skipped
