2026-08-15 21:18:56.948 | DEBUG    | ttnn:<module>:76 - Loading ttnn configuration overrides from environment variable TTNN_CONFIG_OVERRIDES
2026-08-15 21:18:56.948 | DEBUG    | ttnn:<module>:79 - Initial ttnn.CONFIG:
Config{cache_path=/home/mvasiljevic/.cache/ttnn,model_cache_path=/home/mvasiljevic/.cache/ttnn/models,tmp_dir=/tmp/ttnn,enable_model_cache=false,enable_fast_runtime_mode=true,throw_exception_on_fallback=true,enable_logging=false,enable_graph_report=false,enable_graph_python_stack_traces=false,enable_detailed_buffer_report=false,enable_detailed_tensor_report=false,enable_comparison_mode=false,comparison_mode_should_raise_exception=false,comparison_mode_pcc=0.9999,root_report_path=generated/ttnn/reports,report_name=std::nullopt,std::nullopt}
============================= test session starts ==============================
platform linux -- Python 3.12.13, pytest-9.0.3, pluggy-1.6.0 -- /home/mvasiljevic/tt-metal/python_env/bin/python3
cachedir: .pytest_cache
benchmark: 5.2.3 (defaults: timer=time.perf_counter disable_gc=False min_rounds=5 min_time=0.000005 max_time=1.0 calibration_precision=10 warmup=False warmup_iterations=100000)
rootdir: /home/mvasiljevic/tt-metal
configfile: pytest.ini
plugins: github-actions-annotate-failures-0.3.0, anyio-4.14.2, dash-2.15.0, split-0.11.0, timeout-2.4.0, benchmark-5.2.3, cov-7.0.0
timeout: 300.0s
timeout method: signal
timeout func_only: False
collecting ... collected 1 item

models/autoports/google_gemma_4_26b_a4b_it/tests/test_full_model_contract.py::test_reduced_real_weight_full_model_probe[blackhole-mesh_device0-device_params0] 2026-08-15 21:18:58.813 | info     |          Device | Opening user mode device driver (tt_cluster.cpp:228)
2026-08-15 21:18:58.813 | info     |             UMD | Cluster constructor started. (cluster.cpp:348)
2026-08-15 21:18:58.814 | info     |             UMD | Creating TopologyDiscovery for architecture: blackhole (topology_discovery.cpp:91)
2026-08-15 21:18:58.814 | info     |             UMD | Starting topology discovery. (topology_discovery.cpp:110)
2026-08-15 21:18:58.815 | info     |             UMD | Established firmware bundle version: 19.8.0 (topology_discovery.cpp:569)
2026-08-15 21:18:58.815 | info     |             UMD | Firmware bundle version 19.8.0 on the system is newer than the latest fully tested version 19.5.0 for blackhole architecture. Newest features may not be supported. (topology_discovery.cpp:601)
2026-08-15 21:18:58.819 | info     |             UMD | Completed topology discovery. (topology_discovery.cpp:114)
2026-08-15 21:18:59.042 | info     |             UMD | Opening local chip ids/PCIe ids: {0, 1, 2, 3}/[0, 1, 2, 3] and remote chip ids {} (cluster.cpp:168)
2026-08-15 21:18:59.042 | info     |             UMD | IOMMU: enabled (cluster.cpp:142)
2026-08-15 21:18:59.042 | info     |             UMD | KMD version: 2.8.0 (cluster.cpp:145)
2026-08-15 21:18:59.042 | info     |             UMD | Cluster constructor completed. (cluster.cpp:520)
2026-08-15 21:18:59.044 | info     |             UMD | Starting devices in cluster (cluster.cpp:1024)
2026-08-15 21:18:59.264 | info     |             UMD | Starting devices in cluster completed. (cluster.cpp:1032)
2026-08-15 21:18:59.396 | DEBUG    | ttnn.device:__init__:152 - Using default dispatch core type for this system: DispatchCoreType.WORKER
2026-08-15 21:18:59.396 | DEBUG    | ttnn.device:__init__:154 - Using default dispatch core axis for this system: DispatchCoreAxis.COL
2026-08-15 21:18:59.396 | info     |     Distributed | Using auto discovery to generate mesh graph. (metal_env.cpp:367)
2026-08-15 21:18:59.396 | info     |     Distributed | Constructing control plane using auto-discovery (no mesh graph descriptor). (metal_env.cpp:429)
2026-08-15 21:18:59.396 | warning  |          Always | Unknown motherboard 'B850M-C' for chip_id=0 (bus_id=0x1) — falling back to bus_id as tray_id. Add this motherboard and its bus IDs to mobo_to_bus_ids in physical_system_discovery.cpp. (physical_system_discovery.cpp:89)
2026-08-15 21:18:59.396 | warning  |          Always | Unknown motherboard 'B850M-C' for chip_id=1 (bus_id=0x2) — falling back to bus_id as tray_id. Add this motherboard and its bus IDs to mobo_to_bus_ids in physical_system_discovery.cpp. (physical_system_discovery.cpp:89)
2026-08-15 21:18:59.396 | warning  |          Always | Unknown motherboard 'B850M-C' for chip_id=2 (bus_id=0x3) — falling back to bus_id as tray_id. Add this motherboard and its bus IDs to mobo_to_bus_ids in physical_system_discovery.cpp. (physical_system_discovery.cpp:89)
2026-08-15 21:18:59.396 | warning  |          Always | Unknown motherboard 'B850M-C' for chip_id=3 (bus_id=0x4) — falling back to bus_id as tray_id. Add this motherboard and its bus IDs to mobo_to_bus_ids in physical_system_discovery.cpp. (physical_system_discovery.cpp:89)
2026-08-15 21:18:59.396 | warning  |          Always | Unknown motherboard 'B850M-C' for chip_id=1 (bus_id=0x2) — falling back to bus_id as tray_id. Add this motherboard and its bus IDs to mobo_to_bus_ids in physical_system_discovery.cpp. (physical_system_discovery.cpp:89)
2026-08-15 21:18:59.396 | warning  |          Always | Unknown motherboard 'B850M-C' for chip_id=0 (bus_id=0x1) — falling back to bus_id as tray_id. Add this motherboard and its bus IDs to mobo_to_bus_ids in physical_system_discovery.cpp. (physical_system_discovery.cpp:89)
2026-08-15 21:18:59.396 | warning  |          Always | Unknown motherboard 'B850M-C' for chip_id=2 (bus_id=0x3) — falling back to bus_id as tray_id. Add this motherboard and its bus IDs to mobo_to_bus_ids in physical_system_discovery.cpp. (physical_system_discovery.cpp:89)
2026-08-15 21:18:59.396 | warning  |          Always | Unknown motherboard 'B850M-C' for chip_id=3 (bus_id=0x4) — falling back to bus_id as tray_id. Add this motherboard and its bus IDs to mobo_to_bus_ids in physical_system_discovery.cpp. (physical_system_discovery.cpp:89)
2026-08-15 21:18:59.396 | info     |          Fabric | Logical multi-mesh adjacency: intermesh degree histogram {0:1}; intra-mesh degree histograms mesh0 {2:4} (topology_mapper_utils.cpp:2342)
2026-08-15 21:18:59.396 | info     |          Fabric | Physical multi-mesh adjacency: intermesh degree histogram {0:1}; intra-mesh degree histograms mesh0 {2:4} (topology_mapper_utils.cpp:2350)
2026-08-15 21:18:59.451 | info     |       LLRuntime | Watcher log file: /home/mvasiljevic/tt-metal/generated/watcher/watcher.log (watcher_server.cpp:286)
2026-08-15 21:18:59.451 | info     |       LLRuntime | Watcher attached device 0 (watcher_server.cpp:132)
2026-08-15 21:18:59.451 | info     |       LLRuntime | Watcher attached device 1 (watcher_server.cpp:132)
2026-08-15 21:18:59.451 | info     |       LLRuntime | Watcher attached device 2 (watcher_server.cpp:132)
2026-08-15 21:18:59.451 | info     |       LLRuntime | Watcher attached device 3 (watcher_server.cpp:132)
2026-08-15 21:18:59.451 | info     |       LLRuntime | Watcher server initialized, disabled features: ETH (watcher_server.cpp:547)
2026-08-15 21:18:59.451 | info     |           Metal | Watcher checking device 0 (watcher_device_reader.cpp:393)
2026-08-15 21:18:59.455 | info     |           Metal | Watcher checking device 1 (watcher_device_reader.cpp:393)
2026-08-15 21:18:59.456 | info     |           Metal | Initializing Fabric (fabric_firmware_initializer.cpp:288)
2026-08-15 21:18:59.463 | info     |           Metal | Watcher checking device 2 (watcher_device_reader.cpp:393)
2026-08-15 21:18:59.467 | info     |           Metal | Watcher checking device 3 (watcher_device_reader.cpp:393)
2026-08-15 21:18:59.484 | info     |           Metal | Fabric initialized on Device 0 (device.cpp:429)
2026-08-15 21:18:59.493 | info     |           Metal | Fabric initialized on Device 1 (device.cpp:429)
2026-08-15 21:18:59.494 | info     |           Metal | Fabric initialized on Device 2 (device.cpp:429)
2026-08-15 21:18:59.494 | info     |           Metal | Fabric initialized on Device 3 (device.cpp:429)
2026-08-15 21:18:59.494 | info     |           Metal | Fabric initialized on 4 devices (fabric_firmware_initializer.cpp:435)
2026-08-15 21:18:59.494 | info     |           Metal | Fabric Initialized with config FabricConfig::FABRIC_1D_RING (fabric_firmware_initializer.cpp:305)
2026-08-15 21:18:59.639 | info     |           Metal | ShmResourceTracker: removed stale shm '/tt_d2h_307460_1334201743_0' (shm_resource_tracker.cpp:265)
2026-08-15 21:18:59.639 | info     |           Metal | ShmResourceTracker: removed stale shm '/tt_d2h_307460_1334201743_1' (shm_resource_tracker.cpp:265)
2026-08-15 21:18:59.639 | info     |           Metal | ShmResourceTracker: removed stale shm '/tt_d2h_307460_1334201743_2' (shm_resource_tracker.cpp:265)
2026-08-15 21:18:59.639 | info     |           Metal | ShmResourceTracker: removed stale shm '/tt_d2h_307460_1334201743_3' (shm_resource_tracker.cpp:265)
2026-08-15 21:18:59.639 | info     |           Metal | ShmResourceTracker: removed stale manifest '/dev/shm/tt_socket_manifest_307460' (shm_resource_tracker.cpp:275)
2026-08-15 21:18:59.639 | info     |           Metal | ShmResourceTracker: removed orphaned shm '/tt_device_154095681929600_memory' (shm_resource_tracker.cpp:282)
2026-08-15 21:18:59.639 | info     |           Metal | ShmResourceTracker: removed orphaned shm '/tt_device_154095681929601_memory' (shm_resource_tracker.cpp:282)
2026-08-15 21:18:59.639 | info     |           Metal | ShmResourceTracker: removed orphaned shm '/tt_device_154095681932032_memory' (shm_resource_tracker.cpp:282)
2026-08-15 21:18:59.639 | info     |           Metal | ShmResourceTracker: removed orphaned shm '/tt_device_154095681932033_memory' (shm_resource_tracker.cpp:282)
2026-08-15 21:19:00.219 | info     |           Metal | [Real-time profiler] Device 0 sync complete: 100 samples, frequency=1.349987 GHz, device_time_at_sync=87994844459 cycles (realtime_profiler_manager.cpp:1127)
2026-08-15 21:19:00.219 | info     |           Metal | [Real-time profiler] Device 2 sync complete: 100 samples, frequency=1.349983 GHz, device_time_at_sync=87998825534 cycles (realtime_profiler_manager.cpp:1127)
2026-08-15 21:19:00.221 | info     |           Metal | [Real-time profiler] Device 1 sync complete: 100 samples, frequency=1.349985 GHz, device_time_at_sync=87966986643 cycles (realtime_profiler_manager.cpp:1127)
2026-08-15 21:19:00.221 | info     |           Metal | [Real-time profiler] Device 3 sync complete: 100 samples, frequency=1.349980 GHz, device_time_at_sync=88089625745 cycles (realtime_profiler_manager.cpp:1127)
2026-08-15 21:19:00.248 | DEBUG    | conftest:mesh_device:599 - multidevice with 4 devices is created
2026-08-15 21:19:00.428 | DEBUG    | core:as_tensor:724 - Loaded cache for /tmp/gemma4_full_model_probe_cache/full_model/embedding_dtype_BFLOAT16_layout_ROW_MAJOR.tensorbin of shape Shape([1, 1, 262144, 704])
2026-08-15 21:19:01.130 | DEBUG    | core:as_tensor:724 - Loaded cache for /tmp/gemma4_full_model_probe_cache/full_model/lm_head_dtype_BFLOAT16_layout_TILE.tensorbin of shape Shape([1, 1, 2816, 65536])
2026-08-15 21:19:01.175 | DEBUG    | core:as_tensor:724 - Loaded cache for /tmp/gemma4_full_model_probe_cache/full_model/final_norm_dtype_BFLOAT16_layout_TILE.tensorbin of shape Shape([1, 1, 1, 2816])
2026-08-15 21:19:01.585 | DEBUG    | core:as_tensor:724 - Loaded cache for /tmp/gemma4_full_model_probe_cache/multichip/layer_0/layer_scalar_dtype_BFLOAT16_layout_TILE.tensorbin of shape Shape([1, 1, 1, 1])
2026-08-15 21:19:01.586 | DEBUG    | core:as_tensor:724 - Loaded cache for /tmp/gemma4_full_model_probe_cache/multichip/layer_0/input_ln_dtype_BFLOAT16_layout_TILE.tensorbin of shape Shape([1, 1, 1, 2816])
2026-08-15 21:19:01.586 | DEBUG    | core:as_tensor:724 - Loaded cache for /tmp/gemma4_full_model_probe_cache/multichip/layer_0/post_attn_ln_dtype_BFLOAT16_layout_TILE.tensorbin of shape Shape([1, 1, 1, 2816])
2026-08-15 21:19:01.586 | DEBUG    | core:as_tensor:724 - Loaded cache for /tmp/gemma4_full_model_probe_cache/multichip/layer_0/pre_ff_ln_dtype_BFLOAT16_layout_TILE.tensorbin of shape Shape([1, 1, 1, 2816])
2026-08-15 21:19:01.586 | DEBUG    | core:as_tensor:724 - Loaded cache for /tmp/gemma4_full_model_probe_cache/multichip/layer_0/post_ff_ln_dtype_BFLOAT16_layout_TILE.tensorbin of shape Shape([1, 1, 1, 2816])
2026-08-15 21:19:01.586 | DEBUG    | core:as_tensor:724 - Loaded cache for /tmp/gemma4_full_model_probe_cache/multichip/layer_0/post_ff_ln_1_dtype_BFLOAT16_layout_TILE.tensorbin of shape Shape([1, 1, 1, 2816])
2026-08-15 21:19:01.586 | DEBUG    | core:as_tensor:724 - Loaded cache for /tmp/gemma4_full_model_probe_cache/multichip/layer_0/post_ff_ln_2_dtype_BFLOAT16_layout_TILE.tensorbin of shape Shape([1, 1, 1, 2816])
2026-08-15 21:19:01.587 | DEBUG    | core:as_tensor:724 - Loaded cache for /tmp/gemma4_full_model_probe_cache/multichip/layer_0/pre_ff_ln_2_dtype_BFLOAT16_layout_TILE.tensorbin of shape Shape([1, 1, 1, 2816])
2026-08-15 21:19:01.587 | DEBUG    | core:as_tensor:724 - Loaded cache for /tmp/gemma4_full_model_probe_cache/multichip/layer_0/q_norm_dtype_BFLOAT16_layout_TILE.tensorbin of shape Shape([1, 1, 1, 256])
2026-08-15 21:19:01.587 | DEBUG    | core:as_tensor:724 - Loaded cache for /tmp/gemma4_full_model_probe_cache/multichip/layer_0/k_norm_dtype_BFLOAT16_layout_TILE.tensorbin of shape Shape([1, 1, 1, 256])
2026-08-15 21:19:01.589 | DEBUG    | core:as_tensor:724 - Loaded cache for /tmp/gemma4_full_model_probe_cache/multichip/layer_0/qkv_tp4_dtype_BFLOAT8_B_layout_TILE.tensorbin of shape Shape([1, 1, 2816, 2048])
2026-08-15 21:19:01.599 | DEBUG    | core:as_tensor:724 - Loaded cache for /tmp/gemma4_full_model_probe_cache/multichip/layer_0/o_proj_tp4_dtype_BFLOAT8_B_layout_TILE.tensorbin of shape Shape([1, 1, 1024, 2816])
2026-08-15 21:19:01.600 | DEBUG    | core:as_tensor:724 - Loaded cache for /tmp/gemma4_full_model_probe_cache/multichip/layer_0/mlp_gate_tp4_dtype_BFLOAT8_B_layout_TILE.tensorbin of shape Shape([1, 1, 2816, 544])
2026-08-15 21:19:01.601 | DEBUG    | core:as_tensor:724 - Loaded cache for /tmp/gemma4_full_model_probe_cache/multichip/layer_0/mlp_up_tp4_dtype_BFLOAT8_B_layout_TILE.tensorbin of shape Shape([1, 1, 2816, 544])
2026-08-15 21:19:01.601 | DEBUG    | core:as_tensor:724 - Loaded cache for /tmp/gemma4_full_model_probe_cache/multichip/layer_0/mlp_down_tp4_dtype_BFLOAT8_B_layout_TILE.tensorbin of shape Shape([1, 1, 544, 2816])
2026-08-15 21:19:01.602 | DEBUG    | core:as_tensor:724 - Loaded cache for /tmp/gemma4_full_model_probe_cache/multichip/layer_0/router_scale_dtype_FLOAT32_layout_TILE.tensorbin of shape Shape([1, 1, 1, 2816])
2026-08-15 21:19:01.602 | DEBUG    | core:as_tensor:724 - Loaded cache for /tmp/gemma4_full_model_probe_cache/multichip/layer_0/router_proj_dtype_FLOAT32_layout_TILE.tensorbin of shape Shape([1, 1, 2816, 128])
2026-08-15 21:19:01.603 | DEBUG    | core:as_tensor:724 - Loaded cache for /tmp/gemma4_full_model_probe_cache/multichip/layer_0/router_per_expert_scale_dtype_FLOAT32_layout_TILE.tensorbin of shape Shape([1, 128])
2026-08-15 21:19:01.628 | DEBUG    | core:as_tensor:724 - Loaded cache for /tmp/gemma4_full_model_probe_cache/multichip/layer_0/expert_gate_tp4_dtype_BFLOAT8_B_layout_TILE.tensorbin of shape Shape([1, 128, 2816, 192])
2026-08-15 21:19:01.654 | DEBUG    | core:as_tensor:724 - Loaded cache for /tmp/gemma4_full_model_probe_cache/multichip/layer_0/expert_up_tp4_dtype_BFLOAT8_B_layout_TILE.tensorbin of shape Shape([1, 128, 2816, 192])
2026-08-15 21:19:01.679 | DEBUG    | core:as_tensor:724 - Loaded cache for /tmp/gemma4_full_model_probe_cache/multichip/layer_0/expert_down_tp4_dtype_BFLOAT8_B_layout_TILE.tensorbin of shape Shape([1, 128, 192, 2816])
2026-08-15 21:19:01.680 | DEBUG    | core:as_tensor:724 - Loaded cache for /tmp/gemma4_full_model_probe_cache/multichip/layer_0/expert_prefill_sparsity_dtype_BFLOAT16_layout_ROW_MAJOR.tensorbin of shape Shape([1, 1, 1, 128])
2026-08-15 21:19:01.691 | DEBUG    | core:as_tensor:724 - Loaded cache for /tmp/gemma4_full_model_probe_cache/multichip/layer_0/packed_mlp_gate_up_decode_bfp4_tp4_dtype_BFLOAT4_B_layout_TILE.tensorbin of shape Shape([1, 1, 2816, 1088])
2026-08-15 21:19:02.166 | DEBUG    | core:as_tensor:724 - Loaded cache for /tmp/gemma4_full_model_probe_cache/multichip/layer_5/layer_scalar_dtype_BFLOAT16_layout_TILE.tensorbin of shape Shape([1, 1, 1, 1])
2026-08-15 21:19:02.166 | DEBUG    | core:as_tensor:724 - Loaded cache for /tmp/gemma4_full_model_probe_cache/multichip/layer_5/input_ln_dtype_BFLOAT16_layout_TILE.tensorbin of shape Shape([1, 1, 1, 2816])
2026-08-15 21:19:02.167 | DEBUG    | core:as_tensor:724 - Loaded cache for /tmp/gemma4_full_model_probe_cache/multichip/layer_5/post_attn_ln_dtype_BFLOAT16_layout_TILE.tensorbin of shape Shape([1, 1, 1, 2816])
2026-08-15 21:19:02.167 | DEBUG    | core:as_tensor:724 - Loaded cache for /tmp/gemma4_full_model_probe_cache/multichip/layer_5/pre_ff_ln_dtype_BFLOAT16_layout_TILE.tensorbin of shape Shape([1, 1, 1, 2816])
2026-08-15 21:19:02.167 | DEBUG    | core:as_tensor:724 - Loaded cache for /tmp/gemma4_full_model_probe_cache/multichip/layer_5/post_ff_ln_dtype_BFLOAT16_layout_TILE.tensorbin of shape Shape([1, 1, 1, 2816])
2026-08-15 21:19:02.167 | DEBUG    | core:as_tensor:724 - Loaded cache for /tmp/gemma4_full_model_probe_cache/multichip/layer_5/post_ff_ln_1_dtype_BFLOAT16_layout_TILE.tensorbin of shape Shape([1, 1, 1, 2816])
2026-08-15 21:19:02.167 | DEBUG    | core:as_tensor:724 - Loaded cache for /tmp/gemma4_full_model_probe_cache/multichip/layer_5/post_ff_ln_2_dtype_BFLOAT16_layout_TILE.tensorbin of shape Shape([1, 1, 1, 2816])
2026-08-15 21:19:02.167 | DEBUG    | core:as_tensor:724 - Loaded cache for /tmp/gemma4_full_model_probe_cache/multichip/layer_5/pre_ff_ln_2_dtype_BFLOAT16_layout_TILE.tensorbin of shape Shape([1, 1, 1, 2816])
2026-08-15 21:19:02.167 | DEBUG    | core:as_tensor:724 - Loaded cache for /tmp/gemma4_full_model_probe_cache/multichip/layer_5/q_norm_dtype_BFLOAT16_layout_TILE.tensorbin of shape Shape([1, 1, 1, 512])
2026-08-15 21:19:02.168 | DEBUG    | core:as_tensor:724 - Loaded cache for /tmp/gemma4_full_model_probe_cache/multichip/layer_5/k_norm_dtype_BFLOAT16_layout_TILE.tensorbin of shape Shape([1, 1, 1, 512])
2026-08-15 21:19:02.174 | DEBUG    | core:as_tensor:724 - Loaded cache for /tmp/gemma4_full_model_probe_cache/multichip/layer_5/qkv_tp4_dtype_BFLOAT8_B_layout_TILE.tensorbin of shape Shape([1, 1, 2816, 3072])
2026-08-15 21:19:02.193 | DEBUG    | core:as_tensor:724 - Loaded cache for /tmp/gemma4_full_model_probe_cache/multichip/layer_5/o_proj_tp4_dtype_BFLOAT8_B_layout_TILE.tensorbin of shape Shape([1, 1, 2048, 2816])
2026-08-15 21:19:02.195 | DEBUG    | core:as_tensor:724 - Loaded cache for /tmp/gemma4_full_model_probe_cache/multichip/layer_5/mlp_gate_tp4_dtype_BFLOAT8_B_layout_TILE.tensorbin of shape Shape([1, 1, 2816, 544])
2026-08-15 21:19:02.196 | DEBUG    | core:as_tensor:724 - Loaded cache for /tmp/gemma4_full_model_probe_cache/multichip/layer_5/mlp_up_tp4_dtype_BFLOAT8_B_layout_TILE.tensorbin of shape Shape([1, 1, 2816, 544])
2026-08-15 21:19:02.196 | DEBUG    | core:as_tensor:724 - Loaded cache for /tmp/gemma4_full_model_probe_cache/multichip/layer_5/mlp_down_tp4_dtype_BFLOAT8_B_layout_TILE.tensorbin of shape Shape([1, 1, 544, 2816])
2026-08-15 21:19:02.197 | DEBUG    | core:as_tensor:724 - Loaded cache for /tmp/gemma4_full_model_probe_cache/multichip/layer_5/router_scale_dtype_FLOAT32_layout_TILE.tensorbin of shape Shape([1, 1, 1, 2816])
2026-08-15 21:19:02.197 | DEBUG    | core:as_tensor:724 - Loaded cache for /tmp/gemma4_full_model_probe_cache/multichip/layer_5/router_proj_dtype_FLOAT32_layout_TILE.tensorbin of shape Shape([1, 1, 2816, 128])
2026-08-15 21:19:02.197 | DEBUG    | core:as_tensor:724 - Loaded cache for /tmp/gemma4_full_model_probe_cache/multichip/layer_5/router_per_expert_scale_dtype_FLOAT32_layout_TILE.tensorbin of shape Shape([1, 128])
2026-08-15 21:19:02.224 | DEBUG    | core:as_tensor:724 - Loaded cache for /tmp/gemma4_full_model_probe_cache/multichip/layer_5/expert_gate_tp4_dtype_BFLOAT8_B_layout_TILE.tensorbin of shape Shape([1, 128, 2816, 192])
2026-08-15 21:19:02.251 | DEBUG    | core:as_tensor:724 - Loaded cache for /tmp/gemma4_full_model_probe_cache/multichip/layer_5/expert_up_tp4_dtype_BFLOAT8_B_layout_TILE.tensorbin of shape Shape([1, 128, 2816, 192])
2026-08-15 21:19:02.280 | DEBUG    | core:as_tensor:724 - Loaded cache for /tmp/gemma4_full_model_probe_cache/multichip/layer_5/expert_down_tp4_dtype_BFLOAT8_B_layout_TILE.tensorbin of shape Shape([1, 128, 192, 2816])
2026-08-15 21:19:02.280 | DEBUG    | core:as_tensor:724 - Loaded cache for /tmp/gemma4_full_model_probe_cache/multichip/layer_5/expert_prefill_sparsity_dtype_BFLOAT16_layout_ROW_MAJOR.tensorbin of shape Shape([1, 1, 1, 128])
2026-08-15 21:19:02.287 | DEBUG    | core:as_tensor:724 - Loaded cache for /tmp/gemma4_full_model_probe_cache/multichip/layer_5/packed_mlp_gate_up_decode_bfp4_tp4_dtype_BFLOAT4_B_layout_TILE.tensorbin of shape Shape([1, 1, 2816, 1088])
2026-08-15 21:19:02.288 | warning  |              Op | ttnn::tilize: Using input shard spec for output tensor because the legacy sharded optimized program factory is being used (tilize_device_operation.cpp:151)
2026-08-15 21:19:02.403 | warning  |              Op | ttnn::tilize: Using input shard spec for output tensor because the legacy sharded optimized program factory is being used (tilize_device_operation.cpp:151)
2026-08-15 21:19:02.405 | warning  |              Op | ttnn::tilize: Using input shard spec for output tensor because the legacy sharded optimized program factory is being used (tilize_device_operation.cpp:151)
PASSED2026-08-15 21:19:09.544 | info     |           Metal | Watcher checking device 0 (watcher_device_reader.cpp:393)
2026-08-15 21:19:09.548 | info     |           Metal | Watcher checking device 1 (watcher_device_reader.cpp:393)
2026-08-15 21:19:09.552 | info     |           Metal | Watcher checking device 2 (watcher_device_reader.cpp:393)
2026-08-15 21:19:09.556 | info     |           Metal | Watcher checking device 3 (watcher_device_reader.cpp:393)


=============================== warnings summary ===============================
<frozen importlib._bootstrap>:488
  <frozen importlib._bootstrap>:488: DeprecationWarning: builtin type SwigPyPacked has no __module__ attribute

<frozen importlib._bootstrap>:488
  <frozen importlib._bootstrap>:488: DeprecationWarning: builtin type SwigPyObject has no __module__ attribute

models/tt_transformers/tt/common.py:28
  /home/mvasiljevic/tt-metal/models/tt_transformers/tt/common.py:28: PydanticDeprecatedSince20: Support for class-based `config` is deprecated, use ConfigDict instead. Deprecated in Pydantic V2.0 to be removed in V3.0. See Pydantic V2 Migration Guide at https://errors.pydantic.dev/2.13/migration/
    class ImageMedia(BaseModel):

-- Docs: https://docs.pytest.org/en/stable/how-to/capture-warnings.html
==================================== PASSES ====================================
- generated xml file: /home/mvasiljevic/tt-metal/generated/test_reports/most_recent_tests.xml -
============================== slowest durations ===============================
8.79s call     models/autoports/google_gemma_4_26b_a4b_it/tests/test_full_model_contract.py::test_reduced_real_weight_full_model_probe[blackhole-mesh_device0-device_params0]
1.66s setup    models/autoports/google_gemma_4_26b_a4b_it/tests/test_full_model_contract.py::test_reduced_real_weight_full_model_probe[blackhole-mesh_device0-device_params0]
0.16s teardown models/autoports/google_gemma_4_26b_a4b_it/tests/test_full_model_contract.py::test_reduced_real_weight_full_model_probe[blackhole-mesh_device0-device_params0]
=========================== short test summary info ============================
PASSED models/autoports/google_gemma_4_26b_a4b_it/tests/test_full_model_contract.py::test_reduced_real_weight_full_model_probe[blackhole-mesh_device0-device_params0]
======================== 1 passed, 3 warnings in 11.56s ========================
sys:1: DeprecationWarning: builtin type swigvarlink has no __module__ attribute
nanobind: leaked 3 instances!
 - leaked instance 0x70d54efca088 of type "ttnn._ttnn.tensor.MemoryConfig"
 - leaked instance 0x70d54f5a1b78 of type "ttnn._ttnn.device.DispatchCoreConfig"
 - leaked instance 0x70d54f495848 of type "ttnn._ttnn.tensor.CoreRangeSet"
nanobind: leaked 39 types!
 - leaked type "DispatchCoreAxis"
 - leaked type "ttnn._ttnn.device.SubDeviceManagerId"
 - leaked type "MathFidelity"
 - leaked type "ttnn._ttnn.operations.matmul.MatmulMultiCoreReuseMultiCast1DProgramConfig"
 - leaked type "FabricConfig"
 - leaked type "ttnn._ttnn.operations.matmul.MatmulInputs"
 - leaked type "ttnn._ttnn.multi_device.MeshMapperConfig"
 - leaked type "ttnn._ttnn.operations.matmul.MatmulMultiCoreReuseMultiCastBatchedDRAMShardedProgramConfig"
 - leaked type "BufferType"
 - leaked type "UnaryOpType"
 - ... skipped remainder
nanobind: leaked 321 functions!
 - leaked function ""
 - leaked function "__repr__"
 - leaked function "element_size"
 - leaked function ""
 - leaked function "CloseDevice"
 - leaked function "to_torch"
 - leaked function ""
 - leaked function "clear_program_cache"
 - leaked function ""
 - leaked function ""
 - ... skipped remainder
nanobind: this is likely caused by a reference counting issue in the binding code.
See https://nanobind.readthedocs.io/en/latest/refleaks.html2026-08-15 21:19:11.102 | info     |    BuildKernels | JIT cache stats: 582/623 hits (93.4%) [582 cached, 303 build-once dedup, 0 merged artifacts, 0 merged genfiles] (build_cache_telemetry.cpp:207)
2026-08-15 21:19:11.102 | info     |    BuildKernels | JIT telemetry: 3 registered TelemetryTokens (build_cache_telemetry.cpp:230)
2026-08-15 21:19:11.103 | info     |       LLRuntime | Watcher thread stopped watching... (watcher_server.cpp:595)
2026-08-15 21:19:11.104 | info     |       LLRuntime | Watcher detached device 0 (watcher_server.cpp:181)
2026-08-15 21:19:11.104 | info     |       LLRuntime | Watcher detached device 1 (watcher_server.cpp:181)
2026-08-15 21:19:11.104 | info     |       LLRuntime | Watcher detached device 2 (watcher_server.cpp:181)
2026-08-15 21:19:11.104 | info     |       LLRuntime | Watcher detached device 3 (watcher_server.cpp:181)
2026-08-15 21:19:11.116 | info     |          Device | Closing user mode device drivers (tt_cluster.cpp:512)
2026-08-15 21:19:11.116 | info     |             UMD | Closing devices in cluster (cluster.cpp:1037)
2026-08-15 21:19:11.624 | info     |             UMD | Closing devices in cluster completed. (cluster.cpp:1046)
2026-08-15 21:19:11.624 | info     |             UMD | Cluster destructor started. (cluster.cpp:754)
2026-08-15 21:19:11.624 | info     |             UMD | Cluster destructor completed. (cluster.cpp:757)
