2026-08-12 06:59:46.775 | DEBUG    | ttnn:<module>:78 - Initial ttnn.CONFIG:
Config{cache_path=/home/ttuser/.cache/ttnn,model_cache_path=/home/ttuser/.cache/ttnn/models,tmp_dir=/tmp/ttnn,enable_model_cache=false,enable_fast_runtime_mode=true,validate_program_args=false,throw_exception_on_fallback=false,enable_logging=false,enable_graph_report=false,enable_graph_python_stack_traces=false,enable_detailed_buffer_report=false,enable_detailed_tensor_report=false,enable_comparison_mode=false,comparison_mode_should_raise_exception=false,comparison_mode_pcc=0.9999,root_report_path=generated/ttnn/reports,report_name=std::nullopt,std::nullopt}
2026-08-12 06:59:48.193 | info     |          Device | Opening user mode device driver (tt_cluster.cpp:228)
2026-08-12 06:59:48.193 | info     |             UMD | Cluster constructor started. (cluster.cpp:389)
2026-08-12 06:59:48.193 | info     |             UMD | Creating TopologyDiscovery for architecture: blackhole (topology_discovery.cpp:96)
2026-08-12 06:59:48.193 | info     |             UMD | Starting topology discovery. (topology_discovery.cpp:115)
2026-08-12 06:59:48.204 | info     |             UMD | Established firmware bundle version: 19.11.0 (topology_discovery.cpp:575)
2026-08-12 06:59:48.205 | info     |             UMD | Completed topology discovery. (topology_discovery.cpp:119)
2026-08-12 06:59:48.282 | info     |             UMD | Opening local chip ids/PCIe ids: {0, 1, 2, 3}/[0, 1, 2, 3] and remote chip ids {} (cluster.cpp:173)
2026-08-12 06:59:48.282 | info     |             UMD | IOMMU: enabled (cluster.cpp:147)
2026-08-12 06:59:48.282 | info     |             UMD | KMD version: 2.10.0 (cluster.cpp:150)
2026-08-12 06:59:48.282 | info     |             UMD | Cluster constructor completed. (cluster.cpp:648)
2026-08-12 06:59:48.284 | info     |             UMD | Starting devices in cluster (cluster.cpp:1184)
2026-08-12 06:59:48.370 | warning  |             UMD | AICLK settled at 1337 MHz, within 5% of the requested 1350 MHz but not an exact match. Proceeding. (tt_device.cpp:322)
2026-08-12 06:59:48.370 | info     |             UMD | Starting devices in cluster completed. (cluster.cpp:1192)
2026-08-12 06:59:48.491 | info     |     Distributed | Using auto discovery to generate mesh graph. (metal_env.cpp:437)
2026-08-12 06:59:48.491 | info     |     Distributed | Constructing control plane using auto-discovery (no mesh graph descriptor). (metal_env.cpp:499)
2026-08-12 06:59:48.491 | warning  |          Always | Unknown motherboard 'B850M-C' for chip_id=0 (bus_id=0x1) — falling back to bus_id as tray_id. Add this motherboard and its bus IDs to mobo_to_bus_ids in physical_system_discovery.cpp. (physical_system_discovery.cpp:119)
2026-08-12 06:59:48.491 | info     |          Fabric | Logical multi-mesh adjacency: intermesh degree histogram {0:1}; intra-mesh degree histograms mesh0 {2:4} (topology_mapper_utils.cpp:3329)
2026-08-12 06:59:48.491 | info     |          Fabric | Physical multi-mesh adjacency: intermesh degree histogram {0:1}; intra-mesh degree histograms mesh0 {2:4} (topology_mapper_utils.cpp:3337)
2026-08-12 06:59:48.529 | warning  |           Metal | Opening subset of mmio devices slows down UMD read/write to remote chips. If opening more devices, consider using CreateDevices API. (device_manager.cpp:264)
2026-08-12 06:59:52.199 | critical |          Always | TT_THROW: Statically allocated circular buffers on core range [0-0 - 10-9] grow to 1593216 B which is beyond max L1 size of 1572864 B (assert.hpp:104)
FAILED all_bfp8               kind=sliding  TT_THROW @ /home/ttuser/dev/muse-glimmer/tt-metal/tt_metal/impl/program/program.cpp:1722: tt::exception | info: | Statically allocated circular buffers on core range [0-0 - 10-9] grow to 1593216 B which is beyond max L1 size of 1572864 B | backtrace: | --- /home/ttuser/dev/muse-glimmer/tt-metal/build_Release/lib/_ttnncpp.so(+0x201495a) [0x75f922c1495a] | --- tt::tt_metal::detail::ProgramImpl::vali
Traceback (most recent call last):
  File "/home/ttuser/dev/muse-glimmer/tt-metal/models/autoports/meta_models_muse_glimmer_30b/doc/optimized_decoder/bench/layer_ab.py", line 276, in main
    r = run_candidate(mesh, name, kind, layer_idx, state_dict, ref_layer, args)
        ^^^^^^^^^^^^^^^^^^^^^^^^^^^^^^^^^^^^^^^^^^^^^^^^^^^^^^^^^^^^^^^^^^^^^^^
  File "/home/ttuser/dev/muse-glimmer/tt-metal/models/autoports/meta_models_muse_glimmer_30b/doc/optimized_decoder/bench/layer_ab.py", line 188, in run_candidate
    tt_out = dec.prefill_forward(to_dev(mesh, hidden), page_table=pt, user_id=0)
             ^^^^^^^^^^^^^^^^^^^^^^^^^^^^^^^^^^^^^^^^^^^^^^^^^^^^^^^^^^^^^^^^^^^
  File "/home/ttuser/dev/muse-glimmer/tt-metal/models/autoports/meta_models_muse_glimmer_30b/tt/functional_decoder.py", line 1026, in prefill_forward
    out, sliding_tail = self._prefill_chunk(
                        ^^^^^^^^^^^^^^^^^^^^
  File "/home/ttuser/dev/muse-glimmer/tt-metal/models/autoports/meta_models_muse_glimmer_30b/tt/functional_decoder.py", line 944, in _prefill_chunk
    mlp_out = self.mlp(mlp_in)
              ^^^^^^^^^^^^^^^^
  File "/home/ttuser/dev/muse-glimmer/tt-metal/models/common/lightweightmodule.py", line 12, in __call__
    return self.forward(*args, **kwargs)
           ^^^^^^^^^^^^^^^^^^^^^^^^^^^^^
  File "/home/ttuser/dev/muse-glimmer/tt-metal/models/autoports/meta_models_muse_glimmer_30b/tt/optimized_decoder.py", line 455, in forward
    out = dec._prefill_projection(hidden, self.down, role="mlp_down")
          ^^^^^^^^^^^^^^^^^^^^^^^^^^^^^^^^^^^^^^^^^^^^^^^^^^^^^^^^^^^
  File "/home/ttuser/dev/muse-glimmer/tt-metal/models/autoports/meta_models_muse_glimmer_30b/tt/optimized_decoder.py", line 850, in _prefill_projection
    return ttnn.experimental.minimal_matmul(
           ^^^^^^^^^^^^^^^^^^^^^^^^^^^^^^^^^
  File "/home/ttuser/dev/muse-glimmer/tt-metal/ttnn/ttnn/decorators.py", line 650, in __call__
    result = self.function(*function_args, **function_kwargs)
             ^^^^^^^^^^^^^^^^^^^^^^^^^^^^^^^^^^^^^^^^^^^^^^^^
RuntimeError: TT_THROW @ /home/ttuser/dev/muse-glimmer/tt-metal/tt_metal/impl/program/program.cpp:1722: tt::exception
info:
Statically allocated circular buffers on core range [0-0 - 10-9] grow to 1593216 B which is beyond max L1 size of 1572864 B
backtrace:
 --- /home/ttuser/dev/muse-glimmer/tt-metal/build_Release/lib/_ttnncpp.so(+0x201495a) [0x75f922c1495a]
 --- tt::tt_metal::detail::ProgramImpl::validate_circular_buffer_region(tt::tt_metal::IDevice const*)
 --- tt::tt_metal::detail::ProgramImpl::compile_and_allocate(tt::tt_metal::IDevice*, bool)
 --- tt::tt_metal::distributed::MeshWorkloadImpl::compile(tt::tt_metal::distributed::MeshDevice*)
 --- tt::tt_metal::distributed::EnqueueMeshWorkload(tt::tt_metal::distributed::MeshCommandQueue&, tt::tt_metal::distributed::MeshWorkload&, bool)
 --- /home/ttuser/dev/muse-glimmer/tt-metal/build_Release/lib/_ttnncpp.so(_ZN4ttnn16device_operation6detail21enqueue_mesh_workloadITkNS0_36DeviceOperationWithMeshDeviceAdapterENS0_26MeshDeviceOperationAdapterINS_12experimental4prim28MinimalMatmulDeviceOperationEEEEEvRKNT_22operation_attributes_tERKNS8_13tensor_args_tERNS8_21tensor_return_value_tEPN2tt8tt_metal11distributed10MeshDeviceERNSJ_12MeshWorkloadEb+0x2d9) [0x75f92274fcc9]
 --- /home/ttuser/dev/muse-glimmer/tt-metal/build_Release/lib/_ttnncpp.so(+0x1b54673) [0x75f922754673]
 --- /home/ttuser/dev/muse-glimmer/tt-metal/build_Release/lib/_ttnncpp.so(_ZN4ttnn16device_operation6detail29launch_operation_with_adapterITkNS0_36DeviceOperationWithMeshDeviceAdapterENS0_26MeshDeviceOperationAdapterINS_12experimental4prim28MinimalMatmulDeviceOperationEEEEEvRKNT_22operation_attributes_tERKNS8_13tensor_args_tERNS8_21tensor_return_value_tEPN2tt8tt_metal11distributed10MeshDeviceE+0x264) [0x75f92274c914]
 --- /home/ttuser/dev/muse-glimmer/tt-metal/build_Release/lib/_ttnncpp.so(_ZN4ttnn16device_operation6detail6launchITkNS0_22DeviceOperationConceptENS_12experimental4prim28MinimalMatmulDeviceOperationEEENT_21tensor_return_value_tERKNS6_22operation_attributes_tERKNS6_13tensor_args_tE+0x3a5) [0x75f92274c305]
 --- ttnn::prim::minimal_matmul(ttnn::Tensor const&, ttnn::Tensor const&, std::optional<ttnn::Tensor> const&, std::optional<ttnn::operations::unary::BasicUnaryWithParam<float> >, std::optional<ttnn::experimental::prim::MinimalMatmulConfig const> const&, std::optional<tt::tt_metal::MemoryConfig> const&, std::optional<tt::tt_metal::DataType const>, std::optional<ttnn::ComputeKernelConfig>, int)
 --- ttnn::experimental::minimal_matmul(ttnn::Tensor const&, ttnn::Tensor const&, std::optional<ttnn::Tensor> const&, std::optional<ttnn::operations::unary::BasicUnaryWithParam<float> >, std::optional<ttnn::experimental::prim::MinimalMatmulConfig const> const&, std::optional<tt::tt_metal::MemoryConfig> const&, std::optional<tt::tt_metal::DataType const>, std::optional<ttnn::ComputeKernelConfig>, bool)
 --- /home/ttuser/dev/muse-glimmer/tt-metal/ttnn/ttnn/_ttnn.so(+0x43856c) [0x75f92363856c]
 --- /home/ttuser/dev/muse-glimmer/tt-metal/ttnn/ttnn/_ttnn.so(+0x438367) [0x75f923638367]
 --- /home/ttuser/dev/muse-glimmer/tt-metal/ttnn/ttnn/_ttnn.so(+0x352bc5) [0x75f923552bc5]
 --- python() [0x1876122]
 --- python() [0x1686e59]
 --- python(_PyEval_EvalFrameDefault+0xe920) [0x1621aa0]
 --- python() [0x1876122]
 --- python() [0x1686e59]
 --- python(_PyEval_EvalFrameDefault+0x36f1) [0x1616871]
 --- python() [0x1612849]
 --- python(_PyEval_EvalFrameDefault+0xe840) [0x16219c0]
 --- python(_PyObject_Call_Prepend+0x9a) [0x1686f1a]
 --- python() [0x1686e59]
 --- python(_PyEval_EvalFrameDefault+0x36f1) [0x1616871]
 --- python(PyEval_EvalCode+0xe2) [0x1684e62]
 --- python() [0x16a4982]
 --- python() [0x17aebff]
 --- python(_PyRun_SimpleFileObject+0x118) [0x17af3ac]
 --- python(_PyRun_AnyFileObject+0x42) [0x17af282]
 --- python() [0x17af1c4]
 --- python() [0x17af0d8]
 --- python(Py_RunMain+0x2e5) [0x171f33b]
 --- python() [0x17406fa]
 --- python() [0x17404ed]
 --- /lib/x86_64-linux-gnu/libc.so.6(+0x2a1ca) [0x75f96782a1ca]
 --- /lib/x86_64-linux-gnu/libc.so.6(__libc_start_main+0x8b) [0x75f96782a28b]
 --- python(_start+0x29) [0x1795ced]

2026-08-12 06:59:53.964 | critical |          Always | TT_THROW: Statically allocated circular buffers on core range [0-0 - 10-9] grow to 1593216 B which is beyond max L1 size of 1572864 B (assert.hpp:104)
FAILED gateup_bfp4            kind=sliding  TT_THROW @ /home/ttuser/dev/muse-glimmer/tt-metal/tt_metal/impl/program/program.cpp:1722: tt::exception | info: | Statically allocated circular buffers on core range [0-0 - 10-9] grow to 1593216 B which is beyond max L1 size of 1572864 B | backtrace: | --- /home/ttuser/dev/muse-glimmer/tt-metal/build_Release/lib/_ttnncpp.so(+0x201495a) [0x75f922c1495a] | --- tt::tt_metal::detail::ProgramImpl::vali
Traceback (most recent call last):
  File "/home/ttuser/dev/muse-glimmer/tt-metal/models/autoports/meta_models_muse_glimmer_30b/doc/optimized_decoder/bench/layer_ab.py", line 276, in main
    r = run_candidate(mesh, name, kind, layer_idx, state_dict, ref_layer, args)
        ^^^^^^^^^^^^^^^^^^^^^^^^^^^^^^^^^^^^^^^^^^^^^^^^^^^^^^^^^^^^^^^^^^^^^^^
  File "/home/ttuser/dev/muse-glimmer/tt-metal/models/autoports/meta_models_muse_glimmer_30b/doc/optimized_decoder/bench/layer_ab.py", line 188, in run_candidate
    tt_out = dec.prefill_forward(to_dev(mesh, hidden), page_table=pt, user_id=0)
             ^^^^^^^^^^^^^^^^^^^^^^^^^^^^^^^^^^^^^^^^^^^^^^^^^^^^^^^^^^^^^^^^^^^
  File "/home/ttuser/dev/muse-glimmer/tt-metal/models/autoports/meta_models_muse_glimmer_30b/tt/functional_decoder.py", line 1026, in prefill_forward
    out, sliding_tail = self._prefill_chunk(
                        ^^^^^^^^^^^^^^^^^^^^
  File "/home/ttuser/dev/muse-glimmer/tt-metal/models/autoports/meta_models_muse_glimmer_30b/tt/functional_decoder.py", line 944, in _prefill_chunk
    mlp_out = self.mlp(mlp_in)
              ^^^^^^^^^^^^^^^^
  File "/home/ttuser/dev/muse-glimmer/tt-metal/models/common/lightweightmodule.py", line 12, in __call__
    return self.forward(*args, **kwargs)
           ^^^^^^^^^^^^^^^^^^^^^^^^^^^^^
  File "/home/ttuser/dev/muse-glimmer/tt-metal/models/autoports/meta_models_muse_glimmer_30b/tt/optimized_decoder.py", line 455, in forward
    out = dec._prefill_projection(hidden, self.down, role="mlp_down")
          ^^^^^^^^^^^^^^^^^^^^^^^^^^^^^^^^^^^^^^^^^^^^^^^^^^^^^^^^^^^
  File "/home/ttuser/dev/muse-glimmer/tt-metal/models/autoports/meta_models_muse_glimmer_30b/tt/optimized_decoder.py", line 850, in _prefill_projection
    return ttnn.experimental.minimal_matmul(
           ^^^^^^^^^^^^^^^^^^^^^^^^^^^^^^^^^
  File "/home/ttuser/dev/muse-glimmer/tt-metal/ttnn/ttnn/decorators.py", line 650, in __call__
    result = self.function(*function_args, **function_kwargs)
             ^^^^^^^^^^^^^^^^^^^^^^^^^^^^^^^^^^^^^^^^^^^^^^^^
RuntimeError: TT_THROW @ /home/ttuser/dev/muse-glimmer/tt-metal/tt_metal/impl/program/program.cpp:1722: tt::exception
info:
Statically allocated circular buffers on core range [0-0 - 10-9] grow to 1593216 B which is beyond max L1 size of 1572864 B
backtrace:
 --- /home/ttuser/dev/muse-glimmer/tt-metal/build_Release/lib/_ttnncpp.so(+0x201495a) [0x75f922c1495a]
 --- tt::tt_metal::detail::ProgramImpl::validate_circular_buffer_region(tt::tt_metal::IDevice const*)
 --- tt::tt_metal::detail::ProgramImpl::compile_and_allocate(tt::tt_metal::IDevice*, bool)
 --- tt::tt_metal::distributed::MeshWorkloadImpl::compile(tt::tt_metal::distributed::MeshDevice*)
 --- tt::tt_metal::distributed::EnqueueMeshWorkload(tt::tt_metal::distributed::MeshCommandQueue&, tt::tt_metal::distributed::MeshWorkload&, bool)
 --- /home/ttuser/dev/muse-glimmer/tt-metal/build_Release/lib/_ttnncpp.so(_ZN4ttnn16device_operation6detail21enqueue_mesh_workloadITkNS0_36DeviceOperationWithMeshDeviceAdapterENS0_26MeshDeviceOperationAdapterINS_12experimental4prim28MinimalMatmulDeviceOperationEEEEEvRKNT_22operation_attributes_tERKNS8_13tensor_args_tERNS8_21tensor_return_value_tEPN2tt8tt_metal11distributed10MeshDeviceERNSJ_12MeshWorkloadEb+0x2d9) [0x75f92274fcc9]
 --- /home/ttuser/dev/muse-glimmer/tt-metal/build_Release/lib/_ttnncpp.so(_ZN4ttnn16device_operation6detail29launch_operation_with_adapterITkNS0_36DeviceOperationWithMeshDeviceAdapterENS0_26MeshDeviceOperationAdapterINS_12experimental4prim28MinimalMatmulDeviceOperationEEEEEvRKNT_22operation_attributes_tERKNS8_13tensor_args_tERNS8_21tensor_return_value_tEPN2tt8tt_metal11distributed10MeshDeviceE+0x1f3) [0x75f92274c8a3]
 --- /home/ttuser/dev/muse-glimmer/tt-metal/build_Release/lib/_ttnncpp.so(_ZN4ttnn16device_operation6detail6launchITkNS0_22DeviceOperationConceptENS_12experimental4prim28MinimalMatmulDeviceOperationEEENT_21tensor_return_value_tERKNS6_22operation_attributes_tERKNS6_13tensor_args_tE+0x3a5) [0x75f92274c305]
 --- ttnn::prim::minimal_matmul(ttnn::Tensor const&, ttnn::Tensor const&, std::optional<ttnn::Tensor> const&, std::optional<ttnn::operations::unary::BasicUnaryWithParam<float> >, std::optional<ttnn::experimental::prim::MinimalMatmulConfig const> const&, std::optional<tt::tt_metal::MemoryConfig> const&, std::optional<tt::tt_metal::DataType const>, std::optional<ttnn::ComputeKernelConfig>, int)
 --- ttnn::experimental::minimal_matmul(ttnn::Tensor const&, ttnn::Tensor const&, std::optional<ttnn::Tensor> const&, std::optional<ttnn::operations::unary::BasicUnaryWithParam<float> >, std::optional<ttnn::experimental::prim::MinimalMatmulConfig const> const&, std::optional<tt::tt_metal::MemoryConfig> const&, std::optional<tt::tt_metal::DataType const>, std::optional<ttnn::ComputeKernelConfig>, bool)
 --- /home/ttuser/dev/muse-glimmer/tt-metal/ttnn/ttnn/_ttnn.so(+0x43856c) [0x75f92363856c]
 --- /home/ttuser/dev/muse-glimmer/tt-metal/ttnn/ttnn/_ttnn.so(+0x438367) [0x75f923638367]
 --- /home/ttuser/dev/muse-glimmer/tt-metal/ttnn/ttnn/_ttnn.so(+0x352bc5) [0x75f923552bc5]
 --- python() [0x1876122]
 --- python() [0x1686e59]
 --- python(_PyEval_EvalFrameDefault+0xe920) [0x1621aa0]
 --- python() [0x1876122]
 --- python() [0x1686e59]
 --- python(_PyEval_EvalFrameDefault+0x36f1) [0x1616871]
 --- python() [0x1612849]
 --- python(_PyEval_EvalFrameDefault+0xe840) [0x16219c0]
 --- python(_PyObject_Call_Prepend+0x9a) [0x1686f1a]
 --- python() [0x1686e59]
 --- python(_PyEval_EvalFrameDefault+0x36f1) [0x1616871]
 --- python(PyEval_EvalCode+0xe2) [0x1684e62]
 --- python() [0x16a4982]
 --- python() [0x17aebff]
 --- python(_PyRun_SimpleFileObject+0x118) [0x17af3ac]
 --- python(_PyRun_AnyFileObject+0x42) [0x17af282]
 --- python() [0x17af1c4]
 --- python() [0x17af0d8]
 --- python(Py_RunMain+0x2e5) [0x171f33b]
 --- python() [0x17406fa]
 --- python() [0x17404ed]
 --- /lib/x86_64-linux-gnu/libc.so.6(+0x2a1ca) [0x75f96782a1ca]
 --- /lib/x86_64-linux-gnu/libc.so.6(__libc_start_main+0x8b) [0x75f96782a28b]
 --- python(_start+0x29) [0x1795ced]

AB[real] mlp_bfp4               kind=sliding  prefill8192=   43.57 ms  traced_decode@2048= 1.1227 ms/token  prefill_pcc=0.997685 decode_pcc=0.997552  (1.1470/1.1227)
2026-08-12 06:59:59.520 | critical |          Always | TT_THROW: Statically allocated circular buffers on core range [0-0 - 10-9] grow to 1593216 B which is beyond max L1 size of 1572864 B (assert.hpp:104)
FAILED all_bfp8               kind=full     TT_THROW @ /home/ttuser/dev/muse-glimmer/tt-metal/tt_metal/impl/program/program.cpp:1722: tt::exception | info: | Statically allocated circular buffers on core range [0-0 - 10-9] grow to 1593216 B which is beyond max L1 size of 1572864 B | backtrace: | --- /home/ttuser/dev/muse-glimmer/tt-metal/build_Release/lib/_ttnncpp.so(+0x201495a) [0x75f922c1495a] | --- tt::tt_metal::detail::ProgramImpl::vali
Traceback (most recent call last):
  File "/home/ttuser/dev/muse-glimmer/tt-metal/models/autoports/meta_models_muse_glimmer_30b/doc/optimized_decoder/bench/layer_ab.py", line 276, in main
    r = run_candidate(mesh, name, kind, layer_idx, state_dict, ref_layer, args)
        ^^^^^^^^^^^^^^^^^^^^^^^^^^^^^^^^^^^^^^^^^^^^^^^^^^^^^^^^^^^^^^^^^^^^^^^
  File "/home/ttuser/dev/muse-glimmer/tt-metal/models/autoports/meta_models_muse_glimmer_30b/doc/optimized_decoder/bench/layer_ab.py", line 188, in run_candidate
    tt_out = dec.prefill_forward(to_dev(mesh, hidden), page_table=pt, user_id=0)
             ^^^^^^^^^^^^^^^^^^^^^^^^^^^^^^^^^^^^^^^^^^^^^^^^^^^^^^^^^^^^^^^^^^^
  File "/home/ttuser/dev/muse-glimmer/tt-metal/models/autoports/meta_models_muse_glimmer_30b/tt/functional_decoder.py", line 1026, in prefill_forward
    out, sliding_tail = self._prefill_chunk(
                        ^^^^^^^^^^^^^^^^^^^^
  File "/home/ttuser/dev/muse-glimmer/tt-metal/models/autoports/meta_models_muse_glimmer_30b/tt/functional_decoder.py", line 944, in _prefill_chunk
    mlp_out = self.mlp(mlp_in)
              ^^^^^^^^^^^^^^^^
  File "/home/ttuser/dev/muse-glimmer/tt-metal/models/common/lightweightmodule.py", line 12, in __call__
    return self.forward(*args, **kwargs)
           ^^^^^^^^^^^^^^^^^^^^^^^^^^^^^
  File "/home/ttuser/dev/muse-glimmer/tt-metal/models/autoports/meta_models_muse_glimmer_30b/tt/optimized_decoder.py", line 455, in forward
    out = dec._prefill_projection(hidden, self.down, role="mlp_down")
          ^^^^^^^^^^^^^^^^^^^^^^^^^^^^^^^^^^^^^^^^^^^^^^^^^^^^^^^^^^^
  File "/home/ttuser/dev/muse-glimmer/tt-metal/models/autoports/meta_models_muse_glimmer_30b/tt/optimized_decoder.py", line 850, in _prefill_projection
    return ttnn.experimental.minimal_matmul(
           ^^^^^^^^^^^^^^^^^^^^^^^^^^^^^^^^^
  File "/home/ttuser/dev/muse-glimmer/tt-metal/ttnn/ttnn/decorators.py", line 650, in __call__
    result = self.function(*function_args, **function_kwargs)
             ^^^^^^^^^^^^^^^^^^^^^^^^^^^^^^^^^^^^^^^^^^^^^^^^
RuntimeError: TT_THROW @ /home/ttuser/dev/muse-glimmer/tt-metal/tt_metal/impl/program/program.cpp:1722: tt::exception
info:
Statically allocated circular buffers on core range [0-0 - 10-9] grow to 1593216 B which is beyond max L1 size of 1572864 B
backtrace:
 --- /home/ttuser/dev/muse-glimmer/tt-metal/build_Release/lib/_ttnncpp.so(+0x201495a) [0x75f922c1495a]
 --- tt::tt_metal::detail::ProgramImpl::validate_circular_buffer_region(tt::tt_metal::IDevice const*)
 --- tt::tt_metal::detail::ProgramImpl::compile_and_allocate(tt::tt_metal::IDevice*, bool)
 --- tt::tt_metal::distributed::MeshWorkloadImpl::compile(tt::tt_metal::distributed::MeshDevice*)
 --- tt::tt_metal::distributed::EnqueueMeshWorkload(tt::tt_metal::distributed::MeshCommandQueue&, tt::tt_metal::distributed::MeshWorkload&, bool)
 --- /home/ttuser/dev/muse-glimmer/tt-metal/build_Release/lib/_ttnncpp.so(_ZN4ttnn16device_operation6detail21enqueue_mesh_workloadITkNS0_36DeviceOperationWithMeshDeviceAdapterENS0_26MeshDeviceOperationAdapterINS_12experimental4prim28MinimalMatmulDeviceOperationEEEEEvRKNT_22operation_attributes_tERKNS8_13tensor_args_tERNS8_21tensor_return_value_tEPN2tt8tt_metal11distributed10MeshDeviceERNSJ_12MeshWorkloadEb+0x2d9) [0x75f92274fcc9]
 --- /home/ttuser/dev/muse-glimmer/tt-metal/build_Release/lib/_ttnncpp.so(_ZN4ttnn16device_operation6detail29launch_operation_with_adapterITkNS0_36DeviceOperationWithMeshDeviceAdapterENS0_26MeshDeviceOperationAdapterINS_12experimental4prim28MinimalMatmulDeviceOperationEEEEEvRKNT_22operation_attributes_tERKNS8_13tensor_args_tERNS8_21tensor_return_value_tEPN2tt8tt_metal11distributed10MeshDeviceE+0x1f3) [0x75f92274c8a3]
 --- /home/ttuser/dev/muse-glimmer/tt-metal/build_Release/lib/_ttnncpp.so(_ZN4ttnn16device_operation6detail6launchITkNS0_22DeviceOperationConceptENS_12experimental4prim28MinimalMatmulDeviceOperationEEENT_21tensor_return_value_tERKNS6_22operation_attributes_tERKNS6_13tensor_args_tE+0x3a5) [0x75f92274c305]
 --- ttnn::prim::minimal_matmul(ttnn::Tensor const&, ttnn::Tensor const&, std::optional<ttnn::Tensor> const&, std::optional<ttnn::operations::unary::BasicUnaryWithParam<float> >, std::optional<ttnn::experimental::prim::MinimalMatmulConfig const> const&, std::optional<tt::tt_metal::MemoryConfig> const&, std::optional<tt::tt_metal::DataType const>, std::optional<ttnn::ComputeKernelConfig>, int)
 --- ttnn::experimental::minimal_matmul(ttnn::Tensor const&, ttnn::Tensor const&, std::optional<ttnn::Tensor> const&, std::optional<ttnn::operations::unary::BasicUnaryWithParam<float> >, std::optional<ttnn::experimental::prim::MinimalMatmulConfig const> const&, std::optional<tt::tt_metal::MemoryConfig> const&, std::optional<tt::tt_metal::DataType const>, std::optional<ttnn::ComputeKernelConfig>, bool)
 --- /home/ttuser/dev/muse-glimmer/tt-metal/ttnn/ttnn/_ttnn.so(+0x43856c) [0x75f92363856c]
 --- /home/ttuser/dev/muse-glimmer/tt-metal/ttnn/ttnn/_ttnn.so(+0x438367) [0x75f923638367]
 --- /home/ttuser/dev/muse-glimmer/tt-metal/ttnn/ttnn/_ttnn.so(+0x352bc5) [0x75f923552bc5]
 --- python() [0x1876122]
 --- python() [0x1686e59]
 --- python(_PyEval_EvalFrameDefault+0xe920) [0x1621aa0]
 --- python() [0x1876122]
 --- python() [0x1686e59]
 --- python(_PyEval_EvalFrameDefault+0x36f1) [0x1616871]
 --- python() [0x1612849]
 --- python(_PyEval_EvalFrameDefault+0xe840) [0x16219c0]
 --- python(_PyObject_Call_Prepend+0x9a) [0x1686f1a]
 --- python() [0x1686e59]
 --- python(_PyEval_EvalFrameDefault+0x36f1) [0x1616871]
 --- python(PyEval_EvalCode+0xe2) [0x1684e62]
 --- python() [0x16a4982]
 --- python() [0x17aebff]
 --- python(_PyRun_SimpleFileObject+0x118) [0x17af3ac]
 --- python(_PyRun_AnyFileObject+0x42) [0x17af282]
 --- python() [0x17af1c4]
 --- python() [0x17af0d8]
 --- python(Py_RunMain+0x2e5) [0x171f33b]
 --- python() [0x17406fa]
 --- python() [0x17404ed]
 --- /lib/x86_64-linux-gnu/libc.so.6(+0x2a1ca) [0x75f96782a1ca]
 --- /lib/x86_64-linux-gnu/libc.so.6(__libc_start_main+0x8b) [0x75f96782a28b]
 --- python(_start+0x29) [0x1795ced]

2026-08-12 07:00:01.282 | critical |          Always | TT_THROW: Statically allocated circular buffers on core range [0-0 - 10-9] grow to 1593216 B which is beyond max L1 size of 1572864 B (assert.hpp:104)
FAILED gateup_bfp4            kind=full     TT_THROW @ /home/ttuser/dev/muse-glimmer/tt-metal/tt_metal/impl/program/program.cpp:1722: tt::exception | info: | Statically allocated circular buffers on core range [0-0 - 10-9] grow to 1593216 B which is beyond max L1 size of 1572864 B | backtrace: | --- /home/ttuser/dev/muse-glimmer/tt-metal/build_Release/lib/_ttnncpp.so(+0x201495a) [0x75f922c1495a] | --- tt::tt_metal::detail::ProgramImpl::vali
Traceback (most recent call last):
  File "/home/ttuser/dev/muse-glimmer/tt-metal/models/autoports/meta_models_muse_glimmer_30b/doc/optimized_decoder/bench/layer_ab.py", line 276, in main
    r = run_candidate(mesh, name, kind, layer_idx, state_dict, ref_layer, args)
        ^^^^^^^^^^^^^^^^^^^^^^^^^^^^^^^^^^^^^^^^^^^^^^^^^^^^^^^^^^^^^^^^^^^^^^^
  File "/home/ttuser/dev/muse-glimmer/tt-metal/models/autoports/meta_models_muse_glimmer_30b/doc/optimized_decoder/bench/layer_ab.py", line 188, in run_candidate
    tt_out = dec.prefill_forward(to_dev(mesh, hidden), page_table=pt, user_id=0)
             ^^^^^^^^^^^^^^^^^^^^^^^^^^^^^^^^^^^^^^^^^^^^^^^^^^^^^^^^^^^^^^^^^^^
  File "/home/ttuser/dev/muse-glimmer/tt-metal/models/autoports/meta_models_muse_glimmer_30b/tt/functional_decoder.py", line 1026, in prefill_forward
    out, sliding_tail = self._prefill_chunk(
                        ^^^^^^^^^^^^^^^^^^^^
  File "/home/ttuser/dev/muse-glimmer/tt-metal/models/autoports/meta_models_muse_glimmer_30b/tt/functional_decoder.py", line 944, in _prefill_chunk
    mlp_out = self.mlp(mlp_in)
              ^^^^^^^^^^^^^^^^
  File "/home/ttuser/dev/muse-glimmer/tt-metal/models/common/lightweightmodule.py", line 12, in __call__
    return self.forward(*args, **kwargs)
           ^^^^^^^^^^^^^^^^^^^^^^^^^^^^^
  File "/home/ttuser/dev/muse-glimmer/tt-metal/models/autoports/meta_models_muse_glimmer_30b/tt/optimized_decoder.py", line 455, in forward
    out = dec._prefill_projection(hidden, self.down, role="mlp_down")
          ^^^^^^^^^^^^^^^^^^^^^^^^^^^^^^^^^^^^^^^^^^^^^^^^^^^^^^^^^^^
  File "/home/ttuser/dev/muse-glimmer/tt-metal/models/autoports/meta_models_muse_glimmer_30b/tt/optimized_decoder.py", line 850, in _prefill_projection
    return ttnn.experimental.minimal_matmul(
           ^^^^^^^^^^^^^^^^^^^^^^^^^^^^^^^^^
  File "/home/ttuser/dev/muse-glimmer/tt-metal/ttnn/ttnn/decorators.py", line 650, in __call__
    result = self.function(*function_args, **function_kwargs)
             ^^^^^^^^^^^^^^^^^^^^^^^^^^^^^^^^^^^^^^^^^^^^^^^^
RuntimeError: TT_THROW @ /home/ttuser/dev/muse-glimmer/tt-metal/tt_metal/impl/program/program.cpp:1722: tt::exception
info:
Statically allocated circular buffers on core range [0-0 - 10-9] grow to 1593216 B which is beyond max L1 size of 1572864 B
backtrace:
 --- /home/ttuser/dev/muse-glimmer/tt-metal/build_Release/lib/_ttnncpp.so(+0x201495a) [0x75f922c1495a]
 --- tt::tt_metal::detail::ProgramImpl::validate_circular_buffer_region(tt::tt_metal::IDevice const*)
 --- tt::tt_metal::detail::ProgramImpl::compile_and_allocate(tt::tt_metal::IDevice*, bool)
 --- tt::tt_metal::distributed::MeshWorkloadImpl::compile(tt::tt_metal::distributed::MeshDevice*)
 --- tt::tt_metal::distributed::EnqueueMeshWorkload(tt::tt_metal::distributed::MeshCommandQueue&, tt::tt_metal::distributed::MeshWorkload&, bool)
 --- /home/ttuser/dev/muse-glimmer/tt-metal/build_Release/lib/_ttnncpp.so(_ZN4ttnn16device_operation6detail21enqueue_mesh_workloadITkNS0_36DeviceOperationWithMeshDeviceAdapterENS0_26MeshDeviceOperationAdapterINS_12experimental4prim28MinimalMatmulDeviceOperationEEEEEvRKNT_22operation_attributes_tERKNS8_13tensor_args_tERNS8_21tensor_return_value_tEPN2tt8tt_metal11distributed10MeshDeviceERNSJ_12MeshWorkloadEb+0x2d9) [0x75f92274fcc9]
 --- /home/ttuser/dev/muse-glimmer/tt-metal/build_Release/lib/_ttnncpp.so(_ZN4ttnn16device_operation6detail29launch_operation_with_adapterITkNS0_36DeviceOperationWithMeshDeviceAdapterENS0_26MeshDeviceOperationAdapterINS_12experimental4prim28MinimalMatmulDeviceOperationEEEEEvRKNT_22operation_attributes_tERKNS8_13tensor_args_tERNS8_21tensor_return_value_tEPN2tt8tt_metal11distributed10MeshDeviceE+0x1f3) [0x75f92274c8a3]
 --- /home/ttuser/dev/muse-glimmer/tt-metal/build_Release/lib/_ttnncpp.so(_ZN4ttnn16device_operation6detail6launchITkNS0_22DeviceOperationConceptENS_12experimental4prim28MinimalMatmulDeviceOperationEEENT_21tensor_return_value_tERKNS6_22operation_attributes_tERKNS6_13tensor_args_tE+0x3a5) [0x75f92274c305]
 --- ttnn::prim::minimal_matmul(ttnn::Tensor const&, ttnn::Tensor const&, std::optional<ttnn::Tensor> const&, std::optional<ttnn::operations::unary::BasicUnaryWithParam<float> >, std::optional<ttnn::experimental::prim::MinimalMatmulConfig const> const&, std::optional<tt::tt_metal::MemoryConfig> const&, std::optional<tt::tt_metal::DataType const>, std::optional<ttnn::ComputeKernelConfig>, int)
 --- ttnn::experimental::minimal_matmul(ttnn::Tensor const&, ttnn::Tensor const&, std::optional<ttnn::Tensor> const&, std::optional<ttnn::operations::unary::BasicUnaryWithParam<float> >, std::optional<ttnn::experimental::prim::MinimalMatmulConfig const> const&, std::optional<tt::tt_metal::MemoryConfig> const&, std::optional<tt::tt_metal::DataType const>, std::optional<ttnn::ComputeKernelConfig>, bool)
 --- /home/ttuser/dev/muse-glimmer/tt-metal/ttnn/ttnn/_ttnn.so(+0x43856c) [0x75f92363856c]
 --- /home/ttuser/dev/muse-glimmer/tt-metal/ttnn/ttnn/_ttnn.so(+0x438367) [0x75f923638367]
 --- /home/ttuser/dev/muse-glimmer/tt-metal/ttnn/ttnn/_ttnn.so(+0x352bc5) [0x75f923552bc5]
 --- python() [0x1876122]
 --- python() [0x1686e59]
 --- python(_PyEval_EvalFrameDefault+0xe920) [0x1621aa0]
 --- python() [0x1876122]
 --- python() [0x1686e59]
 --- python(_PyEval_EvalFrameDefault+0x36f1) [0x1616871]
 --- python() [0x1612849]
 --- python(_PyEval_EvalFrameDefault+0xe840) [0x16219c0]
 --- python(_PyObject_Call_Prepend+0x9a) [0x1686f1a]
 --- python() [0x1686e59]
 --- python(_PyEval_EvalFrameDefault+0x36f1) [0x1616871]
 --- python(PyEval_EvalCode+0xe2) [0x1684e62]
 --- python() [0x16a4982]
 --- python() [0x17aebff]
 --- python(_PyRun_SimpleFileObject+0x118) [0x17af3ac]
 --- python(_PyRun_AnyFileObject+0x42) [0x17af282]
 --- python() [0x17af1c4]
 --- python() [0x17af0d8]
 --- python(Py_RunMain+0x2e5) [0x171f33b]
 --- python() [0x17406fa]
 --- python() [0x17404ed]
 --- /lib/x86_64-linux-gnu/libc.so.6(+0x2a1ca) [0x75f96782a1ca]
 --- /lib/x86_64-linux-gnu/libc.so.6(__libc_start_main+0x8b) [0x75f96782a28b]
 --- python(_start+0x29) [0x1795ced]

AB[real] mlp_bfp4               kind=full     prefill8192=   43.18 ms  traced_decode@2048= 1.0960 ms/token  prefill_pcc=0.997322 decode_pcc=0.996859  (1.1292/1.0960)
nanobind: leaked 3 instances!
 - leaked instance 0x75f923bbdd08 of type "ttnn._ttnn.multi_device.MeshCoordinate"
 - leaked instance 0x75f8cfaaa808 of type "ttnn._ttnn.tensor.CoreRangeSet"
 - leaked instance 0x75f923bbdb28 of type "ttnn._ttnn.multi_device.MeshCoordinate"
nanobind: leaked 24 types!
 - leaked type "MathFidelity"
 - leaked type "ttnn._ttnn.operations.matmul.MatmulMultiCoreReuseMultiCast1DProgramConfig"
 - leaked type "ttnn._ttnn.operations.matmul.MatmulInputs"
 - leaked type "ttnn._ttnn.multi_device.MeshMapperConfig"
 - leaked type "ttnn._ttnn.operations.matmul.MatmulMultiCoreReuseMultiCastBatchedDRAMShardedProgramConfig"
 - leaked type "BufferType"
 - leaked type "UnaryOpType"
 - leaked type "ttnn._ttnn.operations.matmul.MatmulMultiCoreReuseOptimizedProgramFactory"
 - leaked type "ttnn._ttnn.operations.matmul.MatmulParams"
 - leaked type "ttnn._ttnn.tensor.CoreRangeSet"
 - ... skipped remainder
nanobind: leaked 282 functions!
 - leaked function ""
 - leaked function "set_sub_device_stall_group"
 - leaked function ""
 - leaked function ""
 - leaked function ""
 - leaked function ""
 - leaked function ""
 - leaked function "__repr__"
 - leaked function ""
 - leaked function "default_core_range"
 - ... skipped remainder
nanobind: this is likely caused by a reference counting issue in the binding code.
See https://nanobind.readthedocs.io/en/latest/refleaks.html2026-08-12 07:00:04.598 | info     |    BuildKernels | JIT cache stats: 291/291 hits (100.0%) [291 cached, 58 build-once dedup, 0 merged artifacts, 0 merged genfiles] (build_cache_telemetry.cpp:207)
2026-08-12 07:00:04.598 | info     |    BuildKernels | JIT telemetry: 3 registered TelemetryTokens (build_cache_telemetry.cpp:230)
2026-08-12 07:00:04.613 | info     |          Device | Closing user mode device drivers (tt_cluster.cpp:513)
2026-08-12 07:00:04.613 | info     |             UMD | Closing devices in cluster (cluster.cpp:1197)
2026-08-12 07:00:05.183 | info     |             UMD | Closing devices in cluster completed. (cluster.cpp:1206)
2026-08-12 07:00:05.183 | info     |             UMD | Cluster destructor started. (cluster.cpp:912)
2026-08-12 07:00:05.183 | info     |             UMD | Cluster destructor completed. (cluster.cpp:915)
