2026-08-12 10:54:01.941 | DEBUG    | ttnn:<module>:78 - Initial ttnn.CONFIG:
Config{cache_path=/home/ttuser/.cache/ttnn,model_cache_path=/home/ttuser/.cache/ttnn/models,tmp_dir=/tmp/ttnn,enable_model_cache=false,enable_fast_runtime_mode=true,validate_program_args=false,throw_exception_on_fallback=false,enable_logging=false,enable_graph_report=false,enable_graph_python_stack_traces=false,enable_detailed_buffer_report=false,enable_detailed_tensor_report=false,enable_comparison_mode=false,comparison_mode_should_raise_exception=false,comparison_mode_pcc=0.9999,root_report_path=generated/ttnn/reports,report_name=std::nullopt,std::nullopt}
2026-08-12 10:54:02.132 | info     |          Device | Opening user mode device driver (tt_cluster.cpp:228)
2026-08-12 10:54:02.132 | info     |             UMD | Cluster constructor started. (cluster.cpp:389)
2026-08-12 10:54:02.132 | info     |             UMD | Creating TopologyDiscovery for architecture: blackhole (topology_discovery.cpp:96)
2026-08-12 10:54:02.132 | info     |             UMD | Starting topology discovery. (topology_discovery.cpp:115)
2026-08-12 10:54:02.144 | info     |             UMD | Established firmware bundle version: 19.11.0 (topology_discovery.cpp:575)
2026-08-12 10:54:02.144 | info     |             UMD | Completed topology discovery. (topology_discovery.cpp:119)
2026-08-12 10:54:02.222 | info     |             UMD | Opening local chip ids/PCIe ids: {0, 1, 2, 3}/[0, 1, 2, 3] and remote chip ids {} (cluster.cpp:173)
2026-08-12 10:54:02.222 | info     |             UMD | IOMMU: enabled (cluster.cpp:147)
2026-08-12 10:54:02.222 | info     |             UMD | KMD version: 2.10.0 (cluster.cpp:150)
2026-08-12 10:54:02.222 | info     |             UMD | Cluster constructor completed. (cluster.cpp:648)
2026-08-12 10:54:02.224 | info     |             UMD | Starting devices in cluster (cluster.cpp:1184)
2026-08-12 10:54:02.440 | info     |             UMD | Starting devices in cluster completed. (cluster.cpp:1192)
2026-08-12 10:54:02.561 | info     |     Distributed | Using auto discovery to generate mesh graph. (metal_env.cpp:437)
2026-08-12 10:54:02.561 | info     |     Distributed | Constructing control plane using auto-discovery (no mesh graph descriptor). (metal_env.cpp:499)
2026-08-12 10:54:02.561 | warning  |          Always | Unknown motherboard 'B850M-C' for chip_id=0 (bus_id=0x1) — falling back to bus_id as tray_id. Add this motherboard and its bus IDs to mobo_to_bus_ids in physical_system_discovery.cpp. (physical_system_discovery.cpp:119)
2026-08-12 10:54:02.561 | info     |          Fabric | Logical multi-mesh adjacency: intermesh degree histogram {0:1}; intra-mesh degree histograms mesh0 {2:4} (topology_mapper_utils.cpp:3329)
2026-08-12 10:54:02.561 | info     |          Fabric | Physical multi-mesh adjacency: intermesh degree histogram {0:1}; intra-mesh degree histograms mesh0 {2:4} (topology_mapper_utils.cpp:3337)
2026-08-12 10:54:02.600 | warning  |           Metal | Opening subset of mmio devices slows down UMD read/write to remote chips. If opening more devices, consider using CreateDevices API. (device_manager.cpp:264)
2026-08-12 10:54:03.802 | critical |          Always | TT_THROW: Statically allocated circular buffers on core range [0-0 - 0-0] grow to 2270080 B which is beyond max L1 size of 1572864 B (assert.hpp:104)
2026-08-12 10:54:04.069 | critical |          Always | TT_THROW: Statically allocated circular buffers in program 8 clash with L1 buffers on core range [0-0 - 1-0]. L1 buffer allocated at 933888 and static circular buffer region ends at 1209216 (assert.hpp:104)
2026-08-12 10:54:04.631 | critical |          Always | TT_FATAL: Out of Memory: Not enough space to allocate 1703936 B L1 buffer across 1 banks, where each bank needs to store 1703936 B, but bank size is 1461376 B (allocated: 0 B, free: 1461376 B, largest free block: 1461376 B) (assert.hpp:104)
2026-08-12 10:54:04.633 | critical |          Always | TT_FATAL: Out of Memory: Not enough space to allocate 1703936 B L1 buffer across 2 banks, where each bank needs to store 851968 B, but bank size is 1461376 B (allocated: 851968 B, free: 609408 B, largest free block: 609408 B) (assert.hpp:104)
2026-08-12 10:54:05.203 | critical |          Always | TT_THROW: Statically allocated circular buffers on core range [0-0 - 3-0] grow to 1999744 B which is beyond max L1 size of 1572864 B (assert.hpp:104)
2026-08-12 10:54:06.337 | critical |          Always | TT_FATAL: Out of Memory: Not enough space to allocate 3407872 B L1 buffer across 1 banks, where each bank needs to store 3407872 B, but bank size is 1461376 B (allocated: 0 B, free: 1461376 B, largest free block: 1461376 B) (assert.hpp:104)
2026-08-12 10:54:06.338 | critical |          Always | TT_FATAL: Out of Memory: Not enough space to allocate 3407872 B L1 buffer across 2 banks, where each bank needs to store 1703936 B, but bank size is 1461376 B (allocated: 0 B, free: 1461376 B, largest free block: 1461376 B) (assert.hpp:104)
2026-08-12 10:54:06.339 | critical |          Always | TT_FATAL: Out of Memory: Not enough space to allocate 3407872 B L1 buffer across 4 banks, where each bank needs to store 851968 B, but bank size is 1461376 B (allocated: 851968 B, free: 609408 B, largest free block: 609408 B) (assert.hpp:104)
2026-08-12 10:54:06.907 | critical |          Always | TT_THROW: Statically allocated circular buffers on core range [0-0 - 7-0] grow to 2012032 B which is beyond max L1 size of 1572864 B (assert.hpp:104)
2026-08-12 10:54:08.017 | critical |          Always | TT_THROW: Statically allocated circular buffers in program 90 clash with L1 buffers on core range [0-0 - 10-0]. L1 buffer allocated at 1048576 and static circular buffer region ends at 1356672 (assert.hpp:104)
2026-08-12 10:54:09.032 | critical |          Always | TT_THROW: Statically allocated circular buffers in program 94 clash with L1 buffers on core range [0-0 - 10-0]. L1 buffer allocated at 1097728 and static circular buffer region ends at 1166208 (assert.hpp:104)
device grid 11x10; hidden 6656 = 208 tiles
NORMCHK rows=  32 cores=  1 grid==shard              BLOCKED: TT_THROW @ /home/ttuser/dev/muse-glimmer/tt-metal/tt_metal/impl/program/program.cpp:1722: tt::exception | info: | Statically allocated circular buffers on core range [0-0 - 0-0] grow to 2270080 B whic
NORMCHK rows=  32 cores=  2 grid==shard              BLOCKED: TT_THROW @ /home/ttuser/dev/muse-glimmer/tt-metal/tt_metal/impl/program/program.cpp:1779: tt::exception | info: | Statically allocated circular buffers in program 8 clash with L1 buffers on core range
NORMCHK rows=  32 cores=  4 block_h= 1 grid==shard              nonfinite=      0 max|diff|=0.03182
NORMCHK rows=  32 cores=  8 block_h= 1 grid==shard              nonfinite=      0 max|diff|=0.03182
NORMCHK rows=  32 cores= 13 block_h= 1 grid=11x2=22!=shard13    nonfinite=      0 max|diff|=0.03182
NORMCHK rows=  32 cores= 16 block_h= 1 grid=11x2=22!=shard16    nonfinite=      0 max|diff|=0.03182
NORMCHK rows=  32 cores= 26 block_h= 1 grid=11x3=33!=shard26    nonfinite=      0 max|diff|=0.03182
NORMCHK rows=  32 cores= 52 block_h= 1 grid=11x5=55!=shard52    nonfinite=      0 max|diff|=0.03182
NORMCHK rows= 128 cores=  1 grid==shard              BLOCKED: TT_FATAL @ /home/ttuser/dev/muse-glimmer/tt-metal/tt_metal/impl/allocator/bank_manager.cpp:462: false | info: | Out of Memory: Not enough space to allocate 1703936 B L1 buffer across 1 banks, where ea
NORMCHK rows= 128 cores=  2 grid==shard              BLOCKED: TT_FATAL @ /home/ttuser/dev/muse-glimmer/tt-metal/tt_metal/impl/allocator/bank_manager.cpp:462: false | info: | Out of Memory: Not enough space to allocate 1703936 B L1 buffer across 2 banks, where ea
NORMCHK rows= 128 cores=  4 grid==shard              BLOCKED: TT_THROW @ /home/ttuser/dev/muse-glimmer/tt-metal/tt_metal/impl/program/program.cpp:1722: tt::exception | info: | Statically allocated circular buffers on core range [0-0 - 3-0] grow to 1999744 B whic
NORMCHK rows= 128 cores=  8 block_h= 4 grid==shard              nonfinite=      0 max|diff|=0.04022
NORMCHK rows= 128 cores= 13 block_h= 4 grid=11x2=22!=shard13    nonfinite=  13222 max|diff|=inf
NORMCHK rows= 128 cores= 16 block_h= 4 grid=11x2=22!=shard16    nonfinite=  75155 max|diff|=inf
NORMCHK rows= 128 cores= 26 block_h= 4 grid=11x3=33!=shard26    nonfinite=  77465 max|diff|=inf
NORMCHK rows= 128 cores= 52 block_h= 4 grid=11x5=55!=shard52    nonfinite=      0 max|diff|=1.93936
NORMCHK rows= 256 cores=  1 grid==shard              BLOCKED: TT_FATAL @ /home/ttuser/dev/muse-glimmer/tt-metal/tt_metal/impl/allocator/bank_manager.cpp:462: false | info: | Out of Memory: Not enough space to allocate 3407872 B L1 buffer across 1 banks, where ea
NORMCHK rows= 256 cores=  2 grid==shard              BLOCKED: TT_FATAL @ /home/ttuser/dev/muse-glimmer/tt-metal/tt_metal/impl/allocator/bank_manager.cpp:462: false | info: | Out of Memory: Not enough space to allocate 3407872 B L1 buffer across 2 banks, where ea
NORMCHK rows= 256 cores=  4 grid==shard              BLOCKED: TT_FATAL @ /home/ttuser/dev/muse-glimmer/tt-metal/tt_metal/impl/allocator/bank_manager.cpp:462: false | info: | Out of Memory: Not enough space to allocate 3407872 B L1 buffer across 4 banks, where ea
NORMCHK rows= 256 cores=  8 grid==shard              BLOCKED: TT_THROW @ /home/ttuser/dev/muse-glimmer/tt-metal/tt_metal/impl/program/program.cpp:1722: tt::exception | info: | Statically allocated circular buffers on core range [0-0 - 7-0] grow to 2012032 B whic
NORMCHK rows= 256 cores= 13 grid=11x2=22!=shard13    BLOCKED: TT_THROW @ /home/ttuser/dev/muse-glimmer/tt-metal/tt_metal/impl/program/program.cpp:1779: tt::exception | info: | Statically allocated circular buffers in program 90 clash with L1 buffers on core rang
NORMCHK rows= 256 cores= 16 grid=11x2=22!=shard16    BLOCKED: TT_THROW @ /home/ttuser/dev/muse-glimmer/tt-metal/tt_metal/impl/program/program.cpp:1779: tt::exception | info: | Statically allocated circular buffers in program 94 clash with L1 buffers on core rang
NORMCHK rows= 256 cores= 26 block_h= 8 grid=11x3=33!=shard26    nonfinite= 152494 max|diff|=inf
NORMCHK rows= 256 cores= 52 block_h= 8 grid=11x5=55!=shard52    nonfinite=      0 max|diff|=2.08197
nanobind: leaked 3 instances!
 - leaked instance 0x79ed73dbccc8 of type "ttnn._ttnn.multi_device.MeshCoordinate"
 - leaked instance 0x79ed73dbcae8 of type "ttnn._ttnn.multi_device.MeshCoordinate"
 - leaked instance 0x79ed1fca23b8 of type "ttnn._ttnn.tensor.CoreRangeSet"
nanobind: leaked 45 types!
 - leaked type "DispatchCoreAxis"
 - leaked type "ttnn._ttnn.device.SubDeviceManagerId"
 - leaked type "MathFidelity"
 - leaked type "ttnn._ttnn.operations.matmul.MatmulMultiCoreReuseMultiCast1DProgramConfig"
 - leaked type "ttnn._ttnn.types.Shape"
 - leaked type "ttnn._ttnn.operations.matmul.MatmulInputs"
 - leaked type "ttnn._ttnn.multi_device.MeshMapperConfig"
 - leaked type "ttnn._ttnn.operations.matmul.MatmulMultiCoreReuseMultiCastBatchedDRAMShardedProgramConfig"
 - leaked type "BufferType"
 - leaked type "UnaryOpType"
 - ... skipped remainder
nanobind: leaked 372 functions!
 - leaked function ""
 - leaked function "clear_loaded_sub_device_manager"
 - leaked function "__init__"
 - leaked function ""
 - leaked function ""
 - leaked function ""
 - leaked function "__eq__"
 - leaked function ""
 - leaked function ""
 - leaked function ""
 - ... skipped remainder
nanobind: this is likely caused by a reference counting issue in the binding code.
See https://nanobind.readthedocs.io/en/latest/refleaks.html2026-08-12 10:54:11.670 | info     |    BuildKernels | JIT cache stats: 161/265 hits (60.8%) [161 cached, 57 build-once dedup, 0 merged artifacts, 0 merged genfiles] (build_cache_telemetry.cpp:207)
2026-08-12 10:54:11.670 | info     |    BuildKernels | JIT telemetry: 3 registered TelemetryTokens (build_cache_telemetry.cpp:230)
2026-08-12 10:54:11.683 | info     |          Device | Closing user mode device drivers (tt_cluster.cpp:513)
2026-08-12 10:54:11.683 | info     |             UMD | Closing devices in cluster (cluster.cpp:1197)
2026-08-12 10:54:12.176 | info     |             UMD | Closing devices in cluster completed. (cluster.cpp:1206)
2026-08-12 10:54:12.176 | info     |             UMD | Cluster destructor started. (cluster.cpp:912)
2026-08-12 10:54:12.176 | info     |             UMD | Cluster destructor completed. (cluster.cpp:915)
