2026-08-12 00:50:01.103 | INFO     | __main__:main:412 - Using port 8086
2026-08-12 00:50:01.104 | INFO     | tracy:run_report_setup:91 - Verifying tracy profiling tools
2026-08-12 00:50:01.114 | INFO     | tracy:run_report_setup:112 - Capture command: ('/home/ttuser/dev/muse-glimmer/tt-metal/build/tools/profiler/bin/tracy-capture -o /home/ttuser/dev/muse-glimmer/tt-metal/generated/profiler/.logs/tracy_profile_log_host.tracy -f -p 8086',)
Connecting to 127.0.0.1:8086...2026-08-12 00:50:01.119 | INFO     | __main__:main:430 - Test process started
2026-08-12 00:50:02.035 | DEBUG    | ttnn:<module>:78 - Initial ttnn.CONFIG:
Config{cache_path=/home/ttuser/.cache/ttnn,model_cache_path=/home/ttuser/.cache/ttnn/models,tmp_dir=/tmp/ttnn,enable_model_cache=false,enable_fast_runtime_mode=true,validate_program_args=false,throw_exception_on_fallback=false,enable_logging=false,enable_graph_report=false,enable_graph_python_stack_traces=false,enable_detailed_buffer_report=false,enable_detailed_tensor_report=false,enable_comparison_mode=false,comparison_mode_should_raise_exception=false,comparison_mode_pcc=0.9999,root_report_path=generated/ttnn/reports,report_name=std::nullopt,std::nullopt}
2026-08-12 00:50:02.602 | info     |          Device | Opening user mode device driver (tt_cluster.cpp:228)
2026-08-12 00:50:02.602 | info     |             UMD | Cluster constructor started. (cluster.cpp:389)
2026-08-12 00:50:02.602 | info     |             UMD | Creating TopologyDiscovery for architecture: blackhole (topology_discovery.cpp:96)
2026-08-12 00:50:02.602 | info     |             UMD | Starting topology discovery. (topology_discovery.cpp:115)
2026-08-12 00:50:02.614 | info     |             UMD | Established firmware bundle version: 19.11.0 (topology_discovery.cpp:575)
2026-08-12 00:50:02.614 | info     |             UMD | Completed topology discovery. (topology_discovery.cpp:119)
2026-08-12 00:50:02.692 | info     |             UMD | Opening local chip ids/PCIe ids: {0, 1, 2, 3}/[0, 1, 2, 3] and remote chip ids {} (cluster.cpp:173)
2026-08-12 00:50:02.692 | info     |             UMD | IOMMU: enabled (cluster.cpp:147)
2026-08-12 00:50:02.692 | info     |             UMD | KMD version: 2.10.0 (cluster.cpp:150)
2026-08-12 00:50:02.692 | info     |             UMD | Cluster constructor completed. (cluster.cpp:648)
2026-08-12 00:50:02.693 | info     |             UMD | Starting devices in cluster (cluster.cpp:1184)
2026-08-12 00:50:02.932 | info     |             UMD | Starting devices in cluster completed. (cluster.cpp:1192)
2026-08-12 00:50:03.047 | info     |     Distributed | Using auto discovery to generate mesh graph. (metal_env.cpp:437)
2026-08-12 00:50:03.047 | info     |     Distributed | Constructing control plane using auto-discovery (no mesh graph descriptor). (metal_env.cpp:499)
2026-08-12 00:50:03.047 | warning  |          Always | Unknown motherboard 'B850M-C' for chip_id=0 (bus_id=0x1) — falling back to bus_id as tray_id. Add this motherboard and its bus IDs to mobo_to_bus_ids in physical_system_discovery.cpp. (physical_system_discovery.cpp:119)
2026-08-12 00:50:03.047 | info     |          Fabric | Logical multi-mesh adjacency: intermesh degree histogram {0:1}; intra-mesh degree histograms mesh0 {2:4} (topology_mapper_utils.cpp:3329)
2026-08-12 00:50:03.047 | info     |          Fabric | Physical multi-mesh adjacency: intermesh degree histogram {0:1}; intra-mesh degree histograms mesh0 {2:4} (topology_mapper_utils.cpp:3337)
2026-08-12 00:50:03.091 | warning  |           Metal | Opening subset of mmio devices slows down UMD read/write to remote chips. If opening more devices, consider using CreateDevices API. (device_manager.cpp:264)
2026-08-12 00:50:03.098 | info     |           Metal | Profiler started on device 3 (profiler_initializer.cpp:49)
GROUP 32 o_proj   shipped_dram_then_reshard
GROUP 1 o_proj   shardspec_probe
2026-08-12 00:50:03.889 | warning  |              Op | Mismatch between computed MemoryConfig(memory_layout=TensorMemoryLayout::WIDTH_SHARDED,buffer_type=BufferType::L1,shard_spec=ShardSpec{grid=[{"start":{"x":0,"y":0},"end":{"x":10,"y":8}, {"start":{"x":0,"y":9},"end":{"x":4,"y":9}], shape=[32, 64], orientation=ShardOrientation::ROW_MAJOR},nd_shard_spec={"shard_shape":[32, 64],"grid":[{"start":{"x":0,"y":0},"end":{"x":10,"y":8}}, {"start":{"x":0,"y":9},"end":{"x":4,"y":9}}],"orientation":"ShardOrientation::ROW_MAJOR","shard_distribution_strategy":"ShardDistributionStrategy::ROUND_ROBIN_1D"},created_with_nd_shard_spec=0,per_core_allocation=0) and provided MemoryConfig(memory_layout=TensorMemoryLayout::WIDTH_SHARDED,buffer_type=BufferType::L1,shard_spec=ShardSpec{grid=[{"start":{"x":0,"y":0},"end":{"x":3,"y":1}], shape=[32, 832], orientation=ShardOrientation::ROW_MAJOR},nd_shard_spec=std::nullopt,created_with_nd_shard_spec=0,per_core_allocation=0) mem config. Using computed config. (matmul_device_operation.cpp:239)
SHARDSPEC o_proj   requested {[0-0 - 3-1]} got {[0-0 - 10-8], [0-9 - 4-9]}
GROUP 1 o_proj   search_in0w1_sw2
ADAPTED o_proj   in0_block_w=1 sub_w=2 runs
GROUP 1 o_proj   pcc_probe
PROBE o_proj   adapted_4x2 OK cos=0.999807 grid={[0-0 - 3-1]}
GROUP 16 o_proj   adapted_4x2
GROUP 32 mlp_down shipped_dram_then_reshard
GROUP 1 mlp_down shardspec_probe
2026-08-12 00:50:04.548 | warning  |              Op | Mismatch between computed MemoryConfig(memory_layout=TensorMemoryLayout::WIDTH_SHARDED,buffer_type=BufferType::L1,shard_spec=ShardSpec{grid=[{"start":{"x":0,"y":0},"end":{"x":10,"y":8}, {"start":{"x":0,"y":9},"end":{"x":4,"y":9}], shape=[32, 64], orientation=ShardOrientation::ROW_MAJOR},nd_shard_spec={"shard_shape":[32, 64],"grid":[{"start":{"x":0,"y":0},"end":{"x":10,"y":8}}, {"start":{"x":0,"y":9},"end":{"x":4,"y":9}}],"orientation":"ShardOrientation::ROW_MAJOR","shard_distribution_strategy":"ShardDistributionStrategy::ROUND_ROBIN_1D"},created_with_nd_shard_spec=0,per_core_allocation=0) and provided MemoryConfig(memory_layout=TensorMemoryLayout::WIDTH_SHARDED,buffer_type=BufferType::L1,shard_spec=ShardSpec{grid=[{"start":{"x":0,"y":0},"end":{"x":3,"y":1}], shape=[32, 832], orientation=ShardOrientation::ROW_MAJOR},nd_shard_spec=std::nullopt,created_with_nd_shard_spec=0,per_core_allocation=0) mem config. Using computed config. (matmul_device_operation.cpp:239)
SHARDSPEC mlp_down requested {[0-0 - 3-1]} got {[0-0 - 10-8], [0-9 - 4-9]}
GROUP 1 mlp_down search_in0w1_sw2
ADAPTED mlp_down in0_block_w=1 sub_w=2 runs
GROUP 1 mlp_down pcc_probe
PROBE mlp_down adapted_4x2 OK cos=0.999461 grid={[0-0 - 3-1]}
GROUP 16 mlp_down adapted_4x2
2026-08-12 00:50:04.706 | warning  |           Metal | Unable to set process priority to 0, error code: -1 (thread_pool.cpp:107)
2026-08-12 00:50:04.707 | warning  |           Metal | Unable to set process priority to 0, error code: -1 (thread_pool.cpp:107)
2026-08-12 00:50:04.707 | warning  |           Metal | Unable to set process priority to 0, error code: -1 (thread_pool.cpp:107)
2026-08-12 00:50:04.708 | warning  |           Metal | Unable to set process priority to 0, error code: -1 (thread_pool.cpp:107)
2026-08-12 00:50:04.708 | warning  |           Metal | Unable to set process priority to 0, error code: -1 (thread_pool.cpp:107)
2026-08-12 00:50:04.709 | warning  |           Metal | Unable to set process priority to 0, error code: -1 (thread_pool.cpp:107)
2026-08-12 00:50:04.710 | warning  |           Metal | Unable to set process priority to 0, error code: -1 (thread_pool.cpp:107)
2026-08-12 00:50:04.710 | warning  |           Metal | Unable to set process priority to 0, error code: -1 (thread_pool.cpp:107)
2026-08-12 00:50:04.876 | info     |           Metal | Device kernel duration perf summary (device=3): count=102, min=1923ns, avg=369781.8ns, max=1086242ns (profiler_analysis.cpp:726)
2026-08-12 00:50:04.876 | info     |           Metal | Device kernel duration perf histogram (device=3): (buckets=10, bucket_size=108500ns, range=[0..1085000), underflow(<0ns)=0, overflow(>=1085000ns)=1) (profiler_analysis.cpp:769)
2026-08-12 00:50:04.876 | info     |           Metal |   [           0 ..       108500) |########################################|       32 (profiler_analysis.cpp:774)
2026-08-12 00:50:04.876 | info     |           Metal |   [      108500 ..       217000) |#####################                   |       17 (profiler_analysis.cpp:774)
2026-08-12 00:50:04.876 | info     |           Metal |   [      217000 ..       325500) |#######################                 |       18 (profiler_analysis.cpp:774)
2026-08-12 00:50:04.876 | info     |           Metal |   [      325500 ..       434000) |                                        |        0 (profiler_analysis.cpp:774)
2026-08-12 00:50:04.876 | info     |           Metal |   [      434000 ..       542500) |                                        |        0 (profiler_analysis.cpp:774)
2026-08-12 00:50:04.876 | info     |           Metal |   [      542500 ..       651000) |                                        |        0 (profiler_analysis.cpp:774)
2026-08-12 00:50:04.876 | info     |           Metal |   [      651000 ..       759500) |#####################                   |       17 (profiler_analysis.cpp:774)
2026-08-12 00:50:04.876 | info     |           Metal |   [      759500 ..       868000) |                                        |        0 (profiler_analysis.cpp:774)
2026-08-12 00:50:04.876 | info     |           Metal |   [      868000 ..       976500) |                                        |        0 (profiler_analysis.cpp:774)
2026-08-12 00:50:04.876 | info     |           Metal |   [      976500 ..      1085000) |#####################                   |       17 (profiler_analysis.cpp:774)
nanobind: leaked 1 instances!
 - leaked instance 0x79b044121a28 of type "ttnn._ttnn.tensor.CoreRangeSet"
nanobind: leaked 13 types!
 - leaked type "ttnn._ttnn.operations.matmul.MatmulMultiCoreReuseMultiCast1DProgramConfig"
 - leaked type "ttnn._ttnn.operations.matmul.MatmulInputs"
 - leaked type "ttnn._ttnn.operations.matmul.MatmulMultiCoreReuseMultiCastBatchedDRAMShardedProgramConfig"
 - leaked type "UnaryOpType"
 - leaked type "ttnn._ttnn.operations.matmul.MatmulMultiCoreReuseOptimizedProgramFactory"
 - leaked type "ttnn._ttnn.operations.matmul.MatmulParams"
 - leaked type "ttnn._ttnn.tensor.CoreRangeSet"
 - leaked type "ttnn._ttnn.operations.matmul.MatmulMultiCoreReuseProgramConfig"
 - leaked type "ttnn._ttnn.operations.matmul.MatmulDeviceOperation"
 - leaked type "ttnn._ttnn.operations.matmul.MatmulProgramConfig"
 - ... skipped remainder
nanobind: leaked 202 functions!
 - leaked function ""
 - leaked function "unpad_from_tile"
 - leaked function "from_json"
 - leaked function ""
 - leaked function ""
 - leaked function "__init__"
 - leaked function "to_torch_with_padded_shape"
 - leaked function "to"
 - leaked function "__repr__"
 - leaked function "pad"
 - ... skipped remainder
nanobind: this is likely caused by a reference counting issue in the binding code.
See https://nanobind.readthedocs.io/en/latest/refleaks.html2026-08-12 00:50:05.349 | info     |    BuildKernels | JIT cache stats: 46/46 hits (100.0%) [46 cached, 9 build-once dedup, 0 merged artifacts, 0 merged genfiles] (build_cache_telemetry.cpp:207)
2026-08-12 00:50:05.349 | info     |    BuildKernels | JIT telemetry: 3 registered TelemetryTokens (build_cache_telemetry.cpp:230)
2026-08-12 00:50:05.361 | info     |          Device | Closing user mode device drivers (tt_cluster.cpp:513)
2026-08-12 00:50:05.361 | info     |             UMD | Closing devices in cluster (cluster.cpp:1197)
2026-08-12 00:50:05.808 | info     |             UMD | Closing devices in cluster completed. (cluster.cpp:1206)
2026-08-12 00:50:05.808 | info     |             UMD | Cluster destructor started. (cluster.cpp:912)
2026-08-12 00:50:05.808 | info     |             UMD | Cluster destructor completed. (cluster.cpp:915)

Timer resolution: 0 ns

Frames: 2
Time span: 3.96 s
Zones: 80,025
Elapsed time: 3.8 s
Saving trace... done!
Trace size 665.91 KB (16.55% ratio)
2026-08-12 00:50:05.941 | INFO     | __main__:main:469 - Copying /home/ttuser/dev/muse-glimmer/tt-metal/generated/profiler/.logs/tracy_profile_log_host.tracy to /home/ttuser/dev/muse-glimmer/tt-metal/build/profiler/build_wasm/traces/decode_sharded_out_probe_2026_08_12_00_50_05.tracy
2026-08-12 00:50:05.941 | INFO     | __main__:main:472 - Copied /home/ttuser/dev/muse-glimmer/tt-metal/generated/profiler/.logs/tracy_profile_log_host.tracy to /home/ttuser/dev/muse-glimmer/tt-metal/build/profiler/build_wasm/traces/decode_sharded_out_probe_2026_08_12_00_50_05.tracy
2026-08-12 00:50:05.941 | INFO     | __main__:main:481 - embed.tracy -> traces/decode_sharded_out_probe_2026_08_12_00_50_05.tracy
2026-08-12 00:50:05.941 | INFO     | tracy.serve_wasm:launch_server_subprocess:284 - Launching tracy web app GUI server subprocess...
2026-08-12 00:50:05.941 | INFO     | tracy.serve_wasm:launch_server_subprocess:287 - Tracy WASM web UI (open in browser): http://localhost:8080/ (WebSocket for live reload: ws://localhost:8081/)
2026-08-12 00:50:05.941 | INFO     | tracy.serve_wasm:launch_server_subprocess:294 - Tracy WASM server already serving port 8080; reusing it (live-reload refreshes the browser).
2026-08-12 00:50:05.979 | INFO     | tracy:generate_report:162 - Host side ops time report generated at /home/ttuser/dev/muse-glimmer/tt-metal/generated/profiler/.logs/tracy_ops_times.csv
2026-08-12 00:50:05.982 | INFO     | tracy:generate_report:173 - Host side ops data report generated at /home/ttuser/dev/muse-glimmer/tt-metal/generated/profiler/.logs/tracy_ops_data.csv
2026-08-12 00:50:05.982 | INFO     | tracy.process_ops_logs:import_tracy_op_logs:422 - Importing ops logs
2026-08-12 00:50:06.063 | INFO     | tracy.perf_counter_analysis:get_device_op_data:2140 - Getting device ops
2026-08-12 00:50:06.063 | INFO     | tracy.process_ops_logs:append_device_data:1086 - Appending device data
2026-08-12 00:50:06.150 | INFO     | tracy.process_ops_logs:generate_reports:1419 - OPs' perf analysis is finished! Generating reports ...
2026-08-12 00:50:06.150 | INFO     | tracy.process_ops_logs:generate_reports:1439 - Copying runtime artifacts
2026-08-12 00:50:06.156 | INFO     | tracy.process_ops_logs:generate_reports:1448 - Generating OPs CSV
2026-08-12 00:50:06.182 | INFO     | tracy.process_ops_logs:generate_reports:1904 - OPs csv generated at: /home/ttuser/dev/muse-glimmer/tt-metal/generated/profiler/reports/2026_08_12_00_50_06/ops_perf_results_2026_08_12_00_50_06.csv
