2026-07-29 09:09:24.975 | DEBUG    | ttnn:<module>:79 - Initial ttnn.CONFIG:
Config{cache_path=/home/mvasiljevic/.cache/ttnn,model_cache_path=/home/mvasiljevic/.cache/ttnn/models,tmp_dir=/tmp/ttnn,enable_model_cache=false,enable_fast_runtime_mode=true,throw_exception_on_fallback=false,enable_logging=false,enable_graph_report=false,enable_graph_python_stack_traces=false,enable_detailed_buffer_report=false,enable_detailed_tensor_report=false,enable_comparison_mode=false,comparison_mode_should_raise_exception=false,comparison_mode_pcc=0.9999,root_report_path=generated/ttnn/reports,report_name=std::nullopt,std::nullopt}
[transformers] The fast path is not available because one of the required library is not installed. Falling back to torch implementation. To install follow https://github.com/fla-org/flash-linear-attention#installation and https://github.com/Dao-AILab/causal-conv1d
2026-07-29 09:09:25.629 | info     |          Device | Opening user mode device driver (tt_cluster.cpp:228)
2026-07-29 09:09:25.629 | info     |             UMD | Cluster constructor started. (cluster.cpp:348)
2026-07-29 09:09:25.629 | info     |             UMD | Creating TopologyDiscovery for architecture: blackhole (topology_discovery.cpp:91)
2026-07-29 09:09:25.629 | info     |             UMD | Starting topology discovery. (topology_discovery.cpp:110)
2026-07-29 09:09:25.630 | info     |             UMD | Established firmware bundle version: 19.8.0 (topology_discovery.cpp:569)
2026-07-29 09:09:25.631 | info     |             UMD | Firmware bundle version 19.8.0 on the system is newer than the latest fully tested version 19.5.0 for blackhole architecture. Newest features may not be supported. (topology_discovery.cpp:601)
2026-07-29 09:09:25.634 | info     |             UMD | Completed topology discovery. (topology_discovery.cpp:114)
2026-07-29 09:09:25.858 | info     |             UMD | Opening local chip ids/PCIe ids: {0, 1, 2, 3}/[0, 1, 2, 3] and remote chip ids {} (cluster.cpp:168)
2026-07-29 09:09:25.858 | info     |             UMD | IOMMU: enabled (cluster.cpp:142)
2026-07-29 09:09:25.858 | info     |             UMD | KMD version: 2.8.0 (cluster.cpp:145)
2026-07-29 09:09:25.858 | info     |             UMD | Cluster constructor completed. (cluster.cpp:520)
2026-07-29 09:09:25.860 | info     |             UMD | Starting devices in cluster (cluster.cpp:1024)
2026-07-29 09:09:26.038 | info     |             UMD | Starting devices in cluster completed. (cluster.cpp:1032)
2026-07-29 09:09:26.167 | DEBUG    | ttnn.device:__init__:152 - Using default dispatch core type for this system: DispatchCoreType.WORKER
2026-07-29 09:09:26.167 | DEBUG    | ttnn.device:__init__:154 - Using default dispatch core axis for this system: DispatchCoreAxis.COL
2026-07-29 09:09:26.167 | info     |     Distributed | Using auto discovery to generate mesh graph. (metal_env.cpp:367)
2026-07-29 09:09:26.167 | info     |     Distributed | Constructing control plane using auto-discovery (no mesh graph descriptor). (metal_env.cpp:429)
2026-07-29 09:09:26.167 | warning  |          Always | Unknown motherboard 'B850M-C' for chip_id=0 (bus_id=0x1) — falling back to bus_id as tray_id. Add this motherboard and its bus IDs to mobo_to_bus_ids in physical_system_discovery.cpp. (physical_system_discovery.cpp:89)
2026-07-29 09:09:26.167 | warning  |          Always | Unknown motherboard 'B850M-C' for chip_id=1 (bus_id=0x2) — falling back to bus_id as tray_id. Add this motherboard and its bus IDs to mobo_to_bus_ids in physical_system_discovery.cpp. (physical_system_discovery.cpp:89)
2026-07-29 09:09:26.167 | warning  |          Always | Unknown motherboard 'B850M-C' for chip_id=2 (bus_id=0x3) — falling back to bus_id as tray_id. Add this motherboard and its bus IDs to mobo_to_bus_ids in physical_system_discovery.cpp. (physical_system_discovery.cpp:89)
2026-07-29 09:09:26.167 | warning  |          Always | Unknown motherboard 'B850M-C' for chip_id=3 (bus_id=0x4) — falling back to bus_id as tray_id. Add this motherboard and its bus IDs to mobo_to_bus_ids in physical_system_discovery.cpp. (physical_system_discovery.cpp:89)
2026-07-29 09:09:26.167 | warning  |          Always | Unknown motherboard 'B850M-C' for chip_id=1 (bus_id=0x2) — falling back to bus_id as tray_id. Add this motherboard and its bus IDs to mobo_to_bus_ids in physical_system_discovery.cpp. (physical_system_discovery.cpp:89)
2026-07-29 09:09:26.167 | warning  |          Always | Unknown motherboard 'B850M-C' for chip_id=2 (bus_id=0x3) — falling back to bus_id as tray_id. Add this motherboard and its bus IDs to mobo_to_bus_ids in physical_system_discovery.cpp. (physical_system_discovery.cpp:89)
2026-07-29 09:09:26.167 | warning  |          Always | Unknown motherboard 'B850M-C' for chip_id=0 (bus_id=0x1) — falling back to bus_id as tray_id. Add this motherboard and its bus IDs to mobo_to_bus_ids in physical_system_discovery.cpp. (physical_system_discovery.cpp:89)
2026-07-29 09:09:26.167 | warning  |          Always | Unknown motherboard 'B850M-C' for chip_id=3 (bus_id=0x4) — falling back to bus_id as tray_id. Add this motherboard and its bus IDs to mobo_to_bus_ids in physical_system_discovery.cpp. (physical_system_discovery.cpp:89)
2026-07-29 09:09:26.167 | info     |          Fabric | Logical multi-mesh adjacency: intermesh degree histogram {0:1}; intra-mesh degree histograms mesh0 {1:2, 2:2} (topology_mapper_utils.cpp:2342)
2026-07-29 09:09:26.167 | info     |          Fabric | Physical multi-mesh adjacency: intermesh degree histogram {0:1}; intra-mesh degree histograms mesh0 {1:2, 2:2} (topology_mapper_utils.cpp:2350)
2026-07-29 09:09:26.219 | info     |       LLRuntime | Watcher log file: models/autoports/qwen_qwen3_6_27b/doc/functional_decoder/watcher10/linear_b32/generated/watcher/watcher.log (watcher_server.cpp:286)
2026-07-29 09:09:26.219 | info     |       LLRuntime | Watcher attached device 0 (watcher_server.cpp:132)
2026-07-29 09:09:26.219 | info     |       LLRuntime | Watcher attached device 1 (watcher_server.cpp:132)
2026-07-29 09:09:26.219 | info     |       LLRuntime | Watcher attached device 2 (watcher_server.cpp:132)
2026-07-29 09:09:26.219 | info     |       LLRuntime | Watcher attached device 3 (watcher_server.cpp:132)
2026-07-29 09:09:26.219 | info     |       LLRuntime | Watcher server initialized, disabled features: ETH (watcher_server.cpp:547)
2026-07-29 09:09:26.219 | warning  |           Metal | Opening subset of mmio devices slows down UMD read/write to remote chips. If opening more devices, consider using CreateDevices API. (device_manager.cpp:261)
2026-07-29 09:09:26.219 | info     |           Metal | Watcher checking device 0 (watcher_device_reader.cpp:393)
2026-07-29 09:09:26.223 | info     |           Metal | Watcher checking device 1 (watcher_device_reader.cpp:393)
2026-07-29 09:09:26.227 | info     |           Metal | Watcher checking device 2 (watcher_device_reader.cpp:393)
2026-07-29 09:09:26.232 | info     |           Metal | Watcher checking device 3 (watcher_device_reader.cpp:393)
2026-07-29 09:09:26.273 | info     |           Metal | ShmResourceTracker: removed orphaned shm '/tt_device_154095681929601_memory' (shm_resource_tracker.cpp:282)
2026-07-29 09:09:26.852 | info     |           Metal | [Real-time profiler] Device 2 sync complete: 100 samples, frequency=1.349982 GHz, device_time_at_sync=231115797438 cycles (realtime_profiler_manager.cpp:1127)
2026-07-29 09:09:28.099 | INFO     | tracy:signpost:49 - PERF_DECODE
2026-07-29 09:09:28.338 | INFO     | tracy:signpost:49 - PERF_DECODE_END
LINEAR_TRACED_SYNTHETIC_PCC batch=32 step=1 0.9999679986989224
LINEAR_TRACED_SYNTHETIC_PCC batch=32 step=2 0.9999908461255781
LINEAR_TRACED_SYNTHETIC_LATENCY batch=32 median_ms=116.565598 min_ms=116.565598
nanobind: leaked 2 instances!
 - leaked instance 0x7bc7c21449a8 of type "ttnn._ttnn.tensor.CoreRangeSet"
 - leaked instance 0x7bc7ceaa37f8 of type "ttnn._ttnn.device.DispatchCoreConfig"
nanobind: leaked 42 types!
 - leaked type "DispatchCoreAxis"
 - leaked type "ttnn._ttnn.device.SubDeviceManagerId"
 - leaked type "MathFidelity"
 - leaked type "ttnn._ttnn.operations.matmul.MatmulMultiCoreReuseMultiCast1DProgramConfig"
 - leaked type "ttnn._ttnn.types.Shape"
 - leaked type "ttnn._ttnn.operations.matmul.MatmulInputs"
 - leaked type "ttnn._ttnn.operations.matmul.MatmulMultiCoreReuseMultiCastBatchedDRAMShardedProgramConfig"
 - leaked type "BufferType"
 - leaked type "UnaryOpType"
 - leaked type "Layout"
 - ... skipped remainder
nanobind: leaked 343 functions!
 - leaked function "enable_program_cache"
 - leaked function ""
 - leaked function "experimental_per_core_buffer_address"
 - leaked function "__iter__"
 - leaked function "EnableMemoryReports"
 - leaked function ""
 - leaked function ""
 - leaked function "CloseDevices"
 - leaked function "get_optimal_dram_bank_to_logical_worker_assignment"
 - leaked function ""
 - ... skipped remainder
nanobind: this is likely caused by a reference counting issue in the binding code.
See https://nanobind.readthedocs.io/en/latest/refleaks.html2026-07-29 09:09:29.278 | info     |    BuildKernels | JIT cache stats: 333/333 hits (100.0%) [333 cached, 53 build-once dedup, 0 merged artifacts, 0 merged genfiles] (build_cache_telemetry.cpp:207)
2026-07-29 09:09:29.278 | info     |    BuildKernels | JIT telemetry: 3 registered TelemetryTokens (build_cache_telemetry.cpp:230)
2026-07-29 09:09:29.278 | info     |       LLRuntime | Watcher thread stopped watching... (watcher_server.cpp:595)
2026-07-29 09:09:29.278 | info     |       LLRuntime | Watcher detached device 0 (watcher_server.cpp:181)
2026-07-29 09:09:29.278 | info     |       LLRuntime | Watcher detached device 1 (watcher_server.cpp:181)
2026-07-29 09:09:29.279 | info     |       LLRuntime | Watcher detached device 2 (watcher_server.cpp:181)
2026-07-29 09:09:29.279 | info     |       LLRuntime | Watcher detached device 3 (watcher_server.cpp:181)
2026-07-29 09:09:29.287 | info     |          Device | Closing user mode device drivers (tt_cluster.cpp:512)
2026-07-29 09:09:29.287 | info     |             UMD | Closing devices in cluster (cluster.cpp:1037)
2026-07-29 09:09:29.875 | info     |             UMD | Closing devices in cluster completed. (cluster.cpp:1046)
2026-07-29 09:09:29.875 | info     |             UMD | Cluster destructor started. (cluster.cpp:754)
2026-07-29 09:09:29.875 | info     |             UMD | Cluster destructor completed. (cluster.cpp:757)
