2026-07-29 08:21:56.572 | DEBUG    | ttnn:<module>:79 - Initial ttnn.CONFIG:
Config{cache_path=/home/mvasiljevic/.cache/ttnn,model_cache_path=/home/mvasiljevic/.cache/ttnn/models,tmp_dir=/tmp/ttnn,enable_model_cache=false,enable_fast_runtime_mode=true,throw_exception_on_fallback=false,enable_logging=false,enable_graph_report=false,enable_graph_python_stack_traces=false,enable_detailed_buffer_report=false,enable_detailed_tensor_report=false,enable_comparison_mode=false,comparison_mode_should_raise_exception=false,comparison_mode_pcc=0.9999,root_report_path=generated/ttnn/reports,report_name=std::nullopt,std::nullopt}
2026-07-29 08:21:57.439 | info     |          Device | Opening user mode device driver (tt_cluster.cpp:228)
2026-07-29 08:21:57.439 | info     |             UMD | Cluster constructor started. (cluster.cpp:348)
2026-07-29 08:21:57.439 | info     |             UMD | Creating TopologyDiscovery for architecture: blackhole (topology_discovery.cpp:91)
2026-07-29 08:21:57.439 | info     |             UMD | Starting topology discovery. (topology_discovery.cpp:110)
2026-07-29 08:21:57.440 | info     |             UMD | Established firmware bundle version: 19.8.0 (topology_discovery.cpp:569)
2026-07-29 08:21:57.440 | info     |             UMD | Firmware bundle version 19.8.0 on the system is newer than the latest fully tested version 19.5.0 for blackhole architecture. Newest features may not be supported. (topology_discovery.cpp:601)
2026-07-29 08:21:57.444 | info     |             UMD | Completed topology discovery. (topology_discovery.cpp:114)
2026-07-29 08:21:57.667 | info     |             UMD | Opening local chip ids/PCIe ids: {0, 1, 2, 3}/[0, 1, 2, 3] and remote chip ids {} (cluster.cpp:168)
2026-07-29 08:21:57.667 | info     |             UMD | IOMMU: enabled (cluster.cpp:142)
2026-07-29 08:21:57.667 | info     |             UMD | KMD version: 2.8.0 (cluster.cpp:145)
2026-07-29 08:21:57.667 | info     |             UMD | Cluster constructor completed. (cluster.cpp:520)
2026-07-29 08:21:57.669 | info     |             UMD | Starting devices in cluster (cluster.cpp:1024)
2026-07-29 08:21:57.896 | info     |             UMD | Starting devices in cluster completed. (cluster.cpp:1032)
2026-07-29 08:21:58.027 | DEBUG    | ttnn.device:__init__:152 - Using default dispatch core type for this system: DispatchCoreType.WORKER
2026-07-29 08:21:58.027 | DEBUG    | ttnn.device:__init__:154 - Using default dispatch core axis for this system: DispatchCoreAxis.COL
2026-07-29 08:21:58.027 | info     |     Distributed | Using auto discovery to generate mesh graph. (metal_env.cpp:367)
2026-07-29 08:21:58.027 | info     |     Distributed | Constructing control plane using auto-discovery (no mesh graph descriptor). (metal_env.cpp:429)
2026-07-29 08:21:58.027 | warning  |          Always | Unknown motherboard 'B850M-C' for chip_id=0 (bus_id=0x1) — falling back to bus_id as tray_id. Add this motherboard and its bus IDs to mobo_to_bus_ids in physical_system_discovery.cpp. (physical_system_discovery.cpp:89)
2026-07-29 08:21:58.027 | warning  |          Always | Unknown motherboard 'B850M-C' for chip_id=1 (bus_id=0x2) — falling back to bus_id as tray_id. Add this motherboard and its bus IDs to mobo_to_bus_ids in physical_system_discovery.cpp. (physical_system_discovery.cpp:89)
2026-07-29 08:21:58.027 | warning  |          Always | Unknown motherboard 'B850M-C' for chip_id=2 (bus_id=0x3) — falling back to bus_id as tray_id. Add this motherboard and its bus IDs to mobo_to_bus_ids in physical_system_discovery.cpp. (physical_system_discovery.cpp:89)
2026-07-29 08:21:58.027 | warning  |          Always | Unknown motherboard 'B850M-C' for chip_id=3 (bus_id=0x4) — falling back to bus_id as tray_id. Add this motherboard and its bus IDs to mobo_to_bus_ids in physical_system_discovery.cpp. (physical_system_discovery.cpp:89)
2026-07-29 08:21:58.027 | warning  |          Always | Unknown motherboard 'B850M-C' for chip_id=1 (bus_id=0x2) — falling back to bus_id as tray_id. Add this motherboard and its bus IDs to mobo_to_bus_ids in physical_system_discovery.cpp. (physical_system_discovery.cpp:89)
2026-07-29 08:21:58.027 | warning  |          Always | Unknown motherboard 'B850M-C' for chip_id=0 (bus_id=0x1) — falling back to bus_id as tray_id. Add this motherboard and its bus IDs to mobo_to_bus_ids in physical_system_discovery.cpp. (physical_system_discovery.cpp:89)
2026-07-29 08:21:58.027 | warning  |          Always | Unknown motherboard 'B850M-C' for chip_id=2 (bus_id=0x3) — falling back to bus_id as tray_id. Add this motherboard and its bus IDs to mobo_to_bus_ids in physical_system_discovery.cpp. (physical_system_discovery.cpp:89)
2026-07-29 08:21:58.027 | warning  |          Always | Unknown motherboard 'B850M-C' for chip_id=3 (bus_id=0x4) — falling back to bus_id as tray_id. Add this motherboard and its bus IDs to mobo_to_bus_ids in physical_system_discovery.cpp. (physical_system_discovery.cpp:89)
2026-07-29 08:21:58.027 | info     |          Fabric | Logical multi-mesh adjacency: intermesh degree histogram {0:1}; intra-mesh degree histograms mesh0 {2:4} (topology_mapper_utils.cpp:2342)
2026-07-29 08:21:58.027 | info     |          Fabric | Physical multi-mesh adjacency: intermesh degree histogram {0:1}; intra-mesh degree histograms mesh0 {2:4} (topology_mapper_utils.cpp:2350)
2026-07-29 08:21:58.631 | info     |       LLRuntime | Watcher log file: models/autoports/qwen_qwen3_6_27b/doc/functional_decoder/watcher/full_attention_b32/generated/watcher/watcher.log (watcher_server.cpp:286)
2026-07-29 08:21:58.631 | info     |       LLRuntime | Watcher attached device 0 (watcher_server.cpp:132)
2026-07-29 08:21:58.631 | info     |       LLRuntime | Watcher attached device 1 (watcher_server.cpp:132)
2026-07-29 08:21:58.631 | info     |       LLRuntime | Watcher attached device 2 (watcher_server.cpp:132)
2026-07-29 08:21:58.631 | info     |       LLRuntime | Watcher attached device 3 (watcher_server.cpp:132)
2026-07-29 08:21:58.631 | info     |       LLRuntime | Watcher server initialized, disabled features: ETH (watcher_server.cpp:547)
2026-07-29 08:21:58.631 | info     |           Metal | Watcher checking device 0 (watcher_device_reader.cpp:393)
2026-07-29 08:21:58.631 | warning  |           Metal | Opening subset of mmio devices slows down UMD read/write to remote chips. If opening more devices, consider using CreateDevices API. (device_manager.cpp:261)
2026-07-29 08:21:58.635 | info     |           Metal | Watcher checking device 1 (watcher_device_reader.cpp:393)
2026-07-29 08:21:58.639 | info     |           Metal | Watcher checking device 2 (watcher_device_reader.cpp:393)
2026-07-29 08:21:58.643 | info     |           Metal | Watcher checking device 3 (watcher_device_reader.cpp:393)
2026-07-29 08:21:59.915 | info     |           Metal | ShmResourceTracker: removed orphaned shm '/tt_device_154095681929600_memory' (shm_resource_tracker.cpp:282)
2026-07-29 08:22:00.648 | info     |           Metal | Watcher checking device 0 (watcher_device_reader.cpp:393)
2026-07-29 08:22:00.653 | info     |           Metal | Watcher checking device 1 (watcher_device_reader.cpp:393)
2026-07-29 08:22:00.657 | info     |           Metal | Watcher checking device 2 (watcher_device_reader.cpp:393)
2026-07-29 08:22:00.661 | info     |           Metal | Watcher checking device 3 (watcher_device_reader.cpp:393)
2026-07-29 08:22:00.924 | info     |           Metal | [Real-time profiler] Device 3 sync complete: 100 samples, frequency=1.349986 GHz, device_time_at_sync=438884573836272 cycles (realtime_profiler_manager.cpp:1127)
2026-07-29 08:22:02.667 | info     |           Metal | Watcher checking device 0 (watcher_device_reader.cpp:393)
2026-07-29 08:22:02.671 | info     |           Metal | Watcher checking device 1 (watcher_device_reader.cpp:393)
2026-07-29 08:22:02.675 | info     |           Metal | Watcher checking device 2 (watcher_device_reader.cpp:393)
2026-07-29 08:22:02.679 | info     |           Metal | Watcher checking device 3 (watcher_device_reader.cpp:393)
2026-07-29 08:22:04.685 | info     |           Metal | Watcher checking device 0 (watcher_device_reader.cpp:393)
2026-07-29 08:22:04.690 | info     |           Metal | Watcher checking device 1 (watcher_device_reader.cpp:393)
2026-07-29 08:22:04.694 | info     |           Metal | Watcher checking device 2 (watcher_device_reader.cpp:393)
2026-07-29 08:22:04.698 | info     |           Metal | Watcher checking device 3 (watcher_device_reader.cpp:393)
2026-07-29 08:22:06.703 | info     |           Metal | Watcher checking device 0 (watcher_device_reader.cpp:393)
2026-07-29 08:22:06.708 | info     |           Metal | Watcher checking device 1 (watcher_device_reader.cpp:393)
2026-07-29 08:22:06.712 | info     |           Metal | Watcher checking device 2 (watcher_device_reader.cpp:393)
2026-07-29 08:22:06.716 | info     |           Metal | Watcher checking device 3 (watcher_device_reader.cpp:393)
2026-07-29 08:22:08.722 | info     |           Metal | Watcher checking device 0 (watcher_device_reader.cpp:393)
2026-07-29 08:22:08.726 | info     |           Metal | Watcher checking device 1 (watcher_device_reader.cpp:393)
2026-07-29 08:22:08.730 | info     |           Metal | Watcher checking device 2 (watcher_device_reader.cpp:393)
2026-07-29 08:22:08.735 | info     |           Metal | Watcher checking device 3 (watcher_device_reader.cpp:393)
2026-07-29 08:22:10.740 | info     |           Metal | Watcher checking device 0 (watcher_device_reader.cpp:393)
2026-07-29 08:22:10.744 | info     |           Metal | Watcher checking device 1 (watcher_device_reader.cpp:393)
2026-07-29 08:22:10.749 | info     |           Metal | Watcher checking device 2 (watcher_device_reader.cpp:393)
2026-07-29 08:22:10.753 | info     |           Metal | Watcher checking device 3 (watcher_device_reader.cpp:393)
2026-07-29 08:22:12.758 | info     |           Metal | Watcher checking device 0 (watcher_device_reader.cpp:393)
2026-07-29 08:22:12.763 | info     |           Metal | Watcher checking device 1 (watcher_device_reader.cpp:393)
2026-07-29 08:22:12.767 | info     |           Metal | Watcher checking device 2 (watcher_device_reader.cpp:393)
2026-07-29 08:22:12.771 | info     |           Metal | Watcher checking device 3 (watcher_device_reader.cpp:393)
2026-07-29 08:22:14.776 | info     |           Metal | Watcher checking device 0 (watcher_device_reader.cpp:393)
2026-07-29 08:22:14.781 | info     |           Metal | Watcher checking device 1 (watcher_device_reader.cpp:393)
2026-07-29 08:22:14.785 | info     |           Metal | Watcher checking device 2 (watcher_device_reader.cpp:393)
2026-07-29 08:22:14.789 | info     |           Metal | Watcher checking device 3 (watcher_device_reader.cpp:393)
2026-07-29 08:22:15.764 | INFO     | tracy:signpost:49 - PERF_DECODE
2026-07-29 08:22:15.790 | INFO     | tracy:signpost:49 - PERF_DECODE_END
FULL_DECODE_OUTPUT (1, 1, 32, 5120) (1, 1, 32, 5120)
FULL_DECODE_TRACED_SMOKE_OK (1, 1, 32, 5120) eager_pcc=1.000000000 replay_pcc=1.000000000 batch=32 iterations=2 median_ms=13.031638 min_ms=13.031638
nanobind: leaked 1 instances!
 - leaked instance 0x7cbfc1637618 of type "ttnn._ttnn.tensor.CoreRangeSet"
nanobind: leaked 13 types!
 - leaked type "ttnn._ttnn.operations.matmul.MatmulMultiCoreReuseMultiCast1DProgramConfig"
 - leaked type "ttnn._ttnn.operations.matmul.MatmulInputs"
 - leaked type "ttnn._ttnn.operations.matmul.MatmulMultiCoreReuseMultiCastBatchedDRAMShardedProgramConfig"
 - leaked type "UnaryOpType"
 - leaked type "ttnn._ttnn.operations.matmul.MatmulMultiCoreReuseOptimizedProgramFactory"
 - leaked type "ttnn._ttnn.operations.matmul.MatmulParams"
 - leaked type "ttnn._ttnn.tensor.CoreRangeSet"
 - leaked type "ttnn._ttnn.operations.matmul.MatmulMultiCoreReuseProgramConfig"
 - leaked type "ttnn._ttnn.operations.matmul.MatmulDeviceOperation"
 - leaked type "ttnn._ttnn.tensor.Tensor"
 - ... skipped remainder
nanobind: leaked 199 functions!
 - leaked function "to_json"
 - leaked function "contains"
 - leaked function "reshape"
 - leaked function ""
 - leaked function "buffer_num_pages"
 - leaked function "compute_program_hash"
 - leaked function ""
 - leaked function "to_json"
 - leaked function ""
 - leaked function "pad_to_tile"
 - ... skipped remainder
nanobind: this is likely caused by a reference counting issue in the binding code.
See https://nanobind.readthedocs.io/en/latest/refleaks.html2026-07-29 08:22:16.610 | info     |    BuildKernels | JIT cache stats: 0/195 hits (0.0%) [0 cached, 55 build-once dedup, 0 merged artifacts, 0 merged genfiles] (build_cache_telemetry.cpp:207)
2026-07-29 08:22:16.610 | info     |    BuildKernels | JIT telemetry: 2 registered TelemetryTokens (build_cache_telemetry.cpp:230)
2026-07-29 08:22:16.611 | info     |       LLRuntime | Watcher thread stopped watching... (watcher_server.cpp:595)
2026-07-29 08:22:16.611 | info     |       LLRuntime | Watcher detached device 0 (watcher_server.cpp:181)
2026-07-29 08:22:16.611 | info     |       LLRuntime | Watcher detached device 1 (watcher_server.cpp:181)
2026-07-29 08:22:16.611 | info     |       LLRuntime | Watcher detached device 2 (watcher_server.cpp:181)
2026-07-29 08:22:16.611 | info     |       LLRuntime | Watcher detached device 3 (watcher_server.cpp:181)
2026-07-29 08:22:16.622 | info     |          Device | Closing user mode device drivers (tt_cluster.cpp:512)
2026-07-29 08:22:16.622 | info     |             UMD | Closing devices in cluster (cluster.cpp:1037)
2026-07-29 08:22:17.227 | info     |             UMD | Closing devices in cluster completed. (cluster.cpp:1046)
2026-07-29 08:22:17.227 | info     |             UMD | Cluster destructor started. (cluster.cpp:754)
2026-07-29 08:22:17.227 | info     |             UMD | Cluster destructor completed. (cluster.cpp:757)
