=== date ===
Wed Aug 26 19:10:54 UTC 2026
[New LWP 133998]
[New LWP 133999]
[New LWP 134000]
[New LWP 134001]
[New LWP 134002]
[New LWP 134003]
[New LWP 134004]
[New LWP 134005]
[New LWP 134006]
[New LWP 134007]
[New LWP 134008]
[New LWP 134009]
[New LWP 134010]
[New LWP 134011]
[New LWP 134012]
[New LWP 134013]
[New LWP 134014]
[New LWP 134015]
[New LWP 134016]
[New LWP 134017]
[New LWP 134018]
[New LWP 134019]
[New LWP 134020]
[New LWP 134021]
[New LWP 134022]
[New LWP 134023]
[New LWP 134024]
[New LWP 134025]
[New LWP 134026]
[New LWP 134027]
[New LWP 134028]
[New LWP 134029]
[New LWP 134030]
[New LWP 134031]
[New LWP 134032]
[New LWP 134033]
[New LWP 134034]
[New LWP 134035]
[New LWP 134036]
[New LWP 134037]
[New LWP 134038]
[New LWP 134039]
[New LWP 134040]
[New LWP 134041]
[New LWP 134042]
[New LWP 134043]
[New LWP 134044]
[New LWP 134045]
[New LWP 134046]
[New LWP 134047]
[New LWP 134048]
[New LWP 134049]
[New LWP 134050]
[New LWP 134051]
[New LWP 134052]
[New LWP 134053]
[New LWP 134054]
[New LWP 134055]
[New LWP 134056]
[New LWP 134057]
[New LWP 134058]
[New LWP 134059]
[New LWP 134060]
[New LWP 134097]
[New LWP 134098]
[New LWP 134099]
[New LWP 134100]
[New LWP 134107]
[New LWP 134108]
[New LWP 134109]
[New LWP 134110]
[New LWP 134111]
[New LWP 134112]
[New LWP 134113]
[New LWP 134114]
[New LWP 134115]
[New LWP 134116]
[New LWP 134117]
[New LWP 134118]
[New LWP 134119]
[New LWP 134120]
[New LWP 134121]
[New LWP 134122]
[New LWP 134123]
[New LWP 134124]
[New LWP 134125]
[New LWP 134126]
[New LWP 134127]
[New LWP 134128]
[New LWP 134129]
[New LWP 134130]
[New LWP 134131]
[New LWP 134132]
[New LWP 134133]
[New LWP 134134]
[New LWP 134135]
[New LWP 134136]
[New LWP 134137]
[New LWP 134138]
[New LWP 134139]
[New LWP 134140]
[New LWP 134141]
[New LWP 134142]
[New LWP 134143]
[New LWP 134144]
[New LWP 134145]
[New LWP 134146]
[New LWP 134147]
[New LWP 134148]
[New LWP 134149]
[New LWP 134150]
[New LWP 134151]
[New LWP 134152]
[New LWP 134153]
[New LWP 134154]
[New LWP 134155]
[New LWP 134156]
[New LWP 134157]
[New LWP 134158]
[New LWP 134159]
[New LWP 134160]
[New LWP 134161]
[New LWP 134162]
[New LWP 134163]
[New LWP 134164]
[New LWP 134165]
[New LWP 134166]
[New LWP 134167]
[New LWP 134168]
[New LWP 134169]
[New LWP 134234]
[New LWP 134497]
[New LWP 134498]
[New LWP 134499]
[New LWP 134500]
[New LWP 134501]
[New LWP 134502]
[New LWP 134503]
[New LWP 134504]
[New LWP 134505]
[New LWP 134506]
[New LWP 134507]
[New LWP 134508]
[New LWP 134509]
[New LWP 134510]
[New LWP 134511]
[New LWP 134512]
[New LWP 134513]
[New LWP 134514]
[New LWP 134515]
[New LWP 134516]
[New LWP 134517]
[New LWP 134518]
[New LWP 134519]
[New LWP 134520]
[New LWP 134521]
[New LWP 134522]
[New LWP 134523]
[New LWP 134524]
[New LWP 134525]
[New LWP 134526]
[New LWP 134527]
[New LWP 134549]
[New LWP 134550]
[New LWP 134551]
[New LWP 134552]
[New LWP 134553]
[New LWP 134554]
[New LWP 134555]
[New LWP 134556]
[New LWP 134557]
[New LWP 134558]
[New LWP 134559]
[New LWP 134560]
[New LWP 134561]
[New LWP 134562]
[New LWP 134563]
[New LWP 134564]
[New LWP 134565]
[New LWP 134566]
[New LWP 134567]
[New LWP 134568]
[New LWP 134569]
[New LWP 134570]
[New LWP 134571]
[New LWP 134572]
[New LWP 134573]
[New LWP 134574]
[New LWP 134575]
[New LWP 134576]
[New LWP 134577]
[New LWP 134578]
[New LWP 134579]
[New LWP 134580]
[New LWP 134581]
[New LWP 134582]
[New LWP 134583]
[New LWP 134584]
[New LWP 134585]
[New LWP 134586]
[New LWP 134587]
[New LWP 134588]
[New LWP 134589]
[New LWP 134590]
[New LWP 134591]
[New LWP 134592]
[New LWP 134593]
[New LWP 134594]
[New LWP 134595]
[New LWP 134596]
[New LWP 134597]
[New LWP 134598]
[New LWP 134599]
[New LWP 134600]
[New LWP 134601]
[New LWP 134602]
[New LWP 134603]
[New LWP 134604]
[New LWP 134605]
[New LWP 134606]
[New LWP 134607]
[New LWP 134608]
[New LWP 134609]
[New LWP 134610]
[New LWP 134611]
[New LWP 134612]
[New LWP 134613]
[New LWP 134614]
[New LWP 134651]
[New LWP 134652]
[New LWP 134653]
[New LWP 134654]
[New LWP 134655]
[New LWP 134656]
[New LWP 134657]
[New LWP 134658]
[New LWP 134659]
[New LWP 134660]
[New LWP 134661]
[New LWP 134662]
[New LWP 134663]
[New LWP 134664]
[New LWP 134665]
[New LWP 134666]
[New LWP 134667]
[New LWP 134668]
[New LWP 134669]
[New LWP 134670]
[New LWP 134671]
[New LWP 134672]
[New LWP 134673]
[New LWP 134674]
[New LWP 134675]
[New LWP 134676]
[New LWP 134677]
[New LWP 134678]
[New LWP 134679]
[New LWP 134680]
[New LWP 134681]
[New LWP 134682]
[New LWP 134683]
[New LWP 134684]
[New LWP 134685]
[New LWP 134686]
[New LWP 134687]
[New LWP 134688]
[New LWP 134689]
[New LWP 134690]
[New LWP 134691]
[New LWP 134692]
[New LWP 134693]
[New LWP 134694]
[New LWP 134695]
[New LWP 134696]
[New LWP 134697]
[New LWP 134698]
[New LWP 134699]
[New LWP 134700]
[New LWP 134701]
[New LWP 134702]
[New LWP 134703]
[New LWP 134704]
[New LWP 134705]
[New LWP 134706]
[New LWP 134707]
[New LWP 134708]
[New LWP 134709]
[New LWP 134710]
[New LWP 134711]
[New LWP 134712]
[New LWP 134713]
[New LWP 134714]
[New LWP 134715]
[New LWP 134786]
[New LWP 134787]

warning: Cannot parse .gnu_debugdata section; LZMA support was disabled at compile time

warning: Cannot parse .gnu_debugdata section; LZMA support was disabled at compile time

warning: Cannot parse .gnu_debugdata section; LZMA support was disabled at compile time

warning: Cannot parse .gnu_debugdata section; LZMA support was disabled at compile time
[Thread debugging using libthread_db enabled]
Using host libthread_db library "/lib/x86_64-linux-gnu/libthread_db.so.1".
0x0000798cf85d40d7 in ?? () from /lib/x86_64-linux-gnu/libc.so.6
[Switching to thread 1 (Thread 0x798cf8540740 (LWP 133937))]
#0  0x0000798cf85d40d7 in ?? () from /lib/x86_64-linux-gnu/libc.so.6
#0  0x0000798cf85d40d7 in ?? () from /lib/x86_64-linux-gnu/libc.so.6
#1  0x0000798cf85d6a01 in pthread_cond_wait () from /lib/x86_64-linux-gnu/libc.so.6
#2  0x0000798c33ae27a8 in tt::tt_metal::distributed::FDMeshCommandQueue::wait_for_outstanding_reads(std::unique_lock<std::mutex>&) () from /proj_sw/user_dev/ctr-apbernal/tt-metal/build_Release/lib/libtt_metal.so
#3  0x0000798c33ae2226 in tt::tt_metal::distributed::FDMeshCommandQueue::clear_expected_num_workers_completed() () from /proj_sw/user_dev/ctr-apbernal/tt-metal/build_Release/lib/libtt_metal.so
#4  0x0000798c33ae11c2 in tt::tt_metal::distributed::FDMeshCommandQueue::~FDMeshCommandQueue() () from /proj_sw/user_dev/ctr-apbernal/tt-metal/build_Release/lib/libtt_metal.so
#5  0x0000798c33ae23de in tt::tt_metal::distributed::FDMeshCommandQueue::~FDMeshCommandQueue() () from /proj_sw/user_dev/ctr-apbernal/tt-metal/build_Release/lib/libtt_metal.so
#6  0x0000798c33af7bff in tt::tt_metal::distributed::MeshDeviceImpl::close_impl(tt::tt_metal::distributed::MeshDevice*) () from /proj_sw/user_dev/ctr-apbernal/tt-metal/build_Release/lib/libtt_metal.so
#7  0x0000798c33afea70 in tt::tt_metal::distributed::MeshDevice::close() () from /proj_sw/user_dev/ctr-apbernal/tt-metal/build_Release/lib/libtt_metal.so
#8  0x0000798c36a34290 in nanobind::detail::func_create<false, false, nanobind::detail::func_create<false, true, void (*&)(std::shared_ptr<tt::tt_metal::distributed::MeshDevice> const&), void, std::shared_ptr<tt::tt_metal::distributed::MeshDevice> const&, 0ul, nanobind::scope, nanobind::name, nanobind::arg, nanobind::call_guard<nanobind::gil_scoped_release> >(void (*&)(std::shared_ptr<tt::tt_metal::distributed::MeshDevice> const&), void (*)(std::shared_ptr<tt::tt_metal::distributed::MeshDevice> const&), std::integer_sequence<unsigned long, 0ul>, nanobind::scope const&, nanobind::name const&, nanobind::arg const&, nanobind::call_guard<nanobind::gil_scoped_release> const&)::{lambda(std::shared_ptr<tt::tt_metal::distributed::MeshDevice> const&)#1}, void, std::shared_ptr<tt::tt_metal::distributed::MeshDevice> const&, 0ul, nanobind::scope, nanobind::name, nanobind::arg, nanobind::call_guard<nanobind::gil_scoped_release> >(void (*&)(std::shared_ptr<tt::tt_metal::distributed::MeshDevice> const&), void (*)(std::shared_ptr<tt::tt_metal::distributed::MeshDevice> const&), std::integer_sequence<unsigned long, 0ul>, nanobind::scope const&, nanobind::name const&, nanobind::arg const&, nanobind::call_guard<nanobind::gil_scoped_release> const&)::{lambda(void*, _object**, unsigned char*, nanobind::rv_policy, nanobind::detail::cleanup_list*)#1}::__invoke(void*, _object**, unsigned char*, nanobind::rv_policy, nanobind::detail::cleanup_list*) () from /proj_sw/user_dev/ctr-apbernal/tt-metal/ttnn/ttnn/_ttnn.so
#9  0x0000798c369e9f45 in nanobind::detail::nb_func_vectorcall_complex(_object*, _object* const*, unsigned long, _object*) () from /proj_sw/user_dev/ctr-apbernal/tt-metal/ttnn/ttnn/_ttnn.so
#10 0x0000599be5cac82a in _PyEval_EvalFrameDefault ()
#11 0x0000599be5c49023 in _PyFunction_Vectorcall ()
[Inferior 1 (process 133937) detached]
exit=0
