Wed Aug 26 19:28:22 UTC 2026
incident: TT_FATAL Kernel group cores do not match sub device cores (TENSIX) during decode
 141419  141418 python          python -m pytest -v -rA --color=no -p no:cacheprovider --timeout=1800 models/common/tests/models/llama33_70b
[New LWP 141477]
[New LWP 141478]
[New LWP 141479]
[New LWP 141480]
[New LWP 141481]
[New LWP 141482]
[New LWP 141483]
[New LWP 141484]
[New LWP 141485]
[New LWP 141486]
[New LWP 141487]
[New LWP 141488]
[New LWP 141489]
[New LWP 141490]
[New LWP 141491]
[New LWP 141492]
[New LWP 141493]
[New LWP 141494]
[New LWP 141495]
[New LWP 141496]
[New LWP 141497]
[New LWP 141498]
[New LWP 141499]
[New LWP 141500]
[New LWP 141501]
[New LWP 141502]
[New LWP 141503]
[New LWP 141504]
[New LWP 141505]
[New LWP 141506]
[New LWP 141507]
[New LWP 141508]
[New LWP 141509]
[New LWP 141510]
[New LWP 141511]
[New LWP 141512]
[New LWP 141513]
[New LWP 141514]
[New LWP 141515]
[New LWP 141516]
[New LWP 141517]
[New LWP 141518]
[New LWP 141519]
[New LWP 141520]
[New LWP 141521]
[New LWP 141522]
[New LWP 141523]
[New LWP 141524]
[New LWP 141525]
[New LWP 141526]
[New LWP 141527]
[New LWP 141528]
[New LWP 141529]
[New LWP 141530]
[New LWP 141531]
[New LWP 141532]
[New LWP 141533]
[New LWP 141534]
[New LWP 141535]
[New LWP 141536]
[New LWP 141537]
[New LWP 141538]
[New LWP 141539]
[New LWP 141576]
[New LWP 141577]
[New LWP 141578]
[New LWP 141582]
[New LWP 141586]
[New LWP 141587]
[New LWP 141588]
[New LWP 141589]
[New LWP 141590]
[New LWP 141591]
[New LWP 141592]
[New LWP 141593]
[New LWP 141594]
[New LWP 141595]
[New LWP 141596]
[New LWP 141597]
[New LWP 141598]
[New LWP 141599]
[New LWP 141600]
[New LWP 141601]
[New LWP 141602]
[New LWP 141603]
[New LWP 141604]
[New LWP 141605]
[New LWP 141606]
[New LWP 141607]
[New LWP 141608]
[New LWP 141609]
[New LWP 141610]
[New LWP 141611]
[New LWP 141612]
[New LWP 141613]
[New LWP 141614]
[New LWP 141615]
[New LWP 141616]
[New LWP 141617]
[New LWP 141618]
[New LWP 141619]
[New LWP 141620]
[New LWP 141621]
[New LWP 141622]
[New LWP 141623]
[New LWP 141624]
[New LWP 141625]
[New LWP 141626]
[New LWP 141627]
[New LWP 141628]
[New LWP 141629]
[New LWP 141630]
[New LWP 141631]
[New LWP 141632]
[New LWP 141633]
[New LWP 141634]
[New LWP 141635]
[New LWP 141636]
[New LWP 141637]
[New LWP 141638]
[New LWP 141639]
[New LWP 141640]
[New LWP 141641]
[New LWP 141642]
[New LWP 141643]
[New LWP 141644]
[New LWP 141645]
[New LWP 141646]
[New LWP 141647]
[New LWP 141648]
[New LWP 141722]
[New LWP 141978]
[New LWP 141979]
[New LWP 141980]
[New LWP 141981]
[New LWP 141982]
[New LWP 141983]
[New LWP 141984]
[New LWP 141985]
[New LWP 141986]
[New LWP 141987]
[New LWP 141988]
[New LWP 141989]
[New LWP 141990]
[New LWP 141991]
[New LWP 141992]
[New LWP 141993]
[New LWP 141994]
[New LWP 141995]
[New LWP 141996]
[New LWP 141997]
[New LWP 141998]
[New LWP 141999]
[New LWP 142000]
[New LWP 142001]
[New LWP 142002]
[New LWP 142003]
[New LWP 142004]
[New LWP 142005]
[New LWP 142006]
[New LWP 142007]
[New LWP 142008]
[New LWP 142027]
[New LWP 142028]
[New LWP 142029]
[New LWP 142030]
[New LWP 142031]
[New LWP 142032]
[New LWP 142033]
[New LWP 142034]
[New LWP 142035]
[New LWP 142036]
[New LWP 142037]
[New LWP 142038]
[New LWP 142039]
[New LWP 142040]
[New LWP 142041]
[New LWP 142042]
[New LWP 142043]
[New LWP 142044]
[New LWP 142045]
[New LWP 142046]
[New LWP 142047]
[New LWP 142048]
[New LWP 142049]
[New LWP 142050]
[New LWP 142051]
[New LWP 142052]
[New LWP 142053]
[New LWP 142054]
[New LWP 142055]
[New LWP 142056]
[New LWP 142057]
[New LWP 142058]
[New LWP 142059]
[New LWP 142060]
[New LWP 142061]
[New LWP 142062]
[New LWP 142063]
[New LWP 142064]
[New LWP 142065]
[New LWP 142066]
[New LWP 142067]
[New LWP 142068]
[New LWP 142069]
[New LWP 142070]
[New LWP 142071]
[New LWP 142072]
[New LWP 142073]
[New LWP 142074]
[New LWP 142075]
[New LWP 142076]
[New LWP 142077]
[New LWP 142078]
[New LWP 142079]
[New LWP 142080]
[New LWP 142081]
[New LWP 142082]
[New LWP 142083]
[New LWP 142084]
[New LWP 142085]
[New LWP 142086]
[New LWP 142087]
[New LWP 142088]
[New LWP 142089]
[New LWP 142090]
[New LWP 142091]
[New LWP 142092]
[New LWP 142129]
[New LWP 142130]
[New LWP 142131]
[New LWP 142132]
[New LWP 142133]
[New LWP 142134]
[New LWP 142135]
[New LWP 142136]
[New LWP 142137]
[New LWP 142138]
[New LWP 142139]
[New LWP 142140]
[New LWP 142141]
[New LWP 142142]
[New LWP 142143]
[New LWP 142144]
[New LWP 142145]
[New LWP 142146]
[New LWP 142147]
[New LWP 142148]
[New LWP 142149]
[New LWP 142150]
[New LWP 142151]
[New LWP 142152]
[New LWP 142153]
[New LWP 142154]
[New LWP 142155]
[New LWP 142156]
[New LWP 142157]
[New LWP 142158]
[New LWP 142159]
[New LWP 142160]
[New LWP 142161]
[New LWP 142162]
[New LWP 142163]
[New LWP 142164]
[New LWP 142165]
[New LWP 142166]
[New LWP 142167]
[New LWP 142168]
[New LWP 142169]
[New LWP 142170]
[New LWP 142171]
[New LWP 142172]
[New LWP 142173]
[New LWP 142174]
[New LWP 142175]
[New LWP 142176]
[New LWP 142177]
[New LWP 142178]
[New LWP 142179]
[New LWP 142180]
[New LWP 142181]
[New LWP 142182]
[New LWP 142183]
[New LWP 142184]
[New LWP 142185]
[New LWP 142186]
[New LWP 142187]
[New LWP 142188]
[New LWP 142189]
[New LWP 142190]
[New LWP 142191]
[New LWP 142192]
[New LWP 142193]
[New LWP 142264]
[New LWP 142265]

warning: Cannot parse .gnu_debugdata section; LZMA support was disabled at compile time

warning: Cannot parse .gnu_debugdata section; LZMA support was disabled at compile time

warning: Cannot parse .gnu_debugdata section; LZMA support was disabled at compile time

warning: Cannot parse .gnu_debugdata section; LZMA support was disabled at compile time
[Thread debugging using libthread_db enabled]
Using host libthread_db library "/lib/x86_64-linux-gnu/libthread_db.so.1".
0x00007cb1c81d00d7 in ?? () from /lib/x86_64-linux-gnu/libc.so.6
[Switching to thread 1 (Thread 0x7cb1c813c740 (LWP 141419))]
#0  0x00007cb1c81d00d7 in ?? () from /lib/x86_64-linux-gnu/libc.so.6
#0  0x00007cb1c81d00d7 in ?? () from /lib/x86_64-linux-gnu/libc.so.6
#1  0x00007cb1c81d2a01 in pthread_cond_wait () from /lib/x86_64-linux-gnu/libc.so.6
#2  0x00007cb1038e27a8 in tt::tt_metal::distributed::FDMeshCommandQueue::wait_for_outstanding_reads(std::unique_lock<std::mutex>&) () from /proj_sw/user_dev/ctr-apbernal/tt-metal/build_Release/lib/libtt_metal.so
#3  0x00007cb1038e2226 in tt::tt_metal::distributed::FDMeshCommandQueue::clear_expected_num_workers_completed() () from /proj_sw/user_dev/ctr-apbernal/tt-metal/build_Release/lib/libtt_metal.so
#4  0x00007cb1038e11c2 in tt::tt_metal::distributed::FDMeshCommandQueue::~FDMeshCommandQueue() () from /proj_sw/user_dev/ctr-apbernal/tt-metal/build_Release/lib/libtt_metal.so
#5  0x00007cb1038e23de in tt::tt_metal::distributed::FDMeshCommandQueue::~FDMeshCommandQueue() () from /proj_sw/user_dev/ctr-apbernal/tt-metal/build_Release/lib/libtt_metal.so
#6  0x00007cb1038f7bff in tt::tt_metal::distributed::MeshDeviceImpl::close_impl(tt::tt_metal::distributed::MeshDevice*) () from /proj_sw/user_dev/ctr-apbernal/tt-metal/build_Release/lib/libtt_metal.so
#7  0x00007cb1038fea70 in tt::tt_metal::distributed::MeshDevice::close() () from /proj_sw/user_dev/ctr-apbernal/tt-metal/build_Release/lib/libtt_metal.so
#8  0x00007cb106834290 in nanobind::detail::func_create<false, false, nanobind::detail::func_create<false, true, void (*&)(std::shared_ptr<tt::tt_metal::distributed::MeshDevice> const&), void, std::shared_ptr<tt::tt_metal::distributed::MeshDevice> const&, 0ul, nanobind::scope, nanobind::name, nanobind::arg, nanobind::call_guard<nanobind::gil_scoped_release> >(void (*&)(std::shared_ptr<tt::tt_metal::distributed::MeshDevice> const&), void (*)(std::shared_ptr<tt::tt_metal::distributed::MeshDevice> const&), std::integer_sequence<unsigned long, 0ul>, nanobind::scope const&, nanobind::name const&, nanobind::arg const&, nanobind::call_guard<nanobind::gil_scoped_release> const&)::{lambda(std::shared_ptr<tt::tt_metal::distributed::MeshDevice> const&)#1}, void, std::shared_ptr<tt::tt_metal::distributed::MeshDevice> const&, 0ul, nanobind::scope, nanobind::name, nanobind::arg, nanobind::call_guard<nanobind::gil_scoped_release> >(void (*&)(std::shared_ptr<tt::tt_metal::distributed::MeshDevice> const&), void (*)(std::shared_ptr<tt::tt_metal::distributed::MeshDevice> const&), std::integer_sequence<unsigned long, 0ul>, nanobind::scope const&, nanobind::name const&, nanobind::arg const&, nanobind::call_guard<nanobind::gil_scoped_release> const&)::{lambda(void*, _object**, unsigned char*, nanobind::rv_policy, nanobind::detail::cleanup_list*)#1}::__invoke(void*, _object**, unsigned char*, nanobind::rv_policy, nanobind::detail::cleanup_list*) () from /proj_sw/user_dev/ctr-apbernal/tt-metal/ttnn/ttnn/_ttnn.so
#9  0x00007cb1067e9f45 in nanobind::detail::nb_func_vectorcall_complex(_object*, _object* const*, unsigned long, _object*) () from /proj_sw/user_dev/ctr-apbernal/tt-metal/ttnn/ttnn/_ttnn.so
[Inferior 1 (process 141419) detached]
