=== Wed Aug 26 21:19:09 UTC 2026 ===
node: models/common/tests/models/llama33_70b_galaxy/test_bringup_wh_galaxy.py::test_one_decode_step_executes
commit: 1d4ded04592bc050bd85f1efb592497b06780a71
devices: 32
2026-08-26 21:19:30.696 | DEBUG    | ttnn:<module>:78 - Initial ttnn.CONFIG:
Config{cache_path=/home/ctr-apbernal/.cache/ttnn,model_cache_path=/home/ctr-apbernal/.cache/ttnn/models,tmp_dir=/tmp/ttnn,enable_model_cache=false,enable_fast_runtime_mode=true,throw_exception_on_fallback=false,enable_logging=false,enable_graph_report=false,enable_graph_python_stack_traces=false,enable_detailed_buffer_report=false,enable_detailed_tensor_report=false,enable_comparison_mode=false,comparison_mode_should_raise_exception=false,comparison_mode_pcc=0.9999,root_report_path=generated/ttnn/reports,report_name=std::nullopt,std::nullopt}
============================= test session starts ==============================
platform linux -- Python 3.10.21, pytest-9.0.3, pluggy-1.6.0 -- /proj_sw/user_dev/ctr-apbernal/tt-metal/python_env/bin/python
benchmark: 5.2.3 (defaults: timer=time.perf_counter disable_gc=False min_rounds=5 min_time=0.000005 max_time=1.0 calibration_precision=10 warmup=False warmup_iterations=100000)
rootdir: /proj_sw/user_dev/ctr-apbernal/tt-metal
configfile: pytest.ini
plugins: cov-7.0.0, dash-2.15.0, benchmark-5.2.3, repeat-0.9.4, anyio-4.14.2, timeout-2.4.0, github-actions-annotate-failures-0.3.0, split-0.11.0
timeout: 900.0s
timeout method: signal
timeout func_only: False
collecting ... collected 1 item

models/common/tests/models/llama33_70b_galaxy/test_bringup_wh_galaxy.py::test_one_decode_step_executes[wormhole_b0-8x4-device_params0] Fetching 3 files:   0%|          | 0/3 [00:00<?, ?it/s]Fetching 3 files: 100%|██████████| 3/3 [00:00<00:00, 1360.31it/s]
[transformers] `torch_dtype` is deprecated! Use `dtype` instead!
2026-08-26 21:21:17.581 | info     |          Device | Opening user mode device driver (tt_cluster.cpp:228)
2026-08-26 21:21:17.581 | info     |             UMD | Cluster constructor started. (cluster.cpp:389)
2026-08-26 21:21:17.601 | info     |             UMD | Creating TopologyDiscovery for architecture: wormhole_b0 (topology_discovery.cpp:96)
2026-08-26 21:21:17.601 | info     |             UMD | Starting topology discovery. (topology_discovery.cpp:115)
2026-08-26 21:21:17.647 | info     |             UMD | Established firmware bundle version: 18.12.1 (topology_discovery.cpp:575)
2026-08-26 21:21:17.676 | info     |             UMD | Completed topology discovery. (topology_discovery.cpp:119)
2026-08-26 21:21:19.103 | info     |             UMD | Opening local chip ids/PCIe ids: {0, 1, 2, 3, 4, 5, 6, 7, 8, 9, 10, 11, 12, 13, 14, 15, 16, 17, 18, 19, 20, 21, 22, 23, 24, 25, 26, 27, 28, 29, 30, 31}/[19, 21, 18, 17, 22, 23, 20, 16, 29, 24, 28, 30, 26, 31, 25, 27, 14, 11, 9, 13, 10, 15, 12, 8, 4, 2, 0, 1, 5, 7, 6, 3] and remote chip ids {} (cluster.cpp:173)
2026-08-26 21:21:19.104 | info     |             UMD | IOMMU: enabled (cluster.cpp:147)
2026-08-26 21:21:19.104 | info     |             UMD | KMD version: 2.4.1 (cluster.cpp:150)
2026-08-26 21:21:19.104 | info     |             UMD | Cluster constructor completed. (cluster.cpp:648)
2026-08-26 21:21:19.129 | info     |             UMD | Starting devices in cluster (cluster.cpp:1198)
2026-08-26 21:21:19.192 | info     |             UMD | Starting devices in cluster completed. (cluster.cpp:1206)
2026-08-26 21:21:19.289 | INFO     | conftest:mesh_device:612 - No trace region size for (8, 4)
2026-08-26 21:21:19.289 | info     |     Distributed | Using auto discovery to generate mesh graph. (metal_env.cpp:437)
2026-08-26 21:21:19.289 | info     |     Distributed | Constructing control plane using auto-discovery (no mesh graph descriptor). (metal_env.cpp:499)
2026-08-26 21:21:19.296 | info     |          Fabric | Logical multi-mesh adjacency: intermesh degree histogram {0:1}; intra-mesh degree histograms mesh0 {4:32} (topology_mapper_utils.cpp:2410)
2026-08-26 21:21:19.296 | info     |          Fabric | Physical multi-mesh adjacency: intermesh degree histogram {0:1}; intra-mesh degree histograms mesh0 {4:32} (topology_mapper_utils.cpp:2418)
2026-08-26 21:21:19.368 | info     |    BuildKernels | Using pre-compiled firmware from: /proj_sw/user_dev/ctr-apbernal/tt-metal/tt_metal/pre-compiled/441969805167873259/ (build_env_manager.cpp:347)
2026-08-26 21:21:19.383 | info     |    BuildKernels | Using pre-compiled firmware from: /proj_sw/user_dev/ctr-apbernal/tt-metal/tt_metal/pre-compiled/441969805167873259/ (build_env_manager.cpp:347)
2026-08-26 21:21:19.397 | info     |    BuildKernels | Using pre-compiled firmware from: /proj_sw/user_dev/ctr-apbernal/tt-metal/tt_metal/pre-compiled/441969805167873259/ (build_env_manager.cpp:347)
2026-08-26 21:21:19.414 | info     |    BuildKernels | Using pre-compiled firmware from: /proj_sw/user_dev/ctr-apbernal/tt-metal/tt_metal/pre-compiled/441969805167873259/ (build_env_manager.cpp:347)
2026-08-26 21:21:19.431 | info     |    BuildKernels | Using pre-compiled firmware from: /proj_sw/user_dev/ctr-apbernal/tt-metal/tt_metal/pre-compiled/441969805167873259/ (build_env_manager.cpp:347)
2026-08-26 21:21:19.448 | info     |    BuildKernels | Using pre-compiled firmware from: /proj_sw/user_dev/ctr-apbernal/tt-metal/tt_metal/pre-compiled/441969805167873259/ (build_env_manager.cpp:347)
2026-08-26 21:21:19.465 | info     |    BuildKernels | Using pre-compiled firmware from: /proj_sw/user_dev/ctr-apbernal/tt-metal/tt_metal/pre-compiled/441969805167873259/ (build_env_manager.cpp:347)
2026-08-26 21:21:19.482 | info     |    BuildKernels | Using pre-compiled firmware from: /proj_sw/user_dev/ctr-apbernal/tt-metal/tt_metal/pre-compiled/441969805167873259/ (build_env_manager.cpp:347)
2026-08-26 21:21:19.496 | info     |    BuildKernels | Using pre-compiled firmware from: /proj_sw/user_dev/ctr-apbernal/tt-metal/tt_metal/pre-compiled/441969805167873259/ (build_env_manager.cpp:347)
2026-08-26 21:21:19.510 | info     |    BuildKernels | Using pre-compiled firmware from: /proj_sw/user_dev/ctr-apbernal/tt-metal/tt_metal/pre-compiled/441969805167873259/ (build_env_manager.cpp:347)
2026-08-26 21:21:19.525 | info     |    BuildKernels | Using pre-compiled firmware from: /proj_sw/user_dev/ctr-apbernal/tt-metal/tt_metal/pre-compiled/441969805167873259/ (build_env_manager.cpp:347)
2026-08-26 21:21:19.539 | info     |    BuildKernels | Using pre-compiled firmware from: /proj_sw/user_dev/ctr-apbernal/tt-metal/tt_metal/pre-compiled/441969805167873259/ (build_env_manager.cpp:347)
2026-08-26 21:21:19.553 | info     |    BuildKernels | Using pre-compiled firmware from: /proj_sw/user_dev/ctr-apbernal/tt-metal/tt_metal/pre-compiled/441969805167873259/ (build_env_manager.cpp:347)
2026-08-26 21:21:19.569 | info     |    BuildKernels | Using pre-compiled firmware from: /proj_sw/user_dev/ctr-apbernal/tt-metal/tt_metal/pre-compiled/441969805167873259/ (build_env_manager.cpp:347)
2026-08-26 21:21:19.584 | info     |    BuildKernels | Using pre-compiled firmware from: /proj_sw/user_dev/ctr-apbernal/tt-metal/tt_metal/pre-compiled/441969805167873259/ (build_env_manager.cpp:347)
2026-08-26 21:21:19.598 | info     |    BuildKernels | Using pre-compiled firmware from: /proj_sw/user_dev/ctr-apbernal/tt-metal/tt_metal/pre-compiled/441969805167873259/ (build_env_manager.cpp:347)
2026-08-26 21:21:19.613 | info     |    BuildKernels | Using pre-compiled firmware from: /proj_sw/user_dev/ctr-apbernal/tt-metal/tt_metal/pre-compiled/441969805167873259/ (build_env_manager.cpp:347)
2026-08-26 21:21:19.627 | info     |    BuildKernels | Using pre-compiled firmware from: /proj_sw/user_dev/ctr-apbernal/tt-metal/tt_metal/pre-compiled/441969805167873259/ (build_env_manager.cpp:347)
2026-08-26 21:21:19.643 | info     |    BuildKernels | Using pre-compiled firmware from: /proj_sw/user_dev/ctr-apbernal/tt-metal/tt_metal/pre-compiled/441969805167873259/ (build_env_manager.cpp:347)
2026-08-26 21:21:19.664 | info     |    BuildKernels | Using pre-compiled firmware from: /proj_sw/user_dev/ctr-apbernal/tt-metal/tt_metal/pre-compiled/441969805167873259/ (build_env_manager.cpp:347)
2026-08-26 21:21:19.680 | info     |    BuildKernels | Using pre-compiled firmware from: /proj_sw/user_dev/ctr-apbernal/tt-metal/tt_metal/pre-compiled/441969805167873259/ (build_env_manager.cpp:347)
2026-08-26 21:21:19.696 | info     |    BuildKernels | Using pre-compiled firmware from: /proj_sw/user_dev/ctr-apbernal/tt-metal/tt_metal/pre-compiled/441969805167873259/ (build_env_manager.cpp:347)
2026-08-26 21:21:19.711 | info     |    BuildKernels | Using pre-compiled firmware from: /proj_sw/user_dev/ctr-apbernal/tt-metal/tt_metal/pre-compiled/441969805167873259/ (build_env_manager.cpp:347)
2026-08-26 21:21:19.732 | info     |    BuildKernels | Using pre-compiled firmware from: /proj_sw/user_dev/ctr-apbernal/tt-metal/tt_metal/pre-compiled/441969805167873259/ (build_env_manager.cpp:347)
2026-08-26 21:21:19.748 | info     |    BuildKernels | Using pre-compiled firmware from: /proj_sw/user_dev/ctr-apbernal/tt-metal/tt_metal/pre-compiled/441969805167873259/ (build_env_manager.cpp:347)
2026-08-26 21:21:19.764 | info     |    BuildKernels | Using pre-compiled firmware from: /proj_sw/user_dev/ctr-apbernal/tt-metal/tt_metal/pre-compiled/441969805167873259/ (build_env_manager.cpp:347)
2026-08-26 21:21:19.779 | info     |    BuildKernels | Using pre-compiled firmware from: /proj_sw/user_dev/ctr-apbernal/tt-metal/tt_metal/pre-compiled/441969805167873259/ (build_env_manager.cpp:347)
2026-08-26 21:21:19.795 | info     |    BuildKernels | Using pre-compiled firmware from: /proj_sw/user_dev/ctr-apbernal/tt-metal/tt_metal/pre-compiled/441969805167873259/ (build_env_manager.cpp:347)
2026-08-26 21:21:19.809 | info     |    BuildKernels | Using pre-compiled firmware from: /proj_sw/user_dev/ctr-apbernal/tt-metal/tt_metal/pre-compiled/441969805167873259/ (build_env_manager.cpp:347)
2026-08-26 21:21:19.824 | info     |    BuildKernels | Using pre-compiled firmware from: /proj_sw/user_dev/ctr-apbernal/tt-metal/tt_metal/pre-compiled/441969805167873259/ (build_env_manager.cpp:347)
2026-08-26 21:21:19.839 | info     |    BuildKernels | Using pre-compiled firmware from: /proj_sw/user_dev/ctr-apbernal/tt-metal/tt_metal/pre-compiled/441969805167873259/ (build_env_manager.cpp:347)
2026-08-26 21:21:19.853 | info     |    BuildKernels | Using pre-compiled firmware from: /proj_sw/user_dev/ctr-apbernal/tt-metal/tt_metal/pre-compiled/441969805167873259/ (build_env_manager.cpp:347)
2026-08-26 21:21:20.095 | info     |           Metal | Initializing Fabric (fabric_firmware_initializer.cpp:296)
2026-08-26 21:21:20.581 | info     |           Metal | Fabric initialized on Device 0 (device.cpp:550)
2026-08-26 21:21:20.582 | info     |           Metal | Fabric initialized on Device 1 (device.cpp:550)
2026-08-26 21:21:20.583 | info     |           Metal | Fabric initialized on Device 2 (device.cpp:550)
2026-08-26 21:21:20.585 | info     |           Metal | Fabric initialized on Device 3 (device.cpp:550)
2026-08-26 21:21:20.586 | info     |           Metal | Fabric initialized on Device 4 (device.cpp:550)
2026-08-26 21:21:20.587 | info     |           Metal | Fabric initialized on Device 5 (device.cpp:550)
2026-08-26 21:21:20.588 | info     |           Metal | Fabric initialized on Device 6 (device.cpp:550)
2026-08-26 21:21:20.590 | info     |           Metal | Fabric initialized on Device 7 (device.cpp:550)
2026-08-26 21:21:20.591 | info     |           Metal | Fabric initialized on Device 8 (device.cpp:550)
2026-08-26 21:21:20.592 | info     |           Metal | Fabric initialized on Device 9 (device.cpp:550)
2026-08-26 21:21:20.593 | info     |           Metal | Fabric initialized on Device 10 (device.cpp:550)
2026-08-26 21:21:20.594 | info     |           Metal | Fabric initialized on Device 11 (device.cpp:550)
2026-08-26 21:21:20.596 | info     |           Metal | Fabric initialized on Device 12 (device.cpp:550)
2026-08-26 21:21:20.597 | info     |           Metal | Fabric initialized on Device 13 (device.cpp:550)
2026-08-26 21:21:20.598 | info     |           Metal | Fabric initialized on Device 14 (device.cpp:550)
2026-08-26 21:21:20.599 | info     |           Metal | Fabric initialized on Device 15 (device.cpp:550)
2026-08-26 21:21:20.600 | info     |           Metal | Fabric initialized on Device 16 (device.cpp:550)
2026-08-26 21:21:20.601 | info     |           Metal | Fabric initialized on Device 17 (device.cpp:550)
2026-08-26 21:21:20.603 | info     |           Metal | Fabric initialized on Device 18 (device.cpp:550)
2026-08-26 21:21:20.604 | info     |           Metal | Fabric initialized on Device 19 (device.cpp:550)
2026-08-26 21:21:20.605 | info     |           Metal | Fabric initialized on Device 20 (device.cpp:550)
2026-08-26 21:21:20.606 | info     |           Metal | Fabric initialized on Device 21 (device.cpp:550)
2026-08-26 21:21:20.607 | info     |           Metal | Fabric initialized on Device 22 (device.cpp:550)
2026-08-26 21:21:20.608 | info     |           Metal | Fabric initialized on Device 23 (device.cpp:550)
2026-08-26 21:21:20.610 | info     |           Metal | Fabric initialized on Device 24 (device.cpp:550)
2026-08-26 21:21:20.611 | info     |           Metal | Fabric initialized on Device 25 (device.cpp:550)
2026-08-26 21:21:20.612 | info     |           Metal | Fabric initialized on Device 26 (device.cpp:550)
2026-08-26 21:21:20.613 | info     |           Metal | Fabric initialized on Device 27 (device.cpp:550)
2026-08-26 21:21:20.614 | info     |           Metal | Fabric initialized on Device 28 (device.cpp:550)
2026-08-26 21:21:20.615 | info     |           Metal | Fabric initialized on Device 29 (device.cpp:550)
2026-08-26 21:21:20.616 | info     |           Metal | Fabric initialized on Device 30 (device.cpp:550)
2026-08-26 21:21:20.618 | info     |           Metal | Fabric initialized on Device 31 (device.cpp:550)
2026-08-26 21:21:20.618 | info     |           Metal | Fabric initialized on 32 devices (fabric_firmware_initializer.cpp:444)
2026-08-26 21:21:20.618 | info     |           Metal | Fabric Initialized with config FabricConfig::FABRIC_1D_RING (fabric_firmware_initializer.cpp:313)
2026-08-26 21:21:21.727 | info     |           Metal | [Real-time profiler] Device 24 sync complete: 100 samples, frequency=0.985499 GHz, device_time_at_sync=434909199107 cycles (realtime_profiler_manager.cpp:1398)
2026-08-26 21:21:21.727 | info     |           Metal | [Real-time profiler] Device 16 sync complete: 100 samples, frequency=0.985505 GHz, device_time_at_sync=434950518826 cycles (realtime_profiler_manager.cpp:1398)
2026-08-26 21:21:21.728 | info     |           Metal | [Real-time profiler] Device 28 sync complete: 100 samples, frequency=0.985498 GHz, device_time_at_sync=434907866265 cycles (realtime_profiler_manager.cpp:1398)
2026-08-26 21:21:21.728 | info     |           Metal | [Real-time profiler] Device 17 sync complete: 100 samples, frequency=0.985504 GHz, device_time_at_sync=434872476118 cycles (realtime_profiler_manager.cpp:1398)
2026-08-26 21:21:21.728 | info     |           Metal | [Real-time profiler] Device 20 sync complete: 100 samples, frequency=0.985504 GHz, device_time_at_sync=434853441336 cycles (realtime_profiler_manager.cpp:1398)
2026-08-26 21:21:21.728 | info     |           Metal | [Real-time profiler] Device 21 sync complete: 100 samples, frequency=0.985503 GHz, device_time_at_sync=434951821228 cycles (realtime_profiler_manager.cpp:1398)
2026-08-26 21:21:21.728 | info     |           Metal | [Real-time profiler] Device 25 sync complete: 100 samples, frequency=0.985500 GHz, device_time_at_sync=435192286319 cycles (realtime_profiler_manager.cpp:1398)
2026-08-26 21:21:21.728 | info     |           Metal | [Real-time profiler] Device 22 sync complete: 100 samples, frequency=0.985507 GHz, device_time_at_sync=435048712698 cycles (realtime_profiler_manager.cpp:1398)
2026-08-26 21:21:21.728 | info     |           Metal | [Real-time profiler] Device 27 sync complete: 100 samples, frequency=0.985501 GHz, device_time_at_sync=435051126371 cycles (realtime_profiler_manager.cpp:1398)
2026-08-26 21:21:21.728 | info     |           Metal | [Real-time profiler] Device 30 sync complete: 100 samples, frequency=0.985501 GHz, device_time_at_sync=434948620086 cycles (realtime_profiler_manager.cpp:1398)
2026-08-26 21:21:21.728 | info     |           Metal | [Real-time profiler] Device 29 sync complete: 100 samples, frequency=0.985499 GHz, device_time_at_sync=435044339002 cycles (realtime_profiler_manager.cpp:1398)
2026-08-26 21:21:21.728 | info     |           Metal | [Real-time profiler] Device 3 sync complete: 100 samples, frequency=0.985505 GHz, device_time_at_sync=434772539880 cycles (realtime_profiler_manager.cpp:1398)
2026-08-26 21:21:21.728 | info     |           Metal | [Real-time profiler] Device 31 sync complete: 100 samples, frequency=0.985500 GHz, device_time_at_sync=434987884818 cycles (realtime_profiler_manager.cpp:1398)
2026-08-26 21:21:21.728 | info     |           Metal | [Real-time profiler] Device 18 sync complete: 100 samples, frequency=0.985504 GHz, device_time_at_sync=434813357192 cycles (realtime_profiler_manager.cpp:1398)
2026-08-26 21:21:21.728 | info     |           Metal | [Real-time profiler] Device 7 sync complete: 100 samples, frequency=0.985507 GHz, device_time_at_sync=434739010036 cycles (realtime_profiler_manager.cpp:1398)
2026-08-26 21:21:21.728 | info     |           Metal | [Real-time profiler] Device 14 sync complete: 100 samples, frequency=0.985498 GHz, device_time_at_sync=434805397273 cycles (realtime_profiler_manager.cpp:1398)
2026-08-26 21:21:21.728 | info     |           Metal | [Real-time profiler] Device 23 sync complete: 100 samples, frequency=0.985503 GHz, device_time_at_sync=434946770131 cycles (realtime_profiler_manager.cpp:1398)
2026-08-26 21:21:21.728 | info     |           Metal | [Real-time profiler] Device 19 sync complete: 100 samples, frequency=0.985505 GHz, device_time_at_sync=434908038526 cycles (realtime_profiler_manager.cpp:1398)
2026-08-26 21:21:21.728 | info     |           Metal | [Real-time profiler] Device 26 sync complete: 100 samples, frequency=0.985500 GHz, device_time_at_sync=434985006861 cycles (realtime_profiler_manager.cpp:1398)
2026-08-26 21:21:21.728 | info     |           Metal | [Real-time profiler] Device 15 sync complete: 100 samples, frequency=0.985497 GHz, device_time_at_sync=434733955458 cycles (realtime_profiler_manager.cpp:1398)
2026-08-26 21:21:21.728 | info     |           Metal | [Real-time profiler] Device 11 sync complete: 100 samples, frequency=0.985499 GHz, device_time_at_sync=434513745949 cycles (realtime_profiler_manager.cpp:1398)
2026-08-26 21:21:21.728 | info     |           Metal | [Real-time profiler] Device 2 sync complete: 100 samples, frequency=0.985506 GHz, device_time_at_sync=434874040645 cycles (realtime_profiler_manager.cpp:1398)
2026-08-26 21:21:21.728 | info     |           Metal | [Real-time profiler] Device 9 sync complete: 100 samples, frequency=0.985499 GHz, device_time_at_sync=434857058233 cycles (realtime_profiler_manager.cpp:1398)
2026-08-26 21:21:21.728 | info     |           Metal | [Real-time profiler] Device 1 sync complete: 100 samples, frequency=0.985504 GHz, device_time_at_sync=434686755373 cycles (realtime_profiler_manager.cpp:1398)
2026-08-26 21:21:21.728 | info     |           Metal | [Real-time profiler] Device 12 sync complete: 100 samples, frequency=0.985499 GHz, device_time_at_sync=434770107586 cycles (realtime_profiler_manager.cpp:1398)
2026-08-26 21:21:21.728 | info     |           Metal | [Real-time profiler] Device 10 sync complete: 100 samples, frequency=0.985500 GHz, device_time_at_sync=434689200075 cycles (realtime_profiler_manager.cpp:1398)
2026-08-26 21:21:21.728 | info     |           Metal | [Real-time profiler] Device 0 sync complete: 100 samples, frequency=0.985504 GHz, device_time_at_sync=434661360554 cycles (realtime_profiler_manager.cpp:1398)
2026-08-26 21:21:21.728 | info     |           Metal | [Real-time profiler] Device 5 sync complete: 100 samples, frequency=0.985506 GHz, device_time_at_sync=434705229962 cycles (realtime_profiler_manager.cpp:1398)
2026-08-26 21:21:21.728 | info     |           Metal | [Real-time profiler] Device 4 sync complete: 100 samples, frequency=0.985505 GHz, device_time_at_sync=434836780953 cycles (realtime_profiler_manager.cpp:1398)
2026-08-26 21:21:21.728 | info     |           Metal | [Real-time profiler] Device 13 sync complete: 100 samples, frequency=0.985500 GHz, device_time_at_sync=434600404896 cycles (realtime_profiler_manager.cpp:1398)
2026-08-26 21:21:21.729 | info     |           Metal | [Real-time profiler] Device 6 sync complete: 100 samples, frequency=0.985504 GHz, device_time_at_sync=434803708919 cycles (realtime_profiler_manager.cpp:1398)
2026-08-26 21:21:21.729 | info     |           Metal | [Real-time profiler] Device 8 sync complete: 100 samples, frequency=0.985498 GHz, device_time_at_sync=434523436527 cycles (realtime_profiler_manager.cpp:1398)
2026-08-26 21:21:22.052 | DEBUG    | conftest:mesh_device:630 - multidevice with 32 devices is created
[stage] enter build
[stage] leave build
[stage] enter allocate kv cache
[stage] leave allocate kv cache
[stage] enter bind kv cache
[stage] leave bind kv cache
[stage] enter activate decode (starts the persistent DRAM prefetch program)
[stage] leave activate decode (starts the persistent DRAM prefetch program)
[stage] enter prepare decode rot mats (RotarySetup2D.decode_forward)
[stage] leave prepare decode rot mats (RotarySetup2D.decode_forward)
[stage] enter stage current positions
[stage] leave stage current positions
[stage] enter embed decode
[stage] leave embed decode
[stage] enter decode forward
2026-08-26 21:21:40.475 | info     |           Metal | Finalize dfb: dfb_offset == base_offset: 64, dfb size: 128, return value: 192 (dataflow_buffer.cpp:1656)
2026-08-26 21:21:40.476 | info     |           Metal | Finalize dfb: dfb_offset == base_offset: 0, dfb size: 0, return value: 0 (dataflow_buffer.cpp:1656)
2026-08-26 21:21:40.476 | info     |           Metal | Finalize dfb: dfb_offset == base_offset: 0, dfb size: 0, return value: 0 (dataflow_buffer.cpp:1656)
2026-08-26 21:21:40.481 | info     |           Metal | Finalize dfb: dfb_offset == base_offset: 64, dfb size: 128, return value: 192 (dataflow_buffer.cpp:1656)
2026-08-26 21:21:40.481 | info     |           Metal | Finalize dfb: dfb_offset == base_offset: 0, dfb size: 0, return value: 0 (dataflow_buffer.cpp:1656)
2026-08-26 21:21:40.481 | info     |           Metal | Finalize dfb: dfb_offset == base_offset: 0, dfb size: 0, return value: 0 (dataflow_buffer.cpp:1656)
2026-08-26 21:21:40.868 | warning  |              Op | The following ttnn.all_gather args are deprecated and will be removed in September-2026: num_links, topology, chunks_per_sync, num_workers_per_link, num_buffers_per_channel, use_l1_small_for_semaphores. (all_gather.cpp:122)
2026-08-26 21:21:40.868 | warning  |              Op | Allocating semaphores in L1, which may fragment L1 and reduce headroom for subsequent op allocations. Configure an L1_SMALL region to mitigate this. (all_gather_multicast_factory.cpp:42)
2026-08-26 21:21:40.869 | warning  |              Op | Fabric packet size 4352 B is suboptimal for transporting 2048 B pages. Configure 6144 B packet size to maximize throughput. (ccl_common.cpp:70)
2026-08-26 21:21:40.874 | warning  |              Op | Fabric packet size 4352 B is suboptimal for transporting 2048 B pages. Configure 6144 B packet size to maximize throughput. (ccl_common.cpp:70)
2026-08-26 21:21:40.875 | warning  |              Op | Fabric packet size 4352 B is suboptimal for transporting 2048 B pages. Configure 6144 B packet size to maximize throughput. (ccl_common.cpp:70)
2026-08-26 21:21:40.877 | warning  |              Op | Fabric packet size 4352 B is suboptimal for transporting 2048 B pages. Configure 6144 B packet size to maximize throughput. (ccl_common.cpp:70)
2026-08-26 21:21:40.878 | warning  |              Op | Fabric packet size 4352 B is suboptimal for transporting 2048 B pages. Configure 6144 B packet size to maximize throughput. (ccl_common.cpp:70)
2026-08-26 21:21:40.879 | warning  |              Op | Fabric packet size 4352 B is suboptimal for transporting 2048 B pages. Configure 6144 B packet size to maximize throughput. (ccl_common.cpp:70)
2026-08-26 21:21:40.879 | warning  |              Op | Fabric packet size 4352 B is suboptimal for transporting 2048 B pages. Configure 6144 B packet size to maximize throughput. (ccl_common.cpp:70)
2026-08-26 21:21:40.880 | warning  |              Op | Fabric packet size 4352 B is suboptimal for transporting 2048 B pages. Configure 6144 B packet size to maximize throughput. (ccl_common.cpp:70)
2026-08-26 21:21:40.881 | warning  |              Op | Fabric packet size 4352 B is suboptimal for transporting 2048 B pages. Configure 6144 B packet size to maximize throughput. (ccl_common.cpp:70)
2026-08-26 21:21:40.881 | warning  |              Op | Fabric packet size 4352 B is suboptimal for transporting 2048 B pages. Configure 6144 B packet size to maximize throughput. (ccl_common.cpp:70)
2026-08-26 21:21:40.883 | warning  |              Op | Fabric packet size 4352 B is suboptimal for transporting 2048 B pages. Configure 6144 B packet size to maximize throughput. (ccl_common.cpp:70)
2026-08-26 21:21:40.884 | warning  |              Op | Fabric packet size 4352 B is suboptimal for transporting 2048 B pages. Configure 6144 B packet size to maximize throughput. (ccl_common.cpp:70)
2026-08-26 21:21:40.884 | warning  |              Op | Fabric packet size 4352 B is suboptimal for transporting 2048 B pages. Configure 6144 B packet size to maximize throughput. (ccl_common.cpp:70)
2026-08-26 21:21:40.885 | warning  |              Op | Fabric packet size 4352 B is suboptimal for transporting 2048 B pages. Configure 6144 B packet size to maximize throughput. (ccl_common.cpp:70)
2026-08-26 21:21:40.885 | warning  |              Op | Fabric packet size 4352 B is suboptimal for transporting 2048 B pages. Configure 6144 B packet size to maximize throughput. (ccl_common.cpp:70)
2026-08-26 21:21:40.886 | warning  |              Op | Fabric packet size 4352 B is suboptimal for transporting 2048 B pages. Configure 6144 B packet size to maximize throughput. (ccl_common.cpp:70)
2026-08-26 21:21:40.886 | warning  |              Op | Fabric packet size 4352 B is suboptimal for transporting 2048 B pages. Configure 6144 B packet size to maximize throughput. (ccl_common.cpp:70)
2026-08-26 21:21:40.887 | warning  |              Op | Fabric packet size 4352 B is suboptimal for transporting 2048 B pages. Configure 6144 B packet size to maximize throughput. (ccl_common.cpp:70)
2026-08-26 21:21:40.888 | warning  |              Op | Fabric packet size 4352 B is suboptimal for transporting 2048 B pages. Configure 6144 B packet size to maximize throughput. (ccl_common.cpp:70)
2026-08-26 21:21:40.888 | warning  |              Op | Fabric packet size 4352 B is suboptimal for transporting 2048 B pages. Configure 6144 B packet size to maximize throughput. (ccl_common.cpp:70)
2026-08-26 21:21:40.889 | warning  |              Op | Fabric packet size 4352 B is suboptimal for transporting 2048 B pages. Configure 6144 B packet size to maximize throughput. (ccl_common.cpp:70)
2026-08-26 21:21:40.889 | warning  |              Op | Fabric packet size 4352 B is suboptimal for transporting 2048 B pages. Configure 6144 B packet size to maximize throughput. (ccl_common.cpp:70)
2026-08-26 21:21:40.890 | warning  |              Op | Fabric packet size 4352 B is suboptimal for transporting 2048 B pages. Configure 6144 B packet size to maximize throughput. (ccl_common.cpp:70)
2026-08-26 21:21:40.890 | warning  |              Op | Fabric packet size 4352 B is suboptimal for transporting 2048 B pages. Configure 6144 B packet size to maximize throughput. (ccl_common.cpp:70)
2026-08-26 21:21:40.891 | warning  |              Op | Fabric packet size 4352 B is suboptimal for transporting 2048 B pages. Configure 6144 B packet size to maximize throughput. (ccl_common.cpp:70)
2026-08-26 21:21:40.891 | warning  |              Op | Fabric packet size 4352 B is suboptimal for transporting 2048 B pages. Configure 6144 B packet size to maximize throughput. (ccl_common.cpp:70)
2026-08-26 21:21:40.892 | warning  |              Op | Fabric packet size 4352 B is suboptimal for transporting 2048 B pages. Configure 6144 B packet size to maximize throughput. (ccl_common.cpp:70)
2026-08-26 21:21:40.892 | warning  |              Op | Fabric packet size 4352 B is suboptimal for transporting 2048 B pages. Configure 6144 B packet size to maximize throughput. (ccl_common.cpp:70)
2026-08-26 21:21:40.893 | warning  |              Op | Fabric packet size 4352 B is suboptimal for transporting 2048 B pages. Configure 6144 B packet size to maximize throughput. (ccl_common.cpp:70)
2026-08-26 21:21:40.894 | warning  |              Op | Fabric packet size 4352 B is suboptimal for transporting 2048 B pages. Configure 6144 B packet size to maximize throughput. (ccl_common.cpp:70)
2026-08-26 21:21:40.894 | warning  |              Op | Fabric packet size 4352 B is suboptimal for transporting 2048 B pages. Configure 6144 B packet size to maximize throughput. (ccl_common.cpp:70)
2026-08-26 21:21:40.895 | warning  |              Op | Fabric packet size 4352 B is suboptimal for transporting 2048 B pages. Configure 6144 B packet size to maximize throughput. (ccl_common.cpp:70)
2026-08-26 21:21:44.737 | critical |          Always | TT_FATAL: Kernel group cores do not match sub device cores for programmable core type TENSIX (assert.hpp:104)
2026-08-26 21:21:44.737 | critical |          Always | TT_FATAL: Kernel group cores do not match sub device cores for programmable core type TENSIX (assert.hpp:104)
2026-08-26 21:21:44.737 | critical |          Always | TT_FATAL: Kernel group cores do not match sub device cores for programmable core type TENSIX (assert.hpp:104)
2026-08-26 21:21:44.737 | critical |          Always | TT_FATAL: Kernel group cores do not match sub device cores for programmable core type TENSIX (assert.hpp:104)
2026-08-26 21:21:44.737 | critical |          Always | TT_FATAL: Kernel group cores do not match sub device cores for programmable core type TENSIX (assert.hpp:104)
2026-08-26 21:21:44.737 | critical |          Always | TT_FATAL: Kernel group cores do not match sub device cores for programmable core type TENSIX (assert.hpp:104)
2026-08-26 21:21:44.737 | critical |          Always | TT_FATAL: Kernel group cores do not match sub device cores for programmable core type TENSIX (assert.hpp:104)
2026-08-26 21:21:44.737 | critical |          Always | TT_FATAL: Kernel group cores do not match sub device cores for programmable core type TENSIX (assert.hpp:104)
2026-08-26 21:21:44.737 | critical |          Always | TT_FATAL: Kernel group cores do not match sub device cores for programmable core type TENSIX (assert.hpp:104)
2026-08-26 21:21:44.737 | critical |          Always | TT_FATAL: Kernel group cores do not match sub device cores for programmable core type TENSIX (assert.hpp:104)
2026-08-26 21:21:44.737 | critical |          Always | TT_FATAL: Kernel group cores do not match sub device cores for programmable core type TENSIX (assert.hpp:104)
2026-08-26 21:21:44.737 | critical |          Always | TT_FATAL: Kernel group cores do not match sub device cores for programmable core type TENSIX (assert.hpp:104)
2026-08-26 21:21:44.737 | critical |          Always | TT_FATAL: Kernel group cores do not match sub device cores for programmable core type TENSIX (assert.hpp:104)
2026-08-26 21:21:44.737 | critical |          Always | TT_FATAL: Kernel group cores do not match sub device cores for programmable core type TENSIX (assert.hpp:104)
2026-08-26 21:21:44.737 | critical |          Always | TT_FATAL: Kernel group cores do not match sub device cores for programmable core type TENSIX (assert.hpp:104)
2026-08-26 21:21:44.737 | critical |          Always | TT_FATAL: Kernel group cores do not match sub device cores for programmable core type TENSIX (assert.hpp:104)
2026-08-26 21:21:44.737 | critical |          Always | TT_FATAL: Kernel group cores do not match sub device cores for programmable core type TENSIX (assert.hpp:104)
2026-08-26 21:21:44.737 | critical |          Always | TT_FATAL: Kernel group cores do not match sub device cores for programmable core type TENSIX (assert.hpp:104)
2026-08-26 21:21:44.737 | critical |          Always | TT_FATAL: Kernel group cores do not match sub device cores for programmable core type TENSIX (assert.hpp:104)
2026-08-26 21:21:44.737 | critical |          Always | TT_FATAL: Kernel group cores do not match sub device cores for programmable core type TENSIX (assert.hpp:104)
2026-08-26 21:21:44.737 | critical |          Always | TT_FATAL: Kernel group cores do not match sub device cores for programmable core type TENSIX (assert.hpp:104)
2026-08-26 21:21:44.737 | critical |          Always | TT_FATAL: Kernel group cores do not match sub device cores for programmable core type TENSIX (assert.hpp:104)
2026-08-26 21:21:44.737 | critical |          Always | TT_FATAL: Kernel group cores do not match sub device cores for programmable core type TENSIX (assert.hpp:104)
2026-08-26 21:21:44.737 | critical |          Always | TT_FATAL: Kernel group cores do not match sub device cores for programmable core type TENSIX (assert.hpp:104)
2026-08-26 21:21:44.737 | critical |          Always | TT_FATAL: Kernel group cores do not match sub device cores for programmable core type TENSIX (assert.hpp:104)
2026-08-26 21:21:44.737 | critical |          Always | TT_FATAL: Kernel group cores do not match sub device cores for programmable core type TENSIX (assert.hpp:104)
2026-08-26 21:21:44.737 | critical |          Always | TT_FATAL: Kernel group cores do not match sub device cores for programmable core type TENSIX (assert.hpp:104)
2026-08-26 21:21:44.737 | critical |          Always | TT_FATAL: Kernel group cores do not match sub device cores for programmable core type TENSIX (assert.hpp:104)
2026-08-26 21:21:44.737 | critical |          Always | TT_FATAL: Kernel group cores do not match sub device cores for programmable core type TENSIX (assert.hpp:104)
2026-08-26 21:21:44.737 | critical |          Always | TT_FATAL: Kernel group cores do not match sub device cores for programmable core type TENSIX (assert.hpp:104)
2026-08-26 21:21:44.737 | critical |          Always | TT_FATAL: Kernel group cores do not match sub device cores for programmable core type TENSIX (assert.hpp:104)
2026-08-26 21:21:44.737 | critical |          Always | TT_FATAL: Kernel group cores do not match sub device cores for programmable core type TENSIX (assert.hpp:104)
[stage] FAILED in decode forward
Traceback (most recent call last):
  File "/proj_sw/user_dev/ctr-apbernal/tt-metal/models/common/tests/models/llama33_70b_galaxy/test_bringup_wh_galaxy.py", line 170, in _stage
    yield
  File "/proj_sw/user_dev/ctr-apbernal/tt-metal/models/common/tests/models/llama33_70b_galaxy/test_bringup_wh_galaxy.py", line 284, in test_one_decode_step_executes
    output = model.decode_forward(x_embed, tt_positions, rot_mats)
  File "/proj_sw/user_dev/ctr-apbernal/tt-metal/models/common/models/llama33_70b_galaxy/model.py", line 1326, in decode_forward
    x, h = layer.decode_forward(x, h, rot_mats, metadata)
  File "/proj_sw/user_dev/ctr-apbernal/tt-metal/models/common/models/llama33_70b_galaxy/model.py", line 1121, in decode_forward
    attention_output = self.attention.decode_forward(attention_input, rot_mats, metadata)
  File "/proj_sw/user_dev/ctr-apbernal/tt-metal/models/common/modules/attention/attention_2d.py", line 1010, in decode_forward
    output = low.reduce_output(projected, mode="decode", recipe=None, config=cfg)
  File "/proj_sw/user_dev/ctr-apbernal/tt-metal/models/common/models/galaxy/collectives.py", line 319, in reduce_output
    return self._all_reduce(self._merge_rows(tensor, recipe), mode=mode, cluster_axis=0)
  File "/proj_sw/user_dev/ctr-apbernal/tt-metal/models/common/models/galaxy/collectives.py", line 442, in _all_reduce
    reduced = ttnn.reduce_scatter(
  File "/proj_sw/user_dev/ctr-apbernal/tt-metal/ttnn/ttnn/decorators.py", line 650, in __call__
    result = self.function(*function_args, **function_kwargs)
RuntimeError: TT_FATAL @ /proj_sw/user_dev/ctr-apbernal/tt-metal/tt_metal/impl/program/program.cpp:2205: num_intersections == num_cores
info:
Kernel group cores do not match sub device cores for programmable core type TENSIX
backtrace:
 --- /proj_sw/user_dev/ctr-apbernal/tt-metal/build_Release/lib/_ttnncpp.so(+0x90ad40) [0x740ab859ed40]
 --- /proj_sw/user_dev/ctr-apbernal/tt-metal/build_Release/lib/libtt_metal.so(+0x98b50c) [0x740ab719b50c]
 --- tt::tt_metal::detail::ProgramImpl::determine_sub_device_ids(tt::tt_metal::IDevice const*)
 --- tt::tt_metal::detail::ProgramImpl::validate_circular_buffer_region(tt::tt_metal::IDevice const*)
 --- tt::tt_metal::detail::ProgramImpl::compile_and_allocate(tt::tt_metal::IDevice*, bool)
 --- /proj_sw/user_dev/ctr-apbernal/tt-metal/build_Release/lib/libtt_metal.so(+0xb49115) [0x740ab7359115]
 --- /lib/x86_64-linux-gnu/libstdc++.so.6(+0xdc253) [0x740b79a67253]
 --- /lib/x86_64-linux-gnu/libc.so.6(+0x94a83) [0x740b7c415a83]
 --- /lib/x86_64-linux-gnu/libc.so.6(+0x126890) [0x740b7c4a7890]

[stage] enter close model
[stage] leave close model
FAILEDexit=143
holders_after: 0
