=== Wed Aug 26 23:16:03 UTC 2026 ===
node: models/common/tests/models/llama33_70b_galaxy/test_bringup_wh_galaxy.py::test_one_decode_step_executes
commit: 3c1759ff20ec9f2f9fff98ac8b01ae8cd03838fc
devices: 32
2026-08-26 23:16:25.872 | DEBUG    | ttnn:<module>:78 - Initial ttnn.CONFIG:
Config{cache_path=/home/ctr-apbernal/.cache/ttnn,model_cache_path=/home/ctr-apbernal/.cache/ttnn/models,tmp_dir=/tmp/ttnn,enable_model_cache=false,enable_fast_runtime_mode=true,throw_exception_on_fallback=false,enable_logging=false,enable_graph_report=false,enable_graph_python_stack_traces=false,enable_detailed_buffer_report=false,enable_detailed_tensor_report=false,enable_comparison_mode=false,comparison_mode_should_raise_exception=false,comparison_mode_pcc=0.9999,root_report_path=generated/ttnn/reports,report_name=std::nullopt,std::nullopt}
============================= test session starts ==============================
platform linux -- Python 3.10.21, pytest-9.0.3, pluggy-1.6.0 -- /proj_sw/user_dev/ctr-apbernal/tt-metal/python_env/bin/python
benchmark: 5.2.3 (defaults: timer=time.perf_counter disable_gc=False min_rounds=5 min_time=0.000005 max_time=1.0 calibration_precision=10 warmup=False warmup_iterations=100000)
rootdir: /proj_sw/user_dev/ctr-apbernal/tt-metal
configfile: pytest.ini
plugins: cov-7.0.0, dash-2.15.0, benchmark-5.2.3, repeat-0.9.4, anyio-4.14.2, timeout-2.4.0, github-actions-annotate-failures-0.3.0, split-0.11.0
timeout: 900.0s
timeout method: signal
timeout func_only: False
collecting ... collected 1 item

models/common/tests/models/llama33_70b_galaxy/test_bringup_wh_galaxy.py::test_one_decode_step_executes[wormhole_b0-8x4-device_params0] Fetching 3 files:   0%|          | 0/3 [00:00<?, ?it/s]Fetching 3 files: 100%|██████████| 3/3 [00:00<00:00, 2003.97it/s]
[transformers] `torch_dtype` is deprecated! Use `dtype` instead!
2026-08-26 23:18:12.525 | info     |          Device | Opening user mode device driver (tt_cluster.cpp:228)
2026-08-26 23:18:12.525 | info     |             UMD | Cluster constructor started. (cluster.cpp:389)
2026-08-26 23:18:12.545 | info     |             UMD | Creating TopologyDiscovery for architecture: wormhole_b0 (topology_discovery.cpp:96)
2026-08-26 23:18:12.545 | info     |             UMD | Starting topology discovery. (topology_discovery.cpp:115)
TIMEOUT after 420s
  signal -TERM 210634 (comm=python)
NOTE: reaped on timeout; the mesh needs a glx_reset before the next run.
exit=124
holders_after: 0
