2026-07-29 19:51:30.537 | DEBUG    | ttnn:<module>:79 - Initial ttnn.CONFIG:
Config{cache_path=/home/mvasiljevic/.cache/ttnn,model_cache_path=/home/mvasiljevic/.cache/ttnn/models,tmp_dir=/tmp/ttnn,enable_model_cache=false,enable_fast_runtime_mode=true,throw_exception_on_fallback=false,enable_logging=false,enable_graph_report=false,enable_graph_python_stack_traces=false,enable_detailed_buffer_report=false,enable_detailed_tensor_report=false,enable_comparison_mode=false,comparison_mode_should_raise_exception=false,comparison_mode_pcc=0.9999,root_report_path=generated/ttnn/reports,report_name=std::nullopt,std::nullopt}
2026-07-29 19:51:32.879 | info     |          Device | Opening user mode device driver (tt_cluster.cpp:228)
2026-07-29 19:51:32.879 | info     |             UMD | Cluster constructor started. (cluster.cpp:348)
2026-07-29 19:51:32.879 | info     |             UMD | Creating TopologyDiscovery for architecture: blackhole (topology_discovery.cpp:91)
2026-07-29 19:51:32.879 | info     |             UMD | Starting topology discovery. (topology_discovery.cpp:110)
2026-07-29 19:51:32.880 | info     |             UMD | Established firmware bundle version: 19.8.0 (topology_discovery.cpp:569)
2026-07-29 19:51:32.880 | info     |             UMD | Firmware bundle version 19.8.0 on the system is newer than the latest fully tested version 19.5.0 for blackhole architecture. Newest features may not be supported. (topology_discovery.cpp:601)
2026-07-29 19:51:32.885 | info     |             UMD | Completed topology discovery. (topology_discovery.cpp:114)
2026-07-29 19:51:33.108 | info     |             UMD | Opening local chip ids/PCIe ids: {0, 1, 2, 3}/[0, 1, 2, 3] and remote chip ids {} (cluster.cpp:168)
2026-07-29 19:51:33.109 | info     |             UMD | IOMMU: enabled (cluster.cpp:142)
2026-07-29 19:51:33.109 | info     |             UMD | KMD version: 2.8.0 (cluster.cpp:145)
2026-07-29 19:51:33.109 | info     |             UMD | Cluster constructor completed. (cluster.cpp:520)
2026-07-29 19:51:33.110 | info     |             UMD | Starting devices in cluster (cluster.cpp:1024)
2026-07-29 19:51:33.316 | info     |             UMD | Starting devices in cluster completed. (cluster.cpp:1032)
2026-07-29 19:51:33.446 | DEBUG    | ttnn.device:__init__:152 - Using default dispatch core type for this system: DispatchCoreType.WORKER
2026-07-29 19:51:33.446 | DEBUG    | ttnn.device:__init__:154 - Using default dispatch core axis for this system: DispatchCoreAxis.COL
2026-07-29 19:51:33.446 | info     |     Distributed | Using auto discovery to generate mesh graph. (metal_env.cpp:367)
2026-07-29 19:51:33.446 | info     |     Distributed | Constructing control plane using auto-discovery (no mesh graph descriptor). (metal_env.cpp:429)
2026-07-29 19:51:33.447 | warning  |          Always | Unknown motherboard 'B850M-C' for chip_id=0 (bus_id=0x1) — falling back to bus_id as tray_id. Add this motherboard and its bus IDs to mobo_to_bus_ids in physical_system_discovery.cpp. (physical_system_discovery.cpp:89)
2026-07-29 19:51:33.447 | warning  |          Always | Unknown motherboard 'B850M-C' for chip_id=1 (bus_id=0x2) — falling back to bus_id as tray_id. Add this motherboard and its bus IDs to mobo_to_bus_ids in physical_system_discovery.cpp. (physical_system_discovery.cpp:89)
2026-07-29 19:51:33.447 | warning  |          Always | Unknown motherboard 'B850M-C' for chip_id=2 (bus_id=0x3) — falling back to bus_id as tray_id. Add this motherboard and its bus IDs to mobo_to_bus_ids in physical_system_discovery.cpp. (physical_system_discovery.cpp:89)
2026-07-29 19:51:33.447 | warning  |          Always | Unknown motherboard 'B850M-C' for chip_id=3 (bus_id=0x4) — falling back to bus_id as tray_id. Add this motherboard and its bus IDs to mobo_to_bus_ids in physical_system_discovery.cpp. (physical_system_discovery.cpp:89)
2026-07-29 19:51:33.447 | warning  |          Always | Unknown motherboard 'B850M-C' for chip_id=1 (bus_id=0x2) — falling back to bus_id as tray_id. Add this motherboard and its bus IDs to mobo_to_bus_ids in physical_system_discovery.cpp. (physical_system_discovery.cpp:89)
2026-07-29 19:51:33.447 | warning  |          Always | Unknown motherboard 'B850M-C' for chip_id=0 (bus_id=0x1) — falling back to bus_id as tray_id. Add this motherboard and its bus IDs to mobo_to_bus_ids in physical_system_discovery.cpp. (physical_system_discovery.cpp:89)
2026-07-29 19:51:33.447 | warning  |          Always | Unknown motherboard 'B850M-C' for chip_id=2 (bus_id=0x3) — falling back to bus_id as tray_id. Add this motherboard and its bus IDs to mobo_to_bus_ids in physical_system_discovery.cpp. (physical_system_discovery.cpp:89)
2026-07-29 19:51:33.447 | warning  |          Always | Unknown motherboard 'B850M-C' for chip_id=3 (bus_id=0x4) — falling back to bus_id as tray_id. Add this motherboard and its bus IDs to mobo_to_bus_ids in physical_system_discovery.cpp. (physical_system_discovery.cpp:89)
2026-07-29 19:51:33.447 | info     |          Fabric | Logical multi-mesh adjacency: intermesh degree histogram {0:1}; intra-mesh degree histograms mesh0 {2:4} (topology_mapper_utils.cpp:2342)
2026-07-29 19:51:33.447 | info     |          Fabric | Physical multi-mesh adjacency: intermesh degree histogram {0:1}; intra-mesh degree histograms mesh0 {2:4} (topology_mapper_utils.cpp:2350)
2026-07-29 19:51:33.451 | info     |    BuildKernels | Using pre-compiled firmware from: /home/mvasiljevic/tt-metal/tt_metal/pre-compiled/13793420398762238087/ (build_env_manager.cpp:347)
2026-07-29 19:51:33.453 | info     |    BuildKernels | Using pre-compiled firmware from: /home/mvasiljevic/tt-metal/tt_metal/pre-compiled/13793420398762238087/ (build_env_manager.cpp:347)
2026-07-29 19:51:33.453 | info     |    BuildKernels | Using pre-compiled firmware from: /home/mvasiljevic/tt-metal/tt_metal/pre-compiled/13793420398762238087/ (build_env_manager.cpp:347)
2026-07-29 19:51:33.453 | info     |    BuildKernels | Using pre-compiled firmware from: /home/mvasiljevic/tt-metal/tt_metal/pre-compiled/13793420398762238087/ (build_env_manager.cpp:347)
2026-07-29 19:51:33.481 | warning  |           Metal | Opening subset of mmio devices slows down UMD read/write to remote chips. If opening more devices, consider using CreateDevices API. (device_manager.cpp:261)
2026-07-29 19:51:33.520 | info     |           Metal | ShmResourceTracker: removed orphaned shm '/tt_device_154095681929600_memory' (shm_resource_tracker.cpp:282)
2026-07-29 19:51:34.097 | info     |           Metal | [Real-time profiler] Device 3 sync complete: 100 samples, frequency=1.349983 GHz, device_time_at_sync=7146973726448 cycles (realtime_profiler_manager.cpp:1127)
2026-07-29 19:51:34.547 | INFO     | tracy:signpost:49 - PERF_DECODE
2026-07-29 19:51:34.574 | INFO     | tracy:signpost:49 - PERF_DECODE_END
FALLBACK_AUDIT throw_exception_on_fallback=True
DECODER_PATH models.autoports.qwen_qwen3_6_27b.tt.fused_decoder FusedDecoder
FULL_TRACED_SYNTHETIC_PCC batch=32 step=1 0.9995063482960221
FULL_TRACED_SYNTHETIC_PCC batch=32 step=2 0.9997034249011736
FULL_TRACED_SYNTHETIC_LATENCY batch=32 median_ms=2.650596 min_ms=2.648652 iterations=10
nanobind: leaked 2 instances!
 - leaked instance 0x7b8768161308 of type "ttnn._ttnn.device.DispatchCoreConfig"
 - leaked instance 0x7b875c741c98 of type "ttnn._ttnn.tensor.CoreRangeSet"
nanobind: leaked 43 types!
 - leaked type "DispatchCoreAxis"
 - leaked type "ttnn._ttnn.device.SubDeviceManagerId"
 - leaked type "ttnn._ttnn.types.iterator"
 - leaked type "MathFidelity"
 - leaked type "ttnn._ttnn.operations.matmul.MatmulMultiCoreReuseMultiCast1DProgramConfig"
 - leaked type "ttnn._ttnn.types.Shape"
 - leaked type "ttnn._ttnn.operations.matmul.MatmulInputs"
 - leaked type "ttnn._ttnn.operations.matmul.MatmulMultiCoreReuseMultiCastBatchedDRAMShardedProgramConfig"
 - leaked type "BufferType"
 - leaked type "UnaryOpType"
 - ... skipped remainder
nanobind: leaked 345 functions!
 - leaked function "extract_shard"
 - leaked function ""
 - leaked function ""
 - leaked function "is_sharded"
 - leaked function ""
 - leaked function "to_numpy"
 - leaked function ""
 - leaked function "__eq__"
 - leaked function ""
 - leaked function ""
 - ... skipped remainder
nanobind: this is likely caused by a reference counting issue in the binding code.
See https://nanobind.readthedocs.io/en/latest/refleaks.html2026-07-29 19:51:35.630 | info     |    BuildKernels | JIT cache stats: 187/187 hits (100.0%) [187 cached, 50 build-once dedup, 0 merged artifacts, 0 merged genfiles] (build_cache_telemetry.cpp:207)
2026-07-29 19:51:35.630 | info     |    BuildKernels | JIT telemetry: 3 registered TelemetryTokens (build_cache_telemetry.cpp:230)
2026-07-29 19:51:35.642 | info     |          Device | Closing user mode device drivers (tt_cluster.cpp:512)
2026-07-29 19:51:35.642 | info     |             UMD | Closing devices in cluster (cluster.cpp:1037)
2026-07-29 19:51:36.259 | info     |             UMD | Closing devices in cluster completed. (cluster.cpp:1046)
2026-07-29 19:51:36.259 | info     |             UMD | Cluster destructor started. (cluster.cpp:754)
2026-07-29 19:51:36.259 | info     |             UMD | Cluster destructor completed. (cluster.cpp:757)
