Connecting to 127.0.0.1:8086...============================= test session starts ==============================
platform linux -- Python 3.12.13, pytest-9.0.3, pluggy-1.6.0 -- /home/mvasiljevic/tt-metal/python_env/bin/python
cachedir: .pytest_cache
benchmark: 5.2.3 (defaults: timer=time.perf_counter disable_gc=False min_rounds=5 min_time=0.000005 max_time=1.0 calibration_precision=10 warmup=False warmup_iterations=100000)
rootdir: /home/mvasiljevic/tt-metal
configfile: pytest.ini
plugins: github-actions-annotate-failures-0.3.0, anyio-4.14.2, dash-2.15.0, split-0.11.0, timeout-2.4.0, benchmark-5.2.3, cov-7.0.0
timeout: 300.0s
timeout method: signal
timeout func_only: False
collecting ... collected 10 items / 9 deselected / 1 selected

models/autoports/microsoft_phi_3_5_mini_instruct/tests/test_optimized_decoder.py::test_optimized_prefill_batch32_pcc_and_warmed_latency 2026-07-30 09:37:16.795 | info     |          Device | Opening user mode device driver (tt_cluster.cpp:228)
2026-07-30 09:37:16.795 | info     |             UMD | Cluster constructor started. (cluster.cpp:348)
2026-07-30 09:37:16.795 | info     |             UMD | Creating TopologyDiscovery for architecture: blackhole (topology_discovery.cpp:91)
2026-07-30 09:37:16.795 | info     |             UMD | Starting topology discovery. (topology_discovery.cpp:110)
2026-07-30 09:37:16.797 | info     |             UMD | Established firmware bundle version: 19.8.0 (topology_discovery.cpp:569)
2026-07-30 09:37:16.797 | info     |             UMD | Firmware bundle version 19.8.0 on the system is newer than the latest fully tested version 19.5.0 for blackhole architecture. Newest features may not be supported. (topology_discovery.cpp:601)
2026-07-30 09:37:16.801 | info     |             UMD | Completed topology discovery. (topology_discovery.cpp:114)
2026-07-30 09:37:17.021 | info     |             UMD | Opening local chip ids/PCIe ids: {0, 1, 2, 3}/[0, 1, 2, 3] and remote chip ids {} (cluster.cpp:168)
2026-07-30 09:37:17.021 | info     |             UMD | IOMMU: enabled (cluster.cpp:142)
2026-07-30 09:37:17.021 | info     |             UMD | KMD version: 2.8.0 (cluster.cpp:145)
2026-07-30 09:37:17.021 | info     |             UMD | Cluster constructor completed. (cluster.cpp:520)
2026-07-30 09:37:17.023 | info     |             UMD | Starting devices in cluster (cluster.cpp:1024)
2026-07-30 09:37:17.204 | info     |             UMD | Starting devices in cluster completed. (cluster.cpp:1032)
2026-07-30 09:37:17.330 | info     |     Distributed | Using auto discovery to generate mesh graph. (metal_env.cpp:367)
2026-07-30 09:37:17.330 | info     |     Distributed | Constructing control plane using auto-discovery (no mesh graph descriptor). (metal_env.cpp:429)
2026-07-30 09:37:17.330 | warning  |          Always | Unknown motherboard 'B850M-C' for chip_id=0 (bus_id=0x1) — falling back to bus_id as tray_id. Add this motherboard and its bus IDs to mobo_to_bus_ids in physical_system_discovery.cpp. (physical_system_discovery.cpp:89)
2026-07-30 09:37:17.330 | warning  |          Always | Unknown motherboard 'B850M-C' for chip_id=1 (bus_id=0x2) — falling back to bus_id as tray_id. Add this motherboard and its bus IDs to mobo_to_bus_ids in physical_system_discovery.cpp. (physical_system_discovery.cpp:89)
2026-07-30 09:37:17.330 | warning  |          Always | Unknown motherboard 'B850M-C' for chip_id=2 (bus_id=0x3) — falling back to bus_id as tray_id. Add this motherboard and its bus IDs to mobo_to_bus_ids in physical_system_discovery.cpp. (physical_system_discovery.cpp:89)
2026-07-30 09:37:17.330 | warning  |          Always | Unknown motherboard 'B850M-C' for chip_id=3 (bus_id=0x4) — falling back to bus_id as tray_id. Add this motherboard and its bus IDs to mobo_to_bus_ids in physical_system_discovery.cpp. (physical_system_discovery.cpp:89)
2026-07-30 09:37:17.330 | warning  |          Always | Unknown motherboard 'B850M-C' for chip_id=1 (bus_id=0x2) — falling back to bus_id as tray_id. Add this motherboard and its bus IDs to mobo_to_bus_ids in physical_system_discovery.cpp. (physical_system_discovery.cpp:89)
2026-07-30 09:37:17.330 | warning  |          Always | Unknown motherboard 'B850M-C' for chip_id=0 (bus_id=0x1) — falling back to bus_id as tray_id. Add this motherboard and its bus IDs to mobo_to_bus_ids in physical_system_discovery.cpp. (physical_system_discovery.cpp:89)
2026-07-30 09:37:17.330 | warning  |          Always | Unknown motherboard 'B850M-C' for chip_id=2 (bus_id=0x3) — falling back to bus_id as tray_id. Add this motherboard and its bus IDs to mobo_to_bus_ids in physical_system_discovery.cpp. (physical_system_discovery.cpp:89)
2026-07-30 09:37:17.330 | warning  |          Always | Unknown motherboard 'B850M-C' for chip_id=3 (bus_id=0x4) — falling back to bus_id as tray_id. Add this motherboard and its bus IDs to mobo_to_bus_ids in physical_system_discovery.cpp. (physical_system_discovery.cpp:89)
2026-07-30 09:37:17.330 | info     |          Fabric | Logical multi-mesh adjacency: intermesh degree histogram {0:1}; intra-mesh degree histograms mesh0 {2:4} (topology_mapper_utils.cpp:2342)
2026-07-30 09:37:17.330 | info     |          Fabric | Physical multi-mesh adjacency: intermesh degree histogram {0:1}; intra-mesh degree histograms mesh0 {2:4} (topology_mapper_utils.cpp:2350)
2026-07-30 09:37:17.370 | warning  |           Metal | Opening subset of mmio devices slows down UMD read/write to remote chips. If opening more devices, consider using CreateDevices API. (device_manager.cpp:261)
2026-07-30 09:37:17.377 | info     |           Metal | Profiler started on device 3 (profiler_initializer.cpp:49)
2026-07-30 09:37:17.418 | info     |           Metal | ShmResourceTracker: removed orphaned shm '/tt_device_154095681929600_memory' (shm_resource_tracker.cpp:282)
2026-07-30 09:37:17.998 | info     |           Metal | [Real-time profiler] Device 3 sync complete: 100 samples, frequency=1.349982 GHz, device_time_at_sync=32699475058843 cycles (realtime_profiler_manager.cpp:1127)
PHI35_HOST_TIMED_PREFILL_B32_E2E_US: 20222.391
HF-vs-TTNN optimized batch32 prefill PCC: Max ATOL Delta: 0.1171875, Max RTOL Delta: nan, PCC: 0.999894770391813
PASSED2026-07-30 09:37:25.648 | info     |           Metal | Device kernel duration perf summary (device=3): count=352, min=768ns, avg=108346.9ns, max=5772358ns (profiler_analysis.cpp:675)
2026-07-30 09:37:25.648 | info     |           Metal | Device kernel duration perf histogram (device=3): (buckets=10, bucket_size=577200ns, range=[0..5772000), underflow(<0ns)=0, overflow(>=5772000ns)=2) (profiler_analysis.cpp:718)
2026-07-30 09:37:25.648 | info     |           Metal |   [           0 ..       577200) |########################################|      344 (profiler_analysis.cpp:723)
2026-07-30 09:37:25.648 | info     |           Metal |   [      577200 ..      1154400) |                                        |        0 (profiler_analysis.cpp:723)
2026-07-30 09:37:25.648 | info     |           Metal |   [     1154400 ..      1731600) |                                        |        0 (profiler_analysis.cpp:723)
2026-07-30 09:37:25.648 | info     |           Metal |   [     1731600 ..      2308800) |                                        |        4 (profiler_analysis.cpp:723)
2026-07-30 09:37:25.648 | info     |           Metal |   [     2308800 ..      2886000) |                                        |        0 (profiler_analysis.cpp:723)
2026-07-30 09:37:25.648 | info     |           Metal |   [     2886000 ..      3463200) |                                        |        0 (profiler_analysis.cpp:723)
2026-07-30 09:37:25.648 | info     |           Metal |   [     3463200 ..      4040400) |                                        |        0 (profiler_analysis.cpp:723)
2026-07-30 09:37:25.648 | info     |           Metal |   [     4040400 ..      4617600) |                                        |        0 (profiler_analysis.cpp:723)
2026-07-30 09:37:25.648 | info     |           Metal |   [     4617600 ..      5194800) |                                        |        2 (profiler_analysis.cpp:723)
2026-07-30 09:37:25.648 | info     |           Metal |   [     5194800 ..      5772000) |                                        |        0 (profiler_analysis.cpp:723)


==================================== PASSES ====================================
____________ test_optimized_prefill_batch32_pcc_and_warmed_latency _____________
------------------------------ Captured log call -------------------------------
WARNING  transformers_modules.microsoft.Phi_hyphen_3_dot_5_hyphen_mini_hyphen_instruct.2fe192450127e6a83f7441aef6e3ca586c338b77.modeling_phi3:modeling_phi3.py:62 `flash-attention` package not found, consider installing for better performance: No module named 'flash_attn'.
WARNING  transformers_modules.microsoft.Phi_hyphen_3_dot_5_hyphen_mini_hyphen_instruct.2fe192450127e6a83f7441aef6e3ca586c338b77.modeling_phi3:modeling_phi3.py:66 Current `flash-attention` does not support `window_size`. Either upgrade or use `attn_implementation='eager'`.
WARNING  transformers_modules.microsoft.Phi_hyphen_3_dot_5_hyphen_mini_hyphen_instruct.2fe192450127e6a83f7441aef6e3ca586c338b77.modeling_phi3:logging.py:340 You are not running the flash-attention implementation, expect numerical differences.
- generated xml file: /home/mvasiljevic/tt-metal/generated/test_reports/most_recent_tests.xml -
============================== slowest durations ===============================
7.26s call     models/autoports/microsoft_phi_3_5_mini_instruct/tests/test_optimized_decoder.py::test_optimized_prefill_batch32_pcc_and_warmed_latency
1.40s setup    models/autoports/microsoft_phi_3_5_mini_instruct/tests/test_optimized_decoder.py::test_optimized_prefill_batch32_pcc_and_warmed_latency
0.62s teardown models/autoports/microsoft_phi_3_5_mini_instruct/tests/test_optimized_decoder.py::test_optimized_prefill_batch32_pcc_and_warmed_latency
=========================== short test summary info ============================
PASSED models/autoports/microsoft_phi_3_5_mini_instruct/tests/test_optimized_decoder.py::test_optimized_prefill_batch32_pcc_and_warmed_latency
======================= 1 passed, 9 deselected in 9.97s ========================
2026-07-30 09:37:27.693 | info     |    BuildKernels | JIT cache stats: 72/125 hits (57.6%) [72 cached, 78 build-once dedup, 0 merged artifacts, 0 merged genfiles] (build_cache_telemetry.cpp:207)
2026-07-30 09:37:27.693 | info     |    BuildKernels | JIT telemetry: 3 registered TelemetryTokens (build_cache_telemetry.cpp:230)
2026-07-30 09:37:27.705 | info     |          Device | Closing user mode device drivers (tt_cluster.cpp:512)
2026-07-30 09:37:27.705 | info     |             UMD | Closing devices in cluster (cluster.cpp:1037)
2026-07-30 09:37:28.303 | info     |             UMD | Closing devices in cluster completed. (cluster.cpp:1046)
2026-07-30 09:37:28.303 | info     |             UMD | Cluster destructor started. (cluster.cpp:754)
2026-07-30 09:37:28.303 | info     |             UMD | Cluster destructor completed. (cluster.cpp:757)

Timer resolution: 0 ns

Frames: 2
Time span: 15.19 s
Zones: 296,504
Elapsed time: 13.71 s
Saving trace... done!
Trace size 2786.61 KB (17.65% ratio)
