[93m CPLD FW v1.16 or higher is required to use tt-smi -r on Galaxy systems. If tt-smi -r fails, please continue to use tt-smi -glx_reset instead and contact your system administrator to request a CPLD update. [0m
Resetting all PCI devices: [8, 9, 12, 13, 15, 16, 17, 18, 19, 20, 21, 22, 23, 24, 25, 26, 27, 28, 29, 30, 31]
[95m Re-initializing boards after reset.... [0m
[91m Error when re-initializing chips!
 Read 0xffffffff over PCIe ID 17: the board should be reset.
Location: /project/device/tt_device/tt_device.cpp:242
 1. /tmp/_MEIuQqxV0/tt_umd/tt_umd.cpython-310-x86_64-linux-gnu.so(+0xedeb5) [0x73d05641deb5]
 2. tt::umd::TTDevice::init_tt_device(std::chrono::duration<long, std::ratio<1l, 1000l> >, std::__cxx11::basic_string<char, std::char_traits<char>, std::allocator<char> > const&)
 3. tt::umd::TopologyDiscovery::get_connected_devices()
 4. tt::umd::TopologyDiscovery::create_ethernet_map()
 5. tt::umd::TopologyDiscovery::discover(tt::umd::TopologyDiscoveryOptions const&, tt::umd::IODeviceType, std::__cxx11::basic_string<char, std::char_traits<char>, std::allocator<char> > const&)
 6. /tmp/_MEIuQqxV0/tt_umd/tt_umd.cpython-310-x86_64-linux-gnu.so(+0x186951) [0x73d0564b6951]
 7. /tmp/_MEIuQqxV0/tt_umd/tt_umd.cpython-310-x86_64-linux-gnu.so(+0x1a0833) [0x73d0564d0833]
 8. _PyEval_EvalFrameDefault
 9. /tmp/_MEIuQqxV0/libpython3.10.so.1.0(+0x1b2026) [0x73d05804c026]
10. _PyEval_EvalFrameDefault
11. /tmp/_MEIuQqxV0/libpython3.10.so.1.0(+0x1b2026) [0x73d05804c026]
12. _PyEval_EvalFrameDefault
13. /tmp/_MEIuQqxV0/libpython3.10.so.1.0(+0x1b2026) [0x73d05804c026]
14. PyEval_EvalCode
15. /lib/x86_64-linux-gnu/libc.so.6(+0x29d90) [0x73d058272d90]
16. __libc_start_main
 [0m
exit=1
