2026-08-14 14:10:59.852 | DEBUG    | ttnn:<module>:78 - Initial ttnn.CONFIG:
Config{cache_path=/home/raahem/.cache/ttnn,model_cache_path=/home/raahem/.cache/ttnn/models,tmp_dir=/tmp/ttnn,enable_model_cache=false,enable_fast_runtime_mode=true,validate_program_args=false,throw_exception_on_fallback=false,enable_logging=false,enable_graph_report=false,enable_graph_python_stack_traces=false,enable_detailed_buffer_report=false,enable_detailed_tensor_report=false,enable_comparison_mode=false,comparison_mode_should_raise_exception=false,comparison_mode_pcc=0.9999,root_report_path=generated/ttnn/reports,report_name=std::nullopt,std::nullopt}
2026-08-14 14:10:59.982 | info     |          Device | Opening user mode device driver (tt_cluster.cpp:228)
2026-08-14 14:10:59.982 | info     |             UMD | Cluster constructor started. (cluster.cpp:389)
2026-08-14 14:10:59.982 | info     |             UMD | Creating TopologyDiscovery for architecture: blackhole (topology_discovery.cpp:96)
2026-08-14 14:10:59.982 | info     |             UMD | Starting topology discovery. (topology_discovery.cpp:115)
2026-08-14 14:10:59.993 | info     |             UMD | Established firmware bundle version: 19.8.99 (topology_discovery.cpp:575)
2026-08-14 14:10:59.994 | info     |             UMD | Completed topology discovery. (topology_discovery.cpp:119)
2026-08-14 14:11:00.072 | info     |             UMD | Opening local chip ids/PCIe ids: {0, 1, 2, 3}/[0, 1, 2, 3] and remote chip ids {} (cluster.cpp:173)
2026-08-14 14:11:00.072 | info     |             UMD | IOMMU: enabled (cluster.cpp:147)
2026-08-14 14:11:00.072 | info     |             UMD | KMD version: 2.10.0 (cluster.cpp:150)
2026-08-14 14:11:00.072 | info     |             UMD | Cluster constructor completed. (cluster.cpp:648)
2026-08-14 14:11:00.074 | info     |             UMD | Starting devices in cluster (cluster.cpp:1184)
2026-08-14 14:11:00.222 | info     |             UMD | Starting devices in cluster completed. (cluster.cpp:1192)
2026-08-14 14:11:00.340 | info     |     Distributed | Using auto discovery to generate mesh graph. (metal_env.cpp:437)
2026-08-14 14:11:00.340 | info     |     Distributed | Constructing control plane using auto-discovery (no mesh graph descriptor). (metal_env.cpp:499)
2026-08-14 14:11:00.340 | warning  |          Always | Unknown motherboard 'B850M-C' for chip_id=0 (bus_id=0x1) — falling back to bus_id as tray_id. Add this motherboard and its bus IDs to mobo_to_bus_ids in physical_system_discovery.cpp. (physical_system_discovery.cpp:119)
2026-08-14 14:11:00.340 | info     |          Fabric | Logical multi-mesh adjacency: intermesh degree histogram {0:1}; intra-mesh degree histograms mesh0 {2:4} (topology_mapper_utils.cpp:3329)
2026-08-14 14:11:00.340 | info     |          Fabric | Physical multi-mesh adjacency: intermesh degree histogram {0:1}; intra-mesh degree histograms mesh0 {2:4} (topology_mapper_utils.cpp:3337)
2026-08-14 14:11:00.396 | info     |       LLRuntime | Watcher log file: /home/raahem/tt-metal/generated/watcher/watcher.log (watcher_server.cpp:296)
2026-08-14 14:11:00.396 | info     |       LLRuntime | Watcher server initialized, disabled features: ETH (watcher_server.cpp:565)
2026-08-14 14:11:00.396 | info     |           Metal | Watcher checking device 0 (watcher_device_reader.cpp:415)
2026-08-14 14:11:00.401 | info     |           Metal | Watcher checking device 1 (watcher_device_reader.cpp:415)
2026-08-14 14:11:00.403 | info     |           Metal | Initializing Fabric (fabric_firmware_initializer.cpp:296)
2026-08-14 14:11:00.407 | info     |           Metal | Watcher checking device 2 (watcher_device_reader.cpp:415)
2026-08-14 14:11:00.413 | info     |           Metal | Watcher checking device 3 (watcher_device_reader.cpp:415)
2026-08-14 14:11:00.435 | info     |           Metal | Fabric initialized on 4 devices (fabric_firmware_initializer.cpp:444)
2026-08-14 14:11:00.435 | info     |           Metal | Fabric Initialized with config FabricConfig::FABRIC_1D_RING (fabric_firmware_initializer.cpp:313)
default_topology(mesh) = Topology.Linear  num_devices = 4  get_num_links(1) = 2
[layer_width_default_knobs] width=512 kwargs={'persistent_output_buffer': 'None', 'dim': '3', 'num_links': '1', 'topology': 'Topology.Ring'} barrier=True
[layer_width_default_knobs] first call OK, out width 2048
[layer_width_default_knobs] 10 calls OK
[layer_width_default_knobs] RESULT clean
nanobind: leaked 1 instances!
 - leaked instance 0x72d8e6bd5a58 of type "ttnn._ttnn.tensor.CoreRangeSet"
nanobind: leaked 43 types!
 - leaked type "DispatchCoreAxis"
 - leaked type "ttnn._ttnn.device.SubDeviceManagerId"
 - leaked type "MathFidelity"
 - leaked type "ttnn._ttnn.operations.matmul.MatmulMultiCoreReuseMultiCast1DProgramConfig"
 - leaked type "ttnn._ttnn.types.Shape"
 - leaked type "ttnn._ttnn.operations.matmul.MatmulInputs"
 - leaked type "ttnn._ttnn.operations.matmul.MatmulMultiCoreReuseMultiCastBatchedDRAMShardedProgramConfig"
 - leaked type "BufferType"
 - leaked type "UnaryOpType"
 - leaked type "Layout"
 - ... skipped remainder
nanobind: leaked 347 functions!
 - leaked function "terminate_fast_dispatch"
 - leaked function "device_coords"
 - leaked function "__init__"
 - leaked function ""
 - leaked function "__init__"
 - leaked function ""
 - leaked function "__repr__"
 - leaked function "set_program_cache_misses_allowed"
 - leaked function ""
 - leaked function ""
 - ... skipped remainder
nanobind: this is likely caused by a reference counting issue in the binding code.
See https://nanobind.readthedocs.io/en/latest/refleaks.html2026-08-14 14:11:01.746 | info     |    BuildKernels | JIT cache stats: 69/69 hits (100.0%) [69 cached, 24 build-once dedup, 0 merged artifacts, 0 merged genfiles] (build_cache_telemetry.cpp:207)
2026-08-14 14:11:01.746 | info     |    BuildKernels | JIT telemetry: 3 registered TelemetryTokens (build_cache_telemetry.cpp:230)
2026-08-14 14:11:01.746 | info     |       LLRuntime | Watcher thread stopped watching... (watcher_server.cpp:613)
2026-08-14 14:11:01.758 | info     |          Device | Closing user mode device drivers (tt_cluster.cpp:513)
2026-08-14 14:11:01.758 | info     |             UMD | Closing devices in cluster (cluster.cpp:1197)
2026-08-14 14:11:02.358 | info     |             UMD | Closing devices in cluster completed. (cluster.cpp:1206)
2026-08-14 14:11:02.358 | info     |             UMD | Cluster destructor started. (cluster.cpp:912)
2026-08-14 14:11:02.358 | info     |             UMD | Cluster destructor completed. (cluster.cpp:915)
