2026-08-03 12:45:35.464 | DEBUG    | ttnn:<module>:79 - Initial ttnn.CONFIG:
Config{cache_path=/home/mvasiljevic/.cache/ttnn,model_cache_path=/home/mvasiljevic/.cache/ttnn/models,tmp_dir=/tmp/ttnn,enable_model_cache=false,enable_fast_runtime_mode=true,throw_exception_on_fallback=false,enable_logging=false,enable_graph_report=false,enable_graph_python_stack_traces=false,enable_detailed_buffer_report=false,enable_detailed_tensor_report=false,enable_comparison_mode=false,comparison_mode_should_raise_exception=false,comparison_mode_pcc=0.9999,root_report_path=generated/ttnn/reports,report_name=std::nullopt,std::nullopt}
2026-08-03 12:45:35.534 | info     |          Device | Opening user mode device driver (tt_cluster.cpp:228)
2026-08-03 12:45:35.534 | info     |             UMD | Cluster constructor started. (cluster.cpp:348)
2026-08-03 12:45:35.534 | info     |             UMD | Creating TopologyDiscovery for architecture: blackhole (topology_discovery.cpp:91)
2026-08-03 12:45:35.534 | info     |             UMD | Starting topology discovery. (topology_discovery.cpp:110)
2026-08-03 12:45:35.535 | info     |             UMD | Established firmware bundle version: 19.8.0 (topology_discovery.cpp:569)
2026-08-03 12:45:35.535 | info     |             UMD | Firmware bundle version 19.8.0 on the system is newer than the latest fully tested version 19.5.0 for blackhole architecture. Newest features may not be supported. (topology_discovery.cpp:601)
2026-08-03 12:45:35.539 | info     |             UMD | Completed topology discovery. (topology_discovery.cpp:114)
2026-08-03 12:45:35.765 | info     |             UMD | Opening local chip ids/PCIe ids: {0, 1, 2, 3}/[0, 1, 2, 3] and remote chip ids {} (cluster.cpp:168)
2026-08-03 12:45:35.765 | info     |             UMD | IOMMU: enabled (cluster.cpp:142)
2026-08-03 12:45:35.765 | info     |             UMD | KMD version: 2.8.0 (cluster.cpp:145)
2026-08-03 12:45:35.765 | info     |             UMD | Cluster constructor completed. (cluster.cpp:520)
2026-08-03 12:45:35.766 | info     |             UMD | Starting devices in cluster (cluster.cpp:1024)
2026-08-03 12:45:35.892 | info     |             UMD | Starting devices in cluster completed. (cluster.cpp:1032)
2026-08-03 12:45:36.019 | DEBUG    | ttnn.device:__init__:152 - Using default dispatch core type for this system: DispatchCoreType.WORKER
2026-08-03 12:45:36.020 | DEBUG    | ttnn.device:__init__:154 - Using default dispatch core axis for this system: DispatchCoreAxis.COL
2026-08-03 12:45:36.020 | info     |     Distributed | Using auto discovery to generate mesh graph. (metal_env.cpp:367)
2026-08-03 12:45:36.020 | info     |     Distributed | Constructing control plane using auto-discovery (no mesh graph descriptor). (metal_env.cpp:429)
2026-08-03 12:45:36.020 | warning  |          Always | Unknown motherboard 'B850M-C' for chip_id=0 (bus_id=0x1) — falling back to bus_id as tray_id. Add this motherboard and its bus IDs to mobo_to_bus_ids in physical_system_discovery.cpp. (physical_system_discovery.cpp:89)
2026-08-03 12:45:36.020 | warning  |          Always | Unknown motherboard 'B850M-C' for chip_id=1 (bus_id=0x2) — falling back to bus_id as tray_id. Add this motherboard and its bus IDs to mobo_to_bus_ids in physical_system_discovery.cpp. (physical_system_discovery.cpp:89)
2026-08-03 12:45:36.020 | warning  |          Always | Unknown motherboard 'B850M-C' for chip_id=2 (bus_id=0x3) — falling back to bus_id as tray_id. Add this motherboard and its bus IDs to mobo_to_bus_ids in physical_system_discovery.cpp. (physical_system_discovery.cpp:89)
2026-08-03 12:45:36.020 | warning  |          Always | Unknown motherboard 'B850M-C' for chip_id=3 (bus_id=0x4) — falling back to bus_id as tray_id. Add this motherboard and its bus IDs to mobo_to_bus_ids in physical_system_discovery.cpp. (physical_system_discovery.cpp:89)
2026-08-03 12:45:36.020 | warning  |          Always | Unknown motherboard 'B850M-C' for chip_id=1 (bus_id=0x2) — falling back to bus_id as tray_id. Add this motherboard and its bus IDs to mobo_to_bus_ids in physical_system_discovery.cpp. (physical_system_discovery.cpp:89)
2026-08-03 12:45:36.020 | warning  |          Always | Unknown motherboard 'B850M-C' for chip_id=0 (bus_id=0x1) — falling back to bus_id as tray_id. Add this motherboard and its bus IDs to mobo_to_bus_ids in physical_system_discovery.cpp. (physical_system_discovery.cpp:89)
2026-08-03 12:45:36.020 | warning  |          Always | Unknown motherboard 'B850M-C' for chip_id=2 (bus_id=0x3) — falling back to bus_id as tray_id. Add this motherboard and its bus IDs to mobo_to_bus_ids in physical_system_discovery.cpp. (physical_system_discovery.cpp:89)
2026-08-03 12:45:36.020 | warning  |          Always | Unknown motherboard 'B850M-C' for chip_id=3 (bus_id=0x4) — falling back to bus_id as tray_id. Add this motherboard and its bus IDs to mobo_to_bus_ids in physical_system_discovery.cpp. (physical_system_discovery.cpp:89)
2026-08-03 12:45:36.020 | info     |          Fabric | Logical multi-mesh adjacency: intermesh degree histogram {0:1}; intra-mesh degree histograms mesh0 {2:4} (topology_mapper_utils.cpp:2342)
2026-08-03 12:45:36.020 | info     |          Fabric | Physical multi-mesh adjacency: intermesh degree histogram {0:1}; intra-mesh degree histograms mesh0 {2:4} (topology_mapper_utils.cpp:2350)
2026-08-03 12:45:36.025 | info     |    BuildKernels | Using pre-compiled firmware from: /home/mvasiljevic/tt-metal/tt_metal/pre-compiled/13793420398762238087/ (build_env_manager.cpp:347)
2026-08-03 12:45:36.025 | info     |    BuildKernels | Using pre-compiled firmware from: /home/mvasiljevic/tt-metal/tt_metal/pre-compiled/13793420398762238087/ (build_env_manager.cpp:347)
2026-08-03 12:45:36.025 | info     |    BuildKernels | Using pre-compiled firmware from: /home/mvasiljevic/tt-metal/tt_metal/pre-compiled/13793420398762238087/ (build_env_manager.cpp:347)
2026-08-03 12:45:36.025 | info     |    BuildKernels | Using pre-compiled firmware from: /home/mvasiljevic/tt-metal/tt_metal/pre-compiled/13793420398762238087/ (build_env_manager.cpp:347)
2026-08-03 12:45:36.053 | warning  |           Metal | Opening subset of mmio devices slows down UMD read/write to remote chips. If opening more devices, consider using CreateDevices API. (device_manager.cpp:261)
2026-08-03 12:45:36.093 | info     |           Metal | ShmResourceTracker: removed orphaned shm '/tt_device_154095681929600_memory' (shm_resource_tracker.cpp:282)
2026-08-03 12:45:36.671 | info     |           Metal | [Real-time profiler] Device 3 sync complete: 100 samples, frequency=1.349978 GHz, device_time_at_sync=188447927512890 cycles (realtime_profiler_manager.cpp:1127)
Building brisc, compile step:
cd /home/mvasiljevic/.cache/tt-metal-cache/13793420398762238087/kernels/reader_bmm_tile_layout_in1_sender_writer_padding/1985445707241541028/brisc/ && /home/mvasiljevic/tt-metal/runtime/sfpi/compiler/bin/riscv-tt-elf-g++ -O2 -std=c++17 -ftt-nttp -ftt-constinit -ftt-consteval -ftt-no-dyninit -flto=auto -ffast-math -fno-exceptions -fno-rtti -fno-use-cxa-atexit -g -MMD -Wall -Werror -Wno-error=deprecated-declarations -Wno-error=multistatement-macros -Wno-error=parentheses -Wno-error=unused-but-set-variable -Wno-unused-variable -Wno-unused-function -mcpu=tt-bh -fno-tree-loop-distribute-patterns -I. -I.. -I/home/mvasiljevic/tt-metal/ -I/home/mvasiljevic/tt-metal/ttnn -I/home/mvasiljevic/tt-metal/ttnn/cpp -I/home/mvasiljevic/tt-metal/tt_metal -I/home/mvasiljevic/tt-metal/tt_metal/hw/inc -I/home/mvasiljevic/tt-metal/tt_metal/tt-llk/common -I/home/mvasiljevic/tt-metal/tt_metal/hostdevcommon/api -I/home/mvasiljevic/tt-metal/tt_metal/api/ -I/home/mvasiljevic/tt-metal/tt_metal/hw/ckernels/blackhole/metal/common -I/home/mvasiljevic/tt-metal/tt_metal/hw/ckernels/blackhole/metal/llk_io -I/home/mvasiljevic/tt-metal/tt_metal/hw/inc/internal/tt-1xx -I/home/mvasiljevic/tt-metal/tt_metal/hw/inc/internal/tt-1xx/blackhole -I/home/mvasiljevic/tt-metal/tt_metal/hw/inc/internal/tt-1xx/blackhole/blackhole_defines -I/home/mvasiljevic/tt-metal/tt_metal/hw/inc/internal/tt-1xx/blackhole/noc -I/home/mvasiljevic/tt-metal/tt_metal/tt-llk/tt_llk_blackhole/common/inc -I/home/mvasiljevic/tt-metal/tt_metal/tt-llk/tt_llk_blackhole/llk_lib -I/home/mvasiljevic/tt-metal/tt_metal/hw/firmware/src/tt-1xx -I/home/mvasiljevic/tt-metal/ttnn/cpp/ttnn/operations/matmul/device/kernels/dataflow -c -o /home/mvasiljevic/.cache/tt-metal-cache/13793420398762238087/kernels/reader_bmm_tile_layout_in1_sender_writer_padding/1985445707241541028/brisc/brisck.8159633774127940763.o /home/mvasiljevic/tt-metal/tt_metal/hw/firmware/src/tt-1xx/brisck.cc -MF /home/mvasiljevic/.cache/tt-metal-cache/13793420398762238087/kernels/reader_bmm_tile_layout_in1_sender_writer_padding/1985445707241541028/brisc/brisck.8159633774127940763.d -DIS_NOT_POW2_NUM_L1_BANKS=1 -DLOG_BASE_2_OF_NUM_DRAM_BANKS=3 -DNUM_DRAM_BANKS=8 -DNUM_L1_BANKS=110 -DPCIE_NOC_X=19 -DPCIE_NOC_Y=24 -DTENSIX_FIRMWARE -DLOCAL_MEM_EN=0 -DPROCESSOR_INDEX=0 -DCOMPILE_FOR_BRISC -DARCH_BLACKHOLE -DDISPATCH_MESSAGE_ADDR=4290184248 -DKERNEL_BUILD -DFULL_KERNEL_NAME="\"reader_bmm_tile_layout_in1_sender_writer_padding/1985445707241541028/\"" -DOUT_SHARDED='1' -DSKIP_MCAST='1' -DNOC_INDEX='0' -DNOC_MODE='0' -DKERNEL_COMPILE_TIME_ARGS=1,96,1536,2,2,16,32,4,1,1,0,0,0,0,6144,1,1,0,0,1,96,2,96,2,96,2,1,2,96,0,0,0,2,576,0,0,1,2048,1,48,96,2,33685762,67240706,100795650,167905026,33751299,67306243,100861187,167970563,33816836,67371780,100926724,168036100,33882373,67437317,100992261,168101637,33947910,67502854,101057798,168167174,34013447,67568391,101123335,168232711 -DKERNEL_COMPILE_TIME_ARG_MAP="{\"cb_sparsity\",7}, {\"cb_out\",4}, {\"cb_bias\",3}, {\"cb_in1\",1}, " 
In file included from ../kernel_includes.hpp:1,
                 from /home/mvasiljevic/tt-metal/tt_metal/hw/firmware/src/tt-1xx/brisck.cc:21:
/home/mvasiljevic/tt-metal/ttnn/cpp/ttnn/operations/matmul/device/kernels/dataflow/reader_bmm_tile_layout_in1_sender_writer_padding.cpp: In function 'void kernel_main()':
/home/mvasiljevic/tt-metal/ttnn/cpp/ttnn/operations/matmul/device/kernels/dataflow/reader_bmm_tile_layout_in1_sender_writer_padding.cpp:205:16: warning: variable 's' set but not used [-Wunused-but-set-variable]
  205 |     const auto s = TensorAccessor(out_args, out_tensor_addr);
      |                ^
Building ncrisc, compile step:
cd /home/mvasiljevic/.cache/tt-metal-cache/13793420398762238087/kernels/reader_interleaved_no_bcast/5888564056295662438/ncrisc/ && /home/mvasiljevic/tt-metal/runtime/sfpi/compiler/bin/riscv-tt-elf-g++ -O2 -std=c++17 -ftt-nttp -ftt-constinit -ftt-consteval -ftt-no-dyninit -flto=auto -ffast-math -fno-exceptions -fno-rtti -fno-use-cxa-atexit -g -MMD -Wall -Werror -Wno-error=deprecated-declarations -Wno-error=multistatement-macros -Wno-error=parentheses -Wno-error=unused-but-set-variable -Wno-unused-variable -Wno-unused-function -mcpu=tt-bh -fno-tree-loop-distribute-patterns -I. -I.. -I/home/mvasiljevic/tt-metal/ -I/home/mvasiljevic/tt-metal/ttnn -I/home/mvasiljevic/tt-metal/ttnn/cpp -I/home/mvasiljevic/tt-metal/tt_metal -I/home/mvasiljevic/tt-metal/tt_metal/hw/inc -I/home/mvasiljevic/tt-metal/tt_metal/tt-llk/common -I/home/mvasiljevic/tt-metal/tt_metal/hostdevcommon/api -I/home/mvasiljevic/tt-metal/tt_metal/api/ -I/home/mvasiljevic/tt-metal/tt_metal/hw/ckernels/blackhole/metal/common -I/home/mvasiljevic/tt-metal/tt_metal/hw/ckernels/blackhole/metal/llk_io -I/home/mvasiljevic/tt-metal/tt_metal/hw/inc/internal/tt-1xx -I/home/mvasiljevic/tt-metal/tt_metal/hw/inc/internal/tt-1xx/blackhole -I/home/mvasiljevic/tt-metal/tt_metal/hw/inc/internal/tt-1xx/blackhole/blackhole_defines -I/home/mvasiljevic/tt-metal/tt_metal/hw/inc/internal/tt-1xx/blackhole/noc -I/home/mvasiljevic/tt-metal/tt_metal/tt-llk/tt_llk_blackhole/common/inc -I/home/mvasiljevic/tt-metal/tt_metal/tt-llk/tt_llk_blackhole/llk_lib -I/home/mvasiljevic/tt-metal/tt_metal/hw/firmware/src/tt-1xx -I/home/mvasiljevic/tt-metal/ttnn/cpp/ttnn/operations/eltwise/binary_ng/device/kernels_ng/dataflow -c -o /home/mvasiljevic/.cache/tt-metal-cache/13793420398762238087/kernels/reader_interleaved_no_bcast/5888564056295662438/ncrisc/ncrisck.8159633774127940763.o /home/mvasiljevic/tt-metal/tt_metal/hw/firmware/src/tt-1xx/ncrisck.cc -MF /home/mvasiljevic/.cache/tt-metal-cache/13793420398762238087/kernels/reader_interleaved_no_bcast/5888564056295662438/ncrisc/ncrisck.8159633774127940763.d -DIS_NOT_POW2_NUM_L1_BANKS=1 -DLOG_BASE_2_OF_NUM_DRAM_BANKS=3 -DNUM_DRAM_BANKS=8 -DNUM_L1_BANKS=110 -DPCIE_NOC_X=19 -DPCIE_NOC_Y=24 -DTENSIX_FIRMWARE -DLOCAL_MEM_EN=0 -DPROCESSOR_INDEX=1 -DCOMPILE_FOR_NCRISC -DARCH_BLACKHOLE -DDISPATCH_MESSAGE_ADDR=4290184248 -DKERNEL_BUILD -DFULL_KERNEL_NAME="\"reader_interleaved_no_bcast/5888564056295662438/\"" -DBCAST_LLK='0' -DFILL_TILE_WITH_FIRST_COLUMN='fill_tile_with_first_column_bfloat16' -DFILL_TILE_WITH_FIRST_COLUMN_B='fill_tile_with_first_column_bfloat16' -DFILL_TILE_WITH_FIRST_COLUMN_RM='fill_tile_with_first_column_rm_bfloat16' -DFILL_TILE_WITH_FIRST_ELEMENT='fill_tile_with_first_element_bfloat16' -DFILL_TILE_WITH_FIRST_ELEMENT_B='fill_tile_with_first_element_bfloat16' -DFILL_TILE_WITH_FIRST_ROW='fill_tile_with_first_row_bfloat16' -DFILL_TILE_WITH_FIRST_ROW_B='fill_tile_with_first_row_bfloat16' -DFILL_TILE_WITH_FIRST_ROW_RM='fill_tile_with_first_row_rm_bfloat16' -DFILL_WITH_VALUE='fill_with_val_bfloat16' -DFILL_WITH_VALUE_B='fill_with_val_bfloat16' -DSRC_SHARDED='1' -DSRC_SHARDED_B='1' -DNOC_INDEX='0' -DNOC_MODE='0' -DKERNEL_COMPILE_TIME_ARGS=17,2048,1,48,2,33685762,67240706,100795650,167905026,33751299,67306243,100861187,167970563,33816836,67371780,100926724,168036100,33882373,67437317,100992261,168101637,33947910,67502854,101057798,168167174,34013447,67568391,101123335,168232711,17,2048,1,48,2,33685762,67240706,100795650,167905026,33751299,67306243,100861187,167970563,33816836,67371780,100926724,168036100,33882373,67437317,100992261,168101637,33947910,67502854,101057798,168167174,34013447,67568391,101123335,168232711,1 
In file included from ../kernel_includes.hpp:1,
                 from /home/mvasiljevic/tt-metal/tt_metal/hw/firmware/src/tt-1xx/ncrisck.cc:22:
/home/mvasiljevic/tt-metal/ttnn/cpp/ttnn/operations/eltwise/binary_ng/device/kernels_ng/dataflow/reader_interleaved_no_bcast.cpp: In function 'void kernel_main()':
/home/mvasiljevic/tt-metal/ttnn/cpp/ttnn/operations/eltwise/binary_ng/device/kernels_ng/dataflow/reader_interleaved_no_bcast.cpp:39:20: warning: variable 'src_b_args' set but not used [-Wunused-but-set-variable]
   39 |     constexpr auto src_b_args =
      |                    ^~~~~~~~~~
2026-08-03 12:45:38.515 | critical |          Always | TT_FATAL: Error: Batch fusion must be enabled. (assert.hpp:104)
Traceback (most recent call last):
  File "/home/mvasiljevic/tt-metal/models/autoports/coherelabs_north_mini_code_1_0/doc/advisor_challenger/harness.py", line 103, in <module>
    protocol.measure(args.label, args.out, args.policy or default_policy)
  File "/home/mvasiljevic/tt-metal/.agents/skills/advisor-challenger/scripts/harness_template.py", line 97, in measure
    decode(state)                                   # once eagerly, so compilation is not traced
    ^^^^^^^^^^^^^
  File "/home/mvasiljevic/tt-metal/models/autoports/coherelabs_north_mini_code_1_0/doc/advisor_challenger/harness.py", line 89, in decode
    return state["decoder"].decode_forward(state["hidden"], **state["kwargs"])
           ^^^^^^^^^^^^^^^^^^^^^^^^^^^^^^^^^^^^^^^^^^^^^^^^^^^^^^^^^^^^^^^^^^^
  File "/home/mvasiljevic/tt-metal/models/autoports/coherelabs_north_mini_code_1_0/tt/optimized_decoder.py", line 2103, in decode_forward
    mlp = self._mlp(normalized, 1, prefill=False)
          ^^^^^^^^^^^^^^^^^^^^^^^^^^^^^^^^^^^^^^^
  File "/home/mvasiljevic/tt-metal/models/autoports/coherelabs_north_mini_code_1_0/tt/optimized_decoder.py", line 2036, in _mlp
    self._dense_mlp(normalized, prefill=prefill)
  File "/home/mvasiljevic/tt-metal/models/autoports/coherelabs_north_mini_code_1_0/tt/optimized_decoder.py", line 1730, in _dense_mlp
    down_output = ttnn.linear(
                  ^^^^^^^^^^^^
  File "/home/mvasiljevic/tt-metal/ttnn/ttnn/decorators.py", line 473, in __call__
    result = self.function(*function_args, **function_kwargs)
             ^^^^^^^^^^^^^^^^^^^^^^^^^^^^^^^^^^^^^^^^^^^^^^^^
RuntimeError: TT_FATAL @ /home/mvasiljevic/tt-metal/ttnn/cpp/ttnn/operations/matmul/device/matmul_device_operation.cpp:1183: program_config.fuse_batch
info:
Error: Batch fusion must be enabled.
backtrace:
 --- /home/mvasiljevic/tt-metal/ttnn/ttnn/_ttnn.so(+0x3c4ef2) [0x737e0c1c4ef2]
 --- /home/mvasiljevic/tt-metal/build_Release/lib/_ttnncpp.so(+0x17ef23f) [0x737e0b7ef23f]
 --- ttnn::prim::MatmulDeviceOperation::validate_on_program_cache_miss(ttnn::prim::MatmulParams const&, ttnn::prim::MatmulInputs const&)
 --- /home/mvasiljevic/tt-metal/build_Release/lib/_ttnncpp.so(_ZN4ttnn16device_operation6detail30create_and_cache_mesh_workloadITkNS0_22DeviceOperationConceptENS0_26MeshDeviceOperationAdapterINS_4prim21MatmulDeviceOperationEEEEEvRKNT_22operation_attributes_tERKNS7_13tensor_args_tERNS7_21tensor_return_value_tEPN2tt8tt_metal11distributed10MeshDeviceERNSH_13program_cache6detail12ProgramCacheERKNSM_15ProgramCacheKeyE+0x29) [0x737e0b7f7929]
 --- /home/mvasiljevic/tt-metal/build_Release/lib/_ttnncpp.so(_ZN4ttnn16device_operation6detail29launch_operation_with_adapterITkNS0_36DeviceOperationWithMeshDeviceAdapterENS0_26MeshDeviceOperationAdapterINS_4prim21MatmulDeviceOperationEEEEEvRKNT_22operation_attributes_tERKNS7_13tensor_args_tERNS7_21tensor_return_value_tEPN2tt8tt_metal11distributed10MeshDeviceE+0x16e) [0x737e0b7f647e]
 --- /home/mvasiljevic/tt-metal/build_Release/lib/_ttnncpp.so(_ZN4ttnn16device_operation6detail6launchITkNS0_22DeviceOperationConceptENS_4prim21MatmulDeviceOperationEEENT_21tensor_return_value_tERKNS5_22operation_attributes_tERKNS5_13tensor_args_tE+0x4ea) [0x737e0b7f537a]
 --- ttnn::prim::matmul(tt::tt_metal::Tensor const&, tt::tt_metal::Tensor const&, std::optional<tt::tt_metal::Tensor> const&, std::optional<tt::tt_metal::Tensor> const&, ttnn::prim::MatmulParams const&)
 --- /home/mvasiljevic/tt-metal/build_Release/lib/_ttnncpp.so(+0x178a65a) [0x737e0b78a65a]
 --- /home/mvasiljevic/tt-metal/build_Release/lib/_ttnncpp.so(_ZN4ttnn10operations6matmul6linearERKN2tt8tt_metal6TensorES6_RKSt8optionalIS5_EbbRKS7_IKNS3_12MemoryConfigEES7_IKNS3_8DataTypeEERKS7_IKSt7variantIJNS1_28MatmulMultiCoreProgramConfigENS1_33MatmulMultiCoreReuseProgramConfigENS1_42MatmulMultiCoreReuseMultiCastProgramConfigENS1_44MatmulMultiCoreReuseMultiCast1DProgramConfigENS1_53MatmulMultiCoreReuseMultiCastDRAMShardedProgramConfigENS1_60MatmulMultiCoreReuseMultiCastBatchedDRAMShardedProgramConfigEEEERKS7_IKSJ_IJNSt7__cxx1112basic_stringIcSt11char_traitsIcESaIcEEENS0_5unary19BasicUnaryWithParamIJfEEEEEES7_IKNS_19ComputeKernelConfigEES7_IKNS_5types8CoreGridEERKS7_IKNS3_4TileEES7_IS4_ERKS7_IKNS3_12experimental20GlobalCircularBufferEERKS7_IN4ttsl10StrongTypeIhNS3_14SubDeviceIdTagEEEE+0x2e6) [0x737e0b78bde6]
 --- /home/mvasiljevic/tt-metal/ttnn/ttnn/_ttnn.so(+0x4e4e32) [0x737e0c2e4e32]
 --- /home/mvasiljevic/tt-metal/ttnn/ttnn/_ttnn.so(+0x4e4af5) [0x737e0c2e4af5]
 --- /home/mvasiljevic/tt-metal/ttnn/ttnn/_ttnn.so(+0x315575) [0x737e0c115575]
 --- python() [0x1ac8a22]
 --- python() [0x18c68da]
 --- python(_PyEval_EvalFrameDefault+0x65cb) [0x181940b]
 --- python() [0x1ac8a22]
 --- python() [0x18c68da]
 --- python(_PyEval_EvalFrameDefault+0x65cb) [0x181940b]
 --- python() [0x18124a0]
 --- python(_PyEval_EvalFrameDefault+0xf93a) [0x182277a]
 --- python(PyEval_EvalCode+0xde) [0x18931a0]
 --- python() [0x18b12c9]
 --- python() [0x1a2b145]
 --- python(_PyRun_SimpleFileObject+0x106) [0x1a2af06]
 --- python(_PyRun_AnyFileObject+0x4a) [0x1a2ac8a]
 --- python() [0x1a2ac10]
 --- python() [0x1a2ab1d]
 --- python() [0x1ae1fe3]
 --- python() [0x198c298]
 --- python() [0x198c0ac]
 --- /lib/x86_64-linux-gnu/libc.so.6(+0x2a1ca) [0x737e522d91ca]
 --- /lib/x86_64-linux-gnu/libc.so.6(__libc_start_main+0x8b) [0x737e522d928b]
 --- python(_start+0x29) [0x19a4a69]

nanobind: leaked 1 instances!
 - leaked instance 0x737dbe7a5998 of type "ttnn._ttnn.tensor.CoreRangeSet"
nanobind: leaked 13 types!
 - leaked type "ttnn._ttnn.operations.matmul.MatmulMultiCoreReuseMultiCast1DProgramConfig"
 - leaked type "ttnn._ttnn.operations.matmul.MatmulInputs"
 - leaked type "ttnn._ttnn.operations.matmul.MatmulMultiCoreReuseMultiCastBatchedDRAMShardedProgramConfig"
 - leaked type "UnaryOpType"
 - leaked type "ttnn._ttnn.operations.matmul.MatmulMultiCoreReuseOptimizedProgramFactory"
 - leaked type "ttnn._ttnn.operations.matmul.MatmulParams"
 - leaked type "ttnn._ttnn.tensor.CoreRangeSet"
 - leaked type "ttnn._ttnn.operations.matmul.MatmulMultiCoreReuseProgramConfig"
 - leaked type "ttnn._ttnn.operations.matmul.MatmulDeviceOperation"
 - leaked type "ttnn._ttnn.tensor.Tensor"
 - ... skipped remainder
nanobind: leaked 199 functions!
 - leaked function ""
 - leaked function ""
 - leaked function ""
 - leaked function ""
 - leaked function "__repr__"
 - leaked function ""
 - leaked function ""
 - leaked function "devices"
 - leaked function ""
 - leaked function "get_dtype"
 - ... skipped remainder
nanobind: this is likely caused by a reference counting issue in the binding code.
See https://nanobind.readthedocs.io/en/latest/refleaks.html2026-08-03 12:45:39.484 | info     |    BuildKernels | JIT cache stats: 79/84 hits (94.0%) [79 cached, 7 build-once dedup, 0 merged artifacts, 0 merged genfiles] (build_cache_telemetry.cpp:207)
2026-08-03 12:45:39.484 | info     |    BuildKernels | JIT telemetry: 3 registered TelemetryTokens (build_cache_telemetry.cpp:230)
2026-08-03 12:45:39.495 | info     |          Device | Closing user mode device drivers (tt_cluster.cpp:512)
2026-08-03 12:45:39.495 | info     |             UMD | Closing devices in cluster (cluster.cpp:1037)
2026-08-03 12:45:39.924 | info     |             UMD | Closing devices in cluster completed. (cluster.cpp:1046)
2026-08-03 12:45:39.924 | info     |             UMD | Cluster destructor started. (cluster.cpp:754)
2026-08-03 12:45:39.924 | info     |             UMD | Cluster destructor completed. (cluster.cpp:757)
