2026-07-31 07:24:22.687 | DEBUG    | ttnn:<module>:76 - Loading ttnn configuration overrides from environment variable TTNN_CONFIG_OVERRIDES
2026-07-31 07:24:22.687 | DEBUG    | ttnn:<module>:79 - Initial ttnn.CONFIG:
Config{cache_path=/home/mvasiljevic/.cache/ttnn,model_cache_path=/home/mvasiljevic/.cache/ttnn/models,tmp_dir=/tmp/ttnn,enable_model_cache=false,enable_fast_runtime_mode=true,throw_exception_on_fallback=true,enable_logging=false,enable_graph_report=false,enable_graph_python_stack_traces=false,enable_detailed_buffer_report=false,enable_detailed_tensor_report=false,enable_comparison_mode=false,comparison_mode_should_raise_exception=false,comparison_mode_pcc=0.9999,root_report_path=generated/ttnn/reports,report_name=std::nullopt,std::nullopt}
============================= test session starts ==============================
platform linux -- Python 3.12.13, pytest-9.0.3, pluggy-1.6.0 -- /home/mvasiljevic/tt-metal/python_env/bin/python3
cachedir: .pytest_cache
benchmark: 5.2.3 (defaults: timer=time.perf_counter disable_gc=False min_rounds=5 min_time=0.000005 max_time=1.0 calibration_precision=10 warmup=False warmup_iterations=100000)
rootdir: /home/mvasiljevic/tt-metal
configfile: pytest.ini
plugins: github-actions-annotate-failures-0.3.0, anyio-4.14.2, dash-2.15.0, split-0.11.0, timeout-2.4.0, benchmark-5.2.3, cov-7.0.0
timeout: 300.0s
timeout method: signal
timeout func_only: False
collecting ... collected 124 items / 115 deselected / 9 selected

models/autoports/google_gemma_4_26b_a4b_it/tests/test_optimized_decoder.py::test_optimized_real_weights_prefill_decode[blackhole-sliding_attention-device_params0-mesh_device0] 2026-07-31 07:24:24.490 | info     |          Device | Opening user mode device driver (tt_cluster.cpp:228)
2026-07-31 07:24:24.490 | info     |             UMD | Cluster constructor started. (cluster.cpp:348)
2026-07-31 07:24:24.490 | info     |             UMD | Creating TopologyDiscovery for architecture: blackhole (topology_discovery.cpp:91)
2026-07-31 07:24:24.490 | info     |             UMD | Starting topology discovery. (topology_discovery.cpp:110)
2026-07-31 07:24:24.492 | info     |             UMD | Established firmware bundle version: 19.8.0 (topology_discovery.cpp:569)
2026-07-31 07:24:24.492 | info     |             UMD | Firmware bundle version 19.8.0 on the system is newer than the latest fully tested version 19.5.0 for blackhole architecture. Newest features may not be supported. (topology_discovery.cpp:601)
2026-07-31 07:24:24.496 | info     |             UMD | Completed topology discovery. (topology_discovery.cpp:114)
2026-07-31 07:24:24.720 | info     |             UMD | Opening local chip ids/PCIe ids: {0, 1, 2, 3}/[0, 1, 2, 3] and remote chip ids {} (cluster.cpp:168)
2026-07-31 07:24:24.720 | info     |             UMD | IOMMU: enabled (cluster.cpp:142)
2026-07-31 07:24:24.720 | info     |             UMD | KMD version: 2.8.0 (cluster.cpp:145)
2026-07-31 07:24:24.720 | info     |             UMD | Cluster constructor completed. (cluster.cpp:520)
2026-07-31 07:24:24.721 | info     |             UMD | Starting devices in cluster (cluster.cpp:1024)
2026-07-31 07:24:24.825 | info     |             UMD | Starting devices in cluster completed. (cluster.cpp:1032)
2026-07-31 07:24:24.955 | DEBUG    | ttnn.device:__init__:152 - Using default dispatch core type for this system: DispatchCoreType.WORKER
2026-07-31 07:24:24.955 | DEBUG    | ttnn.device:__init__:154 - Using default dispatch core axis for this system: DispatchCoreAxis.COL
2026-07-31 07:24:24.955 | info     |     Distributed | Using auto discovery to generate mesh graph. (metal_env.cpp:367)
2026-07-31 07:24:24.955 | info     |     Distributed | Constructing control plane using auto-discovery (no mesh graph descriptor). (metal_env.cpp:429)
2026-07-31 07:24:24.956 | warning  |          Always | Unknown motherboard 'B850M-C' for chip_id=0 (bus_id=0x1) — falling back to bus_id as tray_id. Add this motherboard and its bus IDs to mobo_to_bus_ids in physical_system_discovery.cpp. (physical_system_discovery.cpp:89)
2026-07-31 07:24:24.956 | warning  |          Always | Unknown motherboard 'B850M-C' for chip_id=1 (bus_id=0x2) — falling back to bus_id as tray_id. Add this motherboard and its bus IDs to mobo_to_bus_ids in physical_system_discovery.cpp. (physical_system_discovery.cpp:89)
2026-07-31 07:24:24.956 | warning  |          Always | Unknown motherboard 'B850M-C' for chip_id=2 (bus_id=0x3) — falling back to bus_id as tray_id. Add this motherboard and its bus IDs to mobo_to_bus_ids in physical_system_discovery.cpp. (physical_system_discovery.cpp:89)
2026-07-31 07:24:24.956 | warning  |          Always | Unknown motherboard 'B850M-C' for chip_id=3 (bus_id=0x4) — falling back to bus_id as tray_id. Add this motherboard and its bus IDs to mobo_to_bus_ids in physical_system_discovery.cpp. (physical_system_discovery.cpp:89)
2026-07-31 07:24:24.956 | warning  |          Always | Unknown motherboard 'B850M-C' for chip_id=1 (bus_id=0x2) — falling back to bus_id as tray_id. Add this motherboard and its bus IDs to mobo_to_bus_ids in physical_system_discovery.cpp. (physical_system_discovery.cpp:89)
2026-07-31 07:24:24.956 | warning  |          Always | Unknown motherboard 'B850M-C' for chip_id=0 (bus_id=0x1) — falling back to bus_id as tray_id. Add this motherboard and its bus IDs to mobo_to_bus_ids in physical_system_discovery.cpp. (physical_system_discovery.cpp:89)
2026-07-31 07:24:24.956 | warning  |          Always | Unknown motherboard 'B850M-C' for chip_id=2 (bus_id=0x3) — falling back to bus_id as tray_id. Add this motherboard and its bus IDs to mobo_to_bus_ids in physical_system_discovery.cpp. (physical_system_discovery.cpp:89)
2026-07-31 07:24:24.956 | warning  |          Always | Unknown motherboard 'B850M-C' for chip_id=3 (bus_id=0x4) — falling back to bus_id as tray_id. Add this motherboard and its bus IDs to mobo_to_bus_ids in physical_system_discovery.cpp. (physical_system_discovery.cpp:89)
2026-07-31 07:24:24.956 | info     |          Fabric | Logical multi-mesh adjacency: intermesh degree histogram {0:1}; intra-mesh degree histograms mesh0 {2:4} (topology_mapper_utils.cpp:2342)
2026-07-31 07:24:24.956 | info     |          Fabric | Physical multi-mesh adjacency: intermesh degree histogram {0:1}; intra-mesh degree histograms mesh0 {2:4} (topology_mapper_utils.cpp:2350)
2026-07-31 07:24:25.011 | info     |       LLRuntime | Watcher log file: /home/mvasiljevic/tt-metal/generated/watcher/watcher.log (watcher_server.cpp:286)
2026-07-31 07:24:25.011 | info     |       LLRuntime | Watcher attached device 0 (watcher_server.cpp:132)
2026-07-31 07:24:25.011 | info     |       LLRuntime | Watcher attached device 1 (watcher_server.cpp:132)
2026-07-31 07:24:25.011 | info     |       LLRuntime | Watcher attached device 2 (watcher_server.cpp:132)
2026-07-31 07:24:25.011 | info     |       LLRuntime | Watcher attached device 3 (watcher_server.cpp:132)
2026-07-31 07:24:25.011 | info     |       LLRuntime | Watcher server initialized, disabled features: None (watcher_server.cpp:547)
2026-07-31 07:24:25.011 | info     |           Metal | Watcher checking device 0 (watcher_device_reader.cpp:393)
2026-07-31 07:24:25.011 | warning  |           Metal | Opening subset of mmio devices slows down UMD read/write to remote chips. If opening more devices, consider using CreateDevices API. (device_manager.cpp:261)
2026-07-31 07:24:25.016 | info     |           Metal | Watcher checking device 1 (watcher_device_reader.cpp:393)
2026-07-31 07:24:25.020 | info     |           Metal | Watcher checking device 2 (watcher_device_reader.cpp:393)
2026-07-31 07:24:25.024 | info     |           Metal | Watcher checking device 3 (watcher_device_reader.cpp:393)
2026-07-31 07:24:25.067 | info     |           Metal | ShmResourceTracker: removed orphaned shm '/tt_device_154095681929600_memory' (shm_resource_tracker.cpp:282)
2026-07-31 07:24:25.644 | info     |           Metal | [Real-time profiler] Device 3 sync complete: 100 samples, frequency=1.349980 GHz, device_time_at_sync=100844193642921 cycles (realtime_profiler_manager.cpp:1127)
2026-07-31 07:24:25.660 | DEBUG    | conftest:mesh_device:599 - multidevice with 1 devices is created
2026-07-31 07:24:26.029 | info     |           Metal | Watcher checking device 0 (watcher_device_reader.cpp:393)
[transformers] You tried to access the `AttentionInterface` with a `config._attn_implementation` set to `None`. This is expected if you use an Attention Module as a standalone Module. If this is not the case, something went wrong with the dispatch of `config._attn_implementation`
2026-07-31 07:24:26.034 | info     |           Metal | Watcher checking device 1 (watcher_device_reader.cpp:393)
[transformers] You tried to access the `ExpertsInterface` with a `config._experts_implementation` set to `None`. This is expected if you use an Expert Module as a standalone Module. If this is not the case, something went wrong with the dispatch of `config._experts_implementation`
2026-07-31 07:24:26.039 | info     |           Metal | Watcher checking device 2 (watcher_device_reader.cpp:393)
2026-07-31 07:24:26.044 | info     |           Metal | Watcher checking device 3 (watcher_device_reader.cpp:393)
2026-07-31 07:24:27.049 | info     |           Metal | Watcher checking device 0 (watcher_device_reader.cpp:393)
2026-07-31 07:24:27.054 | info     |           Metal | Watcher checking device 1 (watcher_device_reader.cpp:393)
2026-07-31 07:24:27.058 | info     |           Metal | Watcher checking device 2 (watcher_device_reader.cpp:393)
2026-07-31 07:24:27.062 | info     |           Metal | Watcher checking device 3 (watcher_device_reader.cpp:393)
PASSED
models/autoports/google_gemma_4_26b_a4b_it/tests/test_optimized_decoder.py::test_optimized_traced_decode_contract[blackhole-batch1-sliding_attention-device_params0-mesh_device0] 2026-07-31 07:24:28.011 | DEBUG    | ttnn.device:__init__:152 - Using default dispatch core type for this system: DispatchCoreType.WORKER
2026-07-31 07:24:28.012 | DEBUG    | ttnn.device:__init__:154 - Using default dispatch core axis for this system: DispatchCoreAxis.COL
2026-07-31 07:24:28.012 | info     |       LLRuntime | Watcher thread stopped watching... (watcher_server.cpp:595)
2026-07-31 07:24:28.012 | info     |       LLRuntime | Watcher detached device 0 (watcher_server.cpp:181)
2026-07-31 07:24:28.012 | info     |       LLRuntime | Watcher detached device 1 (watcher_server.cpp:181)
2026-07-31 07:24:28.012 | info     |       LLRuntime | Watcher detached device 2 (watcher_server.cpp:181)
2026-07-31 07:24:28.012 | info     |       LLRuntime | Watcher detached device 3 (watcher_server.cpp:181)
2026-07-31 07:24:28.075 | info     |       LLRuntime | Watcher log file: /home/mvasiljevic/tt-metal/generated/watcher/watcher.log (watcher_server.cpp:286)
2026-07-31 07:24:28.075 | info     |       LLRuntime | Watcher attached device 0 (watcher_server.cpp:132)
2026-07-31 07:24:28.075 | info     |       LLRuntime | Watcher attached device 1 (watcher_server.cpp:132)
2026-07-31 07:24:28.075 | info     |       LLRuntime | Watcher attached device 2 (watcher_server.cpp:132)
2026-07-31 07:24:28.075 | info     |       LLRuntime | Watcher attached device 3 (watcher_server.cpp:132)
2026-07-31 07:24:28.075 | info     |       LLRuntime | Watcher server initialized, disabled features: None (watcher_server.cpp:547)
2026-07-31 07:24:28.075 | info     |           Metal | Watcher checking device 0 (watcher_device_reader.cpp:393)
2026-07-31 07:24:28.075 | warning  |           Metal | Opening subset of mmio devices slows down UMD read/write to remote chips. If opening more devices, consider using CreateDevices API. (device_manager.cpp:261)
2026-07-31 07:24:28.080 | info     |           Metal | Watcher checking device 1 (watcher_device_reader.cpp:393)
2026-07-31 07:24:28.084 | info     |           Metal | Watcher checking device 2 (watcher_device_reader.cpp:393)
2026-07-31 07:24:28.088 | info     |           Metal | Watcher checking device 3 (watcher_device_reader.cpp:393)
2026-07-31 07:24:28.132 | DEBUG    | conftest:mesh_device:599 - multidevice with 1 devices is created
2026-07-31 07:24:29.093 | info     |           Metal | Watcher checking device 0 (watcher_device_reader.cpp:393)
2026-07-31 07:24:29.097 | info     |           Metal | Watcher checking device 1 (watcher_device_reader.cpp:393)
2026-07-31 07:24:29.102 | info     |           Metal | Watcher checking device 2 (watcher_device_reader.cpp:393)
2026-07-31 07:24:29.106 | info     |           Metal | Watcher checking device 3 (watcher_device_reader.cpp:393)
PASSED
models/autoports/google_gemma_4_26b_a4b_it/tests/test_optimized_decoder.py::test_optimized_mutable_trace_aba[blackhole-sliding_attention-device_params0-mesh_device0] 2026-07-31 07:24:30.111 | info     |           Metal | Watcher checking device 0 (watcher_device_reader.cpp:393)
2026-07-31 07:24:30.115 | info     |           Metal | Watcher checking device 1 (watcher_device_reader.cpp:393)
2026-07-31 07:24:30.119 | info     |           Metal | Watcher checking device 2 (watcher_device_reader.cpp:393)
2026-07-31 07:24:30.124 | info     |           Metal | Watcher checking device 3 (watcher_device_reader.cpp:393)
2026-07-31 07:24:30.142 | DEBUG    | ttnn.device:__init__:152 - Using default dispatch core type for this system: DispatchCoreType.WORKER
2026-07-31 07:24:30.142 | DEBUG    | ttnn.device:__init__:154 - Using default dispatch core axis for this system: DispatchCoreAxis.COL
2026-07-31 07:24:30.142 | info     |       LLRuntime | Watcher thread stopped watching... (watcher_server.cpp:595)
2026-07-31 07:24:30.142 | info     |       LLRuntime | Watcher detached device 0 (watcher_server.cpp:181)
2026-07-31 07:24:30.142 | info     |       LLRuntime | Watcher detached device 1 (watcher_server.cpp:181)
2026-07-31 07:24:30.142 | info     |       LLRuntime | Watcher detached device 2 (watcher_server.cpp:181)
2026-07-31 07:24:30.142 | info     |       LLRuntime | Watcher detached device 3 (watcher_server.cpp:181)
2026-07-31 07:24:30.205 | info     |       LLRuntime | Watcher log file: /home/mvasiljevic/tt-metal/generated/watcher/watcher.log (watcher_server.cpp:286)
2026-07-31 07:24:30.205 | info     |       LLRuntime | Watcher attached device 0 (watcher_server.cpp:132)
2026-07-31 07:24:30.205 | info     |       LLRuntime | Watcher attached device 1 (watcher_server.cpp:132)
2026-07-31 07:24:30.205 | info     |       LLRuntime | Watcher attached device 2 (watcher_server.cpp:132)
2026-07-31 07:24:30.205 | info     |       LLRuntime | Watcher attached device 3 (watcher_server.cpp:132)
2026-07-31 07:24:30.205 | info     |       LLRuntime | Watcher server initialized, disabled features: None (watcher_server.cpp:547)
2026-07-31 07:24:30.205 | info     |           Metal | Watcher checking device 0 (watcher_device_reader.cpp:393)
2026-07-31 07:24:30.205 | warning  |           Metal | Opening subset of mmio devices slows down UMD read/write to remote chips. If opening more devices, consider using CreateDevices API. (device_manager.cpp:261)
2026-07-31 07:24:30.209 | info     |           Metal | Watcher checking device 1 (watcher_device_reader.cpp:393)
2026-07-31 07:24:30.213 | info     |           Metal | Watcher checking device 2 (watcher_device_reader.cpp:393)
2026-07-31 07:24:30.217 | info     |           Metal | Watcher checking device 3 (watcher_device_reader.cpp:393)
2026-07-31 07:24:30.261 | DEBUG    | conftest:mesh_device:599 - multidevice with 1 devices is created
2026-07-31 07:24:31.222 | info     |           Metal | Watcher checking device 0 (watcher_device_reader.cpp:393)
2026-07-31 07:24:31.226 | info     |           Metal | Watcher checking device 1 (watcher_device_reader.cpp:393)
2026-07-31 07:24:31.231 | info     |           Metal | Watcher checking device 2 (watcher_device_reader.cpp:393)
2026-07-31 07:24:31.235 | info     |           Metal | Watcher checking device 3 (watcher_device_reader.cpp:393)
PASSED
models/autoports/google_gemma_4_26b_a4b_it/tests/test_optimized_decoder.py::test_optimized_real_weights_prefill_decode[blackhole-full_attention_natural_cache-device_params0-mesh_device0] 2026-07-31 07:24:31.944 | DEBUG    | ttnn.device:__init__:152 - Using default dispatch core type for this system: DispatchCoreType.WORKER
2026-07-31 07:24:31.944 | DEBUG    | ttnn.device:__init__:154 - Using default dispatch core axis for this system: DispatchCoreAxis.COL
2026-07-31 07:24:31.944 | info     |       LLRuntime | Watcher thread stopped watching... (watcher_server.cpp:595)
2026-07-31 07:24:31.944 | info     |       LLRuntime | Watcher detached device 0 (watcher_server.cpp:181)
2026-07-31 07:24:31.944 | info     |       LLRuntime | Watcher detached device 1 (watcher_server.cpp:181)
2026-07-31 07:24:31.944 | info     |       LLRuntime | Watcher detached device 2 (watcher_server.cpp:181)
2026-07-31 07:24:31.944 | info     |       LLRuntime | Watcher detached device 3 (watcher_server.cpp:181)
2026-07-31 07:24:32.010 | info     |       LLRuntime | Watcher log file: /home/mvasiljevic/tt-metal/generated/watcher/watcher.log (watcher_server.cpp:286)
2026-07-31 07:24:32.010 | info     |       LLRuntime | Watcher attached device 0 (watcher_server.cpp:132)
2026-07-31 07:24:32.010 | info     |       LLRuntime | Watcher attached device 1 (watcher_server.cpp:132)
2026-07-31 07:24:32.010 | info     |       LLRuntime | Watcher attached device 2 (watcher_server.cpp:132)
2026-07-31 07:24:32.010 | info     |       LLRuntime | Watcher attached device 3 (watcher_server.cpp:132)
2026-07-31 07:24:32.010 | info     |       LLRuntime | Watcher server initialized, disabled features: None (watcher_server.cpp:547)
2026-07-31 07:24:32.010 | info     |           Metal | Watcher checking device 0 (watcher_device_reader.cpp:393)
2026-07-31 07:24:32.010 | warning  |           Metal | Opening subset of mmio devices slows down UMD read/write to remote chips. If opening more devices, consider using CreateDevices API. (device_manager.cpp:261)
2026-07-31 07:24:32.014 | info     |           Metal | Watcher checking device 1 (watcher_device_reader.cpp:393)
2026-07-31 07:24:32.018 | info     |           Metal | Watcher checking device 2 (watcher_device_reader.cpp:393)
2026-07-31 07:24:32.023 | info     |           Metal | Watcher checking device 3 (watcher_device_reader.cpp:393)
2026-07-31 07:24:32.069 | DEBUG    | conftest:mesh_device:599 - multidevice with 1 devices is created
2026-07-31 07:24:33.027 | info     |           Metal | Watcher checking device 0 (watcher_device_reader.cpp:393)
2026-07-31 07:24:33.032 | info     |           Metal | Watcher checking device 1 (watcher_device_reader.cpp:393)
2026-07-31 07:24:33.036 | info     |           Metal | Watcher checking device 2 (watcher_device_reader.cpp:393)
2026-07-31 07:24:33.041 | info     |           Metal | Watcher checking device 3 (watcher_device_reader.cpp:393)
2026-07-31 07:24:34.046 | info     |           Metal | Watcher checking device 0 (watcher_device_reader.cpp:393)
2026-07-31 07:24:34.050 | info     |           Metal | Watcher checking device 1 (watcher_device_reader.cpp:393)
2026-07-31 07:24:34.054 | info     |           Metal | Watcher checking device 2 (watcher_device_reader.cpp:393)
2026-07-31 07:24:34.059 | info     |           Metal | Watcher checking device 3 (watcher_device_reader.cpp:393)
PASSED
models/autoports/google_gemma_4_26b_a4b_it/tests/test_optimized_decoder.py::test_optimized_traced_decode_contract[blackhole-batch1-full_attention-device_params0-mesh_device0] 2026-07-31 07:24:34.438 | DEBUG    | ttnn.device:__init__:152 - Using default dispatch core type for this system: DispatchCoreType.WORKER
2026-07-31 07:24:34.438 | DEBUG    | ttnn.device:__init__:154 - Using default dispatch core axis for this system: DispatchCoreAxis.COL
2026-07-31 07:24:34.439 | info     |       LLRuntime | Watcher thread stopped watching... (watcher_server.cpp:595)
2026-07-31 07:24:34.439 | info     |       LLRuntime | Watcher detached device 0 (watcher_server.cpp:181)
2026-07-31 07:24:34.439 | info     |       LLRuntime | Watcher detached device 1 (watcher_server.cpp:181)
2026-07-31 07:24:34.439 | info     |       LLRuntime | Watcher detached device 2 (watcher_server.cpp:181)
2026-07-31 07:24:34.439 | info     |       LLRuntime | Watcher detached device 3 (watcher_server.cpp:181)
2026-07-31 07:24:34.503 | info     |       LLRuntime | Watcher log file: /home/mvasiljevic/tt-metal/generated/watcher/watcher.log (watcher_server.cpp:286)
2026-07-31 07:24:34.503 | info     |       LLRuntime | Watcher attached device 0 (watcher_server.cpp:132)
2026-07-31 07:24:34.503 | info     |       LLRuntime | Watcher attached device 1 (watcher_server.cpp:132)
2026-07-31 07:24:34.503 | info     |       LLRuntime | Watcher attached device 2 (watcher_server.cpp:132)
2026-07-31 07:24:34.503 | info     |       LLRuntime | Watcher attached device 3 (watcher_server.cpp:132)
2026-07-31 07:24:34.503 | info     |       LLRuntime | Watcher server initialized, disabled features: None (watcher_server.cpp:547)
2026-07-31 07:24:34.503 | info     |           Metal | Watcher checking device 0 (watcher_device_reader.cpp:393)
2026-07-31 07:24:34.503 | warning  |           Metal | Opening subset of mmio devices slows down UMD read/write to remote chips. If opening more devices, consider using CreateDevices API. (device_manager.cpp:261)
2026-07-31 07:24:34.508 | info     |           Metal | Watcher checking device 1 (watcher_device_reader.cpp:393)
2026-07-31 07:24:34.512 | info     |           Metal | Watcher checking device 2 (watcher_device_reader.cpp:393)
2026-07-31 07:24:34.516 | info     |           Metal | Watcher checking device 3 (watcher_device_reader.cpp:393)
2026-07-31 07:24:34.560 | DEBUG    | conftest:mesh_device:599 - multidevice with 1 devices is created
2026-07-31 07:24:35.521 | info     |           Metal | Watcher checking device 0 (watcher_device_reader.cpp:393)
2026-07-31 07:24:35.525 | info     |           Metal | Watcher checking device 1 (watcher_device_reader.cpp:393)
2026-07-31 07:24:35.529 | info     |           Metal | Watcher checking device 2 (watcher_device_reader.cpp:393)
2026-07-31 07:24:35.533 | info     |           Metal | Watcher checking device 3 (watcher_device_reader.cpp:393)
2026-07-31 07:24:36.538 | info     |           Metal | Watcher checking device 0 (watcher_device_reader.cpp:393)
2026-07-31 07:24:36.543 | info     |           Metal | Watcher checking device 1 (watcher_device_reader.cpp:393)
2026-07-31 07:24:36.547 | info     |           Metal | Watcher checking device 2 (watcher_device_reader.cpp:393)
2026-07-31 07:24:36.552 | info     |           Metal | Watcher checking device 3 (watcher_device_reader.cpp:393)
PASSED
models/autoports/google_gemma_4_26b_a4b_it/tests/test_optimized_decoder.py::test_optimized_mutable_trace_aba[blackhole-full_attention-device_params0-mesh_device0] 2026-07-31 07:24:36.992 | DEBUG    | ttnn.device:__init__:152 - Using default dispatch core type for this system: DispatchCoreType.WORKER
2026-07-31 07:24:36.992 | DEBUG    | ttnn.device:__init__:154 - Using default dispatch core axis for this system: DispatchCoreAxis.COL
2026-07-31 07:24:36.992 | info     |       LLRuntime | Watcher thread stopped watching... (watcher_server.cpp:595)
2026-07-31 07:24:36.992 | info     |       LLRuntime | Watcher detached device 0 (watcher_server.cpp:181)
2026-07-31 07:24:36.992 | info     |       LLRuntime | Watcher detached device 1 (watcher_server.cpp:181)
2026-07-31 07:24:36.992 | info     |       LLRuntime | Watcher detached device 2 (watcher_server.cpp:181)
2026-07-31 07:24:36.992 | info     |       LLRuntime | Watcher detached device 3 (watcher_server.cpp:181)
2026-07-31 07:24:37.056 | info     |       LLRuntime | Watcher log file: /home/mvasiljevic/tt-metal/generated/watcher/watcher.log (watcher_server.cpp:286)
2026-07-31 07:24:37.056 | info     |       LLRuntime | Watcher attached device 0 (watcher_server.cpp:132)
2026-07-31 07:24:37.056 | info     |       LLRuntime | Watcher attached device 1 (watcher_server.cpp:132)
2026-07-31 07:24:37.056 | info     |       LLRuntime | Watcher attached device 2 (watcher_server.cpp:132)
2026-07-31 07:24:37.056 | info     |       LLRuntime | Watcher attached device 3 (watcher_server.cpp:132)
2026-07-31 07:24:37.056 | info     |       LLRuntime | Watcher server initialized, disabled features: None (watcher_server.cpp:547)
2026-07-31 07:24:37.056 | info     |           Metal | Watcher checking device 0 (watcher_device_reader.cpp:393)
2026-07-31 07:24:37.056 | warning  |           Metal | Opening subset of mmio devices slows down UMD read/write to remote chips. If opening more devices, consider using CreateDevices API. (device_manager.cpp:261)
2026-07-31 07:24:37.060 | info     |           Metal | Watcher checking device 1 (watcher_device_reader.cpp:393)
2026-07-31 07:24:37.064 | info     |           Metal | Watcher checking device 2 (watcher_device_reader.cpp:393)
2026-07-31 07:24:37.069 | info     |           Metal | Watcher checking device 3 (watcher_device_reader.cpp:393)
2026-07-31 07:24:37.113 | DEBUG    | conftest:mesh_device:599 - multidevice with 1 devices is created
2026-07-31 07:24:38.073 | info     |           Metal | Watcher checking device 0 (watcher_device_reader.cpp:393)
2026-07-31 07:24:38.078 | info     |           Metal | Watcher checking device 1 (watcher_device_reader.cpp:393)
2026-07-31 07:24:38.082 | info     |           Metal | Watcher checking device 2 (watcher_device_reader.cpp:393)
2026-07-31 07:24:38.087 | info     |           Metal | Watcher checking device 3 (watcher_device_reader.cpp:393)
PASSED
models/autoports/google_gemma_4_26b_a4b_it/tests/test_optimized_decoder.py::test_optimized_real_weights_prefill_decode[blackhole-full_attention_shared_physical_cache-device_params0-mesh_device0] 2026-07-31 07:24:39.092 | info     |           Metal | Watcher checking device 0 (watcher_device_reader.cpp:393)
2026-07-31 07:24:39.096 | info     |           Metal | Watcher checking device 1 (watcher_device_reader.cpp:393)
2026-07-31 07:24:39.098 | DEBUG    | ttnn.device:__init__:152 - Using default dispatch core type for this system: DispatchCoreType.WORKER
2026-07-31 07:24:39.098 | DEBUG    | ttnn.device:__init__:154 - Using default dispatch core axis for this system: DispatchCoreAxis.COL
2026-07-31 07:24:39.101 | info     |           Metal | Watcher checking device 2 (watcher_device_reader.cpp:393)
2026-07-31 07:24:39.105 | info     |           Metal | Watcher checking device 3 (watcher_device_reader.cpp:393)
2026-07-31 07:24:39.109 | info     |       LLRuntime | Watcher thread stopped watching... (watcher_server.cpp:595)
2026-07-31 07:24:39.109 | info     |       LLRuntime | Watcher detached device 0 (watcher_server.cpp:181)
2026-07-31 07:24:39.109 | info     |       LLRuntime | Watcher detached device 1 (watcher_server.cpp:181)
2026-07-31 07:24:39.109 | info     |       LLRuntime | Watcher detached device 2 (watcher_server.cpp:181)
2026-07-31 07:24:39.109 | info     |       LLRuntime | Watcher detached device 3 (watcher_server.cpp:181)
2026-07-31 07:24:39.173 | info     |       LLRuntime | Watcher log file: /home/mvasiljevic/tt-metal/generated/watcher/watcher.log (watcher_server.cpp:286)
2026-07-31 07:24:39.173 | info     |       LLRuntime | Watcher attached device 0 (watcher_server.cpp:132)
2026-07-31 07:24:39.173 | info     |       LLRuntime | Watcher attached device 1 (watcher_server.cpp:132)
2026-07-31 07:24:39.173 | info     |       LLRuntime | Watcher attached device 2 (watcher_server.cpp:132)
2026-07-31 07:24:39.173 | info     |       LLRuntime | Watcher attached device 3 (watcher_server.cpp:132)
2026-07-31 07:24:39.173 | info     |       LLRuntime | Watcher server initialized, disabled features: None (watcher_server.cpp:547)
2026-07-31 07:24:39.173 | info     |           Metal | Watcher checking device 0 (watcher_device_reader.cpp:393)
2026-07-31 07:24:39.173 | warning  |           Metal | Opening subset of mmio devices slows down UMD read/write to remote chips. If opening more devices, consider using CreateDevices API. (device_manager.cpp:261)
2026-07-31 07:24:39.178 | info     |           Metal | Watcher checking device 1 (watcher_device_reader.cpp:393)
2026-07-31 07:24:39.182 | info     |           Metal | Watcher checking device 2 (watcher_device_reader.cpp:393)
2026-07-31 07:24:39.186 | info     |           Metal | Watcher checking device 3 (watcher_device_reader.cpp:393)
2026-07-31 07:24:39.233 | DEBUG    | conftest:mesh_device:599 - multidevice with 1 devices is created
2026-07-31 07:24:40.191 | info     |           Metal | Watcher checking device 0 (watcher_device_reader.cpp:393)
2026-07-31 07:24:40.195 | info     |           Metal | Watcher checking device 1 (watcher_device_reader.cpp:393)
2026-07-31 07:24:40.200 | info     |           Metal | Watcher checking device 2 (watcher_device_reader.cpp:393)
2026-07-31 07:24:40.204 | info     |           Metal | Watcher checking device 3 (watcher_device_reader.cpp:393)
PASSED2026-07-31 07:24:41.209 | info     |           Metal | Watcher checking device 0 (watcher_device_reader.cpp:393)
2026-07-31 07:24:41.214 | info     |           Metal | Watcher checking device 1 (watcher_device_reader.cpp:393)
2026-07-31 07:24:41.218 | info     |           Metal | Watcher checking device 2 (watcher_device_reader.cpp:393)
2026-07-31 07:24:41.222 | info     |           Metal | Watcher checking device 3 (watcher_device_reader.cpp:393)

models/autoports/google_gemma_4_26b_a4b_it/tests/test_optimized_decoder.py::test_optimized_traced_decode_contract[blackhole-batch32-sliding_attention-device_params0-mesh_device0] 2026-07-31 07:24:41.546 | DEBUG    | ttnn.device:__init__:152 - Using default dispatch core type for this system: DispatchCoreType.WORKER
2026-07-31 07:24:41.546 | DEBUG    | ttnn.device:__init__:154 - Using default dispatch core axis for this system: DispatchCoreAxis.COL
2026-07-31 07:24:41.546 | info     |       LLRuntime | Watcher thread stopped watching... (watcher_server.cpp:595)
2026-07-31 07:24:41.546 | info     |       LLRuntime | Watcher detached device 0 (watcher_server.cpp:181)
2026-07-31 07:24:41.546 | info     |       LLRuntime | Watcher detached device 1 (watcher_server.cpp:181)
2026-07-31 07:24:41.546 | info     |       LLRuntime | Watcher detached device 2 (watcher_server.cpp:181)
2026-07-31 07:24:41.546 | info     |       LLRuntime | Watcher detached device 3 (watcher_server.cpp:181)
2026-07-31 07:24:41.609 | info     |       LLRuntime | Watcher log file: /home/mvasiljevic/tt-metal/generated/watcher/watcher.log (watcher_server.cpp:286)
2026-07-31 07:24:41.609 | info     |       LLRuntime | Watcher attached device 0 (watcher_server.cpp:132)
2026-07-31 07:24:41.609 | info     |       LLRuntime | Watcher attached device 1 (watcher_server.cpp:132)
2026-07-31 07:24:41.609 | info     |       LLRuntime | Watcher attached device 2 (watcher_server.cpp:132)
2026-07-31 07:24:41.609 | info     |       LLRuntime | Watcher attached device 3 (watcher_server.cpp:132)
2026-07-31 07:24:41.609 | info     |       LLRuntime | Watcher server initialized, disabled features: None (watcher_server.cpp:547)
2026-07-31 07:24:41.609 | info     |           Metal | Watcher checking device 0 (watcher_device_reader.cpp:393)
2026-07-31 07:24:41.609 | warning  |           Metal | Opening subset of mmio devices slows down UMD read/write to remote chips. If opening more devices, consider using CreateDevices API. (device_manager.cpp:261)
2026-07-31 07:24:41.614 | info     |           Metal | Watcher checking device 1 (watcher_device_reader.cpp:393)
2026-07-31 07:24:41.618 | info     |           Metal | Watcher checking device 2 (watcher_device_reader.cpp:393)
2026-07-31 07:24:41.622 | info     |           Metal | Watcher checking device 3 (watcher_device_reader.cpp:393)
2026-07-31 07:24:41.666 | DEBUG    | conftest:mesh_device:599 - multidevice with 1 devices is created
2026-07-31 07:24:42.627 | info     |           Metal | Watcher checking device 0 (watcher_device_reader.cpp:393)
2026-07-31 07:24:42.631 | info     |           Metal | Watcher checking device 1 (watcher_device_reader.cpp:393)
2026-07-31 07:24:42.636 | info     |           Metal | Watcher checking device 2 (watcher_device_reader.cpp:393)
2026-07-31 07:24:42.640 | info     |           Metal | Watcher checking device 3 (watcher_device_reader.cpp:393)
2026-07-31 07:24:43.645 | info     |           Metal | Watcher checking device 0 (watcher_device_reader.cpp:393)
2026-07-31 07:24:43.649 | info     |           Metal | Watcher checking device 1 (watcher_device_reader.cpp:393)
2026-07-31 07:24:43.654 | info     |           Metal | Watcher checking device 2 (watcher_device_reader.cpp:393)
2026-07-31 07:24:43.658 | info     |           Metal | Watcher checking device 3 (watcher_device_reader.cpp:393)
2026-07-31 07:24:44.663 | info     |           Metal | Watcher checking device 0 (watcher_device_reader.cpp:393)
2026-07-31 07:24:44.667 | info     |           Metal | Watcher checking device 1 (watcher_device_reader.cpp:393)
2026-07-31 07:24:44.672 | info     |           Metal | Watcher checking device 2 (watcher_device_reader.cpp:393)
2026-07-31 07:24:44.676 | info     |           Metal | Watcher checking device 3 (watcher_device_reader.cpp:393)
PASSED
models/autoports/google_gemma_4_26b_a4b_it/tests/test_optimized_decoder.py::test_optimized_traced_decode_contract[blackhole-batch32-full_attention-device_params0-mesh_device0] 2026-07-31 07:24:45.536 | DEBUG    | ttnn.device:__init__:152 - Using default dispatch core type for this system: DispatchCoreType.WORKER
2026-07-31 07:24:45.537 | DEBUG    | ttnn.device:__init__:154 - Using default dispatch core axis for this system: DispatchCoreAxis.COL
2026-07-31 07:24:45.537 | info     |       LLRuntime | Watcher thread stopped watching... (watcher_server.cpp:595)
2026-07-31 07:24:45.537 | info     |       LLRuntime | Watcher detached device 0 (watcher_server.cpp:181)
2026-07-31 07:24:45.537 | info     |       LLRuntime | Watcher detached device 1 (watcher_server.cpp:181)
2026-07-31 07:24:45.537 | info     |       LLRuntime | Watcher detached device 2 (watcher_server.cpp:181)
2026-07-31 07:24:45.537 | info     |       LLRuntime | Watcher detached device 3 (watcher_server.cpp:181)
2026-07-31 07:24:45.601 | info     |       LLRuntime | Watcher log file: /home/mvasiljevic/tt-metal/generated/watcher/watcher.log (watcher_server.cpp:286)
2026-07-31 07:24:45.601 | info     |       LLRuntime | Watcher attached device 0 (watcher_server.cpp:132)
2026-07-31 07:24:45.601 | info     |       LLRuntime | Watcher attached device 1 (watcher_server.cpp:132)
2026-07-31 07:24:45.601 | info     |       LLRuntime | Watcher attached device 2 (watcher_server.cpp:132)
2026-07-31 07:24:45.601 | info     |       LLRuntime | Watcher attached device 3 (watcher_server.cpp:132)
2026-07-31 07:24:45.601 | info     |       LLRuntime | Watcher server initialized, disabled features: None (watcher_server.cpp:547)
2026-07-31 07:24:45.601 | info     |           Metal | Watcher checking device 0 (watcher_device_reader.cpp:393)
2026-07-31 07:24:45.601 | warning  |           Metal | Opening subset of mmio devices slows down UMD read/write to remote chips. If opening more devices, consider using CreateDevices API. (device_manager.cpp:261)
2026-07-31 07:24:45.605 | info     |           Metal | Watcher checking device 1 (watcher_device_reader.cpp:393)
2026-07-31 07:24:45.610 | info     |           Metal | Watcher checking device 2 (watcher_device_reader.cpp:393)
2026-07-31 07:24:45.614 | info     |           Metal | Watcher checking device 3 (watcher_device_reader.cpp:393)
2026-07-31 07:24:45.658 | DEBUG    | conftest:mesh_device:599 - multidevice with 1 devices is created
2026-07-31 07:24:46.618 | info     |           Metal | Watcher checking device 0 (watcher_device_reader.cpp:393)
2026-07-31 07:24:46.623 | info     |           Metal | Watcher checking device 1 (watcher_device_reader.cpp:393)
2026-07-31 07:24:46.627 | info     |           Metal | Watcher checking device 2 (watcher_device_reader.cpp:393)
2026-07-31 07:24:46.632 | info     |           Metal | Watcher checking device 3 (watcher_device_reader.cpp:393)
2026-07-31 07:24:47.637 | info     |           Metal | Watcher checking device 0 (watcher_device_reader.cpp:393)
2026-07-31 07:24:47.641 | info     |           Metal | Watcher checking device 1 (watcher_device_reader.cpp:393)
2026-07-31 07:24:47.646 | info     |           Metal | Watcher checking device 2 (watcher_device_reader.cpp:393)
2026-07-31 07:24:47.650 | info     |           Metal | Watcher checking device 3 (watcher_device_reader.cpp:393)
2026-07-31 07:24:48.655 | info     |           Metal | Watcher checking device 0 (watcher_device_reader.cpp:393)
2026-07-31 07:24:48.659 | info     |           Metal | Watcher checking device 1 (watcher_device_reader.cpp:393)
2026-07-31 07:24:48.663 | info     |           Metal | Watcher checking device 2 (watcher_device_reader.cpp:393)
2026-07-31 07:24:48.668 | info     |           Metal | Watcher checking device 3 (watcher_device_reader.cpp:393)
2026-07-31 07:24:49.673 | info     |           Metal | Watcher checking device 0 (watcher_device_reader.cpp:393)
2026-07-31 07:24:49.677 | info     |           Metal | Watcher checking device 1 (watcher_device_reader.cpp:393)
2026-07-31 07:24:49.681 | info     |           Metal | Watcher checking device 2 (watcher_device_reader.cpp:393)
2026-07-31 07:24:49.686 | info     |           Metal | Watcher checking device 3 (watcher_device_reader.cpp:393)
2026-07-31 07:24:50.690 | info     |           Metal | Watcher checking device 0 (watcher_device_reader.cpp:393)
2026-07-31 07:24:50.695 | info     |           Metal | Watcher checking device 1 (watcher_device_reader.cpp:393)
2026-07-31 07:24:50.699 | info     |           Metal | Watcher checking device 2 (watcher_device_reader.cpp:393)
2026-07-31 07:24:50.703 | info     |           Metal | Watcher checking device 3 (watcher_device_reader.cpp:393)
2026-07-31 07:24:51.708 | info     |           Metal | Watcher checking device 0 (watcher_device_reader.cpp:393)
2026-07-31 07:24:51.713 | info     |           Metal | Watcher checking device 1 (watcher_device_reader.cpp:393)
2026-07-31 07:24:51.717 | info     |           Metal | Watcher checking device 2 (watcher_device_reader.cpp:393)
2026-07-31 07:24:51.721 | info     |           Metal | Watcher checking device 3 (watcher_device_reader.cpp:393)
2026-07-31 07:24:52.726 | info     |           Metal | Watcher checking device 0 (watcher_device_reader.cpp:393)
2026-07-31 07:24:52.730 | info     |           Metal | Watcher checking device 1 (watcher_device_reader.cpp:393)
2026-07-31 07:24:52.735 | info     |           Metal | Watcher checking device 2 (watcher_device_reader.cpp:393)
2026-07-31 07:24:52.739 | info     |           Metal | Watcher checking device 3 (watcher_device_reader.cpp:393)
2026-07-31 07:24:53.744 | info     |           Metal | Watcher checking device 0 (watcher_device_reader.cpp:393)
2026-07-31 07:24:53.748 | info     |           Metal | Watcher checking device 1 (watcher_device_reader.cpp:393)
2026-07-31 07:24:53.753 | info     |           Metal | Watcher checking device 2 (watcher_device_reader.cpp:393)
2026-07-31 07:24:53.757 | info     |           Metal | Watcher checking device 3 (watcher_device_reader.cpp:393)
2026-07-31 07:24:54.762 | info     |           Metal | Watcher checking device 0 (watcher_device_reader.cpp:393)
2026-07-31 07:24:54.766 | info     |           Metal | Watcher checking device 1 (watcher_device_reader.cpp:393)
2026-07-31 07:24:54.771 | info     |           Metal | Watcher checking device 2 (watcher_device_reader.cpp:393)
2026-07-31 07:24:54.775 | info     |           Metal | Watcher checking device 3 (watcher_device_reader.cpp:393)
2026-07-31 07:24:55.780 | info     |           Metal | Watcher checking device 0 (watcher_device_reader.cpp:393)
2026-07-31 07:24:55.784 | info     |           Metal | Watcher checking device 1 (watcher_device_reader.cpp:393)
2026-07-31 07:24:55.789 | info     |           Metal | Watcher checking device 2 (watcher_device_reader.cpp:393)
2026-07-31 07:24:55.793 | info     |           Metal | Watcher checking device 3 (watcher_device_reader.cpp:393)
2026-07-31 07:24:56.798 | info     |           Metal | Watcher checking device 0 (watcher_device_reader.cpp:393)
2026-07-31 07:24:56.802 | info     |           Metal | Watcher checking device 1 (watcher_device_reader.cpp:393)
2026-07-31 07:24:56.807 | info     |           Metal | Watcher checking device 2 (watcher_device_reader.cpp:393)
2026-07-31 07:24:56.811 | info     |           Metal | Watcher checking device 3 (watcher_device_reader.cpp:393)
2026-07-31 07:24:57.817 | info     |           Metal | Watcher checking device 0 (watcher_device_reader.cpp:393)
2026-07-31 07:24:57.821 | info     |           Metal | Watcher checking device 1 (watcher_device_reader.cpp:393)
2026-07-31 07:24:57.826 | info     |           Metal | Watcher checking device 2 (watcher_device_reader.cpp:393)
2026-07-31 07:24:57.830 | info     |           Metal | Watcher checking device 3 (watcher_device_reader.cpp:393)
PASSED2026-07-31 07:24:58.835 | info     |           Metal | Watcher checking device 0 (watcher_device_reader.cpp:393)
2026-07-31 07:24:58.840 | info     |           Metal | Watcher checking device 1 (watcher_device_reader.cpp:393)
2026-07-31 07:24:58.844 | info     |           Metal | Watcher checking device 2 (watcher_device_reader.cpp:393)
2026-07-31 07:24:58.849 | info     |           Metal | Watcher checking device 3 (watcher_device_reader.cpp:393)


=============================== warnings summary ===============================
<frozen importlib._bootstrap>:488
  <frozen importlib._bootstrap>:488: DeprecationWarning: builtin type SwigPyPacked has no __module__ attribute

<frozen importlib._bootstrap>:488
  <frozen importlib._bootstrap>:488: DeprecationWarning: builtin type SwigPyObject has no __module__ attribute

-- Docs: https://docs.pytest.org/en/stable/how-to/capture-warnings.html
==================================== PASSES ====================================
- generated xml file: /home/mvasiljevic/tt-metal/generated/test_reports/most_recent_tests.xml -
============================== slowest durations ===============================
12.53s call     models/autoports/google_gemma_4_26b_a4b_it/tests/test_optimized_decoder.py::test_optimized_traced_decode_contract[blackhole-batch32-full_attention-device_params0-mesh_device0]
3.50s call     models/autoports/google_gemma_4_26b_a4b_it/tests/test_optimized_decoder.py::test_optimized_traced_decode_contract[blackhole-batch32-sliding_attention-device_params0-mesh_device0]
2.06s call     models/autoports/google_gemma_4_26b_a4b_it/tests/test_optimized_decoder.py::test_optimized_traced_decode_contract[blackhole-batch1-full_attention-device_params0-mesh_device0]
2.02s call     models/autoports/google_gemma_4_26b_a4b_it/tests/test_optimized_decoder.py::test_optimized_real_weights_prefill_decode[blackhole-full_attention_natural_cache-device_params0-mesh_device0]
2.00s call     models/autoports/google_gemma_4_26b_a4b_it/tests/test_optimized_decoder.py::test_optimized_real_weights_prefill_decode[blackhole-sliding_attention-device_params0-mesh_device0]
1.97s call     models/autoports/google_gemma_4_26b_a4b_it/tests/test_optimized_decoder.py::test_optimized_real_weights_prefill_decode[blackhole-full_attention_shared_physical_cache-device_params0-mesh_device0]
1.64s call     models/autoports/google_gemma_4_26b_a4b_it/tests/test_optimized_decoder.py::test_optimized_traced_decode_contract[blackhole-batch1-sliding_attention-device_params0-mesh_device0]
1.61s call     models/autoports/google_gemma_4_26b_a4b_it/tests/test_optimized_decoder.py::test_optimized_mutable_trace_aba[blackhole-full_attention-device_params0-mesh_device0]
1.38s setup    models/autoports/google_gemma_4_26b_a4b_it/tests/test_optimized_decoder.py::test_optimized_real_weights_prefill_decode[blackhole-sliding_attention-device_params0-mesh_device0]
1.31s call     models/autoports/google_gemma_4_26b_a4b_it/tests/test_optimized_decoder.py::test_optimized_mutable_trace_aba[blackhole-sliding_attention-device_params0-mesh_device0]
0.38s setup    models/autoports/google_gemma_4_26b_a4b_it/tests/test_optimized_decoder.py::test_optimized_real_weights_prefill_decode[blackhole-full_attention_shared_physical_cache-device_params0-mesh_device0]
0.37s setup    models/autoports/google_gemma_4_26b_a4b_it/tests/test_optimized_decoder.py::test_optimized_real_weights_prefill_decode[blackhole-full_attention_natural_cache-device_params0-mesh_device0]
0.36s setup    models/autoports/google_gemma_4_26b_a4b_it/tests/test_optimized_decoder.py::test_optimized_mutable_trace_aba[blackhole-full_attention-device_params0-mesh_device0]
0.36s setup    models/autoports/google_gemma_4_26b_a4b_it/tests/test_optimized_decoder.py::test_optimized_traced_decode_contract[blackhole-batch32-full_attention-device_params0-mesh_device0]
0.35s setup    models/autoports/google_gemma_4_26b_a4b_it/tests/test_optimized_decoder.py::test_optimized_mutable_trace_aba[blackhole-sliding_attention-device_params0-mesh_device0]
0.34s setup    models/autoports/google_gemma_4_26b_a4b_it/tests/test_optimized_decoder.py::test_optimized_traced_decode_contract[blackhole-batch1-sliding_attention-device_params0-mesh_device0]
0.34s setup    models/autoports/google_gemma_4_26b_a4b_it/tests/test_optimized_decoder.py::test_optimized_traced_decode_contract[blackhole-batch1-full_attention-device_params0-mesh_device0]
0.33s setup    models/autoports/google_gemma_4_26b_a4b_it/tests/test_optimized_decoder.py::test_optimized_traced_decode_contract[blackhole-batch32-sliding_attention-device_params0-mesh_device0]
0.13s teardown models/autoports/google_gemma_4_26b_a4b_it/tests/test_optimized_decoder.py::test_optimized_mutable_trace_aba[blackhole-full_attention-device_params0-mesh_device0]
0.13s teardown models/autoports/google_gemma_4_26b_a4b_it/tests/test_optimized_decoder.py::test_optimized_real_weights_prefill_decode[blackhole-full_attention_shared_physical_cache-device_params0-mesh_device0]
0.13s teardown models/autoports/google_gemma_4_26b_a4b_it/tests/test_optimized_decoder.py::test_optimized_traced_decode_contract[blackhole-batch1-full_attention-device_params0-mesh_device0]
0.13s teardown models/autoports/google_gemma_4_26b_a4b_it/tests/test_optimized_decoder.py::test_optimized_traced_decode_contract[blackhole-batch1-sliding_attention-device_params0-mesh_device0]
0.13s teardown models/autoports/google_gemma_4_26b_a4b_it/tests/test_optimized_decoder.py::test_optimized_mutable_trace_aba[blackhole-sliding_attention-device_params0-mesh_device0]
0.13s teardown models/autoports/google_gemma_4_26b_a4b_it/tests/test_optimized_decoder.py::test_optimized_real_weights_prefill_decode[blackhole-sliding_attention-device_params0-mesh_device0]
0.13s teardown models/autoports/google_gemma_4_26b_a4b_it/tests/test_optimized_decoder.py::test_optimized_traced_decode_contract[blackhole-batch32-sliding_attention-device_params0-mesh_device0]
0.13s teardown models/autoports/google_gemma_4_26b_a4b_it/tests/test_optimized_decoder.py::test_optimized_traced_decode_contract[blackhole-batch32-full_attention-device_params0-mesh_device0]
0.13s teardown models/autoports/google_gemma_4_26b_a4b_it/tests/test_optimized_decoder.py::test_optimized_real_weights_prefill_decode[blackhole-full_attention_natural_cache-device_params0-mesh_device0]
=========================== short test summary info ============================
PASSED models/autoports/google_gemma_4_26b_a4b_it/tests/test_optimized_decoder.py::test_optimized_real_weights_prefill_decode[blackhole-sliding_attention-device_params0-mesh_device0]
PASSED models/autoports/google_gemma_4_26b_a4b_it/tests/test_optimized_decoder.py::test_optimized_traced_decode_contract[blackhole-batch1-sliding_attention-device_params0-mesh_device0]
PASSED models/autoports/google_gemma_4_26b_a4b_it/tests/test_optimized_decoder.py::test_optimized_mutable_trace_aba[blackhole-sliding_attention-device_params0-mesh_device0]
PASSED models/autoports/google_gemma_4_26b_a4b_it/tests/test_optimized_decoder.py::test_optimized_real_weights_prefill_decode[blackhole-full_attention_natural_cache-device_params0-mesh_device0]
PASSED models/autoports/google_gemma_4_26b_a4b_it/tests/test_optimized_decoder.py::test_optimized_traced_decode_contract[blackhole-batch1-full_attention-device_params0-mesh_device0]
PASSED models/autoports/google_gemma_4_26b_a4b_it/tests/test_optimized_decoder.py::test_optimized_mutable_trace_aba[blackhole-full_attention-device_params0-mesh_device0]
PASSED models/autoports/google_gemma_4_26b_a4b_it/tests/test_optimized_decoder.py::test_optimized_real_weights_prefill_decode[blackhole-full_attention_shared_physical_cache-device_params0-mesh_device0]
PASSED models/autoports/google_gemma_4_26b_a4b_it/tests/test_optimized_decoder.py::test_optimized_traced_decode_contract[blackhole-batch32-sliding_attention-device_params0-mesh_device0]
PASSED models/autoports/google_gemma_4_26b_a4b_it/tests/test_optimized_decoder.py::test_optimized_traced_decode_contract[blackhole-batch32-full_attention-device_params0-mesh_device0]
================ 9 passed, 115 deselected, 2 warnings in 34.95s ================
sys:1: DeprecationWarning: builtin type swigvarlink has no __module__ attribute
2026-07-31 07:24:59.854 | info     |           Metal | Watcher checking device 0 (watcher_device_reader.cpp:393)
2026-07-31 07:24:59.858 | info     |           Metal | Watcher checking device 1 (watcher_device_reader.cpp:393)
2026-07-31 07:24:59.863 | info     |           Metal | Watcher checking device 2 (watcher_device_reader.cpp:393)
2026-07-31 07:24:59.867 | info     |           Metal | Watcher checking device 3 (watcher_device_reader.cpp:393)
nanobind: leaked 3 instances!
 - leaked instance 0x7257c06a0108 of type "ttnn._ttnn.tensor.MemoryConfig"
 - leaked instance 0x7257c0e19fc8 of type "ttnn._ttnn.tensor.CoreRangeSet"
 - leaked instance 0x7257c0f2e2f8 of type "ttnn._ttnn.device.DispatchCoreConfig"
nanobind: leaked 34 types!
 - leaked type "DispatchCoreAxis"
 - leaked type "ttnn._ttnn.device.SubDeviceManagerId"
 - leaked type "MathFidelity"
 - leaked type "ttnn._ttnn.operations.matmul.MatmulMultiCoreReuseMultiCast1DProgramConfig"
 - leaked type "ttnn._ttnn.operations.matmul.MatmulInputs"
 - leaked type "ttnn._ttnn.operations.matmul.MatmulMultiCoreReuseMultiCastBatchedDRAMShardedProgramConfig"
 - leaked type "BufferType"
 - leaked type "UnaryOpType"
 - leaked type "Layout"
 - leaked type "ttnn._ttnn.operations.matmul.MatmulMultiCoreReuseOptimizedProgramFactory"
 - ... skipped remainder
nanobind: leaked 303 functions!
 - leaked function ""
 - leaked function ""
 - leaked function ""
 - leaked function ""
 - leaked function "is_asynchronous_slow_dispatch_enabled"
 - leaked function ""
 - leaked function "__ne__"
 - leaked function ""
 - leaked function ""
 - leaked function ""
 - ... skipped remainder
nanobind: this is likely caused by a reference counting issue in the binding code.
See https://nanobind.readthedocs.io/en/latest/refleaks.html2026-07-31 07:25:00.414 | info     |    BuildKernels | JIT cache stats: 485/485 hits (100.0%) [485 cached, 2596 build-once dedup, 0 merged artifacts, 0 merged genfiles] (build_cache_telemetry.cpp:207)
2026-07-31 07:25:00.414 | info     |    BuildKernels | JIT telemetry: 3 registered TelemetryTokens (build_cache_telemetry.cpp:230)
2026-07-31 07:25:00.415 | info     |       LLRuntime | Watcher thread stopped watching... (watcher_server.cpp:595)
2026-07-31 07:25:00.415 | info     |       LLRuntime | Watcher detached device 0 (watcher_server.cpp:181)
2026-07-31 07:25:00.415 | info     |       LLRuntime | Watcher detached device 1 (watcher_server.cpp:181)
2026-07-31 07:25:00.415 | info     |       LLRuntime | Watcher detached device 2 (watcher_server.cpp:181)
2026-07-31 07:25:00.415 | info     |       LLRuntime | Watcher detached device 3 (watcher_server.cpp:181)
2026-07-31 07:25:00.427 | info     |          Device | Closing user mode device drivers (tt_cluster.cpp:512)
2026-07-31 07:25:00.427 | info     |             UMD | Closing devices in cluster (cluster.cpp:1037)
2026-07-31 07:25:00.816 | info     |             UMD | Closing devices in cluster completed. (cluster.cpp:1046)
2026-07-31 07:25:00.816 | info     |             UMD | Cluster destructor started. (cluster.cpp:754)
2026-07-31 07:25:00.817 | info     |             UMD | Cluster destructor completed. (cluster.cpp:757)
