2026-08-13 11:04:43.722 | DEBUG    | ttnn:<module>:78 - Initial ttnn.CONFIG:
Config{cache_path=/home/ttuser/.cache/ttnn,model_cache_path=/home/ttuser/.cache/ttnn/models,tmp_dir=/tmp/ttnn,enable_model_cache=false,enable_fast_runtime_mode=true,validate_program_args=false,throw_exception_on_fallback=false,enable_logging=false,enable_graph_report=false,enable_graph_python_stack_traces=false,enable_detailed_buffer_report=false,enable_detailed_tensor_report=false,enable_comparison_mode=false,comparison_mode_should_raise_exception=false,comparison_mode_pcc=0.9999,root_report_path=generated/ttnn/reports,report_name=std::nullopt,std::nullopt}
2026-08-13 11:04:45.173 | info     |          Device | Opening user mode device driver (tt_cluster.cpp:228)
2026-08-13 11:04:45.174 | info     |             UMD | Cluster constructor started. (cluster.cpp:389)
2026-08-13 11:04:45.174 | info     |             UMD | Creating TopologyDiscovery for architecture: blackhole (topology_discovery.cpp:96)
2026-08-13 11:04:45.174 | info     |             UMD | Starting topology discovery. (topology_discovery.cpp:115)
2026-08-13 11:05:16.727 | info     |             UMD | Established firmware bundle version: 19.11.0 (topology_discovery.cpp:575)
2026-08-13 11:05:16.728 | info     |             UMD | Completed topology discovery. (topology_discovery.cpp:119)
2026-08-13 11:05:16.805 | info     |             UMD | Opening local chip ids/PCIe ids: {0, 1, 2, 3}/[0, 1, 2, 3] and remote chip ids {} (cluster.cpp:173)
2026-08-13 11:05:16.805 | info     |             UMD | IOMMU: enabled (cluster.cpp:147)
2026-08-13 11:05:16.805 | info     |             UMD | KMD version: 2.10.0 (cluster.cpp:150)
2026-08-13 11:05:16.805 | info     |             UMD | Cluster constructor completed. (cluster.cpp:648)
2026-08-13 11:05:16.807 | info     |             UMD | Starting devices in cluster (cluster.cpp:1184)
2026-08-13 11:05:16.992 | info     |             UMD | Starting devices in cluster completed. (cluster.cpp:1192)
2026-08-13 11:05:17.119 | info     |     Distributed | Using auto discovery to generate mesh graph. (metal_env.cpp:437)
2026-08-13 11:05:17.119 | info     |     Distributed | Constructing control plane using auto-discovery (no mesh graph descriptor). (metal_env.cpp:499)
2026-08-13 11:05:17.119 | warning  |          Always | Unknown motherboard 'B850M-C' for chip_id=0 (bus_id=0x1) — falling back to bus_id as tray_id. Add this motherboard and its bus IDs to mobo_to_bus_ids in physical_system_discovery.cpp. (physical_system_discovery.cpp:119)
2026-08-13 11:05:17.119 | info     |          Fabric | Logical multi-mesh adjacency: intermesh degree histogram {0:1}; intra-mesh degree histograms mesh0 {2:4} (topology_mapper_utils.cpp:3329)
2026-08-13 11:05:17.119 | info     |          Fabric | Physical multi-mesh adjacency: intermesh degree histogram {0:1}; intra-mesh degree histograms mesh0 {2:4} (topology_mapper_utils.cpp:3337)
2026-08-13 11:05:17.159 | warning  |           Metal | Unable to set process priority to 0, error code: -1 (thread_pool.cpp:107)
2026-08-13 11:05:17.160 | warning  |           Metal | Unable to set process priority to 0, error code: -1 (thread_pool.cpp:107)
2026-08-13 11:05:17.160 | warning  |           Metal | Unable to set process priority to 0, error code: -1 (thread_pool.cpp:107)
2026-08-13 11:05:17.161 | warning  |           Metal | Unable to set process priority to 0, error code: -1 (thread_pool.cpp:107)
2026-08-13 11:05:17.161 | warning  |           Metal | Unable to set process priority to 0, error code: -1 (thread_pool.cpp:107)
2026-08-13 11:05:17.162 | warning  |           Metal | Unable to set process priority to 0, error code: -1 (thread_pool.cpp:107)
2026-08-13 11:05:17.162 | warning  |           Metal | Unable to set process priority to 0, error code: -1 (thread_pool.cpp:107)
2026-08-13 11:05:17.163 | warning  |           Metal | Unable to set process priority to 0, error code: -1 (thread_pool.cpp:107)
2026-08-13 11:05:17.163 | info     |           Metal | Initializing Fabric (fabric_firmware_initializer.cpp:296)
2026-08-13 11:05:17.188 | info     |           Metal | Fabric initialized on Device 0 (device.cpp:550)
2026-08-13 11:05:17.188 | info     |           Metal | Fabric initialized on Device 1 (device.cpp:550)
2026-08-13 11:05:17.189 | info     |           Metal | Fabric initialized on Device 2 (device.cpp:550)
2026-08-13 11:05:17.190 | info     |           Metal | Fabric initialized on Device 3 (device.cpp:550)
2026-08-13 11:05:17.190 | info     |           Metal | Fabric initialized on 4 devices (fabric_firmware_initializer.cpp:444)
2026-08-13 11:05:17.190 | info     |           Metal | Fabric Initialized with config FabricConfig::FABRIC_1D_RING (fabric_firmware_initializer.cpp:313)
2026-08-13 11:05:52.101 | INFO     | models.autoports.meta_models_muse_glimmer_30b.tt.model:from_pretrained:752 - MuseGlimmerModel: built 8/52 layers
2026-08-13 11:06:29.860 | INFO     | models.autoports.meta_models_muse_glimmer_30b.tt.model:from_pretrained:752 - MuseGlimmerModel: built 16/52 layers
2026-08-13 11:07:00.918 | INFO     | models.autoports.meta_models_muse_glimmer_30b.tt.model:from_pretrained:752 - MuseGlimmerModel: built 24/52 layers
2026-08-13 11:07:24.498 | INFO     | models.autoports.meta_models_muse_glimmer_30b.tt.model:from_pretrained:752 - MuseGlimmerModel: built 32/52 layers
2026-08-13 11:07:48.034 | INFO     | models.autoports.meta_models_muse_glimmer_30b.tt.model:from_pretrained:752 - MuseGlimmerModel: built 40/52 layers
2026-08-13 11:08:11.529 | INFO     | models.autoports.meta_models_muse_glimmer_30b.tt.model:from_pretrained:752 - MuseGlimmerModel: built 48/52 layers
2026-08-13 11:08:23.337 | INFO     | models.autoports.meta_models_muse_glimmer_30b.tt.model:from_pretrained:752 - MuseGlimmerModel: built 52/52 layers
2026-08-13 11:08:23.740 | INFO     | models.autoports.meta_models_muse_glimmer_30b.tt.generator:build_generator:916 - MuseGlimmerModel built in 184.5s
EV built in 186.0s
EV ===== stage capacity =====
EV capacity hf_model=meta-models/Muse-Glimmer-30B
EV capacity supported_context=131072
EV capacity cache_slots=1
EV capacity decode_rows=32
EV capacity max_num_blocks=2048
EV capacity page_block_size=64
EV capacity blocks_per_seq=2048
EV capacity prefill_chunk_size=8192
EV capacity vocab_size=202048
EV capacity padded_vocab_size=202112
EV capacity num_layers=52
EV capacity layer_kinds=['sliding', 'sliding', 'sliding', 'full', 'sliding', 'sliding', 'sliding', 'full', 'sliding', 'sliding', 'sliding', 'full', 'sliding', 'sliding', 'sliding', 'full', 'sliding', 'sliding', 'sliding', 'full', 'sliding', 'sliding', 'sliding', 'full', 'sliding', 'sliding', 'sliding', 'full', 'sliding', 'sliding', 'sliding', 'full', 'sliding', 'sliding', 'sliding', 'full', 'sliding', 'sliding', 'sliding', 'full', 'sliding', 'sliding', 'sliding', 'full', 'sliding', 'sliding', 'sliding', 'full', 'sliding', 'sliding', 'sliding', 'full']
EV capacity force_argmax=False
EV capacity sampling_implementation=models.common.sampling.SamplingGenerator
EV capacity lm_head_dtype=DataType.BFLOAT8_B
EV capacity lm_head_matmul=mcast1d
EV capacity lm_head_cores=52
EV capacity lm_head_in0_block_w=8
EV capacity counters={'trace_replays': 0, 'token_refreshes': 0, 'position_refreshes': 0, 'page_table_refreshes': 0, 'synchronizations': 0, 'readbacks': 0, 'device_position_advances': 0}
EV capacity carried_forward_decoder_contract={'activation_dtype': 'DataType.BFLOAT16', 'kv_cache_dtype': 'DataType.BFLOAT8_B', 'weight_dtype_wqkv': 'DataType.BFLOAT8_B', 'weight_dtype_o_proj': 'DataType.BFLOAT8_B', 'weight_dtype_mlp_gate': 'DataType.BFLOAT4_B', 'weight_dtype_mlp_down': 'DataType.BFLOAT4_B', 'prefill_ccl_impl': 'async', 'decode_ccl_impl': 'wrapper', 'prefill_ccl_mode': 'all_reduce', 'decode_ccl_mode': 'rs_ag', 'prefill_ccl_dtype': 'DataType.BFLOAT8_B', 'decode_ccl_dtype': 'None', 'prefill_ccl_rs_workers': 4, 'decode_ccl_rs_workers': 1, 'ccl_ag_barrier': True, 'ccl_persistent_buffers_rejected_and_off': True, 'prefill_fractured_norm': True, 'prefill_fractured_norm_min_rows': 256, 'sharded_decode_io': True, 'boundary_cores': 16, 'decode_matmul_o_proj': [16, 2], 'max_cores_per_head_batch': 32}
EV capacity per_device_layer_weight_bytes=4327784448
EV capacity per_device_kv_cache_bytes=1853882368
EV capacity per_device_rope_table_bytes=134217728
EV capacity per_device_terminal_weight_bytes=1030631680
EV capacity per_device_total_bytes=7346516224
EV capacity per_device_dram_capacity_bytes=33778699264
EV capacity per_device_kv_cache_bytes_per_block=905216.0
EV capacity per_device_free_after_long_lived_bytes=26432183040
EV capacity full_context_sequences_that_fit=15
EV ===== stage capacity done in 0.0s =====
EV ===== stage misses =====
EV misses non_top1=8/100 outside_top100=2
EV misses {'gen_index': 10, 'absolute_position': 214, 'tt_token': 523, 'hf_rank_of_tt_token': 1, 'hf_top1': 220, 'tt_top5': [523, 220, 2599, 2161, 1043], 'tt_top5_values': [14.3125, 13.1875, 2.0156, 1.625, -0.5117], 'tt_top1_minus_top2': 1.125}
EV misses {'gen_index': 28, 'absolute_position': 232, 'tt_token': 262, 'hf_rank_of_tt_token': 1, 'hf_top1': 5674, 'tt_top5': [262, 5674, 2599, 1043, 200007], 'tt_top5_values': [15.0625, 5.875, 3.375, 2.0156, -0.1357], 'tt_top1_minus_top2': 9.1875}
EV misses {'gen_index': 30, 'absolute_position': 234, 'tt_token': 323, 'hf_rank_of_tt_token': 1, 'hf_top1': 268, 'tt_top5': [323, 268, 2025, 289, 146792], 'tt_top5_values': [17.25, 13.625, 6.7188, 5.6562, 5.125], 'tt_top1_minus_top2': 3.625}
EV misses {'gen_index': 31, 'absolute_position': 235, 'tt_token': 23920, 'hf_rank_of_tt_token': 1, 'hf_top1': 4116, 'tt_top5': [23920, 4116, 323, 127647, 1043], 'tt_top5_values': [12.25, 11.5625, 3.125, 0.6172, 0.4121], 'tt_top1_minus_top2': 0.6875}
EV misses {'gen_index': 34, 'absolute_position': 238, 'tt_token': 290, 'hf_rank_of_tt_token': 1, 'hf_top1': 9076, 'tt_top5': [290, 9076, 2635, 1232, 2599], 'tt_top5_values': [17.125, 15.0625, 6.0625, 5.3125, 4.375], 'tt_top1_minus_top2': 2.0625}
EV misses {'gen_index': 40, 'absolute_position': 244, 'tt_token': 341, 'hf_rank_of_tt_token': -1, 'hf_top1': 24, 'tt_top5': [341, 220, 2599, 1663, 43], 'tt_top5_values': [13.375, 11.8125, 11.3125, 10.75, 10.375], 'tt_top1_minus_top2': 1.5625}
EV misses {'gen_index': 52, 'absolute_position': 256, 'tt_token': 552, 'hf_rank_of_tt_token': 1, 'hf_top1': 268, 'tt_top5': [552, 268, 5126, 2599, 1043], 'tt_top5_values': [16.25, 13.875, 8.625, 7.6562, 7.0], 'tt_top1_minus_top2': 2.375}
EV misses {'gen_index': 90, 'absolute_position': 294, 'tt_token': 26, 'hf_rank_of_tt_token': -1, 'hf_top1': 4737, 'tt_top5': [26, 43, 1043, 4737, 9076], 'tt_top5_values': [15.5, 15.375, 14.9375, 14.3125, 13.25], 'tt_top1_minus_top2': 0.125}
EV ===== stage misses done in 0.4s =====
EV ===== stage prefill =====
2026-08-13 11:08:59.632 | INFO     | models.autoports.meta_models_muse_glimmer_30b.tt.model:from_pretrained:752 - MuseGlimmerModel: built 8/52 layers
2026-08-13 11:09:23.184 | INFO     | models.autoports.meta_models_muse_glimmer_30b.tt.model:from_pretrained:752 - MuseGlimmerModel: built 16/52 layers
2026-08-13 11:09:46.751 | INFO     | models.autoports.meta_models_muse_glimmer_30b.tt.model:from_pretrained:752 - MuseGlimmerModel: built 24/52 layers
2026-08-13 11:10:10.256 | INFO     | models.autoports.meta_models_muse_glimmer_30b.tt.model:from_pretrained:752 - MuseGlimmerModel: built 32/52 layers
2026-08-13 11:10:33.862 | INFO     | models.autoports.meta_models_muse_glimmer_30b.tt.model:from_pretrained:752 - MuseGlimmerModel: built 40/52 layers
2026-08-13 11:10:57.430 | INFO     | models.autoports.meta_models_muse_glimmer_30b.tt.model:from_pretrained:752 - MuseGlimmerModel: built 48/52 layers
2026-08-13 11:11:09.207 | INFO     | models.autoports.meta_models_muse_glimmer_30b.tt.model:from_pretrained:752 - MuseGlimmerModel: built 52/52 layers
2026-08-13 11:11:09.614 | INFO     | _readiness_generator_meta_models_muse_glimmer_30b:build_generator:916 - MuseGlimmerModel built in 164.0s
entry[0]             top1=0.910 (91/100)  top5=0.970 (97/100)  top100=0.980 (98/100)
AGGREGATE            top1=0.910 (91/100)  top5=0.970 (97/100)  top100=0.980 (98/100)
EV ===== stage prefill done in 165.7s =====
EV ===== stage teacher =====
EV summary -> /home/ttuser/dev/muse-glimmer/tt-metal/models/autoports/meta_models_muse_glimmer_30b/doc/full_model/evidence_lmhead_bfp8.json
Traceback (most recent call last):
  File "/home/ttuser/dev/muse-glimmer/tt-metal/models/autoports/meta_models_muse_glimmer_30b/doc/full_model/bench/evidence.py", line 617, in <module>
    build_kwargs["lm_head_fidelity"] = {
             ^^^^^^
  File "/home/ttuser/dev/muse-glimmer/tt-metal/models/autoports/meta_models_muse_glimmer_30b/doc/full_model/bench/evidence.py", line 592, in main
    "layers": args.layers,
            ^^^^^^^^^^^^^^^
  File "/home/ttuser/dev/muse-glimmer/tt-metal/models/autoports/meta_models_muse_glimmer_30b/doc/full_model/bench/evidence.py", line 220, in stage_teacher
    "outside_top_k_positions": len(outside),
              ^^^^^^^^^^^^^^^^^^^^^^^^^^^^^^
  File "/home/ttuser/dev/muse-glimmer/tt-metal/models/autoports/meta_models_muse_glimmer_30b/doc/full_model/bench/evidence.py", line 118, in capture_stdout
    result = fn(*args, **kwargs)
             ^^^^^^^^^^^^^^^^^^^
  File "/home/ttuser/dev/muse-glimmer/tt-metal/models/common/readiness_check/run_teacher_forcing.py", line 224, in run_teacher_forcing
    build_generator = _import_build_generator(model_dir)
                      ^^^^^^^^^^^^^^^^^^^^^^^^^^^^^^^^^^
  File "/home/ttuser/dev/muse-glimmer/tt-metal/models/common/readiness_check/run_teacher_forcing.py", line 71, in _import_build_generator
    spec.loader.exec_module(module)
  File "<frozen importlib._bootstrap_external>", line 999, in exec_module
  File "<frozen importlib._bootstrap>", line 488, in _call_with_frames_removed
  File "/home/ttuser/dev/muse-glimmer/tt-metal/models/autoports/meta_models_muse_glimmer_30b/tt/generator.py", line 73, in <module>
    from models.autoports.meta_models_muse_glimmer_30b.tt.model import (
ImportError: cannot import name 'LM_HEAD_FIDELITY' from 'models.autoports.meta_models_muse_glimmer_30b.tt.model' (/home/ttuser/dev/muse-glimmer/tt-metal/models/autoports/meta_models_muse_glimmer_30b/tt/model.py)
nanobind: leaked 3 instances!
 - leaked instance 0x7987bcbe9308 of type "ttnn._ttnn.multi_device.MeshCoordinate"
 - leaked instance 0x7987bcbe9128 of type "ttnn._ttnn.multi_device.MeshCoordinate"
 - leaked instance 0x798768fccb58 of type "ttnn._ttnn.tensor.CoreRangeSet"
nanobind: leaked 39 types!
 - leaked type "DispatchCoreAxis"
 - leaked type "ttnn._ttnn.device.SubDeviceManagerId"
 - leaked type "MathFidelity"
 - leaked type "ttnn._ttnn.operations.matmul.MatmulMultiCoreReuseMultiCast1DProgramConfig"
 - leaked type "ttnn._ttnn.operations.matmul.MatmulInputs"
 - leaked type "ttnn._ttnn.multi_device.MeshMapperConfig"
 - leaked type "ttnn._ttnn.operations.matmul.MatmulMultiCoreReuseMultiCastBatchedDRAMShardedProgramConfig"
 - leaked type "BufferType"
 - leaked type "UnaryOpType"
 - leaked type "Layout"
 - ... skipped remainder
nanobind: leaked 336 functions!
 - leaked function ""
 - leaked function "mesh_size"
 - leaked function "CloseDevice"
 - leaked function ""
 - leaked function "dims"
 - leaked function ""
 - leaked function ""
 - leaked function "get_dtype"
 - leaked function "host_buffer"
 - leaked function "matmul_select_program_factory"
 - ... skipped remainder
nanobind: this is likely caused by a reference counting issue in the binding code.
See https://nanobind.readthedocs.io/en/latest/refleaks.html2026-08-13 11:11:10.942 | info     |    BuildKernels | JIT cache stats: 255/255 hits (100.0%) [255 cached, 98 build-once dedup, 0 merged artifacts, 0 merged genfiles] (build_cache_telemetry.cpp:207)
2026-08-13 11:11:10.942 | info     |    BuildKernels | JIT telemetry: 3 registered TelemetryTokens (build_cache_telemetry.cpp:230)
2026-08-13 11:11:10.966 | info     |          Device | Closing user mode device drivers (tt_cluster.cpp:513)
2026-08-13 11:11:10.966 | info     |             UMD | Closing devices in cluster (cluster.cpp:1197)
2026-08-13 11:11:11.561 | info     |             UMD | Closing devices in cluster completed. (cluster.cpp:1206)
2026-08-13 11:11:11.563 | info     |             UMD | Cluster destructor started. (cluster.cpp:912)
2026-08-13 11:11:11.563 | info     |             UMD | Cluster destructor completed. (cluster.cpp:915)
