2026-08-13 12:29:46.980 | DEBUG    | ttnn:<module>:78 - Initial ttnn.CONFIG:
Config{cache_path=/home/ttuser/.cache/ttnn,model_cache_path=/home/ttuser/.cache/ttnn/models,tmp_dir=/tmp/ttnn,enable_model_cache=false,enable_fast_runtime_mode=true,validate_program_args=false,throw_exception_on_fallback=false,enable_logging=false,enable_graph_report=false,enable_graph_python_stack_traces=false,enable_detailed_buffer_report=false,enable_detailed_tensor_report=false,enable_comparison_mode=false,comparison_mode_should_raise_exception=false,comparison_mode_pcc=0.9999,root_report_path=generated/ttnn/reports,report_name=std::nullopt,std::nullopt}
2026-08-13 12:29:48.343 | info     |          Device | Opening user mode device driver (tt_cluster.cpp:228)
2026-08-13 12:29:48.343 | info     |             UMD | Cluster constructor started. (cluster.cpp:389)
2026-08-13 12:29:48.343 | info     |             UMD | Creating TopologyDiscovery for architecture: blackhole (topology_discovery.cpp:96)
2026-08-13 12:29:48.343 | info     |             UMD | Starting topology discovery. (topology_discovery.cpp:115)
2026-08-13 12:29:48.355 | info     |             UMD | Established firmware bundle version: 19.11.0 (topology_discovery.cpp:575)
2026-08-13 12:29:48.355 | info     |             UMD | Completed topology discovery. (topology_discovery.cpp:119)
2026-08-13 12:29:48.433 | info     |             UMD | Opening local chip ids/PCIe ids: {0, 1, 2, 3}/[0, 1, 2, 3] and remote chip ids {} (cluster.cpp:173)
2026-08-13 12:29:48.433 | info     |             UMD | IOMMU: enabled (cluster.cpp:147)
2026-08-13 12:29:48.433 | info     |             UMD | KMD version: 2.10.0 (cluster.cpp:150)
2026-08-13 12:29:48.433 | info     |             UMD | Cluster constructor completed. (cluster.cpp:648)
2026-08-13 12:29:48.434 | info     |             UMD | Starting devices in cluster (cluster.cpp:1184)
2026-08-13 12:29:48.662 | info     |             UMD | Starting devices in cluster completed. (cluster.cpp:1192)
2026-08-13 12:29:48.787 | info     |     Distributed | Using auto discovery to generate mesh graph. (metal_env.cpp:437)
2026-08-13 12:29:48.787 | info     |     Distributed | Constructing control plane using auto-discovery (no mesh graph descriptor). (metal_env.cpp:499)
2026-08-13 12:29:48.787 | warning  |          Always | Unknown motherboard 'B850M-C' for chip_id=0 (bus_id=0x1) — falling back to bus_id as tray_id. Add this motherboard and its bus IDs to mobo_to_bus_ids in physical_system_discovery.cpp. (physical_system_discovery.cpp:119)
2026-08-13 12:29:48.787 | info     |          Fabric | Logical multi-mesh adjacency: intermesh degree histogram {0:1}; intra-mesh degree histograms mesh0 {2:4} (topology_mapper_utils.cpp:3329)
2026-08-13 12:29:48.787 | info     |          Fabric | Physical multi-mesh adjacency: intermesh degree histogram {0:1}; intra-mesh degree histograms mesh0 {2:4} (topology_mapper_utils.cpp:3337)
2026-08-13 12:29:48.827 | warning  |           Metal | Unable to set process priority to 0, error code: -1 (thread_pool.cpp:107)
2026-08-13 12:29:48.828 | warning  |           Metal | Unable to set process priority to 0, error code: -1 (thread_pool.cpp:107)
2026-08-13 12:29:48.828 | warning  |           Metal | Unable to set process priority to 0, error code: -1 (thread_pool.cpp:107)
2026-08-13 12:29:48.829 | warning  |           Metal | Unable to set process priority to 0, error code: -1 (thread_pool.cpp:107)
2026-08-13 12:29:48.829 | warning  |           Metal | Unable to set process priority to 0, error code: -1 (thread_pool.cpp:107)
2026-08-13 12:29:48.830 | warning  |           Metal | Unable to set process priority to 0, error code: -1 (thread_pool.cpp:107)
2026-08-13 12:29:48.830 | warning  |           Metal | Unable to set process priority to 0, error code: -1 (thread_pool.cpp:107)
2026-08-13 12:29:48.831 | warning  |           Metal | Unable to set process priority to 0, error code: -1 (thread_pool.cpp:107)
2026-08-13 12:29:48.832 | info     |           Metal | Initializing Fabric (fabric_firmware_initializer.cpp:296)
2026-08-13 12:29:48.858 | info     |           Metal | Fabric initialized on Device 0 (device.cpp:550)
2026-08-13 12:29:48.859 | info     |           Metal | Fabric initialized on Device 1 (device.cpp:550)
2026-08-13 12:29:48.859 | info     |           Metal | Fabric initialized on Device 2 (device.cpp:550)
2026-08-13 12:29:48.860 | info     |           Metal | Fabric initialized on Device 3 (device.cpp:550)
2026-08-13 12:29:48.860 | info     |           Metal | Fabric initialized on 4 devices (fabric_firmware_initializer.cpp:444)
2026-08-13 12:29:48.860 | info     |           Metal | Fabric Initialized with config FabricConfig::FABRIC_1D_RING (fabric_firmware_initializer.cpp:313)
2026-08-13 12:30:06.249 | INFO     | models.autoports.meta_models_muse_glimmer_30b.tt.model:from_pretrained:800 - MuseGlimmerModel: built 2/2 layers
2026-08-13 12:30:06.360 | INFO     | models.autoports.meta_models_muse_glimmer_30b.tt.generator:build_generator:962 - MuseGlimmerModel built in 15.7s
--- layers=[0,3] length=128 batch=1 mode=repeat
CMP {"comparison": "repeat 0 vs 1 (reset before each)", "max_abs_diff": 0.0, "bit_identical": true, "argmax_a": 65256, "argmax_b": 65256, "argmax_moved": false}
CMP {"comparison": "repeat 0 vs 2 (reset before each)", "max_abs_diff": 0.0, "bit_identical": true, "argmax_a": 65256, "argmax_b": 65256, "argmax_moved": false}
CMP {"comparison": "repeat 0 vs 3 (reset before each)", "max_abs_diff": 0.0, "bit_identical": true, "argmax_a": 65256, "argmax_b": 65256, "argmax_moved": false}
CMP {"comparison": "repeat 0 vs 4 (reset before each)", "max_abs_diff": 0.0, "bit_identical": true, "argmax_a": 65256, "argmax_b": 65256, "argmax_moved": false}
CMP {"comparison": "repeat 0 vs 5 (reset before each)", "max_abs_diff": 0.0, "bit_identical": true, "argmax_a": 65256, "argmax_b": 65256, "argmax_moved": false}
CMP {"comparison": "repeat 0 vs 6 (reset before each)", "max_abs_diff": 0.0, "bit_identical": true, "argmax_a": 65256, "argmax_b": 65256, "argmax_moved": false}
CMP {"comparison": "repeat 0 vs 7 (reset before each)", "max_abs_diff": 0.0, "bit_identical": true, "argmax_a": 65256, "argmax_b": 65256, "argmax_moved": false}
CMP {"comparison": "repeat 0 vs 8 (reset before each)", "max_abs_diff": 0.0, "bit_identical": true, "argmax_a": 65256, "argmax_b": 65256, "argmax_moved": false}
CMP {"comparison": "repeat 0 vs 9 (reset before each)", "max_abs_diff": 0.0, "bit_identical": true, "argmax_a": 65256, "argmax_b": 65256, "argmax_moved": false}
--- layers=[0,3] length=200 batch=1 mode=repeat
CMP {"comparison": "repeat 0 vs 1 (reset before each)", "max_abs_diff": 0.0, "bit_identical": true, "argmax_a": 143809, "argmax_b": 143809, "argmax_moved": false}
CMP {"comparison": "repeat 0 vs 2 (reset before each)", "max_abs_diff": 0.0, "bit_identical": true, "argmax_a": 143809, "argmax_b": 143809, "argmax_moved": false}
CMP {"comparison": "repeat 0 vs 3 (reset before each)", "max_abs_diff": 0.0, "bit_identical": true, "argmax_a": 143809, "argmax_b": 143809, "argmax_moved": false}
CMP {"comparison": "repeat 0 vs 4 (reset before each)", "max_abs_diff": 0.0, "bit_identical": true, "argmax_a": 143809, "argmax_b": 143809, "argmax_moved": false}
CMP {"comparison": "repeat 0 vs 5 (reset before each)", "max_abs_diff": 0.0, "bit_identical": true, "argmax_a": 143809, "argmax_b": 143809, "argmax_moved": false}
CMP {"comparison": "repeat 0 vs 6 (reset before each)", "max_abs_diff": 0.0, "bit_identical": true, "argmax_a": 143809, "argmax_b": 143809, "argmax_moved": false}
CMP {"comparison": "repeat 0 vs 7 (reset before each)", "max_abs_diff": 0.0, "bit_identical": true, "argmax_a": 143809, "argmax_b": 143809, "argmax_moved": false}
CMP {"comparison": "repeat 0 vs 8 (reset before each)", "max_abs_diff": 0.0, "bit_identical": true, "argmax_a": 143809, "argmax_b": 143809, "argmax_moved": false}
CMP {"comparison": "repeat 0 vs 9 (reset before each)", "max_abs_diff": 0.0, "bit_identical": true, "argmax_a": 143809, "argmax_b": 143809, "argmax_moved": false}
--- layers=[0,3] length=1024 batch=1 mode=repeat
CMP {"comparison": "repeat 0 vs 1 (reset before each)", "max_abs_diff": 0.0, "bit_identical": true, "argmax_a": 73049, "argmax_b": 73049, "argmax_moved": false}
CMP {"comparison": "repeat 0 vs 2 (reset before each)", "max_abs_diff": 0.0, "bit_identical": true, "argmax_a": 73049, "argmax_b": 73049, "argmax_moved": false}
CMP {"comparison": "repeat 0 vs 3 (reset before each)", "max_abs_diff": 0.0, "bit_identical": true, "argmax_a": 73049, "argmax_b": 73049, "argmax_moved": false}
CMP {"comparison": "repeat 0 vs 4 (reset before each)", "max_abs_diff": 0.0, "bit_identical": true, "argmax_a": 73049, "argmax_b": 73049, "argmax_moved": false}
CMP {"comparison": "repeat 0 vs 5 (reset before each)", "max_abs_diff": 0.0, "bit_identical": true, "argmax_a": 73049, "argmax_b": 73049, "argmax_moved": false}
CMP {"comparison": "repeat 0 vs 6 (reset before each)", "max_abs_diff": 0.0, "bit_identical": true, "argmax_a": 73049, "argmax_b": 73049, "argmax_moved": false}
CMP {"comparison": "repeat 0 vs 7 (reset before each)", "max_abs_diff": 0.0, "bit_identical": true, "argmax_a": 73049, "argmax_b": 73049, "argmax_moved": false}
CMP {"comparison": "repeat 0 vs 8 (reset before each)", "max_abs_diff": 0.0, "bit_identical": true, "argmax_a": 73049, "argmax_b": 73049, "argmax_moved": false}
CMP {"comparison": "repeat 0 vs 9 (reset before each)", "max_abs_diff": 0.0, "bit_identical": true, "argmax_a": 73049, "argmax_b": 73049, "argmax_moved": false}
--- layers=[0,3] length=4096 batch=1 mode=repeat
CMP {"comparison": "repeat 0 vs 1 (reset before each)", "max_abs_diff": 0.0, "bit_identical": true, "argmax_a": 3506, "argmax_b": 3506, "argmax_moved": false}
CMP {"comparison": "repeat 0 vs 2 (reset before each)", "max_abs_diff": 0.0, "bit_identical": true, "argmax_a": 3506, "argmax_b": 3506, "argmax_moved": false}
CMP {"comparison": "repeat 0 vs 3 (reset before each)", "max_abs_diff": 0.0, "bit_identical": true, "argmax_a": 3506, "argmax_b": 3506, "argmax_moved": false}
CMP {"comparison": "repeat 0 vs 4 (reset before each)", "max_abs_diff": 0.0, "bit_identical": true, "argmax_a": 3506, "argmax_b": 3506, "argmax_moved": false}
CMP {"comparison": "repeat 0 vs 5 (reset before each)", "max_abs_diff": 0.0, "bit_identical": true, "argmax_a": 3506, "argmax_b": 3506, "argmax_moved": false}
CMP {"comparison": "repeat 0 vs 6 (reset before each)", "max_abs_diff": 0.0, "bit_identical": true, "argmax_a": 3506, "argmax_b": 3506, "argmax_moved": false}
CMP {"comparison": "repeat 0 vs 7 (reset before each)", "max_abs_diff": 0.0, "bit_identical": true, "argmax_a": 3506, "argmax_b": 3506, "argmax_moved": false}
CMP {"comparison": "repeat 0 vs 8 (reset before each)", "max_abs_diff": 0.0, "bit_identical": true, "argmax_a": 3506, "argmax_b": 3506, "argmax_moved": false}
CMP {"comparison": "repeat 0 vs 9 (reset before each)", "max_abs_diff": 0.0, "bit_identical": true, "argmax_a": 3506, "argmax_b": 3506, "argmax_moved": false}
PROBE wrote /home/ttuser/dev/muse-glimmer/tt-metal/models/autoports/meta_models_muse_glimmer_30b/doc/full_model/batch_slot_probe_after_fix.json
PROBE_OK
nanobind: leaked 3 instances!
 - leaked instance 0x7460083c1718 of type "ttnn._ttnn.multi_device.MeshCoordinate"
 - leaked instance 0x7460083c1538 of type "ttnn._ttnn.multi_device.MeshCoordinate"
 - leaked instance 0x745fb4575608 of type "ttnn._ttnn.tensor.CoreRangeSet"
nanobind: leaked 39 types!
 - leaked type "DispatchCoreAxis"
 - leaked type "ttnn._ttnn.device.SubDeviceManagerId"
 - leaked type "MathFidelity"
 - leaked type "ttnn._ttnn.operations.matmul.MatmulMultiCoreReuseMultiCast1DProgramConfig"
 - leaked type "ttnn._ttnn.operations.matmul.MatmulInputs"
 - leaked type "ttnn._ttnn.multi_device.MeshMapperConfig"
 - leaked type "ttnn._ttnn.operations.matmul.MatmulMultiCoreReuseMultiCastBatchedDRAMShardedProgramConfig"
 - leaked type "BufferType"
 - leaked type "UnaryOpType"
 - leaked type "Layout"
 - ... skipped remainder
nanobind: leaked 336 functions!
 - leaked function ""
 - leaked function ""
 - leaked function ""
 - leaked function "sfpu_eps"
 - leaked function ""
 - leaked function "id"
 - leaked function ""
 - leaked function ""
 - leaked function ""
 - leaked function ""
 - ... skipped remainder
nanobind: this is likely caused by a reference counting issue in the binding code.
See https://nanobind.readthedocs.io/en/latest/refleaks.html2026-08-13 12:30:08.727 | info     |    BuildKernels | JIT cache stats: 539/541 hits (99.6%) [539 cached, 327 build-once dedup, 0 merged artifacts, 0 merged genfiles] (build_cache_telemetry.cpp:207)
2026-08-13 12:30:08.727 | info     |    BuildKernels | JIT telemetry: 3 registered TelemetryTokens (build_cache_telemetry.cpp:230)
2026-08-13 12:30:08.744 | info     |          Device | Closing user mode device drivers (tt_cluster.cpp:513)
2026-08-13 12:30:08.744 | info     |             UMD | Closing devices in cluster (cluster.cpp:1197)
2026-08-13 12:30:09.293 | info     |             UMD | Closing devices in cluster completed. (cluster.cpp:1206)
2026-08-13 12:30:09.293 | info     |             UMD | Cluster destructor started. (cluster.cpp:912)
2026-08-13 12:30:09.293 | info     |             UMD | Cluster destructor completed. (cluster.cpp:915)
