2026-07-30 02:47:47.591 | DEBUG    | ttnn:<module>:79 - Initial ttnn.CONFIG:
Config{cache_path=/home/mvasiljevic/.cache/ttnn,model_cache_path=/home/mvasiljevic/.cache/ttnn/models,tmp_dir=/tmp/ttnn,enable_model_cache=false,enable_fast_runtime_mode=true,throw_exception_on_fallback=false,enable_logging=false,enable_graph_report=false,enable_graph_python_stack_traces=false,enable_detailed_buffer_report=false,enable_detailed_tensor_report=false,enable_comparison_mode=false,comparison_mode_should_raise_exception=false,comparison_mode_pcc=0.9999,root_report_path=generated/ttnn/reports,report_name=std::nullopt,std::nullopt}
============================= test session starts ==============================
platform linux -- Python 3.12.13, pytest-9.0.3, pluggy-1.6.0 -- /home/mvasiljevic/tt-metal/python_env/bin/python3
cachedir: .pytest_cache
benchmark: 5.2.3 (defaults: timer=time.perf_counter disable_gc=False min_rounds=5 min_time=0.000005 max_time=1.0 calibration_precision=10 warmup=False warmup_iterations=100000)
rootdir: /home/mvasiljevic/tt-metal
configfile: pytest.ini
plugins: github-actions-annotate-failures-0.3.0, anyio-4.14.2, dash-2.15.0, split-0.11.0, timeout-2.4.0, benchmark-5.2.3, cov-7.0.0
timeout: 300.0s
timeout method: signal
timeout func_only: False
collecting ... collected 12 items

models/autoports/microsoft_phi_3_5_mini_instruct/tests/test_optimized_decoder.py::test_optimized_runtime_dispatch_contract PASSED
models/autoports/microsoft_phi_3_5_mini_instruct/tests/test_optimized_decoder.py::test_optimized_matches_functional_on_device[blackhole-prefill-1-31-mesh_device0] 2026-07-30 02:47:49.337 | info     |          Device | Opening user mode device driver (tt_cluster.cpp:228)
2026-07-30 02:47:49.337 | info     |             UMD | Cluster constructor started. (cluster.cpp:348)
2026-07-30 02:47:49.337 | info     |             UMD | Creating TopologyDiscovery for architecture: blackhole (topology_discovery.cpp:91)
2026-07-30 02:47:49.337 | info     |             UMD | Starting topology discovery. (topology_discovery.cpp:110)
2026-07-30 02:47:49.339 | info     |             UMD | Established firmware bundle version: 19.8.0 (topology_discovery.cpp:569)
2026-07-30 02:47:49.339 | info     |             UMD | Firmware bundle version 19.8.0 on the system is newer than the latest fully tested version 19.5.0 for blackhole architecture. Newest features may not be supported. (topology_discovery.cpp:601)
2026-07-30 02:47:49.343 | info     |             UMD | Completed topology discovery. (topology_discovery.cpp:114)
2026-07-30 02:47:49.563 | info     |             UMD | Opening local chip ids/PCIe ids: {0, 1, 2, 3}/[0, 1, 2, 3] and remote chip ids {} (cluster.cpp:168)
2026-07-30 02:47:49.564 | info     |             UMD | IOMMU: enabled (cluster.cpp:142)
2026-07-30 02:47:49.564 | info     |             UMD | KMD version: 2.8.0 (cluster.cpp:145)
2026-07-30 02:47:49.564 | info     |             UMD | Cluster constructor completed. (cluster.cpp:520)
2026-07-30 02:47:49.565 | info     |             UMD | Starting devices in cluster (cluster.cpp:1024)
2026-07-30 02:47:49.716 | info     |             UMD | Starting devices in cluster completed. (cluster.cpp:1032)
2026-07-30 02:47:49.844 | DEBUG    | ttnn.device:__init__:152 - Using default dispatch core type for this system: DispatchCoreType.WORKER
2026-07-30 02:47:49.844 | DEBUG    | ttnn.device:__init__:154 - Using default dispatch core axis for this system: DispatchCoreAxis.COL
2026-07-30 02:47:49.844 | info     |     Distributed | Using auto discovery to generate mesh graph. (metal_env.cpp:367)
2026-07-30 02:47:49.844 | info     |     Distributed | Constructing control plane using auto-discovery (no mesh graph descriptor). (metal_env.cpp:429)
2026-07-30 02:47:49.844 | warning  |          Always | Unknown motherboard 'B850M-C' for chip_id=0 (bus_id=0x1) — falling back to bus_id as tray_id. Add this motherboard and its bus IDs to mobo_to_bus_ids in physical_system_discovery.cpp. (physical_system_discovery.cpp:89)
2026-07-30 02:47:49.844 | warning  |          Always | Unknown motherboard 'B850M-C' for chip_id=1 (bus_id=0x2) — falling back to bus_id as tray_id. Add this motherboard and its bus IDs to mobo_to_bus_ids in physical_system_discovery.cpp. (physical_system_discovery.cpp:89)
2026-07-30 02:47:49.844 | warning  |          Always | Unknown motherboard 'B850M-C' for chip_id=2 (bus_id=0x3) — falling back to bus_id as tray_id. Add this motherboard and its bus IDs to mobo_to_bus_ids in physical_system_discovery.cpp. (physical_system_discovery.cpp:89)
2026-07-30 02:47:49.844 | warning  |          Always | Unknown motherboard 'B850M-C' for chip_id=3 (bus_id=0x4) — falling back to bus_id as tray_id. Add this motherboard and its bus IDs to mobo_to_bus_ids in physical_system_discovery.cpp. (physical_system_discovery.cpp:89)
2026-07-30 02:47:49.845 | warning  |          Always | Unknown motherboard 'B850M-C' for chip_id=1 (bus_id=0x2) — falling back to bus_id as tray_id. Add this motherboard and its bus IDs to mobo_to_bus_ids in physical_system_discovery.cpp. (physical_system_discovery.cpp:89)
2026-07-30 02:47:49.845 | warning  |          Always | Unknown motherboard 'B850M-C' for chip_id=0 (bus_id=0x1) — falling back to bus_id as tray_id. Add this motherboard and its bus IDs to mobo_to_bus_ids in physical_system_discovery.cpp. (physical_system_discovery.cpp:89)
2026-07-30 02:47:49.845 | warning  |          Always | Unknown motherboard 'B850M-C' for chip_id=2 (bus_id=0x3) — falling back to bus_id as tray_id. Add this motherboard and its bus IDs to mobo_to_bus_ids in physical_system_discovery.cpp. (physical_system_discovery.cpp:89)
2026-07-30 02:47:49.845 | warning  |          Always | Unknown motherboard 'B850M-C' for chip_id=3 (bus_id=0x4) — falling back to bus_id as tray_id. Add this motherboard and its bus IDs to mobo_to_bus_ids in physical_system_discovery.cpp. (physical_system_discovery.cpp:89)
2026-07-30 02:47:49.845 | info     |          Fabric | Logical multi-mesh adjacency: intermesh degree histogram {0:1}; intra-mesh degree histograms mesh0 {2:4} (topology_mapper_utils.cpp:2342)
2026-07-30 02:47:49.845 | info     |          Fabric | Physical multi-mesh adjacency: intermesh degree histogram {0:1}; intra-mesh degree histograms mesh0 {2:4} (topology_mapper_utils.cpp:2350)
2026-07-30 02:47:49.899 | info     |       LLRuntime | Watcher log file: /home/mvasiljevic/tt-metal/models/autoports/microsoft_phi_3_5_mini_instruct/doc/optimized_decoder/watcher_final/generated/watcher/watcher.log (watcher_server.cpp:286)
2026-07-30 02:47:49.899 | info     |       LLRuntime | Watcher attached device 0 (watcher_server.cpp:132)
2026-07-30 02:47:49.899 | info     |       LLRuntime | Watcher attached device 1 (watcher_server.cpp:132)
2026-07-30 02:47:49.899 | info     |       LLRuntime | Watcher attached device 2 (watcher_server.cpp:132)
2026-07-30 02:47:49.899 | info     |       LLRuntime | Watcher attached device 3 (watcher_server.cpp:132)
2026-07-30 02:47:49.899 | info     |       LLRuntime | Watcher server initialized, disabled features: None (watcher_server.cpp:547)
2026-07-30 02:47:49.899 | info     |           Metal | Watcher checking device 0 (watcher_device_reader.cpp:393)
2026-07-30 02:47:49.899 | warning  |           Metal | Opening subset of mmio devices slows down UMD read/write to remote chips. If opening more devices, consider using CreateDevices API. (device_manager.cpp:261)
2026-07-30 02:47:49.903 | info     |           Metal | Watcher checking device 1 (watcher_device_reader.cpp:393)
2026-07-30 02:47:49.907 | info     |           Metal | Watcher checking device 2 (watcher_device_reader.cpp:393)
2026-07-30 02:47:49.911 | info     |           Metal | Watcher checking device 3 (watcher_device_reader.cpp:393)
2026-07-30 02:47:49.954 | info     |           Metal | ShmResourceTracker: removed orphaned shm '/tt_device_154095681929600_memory' (shm_resource_tracker.cpp:282)
2026-07-30 02:47:50.532 | info     |           Metal | [Real-time profiler] Device 3 sync complete: 100 samples, frequency=1.349981 GHz, device_time_at_sync=12149312354210 cycles (realtime_profiler_manager.cpp:1127)
2026-07-30 02:47:50.547 | DEBUG    | conftest:mesh_device:599 - multidevice with 1 devices is created
[transformers] This model config has set a `rope_parameters['original_max_position_embeddings']` field, to be used together with `max_position_embeddings` to determine a scaling factor. Please set the `factor` field of `rope_parameters`with this ratio instead -- we recommend the use of this field over `original_max_position_embeddings`, as it is compatible with most model architectures.
PCC_RESULT path=optimized-vs-functional-prefill threshold=0.995 0.9999826553099487
PCC_RESULT path=optimized-prefill-reference-31 threshold=0.995 0.9999815192567642
PASSED
models/autoports/microsoft_phi_3_5_mini_instruct/tests/test_optimized_decoder.py::test_optimized_mlp_candidate_latency_probe[blackhole-mesh_device0] 2026-07-30 02:47:52.409 | DEBUG    | ttnn.device:__init__:152 - Using default dispatch core type for this system: DispatchCoreType.WORKER
2026-07-30 02:47:52.409 | DEBUG    | ttnn.device:__init__:154 - Using default dispatch core axis for this system: DispatchCoreAxis.COL
2026-07-30 02:47:52.409 | info     |       LLRuntime | Watcher thread stopped watching... (watcher_server.cpp:595)
2026-07-30 02:47:52.409 | info     |       LLRuntime | Watcher detached device 0 (watcher_server.cpp:181)
2026-07-30 02:47:52.409 | info     |       LLRuntime | Watcher detached device 1 (watcher_server.cpp:181)
2026-07-30 02:47:52.409 | info     |       LLRuntime | Watcher detached device 2 (watcher_server.cpp:181)
2026-07-30 02:47:52.409 | info     |       LLRuntime | Watcher detached device 3 (watcher_server.cpp:181)
2026-07-30 02:47:52.471 | info     |       LLRuntime | Watcher log file: /home/mvasiljevic/tt-metal/models/autoports/microsoft_phi_3_5_mini_instruct/doc/optimized_decoder/watcher_final/generated/watcher/watcher.log (watcher_server.cpp:286)
2026-07-30 02:47:52.471 | info     |       LLRuntime | Watcher attached device 0 (watcher_server.cpp:132)
2026-07-30 02:47:52.471 | info     |       LLRuntime | Watcher attached device 1 (watcher_server.cpp:132)
2026-07-30 02:47:52.471 | info     |       LLRuntime | Watcher attached device 2 (watcher_server.cpp:132)
2026-07-30 02:47:52.471 | info     |       LLRuntime | Watcher attached device 3 (watcher_server.cpp:132)
2026-07-30 02:47:52.471 | info     |       LLRuntime | Watcher server initialized, disabled features: None (watcher_server.cpp:547)
2026-07-30 02:47:52.471 | warning  |           Metal | Opening subset of mmio devices slows down UMD read/write to remote chips. If opening more devices, consider using CreateDevices API. (device_manager.cpp:261)
2026-07-30 02:47:52.471 | info     |           Metal | Watcher checking device 0 (watcher_device_reader.cpp:393)
2026-07-30 02:47:52.476 | info     |           Metal | Watcher checking device 1 (watcher_device_reader.cpp:393)
2026-07-30 02:47:52.480 | info     |           Metal | Watcher checking device 2 (watcher_device_reader.cpp:393)
2026-07-30 02:47:52.484 | info     |           Metal | Watcher checking device 3 (watcher_device_reader.cpp:393)
2026-07-30 02:47:52.527 | DEBUG    | conftest:mesh_device:599 - multidevice with 1 devices is created
FUSION_AB functional_ms=2.034937 optimized_ms=2.021425
PASSED
models/autoports/microsoft_phi_3_5_mini_instruct/tests/test_optimized_decoder.py::test_optimized_trace_replay_is_deterministic[blackhole-1-mesh_device0] 2026-07-30 02:47:53.765 | DEBUG    | ttnn.device:__init__:152 - Using default dispatch core type for this system: DispatchCoreType.WORKER
2026-07-30 02:47:53.765 | DEBUG    | ttnn.device:__init__:154 - Using default dispatch core axis for this system: DispatchCoreAxis.COL
2026-07-30 02:47:53.765 | info     |       LLRuntime | Watcher thread stopped watching... (watcher_server.cpp:595)
2026-07-30 02:47:53.765 | info     |       LLRuntime | Watcher detached device 0 (watcher_server.cpp:181)
2026-07-30 02:47:53.766 | info     |       LLRuntime | Watcher detached device 1 (watcher_server.cpp:181)
2026-07-30 02:47:53.766 | info     |       LLRuntime | Watcher detached device 2 (watcher_server.cpp:181)
2026-07-30 02:47:53.766 | info     |       LLRuntime | Watcher detached device 3 (watcher_server.cpp:181)
2026-07-30 02:47:53.828 | info     |       LLRuntime | Watcher log file: /home/mvasiljevic/tt-metal/models/autoports/microsoft_phi_3_5_mini_instruct/doc/optimized_decoder/watcher_final/generated/watcher/watcher.log (watcher_server.cpp:286)
2026-07-30 02:47:53.828 | info     |       LLRuntime | Watcher attached device 0 (watcher_server.cpp:132)
2026-07-30 02:47:53.828 | info     |       LLRuntime | Watcher attached device 1 (watcher_server.cpp:132)
2026-07-30 02:47:53.828 | info     |       LLRuntime | Watcher attached device 2 (watcher_server.cpp:132)
2026-07-30 02:47:53.828 | info     |       LLRuntime | Watcher attached device 3 (watcher_server.cpp:132)
2026-07-30 02:47:53.828 | info     |       LLRuntime | Watcher server initialized, disabled features: None (watcher_server.cpp:547)
2026-07-30 02:47:53.828 | info     |           Metal | Watcher checking device 0 (watcher_device_reader.cpp:393)
2026-07-30 02:47:53.828 | warning  |           Metal | Opening subset of mmio devices slows down UMD read/write to remote chips. If opening more devices, consider using CreateDevices API. (device_manager.cpp:261)
2026-07-30 02:47:53.832 | info     |           Metal | Watcher checking device 1 (watcher_device_reader.cpp:393)
2026-07-30 02:47:53.836 | info     |           Metal | Watcher checking device 2 (watcher_device_reader.cpp:393)
2026-07-30 02:47:53.840 | info     |           Metal | Watcher checking device 3 (watcher_device_reader.cpp:393)
2026-07-30 02:47:53.884 | DEBUG    | conftest:mesh_device:599 - multidevice with 1 devices is created
PCC_RESULT path=optimized-trace-reference-b1 threshold=0.995 0.9999913569289415
PASSED
models/autoports/microsoft_phi_3_5_mini_instruct/tests/test_optimized_decoder.py::test_optimized_real_weight_decode_matches_functional[blackhole-mesh_device0] 2026-07-30 02:47:55.663 | DEBUG    | ttnn.device:__init__:152 - Using default dispatch core type for this system: DispatchCoreType.WORKER
2026-07-30 02:47:55.663 | DEBUG    | ttnn.device:__init__:154 - Using default dispatch core axis for this system: DispatchCoreAxis.COL
2026-07-30 02:47:55.663 | info     |       LLRuntime | Watcher thread stopped watching... (watcher_server.cpp:595)
2026-07-30 02:47:55.664 | info     |       LLRuntime | Watcher detached device 0 (watcher_server.cpp:181)
2026-07-30 02:47:55.664 | info     |       LLRuntime | Watcher detached device 1 (watcher_server.cpp:181)
2026-07-30 02:47:55.664 | info     |       LLRuntime | Watcher detached device 2 (watcher_server.cpp:181)
2026-07-30 02:47:55.664 | info     |       LLRuntime | Watcher detached device 3 (watcher_server.cpp:181)
2026-07-30 02:47:55.726 | info     |       LLRuntime | Watcher log file: /home/mvasiljevic/tt-metal/models/autoports/microsoft_phi_3_5_mini_instruct/doc/optimized_decoder/watcher_final/generated/watcher/watcher.log (watcher_server.cpp:286)
2026-07-30 02:47:55.726 | info     |       LLRuntime | Watcher attached device 0 (watcher_server.cpp:132)
2026-07-30 02:47:55.726 | info     |       LLRuntime | Watcher attached device 1 (watcher_server.cpp:132)
2026-07-30 02:47:55.726 | info     |       LLRuntime | Watcher attached device 2 (watcher_server.cpp:132)
2026-07-30 02:47:55.726 | info     |       LLRuntime | Watcher attached device 3 (watcher_server.cpp:132)
2026-07-30 02:47:55.726 | info     |       LLRuntime | Watcher server initialized, disabled features: None (watcher_server.cpp:547)
2026-07-30 02:47:55.726 | info     |           Metal | Watcher checking device 0 (watcher_device_reader.cpp:393)
2026-07-30 02:47:55.726 | warning  |           Metal | Opening subset of mmio devices slows down UMD read/write to remote chips. If opening more devices, consider using CreateDevices API. (device_manager.cpp:261)
2026-07-30 02:47:55.730 | info     |           Metal | Watcher checking device 1 (watcher_device_reader.cpp:393)
2026-07-30 02:47:55.734 | info     |           Metal | Watcher checking device 2 (watcher_device_reader.cpp:393)
2026-07-30 02:47:55.738 | info     |           Metal | Watcher checking device 3 (watcher_device_reader.cpp:393)
2026-07-30 02:47:55.782 | DEBUG    | conftest:mesh_device:599 - multidevice with 1 devices is created
PCC_RESULT path=optimized-real-weight-decode threshold=0.995 0.9999248273191406
PASSED
models/autoports/microsoft_phi_3_5_mini_instruct/tests/test_optimized_decoder.py::test_optimized_decode_consumes_non_aligned_paged_prefill[blackhole-1-mesh_device0] 2026-07-30 02:47:56.634 | DEBUG    | ttnn.device:__init__:152 - Using default dispatch core type for this system: DispatchCoreType.WORKER
2026-07-30 02:47:56.634 | DEBUG    | ttnn.device:__init__:154 - Using default dispatch core axis for this system: DispatchCoreAxis.COL
2026-07-30 02:47:56.634 | info     |       LLRuntime | Watcher thread stopped watching... (watcher_server.cpp:595)
2026-07-30 02:47:56.634 | info     |       LLRuntime | Watcher detached device 0 (watcher_server.cpp:181)
2026-07-30 02:47:56.634 | info     |       LLRuntime | Watcher detached device 1 (watcher_server.cpp:181)
2026-07-30 02:47:56.634 | info     |       LLRuntime | Watcher detached device 2 (watcher_server.cpp:181)
2026-07-30 02:47:56.634 | info     |       LLRuntime | Watcher detached device 3 (watcher_server.cpp:181)
2026-07-30 02:47:56.696 | info     |       LLRuntime | Watcher log file: /home/mvasiljevic/tt-metal/models/autoports/microsoft_phi_3_5_mini_instruct/doc/optimized_decoder/watcher_final/generated/watcher/watcher.log (watcher_server.cpp:286)
2026-07-30 02:47:56.696 | info     |       LLRuntime | Watcher attached device 0 (watcher_server.cpp:132)
2026-07-30 02:47:56.696 | info     |       LLRuntime | Watcher attached device 1 (watcher_server.cpp:132)
2026-07-30 02:47:56.696 | info     |       LLRuntime | Watcher attached device 2 (watcher_server.cpp:132)
2026-07-30 02:47:56.696 | info     |       LLRuntime | Watcher attached device 3 (watcher_server.cpp:132)
2026-07-30 02:47:56.696 | info     |       LLRuntime | Watcher server initialized, disabled features: None (watcher_server.cpp:547)
2026-07-30 02:47:56.696 | info     |           Metal | Watcher checking device 0 (watcher_device_reader.cpp:393)
2026-07-30 02:47:56.696 | warning  |           Metal | Opening subset of mmio devices slows down UMD read/write to remote chips. If opening more devices, consider using CreateDevices API. (device_manager.cpp:261)
2026-07-30 02:47:56.700 | info     |           Metal | Watcher checking device 1 (watcher_device_reader.cpp:393)
2026-07-30 02:47:56.704 | info     |           Metal | Watcher checking device 2 (watcher_device_reader.cpp:393)
2026-07-30 02:47:56.708 | info     |           Metal | Watcher checking device 3 (watcher_device_reader.cpp:393)
2026-07-30 02:47:56.752 | DEBUG    | conftest:mesh_device:599 - multidevice with 1 devices is created
PCC_RESULT path=optimized-prefill-decode-cache-b1 threshold=0.995 0.9999883929938368
PASSED
models/autoports/microsoft_phi_3_5_mini_instruct/tests/test_optimized_decoder.py::test_optimized_matches_functional_on_device[blackhole-prefill-1-33-mesh_device0] 2026-07-30 02:47:58.228 | DEBUG    | ttnn.device:__init__:152 - Using default dispatch core type for this system: DispatchCoreType.WORKER
2026-07-30 02:47:58.228 | DEBUG    | ttnn.device:__init__:154 - Using default dispatch core axis for this system: DispatchCoreAxis.COL
2026-07-30 02:47:58.228 | info     |       LLRuntime | Watcher thread stopped watching... (watcher_server.cpp:595)
2026-07-30 02:47:58.228 | info     |       LLRuntime | Watcher detached device 0 (watcher_server.cpp:181)
2026-07-30 02:47:58.228 | info     |       LLRuntime | Watcher detached device 1 (watcher_server.cpp:181)
2026-07-30 02:47:58.228 | info     |       LLRuntime | Watcher detached device 2 (watcher_server.cpp:181)
2026-07-30 02:47:58.228 | info     |       LLRuntime | Watcher detached device 3 (watcher_server.cpp:181)
2026-07-30 02:47:58.291 | info     |       LLRuntime | Watcher log file: /home/mvasiljevic/tt-metal/models/autoports/microsoft_phi_3_5_mini_instruct/doc/optimized_decoder/watcher_final/generated/watcher/watcher.log (watcher_server.cpp:286)
2026-07-30 02:47:58.291 | info     |       LLRuntime | Watcher attached device 0 (watcher_server.cpp:132)
2026-07-30 02:47:58.291 | info     |       LLRuntime | Watcher attached device 1 (watcher_server.cpp:132)
2026-07-30 02:47:58.291 | info     |       LLRuntime | Watcher attached device 2 (watcher_server.cpp:132)
2026-07-30 02:47:58.291 | info     |       LLRuntime | Watcher attached device 3 (watcher_server.cpp:132)
2026-07-30 02:47:58.291 | info     |       LLRuntime | Watcher server initialized, disabled features: None (watcher_server.cpp:547)
2026-07-30 02:47:58.291 | info     |           Metal | Watcher checking device 0 (watcher_device_reader.cpp:393)
2026-07-30 02:47:58.291 | warning  |           Metal | Opening subset of mmio devices slows down UMD read/write to remote chips. If opening more devices, consider using CreateDevices API. (device_manager.cpp:261)
2026-07-30 02:47:58.295 | info     |           Metal | Watcher checking device 1 (watcher_device_reader.cpp:393)
2026-07-30 02:47:58.299 | info     |           Metal | Watcher checking device 2 (watcher_device_reader.cpp:393)
2026-07-30 02:47:58.303 | info     |           Metal | Watcher checking device 3 (watcher_device_reader.cpp:393)
2026-07-30 02:47:58.347 | DEBUG    | conftest:mesh_device:599 - multidevice with 1 devices is created
PCC_RESULT path=optimized-vs-functional-prefill threshold=0.995 0.9999829660440208
PCC_RESULT path=optimized-prefill-reference-33 threshold=0.995 0.9999818530387506
PASSED
models/autoports/microsoft_phi_3_5_mini_instruct/tests/test_optimized_decoder.py::test_optimized_trace_replay_is_deterministic[blackhole-32-mesh_device0] 2026-07-30 02:47:59.536 | DEBUG    | ttnn.device:__init__:152 - Using default dispatch core type for this system: DispatchCoreType.WORKER
2026-07-30 02:47:59.536 | DEBUG    | ttnn.device:__init__:154 - Using default dispatch core axis for this system: DispatchCoreAxis.COL
2026-07-30 02:47:59.536 | info     |       LLRuntime | Watcher thread stopped watching... (watcher_server.cpp:595)
2026-07-30 02:47:59.536 | info     |       LLRuntime | Watcher detached device 0 (watcher_server.cpp:181)
2026-07-30 02:47:59.536 | info     |       LLRuntime | Watcher detached device 1 (watcher_server.cpp:181)
2026-07-30 02:47:59.536 | info     |       LLRuntime | Watcher detached device 2 (watcher_server.cpp:181)
2026-07-30 02:47:59.536 | info     |       LLRuntime | Watcher detached device 3 (watcher_server.cpp:181)
2026-07-30 02:47:59.598 | info     |       LLRuntime | Watcher log file: /home/mvasiljevic/tt-metal/models/autoports/microsoft_phi_3_5_mini_instruct/doc/optimized_decoder/watcher_final/generated/watcher/watcher.log (watcher_server.cpp:286)
2026-07-30 02:47:59.598 | info     |       LLRuntime | Watcher attached device 0 (watcher_server.cpp:132)
2026-07-30 02:47:59.598 | info     |       LLRuntime | Watcher attached device 1 (watcher_server.cpp:132)
2026-07-30 02:47:59.598 | info     |       LLRuntime | Watcher attached device 2 (watcher_server.cpp:132)
2026-07-30 02:47:59.598 | info     |       LLRuntime | Watcher attached device 3 (watcher_server.cpp:132)
2026-07-30 02:47:59.598 | info     |       LLRuntime | Watcher server initialized, disabled features: None (watcher_server.cpp:547)
2026-07-30 02:47:59.598 | warning  |           Metal | Opening subset of mmio devices slows down UMD read/write to remote chips. If opening more devices, consider using CreateDevices API. (device_manager.cpp:261)
2026-07-30 02:47:59.598 | info     |           Metal | Watcher checking device 0 (watcher_device_reader.cpp:393)
2026-07-30 02:47:59.602 | info     |           Metal | Watcher checking device 1 (watcher_device_reader.cpp:393)
2026-07-30 02:47:59.607 | info     |           Metal | Watcher checking device 2 (watcher_device_reader.cpp:393)
2026-07-30 02:47:59.611 | info     |           Metal | Watcher checking device 3 (watcher_device_reader.cpp:393)
2026-07-30 02:47:59.654 | DEBUG    | conftest:mesh_device:599 - multidevice with 1 devices is created
PCC_RESULT path=optimized-trace-reference-b32 threshold=0.995 0.9999895320163774
PASSED
models/autoports/microsoft_phi_3_5_mini_instruct/tests/test_optimized_decoder.py::test_optimized_decode_consumes_non_aligned_paged_prefill[blackhole-32-mesh_device0] 2026-07-30 02:48:00.993 | DEBUG    | ttnn.device:__init__:152 - Using default dispatch core type for this system: DispatchCoreType.WORKER
2026-07-30 02:48:00.994 | DEBUG    | ttnn.device:__init__:154 - Using default dispatch core axis for this system: DispatchCoreAxis.COL
2026-07-30 02:48:00.994 | info     |       LLRuntime | Watcher thread stopped watching... (watcher_server.cpp:595)
2026-07-30 02:48:00.994 | info     |       LLRuntime | Watcher detached device 0 (watcher_server.cpp:181)
2026-07-30 02:48:00.994 | info     |       LLRuntime | Watcher detached device 1 (watcher_server.cpp:181)
2026-07-30 02:48:00.994 | info     |       LLRuntime | Watcher detached device 2 (watcher_server.cpp:181)
2026-07-30 02:48:00.994 | info     |       LLRuntime | Watcher detached device 3 (watcher_server.cpp:181)
2026-07-30 02:48:01.056 | info     |       LLRuntime | Watcher log file: /home/mvasiljevic/tt-metal/models/autoports/microsoft_phi_3_5_mini_instruct/doc/optimized_decoder/watcher_final/generated/watcher/watcher.log (watcher_server.cpp:286)
2026-07-30 02:48:01.056 | info     |       LLRuntime | Watcher attached device 0 (watcher_server.cpp:132)
2026-07-30 02:48:01.056 | info     |       LLRuntime | Watcher attached device 1 (watcher_server.cpp:132)
2026-07-30 02:48:01.056 | info     |       LLRuntime | Watcher attached device 2 (watcher_server.cpp:132)
2026-07-30 02:48:01.056 | info     |       LLRuntime | Watcher attached device 3 (watcher_server.cpp:132)
2026-07-30 02:48:01.056 | info     |       LLRuntime | Watcher server initialized, disabled features: None (watcher_server.cpp:547)
2026-07-30 02:48:01.056 | info     |           Metal | Watcher checking device 0 (watcher_device_reader.cpp:393)
2026-07-30 02:48:01.056 | warning  |           Metal | Opening subset of mmio devices slows down UMD read/write to remote chips. If opening more devices, consider using CreateDevices API. (device_manager.cpp:261)
2026-07-30 02:48:01.060 | info     |           Metal | Watcher checking device 1 (watcher_device_reader.cpp:393)
2026-07-30 02:48:01.065 | info     |           Metal | Watcher checking device 2 (watcher_device_reader.cpp:393)
2026-07-30 02:48:01.069 | info     |           Metal | Watcher checking device 3 (watcher_device_reader.cpp:393)
2026-07-30 02:48:01.113 | DEBUG    | conftest:mesh_device:599 - multidevice with 1 devices is created
PCC_RESULT path=optimized-prefill-decode-cache-b32 threshold=0.995 0.9999883154065266
PASSED
models/autoports/microsoft_phi_3_5_mini_instruct/tests/test_optimized_decoder.py::test_optimized_matches_functional_on_device[blackhole-prefill-1-65-mesh_device0] 2026-07-30 02:48:08.080 | DEBUG    | ttnn.device:__init__:152 - Using default dispatch core type for this system: DispatchCoreType.WORKER
2026-07-30 02:48:08.080 | DEBUG    | ttnn.device:__init__:154 - Using default dispatch core axis for this system: DispatchCoreAxis.COL
2026-07-30 02:48:08.080 | info     |       LLRuntime | Watcher thread stopped watching... (watcher_server.cpp:595)
2026-07-30 02:48:08.080 | info     |       LLRuntime | Watcher detached device 0 (watcher_server.cpp:181)
2026-07-30 02:48:08.080 | info     |       LLRuntime | Watcher detached device 1 (watcher_server.cpp:181)
2026-07-30 02:48:08.080 | info     |       LLRuntime | Watcher detached device 2 (watcher_server.cpp:181)
2026-07-30 02:48:08.080 | info     |       LLRuntime | Watcher detached device 3 (watcher_server.cpp:181)
2026-07-30 02:48:08.142 | info     |       LLRuntime | Watcher log file: /home/mvasiljevic/tt-metal/models/autoports/microsoft_phi_3_5_mini_instruct/doc/optimized_decoder/watcher_final/generated/watcher/watcher.log (watcher_server.cpp:286)
2026-07-30 02:48:08.142 | info     |       LLRuntime | Watcher attached device 0 (watcher_server.cpp:132)
2026-07-30 02:48:08.142 | info     |       LLRuntime | Watcher attached device 1 (watcher_server.cpp:132)
2026-07-30 02:48:08.142 | info     |       LLRuntime | Watcher attached device 2 (watcher_server.cpp:132)
2026-07-30 02:48:08.142 | info     |       LLRuntime | Watcher attached device 3 (watcher_server.cpp:132)
2026-07-30 02:48:08.142 | info     |       LLRuntime | Watcher server initialized, disabled features: None (watcher_server.cpp:547)
2026-07-30 02:48:08.142 | info     |           Metal | Watcher checking device 0 (watcher_device_reader.cpp:393)
2026-07-30 02:48:08.142 | warning  |           Metal | Opening subset of mmio devices slows down UMD read/write to remote chips. If opening more devices, consider using CreateDevices API. (device_manager.cpp:261)
2026-07-30 02:48:08.147 | info     |           Metal | Watcher checking device 1 (watcher_device_reader.cpp:393)
2026-07-30 02:48:08.151 | info     |           Metal | Watcher checking device 2 (watcher_device_reader.cpp:393)
2026-07-30 02:48:08.155 | info     |           Metal | Watcher checking device 3 (watcher_device_reader.cpp:393)
2026-07-30 02:48:08.198 | DEBUG    | conftest:mesh_device:599 - multidevice with 1 devices is created
PCC_RESULT path=optimized-vs-functional-prefill threshold=0.995 0.9999855693629177
PCC_RESULT path=optimized-prefill-reference-65 threshold=0.995 0.9999847998671423
PASSED
models/autoports/microsoft_phi_3_5_mini_instruct/tests/test_optimized_decoder.py::test_optimized_matches_functional_on_device[blackhole-decode-1-1-mesh_device0] 2026-07-30 02:48:09.407 | DEBUG    | ttnn.device:__init__:152 - Using default dispatch core type for this system: DispatchCoreType.WORKER
2026-07-30 02:48:09.407 | DEBUG    | ttnn.device:__init__:154 - Using default dispatch core axis for this system: DispatchCoreAxis.COL
2026-07-30 02:48:09.407 | info     |       LLRuntime | Watcher thread stopped watching... (watcher_server.cpp:595)
2026-07-30 02:48:09.408 | info     |       LLRuntime | Watcher detached device 0 (watcher_server.cpp:181)
2026-07-30 02:48:09.408 | info     |       LLRuntime | Watcher detached device 1 (watcher_server.cpp:181)
2026-07-30 02:48:09.408 | info     |       LLRuntime | Watcher detached device 2 (watcher_server.cpp:181)
2026-07-30 02:48:09.408 | info     |       LLRuntime | Watcher detached device 3 (watcher_server.cpp:181)
2026-07-30 02:48:09.471 | info     |       LLRuntime | Watcher log file: /home/mvasiljevic/tt-metal/models/autoports/microsoft_phi_3_5_mini_instruct/doc/optimized_decoder/watcher_final/generated/watcher/watcher.log (watcher_server.cpp:286)
2026-07-30 02:48:09.471 | info     |       LLRuntime | Watcher attached device 0 (watcher_server.cpp:132)
2026-07-30 02:48:09.471 | info     |       LLRuntime | Watcher attached device 1 (watcher_server.cpp:132)
2026-07-30 02:48:09.471 | info     |       LLRuntime | Watcher attached device 2 (watcher_server.cpp:132)
2026-07-30 02:48:09.471 | info     |       LLRuntime | Watcher attached device 3 (watcher_server.cpp:132)
2026-07-30 02:48:09.471 | info     |       LLRuntime | Watcher server initialized, disabled features: None (watcher_server.cpp:547)
2026-07-30 02:48:09.471 | info     |           Metal | Watcher checking device 0 (watcher_device_reader.cpp:393)
2026-07-30 02:48:09.471 | warning  |           Metal | Opening subset of mmio devices slows down UMD read/write to remote chips. If opening more devices, consider using CreateDevices API. (device_manager.cpp:261)
2026-07-30 02:48:09.475 | info     |           Metal | Watcher checking device 1 (watcher_device_reader.cpp:393)
2026-07-30 02:48:09.479 | info     |           Metal | Watcher checking device 2 (watcher_device_reader.cpp:393)
2026-07-30 02:48:09.483 | info     |           Metal | Watcher checking device 3 (watcher_device_reader.cpp:393)
2026-07-30 02:48:09.527 | DEBUG    | conftest:mesh_device:599 - multidevice with 1 devices is created
PCC_RESULT path=optimized-vs-functional-decode-b1 threshold=0.995 0.9999474426437468
PASSED
models/autoports/microsoft_phi_3_5_mini_instruct/tests/test_optimized_decoder.py::test_optimized_matches_functional_on_device[blackhole-decode-32-1-mesh_device0] 2026-07-30 02:48:10.817 | DEBUG    | ttnn.device:__init__:152 - Using default dispatch core type for this system: DispatchCoreType.WORKER
2026-07-30 02:48:10.817 | DEBUG    | ttnn.device:__init__:154 - Using default dispatch core axis for this system: DispatchCoreAxis.COL
2026-07-30 02:48:10.817 | info     |       LLRuntime | Watcher thread stopped watching... (watcher_server.cpp:595)
2026-07-30 02:48:10.817 | info     |       LLRuntime | Watcher detached device 0 (watcher_server.cpp:181)
2026-07-30 02:48:10.817 | info     |       LLRuntime | Watcher detached device 1 (watcher_server.cpp:181)
2026-07-30 02:48:10.817 | info     |       LLRuntime | Watcher detached device 2 (watcher_server.cpp:181)
2026-07-30 02:48:10.817 | info     |       LLRuntime | Watcher detached device 3 (watcher_server.cpp:181)
2026-07-30 02:48:10.879 | info     |       LLRuntime | Watcher log file: /home/mvasiljevic/tt-metal/models/autoports/microsoft_phi_3_5_mini_instruct/doc/optimized_decoder/watcher_final/generated/watcher/watcher.log (watcher_server.cpp:286)
2026-07-30 02:48:10.879 | info     |       LLRuntime | Watcher attached device 0 (watcher_server.cpp:132)
2026-07-30 02:48:10.879 | info     |       LLRuntime | Watcher attached device 1 (watcher_server.cpp:132)
2026-07-30 02:48:10.879 | info     |       LLRuntime | Watcher attached device 2 (watcher_server.cpp:132)
2026-07-30 02:48:10.879 | info     |       LLRuntime | Watcher attached device 3 (watcher_server.cpp:132)
2026-07-30 02:48:10.879 | info     |       LLRuntime | Watcher server initialized, disabled features: None (watcher_server.cpp:547)
2026-07-30 02:48:10.879 | info     |           Metal | Watcher checking device 0 (watcher_device_reader.cpp:393)
2026-07-30 02:48:10.879 | warning  |           Metal | Opening subset of mmio devices slows down UMD read/write to remote chips. If opening more devices, consider using CreateDevices API. (device_manager.cpp:261)
2026-07-30 02:48:10.884 | info     |           Metal | Watcher checking device 1 (watcher_device_reader.cpp:393)
2026-07-30 02:48:10.888 | info     |           Metal | Watcher checking device 2 (watcher_device_reader.cpp:393)
2026-07-30 02:48:10.892 | info     |           Metal | Watcher checking device 3 (watcher_device_reader.cpp:393)
2026-07-30 02:48:10.936 | DEBUG    | conftest:mesh_device:599 - multidevice with 1 devices is created
PCC_RESULT path=optimized-vs-functional-decode-b32 threshold=0.995 0.9999885973050263
PASSED

==================================== PASSES ====================================
- generated xml file: /home/mvasiljevic/tt-metal/generated/test_reports/most_recent_tests.xml -
============================== slowest durations ===============================
6.63s call     models/autoports/microsoft_phi_3_5_mini_instruct/tests/test_optimized_decoder.py::test_optimized_decode_consumes_non_aligned_paged_prefill[blackhole-32-mesh_device0]
1.53s call     models/autoports/microsoft_phi_3_5_mini_instruct/tests/test_optimized_decoder.py::test_optimized_matches_functional_on_device[blackhole-prefill-1-31-mesh_device0]
1.44s call     models/autoports/microsoft_phi_3_5_mini_instruct/tests/test_optimized_decoder.py::test_optimized_trace_replay_is_deterministic[blackhole-1-mesh_device0]
1.41s setup    models/autoports/microsoft_phi_3_5_mini_instruct/tests/test_optimized_decoder.py::test_optimized_matches_functional_on_device[blackhole-prefill-1-31-mesh_device0]
1.13s call     models/autoports/microsoft_phi_3_5_mini_instruct/tests/test_optimized_decoder.py::test_optimized_decode_consumes_non_aligned_paged_prefill[blackhole-1-mesh_device0]
1.00s call     models/autoports/microsoft_phi_3_5_mini_instruct/tests/test_optimized_decoder.py::test_optimized_trace_replay_is_deterministic[blackhole-32-mesh_device0]
0.95s call     models/autoports/microsoft_phi_3_5_mini_instruct/tests/test_optimized_decoder.py::test_optimized_matches_functional_on_device[blackhole-decode-1-1-mesh_device0]
0.88s call     models/autoports/microsoft_phi_3_5_mini_instruct/tests/test_optimized_decoder.py::test_optimized_mlp_candidate_latency_probe[blackhole-mesh_device0]
0.87s call     models/autoports/microsoft_phi_3_5_mini_instruct/tests/test_optimized_decoder.py::test_optimized_matches_functional_on_device[blackhole-prefill-1-65-mesh_device0]
0.87s call     models/autoports/microsoft_phi_3_5_mini_instruct/tests/test_optimized_decoder.py::test_optimized_matches_functional_on_device[blackhole-decode-32-1-mesh_device0]
0.84s call     models/autoports/microsoft_phi_3_5_mini_instruct/tests/test_optimized_decoder.py::test_optimized_matches_functional_on_device[blackhole-prefill-1-33-mesh_device0]
0.51s call     models/autoports/microsoft_phi_3_5_mini_instruct/tests/test_optimized_decoder.py::test_optimized_real_weight_decode_matches_functional[blackhole-mesh_device0]
0.34s setup    models/autoports/microsoft_phi_3_5_mini_instruct/tests/test_optimized_decoder.py::test_optimized_trace_replay_is_deterministic[blackhole-1-mesh_device0]
0.34s setup    models/autoports/microsoft_phi_3_5_mini_instruct/tests/test_optimized_decoder.py::test_optimized_trace_replay_is_deterministic[blackhole-32-mesh_device0]
0.33s setup    models/autoports/microsoft_phi_3_5_mini_instruct/tests/test_optimized_decoder.py::test_optimized_matches_functional_on_device[blackhole-prefill-1-33-mesh_device0]
0.33s setup    models/autoports/microsoft_phi_3_5_mini_instruct/tests/test_optimized_decoder.py::test_optimized_decode_consumes_non_aligned_paged_prefill[blackhole-1-mesh_device0]
0.33s setup    models/autoports/microsoft_phi_3_5_mini_instruct/tests/test_optimized_decoder.py::test_optimized_matches_functional_on_device[blackhole-prefill-1-65-mesh_device0]
0.33s setup    models/autoports/microsoft_phi_3_5_mini_instruct/tests/test_optimized_decoder.py::test_optimized_decode_consumes_non_aligned_paged_prefill[blackhole-32-mesh_device0]
0.33s setup    models/autoports/microsoft_phi_3_5_mini_instruct/tests/test_optimized_decoder.py::test_optimized_real_weight_decode_matches_functional[blackhole-mesh_device0]
0.33s setup    models/autoports/microsoft_phi_3_5_mini_instruct/tests/test_optimized_decoder.py::test_optimized_matches_functional_on_device[blackhole-decode-32-1-mesh_device0]
0.33s setup    models/autoports/microsoft_phi_3_5_mini_instruct/tests/test_optimized_decoder.py::test_optimized_matches_functional_on_device[blackhole-decode-1-1-mesh_device0]
0.33s setup    models/autoports/microsoft_phi_3_5_mini_instruct/tests/test_optimized_decoder.py::test_optimized_mlp_candidate_latency_probe[blackhole-mesh_device0]
0.21s setup    models/autoports/microsoft_phi_3_5_mini_instruct/tests/test_optimized_decoder.py::test_optimized_runtime_dispatch_contract
0.13s teardown models/autoports/microsoft_phi_3_5_mini_instruct/tests/test_optimized_decoder.py::test_optimized_matches_functional_on_device[blackhole-decode-1-1-mesh_device0]
0.13s teardown models/autoports/microsoft_phi_3_5_mini_instruct/tests/test_optimized_decoder.py::test_optimized_decode_consumes_non_aligned_paged_prefill[blackhole-1-mesh_device0]
0.13s teardown models/autoports/microsoft_phi_3_5_mini_instruct/tests/test_optimized_decoder.py::test_optimized_matches_functional_on_device[blackhole-decode-32-1-mesh_device0]
0.13s teardown models/autoports/microsoft_phi_3_5_mini_instruct/tests/test_optimized_decoder.py::test_optimized_trace_replay_is_deterministic[blackhole-1-mesh_device0]
0.13s teardown models/autoports/microsoft_phi_3_5_mini_instruct/tests/test_optimized_decoder.py::test_optimized_mlp_candidate_latency_probe[blackhole-mesh_device0]
0.13s teardown models/autoports/microsoft_phi_3_5_mini_instruct/tests/test_optimized_decoder.py::test_optimized_real_weight_decode_matches_functional[blackhole-mesh_device0]
0.13s teardown models/autoports/microsoft_phi_3_5_mini_instruct/tests/test_optimized_decoder.py::test_optimized_matches_functional_on_device[blackhole-prefill-1-33-mesh_device0]
0.13s teardown models/autoports/microsoft_phi_3_5_mini_instruct/tests/test_optimized_decoder.py::test_optimized_matches_functional_on_device[blackhole-prefill-1-65-mesh_device0]
0.13s teardown models/autoports/microsoft_phi_3_5_mini_instruct/tests/test_optimized_decoder.py::test_optimized_matches_functional_on_device[blackhole-prefill-1-31-mesh_device0]
0.13s teardown models/autoports/microsoft_phi_3_5_mini_instruct/tests/test_optimized_decoder.py::test_optimized_trace_replay_is_deterministic[blackhole-32-mesh_device0]
0.13s teardown models/autoports/microsoft_phi_3_5_mini_instruct/tests/test_optimized_decoder.py::test_optimized_decode_consumes_non_aligned_paged_prefill[blackhole-32-mesh_device0]

(2 durations < 0.005s hidden.  Use -vv to show these durations.)
=========================== short test summary info ============================
PASSED models/autoports/microsoft_phi_3_5_mini_instruct/tests/test_optimized_decoder.py::test_optimized_runtime_dispatch_contract
PASSED models/autoports/microsoft_phi_3_5_mini_instruct/tests/test_optimized_decoder.py::test_optimized_matches_functional_on_device[blackhole-prefill-1-31-mesh_device0]
PASSED models/autoports/microsoft_phi_3_5_mini_instruct/tests/test_optimized_decoder.py::test_optimized_mlp_candidate_latency_probe[blackhole-mesh_device0]
PASSED models/autoports/microsoft_phi_3_5_mini_instruct/tests/test_optimized_decoder.py::test_optimized_trace_replay_is_deterministic[blackhole-1-mesh_device0]
PASSED models/autoports/microsoft_phi_3_5_mini_instruct/tests/test_optimized_decoder.py::test_optimized_real_weight_decode_matches_functional[blackhole-mesh_device0]
PASSED models/autoports/microsoft_phi_3_5_mini_instruct/tests/test_optimized_decoder.py::test_optimized_decode_consumes_non_aligned_paged_prefill[blackhole-1-mesh_device0]
PASSED models/autoports/microsoft_phi_3_5_mini_instruct/tests/test_optimized_decoder.py::test_optimized_matches_functional_on_device[blackhole-prefill-1-33-mesh_device0]
PASSED models/autoports/microsoft_phi_3_5_mini_instruct/tests/test_optimized_decoder.py::test_optimized_trace_replay_is_deterministic[blackhole-32-mesh_device0]
PASSED models/autoports/microsoft_phi_3_5_mini_instruct/tests/test_optimized_decoder.py::test_optimized_decode_consumes_non_aligned_paged_prefill[blackhole-32-mesh_device0]
PASSED models/autoports/microsoft_phi_3_5_mini_instruct/tests/test_optimized_decoder.py::test_optimized_matches_functional_on_device[blackhole-prefill-1-65-mesh_device0]
PASSED models/autoports/microsoft_phi_3_5_mini_instruct/tests/test_optimized_decoder.py::test_optimized_matches_functional_on_device[blackhole-decode-1-1-mesh_device0]
PASSED models/autoports/microsoft_phi_3_5_mini_instruct/tests/test_optimized_decoder.py::test_optimized_matches_functional_on_device[blackhole-decode-32-1-mesh_device0]
============================= 12 passed in 23.67s ==============================
nanobind: leaked 2 instances!
 - leaked instance 0x7c7ff227e058 of type "ttnn._ttnn.tensor.CoreRangeSet"
 - leaked instance 0x7c7ff1d04108 of type "ttnn._ttnn.tensor.MemoryConfig"
nanobind: leaked 20 types!
 - leaked type "ttnn._ttnn.operations.matmul.MatmulMultiCoreReuseMultiCast1DProgramConfig"
 - leaked type "ttnn._ttnn.operations.matmul.MatmulInputs"
 - leaked type "ttnn._ttnn.operations.matmul.MatmulMultiCoreReuseMultiCastBatchedDRAMShardedProgramConfig"
 - leaked type "BufferType"
 - leaked type "UnaryOpType"
 - leaked type "Layout"
 - leaked type "ttnn._ttnn.operations.matmul.MatmulMultiCoreReuseOptimizedProgramFactory"
 - leaked type "Arch"
 - leaked type "ttnn._ttnn.operations.matmul.MatmulParams"
 - leaked type "ttnn._ttnn.tensor.CoreRangeSet"
 - ... skipped remainder
nanobind: leaked 247 functions!
 - leaked function "get_device_ids"
 - leaked function ""
 - leaked function ""
 - leaked function ""
 - leaked function "devices"
 - leaked function "host_buffer"
 - leaked function "reset_sub_device_stall_group"
 - leaked function "__hash__"
 - leaked function "id"
 - leaked function ""
 - ... skipped remainder
nanobind: this is likely caused by a reference counting issue in the binding code.
See https://nanobind.readthedocs.io/en/latest/refleaks.html2026-07-30 02:48:13.744 | info     |    BuildKernels | JIT cache stats: 463/548 hits (84.5%) [463 cached, 1659 build-once dedup, 0 merged artifacts, 0 merged genfiles] (build_cache_telemetry.cpp:207)
2026-07-30 02:48:13.744 | info     |    BuildKernels | JIT telemetry: 3 registered TelemetryTokens (build_cache_telemetry.cpp:230)
2026-07-30 02:48:13.745 | info     |       LLRuntime | Watcher thread stopped watching... (watcher_server.cpp:595)
2026-07-30 02:48:13.745 | info     |       LLRuntime | Watcher detached device 0 (watcher_server.cpp:181)
2026-07-30 02:48:13.745 | info     |       LLRuntime | Watcher detached device 1 (watcher_server.cpp:181)
2026-07-30 02:48:13.745 | info     |       LLRuntime | Watcher detached device 2 (watcher_server.cpp:181)
2026-07-30 02:48:13.745 | info     |       LLRuntime | Watcher detached device 3 (watcher_server.cpp:181)
2026-07-30 02:48:13.756 | info     |          Device | Closing user mode device drivers (tt_cluster.cpp:512)
2026-07-30 02:48:13.756 | info     |             UMD | Closing devices in cluster (cluster.cpp:1037)
2026-07-30 02:48:14.295 | info     |             UMD | Closing devices in cluster completed. (cluster.cpp:1046)
2026-07-30 02:48:14.295 | info     |             UMD | Cluster destructor started. (cluster.cpp:754)
2026-07-30 02:48:14.295 | info     |             UMD | Cluster destructor completed. (cluster.cpp:757)
