2026-07-31 07:56:50.911 | INFO     | __main__:main:189 - Setting profiler artifacts folder to models/autoports/coherelabs_north_mini_code_1_0/doc/optimized_decoder/tracy/dense/decode
2026-07-31 07:56:50.911 | INFO     | __main__:main:395 - Using port 8086
2026-07-31 07:56:50.912 | INFO     | tracy:run_report_setup:91 - Verifying tracy profiling tools
2026-07-31 07:56:50.919 | INFO     | __main__:main:413 - Test process started
2026-07-31 07:56:51.624 | INFO     | __main__:main:189 - Setting profiler artifacts folder to models/autoports/coherelabs_north_mini_code_1_0/doc/optimized_decoder/tracy/dense/decode
2026-07-31 07:56:51.855 | DEBUG    | ttnn:<module>:79 - Initial ttnn.CONFIG:
Config{cache_path=/home/mvasiljevic/.cache/ttnn,model_cache_path=/home/mvasiljevic/.cache/ttnn/models,tmp_dir=/tmp/ttnn,enable_model_cache=false,enable_fast_runtime_mode=true,throw_exception_on_fallback=false,enable_logging=false,enable_graph_report=false,enable_graph_python_stack_traces=false,enable_detailed_buffer_report=false,enable_detailed_tensor_report=false,enable_comparison_mode=false,comparison_mode_should_raise_exception=false,comparison_mode_pcc=0.9999,root_report_path=generated/ttnn/reports,report_name=std::nullopt,std::nullopt}
2026-07-31 07:57:00.244 | info     |          Device | Opening user mode device driver (tt_cluster.cpp:228)
2026-07-31 07:57:00.244 | info     |             UMD | Cluster constructor started. (cluster.cpp:348)
2026-07-31 07:57:00.245 | info     |             UMD | Creating TopologyDiscovery for architecture: blackhole (topology_discovery.cpp:91)
2026-07-31 07:57:00.245 | info     |             UMD | Starting topology discovery. (topology_discovery.cpp:110)
2026-07-31 07:57:00.246 | info     |             UMD | Established firmware bundle version: 19.9.0 (topology_discovery.cpp:569)
2026-07-31 07:57:00.246 | info     |             UMD | Firmware bundle version 19.9.0 on the system is newer than the latest fully tested version 19.5.0 for blackhole architecture. Newest features may not be supported. (topology_discovery.cpp:601)
2026-07-31 07:57:00.250 | info     |             UMD | Completed topology discovery. (topology_discovery.cpp:114)
2026-07-31 07:57:00.328 | info     |             UMD | Opening local chip ids/PCIe ids: {0, 1, 2, 3}/[0, 1, 2, 3] and remote chip ids {} (cluster.cpp:168)
2026-07-31 07:57:00.328 | info     |             UMD | IOMMU: enabled (cluster.cpp:142)
2026-07-31 07:57:00.328 | info     |             UMD | KMD version: 2.10.0 (cluster.cpp:145)
2026-07-31 07:57:00.328 | info     |             UMD | Cluster constructor completed. (cluster.cpp:520)
2026-07-31 07:57:00.330 | info     |             UMD | Starting devices in cluster (cluster.cpp:1024)
2026-07-31 07:57:00.549 | info     |             UMD | Starting devices in cluster completed. (cluster.cpp:1032)
--------------------------------------------------------------------------
It appears as if there is not enough space for /dev/shm/sm_segment.853faf68e2b0.6002.d58a0000.0 (the shared-memory backing
file). It is likely that your MPI job will now either abort or experience
performance degradation.

  Local host:  853faf68e2b0
  Space Requested: 16777216 B
  Space Available: 17551360 B
--------------------------------------------------------------------------
2026-07-31 07:57:00.669 | DEBUG    | ttnn.device:__init__:152 - Using default dispatch core type for this system: DispatchCoreType.WORKER
2026-07-31 07:57:00.669 | DEBUG    | ttnn.device:__init__:154 - Using default dispatch core axis for this system: DispatchCoreAxis.COL
2026-07-31 07:57:00.669 | info     |     Distributed | Using auto discovery to generate mesh graph. (metal_env.cpp:367)
2026-07-31 07:57:00.669 | info     |     Distributed | Constructing control plane using auto-discovery (no mesh graph descriptor). (metal_env.cpp:429)
2026-07-31 07:57:00.669 | warning  |          Always | Unknown motherboard 'B850M-C' for chip_id=0 (bus_id=0x1) — falling back to bus_id as tray_id. Add this motherboard and its bus IDs to mobo_to_bus_ids in physical_system_discovery.cpp. (physical_system_discovery.cpp:89)
2026-07-31 07:57:00.669 | warning  |          Always | Unknown motherboard 'B850M-C' for chip_id=1 (bus_id=0x2) — falling back to bus_id as tray_id. Add this motherboard and its bus IDs to mobo_to_bus_ids in physical_system_discovery.cpp. (physical_system_discovery.cpp:89)
2026-07-31 07:57:00.669 | warning  |          Always | Unknown motherboard 'B850M-C' for chip_id=2 (bus_id=0x3) — falling back to bus_id as tray_id. Add this motherboard and its bus IDs to mobo_to_bus_ids in physical_system_discovery.cpp. (physical_system_discovery.cpp:89)
2026-07-31 07:57:00.669 | warning  |          Always | Unknown motherboard 'B850M-C' for chip_id=3 (bus_id=0x4) — falling back to bus_id as tray_id. Add this motherboard and its bus IDs to mobo_to_bus_ids in physical_system_discovery.cpp. (physical_system_discovery.cpp:89)
2026-07-31 07:57:00.669 | warning  |          Always | Unknown motherboard 'B850M-C' for chip_id=1 (bus_id=0x2) — falling back to bus_id as tray_id. Add this motherboard and its bus IDs to mobo_to_bus_ids in physical_system_discovery.cpp. (physical_system_discovery.cpp:89)
2026-07-31 07:57:00.669 | warning  |          Always | Unknown motherboard 'B850M-C' for chip_id=0 (bus_id=0x1) — falling back to bus_id as tray_id. Add this motherboard and its bus IDs to mobo_to_bus_ids in physical_system_discovery.cpp. (physical_system_discovery.cpp:89)
2026-07-31 07:57:00.669 | warning  |          Always | Unknown motherboard 'B850M-C' for chip_id=2 (bus_id=0x3) — falling back to bus_id as tray_id. Add this motherboard and its bus IDs to mobo_to_bus_ids in physical_system_discovery.cpp. (physical_system_discovery.cpp:89)
2026-07-31 07:57:00.669 | warning  |          Always | Unknown motherboard 'B850M-C' for chip_id=3 (bus_id=0x4) — falling back to bus_id as tray_id. Add this motherboard and its bus IDs to mobo_to_bus_ids in physical_system_discovery.cpp. (physical_system_discovery.cpp:89)
2026-07-31 07:57:00.669 | info     |          Fabric | Logical multi-mesh adjacency: intermesh degree histogram {0:1}; intra-mesh degree histograms mesh0 {2:4} (topology_mapper_utils.cpp:2342)
2026-07-31 07:57:00.669 | info     |          Fabric | Physical multi-mesh adjacency: intermesh degree histogram {0:1}; intra-mesh degree histograms mesh0 {2:4} (topology_mapper_utils.cpp:2350)
2026-07-31 07:57:00.710 | warning  |           Metal | Opening subset of mmio devices slows down UMD read/write to remote chips. If opening more devices, consider using CreateDevices API. (device_manager.cpp:261)
2026-07-31 07:57:00.717 | info     |           Metal | Profiler started on device 3 (profiler_initializer.cpp:49)
2026-07-31 07:57:00.758 | info     |           Metal | ShmResourceTracker: removed orphaned shm '/tt_device_154095680356416_memory' (shm_resource_tracker.cpp:282)
2026-07-31 07:57:01.337 | info     |           Metal | [Real-time profiler] Device 3 sync complete: 100 samples, frequency=1.349986 GHz, device_time_at_sync=179092267139399 cycles (realtime_profiler_manager.cpp:1127)
Building trisc2, compile step:
cd /home/mvasiljevic/.cache/tt-metal-cache/12569132917722018041/kernels/bmm_large_block_zm_fused_bias_activation/9414937858220910636/trisc2/ && /home/mvasiljevic/tt-metal/runtime/sfpi/compiler/bin/riscv-tt-elf-g++ -O3 -std=c++17 -ftt-nttp -ftt-constinit -ftt-consteval -ftt-no-dyninit -flto=auto -ffast-math -fno-exceptions -fno-rtti -fno-use-cxa-atexit -g -MMD -Wall -Werror -Wno-error=deprecated-declarations -Wno-error=multistatement-macros -Wno-error=parentheses -Wno-error=unused-but-set-variable -Wno-unused-variable -Wno-unused-function -mcpu=tt-bh-tensix -I. -I.. -I/home/mvasiljevic/tt-metal/ -I/home/mvasiljevic/tt-metal/ttnn -I/home/mvasiljevic/tt-metal/ttnn/cpp -I/home/mvasiljevic/tt-metal/tt_metal -I/home/mvasiljevic/tt-metal/tt_metal/hw/inc -I/home/mvasiljevic/tt-metal/tt_metal/tt-llk/common -I/home/mvasiljevic/tt-metal/tt_metal/hostdevcommon/api -I/home/mvasiljevic/tt-metal/tt_metal/api/ -I/home/mvasiljevic/tt-metal/runtime/sfpi/include -I/home/mvasiljevic/tt-metal/tt_metal/hw/ckernels/blackhole/metal/common -I/home/mvasiljevic/tt-metal/tt_metal/hw/ckernels/blackhole/metal/llk_io -I/home/mvasiljevic/tt-metal/tt_metal/hw/inc/internal/tt-1xx -I/home/mvasiljevic/tt-metal/tt_metal/hw/inc/internal/tt-1xx/blackhole -I/home/mvasiljevic/tt-metal/tt_metal/hw/inc/internal/tt-1xx/blackhole/blackhole_defines -I/home/mvasiljevic/tt-metal/tt_metal/hw/inc/internal/tt-1xx/blackhole/noc -I/home/mvasiljevic/tt-metal/tt_metal/tt-llk/tt_llk_blackhole/common/inc -I/home/mvasiljevic/tt-metal/tt_metal/tt-llk/tt_llk_blackhole/llk_lib -I/home/mvasiljevic/tt-metal/tt_metal/hw/ckernels/blackhole/metal/llk_api -I/home/mvasiljevic/tt-metal/tt_metal/hw/ckernels/blackhole/metal/llk_api/llk_sfpu -I/home/mvasiljevic/tt-metal/tt_metal/hw/firmware/src/tt-1xx -I/home/mvasiljevic/tt-metal/ttnn/cpp/ttnn/operations/matmul/device/kernels/compute -c -o /home/mvasiljevic/.cache/tt-metal-cache/12569132917722018041/kernels/bmm_large_block_zm_fused_bias_activation/9414937858220910636/trisc2/trisck.1132134607563884739.o /home/mvasiljevic/tt-metal/tt_metal/hw/firmware/src/tt-1xx/trisck.cc -MF /home/mvasiljevic/.cache/tt-metal-cache/12569132917722018041/kernels/bmm_large_block_zm_fused_bias_activation/9414937858220910636/trisc2/trisck.1132134607563884739.d -DIS_NOT_POW2_NUM_L1_BANKS=1 -DLOG_BASE_2_OF_NUM_DRAM_BANKS=3 -DNUM_DRAM_BANKS=8 -DNUM_L1_BANKS=110 -DPCIE_NOC_X=19 -DPCIE_NOC_Y=24 -DTENSIX_FIRMWARE -DLOCAL_MEM_EN=0 -DPROFILE_KERNEL=1 -DPROFILER_FULL_HOST_BUFFER_SIZE_PER_RISC=48000 -DPROCESSOR_INDEX=4 -DUCK_CHLKC_PACK -DCOMPILE_FOR_TRISC=2 -DARCH_BLACKHOLE -DDISPATCH_MESSAGE_ADDR=4290184248 -DKERNEL_BUILD -DFULL_KERNEL_NAME="\"bmm_large_block_zm_fused_bias_activation/9414937858220910636/\"" -DKERNEL_COMPILE_TIME_ARGS=8,1,8,8,3,160,20,8,1,1,1,7,7,1,21,0,0,0 -DKERNEL_COMPILE_TIME_ARG_MAP="{\"last_subblock_w_valid\",6}, {\"bias_ntiles\",21}, {\"cb_in0_intermediate\",8}, {\"cb_intermed0\",5}, {\"cb_in1_intermediate\",9}, {\"cb_out\",4}, {\"cb_in0_transposed\",10}, {\"cb_bias\",3}, {\"cb_in1\",1}, {\"cb_in0\",0}, "
In file included from /home/mvasiljevic/tt-metal/tt_metal/hw/ckernels/blackhole/metal/llk_io/llk_io_pack.h:14,
                 from /home/mvasiljevic/tt-metal/tt_metal/hw/inc/api/compute/cb_api.h:12,
                 from /home/mvasiljevic/tt-metal/tt_metal/hw/inc/api/compute/common.h:11,
                 from /home/mvasiljevic/tt-metal/tt_metal/hw/inc/api/compute/matmul.h:7,
                 from /home/mvasiljevic/tt-metal/ttnn/cpp/ttnn/operations/matmul/device/kernels/compute/bmm_large_block_zm_fused_bias_activation.cpp:7,
                 from ../chlkc_pack.cpp:3,
                 from /home/mvasiljevic/tt-metal/tt_metal/hw/ckernels/blackhole/metal/common/chlkc_list.h:21,
                 from /home/mvasiljevic/tt-metal/tt_metal/hw/firmware/src/tt-1xx/trisck.cc:13:
/home/mvasiljevic/tt-metal/tt_metal/hw/ckernels/blackhole/metal/llk_io/llk_io_pack.h: In function 'void llk_wait_for_free_tiles(int32_t, int32_t)':
/home/mvasiljevic/tt-metal/tt_metal/tools/profiler/kernel_profiler.hpp:25:22: note: '#pragma message: CB-COMPUTE-RESERVE-BACK,/home/mvasiljevic/tt-metal/tt_metal/hw/ckernels/blackhole/metal/llk_io/llk_io_pack.h,21,KERNEL_PROFILER'
   25 | #define DO_PRAGMA(x) _Pragma(#x)
      |                      ^~~~~~~
/home/mvasiljevic/tt-metal/tt_metal/tools/profiler/kernel_profiler.hpp:712:5: note: in expansion of macro 'DO_PRAGMA'
  712 |     DO_PRAGMA(message(PROFILER_MSG_NAME(name)));                               \
      |     ^~~~~~~~~
/home/mvasiljevic/tt-metal/tt_metal/hw/ckernels/blackhole/metal/llk_io/llk_io_pack.h:21:5: note: in expansion of macro 'DeviceZoneScopedSumN2'
   21 |     DeviceZoneScopedSumN2("CB-COMPUTE-RESERVE-BACK");
      |     ^~~~~~~~~~~~~~~~~~~~~
/home/mvasiljevic/tt-metal/tt_metal/hw/firmware/src/tt-1xx/trisck.cc: In function 'uint32_t _start()':
/home/mvasiljevic/tt-metal/tt_metal/tools/profiler/kernel_profiler.hpp:25:22: note: '#pragma message: TRISC-KERNEL,/home/mvasiljevic/tt-metal/tt_metal/hw/firmware/src/tt-1xx/trisck.cc,86,KERNEL_PROFILER'
   25 | #define DO_PRAGMA(x) _Pragma(#x)
      |                      ^~~~~~~
/home/mvasiljevic/tt-metal/tt_metal/tools/profiler/kernel_profiler.hpp:702:5: note: in expansion of macro 'DO_PRAGMA'
  702 |     DO_PRAGMA(message(PROFILER_MSG_NAME(name)));                               \
      |     ^~~~~~~~~
/home/mvasiljevic/tt-metal/tt_metal/hw/firmware/src/tt-1xx/trisck.cc:86:5: note: in expansion of macro 'DeviceZoneScopedMainChildN'
   86 |     DeviceZoneScopedMainChildN("TRISC-KERNEL");
      |     ^~~~~~~~~~~~~~~~~~~~~~~~~~
Building trisc0, compile step:
cd /home/mvasiljevic/.cache/tt-metal-cache/12569132917722018041/kernels/bmm_large_block_zm_fused_bias_activation/9414937858220910636/trisc0/ && /home/mvasiljevic/tt-metal/runtime/sfpi/compiler/bin/riscv-tt-elf-g++ -O3 -std=c++17 -ftt-nttp -ftt-constinit -ftt-consteval -ftt-no-dyninit -flto=auto -ffast-math -fno-exceptions -fno-rtti -fno-use-cxa-atexit -g -MMD -Wall -Werror -Wno-error=deprecated-declarations -Wno-error=multistatement-macros -Wno-error=parentheses -Wno-error=unused-but-set-variable -Wno-unused-variable -Wno-unused-function -mcpu=tt-bh-tensix -I. -I.. -I/home/mvasiljevic/tt-metal/ -I/home/mvasiljevic/tt-metal/ttnn -I/home/mvasiljevic/tt-metal/ttnn/cpp -I/home/mvasiljevic/tt-metal/tt_metal -I/home/mvasiljevic/tt-metal/tt_metal/hw/inc -I/home/mvasiljevic/tt-metal/tt_metal/tt-llk/common -I/home/mvasiljevic/tt-metal/tt_metal/hostdevcommon/api -I/home/mvasiljevic/tt-metal/tt_metal/api/ -I/home/mvasiljevic/tt-metal/runtime/sfpi/include -I/home/mvasiljevic/tt-metal/tt_metal/hw/ckernels/blackhole/metal/common -I/home/mvasiljevic/tt-metal/tt_metal/hw/ckernels/blackhole/metal/llk_io -I/home/mvasiljevic/tt-metal/tt_metal/hw/inc/internal/tt-1xx -I/home/mvasiljevic/tt-metal/tt_metal/hw/inc/internal/tt-1xx/blackhole -I/home/mvasiljevic/tt-metal/tt_metal/hw/inc/internal/tt-1xx/blackhole/blackhole_defines -I/home/mvasiljevic/tt-metal/tt_metal/hw/inc/internal/tt-1xx/blackhole/noc -I/home/mvasiljevic/tt-metal/tt_metal/tt-llk/tt_llk_blackhole/common/inc -I/home/mvasiljevic/tt-metal/tt_metal/tt-llk/tt_llk_blackhole/llk_lib -I/home/mvasiljevic/tt-metal/tt_metal/hw/ckernels/blackhole/metal/llk_api -I/home/mvasiljevic/tt-metal/tt_metal/hw/ckernels/blackhole/metal/llk_api/llk_sfpu -I/home/mvasiljevic/tt-metal/tt_metal/hw/firmware/src/tt-1xx -I/home/mvasiljevic/tt-metal/ttnn/cpp/ttnn/operations/matmul/device/kernels/compute -c -o /home/mvasiljevic/.cache/tt-metal-cache/12569132917722018041/kernels/bmm_large_block_zm_fused_bias_activation/9414937858220910636/trisc0/trisck.1132134607563884739.o /home/mvasiljevic/tt-metal/tt_metal/hw/firmware/src/tt-1xx/trisck.cc -MF /home/mvasiljevic/.cache/tt-metal-cache/12569132917722018041/kernels/bmm_large_block_zm_fused_bias_activation/9414937858220910636/trisc0/trisck.1132134607563884739.d -DIS_NOT_POW2_NUM_L1_BANKS=1 -DLOG_BASE_2_OF_NUM_DRAM_BANKS=3 -DNUM_DRAM_BANKS=8 -DNUM_L1_BANKS=110 -DPCIE_NOC_X=19 -DPCIE_NOC_Y=24 -DTENSIX_FIRMWARE -DLOCAL_MEM_EN=0 -DPROFILE_KERNEL=1 -DPROFILER_FULL_HOST_BUFFER_SIZE_PER_RISC=48000 -DPROCESSOR_INDEX=2 -DUCK_CHLKC_UNPACK -DCOMPILE_FOR_TRISC=0 -DARCH_BLACKHOLE -DDISPATCH_MESSAGE_ADDR=4290184248 -DKERNEL_BUILD -DFULL_KERNEL_NAME="\"bmm_large_block_zm_fused_bias_activation/9414937858220910636/\"" -DKERNEL_COMPILE_TIME_ARGS=8,1,8,8,3,160,20,8,1,1,1,7,7,1,21,0,0,0 -DKERNEL_COMPILE_TIME_ARG_MAP="{\"last_subblock_w_valid\",6}, {\"bias_ntiles\",21}, {\"cb_in0_intermediate\",8}, {\"cb_intermed0\",5}, {\"cb_in1_intermediate\",9}, {\"cb_out\",4}, {\"cb_in0_transposed\",10}, {\"cb_bias\",3}, {\"cb_in1\",1}, {\"cb_in0\",0}, "
In file included from /home/mvasiljevic/tt-metal/tt_metal/hw/ckernels/blackhole/metal/llk_io/llk_io_unpack.h:13,
                 from /home/mvasiljevic/tt-metal/tt_metal/hw/inc/api/compute/cb_api.h:15,
                 from /home/mvasiljevic/tt-metal/tt_metal/hw/inc/api/compute/common.h:11,
                 from /home/mvasiljevic/tt-metal/tt_metal/hw/inc/api/compute/matmul.h:7,
                 from /home/mvasiljevic/tt-metal/ttnn/cpp/ttnn/operations/matmul/device/kernels/compute/bmm_large_block_zm_fused_bias_activation.cpp:7,
                 from ../chlkc_unpack.cpp:3,
                 from /home/mvasiljevic/tt-metal/tt_metal/hw/ckernels/blackhole/metal/common/chlkc_list.h:26,
                 from /home/mvasiljevic/tt-metal/tt_metal/hw/firmware/src/tt-1xx/trisck.cc:13:
/home/mvasiljevic/tt-metal/tt_metal/hw/ckernels/blackhole/metal/llk_io/llk_io_unpack.h: In function 'void llk_wait_tiles(int, int32_t)':
/home/mvasiljevic/tt-metal/tt_metal/tools/profiler/kernel_profiler.hpp:25:22: note: '#pragma message: CB-COMPUTE-WAIT-FRONT,/home/mvasiljevic/tt-metal/tt_metal/hw/ckernels/blackhole/metal/llk_io/llk_io_unpack.h,19,KERNEL_PROFILER'
   25 | #define DO_PRAGMA(x) _Pragma(#x)
      |                      ^~~~~~~
/home/mvasiljevic/tt-metal/tt_metal/tools/profiler/kernel_profiler.hpp:707:5: note: in expansion of macro 'DO_PRAGMA'
  707 |     DO_PRAGMA(message(PROFILER_MSG_NAME(name)));                               \
      |     ^~~~~~~~~
/home/mvasiljevic/tt-metal/tt_metal/hw/ckernels/blackhole/metal/llk_io/llk_io_unpack.h:19:5: note: in expansion of macro 'DeviceZoneScopedSumN1'
   19 |     DeviceZoneScopedSumN1("CB-COMPUTE-WAIT-FRONT");
      |     ^~~~~~~~~~~~~~~~~~~~~
/home/mvasiljevic/tt-metal/tt_metal/hw/firmware/src/tt-1xx/trisck.cc: In function 'uint32_t _start()':
/home/mvasiljevic/tt-metal/tt_metal/tools/profiler/kernel_profiler.hpp:25:22: note: '#pragma message: TRISC-KERNEL,/home/mvasiljevic/tt-metal/tt_metal/hw/firmware/src/tt-1xx/trisck.cc,86,KERNEL_PROFILER'
   25 | #define DO_PRAGMA(x) _Pragma(#x)
      |                      ^~~~~~~
/home/mvasiljevic/tt-metal/tt_metal/tools/profiler/kernel_profiler.hpp:702:5: note: in expansion of macro 'DO_PRAGMA'
  702 |     DO_PRAGMA(message(PROFILER_MSG_NAME(name)));                               \
      |     ^~~~~~~~~
/home/mvasiljevic/tt-metal/tt_metal/hw/firmware/src/tt-1xx/trisck.cc:86:5: note: in expansion of macro 'DeviceZoneScopedMainChildN'
   86 |     DeviceZoneScopedMainChildN("TRISC-KERNEL");
      |     ^~~~~~~~~~~~~~~~~~~~~~~~~~
Building trisc1, compile step:
cd /home/mvasiljevic/.cache/tt-metal-cache/12569132917722018041/kernels/bmm_large_block_zm_fused_bias_activation/9414937858220910636/trisc1/ && /home/mvasiljevic/tt-metal/runtime/sfpi/compiler/bin/riscv-tt-elf-g++ -O3 -std=c++17 -ftt-nttp -ftt-constinit -ftt-consteval -ftt-no-dyninit -flto=auto -ffast-math -fno-exceptions -fno-rtti -fno-use-cxa-atexit -g -MMD -Wall -Werror -Wno-error=deprecated-declarations -Wno-error=multistatement-macros -Wno-error=parentheses -Wno-error=unused-but-set-variable -Wno-unused-variable -Wno-unused-function -mcpu=tt-bh-tensix -I. -I.. -I/home/mvasiljevic/tt-metal/ -I/home/mvasiljevic/tt-metal/ttnn -I/home/mvasiljevic/tt-metal/ttnn/cpp -I/home/mvasiljevic/tt-metal/tt_metal -I/home/mvasiljevic/tt-metal/tt_metal/hw/inc -I/home/mvasiljevic/tt-metal/tt_metal/tt-llk/common -I/home/mvasiljevic/tt-metal/tt_metal/hostdevcommon/api -I/home/mvasiljevic/tt-metal/tt_metal/api/ -I/home/mvasiljevic/tt-metal/runtime/sfpi/include -I/home/mvasiljevic/tt-metal/tt_metal/hw/ckernels/blackhole/metal/common -I/home/mvasiljevic/tt-metal/tt_metal/hw/ckernels/blackhole/metal/llk_io -I/home/mvasiljevic/tt-metal/tt_metal/hw/inc/internal/tt-1xx -I/home/mvasiljevic/tt-metal/tt_metal/hw/inc/internal/tt-1xx/blackhole -I/home/mvasiljevic/tt-metal/tt_metal/hw/inc/internal/tt-1xx/blackhole/blackhole_defines -I/home/mvasiljevic/tt-metal/tt_metal/hw/inc/internal/tt-1xx/blackhole/noc -I/home/mvasiljevic/tt-metal/tt_metal/tt-llk/tt_llk_blackhole/common/inc -I/home/mvasiljevic/tt-metal/tt_metal/tt-llk/tt_llk_blackhole/llk_lib -I/home/mvasiljevic/tt-metal/tt_metal/hw/ckernels/blackhole/metal/llk_api -I/home/mvasiljevic/tt-metal/tt_metal/hw/ckernels/blackhole/metal/llk_api/llk_sfpu -I/home/mvasiljevic/tt-metal/tt_metal/hw/firmware/src/tt-1xx -I/home/mvasiljevic/tt-metal/ttnn/cpp/ttnn/operations/matmul/device/kernels/compute -c -o /home/mvasiljevic/.cache/tt-metal-cache/12569132917722018041/kernels/bmm_large_block_zm_fused_bias_activation/9414937858220910636/trisc1/trisck.1132134607563884739.o /home/mvasiljevic/tt-metal/tt_metal/hw/firmware/src/tt-1xx/trisck.cc -MF /home/mvasiljevic/.cache/tt-metal-cache/12569132917722018041/kernels/bmm_large_block_zm_fused_bias_activation/9414937858220910636/trisc1/trisck.1132134607563884739.d -DIS_NOT_POW2_NUM_L1_BANKS=1 -DLOG_BASE_2_OF_NUM_DRAM_BANKS=3 -DNUM_DRAM_BANKS=8 -DNUM_L1_BANKS=110 -DPCIE_NOC_X=19 -DPCIE_NOC_Y=24 -DTENSIX_FIRMWARE -DLOCAL_MEM_EN=0 -DPROFILE_KERNEL=1 -DPROFILER_FULL_HOST_BUFFER_SIZE_PER_RISC=48000 -DPROCESSOR_INDEX=3 -DUCK_CHLKC_MATH -DCOMPILE_FOR_TRISC=1 -DARCH_BLACKHOLE -DDISPATCH_MESSAGE_ADDR=4290184248 -DKERNEL_BUILD -DFULL_KERNEL_NAME="\"bmm_large_block_zm_fused_bias_activation/9414937858220910636/\"" -DKERNEL_COMPILE_TIME_ARGS=8,1,8,8,3,160,20,8,1,1,1,7,7,1,21,0,0,0 -DKERNEL_COMPILE_TIME_ARG_MAP="{\"last_subblock_w_valid\",6}, {\"bias_ntiles\",21}, {\"cb_in0_intermediate\",8}, {\"cb_intermed0\",5}, {\"cb_in1_intermediate\",9}, {\"cb_out\",4}, {\"cb_in0_transposed\",10}, {\"cb_bias\",3}, {\"cb_in1\",1}, {\"cb_in0\",0}, "
In file included from /home/mvasiljevic/tt-metal/tt_metal/hw/firmware/src/tt-1xx/trisck.cc:15:
/home/mvasiljevic/tt-metal/tt_metal/hw/firmware/src/tt-1xx/trisck.cc: In function 'uint32_t _start()':
/home/mvasiljevic/tt-metal/tt_metal/tools/profiler/kernel_profiler.hpp:25:22: note: '#pragma message: TRISC-KERNEL,/home/mvasiljevic/tt-metal/tt_metal/hw/firmware/src/tt-1xx/trisck.cc,86,KERNEL_PROFILER'
   25 | #define DO_PRAGMA(x) _Pragma(#x)
      |                      ^~~~~~~
/home/mvasiljevic/tt-metal/tt_metal/tools/profiler/kernel_profiler.hpp:702:5: note: in expansion of macro 'DO_PRAGMA'
  702 |     DO_PRAGMA(message(PROFILER_MSG_NAME(name)));                               \
      |     ^~~~~~~~~
/home/mvasiljevic/tt-metal/tt_metal/hw/firmware/src/tt-1xx/trisck.cc:86:5: note: in expansion of macro 'DeviceZoneScopedMainChildN'
   86 |     DeviceZoneScopedMainChildN("TRISC-KERNEL");
      |     ^~~~~~~~~~~~~~~~~~~~~~~~~~
Building trisc2, compile step:
cd /home/mvasiljevic/.cache/tt-metal-cache/12569132917722018041/kernels/bmm_large_block_zm_fused_bias_activation/2744842910427421542/trisc2/ && /home/mvasiljevic/tt-metal/runtime/sfpi/compiler/bin/riscv-tt-elf-g++ -O3 -std=c++17 -ftt-nttp -ftt-constinit -ftt-consteval -ftt-no-dyninit -flto=auto -ffast-math -fno-exceptions -fno-rtti -fno-use-cxa-atexit -g -MMD -Wall -Werror -Wno-error=deprecated-declarations -Wno-error=multistatement-macros -Wno-error=parentheses -Wno-error=unused-but-set-variable -Wno-unused-variable -Wno-unused-function -mcpu=tt-bh-tensix -I. -I.. -I/home/mvasiljevic/tt-metal/ -I/home/mvasiljevic/tt-metal/ttnn -I/home/mvasiljevic/tt-metal/ttnn/cpp -I/home/mvasiljevic/tt-metal/tt_metal -I/home/mvasiljevic/tt-metal/tt_metal/hw/inc -I/home/mvasiljevic/tt-metal/tt_metal/tt-llk/common -I/home/mvasiljevic/tt-metal/tt_metal/hostdevcommon/api -I/home/mvasiljevic/tt-metal/tt_metal/api/ -I/home/mvasiljevic/tt-metal/runtime/sfpi/include -I/home/mvasiljevic/tt-metal/tt_metal/hw/ckernels/blackhole/metal/common -I/home/mvasiljevic/tt-metal/tt_metal/hw/ckernels/blackhole/metal/llk_io -I/home/mvasiljevic/tt-metal/tt_metal/hw/inc/internal/tt-1xx -I/home/mvasiljevic/tt-metal/tt_metal/hw/inc/internal/tt-1xx/blackhole -I/home/mvasiljevic/tt-metal/tt_metal/hw/inc/internal/tt-1xx/blackhole/blackhole_defines -I/home/mvasiljevic/tt-metal/tt_metal/hw/inc/internal/tt-1xx/blackhole/noc -I/home/mvasiljevic/tt-metal/tt_metal/tt-llk/tt_llk_blackhole/common/inc -I/home/mvasiljevic/tt-metal/tt_metal/tt-llk/tt_llk_blackhole/llk_lib -I/home/mvasiljevic/tt-metal/tt_metal/hw/ckernels/blackhole/metal/llk_api -I/home/mvasiljevic/tt-metal/tt_metal/hw/ckernels/blackhole/metal/llk_api/llk_sfpu -I/home/mvasiljevic/tt-metal/tt_metal/hw/firmware/src/tt-1xx -I/home/mvasiljevic/tt-metal/ttnn/cpp/ttnn/operations/matmul/device/kernels/compute -c -o /home/mvasiljevic/.cache/tt-metal-cache/12569132917722018041/kernels/bmm_large_block_zm_fused_bias_activation/2744842910427421542/trisc2/trisck.1132134607563884739.o /home/mvasiljevic/tt-metal/tt_metal/hw/firmware/src/tt-1xx/trisck.cc -MF /home/mvasiljevic/.cache/tt-metal-cache/12569132917722018041/kernels/bmm_large_block_zm_fused_bias_activation/2744842910427421542/trisc2/trisck.1132134607563884739.d -DIS_NOT_POW2_NUM_L1_BANKS=1 -DLOG_BASE_2_OF_NUM_DRAM_BANKS=3 -DNUM_DRAM_BANKS=8 -DNUM_L1_BANKS=110 -DPCIE_NOC_X=19 -DPCIE_NOC_Y=24 -DTENSIX_FIRMWARE -DLOCAL_MEM_EN=0 -DPROFILE_KERNEL=1 -DPROFILER_FULL_HOST_BUFFER_SIZE_PER_RISC=48000 -DPROCESSOR_INDEX=4 -DUCK_CHLKC_PACK -DCOMPILE_FOR_TRISC=2 -DARCH_BLACKHOLE -DDISPATCH_MESSAGE_ADDR=4290184248 -DKERNEL_BUILD -DFULL_KERNEL_NAME="\"bmm_large_block_zm_fused_bias_activation/2744842910427421542/\"" -DKERNEL_COMPILE_TIME_ARGS=16,1,16,16,1,128,8,8,1,1,1,8,8,1,8,0,0,0 -DKERNEL_COMPILE_TIME_ARG_MAP="{\"last_subblock_w_valid\",8}, {\"bias_ntiles\",8}, {\"cb_in0_intermediate\",8}, {\"cb_intermed0\",5}, {\"cb_in1_intermediate\",9}, {\"cb_out\",4}, {\"cb_in0_transposed\",10}, {\"cb_bias\",3}, {\"cb_in1\",1}, {\"cb_in0\",0}, "
In file included from /home/mvasiljevic/tt-metal/tt_metal/hw/ckernels/blackhole/metal/llk_io/llk_io_pack.h:14,
                 from /home/mvasiljevic/tt-metal/tt_metal/hw/inc/api/compute/cb_api.h:12,
                 from /home/mvasiljevic/tt-metal/tt_metal/hw/inc/api/compute/common.h:11,
                 from /home/mvasiljevic/tt-metal/tt_metal/hw/inc/api/compute/matmul.h:7,
                 from /home/mvasiljevic/tt-metal/ttnn/cpp/ttnn/operations/matmul/device/kernels/compute/bmm_large_block_zm_fused_bias_activation.cpp:7,
                 from ../chlkc_pack.cpp:3,
                 from /home/mvasiljevic/tt-metal/tt_metal/hw/ckernels/blackhole/metal/common/chlkc_list.h:21,
                 from /home/mvasiljevic/tt-metal/tt_metal/hw/firmware/src/tt-1xx/trisck.cc:13:
/home/mvasiljevic/tt-metal/tt_metal/hw/ckernels/blackhole/metal/llk_io/llk_io_pack.h: In function 'void llk_wait_for_free_tiles(int32_t, int32_t)':
/home/mvasiljevic/tt-metal/tt_metal/tools/profiler/kernel_profiler.hpp:25:22: note: '#pragma message: CB-COMPUTE-RESERVE-BACK,/home/mvasiljevic/tt-metal/tt_metal/hw/ckernels/blackhole/metal/llk_io/llk_io_pack.h,21,KERNEL_PROFILER'
   25 | #define DO_PRAGMA(x) _Pragma(#x)
      |                      ^~~~~~~
/home/mvasiljevic/tt-metal/tt_metal/tools/profiler/kernel_profiler.hpp:712:5: note: in expansion of macro 'DO_PRAGMA'
  712 |     DO_PRAGMA(message(PROFILER_MSG_NAME(name)));                               \
      |     ^~~~~~~~~
/home/mvasiljevic/tt-metal/tt_metal/hw/ckernels/blackhole/metal/llk_io/llk_io_pack.h:21:5: note: in expansion of macro 'DeviceZoneScopedSumN2'
   21 |     DeviceZoneScopedSumN2("CB-COMPUTE-RESERVE-BACK");
      |     ^~~~~~~~~~~~~~~~~~~~~
/home/mvasiljevic/tt-metal/tt_metal/hw/firmware/src/tt-1xx/trisck.cc: In function 'uint32_t _start()':
/home/mvasiljevic/tt-metal/tt_metal/tools/profiler/kernel_profiler.hpp:25:22: note: '#pragma message: TRISC-KERNEL,/home/mvasiljevic/tt-metal/tt_metal/hw/firmware/src/tt-1xx/trisck.cc,86,KERNEL_PROFILER'
   25 | #define DO_PRAGMA(x) _Pragma(#x)
      |                      ^~~~~~~
/home/mvasiljevic/tt-metal/tt_metal/tools/profiler/kernel_profiler.hpp:702:5: note: in expansion of macro 'DO_PRAGMA'
  702 |     DO_PRAGMA(message(PROFILER_MSG_NAME(name)));                               \
      |     ^~~~~~~~~
/home/mvasiljevic/tt-metal/tt_metal/hw/firmware/src/tt-1xx/trisck.cc:86:5: note: in expansion of macro 'DeviceZoneScopedMainChildN'
   86 |     DeviceZoneScopedMainChildN("TRISC-KERNEL");
      |     ^~~~~~~~~~~~~~~~~~~~~~~~~~
Building trisc0, compile step:
cd /home/mvasiljevic/.cache/tt-metal-cache/12569132917722018041/kernels/bmm_large_block_zm_fused_bias_activation/2744842910427421542/trisc0/ && /home/mvasiljevic/tt-metal/runtime/sfpi/compiler/bin/riscv-tt-elf-g++ -O3 -std=c++17 -ftt-nttp -ftt-constinit -ftt-consteval -ftt-no-dyninit -flto=auto -ffast-math -fno-exceptions -fno-rtti -fno-use-cxa-atexit -g -MMD -Wall -Werror -Wno-error=deprecated-declarations -Wno-error=multistatement-macros -Wno-error=parentheses -Wno-error=unused-but-set-variable -Wno-unused-variable -Wno-unused-function -mcpu=tt-bh-tensix -I. -I.. -I/home/mvasiljevic/tt-metal/ -I/home/mvasiljevic/tt-metal/ttnn -I/home/mvasiljevic/tt-metal/ttnn/cpp -I/home/mvasiljevic/tt-metal/tt_metal -I/home/mvasiljevic/tt-metal/tt_metal/hw/inc -I/home/mvasiljevic/tt-metal/tt_metal/tt-llk/common -I/home/mvasiljevic/tt-metal/tt_metal/hostdevcommon/api -I/home/mvasiljevic/tt-metal/tt_metal/api/ -I/home/mvasiljevic/tt-metal/runtime/sfpi/include -I/home/mvasiljevic/tt-metal/tt_metal/hw/ckernels/blackhole/metal/common -I/home/mvasiljevic/tt-metal/tt_metal/hw/ckernels/blackhole/metal/llk_io -I/home/mvasiljevic/tt-metal/tt_metal/hw/inc/internal/tt-1xx -I/home/mvasiljevic/tt-metal/tt_metal/hw/inc/internal/tt-1xx/blackhole -I/home/mvasiljevic/tt-metal/tt_metal/hw/inc/internal/tt-1xx/blackhole/blackhole_defines -I/home/mvasiljevic/tt-metal/tt_metal/hw/inc/internal/tt-1xx/blackhole/noc -I/home/mvasiljevic/tt-metal/tt_metal/tt-llk/tt_llk_blackhole/common/inc -I/home/mvasiljevic/tt-metal/tt_metal/tt-llk/tt_llk_blackhole/llk_lib -I/home/mvasiljevic/tt-metal/tt_metal/hw/ckernels/blackhole/metal/llk_api -I/home/mvasiljevic/tt-metal/tt_metal/hw/ckernels/blackhole/metal/llk_api/llk_sfpu -I/home/mvasiljevic/tt-metal/tt_metal/hw/firmware/src/tt-1xx -I/home/mvasiljevic/tt-metal/ttnn/cpp/ttnn/operations/matmul/device/kernels/compute -c -o /home/mvasiljevic/.cache/tt-metal-cache/12569132917722018041/kernels/bmm_large_block_zm_fused_bias_activation/2744842910427421542/trisc0/trisck.1132134607563884739.o /home/mvasiljevic/tt-metal/tt_metal/hw/firmware/src/tt-1xx/trisck.cc -MF /home/mvasiljevic/.cache/tt-metal-cache/12569132917722018041/kernels/bmm_large_block_zm_fused_bias_activation/2744842910427421542/trisc0/trisck.1132134607563884739.d -DIS_NOT_POW2_NUM_L1_BANKS=1 -DLOG_BASE_2_OF_NUM_DRAM_BANKS=3 -DNUM_DRAM_BANKS=8 -DNUM_L1_BANKS=110 -DPCIE_NOC_X=19 -DPCIE_NOC_Y=24 -DTENSIX_FIRMWARE -DLOCAL_MEM_EN=0 -DPROFILE_KERNEL=1 -DPROFILER_FULL_HOST_BUFFER_SIZE_PER_RISC=48000 -DPROCESSOR_INDEX=2 -DUCK_CHLKC_UNPACK -DCOMPILE_FOR_TRISC=0 -DARCH_BLACKHOLE -DDISPATCH_MESSAGE_ADDR=4290184248 -DKERNEL_BUILD -DFULL_KERNEL_NAME="\"bmm_large_block_zm_fused_bias_activation/2744842910427421542/\"" -DKERNEL_COMPILE_TIME_ARGS=16,1,16,16,1,128,8,8,1,1,1,8,8,1,8,0,0,0 -DKERNEL_COMPILE_TIME_ARG_MAP="{\"last_subblock_w_valid\",8}, {\"bias_ntiles\",8}, {\"cb_in0_intermediate\",8}, {\"cb_intermed0\",5}, {\"cb_in1_intermediate\",9}, {\"cb_out\",4}, {\"cb_in0_transposed\",10}, {\"cb_bias\",3}, {\"cb_in1\",1}, {\"cb_in0\",0}, "
In file included from /home/mvasiljevic/tt-metal/tt_metal/hw/ckernels/blackhole/metal/llk_io/llk_io_unpack.h:13,
                 from /home/mvasiljevic/tt-metal/tt_metal/hw/inc/api/compute/cb_api.h:15,
                 from /home/mvasiljevic/tt-metal/tt_metal/hw/inc/api/compute/common.h:11,
                 from /home/mvasiljevic/tt-metal/tt_metal/hw/inc/api/compute/matmul.h:7,
                 from /home/mvasiljevic/tt-metal/ttnn/cpp/ttnn/operations/matmul/device/kernels/compute/bmm_large_block_zm_fused_bias_activation.cpp:7,
                 from ../chlkc_unpack.cpp:3,
                 from /home/mvasiljevic/tt-metal/tt_metal/hw/ckernels/blackhole/metal/common/chlkc_list.h:26,
                 from /home/mvasiljevic/tt-metal/tt_metal/hw/firmware/src/tt-1xx/trisck.cc:13:
/home/mvasiljevic/tt-metal/tt_metal/hw/ckernels/blackhole/metal/llk_io/llk_io_unpack.h: In function 'void llk_wait_tiles(int, int32_t)':
/home/mvasiljevic/tt-metal/tt_metal/tools/profiler/kernel_profiler.hpp:25:22: note: '#pragma message: CB-COMPUTE-WAIT-FRONT,/home/mvasiljevic/tt-metal/tt_metal/hw/ckernels/blackhole/metal/llk_io/llk_io_unpack.h,19,KERNEL_PROFILER'
   25 | #define DO_PRAGMA(x) _Pragma(#x)
      |                      ^~~~~~~
/home/mvasiljevic/tt-metal/tt_metal/tools/profiler/kernel_profiler.hpp:707:5: note: in expansion of macro 'DO_PRAGMA'
  707 |     DO_PRAGMA(message(PROFILER_MSG_NAME(name)));                               \
      |     ^~~~~~~~~
/home/mvasiljevic/tt-metal/tt_metal/hw/ckernels/blackhole/metal/llk_io/llk_io_unpack.h:19:5: note: in expansion of macro 'DeviceZoneScopedSumN1'
   19 |     DeviceZoneScopedSumN1("CB-COMPUTE-WAIT-FRONT");
      |     ^~~~~~~~~~~~~~~~~~~~~
/home/mvasiljevic/tt-metal/tt_metal/hw/firmware/src/tt-1xx/trisck.cc: In function 'uint32_t _start()':
/home/mvasiljevic/tt-metal/tt_metal/tools/profiler/kernel_profiler.hpp:25:22: note: '#pragma message: TRISC-KERNEL,/home/mvasiljevic/tt-metal/tt_metal/hw/firmware/src/tt-1xx/trisck.cc,86,KERNEL_PROFILER'
   25 | #define DO_PRAGMA(x) _Pragma(#x)
      |                      ^~~~~~~
/home/mvasiljevic/tt-metal/tt_metal/tools/profiler/kernel_profiler.hpp:702:5: note: in expansion of macro 'DO_PRAGMA'
  702 |     DO_PRAGMA(message(PROFILER_MSG_NAME(name)));                               \
      |     ^~~~~~~~~
/home/mvasiljevic/tt-metal/tt_metal/hw/firmware/src/tt-1xx/trisck.cc:86:5: note: in expansion of macro 'DeviceZoneScopedMainChildN'
   86 |     DeviceZoneScopedMainChildN("TRISC-KERNEL");
      |     ^~~~~~~~~~~~~~~~~~~~~~~~~~
Building trisc1, compile step:
cd /home/mvasiljevic/.cache/tt-metal-cache/12569132917722018041/kernels/bmm_large_block_zm_fused_bias_activation/2744842910427421542/trisc1/ && /home/mvasiljevic/tt-metal/runtime/sfpi/compiler/bin/riscv-tt-elf-g++ -O3 -std=c++17 -ftt-nttp -ftt-constinit -ftt-consteval -ftt-no-dyninit -flto=auto -ffast-math -fno-exceptions -fno-rtti -fno-use-cxa-atexit -g -MMD -Wall -Werror -Wno-error=deprecated-declarations -Wno-error=multistatement-macros -Wno-error=parentheses -Wno-error=unused-but-set-variable -Wno-unused-variable -Wno-unused-function -mcpu=tt-bh-tensix -I. -I.. -I/home/mvasiljevic/tt-metal/ -I/home/mvasiljevic/tt-metal/ttnn -I/home/mvasiljevic/tt-metal/ttnn/cpp -I/home/mvasiljevic/tt-metal/tt_metal -I/home/mvasiljevic/tt-metal/tt_metal/hw/inc -I/home/mvasiljevic/tt-metal/tt_metal/tt-llk/common -I/home/mvasiljevic/tt-metal/tt_metal/hostdevcommon/api -I/home/mvasiljevic/tt-metal/tt_metal/api/ -I/home/mvasiljevic/tt-metal/runtime/sfpi/include -I/home/mvasiljevic/tt-metal/tt_metal/hw/ckernels/blackhole/metal/common -I/home/mvasiljevic/tt-metal/tt_metal/hw/ckernels/blackhole/metal/llk_io -I/home/mvasiljevic/tt-metal/tt_metal/hw/inc/internal/tt-1xx -I/home/mvasiljevic/tt-metal/tt_metal/hw/inc/internal/tt-1xx/blackhole -I/home/mvasiljevic/tt-metal/tt_metal/hw/inc/internal/tt-1xx/blackhole/blackhole_defines -I/home/mvasiljevic/tt-metal/tt_metal/hw/inc/internal/tt-1xx/blackhole/noc -I/home/mvasiljevic/tt-metal/tt_metal/tt-llk/tt_llk_blackhole/common/inc -I/home/mvasiljevic/tt-metal/tt_metal/tt-llk/tt_llk_blackhole/llk_lib -I/home/mvasiljevic/tt-metal/tt_metal/hw/ckernels/blackhole/metal/llk_api -I/home/mvasiljevic/tt-metal/tt_metal/hw/ckernels/blackhole/metal/llk_api/llk_sfpu -I/home/mvasiljevic/tt-metal/tt_metal/hw/firmware/src/tt-1xx -I/home/mvasiljevic/tt-metal/ttnn/cpp/ttnn/operations/matmul/device/kernels/compute -c -o /home/mvasiljevic/.cache/tt-metal-cache/12569132917722018041/kernels/bmm_large_block_zm_fused_bias_activation/2744842910427421542/trisc1/trisck.1132134607563884739.o /home/mvasiljevic/tt-metal/tt_metal/hw/firmware/src/tt-1xx/trisck.cc -MF /home/mvasiljevic/.cache/tt-metal-cache/12569132917722018041/kernels/bmm_large_block_zm_fused_bias_activation/2744842910427421542/trisc1/trisck.1132134607563884739.d -DIS_NOT_POW2_NUM_L1_BANKS=1 -DLOG_BASE_2_OF_NUM_DRAM_BANKS=3 -DNUM_DRAM_BANKS=8 -DNUM_L1_BANKS=110 -DPCIE_NOC_X=19 -DPCIE_NOC_Y=24 -DTENSIX_FIRMWARE -DLOCAL_MEM_EN=0 -DPROFILE_KERNEL=1 -DPROFILER_FULL_HOST_BUFFER_SIZE_PER_RISC=48000 -DPROCESSOR_INDEX=3 -DUCK_CHLKC_MATH -DCOMPILE_FOR_TRISC=1 -DARCH_BLACKHOLE -DDISPATCH_MESSAGE_ADDR=4290184248 -DKERNEL_BUILD -DFULL_KERNEL_NAME="\"bmm_large_block_zm_fused_bias_activation/2744842910427421542/\"" -DKERNEL_COMPILE_TIME_ARGS=16,1,16,16,1,128,8,8,1,1,1,8,8,1,8,0,0,0 -DKERNEL_COMPILE_TIME_ARG_MAP="{\"last_subblock_w_valid\",8}, {\"bias_ntiles\",8}, {\"cb_in0_intermediate\",8}, {\"cb_intermed0\",5}, {\"cb_in1_intermediate\",9}, {\"cb_out\",4}, {\"cb_in0_transposed\",10}, {\"cb_bias\",3}, {\"cb_in1\",1}, {\"cb_in0\",0}, "
In file included from /home/mvasiljevic/tt-metal/tt_metal/hw/firmware/src/tt-1xx/trisck.cc:15:
/home/mvasiljevic/tt-metal/tt_metal/hw/firmware/src/tt-1xx/trisck.cc: In function 'uint32_t _start()':
/home/mvasiljevic/tt-metal/tt_metal/tools/profiler/kernel_profiler.hpp:25:22: note: '#pragma message: TRISC-KERNEL,/home/mvasiljevic/tt-metal/tt_metal/hw/firmware/src/tt-1xx/trisck.cc,86,KERNEL_PROFILER'
   25 | #define DO_PRAGMA(x) _Pragma(#x)
      |                      ^~~~~~~
/home/mvasiljevic/tt-metal/tt_metal/tools/profiler/kernel_profiler.hpp:702:5: note: in expansion of macro 'DO_PRAGMA'
  702 |     DO_PRAGMA(message(PROFILER_MSG_NAME(name)));                               \
      |     ^~~~~~~~~
/home/mvasiljevic/tt-metal/tt_metal/hw/firmware/src/tt-1xx/trisck.cc:86:5: note: in expansion of macro 'DeviceZoneScopedMainChildN'
   86 |     DeviceZoneScopedMainChildN("TRISC-KERNEL");
      |     ^~~~~~~~~~~~~~~~~~~~~~~~~~
Building trisc2, compile step:
cd /home/mvasiljevic/.cache/tt-metal-cache/12569132917722018041/kernels/bmm_large_block_zm_fused_bias_activation/8609071836476186094/trisc2/ && /home/mvasiljevic/tt-metal/runtime/sfpi/compiler/bin/riscv-tt-elf-g++ -O3 -std=c++17 -ftt-nttp -ftt-constinit -ftt-consteval -ftt-no-dyninit -flto=auto -ffast-math -fno-exceptions -fno-rtti -fno-use-cxa-atexit -g -MMD -Wall -Werror -Wno-error=deprecated-declarations -Wno-error=multistatement-macros -Wno-error=parentheses -Wno-error=unused-but-set-variable -Wno-unused-variable -Wno-unused-function -mcpu=tt-bh-tensix -I. -I.. -I/home/mvasiljevic/tt-metal/ -I/home/mvasiljevic/tt-metal/ttnn -I/home/mvasiljevic/tt-metal/ttnn/cpp -I/home/mvasiljevic/tt-metal/tt_metal -I/home/mvasiljevic/tt-metal/tt_metal/hw/inc -I/home/mvasiljevic/tt-metal/tt_metal/tt-llk/common -I/home/mvasiljevic/tt-metal/tt_metal/hostdevcommon/api -I/home/mvasiljevic/tt-metal/tt_metal/api/ -I/home/mvasiljevic/tt-metal/runtime/sfpi/include -I/home/mvasiljevic/tt-metal/tt_metal/hw/ckernels/blackhole/metal/common -I/home/mvasiljevic/tt-metal/tt_metal/hw/ckernels/blackhole/metal/llk_io -I/home/mvasiljevic/tt-metal/tt_metal/hw/inc/internal/tt-1xx -I/home/mvasiljevic/tt-metal/tt_metal/hw/inc/internal/tt-1xx/blackhole -I/home/mvasiljevic/tt-metal/tt_metal/hw/inc/internal/tt-1xx/blackhole/blackhole_defines -I/home/mvasiljevic/tt-metal/tt_metal/hw/inc/internal/tt-1xx/blackhole/noc -I/home/mvasiljevic/tt-metal/tt_metal/tt-llk/tt_llk_blackhole/common/inc -I/home/mvasiljevic/tt-metal/tt_metal/tt-llk/tt_llk_blackhole/llk_lib -I/home/mvasiljevic/tt-metal/tt_metal/hw/ckernels/blackhole/metal/llk_api -I/home/mvasiljevic/tt-metal/tt_metal/hw/ckernels/blackhole/metal/llk_api/llk_sfpu -I/home/mvasiljevic/tt-metal/tt_metal/hw/firmware/src/tt-1xx -I/home/mvasiljevic/tt-metal/ttnn/cpp/ttnn/operations/matmul/device/kernels/compute -c -o /home/mvasiljevic/.cache/tt-metal-cache/12569132917722018041/kernels/bmm_large_block_zm_fused_bias_activation/8609071836476186094/trisc2/trisck.1132134607563884739.o /home/mvasiljevic/tt-metal/tt_metal/hw/firmware/src/tt-1xx/trisck.cc -MF /home/mvasiljevic/.cache/tt-metal-cache/12569132917722018041/kernels/bmm_large_block_zm_fused_bias_activation/8609071836476186094/trisc2/trisck.1132134607563884739.d -DIS_NOT_POW2_NUM_L1_BANKS=1 -DLOG_BASE_2_OF_NUM_DRAM_BANKS=3 -DNUM_DRAM_BANKS=8 -DNUM_L1_BANKS=110 -DPCIE_NOC_X=19 -DPCIE_NOC_Y=24 -DTENSIX_FIRMWARE -DLOCAL_MEM_EN=0 -DPROFILE_KERNEL=1 -DPROFILER_FULL_HOST_BUFFER_SIZE_PER_RISC=48000 -DPROCESSOR_INDEX=4 -DUCK_CHLKC_PACK -DCOMPILE_FOR_TRISC=2 -DARCH_BLACKHOLE -DDISPATCH_MESSAGE_ADDR=4290184248 -DKERNEL_BUILD -DFULL_KERNEL_NAME="\"bmm_large_block_zm_fused_bias_activation/8609071836476186094/\"" -DKERNEL_COMPILE_TIME_ARGS=8,1,8,8,3,192,24,8,1,1,1,8,8,1,24,0,0,0 -DKERNEL_COMPILE_TIME_ARG_MAP="{\"last_subblock_w_valid\",8}, {\"bias_ntiles\",24}, {\"cb_in0_intermediate\",8}, {\"cb_intermed0\",5}, {\"cb_in1_intermediate\",9}, {\"cb_out\",4}, {\"cb_in0_transposed\",10}, {\"cb_bias\",3}, {\"cb_in1\",1}, {\"cb_in0\",0}, "
In file included from /home/mvasiljevic/tt-metal/tt_metal/hw/ckernels/blackhole/metal/llk_io/llk_io_pack.h:14,
                 from /home/mvasiljevic/tt-metal/tt_metal/hw/inc/api/compute/cb_api.h:12,
                 from /home/mvasiljevic/tt-metal/tt_metal/hw/inc/api/compute/common.h:11,
                 from /home/mvasiljevic/tt-metal/tt_metal/hw/inc/api/compute/matmul.h:7,
                 from /home/mvasiljevic/tt-metal/ttnn/cpp/ttnn/operations/matmul/device/kernels/compute/bmm_large_block_zm_fused_bias_activation.cpp:7,
                 from ../chlkc_pack.cpp:3,
                 from /home/mvasiljevic/tt-metal/tt_metal/hw/ckernels/blackhole/metal/common/chlkc_list.h:21,
                 from /home/mvasiljevic/tt-metal/tt_metal/hw/firmware/src/tt-1xx/trisck.cc:13:
/home/mvasiljevic/tt-metal/tt_metal/hw/ckernels/blackhole/metal/llk_io/llk_io_pack.h: In function 'void llk_wait_for_free_tiles(int32_t, int32_t)':
/home/mvasiljevic/tt-metal/tt_metal/tools/profiler/kernel_profiler.hpp:25:22: note: '#pragma message: CB-COMPUTE-RESERVE-BACK,/home/mvasiljevic/tt-metal/tt_metal/hw/ckernels/blackhole/metal/llk_io/llk_io_pack.h,21,KERNEL_PROFILER'
   25 | #define DO_PRAGMA(x) _Pragma(#x)
      |                      ^~~~~~~
/home/mvasiljevic/tt-metal/tt_metal/tools/profiler/kernel_profiler.hpp:712:5: note: in expansion of macro 'DO_PRAGMA'
  712 |     DO_PRAGMA(message(PROFILER_MSG_NAME(name)));                               \
      |     ^~~~~~~~~
/home/mvasiljevic/tt-metal/tt_metal/hw/ckernels/blackhole/metal/llk_io/llk_io_pack.h:21:5: note: in expansion of macro 'DeviceZoneScopedSumN2'
   21 |     DeviceZoneScopedSumN2("CB-COMPUTE-RESERVE-BACK");
      |     ^~~~~~~~~~~~~~~~~~~~~
/home/mvasiljevic/tt-metal/tt_metal/hw/firmware/src/tt-1xx/trisck.cc: In function 'uint32_t _start()':
/home/mvasiljevic/tt-metal/tt_metal/tools/profiler/kernel_profiler.hpp:25:22: note: '#pragma message: TRISC-KERNEL,/home/mvasiljevic/tt-metal/tt_metal/hw/firmware/src/tt-1xx/trisck.cc,86,KERNEL_PROFILER'
   25 | #define DO_PRAGMA(x) _Pragma(#x)
      |                      ^~~~~~~
/home/mvasiljevic/tt-metal/tt_metal/tools/profiler/kernel_profiler.hpp:702:5: note: in expansion of macro 'DO_PRAGMA'
  702 |     DO_PRAGMA(message(PROFILER_MSG_NAME(name)));                               \
      |     ^~~~~~~~~
/home/mvasiljevic/tt-metal/tt_metal/hw/firmware/src/tt-1xx/trisck.cc:86:5: note: in expansion of macro 'DeviceZoneScopedMainChildN'
   86 |     DeviceZoneScopedMainChildN("TRISC-KERNEL");
      |     ^~~~~~~~~~~~~~~~~~~~~~~~~~
Building trisc0, compile step:
cd /home/mvasiljevic/.cache/tt-metal-cache/12569132917722018041/kernels/bmm_large_block_zm_fused_bias_activation/8609071836476186094/trisc0/ && /home/mvasiljevic/tt-metal/runtime/sfpi/compiler/bin/riscv-tt-elf-g++ -O3 -std=c++17 -ftt-nttp -ftt-constinit -ftt-consteval -ftt-no-dyninit -flto=auto -ffast-math -fno-exceptions -fno-rtti -fno-use-cxa-atexit -g -MMD -Wall -Werror -Wno-error=deprecated-declarations -Wno-error=multistatement-macros -Wno-error=parentheses -Wno-error=unused-but-set-variable -Wno-unused-variable -Wno-unused-function -mcpu=tt-bh-tensix -I. -I.. -I/home/mvasiljevic/tt-metal/ -I/home/mvasiljevic/tt-metal/ttnn -I/home/mvasiljevic/tt-metal/ttnn/cpp -I/home/mvasiljevic/tt-metal/tt_metal -I/home/mvasiljevic/tt-metal/tt_metal/hw/inc -I/home/mvasiljevic/tt-metal/tt_metal/tt-llk/common -I/home/mvasiljevic/tt-metal/tt_metal/hostdevcommon/api -I/home/mvasiljevic/tt-metal/tt_metal/api/ -I/home/mvasiljevic/tt-metal/runtime/sfpi/include -I/home/mvasiljevic/tt-metal/tt_metal/hw/ckernels/blackhole/metal/common -I/home/mvasiljevic/tt-metal/tt_metal/hw/ckernels/blackhole/metal/llk_io -I/home/mvasiljevic/tt-metal/tt_metal/hw/inc/internal/tt-1xx -I/home/mvasiljevic/tt-metal/tt_metal/hw/inc/internal/tt-1xx/blackhole -I/home/mvasiljevic/tt-metal/tt_metal/hw/inc/internal/tt-1xx/blackhole/blackhole_defines -I/home/mvasiljevic/tt-metal/tt_metal/hw/inc/internal/tt-1xx/blackhole/noc -I/home/mvasiljevic/tt-metal/tt_metal/tt-llk/tt_llk_blackhole/common/inc -I/home/mvasiljevic/tt-metal/tt_metal/tt-llk/tt_llk_blackhole/llk_lib -I/home/mvasiljevic/tt-metal/tt_metal/hw/ckernels/blackhole/metal/llk_api -I/home/mvasiljevic/tt-metal/tt_metal/hw/ckernels/blackhole/metal/llk_api/llk_sfpu -I/home/mvasiljevic/tt-metal/tt_metal/hw/firmware/src/tt-1xx -I/home/mvasiljevic/tt-metal/ttnn/cpp/ttnn/operations/matmul/device/kernels/compute -c -o /home/mvasiljevic/.cache/tt-metal-cache/12569132917722018041/kernels/bmm_large_block_zm_fused_bias_activation/8609071836476186094/trisc0/trisck.1132134607563884739.o /home/mvasiljevic/tt-metal/tt_metal/hw/firmware/src/tt-1xx/trisck.cc -MF /home/mvasiljevic/.cache/tt-metal-cache/12569132917722018041/kernels/bmm_large_block_zm_fused_bias_activation/8609071836476186094/trisc0/trisck.1132134607563884739.d -DIS_NOT_POW2_NUM_L1_BANKS=1 -DLOG_BASE_2_OF_NUM_DRAM_BANKS=3 -DNUM_DRAM_BANKS=8 -DNUM_L1_BANKS=110 -DPCIE_NOC_X=19 -DPCIE_NOC_Y=24 -DTENSIX_FIRMWARE -DLOCAL_MEM_EN=0 -DPROFILE_KERNEL=1 -DPROFILER_FULL_HOST_BUFFER_SIZE_PER_RISC=48000 -DPROCESSOR_INDEX=2 -DUCK_CHLKC_UNPACK -DCOMPILE_FOR_TRISC=0 -DARCH_BLACKHOLE -DDISPATCH_MESSAGE_ADDR=4290184248 -DKERNEL_BUILD -DFULL_KERNEL_NAME="\"bmm_large_block_zm_fused_bias_activation/8609071836476186094/\"" -DKERNEL_COMPILE_TIME_ARGS=8,1,8,8,3,192,24,8,1,1,1,8,8,1,24,0,0,0 -DKERNEL_COMPILE_TIME_ARG_MAP="{\"last_subblock_w_valid\",8}, {\"bias_ntiles\",24}, {\"cb_in0_intermediate\",8}, {\"cb_intermed0\",5}, {\"cb_in1_intermediate\",9}, {\"cb_out\",4}, {\"cb_in0_transposed\",10}, {\"cb_bias\",3}, {\"cb_in1\",1}, {\"cb_in0\",0}, "
In file included from /home/mvasiljevic/tt-metal/tt_metal/hw/ckernels/blackhole/metal/llk_io/llk_io_unpack.h:13,
                 from /home/mvasiljevic/tt-metal/tt_metal/hw/inc/api/compute/cb_api.h:15,
                 from /home/mvasiljevic/tt-metal/tt_metal/hw/inc/api/compute/common.h:11,
                 from /home/mvasiljevic/tt-metal/tt_metal/hw/inc/api/compute/matmul.h:7,
                 from /home/mvasiljevic/tt-metal/ttnn/cpp/ttnn/operations/matmul/device/kernels/compute/bmm_large_block_zm_fused_bias_activation.cpp:7,
                 from ../chlkc_unpack.cpp:3,
                 from /home/mvasiljevic/tt-metal/tt_metal/hw/ckernels/blackhole/metal/common/chlkc_list.h:26,
                 from /home/mvasiljevic/tt-metal/tt_metal/hw/firmware/src/tt-1xx/trisck.cc:13:
/home/mvasiljevic/tt-metal/tt_metal/hw/ckernels/blackhole/metal/llk_io/llk_io_unpack.h: In function 'void llk_wait_tiles(int, int32_t)':
/home/mvasiljevic/tt-metal/tt_metal/tools/profiler/kernel_profiler.hpp:25:22: note: '#pragma message: CB-COMPUTE-WAIT-FRONT,/home/mvasiljevic/tt-metal/tt_metal/hw/ckernels/blackhole/metal/llk_io/llk_io_unpack.h,19,KERNEL_PROFILER'
   25 | #define DO_PRAGMA(x) _Pragma(#x)
      |                      ^~~~~~~
/home/mvasiljevic/tt-metal/tt_metal/tools/profiler/kernel_profiler.hpp:707:5: note: in expansion of macro 'DO_PRAGMA'
  707 |     DO_PRAGMA(message(PROFILER_MSG_NAME(name)));                               \
      |     ^~~~~~~~~
/home/mvasiljevic/tt-metal/tt_metal/hw/ckernels/blackhole/metal/llk_io/llk_io_unpack.h:19:5: note: in expansion of macro 'DeviceZoneScopedSumN1'
   19 |     DeviceZoneScopedSumN1("CB-COMPUTE-WAIT-FRONT");
      |     ^~~~~~~~~~~~~~~~~~~~~
/home/mvasiljevic/tt-metal/tt_metal/hw/firmware/src/tt-1xx/trisck.cc: In function 'uint32_t _start()':
/home/mvasiljevic/tt-metal/tt_metal/tools/profiler/kernel_profiler.hpp:25:22: note: '#pragma message: TRISC-KERNEL,/home/mvasiljevic/tt-metal/tt_metal/hw/firmware/src/tt-1xx/trisck.cc,86,KERNEL_PROFILER'
   25 | #define DO_PRAGMA(x) _Pragma(#x)
      |                      ^~~~~~~
/home/mvasiljevic/tt-metal/tt_metal/tools/profiler/kernel_profiler.hpp:702:5: note: in expansion of macro 'DO_PRAGMA'
  702 |     DO_PRAGMA(message(PROFILER_MSG_NAME(name)));                               \
      |     ^~~~~~~~~
/home/mvasiljevic/tt-metal/tt_metal/hw/firmware/src/tt-1xx/trisck.cc:86:5: note: in expansion of macro 'DeviceZoneScopedMainChildN'
   86 |     DeviceZoneScopedMainChildN("TRISC-KERNEL");
      |     ^~~~~~~~~~~~~~~~~~~~~~~~~~
Building trisc1, compile step:
cd /home/mvasiljevic/.cache/tt-metal-cache/12569132917722018041/kernels/bmm_large_block_zm_fused_bias_activation/8609071836476186094/trisc1/ && /home/mvasiljevic/tt-metal/runtime/sfpi/compiler/bin/riscv-tt-elf-g++ -O3 -std=c++17 -ftt-nttp -ftt-constinit -ftt-consteval -ftt-no-dyninit -flto=auto -ffast-math -fno-exceptions -fno-rtti -fno-use-cxa-atexit -g -MMD -Wall -Werror -Wno-error=deprecated-declarations -Wno-error=multistatement-macros -Wno-error=parentheses -Wno-error=unused-but-set-variable -Wno-unused-variable -Wno-unused-function -mcpu=tt-bh-tensix -I. -I.. -I/home/mvasiljevic/tt-metal/ -I/home/mvasiljevic/tt-metal/ttnn -I/home/mvasiljevic/tt-metal/ttnn/cpp -I/home/mvasiljevic/tt-metal/tt_metal -I/home/mvasiljevic/tt-metal/tt_metal/hw/inc -I/home/mvasiljevic/tt-metal/tt_metal/tt-llk/common -I/home/mvasiljevic/tt-metal/tt_metal/hostdevcommon/api -I/home/mvasiljevic/tt-metal/tt_metal/api/ -I/home/mvasiljevic/tt-metal/runtime/sfpi/include -I/home/mvasiljevic/tt-metal/tt_metal/hw/ckernels/blackhole/metal/common -I/home/mvasiljevic/tt-metal/tt_metal/hw/ckernels/blackhole/metal/llk_io -I/home/mvasiljevic/tt-metal/tt_metal/hw/inc/internal/tt-1xx -I/home/mvasiljevic/tt-metal/tt_metal/hw/inc/internal/tt-1xx/blackhole -I/home/mvasiljevic/tt-metal/tt_metal/hw/inc/internal/tt-1xx/blackhole/blackhole_defines -I/home/mvasiljevic/tt-metal/tt_metal/hw/inc/internal/tt-1xx/blackhole/noc -I/home/mvasiljevic/tt-metal/tt_metal/tt-llk/tt_llk_blackhole/common/inc -I/home/mvasiljevic/tt-metal/tt_metal/tt-llk/tt_llk_blackhole/llk_lib -I/home/mvasiljevic/tt-metal/tt_metal/hw/ckernels/blackhole/metal/llk_api -I/home/mvasiljevic/tt-metal/tt_metal/hw/ckernels/blackhole/metal/llk_api/llk_sfpu -I/home/mvasiljevic/tt-metal/tt_metal/hw/firmware/src/tt-1xx -I/home/mvasiljevic/tt-metal/ttnn/cpp/ttnn/operations/matmul/device/kernels/compute -c -o /home/mvasiljevic/.cache/tt-metal-cache/12569132917722018041/kernels/bmm_large_block_zm_fused_bias_activation/8609071836476186094/trisc1/trisck.1132134607563884739.o /home/mvasiljevic/tt-metal/tt_metal/hw/firmware/src/tt-1xx/trisck.cc -MF /home/mvasiljevic/.cache/tt-metal-cache/12569132917722018041/kernels/bmm_large_block_zm_fused_bias_activation/8609071836476186094/trisc1/trisck.1132134607563884739.d -DIS_NOT_POW2_NUM_L1_BANKS=1 -DLOG_BASE_2_OF_NUM_DRAM_BANKS=3 -DNUM_DRAM_BANKS=8 -DNUM_L1_BANKS=110 -DPCIE_NOC_X=19 -DPCIE_NOC_Y=24 -DTENSIX_FIRMWARE -DLOCAL_MEM_EN=0 -DPROFILE_KERNEL=1 -DPROFILER_FULL_HOST_BUFFER_SIZE_PER_RISC=48000 -DPROCESSOR_INDEX=3 -DUCK_CHLKC_MATH -DCOMPILE_FOR_TRISC=1 -DARCH_BLACKHOLE -DDISPATCH_MESSAGE_ADDR=4290184248 -DKERNEL_BUILD -DFULL_KERNEL_NAME="\"bmm_large_block_zm_fused_bias_activation/8609071836476186094/\"" -DKERNEL_COMPILE_TIME_ARGS=8,1,8,8,3,192,24,8,1,1,1,8,8,1,24,0,0,0 -DKERNEL_COMPILE_TIME_ARG_MAP="{\"last_subblock_w_valid\",8}, {\"bias_ntiles\",24}, {\"cb_in0_intermediate\",8}, {\"cb_intermed0\",5}, {\"cb_in1_intermediate\",9}, {\"cb_out\",4}, {\"cb_in0_transposed\",10}, {\"cb_bias\",3}, {\"cb_in1\",1}, {\"cb_in0\",0}, "
In file included from /home/mvasiljevic/tt-metal/tt_metal/hw/firmware/src/tt-1xx/trisck.cc:15:
/home/mvasiljevic/tt-metal/tt_metal/hw/firmware/src/tt-1xx/trisck.cc: In function 'uint32_t _start()':
/home/mvasiljevic/tt-metal/tt_metal/tools/profiler/kernel_profiler.hpp:25:22: note: '#pragma message: TRISC-KERNEL,/home/mvasiljevic/tt-metal/tt_metal/hw/firmware/src/tt-1xx/trisck.cc,86,KERNEL_PROFILER'
   25 | #define DO_PRAGMA(x) _Pragma(#x)
      |                      ^~~~~~~
/home/mvasiljevic/tt-metal/tt_metal/tools/profiler/kernel_profiler.hpp:702:5: note: in expansion of macro 'DO_PRAGMA'
  702 |     DO_PRAGMA(message(PROFILER_MSG_NAME(name)));                               \
      |     ^~~~~~~~~
/home/mvasiljevic/tt-metal/tt_metal/hw/firmware/src/tt-1xx/trisck.cc:86:5: note: in expansion of macro 'DeviceZoneScopedMainChildN'
   86 |     DeviceZoneScopedMainChildN("TRISC-KERNEL");
      |     ^~~~~~~~~~~~~~~~~~~~~~~~~~
Building trisc2, compile step:
cd /home/mvasiljevic/.cache/tt-metal-cache/12569132917722018041/kernels/bmm_large_block_zm_fused_bias_activation/297846092201859050/trisc2/ && /home/mvasiljevic/tt-metal/runtime/sfpi/compiler/bin/riscv-tt-elf-g++ -O3 -std=c++17 -ftt-nttp -ftt-constinit -ftt-consteval -ftt-no-dyninit -flto=auto -ffast-math -fno-exceptions -fno-rtti -fno-use-cxa-atexit -g -MMD -Wall -Werror -Wno-error=deprecated-declarations -Wno-error=multistatement-macros -Wno-error=parentheses -Wno-error=unused-but-set-variable -Wno-unused-variable -Wno-unused-function -mcpu=tt-bh-tensix -I. -I.. -I/home/mvasiljevic/tt-metal/ -I/home/mvasiljevic/tt-metal/ttnn -I/home/mvasiljevic/tt-metal/ttnn/cpp -I/home/mvasiljevic/tt-metal/tt_metal -I/home/mvasiljevic/tt-metal/tt_metal/hw/inc -I/home/mvasiljevic/tt-metal/tt_metal/tt-llk/common -I/home/mvasiljevic/tt-metal/tt_metal/hostdevcommon/api -I/home/mvasiljevic/tt-metal/tt_metal/api/ -I/home/mvasiljevic/tt-metal/runtime/sfpi/include -I/home/mvasiljevic/tt-metal/tt_metal/hw/ckernels/blackhole/metal/common -I/home/mvasiljevic/tt-metal/tt_metal/hw/ckernels/blackhole/metal/llk_io -I/home/mvasiljevic/tt-metal/tt_metal/hw/inc/internal/tt-1xx -I/home/mvasiljevic/tt-metal/tt_metal/hw/inc/internal/tt-1xx/blackhole -I/home/mvasiljevic/tt-metal/tt_metal/hw/inc/internal/tt-1xx/blackhole/blackhole_defines -I/home/mvasiljevic/tt-metal/tt_metal/hw/inc/internal/tt-1xx/blackhole/noc -I/home/mvasiljevic/tt-metal/tt_metal/tt-llk/tt_llk_blackhole/common/inc -I/home/mvasiljevic/tt-metal/tt_metal/tt-llk/tt_llk_blackhole/llk_lib -I/home/mvasiljevic/tt-metal/tt_metal/hw/ckernels/blackhole/metal/llk_api -I/home/mvasiljevic/tt-metal/tt_metal/hw/ckernels/blackhole/metal/llk_api/llk_sfpu -I/home/mvasiljevic/tt-metal/tt_metal/hw/firmware/src/tt-1xx -I/home/mvasiljevic/tt-metal/ttnn/cpp/ttnn/operations/matmul/device/kernels/compute -c -o /home/mvasiljevic/.cache/tt-metal-cache/12569132917722018041/kernels/bmm_large_block_zm_fused_bias_activation/297846092201859050/trisc2/trisck.1132134607563884739.o /home/mvasiljevic/tt-metal/tt_metal/hw/firmware/src/tt-1xx/trisck.cc -MF /home/mvasiljevic/.cache/tt-metal-cache/12569132917722018041/kernels/bmm_large_block_zm_fused_bias_activation/297846092201859050/trisc2/trisck.1132134607563884739.d -DIS_NOT_POW2_NUM_L1_BANKS=1 -DLOG_BASE_2_OF_NUM_DRAM_BANKS=3 -DNUM_DRAM_BANKS=8 -DNUM_L1_BANKS=110 -DPCIE_NOC_X=19 -DPCIE_NOC_Y=24 -DTENSIX_FIRMWARE -DLOCAL_MEM_EN=0 -DPROFILE_KERNEL=1 -DPROFILER_FULL_HOST_BUFFER_SIZE_PER_RISC=48000 -DPROCESSOR_INDEX=4 -DUCK_CHLKC_PACK -DCOMPILE_FOR_TRISC=2 -DARCH_BLACKHOLE -DDISPATCH_MESSAGE_ADDR=4290184248 -DKERNEL_BUILD -DFULL_KERNEL_NAME="\"bmm_large_block_zm_fused_bias_activation/297846092201859050/\"" -DKERNEL_COMPILE_TIME_ARGS=12,1,12,12,1,96,8,8,1,1,1,8,8,1,8,0,0,0 -DKERNEL_COMPILE_TIME_ARG_MAP="{\"last_subblock_w_valid\",8}, {\"bias_ntiles\",8}, {\"cb_in0_intermediate\",8}, {\"cb_intermed0\",5}, {\"cb_in1_intermediate\",9}, {\"cb_out\",4}, {\"cb_in0_transposed\",10}, {\"cb_bias\",3}, {\"cb_in1\",1}, {\"cb_in0\",0}, "
In file included from /home/mvasiljevic/tt-metal/tt_metal/hw/ckernels/blackhole/metal/llk_io/llk_io_pack.h:14,
                 from /home/mvasiljevic/tt-metal/tt_metal/hw/inc/api/compute/cb_api.h:12,
                 from /home/mvasiljevic/tt-metal/tt_metal/hw/inc/api/compute/common.h:11,
                 from /home/mvasiljevic/tt-metal/tt_metal/hw/inc/api/compute/matmul.h:7,
                 from /home/mvasiljevic/tt-metal/ttnn/cpp/ttnn/operations/matmul/device/kernels/compute/bmm_large_block_zm_fused_bias_activation.cpp:7,
                 from ../chlkc_pack.cpp:3,
                 from /home/mvasiljevic/tt-metal/tt_metal/hw/ckernels/blackhole/metal/common/chlkc_list.h:21,
                 from /home/mvasiljevic/tt-metal/tt_metal/hw/firmware/src/tt-1xx/trisck.cc:13:
/home/mvasiljevic/tt-metal/tt_metal/hw/ckernels/blackhole/metal/llk_io/llk_io_pack.h: In function 'void llk_wait_for_free_tiles(int32_t, int32_t)':
/home/mvasiljevic/tt-metal/tt_metal/tools/profiler/kernel_profiler.hpp:25:22: note: '#pragma message: CB-COMPUTE-RESERVE-BACK,/home/mvasiljevic/tt-metal/tt_metal/hw/ckernels/blackhole/metal/llk_io/llk_io_pack.h,21,KERNEL_PROFILER'
   25 | #define DO_PRAGMA(x) _Pragma(#x)
      |                      ^~~~~~~
/home/mvasiljevic/tt-metal/tt_metal/tools/profiler/kernel_profiler.hpp:712:5: note: in expansion of macro 'DO_PRAGMA'
  712 |     DO_PRAGMA(message(PROFILER_MSG_NAME(name)));                               \
      |     ^~~~~~~~~
/home/mvasiljevic/tt-metal/tt_metal/hw/ckernels/blackhole/metal/llk_io/llk_io_pack.h:21:5: note: in expansion of macro 'DeviceZoneScopedSumN2'
   21 |     DeviceZoneScopedSumN2("CB-COMPUTE-RESERVE-BACK");
      |     ^~~~~~~~~~~~~~~~~~~~~
/home/mvasiljevic/tt-metal/tt_metal/hw/firmware/src/tt-1xx/trisck.cc: In function 'uint32_t _start()':
/home/mvasiljevic/tt-metal/tt_metal/tools/profiler/kernel_profiler.hpp:25:22: note: '#pragma message: TRISC-KERNEL,/home/mvasiljevic/tt-metal/tt_metal/hw/firmware/src/tt-1xx/trisck.cc,86,KERNEL_PROFILER'
   25 | #define DO_PRAGMA(x) _Pragma(#x)
      |                      ^~~~~~~
/home/mvasiljevic/tt-metal/tt_metal/tools/profiler/kernel_profiler.hpp:702:5: note: in expansion of macro 'DO_PRAGMA'
  702 |     DO_PRAGMA(message(PROFILER_MSG_NAME(name)));                               \
      |     ^~~~~~~~~
/home/mvasiljevic/tt-metal/tt_metal/hw/firmware/src/tt-1xx/trisck.cc:86:5: note: in expansion of macro 'DeviceZoneScopedMainChildN'
   86 |     DeviceZoneScopedMainChildN("TRISC-KERNEL");
      |     ^~~~~~~~~~~~~~~~~~~~~~~~~~
Building trisc0, compile step:
cd /home/mvasiljevic/.cache/tt-metal-cache/12569132917722018041/kernels/bmm_large_block_zm_fused_bias_activation/297846092201859050/trisc0/ && /home/mvasiljevic/tt-metal/runtime/sfpi/compiler/bin/riscv-tt-elf-g++ -O3 -std=c++17 -ftt-nttp -ftt-constinit -ftt-consteval -ftt-no-dyninit -flto=auto -ffast-math -fno-exceptions -fno-rtti -fno-use-cxa-atexit -g -MMD -Wall -Werror -Wno-error=deprecated-declarations -Wno-error=multistatement-macros -Wno-error=parentheses -Wno-error=unused-but-set-variable -Wno-unused-variable -Wno-unused-function -mcpu=tt-bh-tensix -I. -I.. -I/home/mvasiljevic/tt-metal/ -I/home/mvasiljevic/tt-metal/ttnn -I/home/mvasiljevic/tt-metal/ttnn/cpp -I/home/mvasiljevic/tt-metal/tt_metal -I/home/mvasiljevic/tt-metal/tt_metal/hw/inc -I/home/mvasiljevic/tt-metal/tt_metal/tt-llk/common -I/home/mvasiljevic/tt-metal/tt_metal/hostdevcommon/api -I/home/mvasiljevic/tt-metal/tt_metal/api/ -I/home/mvasiljevic/tt-metal/runtime/sfpi/include -I/home/mvasiljevic/tt-metal/tt_metal/hw/ckernels/blackhole/metal/common -I/home/mvasiljevic/tt-metal/tt_metal/hw/ckernels/blackhole/metal/llk_io -I/home/mvasiljevic/tt-metal/tt_metal/hw/inc/internal/tt-1xx -I/home/mvasiljevic/tt-metal/tt_metal/hw/inc/internal/tt-1xx/blackhole -I/home/mvasiljevic/tt-metal/tt_metal/hw/inc/internal/tt-1xx/blackhole/blackhole_defines -I/home/mvasiljevic/tt-metal/tt_metal/hw/inc/internal/tt-1xx/blackhole/noc -I/home/mvasiljevic/tt-metal/tt_metal/tt-llk/tt_llk_blackhole/common/inc -I/home/mvasiljevic/tt-metal/tt_metal/tt-llk/tt_llk_blackhole/llk_lib -I/home/mvasiljevic/tt-metal/tt_metal/hw/ckernels/blackhole/metal/llk_api -I/home/mvasiljevic/tt-metal/tt_metal/hw/ckernels/blackhole/metal/llk_api/llk_sfpu -I/home/mvasiljevic/tt-metal/tt_metal/hw/firmware/src/tt-1xx -I/home/mvasiljevic/tt-metal/ttnn/cpp/ttnn/operations/matmul/device/kernels/compute -c -o /home/mvasiljevic/.cache/tt-metal-cache/12569132917722018041/kernels/bmm_large_block_zm_fused_bias_activation/297846092201859050/trisc0/trisck.1132134607563884739.o /home/mvasiljevic/tt-metal/tt_metal/hw/firmware/src/tt-1xx/trisck.cc -MF /home/mvasiljevic/.cache/tt-metal-cache/12569132917722018041/kernels/bmm_large_block_zm_fused_bias_activation/297846092201859050/trisc0/trisck.1132134607563884739.d -DIS_NOT_POW2_NUM_L1_BANKS=1 -DLOG_BASE_2_OF_NUM_DRAM_BANKS=3 -DNUM_DRAM_BANKS=8 -DNUM_L1_BANKS=110 -DPCIE_NOC_X=19 -DPCIE_NOC_Y=24 -DTENSIX_FIRMWARE -DLOCAL_MEM_EN=0 -DPROFILE_KERNEL=1 -DPROFILER_FULL_HOST_BUFFER_SIZE_PER_RISC=48000 -DPROCESSOR_INDEX=2 -DUCK_CHLKC_UNPACK -DCOMPILE_FOR_TRISC=0 -DARCH_BLACKHOLE -DDISPATCH_MESSAGE_ADDR=4290184248 -DKERNEL_BUILD -DFULL_KERNEL_NAME="\"bmm_large_block_zm_fused_bias_activation/297846092201859050/\"" -DKERNEL_COMPILE_TIME_ARGS=12,1,12,12,1,96,8,8,1,1,1,8,8,1,8,0,0,0 -DKERNEL_COMPILE_TIME_ARG_MAP="{\"last_subblock_w_valid\",8}, {\"bias_ntiles\",8}, {\"cb_in0_intermediate\",8}, {\"cb_intermed0\",5}, {\"cb_in1_intermediate\",9}, {\"cb_out\",4}, {\"cb_in0_transposed\",10}, {\"cb_bias\",3}, {\"cb_in1\",1}, {\"cb_in0\",0}, "
In file included from /home/mvasiljevic/tt-metal/tt_metal/hw/ckernels/blackhole/metal/llk_io/llk_io_unpack.h:13,
                 from /home/mvasiljevic/tt-metal/tt_metal/hw/inc/api/compute/cb_api.h:15,
                 from /home/mvasiljevic/tt-metal/tt_metal/hw/inc/api/compute/common.h:11,
                 from /home/mvasiljevic/tt-metal/tt_metal/hw/inc/api/compute/matmul.h:7,
                 from /home/mvasiljevic/tt-metal/ttnn/cpp/ttnn/operations/matmul/device/kernels/compute/bmm_large_block_zm_fused_bias_activation.cpp:7,
                 from ../chlkc_unpack.cpp:3,
                 from /home/mvasiljevic/tt-metal/tt_metal/hw/ckernels/blackhole/metal/common/chlkc_list.h:26,
                 from /home/mvasiljevic/tt-metal/tt_metal/hw/firmware/src/tt-1xx/trisck.cc:13:
/home/mvasiljevic/tt-metal/tt_metal/hw/ckernels/blackhole/metal/llk_io/llk_io_unpack.h: In function 'void llk_wait_tiles(int, int32_t)':
/home/mvasiljevic/tt-metal/tt_metal/tools/profiler/kernel_profiler.hpp:25:22: note: '#pragma message: CB-COMPUTE-WAIT-FRONT,/home/mvasiljevic/tt-metal/tt_metal/hw/ckernels/blackhole/metal/llk_io/llk_io_unpack.h,19,KERNEL_PROFILER'
   25 | #define DO_PRAGMA(x) _Pragma(#x)
      |                      ^~~~~~~
/home/mvasiljevic/tt-metal/tt_metal/tools/profiler/kernel_profiler.hpp:707:5: note: in expansion of macro 'DO_PRAGMA'
  707 |     DO_PRAGMA(message(PROFILER_MSG_NAME(name)));                               \
      |     ^~~~~~~~~
/home/mvasiljevic/tt-metal/tt_metal/hw/ckernels/blackhole/metal/llk_io/llk_io_unpack.h:19:5: note: in expansion of macro 'DeviceZoneScopedSumN1'
   19 |     DeviceZoneScopedSumN1("CB-COMPUTE-WAIT-FRONT");
      |     ^~~~~~~~~~~~~~~~~~~~~
/home/mvasiljevic/tt-metal/tt_metal/hw/firmware/src/tt-1xx/trisck.cc: In function 'uint32_t _start()':
/home/mvasiljevic/tt-metal/tt_metal/tools/profiler/kernel_profiler.hpp:25:22: note: '#pragma message: TRISC-KERNEL,/home/mvasiljevic/tt-metal/tt_metal/hw/firmware/src/tt-1xx/trisck.cc,86,KERNEL_PROFILER'
   25 | #define DO_PRAGMA(x) _Pragma(#x)
      |                      ^~~~~~~
/home/mvasiljevic/tt-metal/tt_metal/tools/profiler/kernel_profiler.hpp:702:5: note: in expansion of macro 'DO_PRAGMA'
  702 |     DO_PRAGMA(message(PROFILER_MSG_NAME(name)));                               \
      |     ^~~~~~~~~
/home/mvasiljevic/tt-metal/tt_metal/hw/firmware/src/tt-1xx/trisck.cc:86:5: note: in expansion of macro 'DeviceZoneScopedMainChildN'
   86 |     DeviceZoneScopedMainChildN("TRISC-KERNEL");
      |     ^~~~~~~~~~~~~~~~~~~~~~~~~~
Building trisc1, compile step:
cd /home/mvasiljevic/.cache/tt-metal-cache/12569132917722018041/kernels/bmm_large_block_zm_fused_bias_activation/297846092201859050/trisc1/ && /home/mvasiljevic/tt-metal/runtime/sfpi/compiler/bin/riscv-tt-elf-g++ -O3 -std=c++17 -ftt-nttp -ftt-constinit -ftt-consteval -ftt-no-dyninit -flto=auto -ffast-math -fno-exceptions -fno-rtti -fno-use-cxa-atexit -g -MMD -Wall -Werror -Wno-error=deprecated-declarations -Wno-error=multistatement-macros -Wno-error=parentheses -Wno-error=unused-but-set-variable -Wno-unused-variable -Wno-unused-function -mcpu=tt-bh-tensix -I. -I.. -I/home/mvasiljevic/tt-metal/ -I/home/mvasiljevic/tt-metal/ttnn -I/home/mvasiljevic/tt-metal/ttnn/cpp -I/home/mvasiljevic/tt-metal/tt_metal -I/home/mvasiljevic/tt-metal/tt_metal/hw/inc -I/home/mvasiljevic/tt-metal/tt_metal/tt-llk/common -I/home/mvasiljevic/tt-metal/tt_metal/hostdevcommon/api -I/home/mvasiljevic/tt-metal/tt_metal/api/ -I/home/mvasiljevic/tt-metal/runtime/sfpi/include -I/home/mvasiljevic/tt-metal/tt_metal/hw/ckernels/blackhole/metal/common -I/home/mvasiljevic/tt-metal/tt_metal/hw/ckernels/blackhole/metal/llk_io -I/home/mvasiljevic/tt-metal/tt_metal/hw/inc/internal/tt-1xx -I/home/mvasiljevic/tt-metal/tt_metal/hw/inc/internal/tt-1xx/blackhole -I/home/mvasiljevic/tt-metal/tt_metal/hw/inc/internal/tt-1xx/blackhole/blackhole_defines -I/home/mvasiljevic/tt-metal/tt_metal/hw/inc/internal/tt-1xx/blackhole/noc -I/home/mvasiljevic/tt-metal/tt_metal/tt-llk/tt_llk_blackhole/common/inc -I/home/mvasiljevic/tt-metal/tt_metal/tt-llk/tt_llk_blackhole/llk_lib -I/home/mvasiljevic/tt-metal/tt_metal/hw/ckernels/blackhole/metal/llk_api -I/home/mvasiljevic/tt-metal/tt_metal/hw/ckernels/blackhole/metal/llk_api/llk_sfpu -I/home/mvasiljevic/tt-metal/tt_metal/hw/firmware/src/tt-1xx -I/home/mvasiljevic/tt-metal/ttnn/cpp/ttnn/operations/matmul/device/kernels/compute -c -o /home/mvasiljevic/.cache/tt-metal-cache/12569132917722018041/kernels/bmm_large_block_zm_fused_bias_activation/297846092201859050/trisc1/trisck.1132134607563884739.o /home/mvasiljevic/tt-metal/tt_metal/hw/firmware/src/tt-1xx/trisck.cc -MF /home/mvasiljevic/.cache/tt-metal-cache/12569132917722018041/kernels/bmm_large_block_zm_fused_bias_activation/297846092201859050/trisc1/trisck.1132134607563884739.d -DIS_NOT_POW2_NUM_L1_BANKS=1 -DLOG_BASE_2_OF_NUM_DRAM_BANKS=3 -DNUM_DRAM_BANKS=8 -DNUM_L1_BANKS=110 -DPCIE_NOC_X=19 -DPCIE_NOC_Y=24 -DTENSIX_FIRMWARE -DLOCAL_MEM_EN=0 -DPROFILE_KERNEL=1 -DPROFILER_FULL_HOST_BUFFER_SIZE_PER_RISC=48000 -DPROCESSOR_INDEX=3 -DUCK_CHLKC_MATH -DCOMPILE_FOR_TRISC=1 -DARCH_BLACKHOLE -DDISPATCH_MESSAGE_ADDR=4290184248 -DKERNEL_BUILD -DFULL_KERNEL_NAME="\"bmm_large_block_zm_fused_bias_activation/297846092201859050/\"" -DKERNEL_COMPILE_TIME_ARGS=12,1,12,12,1,96,8,8,1,1,1,8,8,1,8,0,0,0 -DKERNEL_COMPILE_TIME_ARG_MAP="{\"last_subblock_w_valid\",8}, {\"bias_ntiles\",8}, {\"cb_in0_intermediate\",8}, {\"cb_intermed0\",5}, {\"cb_in1_intermediate\",9}, {\"cb_out\",4}, {\"cb_in0_transposed\",10}, {\"cb_bias\",3}, {\"cb_in1\",1}, {\"cb_in0\",0}, "
In file included from /home/mvasiljevic/tt-metal/tt_metal/hw/firmware/src/tt-1xx/trisck.cc:15:
/home/mvasiljevic/tt-metal/tt_metal/hw/firmware/src/tt-1xx/trisck.cc: In function 'uint32_t _start()':
/home/mvasiljevic/tt-metal/tt_metal/tools/profiler/kernel_profiler.hpp:25:22: note: '#pragma message: TRISC-KERNEL,/home/mvasiljevic/tt-metal/tt_metal/hw/firmware/src/tt-1xx/trisck.cc,86,KERNEL_PROFILER'
   25 | #define DO_PRAGMA(x) _Pragma(#x)
      |                      ^~~~~~~
/home/mvasiljevic/tt-metal/tt_metal/tools/profiler/kernel_profiler.hpp:702:5: note: in expansion of macro 'DO_PRAGMA'
  702 |     DO_PRAGMA(message(PROFILER_MSG_NAME(name)));                               \
      |     ^~~~~~~~~
/home/mvasiljevic/tt-metal/tt_metal/hw/firmware/src/tt-1xx/trisck.cc:86:5: note: in expansion of macro 'DeviceZoneScopedMainChildN'
   86 |     DeviceZoneScopedMainChildN("TRISC-KERNEL");
      |     ^~~~~~~~~~~~~~~~~~~~~~~~~~
2026-07-31 07:57:02.799 | INFO     | tracy:signpost:49 - PERF_DECODE
2026-07-31 07:57:02.799 | INFO     | tracy:signpost:49 - PERF_DECODE_END
2026-07-31 07:57:03.118 | info     |           Metal | Device kernel duration perf summary (device=3): count=168, min=287ns, avg=13688.3ns, max=163955ns (profiler_analysis.cpp:675)
2026-07-31 07:57:03.118 | info     |           Metal | Device kernel duration perf histogram (device=3): (buckets=10, bucket_size=16400ns, range=[0..164000), underflow(<0ns)=0, overflow(>=164000ns)=0) (profiler_analysis.cpp:718)
2026-07-31 07:57:03.118 | info     |           Metal |   [           0 ..        16400) |########################################|      130 (profiler_analysis.cpp:723)
2026-07-31 07:57:03.118 | info     |           Metal |   [       16400 ..        32800) |#######                                 |       24 (profiler_analysis.cpp:723)
2026-07-31 07:57:03.118 | info     |           Metal |   [       32800 ..        49200) |                                        |        0 (profiler_analysis.cpp:723)
2026-07-31 07:57:03.118 | info     |           Metal |   [       49200 ..        65600) |#                                       |        4 (profiler_analysis.cpp:723)
2026-07-31 07:57:03.118 | info     |           Metal |   [       65600 ..        82000) |#                                       |        2 (profiler_analysis.cpp:723)
2026-07-31 07:57:03.118 | info     |           Metal |   [       82000 ..        98400) |#                                       |        2 (profiler_analysis.cpp:723)
2026-07-31 07:57:03.118 | info     |           Metal |   [       98400 ..       114800) |                                        |        1 (profiler_analysis.cpp:723)
2026-07-31 07:57:03.118 | info     |           Metal |   [      114800 ..       131200) |#                                       |        2 (profiler_analysis.cpp:723)
2026-07-31 07:57:03.118 | info     |           Metal |   [      131200 ..       147600) |                                        |        1 (profiler_analysis.cpp:723)
2026-07-31 07:57:03.118 | info     |           Metal |   [      147600 ..       164000) |#                                       |        2 (profiler_analysis.cpp:723)
{
  "mean_ms": 0.19191599858459085,
  "min_ms": 0.19043299835175276,
  "samples_ms": [
    0.19339899881742895,
    0.19043299835175276
  ],
  "mode": "decode",
  "batch": 1,
  "sequence": 128,
  "layer": 0,
  "model_revision": "d11e61a842617a22dc328552fa5bb86231ee4f37"
}
nanobind: leaked 1 instances!
 - leaked instance 0x749062999f38 of type "ttnn._ttnn.tensor.CoreRangeSet"
nanobind: leaked 13 types!
 - leaked type "ttnn._ttnn.operations.matmul.MatmulMultiCoreReuseMultiCast1DProgramConfig"
 - leaked type "ttnn._ttnn.operations.matmul.MatmulInputs"
 - leaked type "ttnn._ttnn.operations.matmul.MatmulMultiCoreReuseMultiCastBatchedDRAMShardedProgramConfig"
 - leaked type "UnaryOpType"
 - leaked type "ttnn._ttnn.operations.matmul.MatmulMultiCoreReuseOptimizedProgramFactory"
 - leaked type "ttnn._ttnn.operations.matmul.MatmulParams"
 - leaked type "ttnn._ttnn.tensor.CoreRangeSet"
 - leaked type "ttnn._ttnn.operations.matmul.MatmulMultiCoreReuseProgramConfig"
 - leaked type "ttnn._ttnn.operations.matmul.MatmulDeviceOperation"
 - leaked type "ttnn._ttnn.tensor.Tensor"
 - ... skipped remainder
nanobind: leaked 199 functions!
 - leaked function "subtract"
 - leaked function ""
 - leaked function "unpad_from_tile"
 - leaked function "__repr__"
 - leaked function "item"
 - leaked function ""
 - leaked function ""
 - leaked function ""
 - leaked function ""
 - leaked function ""
 - ... skipped remainder
nanobind: this is likely caused by a reference counting issue in the binding code.
See https://nanobind.readthedocs.io/en/latest/refleaks.html2026-07-31 07:57:04.014 | info     |    BuildKernels | JIT cache stats: 157/169 hits (92.9%) [157 cached, 20 build-once dedup, 0 merged artifacts, 0 merged genfiles] (build_cache_telemetry.cpp:207)
2026-07-31 07:57:04.014 | info     |    BuildKernels | JIT telemetry: 3 registered TelemetryTokens (build_cache_telemetry.cpp:230)
2026-07-31 07:57:04.026 | info     |          Device | Closing user mode device drivers (tt_cluster.cpp:512)
2026-07-31 07:57:04.026 | info     |             UMD | Closing devices in cluster (cluster.cpp:1037)
2026-07-31 07:57:04.470 | info     |             UMD | Closing devices in cluster completed. (cluster.cpp:1046)
2026-07-31 07:57:04.470 | info     |             UMD | Cluster destructor started. (cluster.cpp:754)
2026-07-31 07:57:04.470 | info     |             UMD | Cluster destructor completed. (cluster.cpp:757)
2026-07-31 07:57:04.779 | INFO     | __main__:main:452 - Copying /home/mvasiljevic/tt-metal/generated/profiler/.logs/tracy_profile_log_host.tracy to /home/mvasiljevic/tt-metal/build/profiler/build_wasm/traces/optimized_decoder_perf_decode_batch1_final3_2026_07_31_07_57_04.tracy
2026-07-31 07:57:04.780 | INFO     | __main__:main:455 - Copied /home/mvasiljevic/tt-metal/generated/profiler/.logs/tracy_profile_log_host.tracy to /home/mvasiljevic/tt-metal/build/profiler/build_wasm/traces/optimized_decoder_perf_decode_batch1_final3_2026_07_31_07_57_04.tracy
2026-07-31 07:57:04.780 | INFO     | __main__:main:464 - embed.tracy -> traces/optimized_decoder_perf_decode_batch1_final3_2026_07_31_07_57_04.tracy
2026-07-31 07:57:04.780 | INFO     | tracy.serve_wasm:launch_server_subprocess:284 - Launching tracy web app GUI server subprocess...
2026-07-31 07:57:04.780 | INFO     | tracy.serve_wasm:launch_server_subprocess:287 - Tracy WASM web UI (open in browser): http://localhost:8080/ (WebSocket for live reload: ws://localhost:8081/)
2026-07-31 07:57:04.780 | INFO     | tracy.serve_wasm:launch_server_subprocess:294 - Tracy WASM server already serving port 8080; reusing it (live-reload refreshes the browser).
2026-07-31 07:57:06.736 | INFO     | tracy:generate_report:162 - Host side ops time report generated at models/autoports/coherelabs_north_mini_code_1_0/doc/optimized_decoder/tracy/dense/decode/.logs/tracy_ops_times.csv
2026-07-31 07:57:06.817 | INFO     | tracy:generate_report:173 - Host side ops data report generated at models/autoports/coherelabs_north_mini_code_1_0/doc/optimized_decoder/tracy/dense/decode/.logs/tracy_ops_data.csv
2026-07-31 07:57:06.817 | INFO     | tracy.process_ops_logs:import_tracy_op_logs:345 - Importing ops logs
/home/mvasiljevic/tt-metal/tools/tracy/process_ops_logs.py:450: DtypeWarning: Columns (3,4,8) have mixed types. Specify dtype option on import or set low_memory=False.
  df = pd.read_csv(tracyOpTimesLog)
2026-07-31 07:57:11.522 | INFO     | tracy.perf_counter_analysis:get_device_op_data:2140 - Getting device ops
2026-07-31 07:57:11.522 | INFO     | tracy.process_ops_logs:append_device_data:1009 - Appending device data
2026-07-31 07:57:11.694 | INFO     | tracy.process_ops_logs:generate_reports:1342 - OPs' perf analysis is finished! Generating reports ...
2026-07-31 07:57:11.694 | INFO     | tracy.process_ops_logs:generate_reports:1360 - Copying runtime artifacts
2026-07-31 07:57:11.706 | INFO     | tracy.process_ops_logs:generate_reports:1369 - Generating OPs CSV
2026-07-31 07:57:11.757 | INFO     | tracy.process_ops_logs:generate_reports:1765 - OPs csv generated at: /home/mvasiljevic/tt-metal/models/autoports/coherelabs_north_mini_code_1_0/doc/optimized_decoder/tracy/dense/decode/reports/decode_batch1_final3/2026_07_31_07_57_11/ops_perf_results_decode_batch1_final3_2026_07_31_07_57_11.csv
