2026-09-04 18:09:44.524 | DEBUG    | ttnn:<module>:45 - Initial ttnn.CONFIG:
Config{cache_path=/home/mstojkovic/.cache/ttnn,model_cache_path=/home/mstojkovic/.cache/ttnn/models,tmp_dir=/tmp/ttnn,enable_model_cache=false,enable_fast_runtime_mode=true,validate_program_args=false,throw_exception_on_fallback=false,enable_logging=false,enable_graph_report=false,enable_graph_python_stack_traces=false,enable_detailed_buffer_report=false,enable_detailed_tensor_report=false,enable_comparison_mode=false,comparison_mode_should_raise_exception=false,comparison_mode_pcc=0.9999,root_report_path=generated/ttnn/reports,report_name=std::nullopt,std::nullopt}
2026-09-04 18:09:44.587 | INFO     | __main__:main:1053 - [producer] service_id='llama_prefill' users=1 chunks=[4,4] max_requests=1 duration=infs p_gap=0.0 p_burst=0.0 mid_end=0.0 interleave=random verify=True seed=1234
2026-09-04 18:09:44.596 | info     |             UMD | Cluster constructor started. (cluster.cpp:406)
2026-09-04 18:09:44.613 | info     |             UMD | Creating TopologyDiscovery for architecture: blackhole (topology_discovery.cpp:96)
2026-09-04 18:09:44.613 | info     |             UMD | Starting topology discovery. (topology_discovery.cpp:115)
2026-09-04 18:09:44.696 | info     |             UMD | Established firmware bundle version: 19.12.0 (topology_discovery.cpp:576)
2026-09-04 18:09:44.700 | info     |             UMD | Completed topology discovery. (topology_discovery.cpp:119)
2026-09-04 18:09:45.032 | warning  |             UMD | Sysmem (0x40000000 bytes) using regular pages; pre-allocate hugepages for better DMA performance (e.g. 1 × 1GB or 512 × 2MB; on AArch64 also 2 × 512MB). (silicon_sysmem_manager.cpp:105)
2026-09-04 18:09:45.350 | warning  |             UMD | Sysmem (0x40000000 bytes) using regular pages; pre-allocate hugepages for better DMA performance (e.g. 1 × 1GB or 512 × 2MB; on AArch64 also 2 × 512MB). (silicon_sysmem_manager.cpp:105)
2026-09-04 18:09:45.661 | warning  |             UMD | Sysmem (0x40000000 bytes) using regular pages; pre-allocate hugepages for better DMA performance (e.g. 1 × 1GB or 512 × 2MB; on AArch64 also 2 × 512MB). (silicon_sysmem_manager.cpp:105)
2026-09-04 18:09:45.966 | warning  |             UMD | Sysmem (0x40000000 bytes) using regular pages; pre-allocate hugepages for better DMA performance (e.g. 1 × 1GB or 512 × 2MB; on AArch64 also 2 × 512MB). (silicon_sysmem_manager.cpp:105)
2026-09-04 18:09:46.271 | warning  |             UMD | Sysmem (0x40000000 bytes) using regular pages; pre-allocate hugepages for better DMA performance (e.g. 1 × 1GB or 512 × 2MB; on AArch64 also 2 × 512MB). (silicon_sysmem_manager.cpp:105)
2026-09-04 18:09:46.575 | warning  |             UMD | Sysmem (0x40000000 bytes) using regular pages; pre-allocate hugepages for better DMA performance (e.g. 1 × 1GB or 512 × 2MB; on AArch64 also 2 × 512MB). (silicon_sysmem_manager.cpp:105)
2026-09-04 18:09:46.882 | warning  |             UMD | Sysmem (0x40000000 bytes) using regular pages; pre-allocate hugepages for better DMA performance (e.g. 1 × 1GB or 512 × 2MB; on AArch64 also 2 × 512MB). (silicon_sysmem_manager.cpp:105)
2026-09-04 18:09:47.190 | warning  |             UMD | Sysmem (0x40000000 bytes) using regular pages; pre-allocate hugepages for better DMA performance (e.g. 1 × 1GB or 512 × 2MB; on AArch64 also 2 × 512MB). (silicon_sysmem_manager.cpp:105)
2026-09-04 18:09:47.499 | warning  |             UMD | Sysmem (0x40000000 bytes) using regular pages; pre-allocate hugepages for better DMA performance (e.g. 1 × 1GB or 512 × 2MB; on AArch64 also 2 × 512MB). (silicon_sysmem_manager.cpp:105)
2026-09-04 18:09:47.807 | warning  |             UMD | Sysmem (0x40000000 bytes) using regular pages; pre-allocate hugepages for better DMA performance (e.g. 1 × 1GB or 512 × 2MB; on AArch64 also 2 × 512MB). (silicon_sysmem_manager.cpp:105)
2026-09-04 18:09:48.114 | warning  |             UMD | Sysmem (0x40000000 bytes) using regular pages; pre-allocate hugepages for better DMA performance (e.g. 1 × 1GB or 512 × 2MB; on AArch64 also 2 × 512MB). (silicon_sysmem_manager.cpp:105)
2026-09-04 18:09:48.419 | warning  |             UMD | Sysmem (0x40000000 bytes) using regular pages; pre-allocate hugepages for better DMA performance (e.g. 1 × 1GB or 512 × 2MB; on AArch64 also 2 × 512MB). (silicon_sysmem_manager.cpp:105)
2026-09-04 18:09:48.724 | warning  |             UMD | Sysmem (0x40000000 bytes) using regular pages; pre-allocate hugepages for better DMA performance (e.g. 1 × 1GB or 512 × 2MB; on AArch64 also 2 × 512MB). (silicon_sysmem_manager.cpp:105)
2026-09-04 18:09:49.029 | warning  |             UMD | Sysmem (0x40000000 bytes) using regular pages; pre-allocate hugepages for better DMA performance (e.g. 1 × 1GB or 512 × 2MB; on AArch64 also 2 × 512MB). (silicon_sysmem_manager.cpp:105)
2026-09-04 18:09:49.333 | warning  |             UMD | Sysmem (0x40000000 bytes) using regular pages; pre-allocate hugepages for better DMA performance (e.g. 1 × 1GB or 512 × 2MB; on AArch64 also 2 × 512MB). (silicon_sysmem_manager.cpp:105)
2026-09-04 18:09:49.636 | warning  |             UMD | Sysmem (0x40000000 bytes) using regular pages; pre-allocate hugepages for better DMA performance (e.g. 1 × 1GB or 512 × 2MB; on AArch64 also 2 × 512MB). (silicon_sysmem_manager.cpp:105)
2026-09-04 18:09:49.941 | warning  |             UMD | Sysmem (0x40000000 bytes) using regular pages; pre-allocate hugepages for better DMA performance (e.g. 1 × 1GB or 512 × 2MB; on AArch64 also 2 × 512MB). (silicon_sysmem_manager.cpp:105)
2026-09-04 18:09:50.245 | warning  |             UMD | Sysmem (0x40000000 bytes) using regular pages; pre-allocate hugepages for better DMA performance (e.g. 1 × 1GB or 512 × 2MB; on AArch64 also 2 × 512MB). (silicon_sysmem_manager.cpp:105)
2026-09-04 18:09:50.549 | warning  |             UMD | Sysmem (0x40000000 bytes) using regular pages; pre-allocate hugepages for better DMA performance (e.g. 1 × 1GB or 512 × 2MB; on AArch64 also 2 × 512MB). (silicon_sysmem_manager.cpp:105)
2026-09-04 18:09:50.854 | warning  |             UMD | Sysmem (0x40000000 bytes) using regular pages; pre-allocate hugepages for better DMA performance (e.g. 1 × 1GB or 512 × 2MB; on AArch64 also 2 × 512MB). (silicon_sysmem_manager.cpp:105)
2026-09-04 18:09:51.157 | warning  |             UMD | Sysmem (0x40000000 bytes) using regular pages; pre-allocate hugepages for better DMA performance (e.g. 1 × 1GB or 512 × 2MB; on AArch64 also 2 × 512MB). (silicon_sysmem_manager.cpp:105)
2026-09-04 18:09:51.460 | warning  |             UMD | Sysmem (0x40000000 bytes) using regular pages; pre-allocate hugepages for better DMA performance (e.g. 1 × 1GB or 512 × 2MB; on AArch64 also 2 × 512MB). (silicon_sysmem_manager.cpp:105)
2026-09-04 18:09:51.762 | warning  |             UMD | Sysmem (0x40000000 bytes) using regular pages; pre-allocate hugepages for better DMA performance (e.g. 1 × 1GB or 512 × 2MB; on AArch64 also 2 × 512MB). (silicon_sysmem_manager.cpp:105)
2026-09-04 18:09:52.064 | warning  |             UMD | Sysmem (0x40000000 bytes) using regular pages; pre-allocate hugepages for better DMA performance (e.g. 1 × 1GB or 512 × 2MB; on AArch64 also 2 × 512MB). (silicon_sysmem_manager.cpp:105)
2026-09-04 18:09:52.367 | warning  |             UMD | Sysmem (0x40000000 bytes) using regular pages; pre-allocate hugepages for better DMA performance (e.g. 1 × 1GB or 512 × 2MB; on AArch64 also 2 × 512MB). (silicon_sysmem_manager.cpp:105)
2026-09-04 18:09:52.668 | warning  |             UMD | Sysmem (0x40000000 bytes) using regular pages; pre-allocate hugepages for better DMA performance (e.g. 1 × 1GB or 512 × 2MB; on AArch64 also 2 × 512MB). (silicon_sysmem_manager.cpp:105)
2026-09-04 18:09:52.969 | warning  |             UMD | Sysmem (0x40000000 bytes) using regular pages; pre-allocate hugepages for better DMA performance (e.g. 1 × 1GB or 512 × 2MB; on AArch64 also 2 × 512MB). (silicon_sysmem_manager.cpp:105)
2026-09-04 18:09:53.271 | warning  |             UMD | Sysmem (0x40000000 bytes) using regular pages; pre-allocate hugepages for better DMA performance (e.g. 1 × 1GB or 512 × 2MB; on AArch64 also 2 × 512MB). (silicon_sysmem_manager.cpp:105)
2026-09-04 18:09:53.573 | warning  |             UMD | Sysmem (0x40000000 bytes) using regular pages; pre-allocate hugepages for better DMA performance (e.g. 1 × 1GB or 512 × 2MB; on AArch64 also 2 × 512MB). (silicon_sysmem_manager.cpp:105)
2026-09-04 18:09:53.875 | warning  |             UMD | Sysmem (0x40000000 bytes) using regular pages; pre-allocate hugepages for better DMA performance (e.g. 1 × 1GB or 512 × 2MB; on AArch64 also 2 × 512MB). (silicon_sysmem_manager.cpp:105)
2026-09-04 18:09:54.178 | warning  |             UMD | Sysmem (0x40000000 bytes) using regular pages; pre-allocate hugepages for better DMA performance (e.g. 1 × 1GB or 512 × 2MB; on AArch64 also 2 × 512MB). (silicon_sysmem_manager.cpp:105)
2026-09-04 18:09:54.480 | warning  |             UMD | Sysmem (0x40000000 bytes) using regular pages; pre-allocate hugepages for better DMA performance (e.g. 1 × 1GB or 512 × 2MB; on AArch64 also 2 × 512MB). (silicon_sysmem_manager.cpp:105)
2026-09-04 18:09:54.481 | info     |             UMD | Opening local chip ids/PCIe ids: {0, 1, 2, 3, 4, 5, 6, 7, 8, 9, 10, 11, 12, 13, 14, 15, 16, 17, 18, 19, 20, 21, 22, 23, 24, 25, 26, 27, 28, 29, 30, 31}/[0, 1, 2, 3, 4, 5, 6, 7, 8, 9, 10, 11, 12, 13, 14, 15, 24, 25, 26, 27, 28, 29, 30, 31, 16, 17, 18, 19, 20, 21, 22, 23] and remote chip ids {} (cluster.cpp:173)
2026-09-04 18:09:54.481 | info     |             UMD | IOMMU: enabled (cluster.cpp:147)
2026-09-04 18:09:54.481 | info     |             UMD | KMD version: 2.10.0 (cluster.cpp:150)
2026-09-04 18:09:54.481 | info     |             UMD | Cluster constructor completed. (cluster.cpp:665)
2026-09-04 18:09:54.744 | INFO     | __main__:main:1061 - [producer] attached; payload=1024B
2026-09-04 18:09:54.752 | INFO     | __main__:_read_kv_chunk_table:143 - [producer] read KV chunk table /tmp/llama_kv_chunk_table.pb: entries=45056 num_layers=32 num_slots=1 max_seq_len=2816 chunk_n_tokens=32
2026-09-04 18:09:54.752 | INFO     | __main__:_connect_layer_ack_channel:203 - [producer] connected LayerAck channel /tt_prefill_layer_acks_llama_prefill
2026-09-04 18:09:54.754 | INFO     | __main__:push_chunk:1088 - [producer] push slot=0 cidx=0 start=0 end=256
2026-09-04 18:09:54.754 | INFO     | __main__:push_chunk:1088 - [producer] push slot=0 cidx=1 start=256 end=512
2026-09-04 18:09:54.754 | INFO     | __main__:push_chunk:1088 - [producer] push slot=0 cidx=2 start=512 end=768
2026-09-04 18:09:54.755 | INFO     | __main__:push_chunk:1088 - [producer] push slot=0 cidx=3 start=768 end=1024
2026-09-04 18:09:55.202 | INFO     | __main__:main:1108 - [producer] DONE wall=0.0s pushes=4 requests=1 tokens=1024 throughput=416925 tok/s push_ms p50=0.1 p90=0.2 p99=0.2
2026-09-04 18:09:55.203 | INFO     | __main__:_drain_layer_acks:216 - [producer] layer acks 64/128
2026-09-04 18:09:55.213 | INFO     | __main__:_drain_layer_acks:216 - [producer] layer acks 65/128
2026-09-04 18:09:55.223 | INFO     | __main__:_drain_layer_acks:216 - [producer] layer acks 67/128
2026-09-04 18:09:55.233 | INFO     | __main__:_drain_layer_acks:216 - [producer] layer acks 68/128
2026-09-04 18:09:55.243 | INFO     | __main__:_drain_layer_acks:216 - [producer] layer acks 70/128
2026-09-04 18:09:55.253 | INFO     | __main__:_drain_layer_acks:216 - [producer] layer acks 71/128
2026-09-04 18:09:55.264 | INFO     | __main__:_drain_layer_acks:216 - [producer] layer acks 73/128
2026-09-04 18:09:55.274 | INFO     | __main__:_drain_layer_acks:216 - [producer] layer acks 75/128
2026-09-04 18:09:55.284 | INFO     | __main__:_drain_layer_acks:216 - [producer] layer acks 76/128
2026-09-04 18:09:55.294 | INFO     | __main__:_drain_layer_acks:216 - [producer] layer acks 78/128
2026-09-04 18:09:55.304 | INFO     | __main__:_drain_layer_acks:216 - [producer] layer acks 80/128
2026-09-04 18:09:55.315 | INFO     | __main__:_drain_layer_acks:216 - [producer] layer acks 81/128
2026-09-04 18:09:55.325 | INFO     | __main__:_drain_layer_acks:216 - [producer] layer acks 83/128
2026-09-04 18:09:55.335 | INFO     | __main__:_drain_layer_acks:216 - [producer] layer acks 84/128
2026-09-04 18:09:55.345 | INFO     | __main__:_drain_layer_acks:216 - [producer] layer acks 86/128
2026-09-04 18:09:55.356 | INFO     | __main__:_drain_layer_acks:216 - [producer] layer acks 88/128
2026-09-04 18:09:55.366 | INFO     | __main__:_drain_layer_acks:216 - [producer] layer acks 89/128
2026-09-04 18:09:55.376 | INFO     | __main__:_drain_layer_acks:216 - [producer] layer acks 91/128
2026-09-04 18:09:55.387 | INFO     | __main__:_drain_layer_acks:216 - [producer] layer acks 93/128
2026-09-04 18:09:55.397 | INFO     | __main__:_drain_layer_acks:216 - [producer] layer acks 94/128
2026-09-04 18:09:55.407 | INFO     | __main__:_drain_layer_acks:216 - [producer] layer acks 96/128
2026-09-04 18:09:55.418 | INFO     | __main__:_drain_layer_acks:216 - [producer] layer acks 97/128
2026-09-04 18:09:55.428 | INFO     | __main__:_drain_layer_acks:216 - [producer] layer acks 99/128
2026-09-04 18:09:55.438 | INFO     | __main__:_drain_layer_acks:216 - [producer] layer acks 100/128
2026-09-04 18:09:55.448 | INFO     | __main__:_drain_layer_acks:216 - [producer] layer acks 102/128
2026-09-04 18:09:55.459 | INFO     | __main__:_drain_layer_acks:216 - [producer] layer acks 104/128
2026-09-04 18:09:55.469 | INFO     | __main__:_drain_layer_acks:216 - [producer] layer acks 105/128
2026-09-04 18:09:55.479 | INFO     | __main__:_drain_layer_acks:216 - [producer] layer acks 107/128
2026-09-04 18:09:55.490 | INFO     | __main__:_drain_layer_acks:216 - [producer] layer acks 109/128
2026-09-04 18:09:55.500 | INFO     | __main__:_drain_layer_acks:216 - [producer] layer acks 110/128
2026-09-04 18:09:55.510 | INFO     | __main__:_drain_layer_acks:216 - [producer] layer acks 112/128
2026-09-04 18:09:55.521 | INFO     | __main__:_drain_layer_acks:216 - [producer] layer acks 114/128
2026-09-04 18:09:55.531 | INFO     | __main__:_drain_layer_acks:216 - [producer] layer acks 115/128
2026-09-04 18:09:55.541 | INFO     | __main__:_drain_layer_acks:216 - [producer] layer acks 117/128
2026-09-04 18:09:55.552 | INFO     | __main__:_drain_layer_acks:216 - [producer] layer acks 118/128
2026-09-04 18:09:55.562 | INFO     | __main__:_drain_layer_acks:216 - [producer] layer acks 120/128
2026-09-04 18:09:55.572 | INFO     | __main__:_drain_layer_acks:216 - [producer] layer acks 122/128
2026-09-04 18:09:55.583 | INFO     | __main__:_drain_layer_acks:216 - [producer] layer acks 123/128
2026-09-04 18:09:55.593 | INFO     | __main__:_drain_layer_acks:216 - [producer] layer acks 125/128
2026-09-04 18:09:55.603 | INFO     | __main__:_drain_layer_acks:216 - [producer] layer acks 127/128
2026-09-04 18:09:55.613 | INFO     | __main__:_drain_layer_acks:216 - [producer] layer acks 128/128
2026-09-04 18:09:55.614 | INFO     | __main__:_drain_layer_acks:224 - [producer] drained 128/128 layer acks in 0.41s
2026-09-04 18:09:55.614 | INFO     | __main__:_read_device_map:189 - [producer] read device map /tmp/llama_kv_device_map.json: 32 chips
2026-09-04 18:09:55.691 | info     |             UMD | Cluster constructor started. (cluster.cpp:406)
2026-09-04 18:09:55.708 | info     |             UMD | Creating TopologyDiscovery for architecture: blackhole (topology_discovery.cpp:96)
2026-09-04 18:09:55.708 | info     |             UMD | Starting topology discovery. (topology_discovery.cpp:115)
2026-09-04 18:09:55.782 | info     |             UMD | Established firmware bundle version: 19.12.0 (topology_discovery.cpp:576)
2026-09-04 18:09:55.787 | info     |             UMD | Completed topology discovery. (topology_discovery.cpp:119)
2026-09-04 18:09:56.088 | warning  |             UMD | Sysmem (0x40000000 bytes) using regular pages; pre-allocate hugepages for better DMA performance (e.g. 1 × 1GB or 512 × 2MB; on AArch64 also 2 × 512MB). (silicon_sysmem_manager.cpp:105)
2026-09-04 18:09:56.391 | warning  |             UMD | Sysmem (0x40000000 bytes) using regular pages; pre-allocate hugepages for better DMA performance (e.g. 1 × 1GB or 512 × 2MB; on AArch64 also 2 × 512MB). (silicon_sysmem_manager.cpp:105)
2026-09-04 18:09:56.693 | warning  |             UMD | Sysmem (0x40000000 bytes) using regular pages; pre-allocate hugepages for better DMA performance (e.g. 1 × 1GB or 512 × 2MB; on AArch64 also 2 × 512MB). (silicon_sysmem_manager.cpp:105)
2026-09-04 18:09:56.994 | warning  |             UMD | Sysmem (0x40000000 bytes) using regular pages; pre-allocate hugepages for better DMA performance (e.g. 1 × 1GB or 512 × 2MB; on AArch64 also 2 × 512MB). (silicon_sysmem_manager.cpp:105)
2026-09-04 18:09:57.295 | warning  |             UMD | Sysmem (0x40000000 bytes) using regular pages; pre-allocate hugepages for better DMA performance (e.g. 1 × 1GB or 512 × 2MB; on AArch64 also 2 × 512MB). (silicon_sysmem_manager.cpp:105)
2026-09-04 18:09:57.596 | warning  |             UMD | Sysmem (0x40000000 bytes) using regular pages; pre-allocate hugepages for better DMA performance (e.g. 1 × 1GB or 512 × 2MB; on AArch64 also 2 × 512MB). (silicon_sysmem_manager.cpp:105)
2026-09-04 18:09:57.897 | warning  |             UMD | Sysmem (0x40000000 bytes) using regular pages; pre-allocate hugepages for better DMA performance (e.g. 1 × 1GB or 512 × 2MB; on AArch64 also 2 × 512MB). (silicon_sysmem_manager.cpp:105)
2026-09-04 18:09:58.198 | warning  |             UMD | Sysmem (0x40000000 bytes) using regular pages; pre-allocate hugepages for better DMA performance (e.g. 1 × 1GB or 512 × 2MB; on AArch64 also 2 × 512MB). (silicon_sysmem_manager.cpp:105)
2026-09-04 18:09:58.500 | warning  |             UMD | Sysmem (0x40000000 bytes) using regular pages; pre-allocate hugepages for better DMA performance (e.g. 1 × 1GB or 512 × 2MB; on AArch64 also 2 × 512MB). (silicon_sysmem_manager.cpp:105)
2026-09-04 18:09:58.801 | warning  |             UMD | Sysmem (0x40000000 bytes) using regular pages; pre-allocate hugepages for better DMA performance (e.g. 1 × 1GB or 512 × 2MB; on AArch64 also 2 × 512MB). (silicon_sysmem_manager.cpp:105)
2026-09-04 18:09:59.102 | warning  |             UMD | Sysmem (0x40000000 bytes) using regular pages; pre-allocate hugepages for better DMA performance (e.g. 1 × 1GB or 512 × 2MB; on AArch64 also 2 × 512MB). (silicon_sysmem_manager.cpp:105)
2026-09-04 18:09:59.403 | warning  |             UMD | Sysmem (0x40000000 bytes) using regular pages; pre-allocate hugepages for better DMA performance (e.g. 1 × 1GB or 512 × 2MB; on AArch64 also 2 × 512MB). (silicon_sysmem_manager.cpp:105)
2026-09-04 18:09:59.705 | warning  |             UMD | Sysmem (0x40000000 bytes) using regular pages; pre-allocate hugepages for better DMA performance (e.g. 1 × 1GB or 512 × 2MB; on AArch64 also 2 × 512MB). (silicon_sysmem_manager.cpp:105)
2026-09-04 18:10:00.005 | warning  |             UMD | Sysmem (0x40000000 bytes) using regular pages; pre-allocate hugepages for better DMA performance (e.g. 1 × 1GB or 512 × 2MB; on AArch64 also 2 × 512MB). (silicon_sysmem_manager.cpp:105)
2026-09-04 18:10:00.306 | warning  |             UMD | Sysmem (0x40000000 bytes) using regular pages; pre-allocate hugepages for better DMA performance (e.g. 1 × 1GB or 512 × 2MB; on AArch64 also 2 × 512MB). (silicon_sysmem_manager.cpp:105)
2026-09-04 18:10:00.607 | warning  |             UMD | Sysmem (0x40000000 bytes) using regular pages; pre-allocate hugepages for better DMA performance (e.g. 1 × 1GB or 512 × 2MB; on AArch64 also 2 × 512MB). (silicon_sysmem_manager.cpp:105)
2026-09-04 18:10:00.907 | warning  |             UMD | Sysmem (0x40000000 bytes) using regular pages; pre-allocate hugepages for better DMA performance (e.g. 1 × 1GB or 512 × 2MB; on AArch64 also 2 × 512MB). (silicon_sysmem_manager.cpp:105)
2026-09-04 18:10:01.208 | warning  |             UMD | Sysmem (0x40000000 bytes) using regular pages; pre-allocate hugepages for better DMA performance (e.g. 1 × 1GB or 512 × 2MB; on AArch64 also 2 × 512MB). (silicon_sysmem_manager.cpp:105)
2026-09-04 18:10:01.508 | warning  |             UMD | Sysmem (0x40000000 bytes) using regular pages; pre-allocate hugepages for better DMA performance (e.g. 1 × 1GB or 512 × 2MB; on AArch64 also 2 × 512MB). (silicon_sysmem_manager.cpp:105)
2026-09-04 18:10:01.811 | warning  |             UMD | Sysmem (0x40000000 bytes) using regular pages; pre-allocate hugepages for better DMA performance (e.g. 1 × 1GB or 512 × 2MB; on AArch64 also 2 × 512MB). (silicon_sysmem_manager.cpp:105)
2026-09-04 18:10:02.111 | warning  |             UMD | Sysmem (0x40000000 bytes) using regular pages; pre-allocate hugepages for better DMA performance (e.g. 1 × 1GB or 512 × 2MB; on AArch64 also 2 × 512MB). (silicon_sysmem_manager.cpp:105)
2026-09-04 18:10:02.414 | warning  |             UMD | Sysmem (0x40000000 bytes) using regular pages; pre-allocate hugepages for better DMA performance (e.g. 1 × 1GB or 512 × 2MB; on AArch64 also 2 × 512MB). (silicon_sysmem_manager.cpp:105)
2026-09-04 18:10:02.713 | warning  |             UMD | Sysmem (0x40000000 bytes) using regular pages; pre-allocate hugepages for better DMA performance (e.g. 1 × 1GB or 512 × 2MB; on AArch64 also 2 × 512MB). (silicon_sysmem_manager.cpp:105)
2026-09-04 18:10:03.015 | warning  |             UMD | Sysmem (0x40000000 bytes) using regular pages; pre-allocate hugepages for better DMA performance (e.g. 1 × 1GB or 512 × 2MB; on AArch64 also 2 × 512MB). (silicon_sysmem_manager.cpp:105)
2026-09-04 18:10:03.315 | warning  |             UMD | Sysmem (0x40000000 bytes) using regular pages; pre-allocate hugepages for better DMA performance (e.g. 1 × 1GB or 512 × 2MB; on AArch64 also 2 × 512MB). (silicon_sysmem_manager.cpp:105)
2026-09-04 18:10:03.615 | warning  |             UMD | Sysmem (0x40000000 bytes) using regular pages; pre-allocate hugepages for better DMA performance (e.g. 1 × 1GB or 512 × 2MB; on AArch64 also 2 × 512MB). (silicon_sysmem_manager.cpp:105)
2026-09-04 18:10:03.914 | warning  |             UMD | Sysmem (0x40000000 bytes) using regular pages; pre-allocate hugepages for better DMA performance (e.g. 1 × 1GB or 512 × 2MB; on AArch64 also 2 × 512MB). (silicon_sysmem_manager.cpp:105)
2026-09-04 18:10:04.215 | warning  |             UMD | Sysmem (0x40000000 bytes) using regular pages; pre-allocate hugepages for better DMA performance (e.g. 1 × 1GB or 512 × 2MB; on AArch64 also 2 × 512MB). (silicon_sysmem_manager.cpp:105)
2026-09-04 18:10:04.515 | warning  |             UMD | Sysmem (0x40000000 bytes) using regular pages; pre-allocate hugepages for better DMA performance (e.g. 1 × 1GB or 512 × 2MB; on AArch64 also 2 × 512MB). (silicon_sysmem_manager.cpp:105)
2026-09-04 18:10:04.815 | warning  |             UMD | Sysmem (0x40000000 bytes) using regular pages; pre-allocate hugepages for better DMA performance (e.g. 1 × 1GB or 512 × 2MB; on AArch64 also 2 × 512MB). (silicon_sysmem_manager.cpp:105)
2026-09-04 18:10:05.114 | warning  |             UMD | Sysmem (0x40000000 bytes) using regular pages; pre-allocate hugepages for better DMA performance (e.g. 1 × 1GB or 512 × 2MB; on AArch64 also 2 × 512MB). (silicon_sysmem_manager.cpp:105)
2026-09-04 18:10:05.413 | warning  |             UMD | Sysmem (0x40000000 bytes) using regular pages; pre-allocate hugepages for better DMA performance (e.g. 1 × 1GB or 512 × 2MB; on AArch64 also 2 × 512MB). (silicon_sysmem_manager.cpp:105)
2026-09-04 18:10:05.414 | info     |             UMD | Opening local chip ids/PCIe ids: {0, 1, 2, 3, 4, 5, 6, 7, 8, 9, 10, 11, 12, 13, 14, 15, 16, 17, 18, 19, 20, 21, 22, 23, 24, 25, 26, 27, 28, 29, 30, 31}/[0, 1, 2, 3, 4, 5, 6, 7, 8, 9, 10, 11, 12, 13, 14, 15, 24, 25, 26, 27, 28, 29, 30, 31, 16, 17, 18, 19, 20, 21, 22, 23] and remote chip ids {} (cluster.cpp:173)
2026-09-04 18:10:05.414 | info     |             UMD | IOMMU: enabled (cluster.cpp:147)
2026-09-04 18:10:05.414 | info     |             UMD | KMD version: 2.10.0 (cluster.cpp:150)
2026-09-04 18:10:05.414 | info     |             UMD | Cluster constructor completed. (cluster.cpp:665)
2026-09-04 18:10:05.549 | INFO     | __main__:_read_slot_kv_and_check_pcc_packed_gqa:594 -   layer  0: K=0.99996 V=0.99994
2026-09-04 18:10:05.658 | INFO     | __main__:_read_slot_kv_and_check_pcc_packed_gqa:594 -   layer  1: K=0.99995 V=0.99977
2026-09-04 18:10:05.765 | INFO     | __main__:_read_slot_kv_and_check_pcc_packed_gqa:594 -   layer  2: K=0.99978 V=0.99953
2026-09-04 18:10:05.872 | INFO     | __main__:_read_slot_kv_and_check_pcc_packed_gqa:594 -   layer  3: K=0.99978 V=0.99909
2026-09-04 18:10:05.983 | INFO     | __main__:_read_slot_kv_and_check_pcc_packed_gqa:594 -   layer  4: K=0.99976 V=0.99880
2026-09-04 18:10:06.089 | INFO     | __main__:_read_slot_kv_and_check_pcc_packed_gqa:594 -   layer  5: K=0.99966 V=0.99865
2026-09-04 18:10:06.197 | INFO     | __main__:_read_slot_kv_and_check_pcc_packed_gqa:594 -   layer  6: K=0.99968 V=0.99838
2026-09-04 18:10:06.302 | INFO     | __main__:_read_slot_kv_and_check_pcc_packed_gqa:594 -   layer  7: K=0.99963 V=0.99809
2026-09-04 18:10:06.411 | INFO     | __main__:_read_slot_kv_and_check_pcc_packed_gqa:594 -   layer  8: K=0.99938 V=0.99737
2026-09-04 18:10:06.520 | INFO     | __main__:_read_slot_kv_and_check_pcc_packed_gqa:594 -   layer  9: K=0.99909 V=0.99650
2026-09-04 18:10:06.630 | INFO     | __main__:_read_slot_kv_and_check_pcc_packed_gqa:594 -   layer 10: K=0.99883 V=0.99552
2026-09-04 18:10:06.739 | INFO     | __main__:_read_slot_kv_and_check_pcc_packed_gqa:594 -   layer 11: K=0.99831 V=0.99396
2026-09-04 18:10:06.848 | INFO     | __main__:_read_slot_kv_and_check_pcc_packed_gqa:594 -   layer 12: K=0.99860 V=0.99253
2026-09-04 18:10:06.957 | INFO     | __main__:_read_slot_kv_and_check_pcc_packed_gqa:594 -   layer 13: K=0.99707 V=0.99010
2026-09-04 18:10:07.063 | INFO     | __main__:_read_slot_kv_and_check_pcc_packed_gqa:594 -   layer 14: K=0.99734 V=0.99145
2026-09-04 18:10:07.175 | INFO     | __main__:_read_slot_kv_and_check_pcc_packed_gqa:594 -   layer 15: K=0.99763 V=0.98970
2026-09-04 18:10:07.282 | INFO     | __main__:_read_slot_kv_and_check_pcc_packed_gqa:594 -   layer 16: K=0.99782 V=0.99203
2026-09-04 18:10:07.392 | INFO     | __main__:_read_slot_kv_and_check_pcc_packed_gqa:594 -   layer 17: K=0.99690 V=0.98855
2026-09-04 18:10:07.503 | INFO     | __main__:_read_slot_kv_and_check_pcc_packed_gqa:594 -   layer 18: K=0.99698 V=0.99128
2026-09-04 18:10:07.610 | INFO     | __main__:_read_slot_kv_and_check_pcc_packed_gqa:594 -   layer 19: K=0.99727 V=0.99117
2026-09-04 18:10:07.718 | INFO     | __main__:_read_slot_kv_and_check_pcc_packed_gqa:594 -   layer 20: K=0.99692 V=0.98966
2026-09-04 18:10:07.829 | INFO     | __main__:_read_slot_kv_and_check_pcc_packed_gqa:594 -   layer 21: K=0.99688 V=0.98976
2026-09-04 18:10:07.939 | INFO     | __main__:_read_slot_kv_and_check_pcc_packed_gqa:594 -   layer 22: K=0.99678 V=0.98971
2026-09-04 18:10:08.048 | INFO     | __main__:_read_slot_kv_and_check_pcc_packed_gqa:594 -   layer 23: K=0.99713 V=0.98960
2026-09-04 18:10:08.158 | INFO     | __main__:_read_slot_kv_and_check_pcc_packed_gqa:594 -   layer 24: K=0.99751 V=0.99094
2026-09-04 18:10:08.263 | INFO     | __main__:_read_slot_kv_and_check_pcc_packed_gqa:594 -   layer 25: K=0.99745 V=0.98969
2026-09-04 18:10:08.374 | INFO     | __main__:_read_slot_kv_and_check_pcc_packed_gqa:594 -   layer 26: K=0.99713 V=0.98674
2026-09-04 18:10:08.480 | INFO     | __main__:_read_slot_kv_and_check_pcc_packed_gqa:594 -   layer 27: K=0.99739 V=0.99139
2026-09-04 18:10:08.590 | INFO     | __main__:_read_slot_kv_and_check_pcc_packed_gqa:594 -   layer 28: K=0.99749 V=0.98662
2026-09-04 18:10:08.703 | INFO     | __main__:_read_slot_kv_and_check_pcc_packed_gqa:594 -   layer 29: K=0.99786 V=0.98878
2026-09-04 18:10:08.812 | INFO     | __main__:_read_slot_kv_and_check_pcc_packed_gqa:594 -   layer 30: K=0.99750 V=0.99005
2026-09-04 18:10:08.921 | INFO     | __main__:_read_slot_kv_and_check_pcc_packed_gqa:594 -   layer 31: K=0.99876 V=0.99506
2026-09-04 18:10:08.922 | INFO     | __main__:_read_slot_kv_and_check_pcc_packed_gqa:597 - [producer] slot 0 llama31_8b_d_p packed-GQA KV PCC over [0,1024) across 32/32 local layers -> K=0.99678 V=0.98662 (min 0.986623)
2026-09-04 18:10:08.924 | SUCCESS  | __main__:_verify_resident_slots:885 - [producer] KV cache PCC PASSED (min 0.986623 >= 0.93 across 1 slots; per cache: k=0.996784, v=0.986623)
2026-09-04 18:10:08.924 | INFO     | __main__:main:1142 - [producer] sending SHUTDOWN sentinel (metadata=-1,-1,-1)
2026-09-04 18:10:08.925 | INFO     | __main__:main:1145 - [producer] exiting; SHUTDOWN sentinel sent — runner will drain and shut down.
[producer] kv_cache_pcc_complete slots_checked=1 min_pcc=0.986623 k_pcc=0.996784 v_pcc=0.986623
2026-09-04 18:10:09.315 | info     |             UMD | Cluster destructor started. (cluster.cpp:933)
2026-09-04 18:10:09.315 | info     |             UMD | Cluster destructor completed. (cluster.cpp:936)
2026-09-04 18:10:11.300 | info     |             UMD | Cluster destructor started. (cluster.cpp:933)
2026-09-04 18:10:11.300 | info     |             UMD | Cluster destructor completed. (cluster.cpp:936)
