2026-07-30 02:49:03.398 | DEBUG    | ttnn:<module>:79 - Initial ttnn.CONFIG:
Config{cache_path=/home/mvasiljevic/.cache/ttnn,model_cache_path=/home/mvasiljevic/.cache/ttnn/models,tmp_dir=/tmp/ttnn,enable_model_cache=false,enable_fast_runtime_mode=true,throw_exception_on_fallback=false,enable_logging=false,enable_graph_report=false,enable_graph_python_stack_traces=false,enable_detailed_buffer_report=false,enable_detailed_tensor_report=false,enable_comparison_mode=false,comparison_mode_should_raise_exception=false,comparison_mode_pcc=0.9999,root_report_path=generated/ttnn/reports,report_name=std::nullopt,std::nullopt}
============================= test session starts ==============================
platform linux -- Python 3.12.13, pytest-9.0.3, pluggy-1.6.0 -- /home/mvasiljevic/tt-metal/python_env/bin/python3
cachedir: .pytest_cache
benchmark: 5.2.3 (defaults: timer=time.perf_counter disable_gc=False min_rounds=5 min_time=0.000005 max_time=1.0 calibration_precision=10 warmup=False warmup_iterations=100000)
rootdir: /home/mvasiljevic/tt-metal
configfile: pytest.ini
plugins: github-actions-annotate-failures-0.3.0, anyio-4.14.2, dash-2.15.0, split-0.11.0, timeout-2.4.0, benchmark-5.2.3, cov-7.0.0
timeout: 300.0s
timeout method: signal
timeout func_only: False
collecting ... collected 4 items

models/autoports/microsoft_phi_3_5_mini_instruct/tests/optimized_decoder_perf.py::test_profile_warmed_prefill_before_after[blackhole-1-mesh_device0] 2026-07-30 02:49:04.936 | info     |          Device | Opening user mode device driver (tt_cluster.cpp:228)
2026-07-30 02:49:04.936 | info     |             UMD | Cluster constructor started. (cluster.cpp:348)
2026-07-30 02:49:04.936 | info     |             UMD | Creating TopologyDiscovery for architecture: blackhole (topology_discovery.cpp:91)
2026-07-30 02:49:04.936 | info     |             UMD | Starting topology discovery. (topology_discovery.cpp:110)
2026-07-30 02:49:04.938 | info     |             UMD | Established firmware bundle version: 19.8.0 (topology_discovery.cpp:569)
2026-07-30 02:49:04.938 | info     |             UMD | Firmware bundle version 19.8.0 on the system is newer than the latest fully tested version 19.5.0 for blackhole architecture. Newest features may not be supported. (topology_discovery.cpp:601)
2026-07-30 02:49:04.942 | info     |             UMD | Completed topology discovery. (topology_discovery.cpp:114)
2026-07-30 02:49:05.163 | info     |             UMD | Opening local chip ids/PCIe ids: {0, 1, 2, 3}/[0, 1, 2, 3] and remote chip ids {} (cluster.cpp:168)
2026-07-30 02:49:05.163 | info     |             UMD | IOMMU: enabled (cluster.cpp:142)
2026-07-30 02:49:05.163 | info     |             UMD | KMD version: 2.8.0 (cluster.cpp:145)
2026-07-30 02:49:05.163 | info     |             UMD | Cluster constructor completed. (cluster.cpp:520)
2026-07-30 02:49:05.165 | info     |             UMD | Starting devices in cluster (cluster.cpp:1024)
2026-07-30 02:49:05.325 | info     |             UMD | Starting devices in cluster completed. (cluster.cpp:1032)
2026-07-30 02:49:05.451 | DEBUG    | ttnn.device:__init__:152 - Using default dispatch core type for this system: DispatchCoreType.WORKER
2026-07-30 02:49:05.451 | DEBUG    | ttnn.device:__init__:154 - Using default dispatch core axis for this system: DispatchCoreAxis.COL
2026-07-30 02:49:05.452 | info     |     Distributed | Using auto discovery to generate mesh graph. (metal_env.cpp:367)
2026-07-30 02:49:05.452 | info     |     Distributed | Constructing control plane using auto-discovery (no mesh graph descriptor). (metal_env.cpp:429)
2026-07-30 02:49:05.452 | warning  |          Always | Unknown motherboard 'B850M-C' for chip_id=0 (bus_id=0x1) — falling back to bus_id as tray_id. Add this motherboard and its bus IDs to mobo_to_bus_ids in physical_system_discovery.cpp. (physical_system_discovery.cpp:89)
2026-07-30 02:49:05.452 | warning  |          Always | Unknown motherboard 'B850M-C' for chip_id=1 (bus_id=0x2) — falling back to bus_id as tray_id. Add this motherboard and its bus IDs to mobo_to_bus_ids in physical_system_discovery.cpp. (physical_system_discovery.cpp:89)
2026-07-30 02:49:05.452 | warning  |          Always | Unknown motherboard 'B850M-C' for chip_id=2 (bus_id=0x3) — falling back to bus_id as tray_id. Add this motherboard and its bus IDs to mobo_to_bus_ids in physical_system_discovery.cpp. (physical_system_discovery.cpp:89)
2026-07-30 02:49:05.452 | warning  |          Always | Unknown motherboard 'B850M-C' for chip_id=3 (bus_id=0x4) — falling back to bus_id as tray_id. Add this motherboard and its bus IDs to mobo_to_bus_ids in physical_system_discovery.cpp. (physical_system_discovery.cpp:89)
2026-07-30 02:49:05.452 | warning  |          Always | Unknown motherboard 'B850M-C' for chip_id=1 (bus_id=0x2) — falling back to bus_id as tray_id. Add this motherboard and its bus IDs to mobo_to_bus_ids in physical_system_discovery.cpp. (physical_system_discovery.cpp:89)
2026-07-30 02:49:05.452 | warning  |          Always | Unknown motherboard 'B850M-C' for chip_id=0 (bus_id=0x1) — falling back to bus_id as tray_id. Add this motherboard and its bus IDs to mobo_to_bus_ids in physical_system_discovery.cpp. (physical_system_discovery.cpp:89)
2026-07-30 02:49:05.452 | warning  |          Always | Unknown motherboard 'B850M-C' for chip_id=2 (bus_id=0x3) — falling back to bus_id as tray_id. Add this motherboard and its bus IDs to mobo_to_bus_ids in physical_system_discovery.cpp. (physical_system_discovery.cpp:89)
2026-07-30 02:49:05.452 | warning  |          Always | Unknown motherboard 'B850M-C' for chip_id=3 (bus_id=0x4) — falling back to bus_id as tray_id. Add this motherboard and its bus IDs to mobo_to_bus_ids in physical_system_discovery.cpp. (physical_system_discovery.cpp:89)
2026-07-30 02:49:05.452 | info     |          Fabric | Logical multi-mesh adjacency: intermesh degree histogram {0:1}; intra-mesh degree histograms mesh0 {2:4} (topology_mapper_utils.cpp:2342)
2026-07-30 02:49:05.452 | info     |          Fabric | Physical multi-mesh adjacency: intermesh degree histogram {0:1}; intra-mesh degree histograms mesh0 {2:4} (topology_mapper_utils.cpp:2350)
2026-07-30 02:49:05.458 | info     |    BuildKernels | Using pre-compiled firmware from: /home/mvasiljevic/tt-metal/tt_metal/pre-compiled/13793420398762238087/ (build_env_manager.cpp:347)
2026-07-30 02:49:05.458 | info     |    BuildKernels | Using pre-compiled firmware from: /home/mvasiljevic/tt-metal/tt_metal/pre-compiled/13793420398762238087/ (build_env_manager.cpp:347)
2026-07-30 02:49:05.458 | info     |    BuildKernels | Using pre-compiled firmware from: /home/mvasiljevic/tt-metal/tt_metal/pre-compiled/13793420398762238087/ (build_env_manager.cpp:347)
2026-07-30 02:49:05.458 | info     |    BuildKernels | Using pre-compiled firmware from: /home/mvasiljevic/tt-metal/tt_metal/pre-compiled/13793420398762238087/ (build_env_manager.cpp:347)
2026-07-30 02:49:05.486 | warning  |           Metal | Opening subset of mmio devices slows down UMD read/write to remote chips. If opening more devices, consider using CreateDevices API. (device_manager.cpp:261)
2026-07-30 02:49:05.525 | info     |           Metal | ShmResourceTracker: removed orphaned shm '/tt_device_154095681929600_memory' (shm_resource_tracker.cpp:282)
2026-07-30 02:49:06.104 | info     |           Metal | [Real-time profiler] Device 3 sync complete: 100 samples, frequency=1.349981 GHz, device_time_at_sync=12223304924257 cycles (realtime_profiler_manager.cpp:1127)
2026-07-30 02:49:06.120 | DEBUG    | conftest:mesh_device:599 - multidevice with 1 devices is created
[transformers] This model config has set a `rope_parameters['original_max_position_embeddings']` field, to be used together with `max_position_embeddings` to determine a scaling factor. Please set the `factor` field of `rope_parameters`with this ratio instead -- we recommend the use of this field over `original_max_position_embeddings`, as it is compatible with most model architectures.
2026-07-30 02:49:07.865 | INFO     | tracy:signpost:49 - OPTIMIZED_PREFILL_B1
2026-07-30 02:49:07.904 | INFO     | tracy:signpost:49 - OPTIMIZED_PREFILL_B1_END
PERF_RESULTS mode=prefill batch=1 sequence=128 values={'fused': (1.614394411444664, 1.552884466946125), 'optimized': (1.5364757739007473, 1.5155822038650513)}
PASSED
models/autoports/microsoft_phi_3_5_mini_instruct/tests/optimized_decoder_perf.py::test_profile_traced_decode_before_after[blackhole-1-mesh_device0] 2026-07-30 02:49:08.235 | DEBUG    | ttnn.device:__init__:152 - Using default dispatch core type for this system: DispatchCoreType.WORKER
2026-07-30 02:49:08.235 | DEBUG    | ttnn.device:__init__:154 - Using default dispatch core axis for this system: DispatchCoreAxis.COL
2026-07-30 02:49:08.247 | info     |    BuildKernels | Using pre-compiled firmware from: /home/mvasiljevic/tt-metal/tt_metal/pre-compiled/13793420398762238087/ (build_env_manager.cpp:347)
2026-07-30 02:49:08.248 | info     |    BuildKernels | Using pre-compiled firmware from: /home/mvasiljevic/tt-metal/tt_metal/pre-compiled/13793420398762238087/ (build_env_manager.cpp:347)
2026-07-30 02:49:08.249 | info     |    BuildKernels | Using pre-compiled firmware from: /home/mvasiljevic/tt-metal/tt_metal/pre-compiled/13793420398762238087/ (build_env_manager.cpp:347)
2026-07-30 02:49:08.249 | info     |    BuildKernels | Using pre-compiled firmware from: /home/mvasiljevic/tt-metal/tt_metal/pre-compiled/13793420398762238087/ (build_env_manager.cpp:347)
2026-07-30 02:49:08.277 | warning  |           Metal | Opening subset of mmio devices slows down UMD read/write to remote chips. If opening more devices, consider using CreateDevices API. (device_manager.cpp:261)
2026-07-30 02:49:08.318 | DEBUG    | conftest:mesh_device:599 - multidevice with 1 devices is created
2026-07-30 02:49:09.527 | warning  |           Metal | Allocating device buffers is unsafe due to the existence of an active trace. These buffers may be corrupted once a trace is executed. (allocator.cpp:110)
2026-07-30 02:49:09.674 | INFO     | tracy:signpost:49 - PAIRED_DECODE_B1_FUSED_OPTIMIZED
2026-07-30 02:49:09.836 | INFO     | tracy:signpost:49 - PAIRED_DECODE_B1_FUSED_OPTIMIZED_END
PERF_RESULTS mode=decode batch=1 context=128 traced=true values={'fused': (1.0478044115006924, 1.043972559273243), 'optimized': (0.5645960848778486, 0.5623828619718552)}
PASSED
models/autoports/microsoft_phi_3_5_mini_instruct/tests/optimized_decoder_perf.py::test_profile_warmed_prefill_before_after[blackhole-32-mesh_device0] 2026-07-30 02:49:10.170 | DEBUG    | ttnn.device:__init__:152 - Using default dispatch core type for this system: DispatchCoreType.WORKER
2026-07-30 02:49:10.170 | DEBUG    | ttnn.device:__init__:154 - Using default dispatch core axis for this system: DispatchCoreAxis.COL
2026-07-30 02:49:10.181 | info     |    BuildKernels | Using pre-compiled firmware from: /home/mvasiljevic/tt-metal/tt_metal/pre-compiled/13793420398762238087/ (build_env_manager.cpp:347)
2026-07-30 02:49:10.183 | info     |    BuildKernels | Using pre-compiled firmware from: /home/mvasiljevic/tt-metal/tt_metal/pre-compiled/13793420398762238087/ (build_env_manager.cpp:347)
2026-07-30 02:49:10.184 | info     |    BuildKernels | Using pre-compiled firmware from: /home/mvasiljevic/tt-metal/tt_metal/pre-compiled/13793420398762238087/ (build_env_manager.cpp:347)
2026-07-30 02:49:10.184 | info     |    BuildKernels | Using pre-compiled firmware from: /home/mvasiljevic/tt-metal/tt_metal/pre-compiled/13793420398762238087/ (build_env_manager.cpp:347)
2026-07-30 02:49:10.212 | warning  |           Metal | Opening subset of mmio devices slows down UMD read/write to remote chips. If opening more devices, consider using CreateDevices API. (device_manager.cpp:261)
2026-07-30 02:49:10.253 | DEBUG    | conftest:mesh_device:599 - multidevice with 1 devices is created
2026-07-30 02:49:12.668 | INFO     | tracy:signpost:49 - OPTIMIZED_PREFILL_B32
2026-07-30 02:49:13.306 | INFO     | tracy:signpost:49 - OPTIMIZED_PREFILL_B32_END
PERF_RESULTS mode=prefill batch=32 sequence=128 values={'fused': (37.29434316046536, 37.24952694028616), 'optimized': (30.257130693644285, 30.192538164556026)}
PASSED
models/autoports/microsoft_phi_3_5_mini_instruct/tests/optimized_decoder_perf.py::test_profile_traced_decode_before_after[blackhole-32-mesh_device0] 2026-07-30 02:49:13.626 | DEBUG    | ttnn.device:__init__:152 - Using default dispatch core type for this system: DispatchCoreType.WORKER
2026-07-30 02:49:13.626 | DEBUG    | ttnn.device:__init__:154 - Using default dispatch core axis for this system: DispatchCoreAxis.COL
2026-07-30 02:49:13.643 | info     |    BuildKernels | Using pre-compiled firmware from: /home/mvasiljevic/tt-metal/tt_metal/pre-compiled/13793420398762238087/ (build_env_manager.cpp:347)
2026-07-30 02:49:13.644 | info     |    BuildKernels | Using pre-compiled firmware from: /home/mvasiljevic/tt-metal/tt_metal/pre-compiled/13793420398762238087/ (build_env_manager.cpp:347)
2026-07-30 02:49:13.645 | info     |    BuildKernels | Using pre-compiled firmware from: /home/mvasiljevic/tt-metal/tt_metal/pre-compiled/13793420398762238087/ (build_env_manager.cpp:347)
2026-07-30 02:49:13.646 | info     |    BuildKernels | Using pre-compiled firmware from: /home/mvasiljevic/tt-metal/tt_metal/pre-compiled/13793420398762238087/ (build_env_manager.cpp:347)
2026-07-30 02:49:13.674 | warning  |           Metal | Opening subset of mmio devices slows down UMD read/write to remote chips. If opening more devices, consider using CreateDevices API. (device_manager.cpp:261)
2026-07-30 02:49:13.714 | DEBUG    | conftest:mesh_device:599 - multidevice with 1 devices is created
2026-07-30 02:49:15.122 | INFO     | tracy:signpost:49 - PAIRED_DECODE_B32_FUSED_OPTIMIZED
2026-07-30 02:49:15.318 | INFO     | tracy:signpost:49 - PAIRED_DECODE_B32_FUSED_OPTIMIZED_END
PERF_RESULTS mode=decode batch=32 context=128 traced=true values={'fused': (1.2116277031600475, 1.2054210528731346), 'optimized': (0.7475752755999565, 0.7421160116791725)}
PASSED

==================================== PASSES ====================================
- generated xml file: /home/mvasiljevic/tt-metal/generated/test_reports/most_recent_tests.xml -
============================== slowest durations ===============================
3.05s call     models/autoports/microsoft_phi_3_5_mini_instruct/tests/optimized_decoder_perf.py::test_profile_warmed_prefill_before_after[blackhole-32-mesh_device0]
1.78s call     models/autoports/microsoft_phi_3_5_mini_instruct/tests/optimized_decoder_perf.py::test_profile_warmed_prefill_before_after[blackhole-1-mesh_device0]
1.60s call     models/autoports/microsoft_phi_3_5_mini_instruct/tests/optimized_decoder_perf.py::test_profile_traced_decode_before_after[blackhole-32-mesh_device0]
1.52s call     models/autoports/microsoft_phi_3_5_mini_instruct/tests/optimized_decoder_perf.py::test_profile_traced_decode_before_after[blackhole-1-mesh_device0]
1.39s setup    models/autoports/microsoft_phi_3_5_mini_instruct/tests/optimized_decoder_perf.py::test_profile_warmed_prefill_before_after[blackhole-1-mesh_device0]
0.30s setup    models/autoports/microsoft_phi_3_5_mini_instruct/tests/optimized_decoder_perf.py::test_profile_traced_decode_before_after[blackhole-1-mesh_device0]
0.29s setup    models/autoports/microsoft_phi_3_5_mini_instruct/tests/optimized_decoder_perf.py::test_profile_warmed_prefill_before_after[blackhole-32-mesh_device0]
0.29s setup    models/autoports/microsoft_phi_3_5_mini_instruct/tests/optimized_decoder_perf.py::test_profile_traced_decode_before_after[blackhole-32-mesh_device0]
0.12s teardown models/autoports/microsoft_phi_3_5_mini_instruct/tests/optimized_decoder_perf.py::test_profile_traced_decode_before_after[blackhole-1-mesh_device0]
0.12s teardown models/autoports/microsoft_phi_3_5_mini_instruct/tests/optimized_decoder_perf.py::test_profile_traced_decode_before_after[blackhole-32-mesh_device0]
0.11s teardown models/autoports/microsoft_phi_3_5_mini_instruct/tests/optimized_decoder_perf.py::test_profile_warmed_prefill_before_after[blackhole-32-mesh_device0]
0.11s teardown models/autoports/microsoft_phi_3_5_mini_instruct/tests/optimized_decoder_perf.py::test_profile_warmed_prefill_before_after[blackhole-1-mesh_device0]
=========================== short test summary info ============================
PASSED models/autoports/microsoft_phi_3_5_mini_instruct/tests/optimized_decoder_perf.py::test_profile_warmed_prefill_before_after[blackhole-1-mesh_device0]
PASSED models/autoports/microsoft_phi_3_5_mini_instruct/tests/optimized_decoder_perf.py::test_profile_traced_decode_before_after[blackhole-1-mesh_device0]
PASSED models/autoports/microsoft_phi_3_5_mini_instruct/tests/optimized_decoder_perf.py::test_profile_warmed_prefill_before_after[blackhole-32-mesh_device0]
PASSED models/autoports/microsoft_phi_3_5_mini_instruct/tests/optimized_decoder_perf.py::test_profile_traced_decode_before_after[blackhole-32-mesh_device0]
============================== 4 passed in 11.37s ==============================
nanobind: leaked 2 instances!
 - leaked instance 0x76ddff9b9ff8 of type "ttnn._ttnn.tensor.CoreRangeSet"
 - leaked instance 0x76ddff240108 of type "ttnn._ttnn.tensor.MemoryConfig"
nanobind: leaked 20 types!
 - leaked type "ttnn._ttnn.operations.matmul.MatmulMultiCoreReuseMultiCast1DProgramConfig"
 - leaked type "ttnn._ttnn.operations.matmul.MatmulInputs"
 - leaked type "ttnn._ttnn.operations.matmul.MatmulMultiCoreReuseMultiCastBatchedDRAMShardedProgramConfig"
 - leaked type "BufferType"
 - leaked type "UnaryOpType"
 - leaked type "Layout"
 - leaked type "ttnn._ttnn.operations.matmul.MatmulMultiCoreReuseOptimizedProgramFactory"
 - leaked type "Arch"
 - leaked type "ttnn._ttnn.operations.matmul.MatmulParams"
 - leaked type "ttnn._ttnn.tensor.CoreRangeSet"
 - ... skipped remainder
nanobind: leaked 247 functions!
 - leaked function ""
 - leaked function ""
 - leaked function "get_device_id"
 - leaked function ""
 - leaked function "__init__"
 - leaked function "from_json"
 - leaked function "set_program_cache_misses_allowed"
 - leaked function "to_json"
 - leaked function ""
 - leaked function ""
 - ... skipped remainder
nanobind: this is likely caused by a reference counting issue in the binding code.
See https://nanobind.readthedocs.io/en/latest/refleaks.html2026-07-30 02:49:17.171 | info     |    BuildKernels | JIT cache stats: 412/412 hits (100.0%) [412 cached, 447 build-once dedup, 0 merged artifacts, 0 merged genfiles] (build_cache_telemetry.cpp:207)
2026-07-30 02:49:17.171 | info     |    BuildKernels | JIT telemetry: 3 registered TelemetryTokens (build_cache_telemetry.cpp:230)
2026-07-30 02:49:17.183 | info     |          Device | Closing user mode device drivers (tt_cluster.cpp:512)
2026-07-30 02:49:17.183 | info     |             UMD | Closing devices in cluster (cluster.cpp:1037)
2026-07-30 02:49:17.702 | info     |             UMD | Closing devices in cluster completed. (cluster.cpp:1046)
2026-07-30 02:49:17.703 | info     |             UMD | Cluster destructor started. (cluster.cpp:754)
2026-07-30 02:49:17.703 | info     |             UMD | Cluster destructor completed. (cluster.cpp:757)
