2026-08-13 08:23:28.072 | DEBUG    | ttnn:<module>:79 - Initial ttnn.CONFIG:
Config{cache_path=/home/mvasiljevic/.cache/ttnn,model_cache_path=/home/mvasiljevic/.cache/ttnn/models,tmp_dir=/tmp/ttnn,enable_model_cache=false,enable_fast_runtime_mode=true,throw_exception_on_fallback=false,enable_logging=false,enable_graph_report=false,enable_graph_python_stack_traces=false,enable_detailed_buffer_report=false,enable_detailed_tensor_report=false,enable_comparison_mode=false,comparison_mode_should_raise_exception=false,comparison_mode_pcc=0.9999,root_report_path=generated/ttnn/reports,report_name=std::nullopt,std::nullopt}
2026-08-13 08:23:28.108 | info     |          Device | Opening user mode device driver (tt_cluster.cpp:228)
2026-08-13 08:23:28.108 | info     |             UMD | Cluster constructor started. (cluster.cpp:348)
2026-08-13 08:23:28.108 | info     |             UMD | Creating TopologyDiscovery for architecture: blackhole (topology_discovery.cpp:91)
2026-08-13 08:23:28.108 | info     |             UMD | Starting topology discovery. (topology_discovery.cpp:110)
2026-08-13 08:23:28.110 | info     |             UMD | Established firmware bundle version: 19.9.0 (topology_discovery.cpp:569)
2026-08-13 08:23:28.110 | info     |             UMD | Firmware bundle version 19.9.0 on the system is newer than the latest fully tested version 19.5.0 for blackhole architecture. Newest features may not be supported. (topology_discovery.cpp:601)
2026-08-13 08:23:28.114 | info     |             UMD | Completed topology discovery. (topology_discovery.cpp:114)
2026-08-13 08:23:28.193 | info     |             UMD | Opening local chip ids/PCIe ids: {0, 1, 2, 3}/[0, 1, 2, 3] and remote chip ids {} (cluster.cpp:168)
2026-08-13 08:23:28.193 | info     |             UMD | IOMMU: enabled (cluster.cpp:142)
2026-08-13 08:23:28.193 | info     |             UMD | KMD version: 2.10.0 (cluster.cpp:145)
2026-08-13 08:23:28.193 | info     |             UMD | Cluster constructor completed. (cluster.cpp:520)
2026-08-13 08:23:28.195 | info     |             UMD | Starting devices in cluster (cluster.cpp:1024)
2026-08-13 08:23:28.479 | info     |             UMD | Starting devices in cluster completed. (cluster.cpp:1032)
2026-08-13 08:23:28.613 | info     |     Distributed | Using auto discovery to generate mesh graph. (metal_env.cpp:367)
2026-08-13 08:23:28.613 | info     |     Distributed | Constructing control plane using auto-discovery (no mesh graph descriptor). (metal_env.cpp:429)
2026-08-13 08:23:28.613 | warning  |          Always | Unknown motherboard 'B850M-C' for chip_id=0 (bus_id=0x1) — falling back to bus_id as tray_id. Add this motherboard and its bus IDs to mobo_to_bus_ids in physical_system_discovery.cpp. (physical_system_discovery.cpp:89)
2026-08-13 08:23:28.613 | warning  |          Always | Unknown motherboard 'B850M-C' for chip_id=1 (bus_id=0x2) — falling back to bus_id as tray_id. Add this motherboard and its bus IDs to mobo_to_bus_ids in physical_system_discovery.cpp. (physical_system_discovery.cpp:89)
2026-08-13 08:23:28.613 | warning  |          Always | Unknown motherboard 'B850M-C' for chip_id=2 (bus_id=0x3) — falling back to bus_id as tray_id. Add this motherboard and its bus IDs to mobo_to_bus_ids in physical_system_discovery.cpp. (physical_system_discovery.cpp:89)
2026-08-13 08:23:28.613 | warning  |          Always | Unknown motherboard 'B850M-C' for chip_id=3 (bus_id=0x4) — falling back to bus_id as tray_id. Add this motherboard and its bus IDs to mobo_to_bus_ids in physical_system_discovery.cpp. (physical_system_discovery.cpp:89)
2026-08-13 08:23:28.613 | warning  |          Always | Unknown motherboard 'B850M-C' for chip_id=1 (bus_id=0x2) — falling back to bus_id as tray_id. Add this motherboard and its bus IDs to mobo_to_bus_ids in physical_system_discovery.cpp. (physical_system_discovery.cpp:89)
2026-08-13 08:23:28.613 | warning  |          Always | Unknown motherboard 'B850M-C' for chip_id=0 (bus_id=0x1) — falling back to bus_id as tray_id. Add this motherboard and its bus IDs to mobo_to_bus_ids in physical_system_discovery.cpp. (physical_system_discovery.cpp:89)
2026-08-13 08:23:28.613 | warning  |          Always | Unknown motherboard 'B850M-C' for chip_id=2 (bus_id=0x3) — falling back to bus_id as tray_id. Add this motherboard and its bus IDs to mobo_to_bus_ids in physical_system_discovery.cpp. (physical_system_discovery.cpp:89)
2026-08-13 08:23:28.613 | warning  |          Always | Unknown motherboard 'B850M-C' for chip_id=3 (bus_id=0x4) — falling back to bus_id as tray_id. Add this motherboard and its bus IDs to mobo_to_bus_ids in physical_system_discovery.cpp. (physical_system_discovery.cpp:89)
2026-08-13 08:23:28.613 | info     |          Fabric | Logical multi-mesh adjacency: intermesh degree histogram {0:1}; intra-mesh degree histograms mesh0 {2:4} (topology_mapper_utils.cpp:2342)
2026-08-13 08:23:28.613 | info     |          Fabric | Physical multi-mesh adjacency: intermesh degree histogram {0:1}; intra-mesh degree histograms mesh0 {2:4} (topology_mapper_utils.cpp:2350)
2026-08-13 08:23:28.613 | DEBUG    | ttnn.device:__init__:152 - Using default dispatch core type for this system: DispatchCoreType.WORKER
2026-08-13 08:23:28.614 | DEBUG    | ttnn.device:__init__:154 - Using default dispatch core axis for this system: DispatchCoreAxis.COL
2026-08-13 08:23:28.619 | info     |    BuildKernels | Using pre-compiled firmware from: /home/mvasiljevic/tt-metal/tt_metal/pre-compiled/13793420398762238087/ (build_env_manager.cpp:347)
2026-08-13 08:23:28.619 | info     |    BuildKernels | Using pre-compiled firmware from: /home/mvasiljevic/tt-metal/tt_metal/pre-compiled/13793420398762238087/ (build_env_manager.cpp:347)
2026-08-13 08:23:28.619 | info     |    BuildKernels | Using pre-compiled firmware from: /home/mvasiljevic/tt-metal/tt_metal/pre-compiled/13793420398762238087/ (build_env_manager.cpp:347)
2026-08-13 08:23:28.619 | info     |    BuildKernels | Using pre-compiled firmware from: /home/mvasiljevic/tt-metal/tt_metal/pre-compiled/13793420398762238087/ (build_env_manager.cpp:347)
2026-08-13 08:23:28.653 | info     |           Metal | Initializing Fabric (fabric_firmware_initializer.cpp:288)
2026-08-13 08:23:28.667 | info     |           Metal | Fabric initialized on Device 0 (device.cpp:429)
2026-08-13 08:23:28.671 | info     |           Metal | Fabric initialized on Device 1 (device.cpp:429)
2026-08-13 08:23:28.672 | info     |           Metal | Fabric initialized on Device 2 (device.cpp:429)
2026-08-13 08:23:28.673 | info     |           Metal | Fabric initialized on Device 3 (device.cpp:429)
2026-08-13 08:23:28.673 | info     |           Metal | Fabric initialized on 4 devices (fabric_firmware_initializer.cpp:435)
2026-08-13 08:23:28.673 | info     |           Metal | Fabric Initialized with config FabricConfig::FABRIC_1D (fabric_firmware_initializer.cpp:305)
2026-08-13 08:23:28.711 | info     |           Metal | ShmResourceTracker: removed orphaned shm '/tt_device_154095680356416_memory' (shm_resource_tracker.cpp:282)
2026-08-13 08:23:28.711 | info     |           Metal | ShmResourceTracker: removed orphaned shm '/tt_device_154095680356417_memory' (shm_resource_tracker.cpp:282)
2026-08-13 08:23:28.711 | info     |           Metal | ShmResourceTracker: removed orphaned shm '/tt_device_154095680357760_memory' (shm_resource_tracker.cpp:282)
2026-08-13 08:23:28.711 | info     |           Metal | ShmResourceTracker: removed orphaned shm '/tt_device_154095680357761_memory' (shm_resource_tracker.cpp:282)
2026-08-13 08:23:29.291 | info     |           Metal | [Real-time profiler] Device 0 sync complete: 100 samples, frequency=1.349972 GHz, device_time_at_sync=51998934222259 cycles (realtime_profiler_manager.cpp:1127)
2026-08-13 08:23:29.291 | info     |           Metal | [Real-time profiler] Device 1 sync complete: 100 samples, frequency=1.349980 GHz, device_time_at_sync=51970867077269 cycles (realtime_profiler_manager.cpp:1127)
2026-08-13 08:23:29.292 | info     |           Metal | [Real-time profiler] Device 3 sync complete: 100 samples, frequency=1.349980 GHz, device_time_at_sync=51976575793947 cycles (realtime_profiler_manager.cpp:1127)
2026-08-13 08:23:29.293 | info     |           Metal | [Real-time profiler] Device 2 sync complete: 100 samples, frequency=1.349983 GHz, device_time_at_sync=51973668127566 cycles (realtime_profiler_manager.cpp:1127)
Building ncrisc, compile step:
cd /home/mvasiljevic/.cache/tt-metal-cache/13793420398762238087/kernels/reader_interleaved_no_bcast/16762608244696403109/ncrisc/ && /home/mvasiljevic/tt-metal/runtime/sfpi/compiler/bin/riscv-tt-elf-g++ -O2 -std=c++17 -ftt-nttp -ftt-constinit -ftt-consteval -ftt-no-dyninit -flto=auto -ffast-math -fno-exceptions -fno-rtti -fno-use-cxa-atexit -g -MMD -Wall -Werror -Wno-error=deprecated-declarations -Wno-error=multistatement-macros -Wno-error=parentheses -Wno-error=unused-but-set-variable -Wno-unused-variable -Wno-unused-function -mcpu=tt-bh -fno-tree-loop-distribute-patterns -I. -I.. -I/home/mvasiljevic/tt-metal/ -I/home/mvasiljevic/tt-metal/ttnn -I/home/mvasiljevic/tt-metal/ttnn/cpp -I/home/mvasiljevic/tt-metal/tt_metal -I/home/mvasiljevic/tt-metal/tt_metal/hw/inc -I/home/mvasiljevic/tt-metal/tt_metal/tt-llk/common -I/home/mvasiljevic/tt-metal/tt_metal/hostdevcommon/api -I/home/mvasiljevic/tt-metal/tt_metal/api/ -I/home/mvasiljevic/tt-metal/tt_metal/hw/ckernels/blackhole/metal/common -I/home/mvasiljevic/tt-metal/tt_metal/hw/ckernels/blackhole/metal/llk_io -I/home/mvasiljevic/tt-metal/tt_metal/hw/inc/internal/tt-1xx -I/home/mvasiljevic/tt-metal/tt_metal/hw/inc/internal/tt-1xx/blackhole -I/home/mvasiljevic/tt-metal/tt_metal/hw/inc/internal/tt-1xx/blackhole/blackhole_defines -I/home/mvasiljevic/tt-metal/tt_metal/hw/inc/internal/tt-1xx/blackhole/noc -I/home/mvasiljevic/tt-metal/tt_metal/tt-llk/tt_llk_blackhole/common/inc -I/home/mvasiljevic/tt-metal/tt_metal/tt-llk/tt_llk_blackhole/llk_lib -I/home/mvasiljevic/tt-metal/tt_metal/hw/firmware/src/tt-1xx -I/home/mvasiljevic/tt-metal/ttnn/cpp/ttnn/operations/eltwise/binary_ng/device/kernels_ng/dataflow -c -o /home/mvasiljevic/.cache/tt-metal-cache/13793420398762238087/kernels/reader_interleaved_no_bcast/16762608244696403109/ncrisc/ncrisck.14550441603723650488.o /home/mvasiljevic/tt-metal/tt_metal/hw/firmware/src/tt-1xx/ncrisck.cc -MF /home/mvasiljevic/.cache/tt-metal-cache/13793420398762238087/kernels/reader_interleaved_no_bcast/16762608244696403109/ncrisc/ncrisck.14550441603723650488.d -DIS_NOT_POW2_NUM_L1_BANKS=1 -DLOG_BASE_2_OF_NUM_DRAM_BANKS=3 -DNUM_DRAM_BANKS=8 -DNUM_L1_BANKS=110 -DPCIE_NOC_X=19 -DPCIE_NOC_Y=24 -DTENSIX_FIRMWARE -DLOCAL_MEM_EN=0 -DPROCESSOR_INDEX=1 -DCOMPILE_FOR_NCRISC -DARCH_BLACKHOLE -DDISPATCH_MESSAGE_ADDR=4290184248 -DKERNEL_BUILD -DFULL_KERNEL_NAME="\"reader_interleaved_no_bcast/16762608244696403109/\"" -DBCAST_LLK='0' -DFABRIC_1D_PKT_HDR_EXTENSION_WORDS='0' -DFILL_TILE_WITH_FIRST_COLUMN='fill_tile_with_first_column_bfloat16' -DFILL_TILE_WITH_FIRST_COLUMN_B='fill_tile_with_first_column_bfloat16' -DFILL_TILE_WITH_FIRST_COLUMN_RM='fill_tile_with_first_column_rm_bfloat16' -DFILL_TILE_WITH_FIRST_ELEMENT='fill_tile_with_first_element_bfloat16' -DFILL_TILE_WITH_FIRST_ELEMENT_B='fill_tile_with_first_element_bfloat16' -DFILL_TILE_WITH_FIRST_ROW='fill_tile_with_first_row_bfloat16' -DFILL_TILE_WITH_FIRST_ROW_B='fill_tile_with_first_row_bfloat16' -DFILL_TILE_WITH_FIRST_ROW_RM='fill_tile_with_first_row_rm_bfloat16' -DFILL_WITH_VALUE='fill_with_val_bfloat16' -DFILL_WITH_VALUE_B='fill_with_val_bfloat16' -DROUTING_MODE='137' -DSRC_SHARDED='1' -DSRC_SHARDED_B='1' -DNOC_INDEX='0' -DNOC_MODE='0' -DKERNEL_COMPILE_TIME_ARGS=17,2048,1,11,15,33685762,67240706,100795650,167905026,201460482,3330,17,2048,1,11,15,33685762,67240706,100795650,167905026,201460482,3330,1
In file included from ../kernel_includes.hpp:1,
                 from /home/mvasiljevic/tt-metal/tt_metal/hw/firmware/src/tt-1xx/ncrisck.cc:22:
/home/mvasiljevic/tt-metal/ttnn/cpp/ttnn/operations/eltwise/binary_ng/device/kernels_ng/dataflow/reader_interleaved_no_bcast.cpp: In function 'void kernel_main()':
/home/mvasiljevic/tt-metal/ttnn/cpp/ttnn/operations/eltwise/binary_ng/device/kernels_ng/dataflow/reader_interleaved_no_bcast.cpp:39:20: warning: variable 'src_b_args' set but not used [-Wunused-but-set-variable]
   39 |     constexpr auto src_b_args =
      |                    ^~~~~~~~~~
PRECISION_POLICY_RUNTIME_SUMMARY={"config_id": "bfp4_lofi_bfp8kv_bf16ccl", "config_path": "/home/mvasiljevic/tt-metal/models/autoports/mistralai_mistral_small_24b_instruct_2501/doc/datatype_sweep/candidates/bfp4_lofi_bfp8kv_bf16ccl.json", "embedding_weight_dtype": "BF16", "first_layer": {"attention_activation_dtype": "BF16", "attention_geometry": [10, 12, 16, 8, 10, 4], "attention_math_fidelity": "LoFi", "attention_weight_dtype": "BFP4_B", "collective_workspace_dtype": "BF16", "decode_collective_dtype": "BF16", "layer_idx": 0, "mlp_activation_dtype": "BF16", "mlp_down_weight_dtype": "BFP4_B", "mlp_gate_up_weight_dtype": "BFP4_B", "mlp_geometry": [10, 32, 40, 16, 16], "mlp_math_fidelity": "LoFi", "prefill_collective_dtype": "BF16", "residual_dtype": "BF16", "sdpa_math_fidelity": "HiFi4"}, "kv_cache_dtype": "BFP8_B", "last_layer": {"attention_activation_dtype": "BF16", "attention_geometry": [10, 12, 16, 8, 10, 4], "attention_math_fidelity": "LoFi", "attention_weight_dtype": "BFP4_B", "collective_workspace_dtype": "BF16", "decode_collective_dtype": "BF16", "layer_idx": 39, "mlp_activation_dtype": "BF16", "mlp_down_weight_dtype": "BFP4_B", "mlp_gate_up_weight_dtype": "BFP4_B", "mlp_geometry": [10, 32, 40, 16, 16], "mlp_math_fidelity": "LoFi", "prefill_collective_dtype": "BF16", "residual_dtype": "BF16", "sdpa_math_fidelity": "HiFi4"}, "layer_exceptions": [], "lm_head_math_fidelity": "HiFi2", "lm_head_weight_dtype": "BF16", "logits_dtype": "BF16", "norm_weight_dtype": "BF16", "sampling_index_dtype": "UINT32", "sampling_logits_dtype": "BF16", "sampling_params_dtype": "BF16"}
entry[0]             top1=0.970 (97/100)  top5=1.000 (100/100)  top100=1.000 (100/100)  TTFT=225.20ms  decode=36.91 t/s/u  e2e=34.39 t/s/u
entry[0] trace stats: {'sampling_mode': 'device_split_trace', 'teacher_forcing': True, 'token_feedback': 'host_forced', 'requested_tokens': 100, 'emitted_tokens': 100, 'ttft_ms': 225.20066983997822, 'trace_setup_ms': 853.8300909567624, 'traced_decode_tokens': 99, 'traced_decode_elapsed_s': 1.8280537300743163, 'traced_decode_t/s/u': 54.15595743784584, 'final_device_positions': [426], 'sampled_token_is_feedback_buffer': True, 'trace_stat_delta': {'captures': 1, 'model_replays': 99, 'sampling_replays': 99, 'releases': 0, 'decode_warmups': 1, 'token_host_copies': 101, 'position_host_copies': 6, 'page_table_host_copies': 1, 'sampling_param_host_copies': 0, 'caller_token_readbacks': 100, 'full_logit_readbacks': 0, 'explicit_synchronizations': 5}}
AGGREGATE            top1=0.970 (97/100)  top5=1.000 (100/100)  top100=1.000 (100/100)  TTFT=225.20ms  decode=36.91 t/s/u  e2e=34.39 t/s/u
nanobind: leaked 2 instances!
 - leaked instance 0x7a72c85ee748 of type "ttnn._ttnn.device.DispatchCoreConfig"
 - leaked instance 0x7a72c84e6748 of type "ttnn._ttnn.tensor.CoreRangeSet"
nanobind: leaked 38 types!
 - leaked type "DispatchCoreAxis"
 - leaked type "ttnn._ttnn.device.SubDeviceManagerId"
 - leaked type "MathFidelity"
 - leaked type "ttnn._ttnn.operations.matmul.MatmulMultiCoreReuseMultiCast1DProgramConfig"
 - leaked type "ttnn._ttnn.operations.matmul.MatmulInputs"
 - leaked type "ttnn._ttnn.multi_device.MeshMapperConfig"
 - leaked type "ttnn._ttnn.operations.matmul.MatmulMultiCoreReuseMultiCastBatchedDRAMShardedProgramConfig"
 - leaked type "BufferType"
 - leaked type "UnaryOpType"
 - leaked type "Layout"
 - ... skipped remainder
nanobind: leaked 321 functions!
 - leaked function "get_dtype"
 - leaked function ""
 - leaked function ""
 - leaked function "sfpu_inf"
 - leaked function "GetNumPCIeDevices"
 - leaked function "__hash__"
 - leaked function "storage_type"
 - leaked function "pad_to_tile"
 - leaked function ""
 - leaked function ""
 - ... skipped remainder
nanobind: this is likely caused by a reference counting issue in the binding code.
See https://nanobind.readthedocs.io/en/latest/refleaks.html2026-08-13 08:31:26.361 | info     |    BuildKernels | JIT cache stats: 403/414 hits (97.3%) [403 cached, 125 build-once dedup, 0 merged artifacts, 0 merged genfiles] (build_cache_telemetry.cpp:207)
2026-08-13 08:31:26.361 | info     |    BuildKernels | JIT telemetry: 3 registered TelemetryTokens (build_cache_telemetry.cpp:230)
2026-08-13 08:31:26.376 | info     |          Device | Closing user mode device drivers (tt_cluster.cpp:512)
2026-08-13 08:31:26.376 | info     |             UMD | Closing devices in cluster (cluster.cpp:1037)
2026-08-13 08:31:26.933 | info     |             UMD | Closing devices in cluster completed. (cluster.cpp:1046)
2026-08-13 08:31:26.933 | info     |             UMD | Cluster destructor started. (cluster.cpp:754)
2026-08-13 08:31:26.933 | info     |             UMD | Cluster destructor completed. (cluster.cpp:757)
