2026-07-29 14:48:59.269 | INFO     | __main__:main:395 - Using port 8086
2026-07-29 14:48:59.269 | INFO     | tracy:run_report_setup:91 - Verifying tracy profiling tools
2026-07-29 14:48:59.388 | INFO     | tracy:run_report_setup:112 - Capture command: ('/home/mvasiljevic/tt-metal/build/tools/profiler/bin/tracy-capture -o /home/mvasiljevic/tt-metal/generated/profiler/.logs/tracy_profile_log_host.tracy -f -p 8086',)
Connecting to 127.0.0.1:8086...2026-07-29 14:48:59.394 | INFO     | __main__:main:413 - Test process started
2026-07-29 14:49:00.388 | DEBUG    | ttnn:<module>:79 - Initial ttnn.CONFIG:
Config{cache_path=/home/mvasiljevic/.cache/ttnn,model_cache_path=/home/mvasiljevic/.cache/ttnn/models,tmp_dir=/tmp/ttnn,enable_model_cache=false,enable_fast_runtime_mode=true,throw_exception_on_fallback=false,enable_logging=false,enable_graph_report=false,enable_graph_python_stack_traces=false,enable_detailed_buffer_report=false,enable_detailed_tensor_report=false,enable_comparison_mode=false,comparison_mode_should_raise_exception=false,comparison_mode_pcc=0.9999,root_report_path=generated/ttnn/reports,report_name=std::nullopt,std::nullopt}
============================= test session starts ==============================
platform linux -- Python 3.12.13, pytest-9.0.3, pluggy-1.6.0 -- /home/mvasiljevic/tt-metal/python_env/bin/python
cachedir: .pytest_cache
benchmark: 5.2.3 (defaults: timer=time.perf_counter disable_gc=False min_rounds=5 min_time=0.000005 max_time=1.0 calibration_precision=10 warmup=False warmup_iterations=100000)
rootdir: /home/mvasiljevic/tt-metal
configfile: pytest.ini
plugins: github-actions-annotate-failures-0.3.0, anyio-4.14.2, dash-2.15.0, split-0.11.0, timeout-2.4.0, benchmark-5.2.3, cov-7.0.0
timeout: 300.0s
timeout method: signal
timeout func_only: False
collecting ... collected 8 items

models/autoports/microsoft_phi_3_5_mini_instruct/tests/fused_decoder_ab_perf.py::test_profile_warmed_prefill_ab[blackhole-functional-FunctionalDecoder-1-mesh_device0] 2026-07-29 14:49:02.876 | info     |          Device | Opening user mode device driver (tt_cluster.cpp:228)
2026-07-29 14:49:02.876 | info     |             UMD | Cluster constructor started. (cluster.cpp:348)
2026-07-29 14:49:02.877 | info     |             UMD | Creating TopologyDiscovery for architecture: blackhole (topology_discovery.cpp:91)
2026-07-29 14:49:02.877 | info     |             UMD | Starting topology discovery. (topology_discovery.cpp:110)
2026-07-29 14:49:02.878 | info     |             UMD | Established firmware bundle version: 19.8.0 (topology_discovery.cpp:569)
2026-07-29 14:49:02.878 | info     |             UMD | Firmware bundle version 19.8.0 on the system is newer than the latest fully tested version 19.5.0 for blackhole architecture. Newest features may not be supported. (topology_discovery.cpp:601)
2026-07-29 14:49:02.882 | info     |             UMD | Completed topology discovery. (topology_discovery.cpp:114)
2026-07-29 14:49:03.106 | info     |             UMD | Opening local chip ids/PCIe ids: {0, 1, 2, 3}/[0, 1, 2, 3] and remote chip ids {} (cluster.cpp:168)
2026-07-29 14:49:03.106 | info     |             UMD | IOMMU: enabled (cluster.cpp:142)
2026-07-29 14:49:03.106 | info     |             UMD | KMD version: 2.8.0 (cluster.cpp:145)
2026-07-29 14:49:03.106 | info     |             UMD | Cluster constructor completed. (cluster.cpp:520)
2026-07-29 14:49:03.107 | info     |             UMD | Starting devices in cluster (cluster.cpp:1024)
2026-07-29 14:49:03.440 | info     |             UMD | Starting devices in cluster completed. (cluster.cpp:1032)
2026-07-29 14:49:03.571 | DEBUG    | ttnn.device:__init__:152 - Using default dispatch core type for this system: DispatchCoreType.WORKER
2026-07-29 14:49:03.571 | DEBUG    | ttnn.device:__init__:154 - Using default dispatch core axis for this system: DispatchCoreAxis.COL
2026-07-29 14:49:03.571 | info     |     Distributed | Using auto discovery to generate mesh graph. (metal_env.cpp:367)
2026-07-29 14:49:03.571 | info     |     Distributed | Constructing control plane using auto-discovery (no mesh graph descriptor). (metal_env.cpp:429)
2026-07-29 14:49:03.572 | warning  |          Always | Unknown motherboard 'B850M-C' for chip_id=0 (bus_id=0x1) — falling back to bus_id as tray_id. Add this motherboard and its bus IDs to mobo_to_bus_ids in physical_system_discovery.cpp. (physical_system_discovery.cpp:89)
2026-07-29 14:49:03.572 | warning  |          Always | Unknown motherboard 'B850M-C' for chip_id=1 (bus_id=0x2) — falling back to bus_id as tray_id. Add this motherboard and its bus IDs to mobo_to_bus_ids in physical_system_discovery.cpp. (physical_system_discovery.cpp:89)
2026-07-29 14:49:03.572 | warning  |          Always | Unknown motherboard 'B850M-C' for chip_id=2 (bus_id=0x3) — falling back to bus_id as tray_id. Add this motherboard and its bus IDs to mobo_to_bus_ids in physical_system_discovery.cpp. (physical_system_discovery.cpp:89)
2026-07-29 14:49:03.572 | warning  |          Always | Unknown motherboard 'B850M-C' for chip_id=3 (bus_id=0x4) — falling back to bus_id as tray_id. Add this motherboard and its bus IDs to mobo_to_bus_ids in physical_system_discovery.cpp. (physical_system_discovery.cpp:89)
2026-07-29 14:49:03.572 | warning  |          Always | Unknown motherboard 'B850M-C' for chip_id=1 (bus_id=0x2) — falling back to bus_id as tray_id. Add this motherboard and its bus IDs to mobo_to_bus_ids in physical_system_discovery.cpp. (physical_system_discovery.cpp:89)
2026-07-29 14:49:03.572 | warning  |          Always | Unknown motherboard 'B850M-C' for chip_id=2 (bus_id=0x3) — falling back to bus_id as tray_id. Add this motherboard and its bus IDs to mobo_to_bus_ids in physical_system_discovery.cpp. (physical_system_discovery.cpp:89)
2026-07-29 14:49:03.572 | warning  |          Always | Unknown motherboard 'B850M-C' for chip_id=0 (bus_id=0x1) — falling back to bus_id as tray_id. Add this motherboard and its bus IDs to mobo_to_bus_ids in physical_system_discovery.cpp. (physical_system_discovery.cpp:89)
2026-07-29 14:49:03.572 | warning  |          Always | Unknown motherboard 'B850M-C' for chip_id=3 (bus_id=0x4) — falling back to bus_id as tray_id. Add this motherboard and its bus IDs to mobo_to_bus_ids in physical_system_discovery.cpp. (physical_system_discovery.cpp:89)
2026-07-29 14:49:03.572 | info     |          Fabric | Logical multi-mesh adjacency: intermesh degree histogram {0:1}; intra-mesh degree histograms mesh0 {1:2, 2:2} (topology_mapper_utils.cpp:2342)
2026-07-29 14:49:03.572 | info     |          Fabric | Physical multi-mesh adjacency: intermesh degree histogram {0:1}; intra-mesh degree histograms mesh0 {1:2, 2:2} (topology_mapper_utils.cpp:2350)
2026-07-29 14:49:03.608 | warning  |           Metal | Opening subset of mmio devices slows down UMD read/write to remote chips. If opening more devices, consider using CreateDevices API. (device_manager.cpp:261)
2026-07-29 14:49:03.615 | info     |           Metal | Profiler started on device 2 (profiler_initializer.cpp:49)
2026-07-29 14:49:03.657 | info     |           Metal | ShmResourceTracker: removed orphaned shm '/tt_device_154095681929601_memory' (shm_resource_tracker.cpp:282)
2026-07-29 14:49:04.235 | info     |           Metal | [Real-time profiler] Device 2 sync complete: 100 samples, frequency=1.349977 GHz, device_time_at_sync=20076375298608 cycles (realtime_profiler_manager.cpp:1127)
2026-07-29 14:49:04.250 | DEBUG    | conftest:mesh_device:599 - multidevice with 1 devices is created
[transformers] This model config has set a `rope_parameters['original_max_position_embeddings']` field, to be used together with `max_position_embeddings` to determine a scaling factor. Please set the `factor` field of `rope_parameters`with this ratio instead -- we recommend the use of this field over `original_max_position_embeddings`, as it is compatible with most model architectures.
2026-07-29 14:49:05.100 | INFO     | tracy:signpost:49 - PERF_FUNCTIONAL_PREFILL_B1
2026-07-29 14:49:05.102 | INFO     | tracy:signpost:49 - PERF_FUNCTIONAL_PREFILL_B1_END
PERF_RESULT implementation=functional mode=prefill batch=1 sequence=128 warm_replays=1 mean_ms=2.176658 median_ms=2.176658 min_ms=2.176658
PASSED2026-07-29 14:49:05.447 | info     |           Metal | Device kernel duration perf summary (device=2): count=107, min=1930ns, avg=40273.0ns, max=478588ns (profiler_analysis.cpp:675)
2026-07-29 14:49:05.447 | info     |           Metal | Device kernel duration perf histogram (device=2): (buckets=10, bucket_size=47700ns, range=[0..477000), underflow(<0ns)=0, overflow(>=477000ns)=1) (profiler_analysis.cpp:718)
2026-07-29 14:49:05.447 | info     |           Metal |   [           0 ..        47700) |########################################|       93 (profiler_analysis.cpp:723)
2026-07-29 14:49:05.447 | info     |           Metal |   [       47700 ..        95400) |#                                       |        2 (profiler_analysis.cpp:723)
2026-07-29 14:49:05.447 | info     |           Metal |   [       95400 ..       143100) |#                                       |        2 (profiler_analysis.cpp:723)
2026-07-29 14:49:05.447 | info     |           Metal |   [      143100 ..       190800) |#                                       |        3 (profiler_analysis.cpp:723)
2026-07-29 14:49:05.447 | info     |           Metal |   [      190800 ..       238500) |#                                       |        2 (profiler_analysis.cpp:723)
2026-07-29 14:49:05.447 | info     |           Metal |   [      238500 ..       286200) |                                        |        1 (profiler_analysis.cpp:723)
2026-07-29 14:49:05.447 | info     |           Metal |   [      286200 ..       333900) |#                                       |        2 (profiler_analysis.cpp:723)
2026-07-29 14:49:05.447 | info     |           Metal |   [      333900 ..       381600) |                                        |        1 (profiler_analysis.cpp:723)
2026-07-29 14:49:05.447 | info     |           Metal |   [      381600 ..       429300) |                                        |        0 (profiler_analysis.cpp:723)
2026-07-29 14:49:05.447 | info     |           Metal |   [      429300 ..       477000) |                                        |        0 (profiler_analysis.cpp:723)

models/autoports/microsoft_phi_3_5_mini_instruct/tests/fused_decoder_ab_perf.py::test_profile_traced_decode_ab[blackhole-functional-FunctionalDecoder-1-mesh_device0] 2026-07-29 14:49:05.822 | DEBUG    | ttnn.device:__init__:152 - Using default dispatch core type for this system: DispatchCoreType.WORKER
2026-07-29 14:49:05.822 | DEBUG    | ttnn.device:__init__:154 - Using default dispatch core axis for this system: DispatchCoreAxis.COL
2026-07-29 14:49:05.864 | warning  |           Metal | Opening subset of mmio devices slows down UMD read/write to remote chips. If opening more devices, consider using CreateDevices API. (device_manager.cpp:261)
2026-07-29 14:49:05.866 | info     |           Metal | Profiler started on device 2 (profiler_initializer.cpp:49)
2026-07-29 14:49:05.907 | DEBUG    | conftest:mesh_device:599 - multidevice with 1 devices is created
2026-07-29 14:49:06.661 | INFO     | tracy:signpost:49 - PERF_FUNCTIONAL_DECODE_B1
2026-07-29 14:49:06.666 | INFO     | tracy:signpost:49 - PERF_FUNCTIONAL_DECODE_B1_END
PERF_RESULT implementation=functional mode=decode batch=1 context=128 trace_replays=5 mean_ms=1.097183 median_ms=1.096926 min_ms=1.094442
PASSED2026-07-29 14:49:07.000 | info     |           Metal | Device kernel duration perf summary (device=2): count=411, min=449ns, avg=20436.0ns, max=474284ns (profiler_analysis.cpp:675)
2026-07-29 14:49:07.000 | info     |           Metal | Device kernel duration perf histogram (device=2): (buckets=10, bucket_size=47400ns, range=[0..474000), underflow(<0ns)=0, overflow(>=474000ns)=1) (profiler_analysis.cpp:718)
2026-07-29 14:49:07.000 | info     |           Metal |   [           0 ..        47400) |########################################|      372 (profiler_analysis.cpp:723)
2026-07-29 14:49:07.000 | info     |           Metal |   [       47400 ..        94800) |##                                      |       14 (profiler_analysis.cpp:723)
2026-07-29 14:49:07.000 | info     |           Metal |   [       94800 ..       142200) |                                        |        0 (profiler_analysis.cpp:723)
2026-07-29 14:49:07.000 | info     |           Metal |   [      142200 ..       189600) |##                                      |       15 (profiler_analysis.cpp:723)
2026-07-29 14:49:07.000 | info     |           Metal |   [      189600 ..       237000) |                                        |        0 (profiler_analysis.cpp:723)
2026-07-29 14:49:07.000 | info     |           Metal |   [      237000 ..       284400) |#                                       |        7 (profiler_analysis.cpp:723)
2026-07-29 14:49:07.000 | info     |           Metal |   [      284400 ..       331800) |                                        |        1 (profiler_analysis.cpp:723)
2026-07-29 14:49:07.000 | info     |           Metal |   [      331800 ..       379200) |                                        |        1 (profiler_analysis.cpp:723)
2026-07-29 14:49:07.000 | info     |           Metal |   [      379200 ..       426600) |                                        |        0 (profiler_analysis.cpp:723)
2026-07-29 14:49:07.000 | info     |           Metal |   [      426600 ..       474000) |                                        |        0 (profiler_analysis.cpp:723)

models/autoports/microsoft_phi_3_5_mini_instruct/tests/fused_decoder_ab_perf.py::test_profile_warmed_prefill_ab[blackhole-functional-FunctionalDecoder-32-mesh_device0] 2026-07-29 14:49:07.478 | DEBUG    | ttnn.device:__init__:152 - Using default dispatch core type for this system: DispatchCoreType.WORKER
2026-07-29 14:49:07.478 | DEBUG    | ttnn.device:__init__:154 - Using default dispatch core axis for this system: DispatchCoreAxis.COL
2026-07-29 14:49:07.516 | warning  |           Metal | Opening subset of mmio devices slows down UMD read/write to remote chips. If opening more devices, consider using CreateDevices API. (device_manager.cpp:261)
2026-07-29 14:49:07.517 | info     |           Metal | Profiler started on device 2 (profiler_initializer.cpp:49)
2026-07-29 14:49:07.557 | DEBUG    | conftest:mesh_device:599 - multidevice with 1 devices is created
2026-07-29 14:49:08.367 | INFO     | tracy:signpost:49 - PERF_FUNCTIONAL_PREFILL_B32
2026-07-29 14:49:08.405 | INFO     | tracy:signpost:49 - PERF_FUNCTIONAL_PREFILL_B32_END
PERF_RESULT implementation=functional mode=prefill batch=32 sequence=128 warm_replays=1 mean_ms=37.820041 median_ms=37.820041 min_ms=37.820041
PASSED2026-07-29 14:49:08.774 | info     |           Metal | Device kernel duration perf summary (device=2): count=359, min=1906ns, avg=213587.4ns, max=8754290ns (profiler_analysis.cpp:675)
2026-07-29 14:49:08.774 | info     |           Metal | Device kernel duration perf histogram (device=2): (buckets=10, bucket_size=875300ns, range=[0..8753000), underflow(<0ns)=0, overflow(>=8753000ns)=1) (profiler_analysis.cpp:718)
2026-07-29 14:49:08.774 | info     |           Metal |   [           0 ..       875300) |########################################|      351 (profiler_analysis.cpp:723)
2026-07-29 14:49:08.774 | info     |           Metal |   [      875300 ..      1750600) |                                        |        0 (profiler_analysis.cpp:723)
2026-07-29 14:49:08.774 | info     |           Metal |   [     1750600 ..      2625900) |                                        |        0 (profiler_analysis.cpp:723)
2026-07-29 14:49:08.774 | info     |           Metal |   [     2625900 ..      3501200) |                                        |        2 (profiler_analysis.cpp:723)
2026-07-29 14:49:08.774 | info     |           Metal |   [     3501200 ..      4376500) |                                        |        0 (profiler_analysis.cpp:723)
2026-07-29 14:49:08.774 | info     |           Metal |   [     4376500 ..      5251800) |                                        |        2 (profiler_analysis.cpp:723)
2026-07-29 14:49:08.774 | info     |           Metal |   [     5251800 ..      6127100) |                                        |        0 (profiler_analysis.cpp:723)
2026-07-29 14:49:08.774 | info     |           Metal |   [     6127100 ..      7002400) |                                        |        2 (profiler_analysis.cpp:723)
2026-07-29 14:49:08.774 | info     |           Metal |   [     7002400 ..      7877700) |                                        |        0 (profiler_analysis.cpp:723)
2026-07-29 14:49:08.774 | info     |           Metal |   [     7877700 ..      8753000) |                                        |        1 (profiler_analysis.cpp:723)

models/autoports/microsoft_phi_3_5_mini_instruct/tests/fused_decoder_ab_perf.py::test_profile_traced_decode_ab[blackhole-functional-FunctionalDecoder-32-mesh_device0] 2026-07-29 14:49:09.302 | DEBUG    | ttnn.device:__init__:152 - Using default dispatch core type for this system: DispatchCoreType.WORKER
2026-07-29 14:49:09.302 | DEBUG    | ttnn.device:__init__:154 - Using default dispatch core axis for this system: DispatchCoreAxis.COL
2026-07-29 14:49:09.340 | warning  |           Metal | Opening subset of mmio devices slows down UMD read/write to remote chips. If opening more devices, consider using CreateDevices API. (device_manager.cpp:261)
2026-07-29 14:49:09.341 | info     |           Metal | Profiler started on device 2 (profiler_initializer.cpp:49)
2026-07-29 14:49:09.382 | DEBUG    | conftest:mesh_device:599 - multidevice with 1 devices is created
2026-07-29 14:49:10.126 | INFO     | tracy:signpost:49 - PERF_FUNCTIONAL_DECODE_B32
2026-07-29 14:49:10.132 | INFO     | tracy:signpost:49 - PERF_FUNCTIONAL_DECODE_B32_END
PERF_RESULT implementation=functional mode=decode batch=32 context=128 trace_replays=5 mean_ms=1.226910 median_ms=1.226083 min_ms=1.222135
PASSED2026-07-29 14:49:10.524 | info     |           Metal | Device kernel duration perf summary (device=2): count=390, min=857ns, avg=23524.2ns, max=474501ns (profiler_analysis.cpp:675)
2026-07-29 14:49:10.524 | info     |           Metal | Device kernel duration perf histogram (device=2): (buckets=10, bucket_size=47400ns, range=[0..474000), underflow(<0ns)=0, overflow(>=474000ns)=1) (profiler_analysis.cpp:718)
2026-07-29 14:49:10.524 | info     |           Metal |   [           0 ..        47400) |########################################|      344 (profiler_analysis.cpp:723)
2026-07-29 14:49:10.524 | info     |           Metal |   [       47400 ..        94800) |##                                      |       21 (profiler_analysis.cpp:723)
2026-07-29 14:49:10.524 | info     |           Metal |   [       94800 ..       142200) |                                        |        0 (profiler_analysis.cpp:723)
2026-07-29 14:49:10.524 | info     |           Metal |   [      142200 ..       189600) |##                                      |       15 (profiler_analysis.cpp:723)
2026-07-29 14:49:10.524 | info     |           Metal |   [      189600 ..       237000) |                                        |        0 (profiler_analysis.cpp:723)
2026-07-29 14:49:10.524 | info     |           Metal |   [      237000 ..       284400) |#                                       |        7 (profiler_analysis.cpp:723)
2026-07-29 14:49:10.524 | info     |           Metal |   [      284400 ..       331800) |                                        |        1 (profiler_analysis.cpp:723)
2026-07-29 14:49:10.524 | info     |           Metal |   [      331800 ..       379200) |                                        |        1 (profiler_analysis.cpp:723)
2026-07-29 14:49:10.524 | info     |           Metal |   [      379200 ..       426600) |                                        |        0 (profiler_analysis.cpp:723)
2026-07-29 14:49:10.524 | info     |           Metal |   [      426600 ..       474000) |                                        |        0 (profiler_analysis.cpp:723)

models/autoports/microsoft_phi_3_5_mini_instruct/tests/fused_decoder_ab_perf.py::test_profile_warmed_prefill_ab[blackhole-fused-FusedDecoder-1-mesh_device0] 2026-07-29 14:49:11.087 | DEBUG    | ttnn.device:__init__:152 - Using default dispatch core type for this system: DispatchCoreType.WORKER
2026-07-29 14:49:11.088 | DEBUG    | ttnn.device:__init__:154 - Using default dispatch core axis for this system: DispatchCoreAxis.COL
2026-07-29 14:49:11.133 | warning  |           Metal | Opening subset of mmio devices slows down UMD read/write to remote chips. If opening more devices, consider using CreateDevices API. (device_manager.cpp:261)
2026-07-29 14:49:11.135 | info     |           Metal | Profiler started on device 2 (profiler_initializer.cpp:49)
2026-07-29 14:49:11.175 | DEBUG    | conftest:mesh_device:599 - multidevice with 1 devices is created
2026-07-29 14:49:11.945 | INFO     | tracy:signpost:49 - PERF_FUSED_PREFILL_B1
2026-07-29 14:49:11.948 | INFO     | tracy:signpost:49 - PERF_FUSED_PREFILL_B1_END
PERF_RESULT implementation=fused mode=prefill batch=1 sequence=128 warm_replays=1 mean_ms=1.994071 median_ms=1.994071 min_ms=1.994071
PASSED2026-07-29 14:49:12.195 | critical |          Always | TT_FATAL: End marker found without a corresponding start marker.
End marker: Program Execution UID: (815106, 9223372036854775808, 9223372036854775808)
Chip ID: 2
Physical Core: (11, 5)
RISC: NCRISC
Marker ID: 19703
Marker Name: NCRISC-KERNEL
Marker Type: ZONE_END
Marker Name Keywords: [-KERNEL, NCRISC-KERNEL]
Timestamp: 2491081031682
Data: 0
Op Name:
Line: 69
File: /home/mvasiljevic/tt-metal/tt_metal/hw/firmware/src/tt-1xx/ncrisck.cc
Meta Data: null
 (assert.hpp:104)
terminate called after throwing an instance of 'std::runtime_error'
  what():  TT_FATAL @ /home/mvasiljevic/tt-metal/tt_metal/impl/profiler/profiler.cpp:2089: false
info:
End marker found without a corresponding start marker.
End marker: Program Execution UID: (815106, 9223372036854775808, 9223372036854775808)
Chip ID: 2
Physical Core: (11, 5)
RISC: NCRISC
Marker ID: 19703
Marker Name: NCRISC-KERNEL
Marker Type: ZONE_END
Marker Name Keywords: [-KERNEL, NCRISC-KERNEL]
Timestamp: 2491081031682
Data: 0
Op Name:
Line: 69
File: /home/mvasiljevic/tt-metal/tt_metal/hw/firmware/src/tt-1xx/ncrisck.cc
Meta Data: null

backtrace:
 --- void tt::assert::detail::tt_throw<std::__cxx11::basic_string<char, std::char_traits<char>, std::allocator<char> >, char*>(char const*, int, char const*, char const*, fmt::v11::fstring<std::__cxx11::basic_string<char, std::char_traits<char>, std::allocator<char> > const&, char* const&>::t, std::__cxx11::basic_string<char, std::char_traits<char>, std::allocator<char> > const&, char* const&)
 --- tt::tt_metal::DeviceProfiler::processDeviceMarkerData(std::set<tracy::TTDeviceMarker, std::less<tracy::TTDeviceMarker>, std::allocator<tracy::TTDeviceMarker> >&)
 --- /home/mvasiljevic/tt-metal/build_Release/lib/libtt_metal.so(+0x85f7bc) [0x783755e5f7bc]
 --- /home/mvasiljevic/tt-metal/build_Release/lib/libtt_metal.so(+0xa6c7e3) [0x78375606c7e3]
 --- /lib/x86_64-linux-gnu/libstdc++.so.6(+0xf5c79) [0x78378ee54c79]
 --- /lib/x86_64-linux-gnu/libc.so.6(+0x9caa4) [0x7837be999aa4]
 --- /lib/x86_64-linux-gnu/libc.so.6(__clone+0x44) [0x7837bea26a64]

Fatal Python error: Aborted

Thread 0x00007837be8fa740 (most recent call first):
  File "/home/mvasiljevic/tt-metal/ttnn/ttnn/distributed/distributed.py", line 689 in close_mesh_device
  File "/home/mvasiljevic/tt-metal/conftest.py", line 605 in mesh_device
  File "/home/mvasiljevic/tt-metal/python_env/lib/python3.12/site-packages/_pytest/fixtures.py", line 924 in _teardown_yield_fixture
  File "/home/mvasiljevic/tt-metal/python_env/lib/python3.12/site-packages/_pytest/fixtures.py", line 1042 in finish
  File "/home/mvasiljevic/tt-metal/python_env/lib/python3.12/site-packages/_pytest/runner.py", line 555 in teardown_exact
  File "/home/mvasiljevic/tt-metal/python_env/lib/python3.12/site-packages/_pytest/runner.py", line 194 in pytest_runtest_teardown
  File "/home/mvasiljevic/tt-metal/python_env/lib/python3.12/site-packages/pluggy/_callers.py", line 121 in _multicall
  File "/home/mvasiljevic/tt-metal/python_env/lib/python3.12/site-packages/pluggy/_manager.py", line 120 in _hookexec
  File "/home/mvasiljevic/tt-metal/python_env/lib/python3.12/site-packages/pluggy/_hooks.py", line 512 in __call__
  File "/home/mvasiljevic/tt-metal/python_env/lib/python3.12/site-packages/_pytest/runner.py", line 245 in <lambda>
  File "/home/mvasiljevic/tt-metal/python_env/lib/python3.12/site-packages/_pytest/runner.py", line 353 in from_call
  File "/home/mvasiljevic/tt-metal/python_env/lib/python3.12/site-packages/_pytest/runner.py", line 244 in call_and_report
  File "/home/mvasiljevic/tt-metal/python_env/lib/python3.12/site-packages/_pytest/runner.py", line 142 in runtestprotocol
  File "/home/mvasiljevic/tt-metal/python_env/lib/python3.12/site-packages/_pytest/runner.py", line 118 in pytest_runtest_protocol
  File "/home/mvasiljevic/tt-metal/python_env/lib/python3.12/site-packages/pluggy/_callers.py", line 121 in _multicall
  File "/home/mvasiljevic/tt-metal/python_env/lib/python3.12/site-packages/pluggy/_manager.py", line 120 in _hookexec
  File "/home/mvasiljevic/tt-metal/python_env/lib/python3.12/site-packages/pluggy/_hooks.py", line 512 in __call__
  File "/home/mvasiljevic/tt-metal/python_env/lib/python3.12/site-packages/_pytest/main.py", line 396 in pytest_runtestloop
  File "/home/mvasiljevic/tt-metal/python_env/lib/python3.12/site-packages/pluggy/_callers.py", line 121 in _multicall
  File "/home/mvasiljevic/tt-metal/python_env/lib/python3.12/site-packages/pluggy/_manager.py", line 120 in _hookexec
  File "/home/mvasiljevic/tt-metal/python_env/lib/python3.12/site-packages/pluggy/_hooks.py", line 512 in __call__
  File "/home/mvasiljevic/tt-metal/python_env/lib/python3.12/site-packages/_pytest/main.py", line 372 in _main
  File "/home/mvasiljevic/tt-metal/python_env/lib/python3.12/site-packages/_pytest/main.py", line 318 in wrap_session
  File "/home/mvasiljevic/tt-metal/python_env/lib/python3.12/site-packages/_pytest/main.py", line 365 in pytest_cmdline_main
  File "/home/mvasiljevic/tt-metal/python_env/lib/python3.12/site-packages/pluggy/_callers.py", line 121 in _multicall
  File "/home/mvasiljevic/tt-metal/python_env/lib/python3.12/site-packages/pluggy/_manager.py", line 120 in _hookexec
  File "/home/mvasiljevic/tt-metal/python_env/lib/python3.12/site-packages/pluggy/_hooks.py", line 512 in __call__
  File "/home/mvasiljevic/tt-metal/python_env/lib/python3.12/site-packages/_pytest/config/__init__.py", line 199 in main
  File "/home/mvasiljevic/tt-metal/python_env/lib/python3.12/site-packages/_pytest/config/__init__.py", line 223 in console_main
  File "/home/mvasiljevic/tt-metal/python_env/lib/python3.12/site-packages/pytest/__main__.py", line 9 in <module>
  File "<frozen runpy>", line 88 in _run_code
  File "<frozen runpy>", line 229 in run_module
  File "<string>", line 1 in <module>
  File "/home/mvasiljevic/tt-metal/tools/tracy/__init__.py", line 84 in runctx
  File "/home/mvasiljevic/tt-metal/tools/tracy/__main__.py", line 386 in main
  File "/home/mvasiljevic/tt-metal/tools/tracy/__main__.py", line 493 in <module>
  File "<frozen runpy>", line 88 in _run_code
  File "<frozen runpy>", line 198 in _run_module_as_main

Extension modules: yaml._yaml, numpy.core._multiarray_umath, numpy.core._multiarray_tests, numpy.linalg._umath_linalg, numpy.fft._pocketfft_internal, numpy.random._common, numpy.random.bit_generator, numpy.random._bounded_integers, numpy.random._mt19937, numpy.random.mtrand, numpy.random._philox, numpy.random._pcg64, numpy.random._sfc64, numpy.random._generator, pyarrow.lib, pandas._libs.tslibs.ccalendar, pandas._libs.tslibs.np_datetime, pandas._libs.tslibs.dtypes, pandas._libs.tslibs.base, pandas._libs.tslibs.nattype, pandas._libs.tslibs.timezones, pandas._libs.tslibs.fields, pandas._libs.tslibs.timedeltas, pandas._libs.tslibs.tzconversion, pandas._libs.tslibs.timestamps, pandas._libs.properties, pandas._libs.tslibs.offsets, pandas._libs.tslibs.strptime, pandas._libs.tslibs.parsing, pandas._libs.tslibs.conversion, pandas._libs.tslibs.period, pandas._libs.tslibs.vectorized, pandas._libs.ops_dispatch, pandas._libs.missing, pandas._libs.hashtable, pandas._libs.algos, pandas._libs.interval, pandas._libs.lib, pyarrow._compute, pandas._libs.ops, pandas._libs.hashing, pandas._libs.arrays, pandas._libs.tslib, pandas._libs.sparse, pandas._libs.internals, pandas._libs.indexing, pandas._libs.index, pandas._libs.writers, pandas._libs.join, pandas._libs.window.aggregations, pandas._libs.window.indexers, pandas._libs.reshape, pandas._libs.groupby, pandas._libs.json, pandas._libs.parsers, pandas._libs.testing, PIL._imaging, kiwisolver._cext, _cyutility, scipy._cyutility, scipy._lib._ccallback_c, scipy.sparse._sparsetools, _csparsetools, scipy.sparse._csparsetools, scipy.spatial._ckdtree, scipy._lib.messagestream, scipy.linalg._fblas, scipy.linalg._flapack, scipy.linalg.cython_lapack, scipy.linalg._cythonized_array_utils, scipy.linalg._solve_toeplitz, scipy.linalg._batched_linalg, scipy.linalg._decomp_lu_cython, scipy.linalg._matfuncs_schur_sqrtm, scipy.linalg._matfuncs_expm, scipy.linalg._linalg_pythran, scipy.linalg.cython_blas, scipy.linalg._decomp_update, scipy.spatial._qhull, scipy.spatial._voronoi, scipy.special._ufuncs_cxx, scipy.special._ellip_harm_2, scipy.special._special_ufuncs, scipy.special._gufuncs, scipy.special._ufuncs, scipy.special._specfun, scipy.special._comb, scipy.spatial._hausdorff, scipy.spatial._distance_wrap, scipy.spatial.transform._rotation_cy, scipy.spatial.transform._rigid_transform_cy, scipy.sparse.linalg._dsolve._superlu, scipy.sparse.linalg._eigen.arpack._arpacklib, scipy.sparse.linalg._propack, scipy.optimize._group_columns, scipy.optimize._trlib._trlib, scipy.optimize._lbfgsb, _moduleTNC, scipy.optimize._moduleTNC, scipy.optimize._slsqplib, scipy.optimize._minpack, scipy.optimize._lsq.givens_elimination, scipy.optimize._zeros, scipy._lib._uarray._uarray, scipy.linalg._decomp_interpolative, scipy.optimize._bglu_dense, scipy.optimize._lsap, scipy.optimize._direct, scipy.integrate._odepack, scipy.integrate._quadpack, scipy.integrate._vode, scipy.integrate._dop, scipy.interpolate._fitpack, scipy.interpolate._dfitpack, scipy.interpolate._dierckx, scipy.interpolate._ppoly, scipy.interpolate._interpnd, scipy.interpolate._rbfinterp_pythran, scipy.interpolate._rgi_cython, scipy.special.cython_special, scipy.stats._stats, scipy.stats._biasedurn, scipy.stats._stats_pythran, scipy.stats._levy_stable.levyst, scipy.stats._ansari_swilk_statistics, scipy.sparse.csgraph._tools, scipy.sparse.csgraph._shortest_path, scipy.sparse.csgraph._traversal, scipy.sparse.csgraph._min_spanning_tree, scipy.sparse.csgraph._flow, scipy.sparse.csgraph._matching, scipy.sparse.csgraph._reordering, scipy.stats._sobol, scipy.stats._qmc_cy, scipy.stats._rcont.rcont, scipy.stats._qmvnt_cy, scipy.ndimage._nd_image, scipy.ndimage._rank_filter_1d, _ni_label, scipy.ndimage._ni_label, scipy.cluster._vq, scipy.cluster._hierarchy, scipy.cluster._optimal_leaf_ordering, torch._C, torch._C._dynamo.autograd_compiler, torch._C._dynamo.eval_frame, torch._C._dynamo.guards, torch._C._dynamo.utils, torch._C._fft, torch._C._linalg, torch._C._nested, torch._C._nn, torch._C._sparse, torch._C._special, markupsafe._speedups, zmq.backend.cython._zmq, tornado.speedups, msgpack._cmsgpack, psutil._psutil_linux, _brotli, backports.zstd._zstd, charset_normalizer.md, charset_normalizer.cd, simplejson._speedups, requests.packages.charset_normalizer.md, requests.packages.chardet.md, requests.packages.charset_normalizer.cd, requests.packages.chardet.cd, PIL._imagingft, regex._regex, sklearn.__check_build._check_build, sklearn._cyutility, sklearn.utils._isfinite, sklearn.utils.sparsefuncs_fast, sklearn.utils.murmurhash, sklearn.utils._openmp_helpers, sklearn.metrics.cluster._expected_mutual_info_fast, sklearn.metrics._dist_metrics, sklearn.metrics._pairwise_distances_reduction._datasets_pair, sklearn.utils._cython_blas, sklearn.metrics._pairwise_distances_reduction._base, sklearn.metrics._pairwise_distances_reduction._middle_term_computer, sklearn.utils._heap, sklearn.utils._sorting, sklearn.metrics._pairwise_distances_reduction._argkmin, sklearn.metrics._pairwise_distances_reduction._argkmin_classmode, sklearn.utils._vector_sentinel, sklearn.metrics._pairwise_distances_reduction._radius_neighbors, sklearn.metrics._pairwise_distances_reduction._radius_neighbors_classmode, sklearn.metrics._pairwise_fast, sklearn.preprocessing._csr_polynomial_expansion, sklearn.preprocessing._target_encoder_fast, _cffi_backend (total: 193)

Timer resolution: 0 ns

Frames: 2
Time span: 4:08:10
Zones: 1,441,096
Elapsed time: 13.01 s
Saving trace... done!
Trace size 16.44 MB (18.07% ratio)
Aborted (core dumped)
2026-07-29 14:49:16.956 | INFO     | __main__:main:452 - Copying /home/mvasiljevic/tt-metal/generated/profiler/.logs/tracy_profile_log_host.tracy to /home/mvasiljevic/tt-metal/build/profiler/build_wasm/traces/fused_decoder_ab_perf_2026_07_29_14_49_16.tracy
2026-07-29 14:49:16.960 | INFO     | __main__:main:455 - Copied /home/mvasiljevic/tt-metal/generated/profiler/.logs/tracy_profile_log_host.tracy to /home/mvasiljevic/tt-metal/build/profiler/build_wasm/traces/fused_decoder_ab_perf_2026_07_29_14_49_16.tracy
2026-07-29 14:49:16.960 | INFO     | __main__:main:464 - embed.tracy -> traces/fused_decoder_ab_perf_2026_07_29_14_49_16.tracy
2026-07-29 14:49:16.960 | INFO     | tracy.serve_wasm:launch_server_subprocess:284 - Launching tracy web app GUI server subprocess...
2026-07-29 14:49:16.960 | INFO     | tracy.serve_wasm:launch_server_subprocess:287 - Tracy WASM web UI (open in browser): http://localhost:8080/ (WebSocket for live reload: ws://localhost:8081/)
2026-07-29 14:49:16.960 | INFO     | tracy.serve_wasm:launch_server_subprocess:294 - Tracy WASM server already serving port 8080; reusing it (live-reload refreshes the browser).
2026-07-29 14:49:17.498 | INFO     | tracy:generate_report:162 - Host side ops time report generated at /home/mvasiljevic/tt-metal/generated/profiler/.logs/tracy_ops_times.csv
2026-07-29 14:49:17.560 | INFO     | tracy:generate_report:173 - Host side ops data report generated at /home/mvasiljevic/tt-metal/generated/profiler/.logs/tracy_ops_data.csv
2026-07-29 14:49:17.561 | INFO     | tracy.process_ops_logs:import_tracy_op_logs:345 - Importing ops logs
/home/mvasiljevic/tt-metal/tools/tracy/process_ops_logs.py:450: DtypeWarning: Columns (3,4,8) have mixed types. Specify dtype option on import or set low_memory=False.
  df = pd.read_csv(tracyOpTimesLog)
2026-07-29 14:49:18.965 | INFO     | tracy.perf_counter_analysis:get_device_op_data:2140 - Getting device ops
2026-07-29 14:49:18.965 | INFO     | tracy.process_ops_logs:append_device_data:1009 - Appending device data
Traceback (most recent call last):
  File "<frozen runpy>", line 198, in _run_module_as_main
  File "<frozen runpy>", line 88, in _run_code
  File "/home/mvasiljevic/tt-metal/tools/tracy/__main__.py", line 493, in <module>
    main()
  File "/home/mvasiljevic/tt-metal/tools/tracy/__main__.py", line 470, in main
    generate_report(
  File "/home/mvasiljevic/tt-metal/tools/tracy/__init__.py", line 175, in generate_report
    process_ops(
  File "/home/mvasiljevic/tt-metal/tools/tracy/process_ops_logs.py", line 1810, in process_ops
    deviceOps, traceOps = append_device_data(
                          ^^^^^^^^^^^^^^^^^^^
  File "/home/mvasiljevic/tt-metal/tools/tracy/process_ops_logs.py", line 1020, in append_device_data
    host_ops_by_device = _enrich_ops_from_perf_csv(host_ops_by_device, device_perf_by_device, traceReplays)
                         ^^^^^^^^^^^^^^^^^^^^^^^^^^^^^^^^^^^^^^^^^^^^^^^^^^^^^^^^^^^^^^^^^^^^^^^^^^^^^^^^^^
  File "/home/mvasiljevic/tt-metal/tools/tracy/process_ops_logs.py", line 606, in _enrich_ops_from_perf_csv
    assert candidates, (
           ^^^^^^^^^^
AssertionError: Device data missing: Op 719874 not present in cpp_device_perf_report.csv for device 2 (trace_id=None)
