2026-07-15 05:50:17.800 | DEBUG    | ttnn:<module>:79 - Initial ttnn.CONFIG:
Config{cache_path=/home/odjuricic/.cache/ttnn,model_cache_path=/home/odjuricic/.cache/ttnn/models,tmp_dir=/tmp/ttnn,enable_model_cache=false,enable_fast_runtime_mode=true,throw_exception_on_fallback=false,enable_logging=false,enable_graph_report=false,enable_graph_python_stack_traces=false,enable_detailed_buffer_report=false,enable_detailed_tensor_report=false,enable_comparison_mode=false,comparison_mode_should_raise_exception=false,comparison_mode_pcc=0.9999,root_report_path=generated/ttnn/reports,report_name=std::nullopt,std::nullopt}
2026-07-15 05:50:21.824 | info     |          Device | Opening user mode device driver (tt_cluster.cpp:228)
2026-07-15 05:50:21.824 | info     |             UMD | Cluster constructor started. (cluster.cpp:348)
2026-07-15 05:50:21.825 | info     |             UMD | Creating TopologyDiscovery for architecture: blackhole (topology_discovery.cpp:91)
2026-07-15 05:50:21.825 | info     |             UMD | Starting topology discovery. (topology_discovery.cpp:110)
2026-07-15 05:50:21.826 | info     |             UMD | Established firmware bundle version: 19.9.0 (topology_discovery.cpp:569)
2026-07-15 05:50:21.826 | info     |             UMD | Firmware bundle version 19.9.0 on the system is newer than the latest fully tested version 19.5.0 for blackhole architecture. Newest features may not be supported. (topology_discovery.cpp:601)
2026-07-15 05:50:21.829 | info     |             UMD | Completed topology discovery. (topology_discovery.cpp:114)
2026-07-15 05:50:21.997 | info     |             UMD | Opening local chip ids/PCIe ids: {0, 1, 2, 3}/[1, 2, 3, 0] and remote chip ids {} (cluster.cpp:168)
2026-07-15 05:50:21.997 | info     |             UMD | IOMMU: enabled (cluster.cpp:142)
2026-07-15 05:50:21.997 | info     |             UMD | KMD version: 2.4.1 (cluster.cpp:145)
2026-07-15 05:50:21.997 | info     |             UMD | Cluster constructor completed. (cluster.cpp:520)
2026-07-15 05:50:22.000 | info     |             UMD | Starting devices in cluster (cluster.cpp:1024)
2026-07-15 05:50:22.258 | info     |             UMD | Starting devices in cluster completed. (cluster.cpp:1032)
2026-07-15 05:50:22.873 | info     |     Distributed | Using auto discovery to generate mesh graph. (metal_env.cpp:367)
2026-07-15 05:50:22.873 | info     |     Distributed | Constructing control plane using auto-discovery (no mesh graph descriptor). (metal_env.cpp:429)
2026-07-15 05:50:22.874 | info     |          Fabric | Logical multi-mesh adjacency: intermesh degree histogram {0:1}; intra-mesh degree histograms mesh0 {2:4} (topology_mapper_utils.cpp:2342)
2026-07-15 05:50:22.874 | info     |          Fabric | Physical multi-mesh adjacency: intermesh degree histogram {0:1}; intra-mesh degree histograms mesh0 {2:4} (topology_mapper_utils.cpp:2350)
2026-07-15 05:50:22.875 | DEBUG    | ttnn.device:__init__:152 - Using default dispatch core type for this system: DispatchCoreType.WORKER
2026-07-15 05:50:22.875 | DEBUG    | ttnn.device:__init__:154 - Using default dispatch core axis for this system: DispatchCoreAxis.COL
2026-07-15 05:50:22.890 | info     |    BuildKernels | Using pre-compiled firmware from: /localdev/odjuricic/tt-metal/tt_metal/pre-compiled/13793420398762238087/ (build_env_manager.cpp:347)
2026-07-15 05:50:22.890 | info     |    BuildKernels | Using pre-compiled firmware from: /localdev/odjuricic/tt-metal/tt_metal/pre-compiled/13793420398762238087/ (build_env_manager.cpp:347)
2026-07-15 05:50:22.890 | info     |    BuildKernels | Using pre-compiled firmware from: /localdev/odjuricic/tt-metal/tt_metal/pre-compiled/13793420398762238087/ (build_env_manager.cpp:347)
2026-07-15 05:50:22.890 | info     |    BuildKernels | Using pre-compiled firmware from: /localdev/odjuricic/tt-metal/tt_metal/pre-compiled/13793420398762238087/ (build_env_manager.cpp:347)
2026-07-15 05:50:22.949 | info     |           Metal | Initializing Fabric (fabric_firmware_initializer.cpp:288)
2026-07-15 05:50:23.057 | info     |           Metal | Fabric initialized on Device 0 (device.cpp:429)
2026-07-15 05:50:23.059 | info     |           Metal | Fabric initialized on Device 1 (device.cpp:429)
2026-07-15 05:50:23.060 | info     |           Metal | Fabric initialized on Device 2 (device.cpp:429)
2026-07-15 05:50:23.061 | info     |           Metal | Fabric initialized on Device 3 (device.cpp:429)
2026-07-15 05:50:23.061 | info     |           Metal | Fabric initialized on 4 devices (fabric_firmware_initializer.cpp:435)
2026-07-15 05:50:23.061 | info     |           Metal | Fabric Initialized with config FabricConfig::FABRIC_1D (fabric_firmware_initializer.cpp:305)
2026-07-15 05:50:23.116 | info     |           Metal | ShmResourceTracker: removed orphaned shm '/tt_device_143238002115104_memory' (shm_resource_tracker.cpp:282)
2026-07-15 05:50:23.117 | info     |           Metal | ShmResourceTracker: removed orphaned shm '/tt_device_143238002118688_memory' (shm_resource_tracker.cpp:282)
2026-07-15 05:50:23.117 | info     |           Metal | ShmResourceTracker: removed orphaned shm '/tt_device_143238002114624_memory' (shm_resource_tracker.cpp:282)
2026-07-15 05:50:23.117 | info     |           Metal | ShmResourceTracker: removed orphaned shm '/tt_device_143238002115584_memory' (shm_resource_tracker.cpp:282)
2026-07-15 05:50:23.688 | info     |           Metal | [Real-time profiler] Device 3 sync complete: 100 samples, frequency=1.349981 GHz, device_time_at_sync=53429323149070 cycles (realtime_profiler_manager.cpp:1127)
2026-07-15 05:50:23.700 | info     |           Metal | [Real-time profiler] Device 2 sync complete: 100 samples, frequency=1.349986 GHz, device_time_at_sync=53420964259085 cycles (realtime_profiler_manager.cpp:1127)
2026-07-15 05:50:23.700 | info     |           Metal | [Real-time profiler] Device 1 sync complete: 100 samples, frequency=1.349978 GHz, device_time_at_sync=53420099081694 cycles (realtime_profiler_manager.cpp:1127)
2026-07-15 05:50:23.700 | info     |           Metal | [Real-time profiler] Device 0 sync complete: 100 samples, frequency=1.349985 GHz, device_time_at_sync=53412056064616 cycles (realtime_profiler_manager.cpp:1127)
2026-07-15 05:50:39.922 | DEBUG    | core:as_tensor:724 - Loaded cache for /tmp/gemma4_31b_full_model_tensor_cache/final_norm/weight_dtype_BFLOAT16_layout_ROW_MAJOR.tensorbin of shape Shape([1, 1, 168, 32])
2026-07-15 05:50:41.109 | DEBUG    | core:as_tensor:724 - Loaded cache for /tmp/gemma4_31b_full_model_tensor_cache/layer_0/layer_0/input_layernorm/weight_dtype_BFLOAT16_layout_ROW_MAJOR.tensorbin of shape Shape([1, 1, 168, 32])
2026-07-15 05:50:41.110 | DEBUG    | core:as_tensor:724 - Loaded cache for /tmp/gemma4_31b_full_model_tensor_cache/layer_0/layer_0/post_attention_layernorm/weight_dtype_BFLOAT16_layout_ROW_MAJOR.tensorbin of shape Shape([1, 1, 168, 32])
2026-07-15 05:50:41.110 | DEBUG    | core:as_tensor:724 - Loaded cache for /tmp/gemma4_31b_full_model_tensor_cache/layer_0/layer_0/pre_feedforward_layernorm/weight_dtype_BFLOAT16_layout_ROW_MAJOR.tensorbin of shape Shape([1, 1, 168, 32])
2026-07-15 05:50:41.110 | DEBUG    | core:as_tensor:724 - Loaded cache for /tmp/gemma4_31b_full_model_tensor_cache/layer_0/layer_0/post_feedforward_layernorm/weight_dtype_BFLOAT16_layout_ROW_MAJOR.tensorbin of shape Shape([1, 1, 168, 32])
2026-07-15 05:50:41.232 | DEBUG    | core:as_tensor:724 - Loaded cache for /tmp/gemma4_31b_full_model_tensor_cache/layer_0/layer_0/self_attn/wqkv_tp4_bfp8_dtype_BFLOAT8_B_layout_TILE.tensorbin of shape Shape([1, 1, 5376, 4096])
2026-07-15 05:50:41.243 | DEBUG    | core:as_tensor:724 - Loaded cache for /tmp/gemma4_31b_full_model_tensor_cache/layer_0/layer_0/self_attn/o_proj_tp4_bfp8_dtype_BFLOAT8_B_layout_TILE.tensorbin of shape Shape([1, 1, 2048, 5376])
2026-07-15 05:50:41.243 | DEBUG    | core:as_tensor:724 - Loaded cache for /tmp/gemma4_31b_full_model_tensor_cache/layer_0/layer_0/self_attn/q_norm.weight_tp4_dtype_BFLOAT16_layout_ROW_MAJOR.tensorbin of shape Shape([1, 1, 8, 32])
2026-07-15 05:50:41.243 | DEBUG    | core:as_tensor:724 - Loaded cache for /tmp/gemma4_31b_full_model_tensor_cache/layer_0/layer_0/self_attn/k_norm.weight_tp4_dtype_BFLOAT16_layout_ROW_MAJOR.tensorbin of shape Shape([1, 1, 8, 32])
2026-07-15 05:50:41.293 | DEBUG    | core:as_tensor:724 - Loaded cache for /tmp/gemma4_31b_full_model_tensor_cache/layer_0/layer_0/mlp/gate_proj.weight_tp4_bfp8_dtype_BFLOAT8_B_layout_TILE.tensorbin of shape Shape([1, 1, 5376, 5376])
2026-07-15 05:50:41.313 | DEBUG    | core:as_tensor:724 - Loaded cache for /tmp/gemma4_31b_full_model_tensor_cache/layer_0/layer_0/mlp/up_proj.weight_tp4_bfp8_dtype_BFLOAT8_B_layout_TILE.tensorbin of shape Shape([1, 1, 5376, 5376])
2026-07-15 05:50:41.332 | DEBUG    | core:as_tensor:724 - Loaded cache for /tmp/gemma4_31b_full_model_tensor_cache/layer_0/layer_0/mlp/down_proj.weight_tp4_bfp8_dtype_BFLOAT8_B_layout_TILE.tensorbin of shape Shape([1, 1, 5376, 5376])
2026-07-15 05:51:01.772 | DEBUG    | core:as_tensor:724 - Loaded cache for /tmp/gemma4_31b_full_model_tensor_cache/layer_5/layer_5/input_layernorm/weight_dtype_BFLOAT16_layout_ROW_MAJOR.tensorbin of shape Shape([1, 1, 168, 32])
2026-07-15 05:51:01.773 | DEBUG    | core:as_tensor:724 - Loaded cache for /tmp/gemma4_31b_full_model_tensor_cache/layer_5/layer_5/post_attention_layernorm/weight_dtype_BFLOAT16_layout_ROW_MAJOR.tensorbin of shape Shape([1, 1, 168, 32])
2026-07-15 05:51:01.773 | DEBUG    | core:as_tensor:724 - Loaded cache for /tmp/gemma4_31b_full_model_tensor_cache/layer_5/layer_5/pre_feedforward_layernorm/weight_dtype_BFLOAT16_layout_ROW_MAJOR.tensorbin of shape Shape([1, 1, 168, 32])
2026-07-15 05:51:01.773 | DEBUG    | core:as_tensor:724 - Loaded cache for /tmp/gemma4_31b_full_model_tensor_cache/layer_5/layer_5/post_feedforward_layernorm/weight_dtype_BFLOAT16_layout_ROW_MAJOR.tensorbin of shape Shape([1, 1, 168, 32])
2026-07-15 05:51:01.909 | DEBUG    | core:as_tensor:724 - Loaded cache for /tmp/gemma4_31b_full_model_tensor_cache/layer_5/layer_5/self_attn/wqkv_tp4_bfp8_dtype_BFLOAT8_B_layout_TILE.tensorbin of shape Shape([1, 1, 5376, 5120])
2026-07-15 05:51:01.925 | DEBUG    | core:as_tensor:724 - Loaded cache for /tmp/gemma4_31b_full_model_tensor_cache/layer_5/layer_5/self_attn/o_proj_tp4_bfp8_dtype_BFLOAT8_B_layout_TILE.tensorbin of shape Shape([1, 1, 4096, 5376])
2026-07-15 05:51:01.926 | DEBUG    | core:as_tensor:724 - Loaded cache for /tmp/gemma4_31b_full_model_tensor_cache/layer_5/layer_5/self_attn/q_norm.weight_tp4_dtype_BFLOAT16_layout_ROW_MAJOR.tensorbin of shape Shape([1, 1, 16, 32])
2026-07-15 05:51:01.926 | DEBUG    | core:as_tensor:724 - Loaded cache for /tmp/gemma4_31b_full_model_tensor_cache/layer_5/layer_5/self_attn/k_norm.weight_tp4_dtype_BFLOAT16_layout_ROW_MAJOR.tensorbin of shape Shape([1, 1, 16, 32])
2026-07-15 05:51:01.991 | DEBUG    | core:as_tensor:724 - Loaded cache for /tmp/gemma4_31b_full_model_tensor_cache/layer_5/layer_5/mlp/gate_proj.weight_tp4_bfp8_dtype_BFLOAT8_B_layout_TILE.tensorbin of shape Shape([1, 1, 5376, 5376])
2026-07-15 05:51:02.010 | DEBUG    | core:as_tensor:724 - Loaded cache for /tmp/gemma4_31b_full_model_tensor_cache/layer_5/layer_5/mlp/up_proj.weight_tp4_bfp8_dtype_BFLOAT8_B_layout_TILE.tensorbin of shape Shape([1, 1, 5376, 5376])
2026-07-15 05:51:02.030 | DEBUG    | core:as_tensor:724 - Loaded cache for /tmp/gemma4_31b_full_model_tensor_cache/layer_5/layer_5/mlp/down_proj.weight_tp4_bfp8_dtype_BFLOAT8_B_layout_TILE.tensorbin of shape Shape([1, 1, 5376, 5376])
2026-07-15 05:51:30.819 | warning  |           Metal | Allocating device buffers is unsafe due to the existence of an active trace. These buffers may be corrupted once a trace is executed. (allocator.cpp:110)
{"config_id": "residual_activation_bfp8", "top1": 0.0, "top5": 0.0, "top100": 0.0, "decode_t/s/u": 36.224410083692646, "status": "fail_accuracy"}
2026-07-15 05:51:32.392 | info     |    BuildKernels | JIT cache stats: 522/535 hits (97.6%) [522 cached, 328 build-once dedup, 0 merged artifacts, 0 merged genfiles] (build_cache_telemetry.cpp:207)
2026-07-15 05:51:32.392 | info     |    BuildKernels | JIT telemetry: 3 registered TelemetryTokens (build_cache_telemetry.cpp:230)
2026-07-15 05:51:32.415 | info     |          Device | Closing user mode device drivers (tt_cluster.cpp:512)
2026-07-15 05:51:32.415 | info     |             UMD | Closing devices in cluster (cluster.cpp:1037)
2026-07-15 05:51:33.107 | info     |             UMD | Closing devices in cluster completed. (cluster.cpp:1046)
2026-07-15 05:51:33.107 | info     |             UMD | Cluster destructor started. (cluster.cpp:754)
2026-07-15 05:51:33.107 | info     |             UMD | Cluster destructor completed. (cluster.cpp:757)
