2026-08-12 20:49:00.500 | DEBUG    | ttnn:<module>:78 - Initial ttnn.CONFIG:
Config{cache_path=/home/ttuser/.cache/ttnn,model_cache_path=/home/ttuser/.cache/ttnn/models,tmp_dir=/tmp/ttnn,enable_model_cache=false,enable_fast_runtime_mode=true,validate_program_args=false,throw_exception_on_fallback=false,enable_logging=false,enable_graph_report=false,enable_graph_python_stack_traces=false,enable_detailed_buffer_report=false,enable_detailed_tensor_report=false,enable_comparison_mode=false,comparison_mode_should_raise_exception=false,comparison_mode_pcc=0.9999,root_report_path=generated/ttnn/reports,report_name=std::nullopt,std::nullopt}
2026-08-12 20:49:00.685 | info     |          Device | Opening user mode device driver (tt_cluster.cpp:228)
2026-08-12 20:49:00.685 | info     |             UMD | Cluster constructor started. (cluster.cpp:389)
2026-08-12 20:49:00.685 | info     |             UMD | Creating TopologyDiscovery for architecture: blackhole (topology_discovery.cpp:96)
2026-08-12 20:49:00.685 | info     |             UMD | Starting topology discovery. (topology_discovery.cpp:115)
2026-08-12 20:49:00.697 | info     |             UMD | Established firmware bundle version: 19.11.0 (topology_discovery.cpp:575)
2026-08-12 20:49:00.697 | info     |             UMD | Completed topology discovery. (topology_discovery.cpp:119)
2026-08-12 20:49:00.774 | info     |             UMD | Opening local chip ids/PCIe ids: {0, 1, 2, 3}/[0, 1, 2, 3] and remote chip ids {} (cluster.cpp:173)
2026-08-12 20:49:00.774 | info     |             UMD | IOMMU: enabled (cluster.cpp:147)
2026-08-12 20:49:00.774 | info     |             UMD | KMD version: 2.10.0 (cluster.cpp:150)
2026-08-12 20:49:00.774 | info     |             UMD | Cluster constructor completed. (cluster.cpp:648)
2026-08-12 20:49:00.776 | info     |             UMD | Starting devices in cluster (cluster.cpp:1184)
2026-08-12 20:49:00.977 | info     |             UMD | Starting devices in cluster completed. (cluster.cpp:1192)
2026-08-12 20:49:01.097 | info     |     Distributed | Using auto discovery to generate mesh graph. (metal_env.cpp:437)
2026-08-12 20:49:01.097 | info     |     Distributed | Constructing control plane using auto-discovery (no mesh graph descriptor). (metal_env.cpp:499)
2026-08-12 20:49:01.098 | warning  |          Always | Unknown motherboard 'B850M-C' for chip_id=0 (bus_id=0x1) — falling back to bus_id as tray_id. Add this motherboard and its bus IDs to mobo_to_bus_ids in physical_system_discovery.cpp. (physical_system_discovery.cpp:119)
2026-08-12 20:49:01.098 | info     |          Fabric | Logical multi-mesh adjacency: intermesh degree histogram {0:1}; intra-mesh degree histograms mesh0 {2:4} (topology_mapper_utils.cpp:3329)
2026-08-12 20:49:01.098 | info     |          Fabric | Physical multi-mesh adjacency: intermesh degree histogram {0:1}; intra-mesh degree histograms mesh0 {2:4} (topology_mapper_utils.cpp:3337)
2026-08-12 20:49:01.138 | warning  |           Metal | Unable to set process priority to 0, error code: -1 (thread_pool.cpp:107)
2026-08-12 20:49:01.139 | warning  |           Metal | Unable to set process priority to 0, error code: -1 (thread_pool.cpp:107)
2026-08-12 20:49:01.139 | warning  |           Metal | Unable to set process priority to 0, error code: -1 (thread_pool.cpp:107)
2026-08-12 20:49:01.140 | warning  |           Metal | Unable to set process priority to 0, error code: -1 (thread_pool.cpp:107)
2026-08-12 20:49:01.140 | warning  |           Metal | Unable to set process priority to 0, error code: -1 (thread_pool.cpp:107)
2026-08-12 20:49:01.141 | warning  |           Metal | Unable to set process priority to 0, error code: -1 (thread_pool.cpp:107)
2026-08-12 20:49:01.141 | warning  |           Metal | Unable to set process priority to 0, error code: -1 (thread_pool.cpp:107)
2026-08-12 20:49:01.142 | warning  |           Metal | Unable to set process priority to 0, error code: -1 (thread_pool.cpp:107)
2026-08-12 20:49:01.143 | info     |           Metal | Initializing Fabric (fabric_firmware_initializer.cpp:296)
2026-08-12 20:49:01.170 | info     |           Metal | Fabric initialized on Device 0 (device.cpp:550)
2026-08-12 20:49:01.172 | info     |           Metal | Fabric initialized on Device 1 (device.cpp:550)
2026-08-12 20:49:01.173 | info     |           Metal | Fabric initialized on Device 2 (device.cpp:550)
2026-08-12 20:49:01.174 | info     |           Metal | Fabric initialized on Device 3 (device.cpp:550)
2026-08-12 20:49:01.174 | info     |           Metal | Fabric initialized on 4 devices (fabric_firmware_initializer.cpp:444)
2026-08-12 20:49:01.174 | info     |           Metal | Fabric Initialized with config FabricConfig::FABRIC_1D_RING (fabric_firmware_initializer.cpp:313)
2026-08-12 20:49:01.843 | warning  |              Op | ttnn::tilize: Using input shard spec for output tensor because the legacy sharded optimized program factory is being used (tilize_device_operation.cpp:248)
FRAC rows=32 full=6656 fractured=1664 devices=4 repeats=(1, 2, 4, 8) (per_op is the slope, floor the intercept)
FRAC norm       w= 6656 cores= 16                 per_op=   8.11 us  floor=  7.34 us  [1:15.46 2:23.55 4:39.81 8:72.24]
FRAC add        w= 6656 cores= 16                 per_op=   5.41 us  floor=  3.01 us  [1:8.44 2:13.82 4:24.65 8:46.30]
2026-08-12 20:49:01.912 | warning  |              Op | ttnn::tilize: Using input shard spec for output tensor because the legacy sharded optimized program factory is being used (tilize_device_operation.cpp:248)
FRAC norm       w= 1664 cores=  4                 per_op=   6.80 us  floor=  4.04 us  [1:10.82 2:17.67 4:31.25 8:58.45]
FRAC add        w= 1664 cores=  4                 per_op=   5.43 us  floor=  2.97 us  [1:8.44 2:13.82 4:24.65 8:46.44]
2026-08-12 20:49:01.966 | warning  |              Op | ttnn::tilize: Using input shard spec for output tensor because the legacy sharded optimized program factory is being used (tilize_device_operation.cpp:248)
FRAC norm       w= 1664 cores= 13                 per_op=   5.72 us  floor=  7.17 us  [1:12.87 2:18.62 4:30.06 8:52.92]
FRAC add        w= 1664 cores= 13                 per_op=   5.42 us  floor=  2.74 us  [1:8.17 2:13.57 4:24.42 8:46.09]
2026-08-12 20:49:02.019 | warning  |              Op | ttnn::tilize: Using input shard spec for output tensor because the legacy sharded optimized program factory is being used (tilize_device_operation.cpp:248)
FRAC norm       w= 1664 cores= 26                 per_op=   6.45 us  floor=  9.12 us  [1:15.57 2:22.02 4:34.94 8:60.75]
FRAC add        w= 1664 cores= 26                 per_op=   5.42 us  floor=  2.67 us  [1:8.09 2:13.50 4:24.35 8:46.01]
2026-08-12 20:49:02.075 | warning  |              Op | ttnn::tilize: Using input shard spec for output tensor because the legacy sharded optimized program factory is being used (tilize_device_operation.cpp:248)
FRAC norm       w= 1664 cores= 52                 per_op=   8.75 us  floor= 10.49 us  [1:19.24 2:27.98 4:45.50 8:80.49]
FRAC add        w= 1664 cores= 52                 per_op=   5.42 us  floor=  2.66 us  [1:8.09 2:13.48 4:24.33 8:45.99]
2026-08-12 20:49:02.139 | warning  |              Op | ttnn::tilize: Using input shard spec for output tensor because the legacy sharded optimized program factory is being used (tilize_device_operation.cpp:248)
2026-08-12 20:49:02.139 | critical |          Always | TT_FATAL: Sharded layernorm does not support a non-rectangular core grid for distributed norm. (assert.hpp:104)
FRAC dist legality cores= 13 ILLEGAL TT_FATAL @ /home/ttuser/dev/muse-glimmer/tt-metal/ttnn/cpp/ttnn/operations/normalization/layernorm/device/layernorm_device_operation.cpp:197: operatio
2026-08-12 20:49:02.141 | warning  |              Op | ttnn::tilize: Using input shard spec for output tensor because the legacy sharded optimized program factory is being used (tilize_device_operation.cpp:248)
2026-08-12 20:49:02.141 | critical |          Always | TT_FATAL: Sharded layernorm does not support a non-rectangular core grid for distributed norm. (assert.hpp:104)
FRAC dist legality cores= 26 ILLEGAL TT_FATAL @ /home/ttuser/dev/muse-glimmer/tt-metal/ttnn/cpp/ttnn/operations/normalization/layernorm/device/layernorm_device_operation.cpp:197: operatio
2026-08-12 20:49:02.142 | warning  |              Op | ttnn::tilize: Using input shard spec for output tensor because the legacy sharded optimized program factory is being used (tilize_device_operation.cpp:248)
FRAC stats shape=(1, 1, 32, 32) gathered=(1, 1, 32, 128)
FRAC dist pre_all_gather  (L1 sharded, 4c)        per_op=   3.19 us  floor=  4.92 us  [1:8.10 2:11.31 4:17.71 8:30.47]
FRAC dist stats all_gather                        per_op=   6.40 us  floor=  3.81 us  [1:10.22 2:16.61 4:29.38 8:55.00]
Building trisc0, compile step:
/home/ttuser/dev/muse-glimmer/tt-metal/runtime/sfpi/compiler/bin/riscv-tt-elf-g++ -O3 -std=c++17 -ftt-nttp -ftt-constinit -ftt-consteval -ftt-no-dyninit -flto=auto -ffast-math -fno-finite-math-only -fsigned-zeros -fno-associative-math -fno-exceptions -fno-rtti -fno-use-cxa-atexit -g -MMD -Wall -Werror -Wno-error=deprecated-declarations -Wno-error=multistatement-macros -Wno-error=parentheses -Wno-error=unused-but-set-variable -Wno-unused-variable -Wno-unused-function -mcpu=tt-bh-tensix -I. -I.. -I/home/ttuser/dev/muse-glimmer/tt-metal/ -I/home/ttuser/dev/muse-glimmer/tt-metal/ttnn -I/home/ttuser/dev/muse-glimmer/tt-metal/ttnn/cpp -I/home/ttuser/dev/muse-glimmer/tt-metal/tt_metal -I/home/ttuser/dev/muse-glimmer/tt-metal/tt_metal/hw/inc -I/home/ttuser/dev/muse-glimmer/tt-metal/tt_metal/tt-llk/common -I/home/ttuser/dev/muse-glimmer/tt-metal/tt_metal/hostdevcommon/api -I/home/ttuser/dev/muse-glimmer/tt-metal/tt_metal/api/ -I/home/ttuser/dev/muse-glimmer/tt-metal/runtime/sfpi/include -I/home/ttuser/dev/muse-glimmer/tt-metal/tt_metal/hw/ckernels/blackhole/metal/common -I/home/ttuser/dev/muse-glimmer/tt-metal/tt_metal/hw/ckernels/blackhole/metal/llk_io -I/home/ttuser/dev/muse-glimmer/tt-metal/tt_metal/hw/inc/internal/tt-1xx -I/home/ttuser/dev/muse-glimmer/tt-metal/tt_metal/hw/inc/internal/tt-1xx/blackhole -I/home/ttuser/dev/muse-glimmer/tt-metal/tt_metal/hw/inc/internal/tt-1xx/blackhole/blackhole_defines -I/home/ttuser/dev/muse-glimmer/tt-metal/tt_metal/hw/inc/internal/tt-1xx/blackhole/noc -I/home/ttuser/dev/muse-glimmer/tt-metal/tt_metal/tt-llk/tt_llk_blackhole/common/inc -I/home/ttuser/dev/muse-glimmer/tt-metal/tt_metal/tt-llk/tt_llk_blackhole/llk_lib -I/home/ttuser/dev/muse-glimmer/tt-metal/tt_metal/hw/ckernels/blackhole/metal/llk_api -I/home/ttuser/dev/muse-glimmer/tt-metal/tt_metal/hw/ckernels/blackhole/metal/llk_api/llk_sfpu -I/home/ttuser/dev/muse-glimmer/tt-metal/tt_metal/hw/firmware/src/tt-1xx -I/home/ttuser/dev/muse-glimmer/tt-metal/ttnn/cpp/ttnn/operations/normalization/layernorm/device/kernels/compute -DIS_NOT_POW2_NUM_L1_BANKS=1 -DLOG_BASE_2_OF_NUM_DRAM_BANKS=3 -DNUM_DRAM_BANKS=8 -DNUM_L1_BANKS=110 -DPCIE_NOC_X=19 -DPCIE_NOC_Y=24 -DTENSIX_FIRMWARE -DLOCAL_MEM_EN=0 -DPROCESSOR_INDEX=2 -DUCK_CHLKC_UNPACK -DCOMPILE_FOR_TRISC=0 -DPROGRAMMABLE_CORE_TYPE=0 -DARCH_BLACKHOLE -DDISPATCH_MESSAGE_ADDR=4290184248 -DKERNEL_BUILD -DFULL_KERNEL_NAME="layernorm_sharded_post_allgather/13468469101927054803/" -DKERNEL_COMPILE_TIME_ARGS=0,1,0,4,1,13,1,13,0,13,1,1,0,0 -DKERNEL_COMPILE_TIME_ARG_MAP={"welford_fp32_alias",0},{"cb_x_welford",29},{"cb_x",24},{"cb_xmm",18},{"cb_out",16},{"cb_ex_global",15},{"cb_scaler",2},{"cb_in0",0},{"cb_eps",3},{"cb_ex_external",10},{"cb_scaler_global",4},{"cb_in1",1},{"cb_gamma",5},{"cb_beta",6},{"cb_ex_partial",8},{"cb_ex",9},{"cb_col_mask_packed",19},{"cb_ex_external2",13},{"cb_mask_scratch",14},{"cb_ex2pe",20},{"cb_ex_partial2",11},{"cb_ex2",12}, -c -o /home/ttuser/.cache/tt-metal-cache/1801534666104373800/kernels/layernorm_sharded_post_allgather/13468469101927054803/trisc0/trisck.5840157215345881480_1063937.o /home/ttuser/dev/muse-glimmer/tt-metal/tt_metal/hw/firmware/src/tt-1xx/trisck.cc -MF /home/ttuser/.cache/tt-metal-cache/1801534666104373800/kernels/layernorm_sharded_post_allgather/13468469101927054803/trisc0/trisck.5840157215345881480_1063937.d
In file included from ../chlkc_unpack.cpp:4,
                 from /home/ttuser/dev/muse-glimmer/tt-metal/tt_metal/hw/ckernels/blackhole/metal/common/chlkc_list.h:26,
                 from /home/ttuser/dev/muse-glimmer/tt-metal/tt_metal/hw/firmware/src/tt-1xx/trisck.cc:13:
/home/ttuser/dev/muse-glimmer/tt-metal/ttnn/cpp/ttnn/operations/normalization/layernorm/device/kernels/compute/layernorm_sharded_post_allgather.cpp: In function 'void kernel_main()':
/home/ttuser/dev/muse-glimmer/tt-metal/ttnn/cpp/ttnn/operations/normalization/layernorm/device/kernels/compute/layernorm_sharded_post_allgather.cpp:43:14: warning: variable 'num_blocks_reduce' set but not used [-Wunused-but-set-variable]
   43 |     uint32_t num_blocks_reduce;
      |              ^~~~~~~~~~~~~~~~~
Building trisc0, compile step:
/home/ttuser/dev/muse-glimmer/tt-metal/runtime/sfpi/compiler/bin/riscv-tt-elf-g++ -O3 -std=c++17 -ftt-nttp -ftt-constinit -ftt-consteval -ftt-no-dyninit -flto=auto -ffast-math -fno-finite-math-only -fsigned-zeros -fno-associative-math -fno-exceptions -fno-rtti -fno-use-cxa-atexit -g -MMD -Wall -Werror -Wno-error=deprecated-declarations -Wno-error=multistatement-macros -Wno-error=parentheses -Wno-error=unused-but-set-variable -Wno-unused-variable -Wno-unused-function -mcpu=tt-bh-tensix -I. -I.. -I/home/ttuser/dev/muse-glimmer/tt-metal/ -I/home/ttuser/dev/muse-glimmer/tt-metal/ttnn -I/home/ttuser/dev/muse-glimmer/tt-metal/ttnn/cpp -I/home/ttuser/dev/muse-glimmer/tt-metal/tt_metal -I/home/ttuser/dev/muse-glimmer/tt-metal/tt_metal/hw/inc -I/home/ttuser/dev/muse-glimmer/tt-metal/tt_metal/tt-llk/common -I/home/ttuser/dev/muse-glimmer/tt-metal/tt_metal/hostdevcommon/api -I/home/ttuser/dev/muse-glimmer/tt-metal/tt_metal/api/ -I/home/ttuser/dev/muse-glimmer/tt-metal/runtime/sfpi/include -I/home/ttuser/dev/muse-glimmer/tt-metal/tt_metal/hw/ckernels/blackhole/metal/common -I/home/ttuser/dev/muse-glimmer/tt-metal/tt_metal/hw/ckernels/blackhole/metal/llk_io -I/home/ttuser/dev/muse-glimmer/tt-metal/tt_metal/hw/inc/internal/tt-1xx -I/home/ttuser/dev/muse-glimmer/tt-metal/tt_metal/hw/inc/internal/tt-1xx/blackhole -I/home/ttuser/dev/muse-glimmer/tt-metal/tt_metal/hw/inc/internal/tt-1xx/blackhole/blackhole_defines -I/home/ttuser/dev/muse-glimmer/tt-metal/tt_metal/hw/inc/internal/tt-1xx/blackhole/noc -I/home/ttuser/dev/muse-glimmer/tt-metal/tt_metal/tt-llk/tt_llk_blackhole/common/inc -I/home/ttuser/dev/muse-glimmer/tt-metal/tt_metal/tt-llk/tt_llk_blackhole/llk_lib -I/home/ttuser/dev/muse-glimmer/tt-metal/tt_metal/hw/ckernels/blackhole/metal/llk_api -I/home/ttuser/dev/muse-glimmer/tt-metal/tt_metal/hw/ckernels/blackhole/metal/llk_api/llk_sfpu -I/home/ttuser/dev/muse-glimmer/tt-metal/tt_metal/hw/firmware/src/tt-1xx -I/home/ttuser/dev/muse-glimmer/tt-metal/ttnn/cpp/ttnn/operations/normalization/layernorm/device/kernels/compute -DIS_NOT_POW2_NUM_L1_BANKS=1 -DLOG_BASE_2_OF_NUM_DRAM_BANKS=3 -DNUM_DRAM_BANKS=8 -DNUM_L1_BANKS=110 -DPCIE_NOC_X=19 -DPCIE_NOC_Y=24 -DTENSIX_FIRMWARE -DLOCAL_MEM_EN=0 -DPROCESSOR_INDEX=2 -DUCK_CHLKC_UNPACK -DCOMPILE_FOR_TRISC=0 -DPROGRAMMABLE_CORE_TYPE=0 -DARCH_BLACKHOLE -DDISPATCH_MESSAGE_ADDR=4290184248 -DKERNEL_BUILD -DFULL_KERNEL_NAME="layernorm_sharded_post_allgather/6174311821697049434/" -DKERNEL_COMPILE_TIME_ARGS=0,1,0,4,1,13,1,13,1,13,1,1,0,0 -DKERNEL_COMPILE_TIME_ARG_MAP={"welford_fp32_alias",0},{"cb_x_welford",29},{"cb_x",24},{"cb_xmm",18},{"cb_out",16},{"cb_ex_global",15},{"cb_scaler",2},{"cb_in0",0},{"cb_eps",3},{"cb_ex_external",10},{"cb_scaler_global",4},{"cb_in1",1},{"cb_gamma",5},{"cb_beta",6},{"cb_ex_partial",8},{"cb_ex",9},{"cb_col_mask_packed",19},{"cb_ex_external2",13},{"cb_mask_scratch",14},{"cb_ex2pe",20},{"cb_ex_partial2",11},{"cb_ex2",12}, -c -o /home/ttuser/.cache/tt-metal-cache/1801534666104373800/kernels/layernorm_sharded_post_allgather/6174311821697049434/trisc0/trisck.5840157215345881480_1063937.o /home/ttuser/dev/muse-glimmer/tt-metal/tt_metal/hw/firmware/src/tt-1xx/trisck.cc -MF /home/ttuser/.cache/tt-metal-cache/1801534666104373800/kernels/layernorm_sharded_post_allgather/6174311821697049434/trisc0/trisck.5840157215345881480_1063937.d
In file included from ../chlkc_unpack.cpp:4,
                 from /home/ttuser/dev/muse-glimmer/tt-metal/tt_metal/hw/ckernels/blackhole/metal/common/chlkc_list.h:26,
                 from /home/ttuser/dev/muse-glimmer/tt-metal/tt_metal/hw/firmware/src/tt-1xx/trisck.cc:13:
/home/ttuser/dev/muse-glimmer/tt-metal/ttnn/cpp/ttnn/operations/normalization/layernorm/device/kernels/compute/layernorm_sharded_post_allgather.cpp: In function 'void kernel_main()':
/home/ttuser/dev/muse-glimmer/tt-metal/ttnn/cpp/ttnn/operations/normalization/layernorm/device/kernels/compute/layernorm_sharded_post_allgather.cpp:43:14: warning: variable 'num_blocks_reduce' set but not used [-Wunused-but-set-variable]
   43 |     uint32_t num_blocks_reduce;
      |              ^~~~~~~~~~~~~~~~~
Building trisc2, compile step:
/home/ttuser/dev/muse-glimmer/tt-metal/runtime/sfpi/compiler/bin/riscv-tt-elf-g++ -O3 -std=c++17 -ftt-nttp -ftt-constinit -ftt-consteval -ftt-no-dyninit -flto=auto -ffast-math -fno-finite-math-only -fsigned-zeros -fno-associative-math -fno-exceptions -fno-rtti -fno-use-cxa-atexit -g -MMD -Wall -Werror -Wno-error=deprecated-declarations -Wno-error=multistatement-macros -Wno-error=parentheses -Wno-error=unused-but-set-variable -Wno-unused-variable -Wno-unused-function -mcpu=tt-bh-tensix -I. -I.. -I/home/ttuser/dev/muse-glimmer/tt-metal/ -I/home/ttuser/dev/muse-glimmer/tt-metal/ttnn -I/home/ttuser/dev/muse-glimmer/tt-metal/ttnn/cpp -I/home/ttuser/dev/muse-glimmer/tt-metal/tt_metal -I/home/ttuser/dev/muse-glimmer/tt-metal/tt_metal/hw/inc -I/home/ttuser/dev/muse-glimmer/tt-metal/tt_metal/tt-llk/common -I/home/ttuser/dev/muse-glimmer/tt-metal/tt_metal/hostdevcommon/api -I/home/ttuser/dev/muse-glimmer/tt-metal/tt_metal/api/ -I/home/ttuser/dev/muse-glimmer/tt-metal/runtime/sfpi/include -I/home/ttuser/dev/muse-glimmer/tt-metal/tt_metal/hw/ckernels/blackhole/metal/common -I/home/ttuser/dev/muse-glimmer/tt-metal/tt_metal/hw/ckernels/blackhole/metal/llk_io -I/home/ttuser/dev/muse-glimmer/tt-metal/tt_metal/hw/inc/internal/tt-1xx -I/home/ttuser/dev/muse-glimmer/tt-metal/tt_metal/hw/inc/internal/tt-1xx/blackhole -I/home/ttuser/dev/muse-glimmer/tt-metal/tt_metal/hw/inc/internal/tt-1xx/blackhole/blackhole_defines -I/home/ttuser/dev/muse-glimmer/tt-metal/tt_metal/hw/inc/internal/tt-1xx/blackhole/noc -I/home/ttuser/dev/muse-glimmer/tt-metal/tt_metal/tt-llk/tt_llk_blackhole/common/inc -I/home/ttuser/dev/muse-glimmer/tt-metal/tt_metal/tt-llk/tt_llk_blackhole/llk_lib -I/home/ttuser/dev/muse-glimmer/tt-metal/tt_metal/hw/ckernels/blackhole/metal/llk_api -I/home/ttuser/dev/muse-glimmer/tt-metal/tt_metal/hw/ckernels/blackhole/metal/llk_api/llk_sfpu -I/home/ttuser/dev/muse-glimmer/tt-metal/tt_metal/hw/firmware/src/tt-1xx -I/home/ttuser/dev/muse-glimmer/tt-metal/ttnn/cpp/ttnn/operations/normalization/layernorm/device/kernels/compute -DIS_NOT_POW2_NUM_L1_BANKS=1 -DLOG_BASE_2_OF_NUM_DRAM_BANKS=3 -DNUM_DRAM_BANKS=8 -DNUM_L1_BANKS=110 -DPCIE_NOC_X=19 -DPCIE_NOC_Y=24 -DTENSIX_FIRMWARE -DLOCAL_MEM_EN=0 -DPROCESSOR_INDEX=4 -DUCK_CHLKC_PACK -DCOMPILE_FOR_TRISC=2 -DPROGRAMMABLE_CORE_TYPE=0 -DARCH_BLACKHOLE -DDISPATCH_MESSAGE_ADDR=4290184248 -DKERNEL_BUILD -DFULL_KERNEL_NAME="layernorm_sharded_post_allgather/13468469101927054803/" -DKERNEL_COMPILE_TIME_ARGS=0,1,0,4,1,13,1,13,0,13,1,1,0,0 -DKERNEL_COMPILE_TIME_ARG_MAP={"welford_fp32_alias",0},{"cb_x_welford",29},{"cb_x",24},{"cb_xmm",18},{"cb_out",16},{"cb_ex_global",15},{"cb_scaler",2},{"cb_in0",0},{"cb_eps",3},{"cb_ex_external",10},{"cb_scaler_global",4},{"cb_in1",1},{"cb_gamma",5},{"cb_beta",6},{"cb_ex_partial",8},{"cb_ex",9},{"cb_col_mask_packed",19},{"cb_ex_external2",13},{"cb_mask_scratch",14},{"cb_ex2pe",20},{"cb_ex_partial2",11},{"cb_ex2",12}, -c -o /home/ttuser/.cache/tt-metal-cache/1801534666104373800/kernels/layernorm_sharded_post_allgather/13468469101927054803/trisc2/trisck.5840157215345881480_1063937.o /home/ttuser/dev/muse-glimmer/tt-metal/tt_metal/hw/firmware/src/tt-1xx/trisck.cc -MF /home/ttuser/.cache/tt-metal-cache/1801534666104373800/kernels/layernorm_sharded_post_allgather/13468469101927054803/trisc2/trisck.5840157215345881480_1063937.d
In file included from ../chlkc_pack.cpp:4,
                 from /home/ttuser/dev/muse-glimmer/tt-metal/tt_metal/hw/ckernels/blackhole/metal/common/chlkc_list.h:21,
                 from /home/ttuser/dev/muse-glimmer/tt-metal/tt_metal/hw/firmware/src/tt-1xx/trisck.cc:13:
/home/ttuser/dev/muse-glimmer/tt-metal/ttnn/cpp/ttnn/operations/normalization/layernorm/device/kernels/compute/layernorm_sharded_post_allgather.cpp: In function 'void kernel_main()':
/home/ttuser/dev/muse-glimmer/tt-metal/ttnn/cpp/ttnn/operations/normalization/layernorm/device/kernels/compute/layernorm_sharded_post_allgather.cpp:43:14: warning: variable 'num_blocks_reduce' set but not used [-Wunused-but-set-variable]
   43 |     uint32_t num_blocks_reduce;
      |              ^~~~~~~~~~~~~~~~~
Building trisc1, compile step:
/home/ttuser/dev/muse-glimmer/tt-metal/runtime/sfpi/compiler/bin/riscv-tt-elf-g++ -O3 -std=c++17 -ftt-nttp -ftt-constinit -ftt-consteval -ftt-no-dyninit -flto=auto -ffast-math -fno-finite-math-only -fsigned-zeros -fno-associative-math -fno-exceptions -fno-rtti -fno-use-cxa-atexit -g -MMD -Wall -Werror -Wno-error=deprecated-declarations -Wno-error=multistatement-macros -Wno-error=parentheses -Wno-error=unused-but-set-variable -Wno-unused-variable -Wno-unused-function -mcpu=tt-bh-tensix -I. -I.. -I/home/ttuser/dev/muse-glimmer/tt-metal/ -I/home/ttuser/dev/muse-glimmer/tt-metal/ttnn -I/home/ttuser/dev/muse-glimmer/tt-metal/ttnn/cpp -I/home/ttuser/dev/muse-glimmer/tt-metal/tt_metal -I/home/ttuser/dev/muse-glimmer/tt-metal/tt_metal/hw/inc -I/home/ttuser/dev/muse-glimmer/tt-metal/tt_metal/tt-llk/common -I/home/ttuser/dev/muse-glimmer/tt-metal/tt_metal/hostdevcommon/api -I/home/ttuser/dev/muse-glimmer/tt-metal/tt_metal/api/ -I/home/ttuser/dev/muse-glimmer/tt-metal/runtime/sfpi/include -I/home/ttuser/dev/muse-glimmer/tt-metal/tt_metal/hw/ckernels/blackhole/metal/common -I/home/ttuser/dev/muse-glimmer/tt-metal/tt_metal/hw/ckernels/blackhole/metal/llk_io -I/home/ttuser/dev/muse-glimmer/tt-metal/tt_metal/hw/inc/internal/tt-1xx -I/home/ttuser/dev/muse-glimmer/tt-metal/tt_metal/hw/inc/internal/tt-1xx/blackhole -I/home/ttuser/dev/muse-glimmer/tt-metal/tt_metal/hw/inc/internal/tt-1xx/blackhole/blackhole_defines -I/home/ttuser/dev/muse-glimmer/tt-metal/tt_metal/hw/inc/internal/tt-1xx/blackhole/noc -I/home/ttuser/dev/muse-glimmer/tt-metal/tt_metal/tt-llk/tt_llk_blackhole/common/inc -I/home/ttuser/dev/muse-glimmer/tt-metal/tt_metal/tt-llk/tt_llk_blackhole/llk_lib -I/home/ttuser/dev/muse-glimmer/tt-metal/tt_metal/hw/ckernels/blackhole/metal/llk_api -I/home/ttuser/dev/muse-glimmer/tt-metal/tt_metal/hw/ckernels/blackhole/metal/llk_api/llk_sfpu -I/home/ttuser/dev/muse-glimmer/tt-metal/tt_metal/hw/firmware/src/tt-1xx -I/home/ttuser/dev/muse-glimmer/tt-metal/ttnn/cpp/ttnn/operations/normalization/layernorm/device/kernels/compute -DIS_NOT_POW2_NUM_L1_BANKS=1 -DLOG_BASE_2_OF_NUM_DRAM_BANKS=3 -DNUM_DRAM_BANKS=8 -DNUM_L1_BANKS=110 -DPCIE_NOC_X=19 -DPCIE_NOC_Y=24 -DTENSIX_FIRMWARE -DLOCAL_MEM_EN=0 -DPROCESSOR_INDEX=3 -DUCK_CHLKC_MATH -DCOMPILE_FOR_TRISC=1 -DPROGRAMMABLE_CORE_TYPE=0 -DARCH_BLACKHOLE -DDISPATCH_MESSAGE_ADDR=4290184248 -DKERNEL_BUILD -DFULL_KERNEL_NAME="layernorm_sharded_post_allgather/13468469101927054803/" -DKERNEL_COMPILE_TIME_ARGS=0,1,0,4,1,13,1,13,0,13,1,1,0,0 -DKERNEL_COMPILE_TIME_ARG_MAP={"welford_fp32_alias",0},{"cb_x_welford",29},{"cb_x",24},{"cb_xmm",18},{"cb_out",16},{"cb_ex_global",15},{"cb_scaler",2},{"cb_in0",0},{"cb_eps",3},{"cb_ex_external",10},{"cb_scaler_global",4},{"cb_in1",1},{"cb_gamma",5},{"cb_beta",6},{"cb_ex_partial",8},{"cb_ex",9},{"cb_col_mask_packed",19},{"cb_ex_external2",13},{"cb_mask_scratch",14},{"cb_ex2pe",20},{"cb_ex_partial2",11},{"cb_ex2",12}, -c -o /home/ttuser/.cache/tt-metal-cache/1801534666104373800/kernels/layernorm_sharded_post_allgather/13468469101927054803/trisc1/trisck.5840157215345881480_1063937.o /home/ttuser/dev/muse-glimmer/tt-metal/tt_metal/hw/firmware/src/tt-1xx/trisck.cc -MF /home/ttuser/.cache/tt-metal-cache/1801534666104373800/kernels/layernorm_sharded_post_allgather/13468469101927054803/trisc1/trisck.5840157215345881480_1063937.d
In file included from ../chlkc_math.cpp:4,
                 from /home/ttuser/dev/muse-glimmer/tt-metal/tt_metal/hw/ckernels/blackhole/metal/common/chlkc_list.h:16,
                 from /home/ttuser/dev/muse-glimmer/tt-metal/tt_metal/hw/firmware/src/tt-1xx/trisck.cc:13:
/home/ttuser/dev/muse-glimmer/tt-metal/ttnn/cpp/ttnn/operations/normalization/layernorm/device/kernels/compute/layernorm_sharded_post_allgather.cpp: In function 'void kernel_main()':
/home/ttuser/dev/muse-glimmer/tt-metal/ttnn/cpp/ttnn/operations/normalization/layernorm/device/kernels/compute/layernorm_sharded_post_allgather.cpp:43:14: warning: variable 'num_blocks_reduce' set but not used [-Wunused-but-set-variable]
   43 |     uint32_t num_blocks_reduce;
      |              ^~~~~~~~~~~~~~~~~
Building trisc2, compile step:
/home/ttuser/dev/muse-glimmer/tt-metal/runtime/sfpi/compiler/bin/riscv-tt-elf-g++ -O3 -std=c++17 -ftt-nttp -ftt-constinit -ftt-consteval -ftt-no-dyninit -flto=auto -ffast-math -fno-finite-math-only -fsigned-zeros -fno-associative-math -fno-exceptions -fno-rtti -fno-use-cxa-atexit -g -MMD -Wall -Werror -Wno-error=deprecated-declarations -Wno-error=multistatement-macros -Wno-error=parentheses -Wno-error=unused-but-set-variable -Wno-unused-variable -Wno-unused-function -mcpu=tt-bh-tensix -I. -I.. -I/home/ttuser/dev/muse-glimmer/tt-metal/ -I/home/ttuser/dev/muse-glimmer/tt-metal/ttnn -I/home/ttuser/dev/muse-glimmer/tt-metal/ttnn/cpp -I/home/ttuser/dev/muse-glimmer/tt-metal/tt_metal -I/home/ttuser/dev/muse-glimmer/tt-metal/tt_metal/hw/inc -I/home/ttuser/dev/muse-glimmer/tt-metal/tt_metal/tt-llk/common -I/home/ttuser/dev/muse-glimmer/tt-metal/tt_metal/hostdevcommon/api -I/home/ttuser/dev/muse-glimmer/tt-metal/tt_metal/api/ -I/home/ttuser/dev/muse-glimmer/tt-metal/runtime/sfpi/include -I/home/ttuser/dev/muse-glimmer/tt-metal/tt_metal/hw/ckernels/blackhole/metal/common -I/home/ttuser/dev/muse-glimmer/tt-metal/tt_metal/hw/ckernels/blackhole/metal/llk_io -I/home/ttuser/dev/muse-glimmer/tt-metal/tt_metal/hw/inc/internal/tt-1xx -I/home/ttuser/dev/muse-glimmer/tt-metal/tt_metal/hw/inc/internal/tt-1xx/blackhole -I/home/ttuser/dev/muse-glimmer/tt-metal/tt_metal/hw/inc/internal/tt-1xx/blackhole/blackhole_defines -I/home/ttuser/dev/muse-glimmer/tt-metal/tt_metal/hw/inc/internal/tt-1xx/blackhole/noc -I/home/ttuser/dev/muse-glimmer/tt-metal/tt_metal/tt-llk/tt_llk_blackhole/common/inc -I/home/ttuser/dev/muse-glimmer/tt-metal/tt_metal/tt-llk/tt_llk_blackhole/llk_lib -I/home/ttuser/dev/muse-glimmer/tt-metal/tt_metal/hw/ckernels/blackhole/metal/llk_api -I/home/ttuser/dev/muse-glimmer/tt-metal/tt_metal/hw/ckernels/blackhole/metal/llk_api/llk_sfpu -I/home/ttuser/dev/muse-glimmer/tt-metal/tt_metal/hw/firmware/src/tt-1xx -I/home/ttuser/dev/muse-glimmer/tt-metal/ttnn/cpp/ttnn/operations/normalization/layernorm/device/kernels/compute -DIS_NOT_POW2_NUM_L1_BANKS=1 -DLOG_BASE_2_OF_NUM_DRAM_BANKS=3 -DNUM_DRAM_BANKS=8 -DNUM_L1_BANKS=110 -DPCIE_NOC_X=19 -DPCIE_NOC_Y=24 -DTENSIX_FIRMWARE -DLOCAL_MEM_EN=0 -DPROCESSOR_INDEX=4 -DUCK_CHLKC_PACK -DCOMPILE_FOR_TRISC=2 -DPROGRAMMABLE_CORE_TYPE=0 -DARCH_BLACKHOLE -DDISPATCH_MESSAGE_ADDR=4290184248 -DKERNEL_BUILD -DFULL_KERNEL_NAME="layernorm_sharded_post_allgather/6174311821697049434/" -DKERNEL_COMPILE_TIME_ARGS=0,1,0,4,1,13,1,13,1,13,1,1,0,0 -DKERNEL_COMPILE_TIME_ARG_MAP={"welford_fp32_alias",0},{"cb_x_welford",29},{"cb_x",24},{"cb_xmm",18},{"cb_out",16},{"cb_ex_global",15},{"cb_scaler",2},{"cb_in0",0},{"cb_eps",3},{"cb_ex_external",10},{"cb_scaler_global",4},{"cb_in1",1},{"cb_gamma",5},{"cb_beta",6},{"cb_ex_partial",8},{"cb_ex",9},{"cb_col_mask_packed",19},{"cb_ex_external2",13},{"cb_mask_scratch",14},{"cb_ex2pe",20},{"cb_ex_partial2",11},{"cb_ex2",12}, -c -o /home/ttuser/.cache/tt-metal-cache/1801534666104373800/kernels/layernorm_sharded_post_allgather/6174311821697049434/trisc2/trisck.5840157215345881480_1063937.o /home/ttuser/dev/muse-glimmer/tt-metal/tt_metal/hw/firmware/src/tt-1xx/trisck.cc -MF /home/ttuser/.cache/tt-metal-cache/1801534666104373800/kernels/layernorm_sharded_post_allgather/6174311821697049434/trisc2/trisck.5840157215345881480_1063937.d
In file included from ../chlkc_pack.cpp:4,
                 from /home/ttuser/dev/muse-glimmer/tt-metal/tt_metal/hw/ckernels/blackhole/metal/common/chlkc_list.h:21,
                 from /home/ttuser/dev/muse-glimmer/tt-metal/tt_metal/hw/firmware/src/tt-1xx/trisck.cc:13:
/home/ttuser/dev/muse-glimmer/tt-metal/ttnn/cpp/ttnn/operations/normalization/layernorm/device/kernels/compute/layernorm_sharded_post_allgather.cpp: In function 'void kernel_main()':
/home/ttuser/dev/muse-glimmer/tt-metal/ttnn/cpp/ttnn/operations/normalization/layernorm/device/kernels/compute/layernorm_sharded_post_allgather.cpp:43:14: warning: variable 'num_blocks_reduce' set but not used [-Wunused-but-set-variable]
   43 |     uint32_t num_blocks_reduce;
      |              ^~~~~~~~~~~~~~~~~
Building trisc1, compile step:
/home/ttuser/dev/muse-glimmer/tt-metal/runtime/sfpi/compiler/bin/riscv-tt-elf-g++ -O3 -std=c++17 -ftt-nttp -ftt-constinit -ftt-consteval -ftt-no-dyninit -flto=auto -ffast-math -fno-finite-math-only -fsigned-zeros -fno-associative-math -fno-exceptions -fno-rtti -fno-use-cxa-atexit -g -MMD -Wall -Werror -Wno-error=deprecated-declarations -Wno-error=multistatement-macros -Wno-error=parentheses -Wno-error=unused-but-set-variable -Wno-unused-variable -Wno-unused-function -mcpu=tt-bh-tensix -I. -I.. -I/home/ttuser/dev/muse-glimmer/tt-metal/ -I/home/ttuser/dev/muse-glimmer/tt-metal/ttnn -I/home/ttuser/dev/muse-glimmer/tt-metal/ttnn/cpp -I/home/ttuser/dev/muse-glimmer/tt-metal/tt_metal -I/home/ttuser/dev/muse-glimmer/tt-metal/tt_metal/hw/inc -I/home/ttuser/dev/muse-glimmer/tt-metal/tt_metal/tt-llk/common -I/home/ttuser/dev/muse-glimmer/tt-metal/tt_metal/hostdevcommon/api -I/home/ttuser/dev/muse-glimmer/tt-metal/tt_metal/api/ -I/home/ttuser/dev/muse-glimmer/tt-metal/runtime/sfpi/include -I/home/ttuser/dev/muse-glimmer/tt-metal/tt_metal/hw/ckernels/blackhole/metal/common -I/home/ttuser/dev/muse-glimmer/tt-metal/tt_metal/hw/ckernels/blackhole/metal/llk_io -I/home/ttuser/dev/muse-glimmer/tt-metal/tt_metal/hw/inc/internal/tt-1xx -I/home/ttuser/dev/muse-glimmer/tt-metal/tt_metal/hw/inc/internal/tt-1xx/blackhole -I/home/ttuser/dev/muse-glimmer/tt-metal/tt_metal/hw/inc/internal/tt-1xx/blackhole/blackhole_defines -I/home/ttuser/dev/muse-glimmer/tt-metal/tt_metal/hw/inc/internal/tt-1xx/blackhole/noc -I/home/ttuser/dev/muse-glimmer/tt-metal/tt_metal/tt-llk/tt_llk_blackhole/common/inc -I/home/ttuser/dev/muse-glimmer/tt-metal/tt_metal/tt-llk/tt_llk_blackhole/llk_lib -I/home/ttuser/dev/muse-glimmer/tt-metal/tt_metal/hw/ckernels/blackhole/metal/llk_api -I/home/ttuser/dev/muse-glimmer/tt-metal/tt_metal/hw/ckernels/blackhole/metal/llk_api/llk_sfpu -I/home/ttuser/dev/muse-glimmer/tt-metal/tt_metal/hw/firmware/src/tt-1xx -I/home/ttuser/dev/muse-glimmer/tt-metal/ttnn/cpp/ttnn/operations/normalization/layernorm/device/kernels/compute -DIS_NOT_POW2_NUM_L1_BANKS=1 -DLOG_BASE_2_OF_NUM_DRAM_BANKS=3 -DNUM_DRAM_BANKS=8 -DNUM_L1_BANKS=110 -DPCIE_NOC_X=19 -DPCIE_NOC_Y=24 -DTENSIX_FIRMWARE -DLOCAL_MEM_EN=0 -DPROCESSOR_INDEX=3 -DUCK_CHLKC_MATH -DCOMPILE_FOR_TRISC=1 -DPROGRAMMABLE_CORE_TYPE=0 -DARCH_BLACKHOLE -DDISPATCH_MESSAGE_ADDR=4290184248 -DKERNEL_BUILD -DFULL_KERNEL_NAME="layernorm_sharded_post_allgather/6174311821697049434/" -DKERNEL_COMPILE_TIME_ARGS=0,1,0,4,1,13,1,13,1,13,1,1,0,0 -DKERNEL_COMPILE_TIME_ARG_MAP={"welford_fp32_alias",0},{"cb_x_welford",29},{"cb_x",24},{"cb_xmm",18},{"cb_out",16},{"cb_ex_global",15},{"cb_scaler",2},{"cb_in0",0},{"cb_eps",3},{"cb_ex_external",10},{"cb_scaler_global",4},{"cb_in1",1},{"cb_gamma",5},{"cb_beta",6},{"cb_ex_partial",8},{"cb_ex",9},{"cb_col_mask_packed",19},{"cb_ex_external2",13},{"cb_mask_scratch",14},{"cb_ex2pe",20},{"cb_ex_partial2",11},{"cb_ex2",12}, -c -o /home/ttuser/.cache/tt-metal-cache/1801534666104373800/kernels/layernorm_sharded_post_allgather/6174311821697049434/trisc1/trisck.5840157215345881480_1063937.o /home/ttuser/dev/muse-glimmer/tt-metal/tt_metal/hw/firmware/src/tt-1xx/trisck.cc -MF /home/ttuser/.cache/tt-metal-cache/1801534666104373800/kernels/layernorm_sharded_post_allgather/6174311821697049434/trisc1/trisck.5840157215345881480_1063937.d
In file included from ../chlkc_math.cpp:4,
                 from /home/ttuser/dev/muse-glimmer/tt-metal/tt_metal/hw/ckernels/blackhole/metal/common/chlkc_list.h:16,
                 from /home/ttuser/dev/muse-glimmer/tt-metal/tt_metal/hw/firmware/src/tt-1xx/trisck.cc:13:
/home/ttuser/dev/muse-glimmer/tt-metal/ttnn/cpp/ttnn/operations/normalization/layernorm/device/kernels/compute/layernorm_sharded_post_allgather.cpp: In function 'void kernel_main()':
/home/ttuser/dev/muse-glimmer/tt-metal/ttnn/cpp/ttnn/operations/normalization/layernorm/device/kernels/compute/layernorm_sharded_post_allgather.cpp:43:14: warning: variable 'num_blocks_reduce' set but not used [-Wunused-but-set-variable]
   43 |     uint32_t num_blocks_reduce;
      |              ^~~~~~~~~~~~~~~~~
FRAC dist post_all_gather (L1 sharded, 4c)        per_op=   5.30 us  floor=  4.89 us  [1:10.19 2:15.47 4:26.10 8:47.26]
FRAC VERDICT replicated_norm=   8.11 us  distributed_norm=  14.89 us (pre 3.19 + ag 6.40 + post 5.30)  delta=  +6.78 us per distributed norm
FRAC VERDICT best_fractured_plain_norm=   5.72 us  (what the contract would pay if the norm needed no statistics at all -- it is not an option, a fractured residual has no full row to normalise over)
FRAC VERDICT two distributed norms per decode step ->  +13.55 us
nanobind: leaked 3 instances!
 - leaked instance 0x7d4dce0ca898 of type "ttnn._ttnn.multi_device.MeshCoordinate"
 - leaked instance 0x7d4dce0ca6b8 of type "ttnn._ttnn.multi_device.MeshCoordinate"
 - leaked instance 0x7d4d7a35fa38 of type "ttnn._ttnn.tensor.CoreRangeSet"
nanobind: leaked 46 types!
 - leaked type "DispatchCoreAxis"
 - leaked type "ttnn._ttnn.device.SubDeviceManagerId"
 - leaked type "ttnn._ttnn.types.iterator"
 - leaked type "MathFidelity"
 - leaked type "ttnn._ttnn.operations.matmul.MatmulMultiCoreReuseMultiCast1DProgramConfig"
 - leaked type "ttnn._ttnn.types.Shape"
 - leaked type "ttnn._ttnn.operations.matmul.MatmulInputs"
 - leaked type "ttnn._ttnn.multi_device.MeshMapperConfig"
 - leaked type "ttnn._ttnn.operations.matmul.MatmulMultiCoreReuseMultiCastBatchedDRAMShardedProgramConfig"
 - leaked type "BufferType"
 - ... skipped remainder
nanobind: leaked 374 functions!
 - leaked function "__init__"
 - leaked function "RegisterProgramRealtimeProfilerCallback"
 - leaked function ""
 - leaked function "GetNumPCIeDevices"
 - leaked function "disable_asynchronous_slow_dispatch"
 - leaked function ""
 - leaked function "get_tile_size"
 - leaked function "element_size"
 - leaked function "__init__"
 - leaked function ""
 - ... skipped remainder
nanobind: this is likely caused by a reference counting issue in the binding code.
See https://nanobind.readthedocs.io/en/latest/refleaks.html2026-08-12 20:49:03.999 | info     |    BuildKernels | JIT cache stats: 155/166 hits (93.4%) [155 cached, 40 build-once dedup, 0 merged artifacts, 0 merged genfiles] (build_cache_telemetry.cpp:207)
2026-08-12 20:49:03.999 | info     |    BuildKernels | JIT telemetry: 3 registered TelemetryTokens (build_cache_telemetry.cpp:230)
2026-08-12 20:49:04.013 | info     |          Device | Closing user mode device drivers (tt_cluster.cpp:513)
2026-08-12 20:49:04.013 | info     |             UMD | Closing devices in cluster (cluster.cpp:1197)
2026-08-12 20:49:04.601 | info     |             UMD | Closing devices in cluster completed. (cluster.cpp:1206)
2026-08-12 20:49:04.602 | info     |             UMD | Cluster destructor started. (cluster.cpp:912)
2026-08-12 20:49:04.602 | info     |             UMD | Cluster destructor completed. (cluster.cpp:915)
