2026-08-12 14:58:20.747 | DEBUG    | ttnn:<module>:78 - Initial ttnn.CONFIG:
Config{cache_path=/home/ttuser/.cache/ttnn,model_cache_path=/home/ttuser/.cache/ttnn/models,tmp_dir=/tmp/ttnn,enable_model_cache=false,enable_fast_runtime_mode=true,validate_program_args=false,throw_exception_on_fallback=false,enable_logging=false,enable_graph_report=false,enable_graph_python_stack_traces=false,enable_detailed_buffer_report=false,enable_detailed_tensor_report=false,enable_comparison_mode=false,comparison_mode_should_raise_exception=false,comparison_mode_pcc=0.9999,root_report_path=generated/ttnn/reports,report_name=std::nullopt,std::nullopt}
2026-08-12 14:58:22.191 | info     |          Device | Opening user mode device driver (tt_cluster.cpp:228)
2026-08-12 14:58:22.191 | info     |             UMD | Cluster constructor started. (cluster.cpp:389)
2026-08-12 14:58:22.191 | info     |             UMD | Creating TopologyDiscovery for architecture: blackhole (topology_discovery.cpp:96)
2026-08-12 14:58:22.191 | info     |             UMD | Starting topology discovery. (topology_discovery.cpp:115)
2026-08-12 14:58:22.203 | info     |             UMD | Established firmware bundle version: 19.11.0 (topology_discovery.cpp:575)
2026-08-12 14:58:22.203 | info     |             UMD | Completed topology discovery. (topology_discovery.cpp:119)
2026-08-12 14:58:22.281 | info     |             UMD | Opening local chip ids/PCIe ids: {0, 1, 2, 3}/[0, 1, 2, 3] and remote chip ids {} (cluster.cpp:173)
2026-08-12 14:58:22.281 | info     |             UMD | IOMMU: enabled (cluster.cpp:147)
2026-08-12 14:58:22.281 | info     |             UMD | KMD version: 2.10.0 (cluster.cpp:150)
2026-08-12 14:58:22.281 | info     |             UMD | Cluster constructor completed. (cluster.cpp:648)
2026-08-12 14:58:22.282 | info     |             UMD | Starting devices in cluster (cluster.cpp:1184)
2026-08-12 14:58:22.474 | info     |             UMD | Starting devices in cluster completed. (cluster.cpp:1192)
2026-08-12 14:58:22.594 | info     |     Distributed | Using auto discovery to generate mesh graph. (metal_env.cpp:437)
2026-08-12 14:58:22.594 | info     |     Distributed | Constructing control plane using auto-discovery (no mesh graph descriptor). (metal_env.cpp:499)
2026-08-12 14:58:22.594 | warning  |          Always | Unknown motherboard 'B850M-C' for chip_id=0 (bus_id=0x1) — falling back to bus_id as tray_id. Add this motherboard and its bus IDs to mobo_to_bus_ids in physical_system_discovery.cpp. (physical_system_discovery.cpp:119)
2026-08-12 14:58:22.594 | info     |          Fabric | Logical multi-mesh adjacency: intermesh degree histogram {0:1}; intra-mesh degree histograms mesh0 {2:4} (topology_mapper_utils.cpp:3329)
2026-08-12 14:58:22.594 | info     |          Fabric | Physical multi-mesh adjacency: intermesh degree histogram {0:1}; intra-mesh degree histograms mesh0 {2:4} (topology_mapper_utils.cpp:3337)
2026-08-12 14:58:22.634 | warning  |           Metal | Unable to set process priority to 0, error code: -1 (thread_pool.cpp:107)
2026-08-12 14:58:22.635 | warning  |           Metal | Unable to set process priority to 0, error code: -1 (thread_pool.cpp:107)
2026-08-12 14:58:22.635 | warning  |           Metal | Unable to set process priority to 0, error code: -1 (thread_pool.cpp:107)
2026-08-12 14:58:22.636 | warning  |           Metal | Unable to set process priority to 0, error code: -1 (thread_pool.cpp:107)
2026-08-12 14:58:22.636 | warning  |           Metal | Unable to set process priority to 0, error code: -1 (thread_pool.cpp:107)
2026-08-12 14:58:22.637 | warning  |           Metal | Unable to set process priority to 0, error code: -1 (thread_pool.cpp:107)
2026-08-12 14:58:22.637 | warning  |           Metal | Unable to set process priority to 0, error code: -1 (thread_pool.cpp:107)
2026-08-12 14:58:22.638 | warning  |           Metal | Unable to set process priority to 0, error code: -1 (thread_pool.cpp:107)
2026-08-12 14:58:22.638 | info     |           Metal | Initializing Fabric (fabric_firmware_initializer.cpp:296)
2026-08-12 14:58:22.664 | info     |           Metal | Fabric initialized on Device 0 (device.cpp:550)
2026-08-12 14:58:22.664 | info     |           Metal | Fabric initialized on Device 1 (device.cpp:550)
2026-08-12 14:58:22.665 | info     |           Metal | Fabric initialized on Device 2 (device.cpp:550)
2026-08-12 14:58:22.666 | info     |           Metal | Fabric initialized on Device 3 (device.cpp:550)
2026-08-12 14:58:22.666 | info     |           Metal | Fabric initialized on 4 devices (fabric_firmware_initializer.cpp:444)
2026-08-12 14:58:22.666 | info     |           Metal | Fabric Initialized with config FabricConfig::FABRIC_1D_RING (fabric_firmware_initializer.cpp:313)
2026-08-12 14:58:28.681 | warning  |              Op | Allocating semaphores in L1, which may fragment L1 and reduce headroom for subsequent op allocations. Configure an L1_SMALL region to mitigate this. (all_gather_multicast_factory.cpp:42)
2026-08-12 14:58:28.682 | warning  |              Op | Fabric packet size 4352 B is suboptimal for transporting 2048 B pages. Configure 8192 B packet size to maximize throughput. (ccl_common.cpp:70)
2026-08-12 14:58:28.682 | warning  |              Op | Fabric packet size 4352 B is suboptimal for transporting 2048 B pages. Configure 8192 B packet size to maximize throughput. (ccl_common.cpp:70)
2026-08-12 14:58:28.682 | warning  |              Op | Fabric packet size 4352 B is suboptimal for transporting 2048 B pages. Configure 8192 B packet size to maximize throughput. (ccl_common.cpp:70)
2026-08-12 14:58:28.682 | warning  |              Op | Fabric packet size 4352 B is suboptimal for transporting 2048 B pages. Configure 8192 B packet size to maximize throughput. (ccl_common.cpp:70)
2026-08-12 14:58:28.752 | warning  |              Op | Allocating semaphores in L1, which may fragment L1 and reduce headroom for subsequent op allocations. Configure an L1_SMALL region to mitigate this. (all_gather_multicast_factory.cpp:42)
2026-08-12 14:58:28.753 | warning  |              Op | Fabric packet size 4352 B is suboptimal for transporting 2048 B pages. Configure 8192 B packet size to maximize throughput. (ccl_common.cpp:70)
2026-08-12 14:58:28.753 | warning  |              Op | Fabric packet size 4352 B is suboptimal for transporting 2048 B pages. Configure 8192 B packet size to maximize throughput. (ccl_common.cpp:70)
2026-08-12 14:58:28.753 | warning  |              Op | Fabric packet size 4352 B is suboptimal for transporting 2048 B pages. Configure 8192 B packet size to maximize throughput. (ccl_common.cpp:70)
2026-08-12 14:58:28.753 | warning  |              Op | Fabric packet size 4352 B is suboptimal for transporting 2048 B pages. Configure 8192 B packet size to maximize throughput. (ccl_common.cpp:70)
2026-08-12 14:58:29.042 | warning  |              Op | Allocating semaphores in L1, which may fragment L1 and reduce headroom for subsequent op allocations. Configure an L1_SMALL region to mitigate this. (all_gather_unicast_factory.cpp:56)
2026-08-12 14:58:29.044 | warning  |              Op | Fabric packet size 4352 B is suboptimal for transporting 2048 B pages. Configure 8192 B packet size to maximize throughput. (ccl_common.cpp:70)
2026-08-12 14:58:29.044 | warning  |              Op | Fabric packet size 4352 B is suboptimal for transporting 2048 B pages. Configure 8192 B packet size to maximize throughput. (ccl_common.cpp:70)
2026-08-12 14:58:29.045 | warning  |              Op | Fabric packet size 4352 B is suboptimal for transporting 2048 B pages. Configure 8192 B packet size to maximize throughput. (ccl_common.cpp:70)
2026-08-12 14:58:29.045 | warning  |              Op | Fabric packet size 4352 B is suboptimal for transporting 2048 B pages. Configure 8192 B packet size to maximize throughput. (ccl_common.cpp:70)
MESH MeshShape([1, 4]) devices=4 grid=11-10
AB       grid8_mlp16      kind=sliding  mesh=1x4 batch=1 prefill8192=   21.29 ms  traced_decode@2048= 0.4885 ms/token  prefill_pcc=0.993777 decode_pcc=0.993410  (0.4886/0.4886/0.4885)
AB       grid8_mlp16      kind=full     mesh=1x4 batch=1 prefill8192=   20.56 ms  traced_decode@2048= 0.4579 ms/token  prefill_pcc=0.992310 decode_pcc=0.992126  (0.4579/0.4579/0.4579)
nanobind: leaked 3 instances!
 - leaked instance 0x75afddfbdf88 of type "ttnn._ttnn.multi_device.MeshCoordinate"
 - leaked instance 0x75af8a113138 of type "ttnn._ttnn.tensor.CoreRangeSet"
 - leaked instance 0x75afddfbdda8 of type "ttnn._ttnn.multi_device.MeshCoordinate"
nanobind: leaked 24 types!
 - leaked type "MathFidelity"
 - leaked type "ttnn._ttnn.operations.matmul.MatmulMultiCoreReuseMultiCast1DProgramConfig"
 - leaked type "ttnn._ttnn.operations.matmul.MatmulInputs"
 - leaked type "ttnn._ttnn.multi_device.MeshMapperConfig"
 - leaked type "ttnn._ttnn.operations.matmul.MatmulMultiCoreReuseMultiCastBatchedDRAMShardedProgramConfig"
 - leaked type "BufferType"
 - leaked type "UnaryOpType"
 - leaked type "ttnn._ttnn.operations.matmul.MatmulMultiCoreReuseOptimizedProgramFactory"
 - leaked type "ttnn._ttnn.operations.matmul.MatmulParams"
 - leaked type "ttnn._ttnn.tensor.CoreRangeSet"
 - ... skipped remainder
nanobind: leaked 282 functions!
 - leaked function ""
 - leaked function "get_current_command_queue_id_for_thread"
 - leaked function "to_json"
 - leaked function "from_json"
 - leaked function ""
 - leaked function "from_json"
 - leaked function "quiesce_devices"
 - leaked function "cpu"
 - leaked function ""
 - leaked function "device_coords"
 - ... skipped remainder
nanobind: this is likely caused by a reference counting issue in the binding code.
See https://nanobind.readthedocs.io/en/latest/refleaks.html2026-08-12 14:58:36.106 | info     |    BuildKernels | JIT cache stats: 380/380 hits (100.0%) [380 cached, 211 build-once dedup, 0 merged artifacts, 0 merged genfiles] (build_cache_telemetry.cpp:207)
2026-08-12 14:58:36.106 | info     |    BuildKernels | JIT telemetry: 3 registered TelemetryTokens (build_cache_telemetry.cpp:230)
2026-08-12 14:58:36.122 | info     |          Device | Closing user mode device drivers (tt_cluster.cpp:513)
2026-08-12 14:58:36.122 | info     |             UMD | Closing devices in cluster (cluster.cpp:1197)
2026-08-12 14:58:36.534 | info     |             UMD | Closing devices in cluster completed. (cluster.cpp:1206)
2026-08-12 14:58:36.534 | info     |             UMD | Cluster destructor started. (cluster.cpp:912)
2026-08-12 14:58:36.534 | info     |             UMD | Cluster destructor completed. (cluster.cpp:915)
