2026-08-12 22:05:17.601 | DEBUG    | ttnn:<module>:78 - Initial ttnn.CONFIG:
Config{cache_path=/home/ttuser/.cache/ttnn,model_cache_path=/home/ttuser/.cache/ttnn/models,tmp_dir=/tmp/ttnn,enable_model_cache=false,enable_fast_runtime_mode=true,validate_program_args=false,throw_exception_on_fallback=false,enable_logging=false,enable_graph_report=false,enable_graph_python_stack_traces=false,enable_detailed_buffer_report=false,enable_detailed_tensor_report=false,enable_comparison_mode=false,comparison_mode_should_raise_exception=false,comparison_mode_pcc=0.9999,root_report_path=generated/ttnn/reports,report_name=std::nullopt,std::nullopt}
2026-08-12 22:05:21.659 | info     |          Device | Opening user mode device driver (tt_cluster.cpp:228)
2026-08-12 22:05:21.659 | info     |             UMD | Cluster constructor started. (cluster.cpp:389)
2026-08-12 22:05:21.659 | info     |             UMD | Creating TopologyDiscovery for architecture: blackhole (topology_discovery.cpp:96)
2026-08-12 22:05:21.659 | info     |             UMD | Starting topology discovery. (topology_discovery.cpp:115)
2026-08-12 22:05:21.672 | info     |             UMD | Established firmware bundle version: 19.11.0 (topology_discovery.cpp:575)
2026-08-12 22:05:21.673 | info     |             UMD | Completed topology discovery. (topology_discovery.cpp:119)
2026-08-12 22:05:21.750 | info     |             UMD | Opening local chip ids/PCIe ids: {0, 1, 2, 3}/[0, 1, 2, 3] and remote chip ids {} (cluster.cpp:173)
2026-08-12 22:05:21.750 | info     |             UMD | IOMMU: enabled (cluster.cpp:147)
2026-08-12 22:05:21.750 | info     |             UMD | KMD version: 2.10.0 (cluster.cpp:150)
2026-08-12 22:05:21.750 | info     |             UMD | Cluster constructor completed. (cluster.cpp:648)
2026-08-12 22:05:21.752 | info     |             UMD | Starting devices in cluster (cluster.cpp:1184)
2026-08-12 22:05:21.754 | info     |             UMD | Starting devices in cluster completed. (cluster.cpp:1192)
2026-08-12 22:05:21.873 | info     |     Distributed | Using auto discovery to generate mesh graph. (metal_env.cpp:437)
2026-08-12 22:05:21.873 | info     |     Distributed | Constructing control plane using auto-discovery (no mesh graph descriptor). (metal_env.cpp:499)
2026-08-12 22:05:21.873 | warning  |          Always | Unknown motherboard 'B850M-C' for chip_id=0 (bus_id=0x1) — falling back to bus_id as tray_id. Add this motherboard and its bus IDs to mobo_to_bus_ids in physical_system_discovery.cpp. (physical_system_discovery.cpp:119)
2026-08-12 22:05:21.873 | info     |          Fabric | Logical multi-mesh adjacency: intermesh degree histogram {0:1}; intra-mesh degree histograms mesh0 {2:4} (topology_mapper_utils.cpp:3329)
2026-08-12 22:05:21.873 | info     |          Fabric | Physical multi-mesh adjacency: intermesh degree histogram {0:1}; intra-mesh degree histograms mesh0 {2:4} (topology_mapper_utils.cpp:3337)
2026-08-12 22:05:41.882 | critical |           Metal | Device 0: Virtual core 29-25, Port status: 0x1, Retrain count: 0x0, Rx link up: 0x1, Train status: 0x2, PCS status: 0x1, SerDes reset status: 0x1, Postcode: 0xc0dea000, ERISC0 reset PC: 0x3650, ERISC1 reset PC: 0x9330, RISC soft reset: 0x0, Heartbeat start: 0xdcbab580, Heartbeat end: 0xdcbab580, Heartbeat changed: false (llrt.cpp:347)
2026-08-12 22:05:41.882 | critical |          Always | TT_THROW: Device 0: Timed out while waiting for active ethernet core 29-25 to become active again. Try resetting the board. Minimum tt-firmware version is 18.10.0 (assert.hpp:104)
Traceback (most recent call last):
  File "/home/ttuser/dev/muse-glimmer/tt-metal/models/autoports/meta_models_muse_glimmer_30b/doc/multichip_decoder/bench/smoke.py", line 159, in <module>
    main()
  File "/home/ttuser/dev/muse-glimmer/tt-metal/models/autoports/meta_models_muse_glimmer_30b/doc/multichip_decoder/bench/smoke.py", line 98, in main
    mesh = open_multichip_mesh(mesh_shape, trace_region_size=0)
           ^^^^^^^^^^^^^^^^^^^^^^^^^^^^^^^^^^^^^^^^^^^^^^^^^^^^
  File "/home/ttuser/dev/muse-glimmer/tt-metal/models/autoports/meta_models_muse_glimmer_30b/tt/multichip_decoder.py", line 587, in open_multichip_mesh
    return ttnn.open_mesh_device(
           ^^^^^^^^^^^^^^^^^^^^^^
  File "/home/ttuser/dev/muse-glimmer/tt-metal/ttnn/ttnn/distributed/distributed.py", line 671, in open_mesh_device
    return ttnn._ttnn.multi_device.open_mesh_device(
           ^^^^^^^^^^^^^^^^^^^^^^^^^^^^^^^^^^^^^^^^^
RuntimeError: TT_THROW @ /home/ttuser/dev/muse-glimmer/tt-metal/tt_metal/llrt/llrt.cpp:594: tt::exception
info:
Device 0: Timed out while waiting for active ethernet core 29-25 to become active again. Try resetting the board. Minimum tt-firmware version is 18.10.0
backtrace:
 --- /home/ttuser/dev/muse-glimmer/tt-metal/build_Release/lib/libtt_metal.so(+0xc4cd88) [0x791e5ba4cd88]
 --- tt::llrt::internal_::return_to_base_firmware_and_wait_for_heartbeat(int, tt::xy_pair const&, int)
 --- tt::tt_metal::RiscFirmwareInitializer::assert_active_ethernet_cores_to_reset(int)
 --- tt::tt_metal::RiscFirmwareInitializer::reset_cores(int)
 --- tt::tt_metal::RiscFirmwareInitializer::run_launch_phase(std::set<int, std::less<int>, std::allocator<int> > const&)
 --- tt::tt_metal::MetalContext::initialize(tt::tt_metal::DispatchCoreConfig const&, unsigned char, std::vector<unsigned int, std::allocator<unsigned int> > const&, unsigned long, bool)
 --- tt::tt_metal::MetalContext::initialize_device_manager(std::vector<int, std::allocator<int> > const&, unsigned char, unsigned long, unsigned long, tt::tt_metal::DispatchCoreConfig const&, std::span<unsigned int const, 18446744073709551615ul>, unsigned long, bool, bool)
 --- tt::tt_metal::experimental::CreateDevices(ttsl::StrongType<int, tt::tt_metal::ContextIdTag>, std::vector<int, std::allocator<int> > const&, unsigned char, unsigned long, unsigned long, tt::tt_metal::DispatchCoreConfig const&, std::vector<unsigned int, std::allocator<unsigned int> > const&, unsigned long, bool, bool)
 --- tt::tt_metal::distributed::MeshDeviceImpl::ScopedDevices::ScopedDevices(std::vector<tt::tt_metal::distributed::MaybeRemote<int>, std::allocator<tt::tt_metal::distributed::MaybeRemote<int> > > const&, std::vector<tt::tt_metal::distributed::MaybeRemote<int>, std::allocator<tt::tt_metal::distributed::MaybeRemote<int> > > const&, unsigned long, unsigned long, unsigned long, unsigned long, tt::tt_metal::DispatchCoreConfig const&, ttsl::StrongType<int, tt::tt_metal::ContextIdTag>)
 --- tt::tt_metal::distributed::MeshDeviceImpl::create(ttsl::StrongType<int, tt::tt_metal::ContextIdTag>, tt::tt_metal::distributed::MeshDeviceConfig const&, unsigned long, unsigned long, unsigned long, tt::tt_metal::DispatchCoreConfig const&, std::span<unsigned int const, 18446744073709551615ul>, unsigned long)
 --- tt::tt_metal::distributed::MeshDevice::create(tt::tt_metal::distributed::MeshDeviceConfig const&, unsigned long, unsigned long, unsigned long, tt::tt_metal::DispatchCoreConfig const&, std::span<unsigned int const, 18446744073709551615ul>, unsigned long)
 --- ttnn::distributed::open_mesh_device(unsigned long, unsigned long, unsigned long, tt::tt_metal::DispatchCoreConfig const&, std::optional<tt::tt_metal::distributed::MeshShape> const&, std::optional<tt::tt_metal::distributed::MeshCoordinate> const&, std::vector<int, std::allocator<int> > const&, unsigned long)
 --- /home/ttuser/dev/muse-glimmer/tt-metal/ttnn/ttnn/_ttnn.so(+0x87b668) [0x791e5f27b668]
 --- /home/ttuser/dev/muse-glimmer/tt-metal/ttnn/ttnn/_ttnn.so(+0x352bc5) [0x791e5ed52bc5]
 --- python(_PyEval_EvalFrameDefault+0x3887) [0x1616a07]
 --- python(PyEval_EvalCode+0xe2) [0x1684e62]
 --- python() [0x16a4982]
 --- python() [0x17aebff]
 --- python(_PyRun_SimpleFileObject+0x118) [0x17af3ac]
 --- python(_PyRun_AnyFileObject+0x42) [0x17af282]
 --- python() [0x17af1c4]
 --- python() [0x17af0d8]
 --- python(Py_RunMain+0x2e5) [0x171f33b]
 --- python() [0x17406fa]
 --- python() [0x17404ed]
 --- /lib/x86_64-linux-gnu/libc.so.6(+0x2a1ca) [0x791ea322a1ca]
 --- /lib/x86_64-linux-gnu/libc.so.6(__libc_start_main+0x8b) [0x791ea322a28b]
 --- python(_start+0x29) [0x1795ced]

nanobind: leaked 3 instances!
 - leaked instance 0x791e5f3bd128 of type "ttnn._ttnn.multi_device.MeshCoordinate"
 - leaked instance 0x791e0b53c798 of type "ttnn._ttnn.tensor.CoreRangeSet"
 - leaked instance 0x791e5f3bcf48 of type "ttnn._ttnn.multi_device.MeshCoordinate"
nanobind: leaked 24 types!
 - leaked type "MathFidelity"
 - leaked type "ttnn._ttnn.operations.matmul.MatmulMultiCoreReuseMultiCast1DProgramConfig"
 - leaked type "ttnn._ttnn.operations.matmul.MatmulInputs"
 - leaked type "ttnn._ttnn.multi_device.MeshMapperConfig"
 - leaked type "ttnn._ttnn.operations.matmul.MatmulMultiCoreReuseMultiCastBatchedDRAMShardedProgramConfig"
 - leaked type "BufferType"
 - leaked type "UnaryOpType"
 - leaked type "ttnn._ttnn.operations.matmul.MatmulMultiCoreReuseOptimizedProgramFactory"
 - leaked type "ttnn._ttnn.operations.matmul.MatmulParams"
 - leaked type "ttnn._ttnn.tensor.CoreRangeSet"
 - ... skipped remainder
nanobind: leaked 282 functions!
 - leaked function "__init__"
 - leaked function ""
 - leaked function "__init__"
 - leaked function "compute_output_specs"
 - leaked function ""
 - leaked function ""
 - leaked function "empty"
 - leaked function ""
 - leaked function ""
 - leaked function ""
 - ... skipped remainder
nanobind: this is likely caused by a reference counting issue in the binding code.
See https://nanobind.readthedocs.io/en/latest/refleaks.html2026-08-12 22:06:02.720 | critical |           Metal | Device 0: Virtual core 29-25, Port status: 0x1, Retrain count: 0x0, Rx link up: 0x1, Train status: 0x2, PCS status: 0x1, SerDes reset status: 0x1, Postcode: 0xc0dea000, ERISC0 reset PC: 0x3650, ERISC1 reset PC: 0x9330, RISC soft reset: 0x0, Heartbeat start: 0xdcbab580, Heartbeat end: 0xdcbab580, Heartbeat changed: false (llrt.cpp:347)
2026-08-12 22:06:02.720 | critical |          Always | TT_THROW: Device 0: Timed out while waiting for active ethernet core 29-25 to become active again. Try resetting the board. Minimum tt-firmware version is 18.10.0 (assert.hpp:104)
terminate called after throwing an instance of 'std::runtime_error'
  what():  TT_THROW @ /home/ttuser/dev/muse-glimmer/tt-metal/tt_metal/llrt/llrt.cpp:594: tt::exception
info:
Device 0: Timed out while waiting for active ethernet core 29-25 to become active again. Try resetting the board. Minimum tt-firmware version is 18.10.0
backtrace:
 --- /home/ttuser/dev/muse-glimmer/tt-metal/build_Release/lib/libtt_metal.so(+0xc4cd88) [0x791e5ba4cd88]
 --- tt::llrt::internal_::return_to_base_firmware_and_wait_for_heartbeat(int, tt::xy_pair const&, int)
 --- tt::tt_metal::RiscFirmwareInitializer::assert_active_ethernet_cores_to_reset(int)
 --- tt::tt_metal::RiscFirmwareInitializer::teardown(std::unordered_set<tt::tt_metal::InitializerKey, std::hash<tt::tt_metal::InitializerKey>, std::equal_to<tt::tt_metal::InitializerKey>, std::allocator<tt::tt_metal::InitializerKey> >&)
 --- tt::tt_metal::MetalContext::teardown()
 --- tt::tt_metal::MetalContext::~MetalContext()
 --- tt::tt_metal::MetalContext::destroy_instance(bool, ttsl::StrongType<int, tt::tt_metal::ContextIdTag>)
 --- tt::tt_metal::MetalContext::destroy_all_instances(bool)
 --- /lib/x86_64-linux-gnu/libc.so.6(+0x47a76) [0x791ea3247a76]
 --- /lib/x86_64-linux-gnu/libc.so.6(+0x47bbe) [0x791ea3247bbe]
 --- /lib/x86_64-linux-gnu/libc.so.6(+0x2a1d1) [0x791ea322a1d1]
 --- /lib/x86_64-linux-gnu/libc.so.6(__libc_start_main+0x8b) [0x791ea322a28b]
 --- python(_start+0x29) [0x1795ced]

[tt-quietbox:1080833] *** Process received signal ***
[tt-quietbox:1080833] Signal: Aborted (6)
[tt-quietbox:1080833] Signal code:  (-6)
[tt-quietbox:1080833] [ 0] /lib/x86_64-linux-gnu/libc.so.6(+0x45330)[0x791ea3245330]
[tt-quietbox:1080833] [ 1] /lib/x86_64-linux-gnu/libc.so.6(pthread_kill+0x11c)[0x791ea329ec0c]
[tt-quietbox:1080833] [ 2] /lib/x86_64-linux-gnu/libc.so.6(gsignal+0x1e)[0x791ea324527e]
[tt-quietbox:1080833] [ 3] /lib/x86_64-linux-gnu/libc.so.6(abort+0xdf)[0x791ea32288ff]
[tt-quietbox:1080833] [ 4] /lib/x86_64-linux-gnu/libstdc++.so.6(+0xac2b5)[0x791e8b4ac2b5]
[tt-quietbox:1080833] [ 5] /lib/x86_64-linux-gnu/libstdc++.so.6(+0xc31ea)[0x791e8b4c31ea]
[tt-quietbox:1080833] [ 6] /lib/x86_64-linux-gnu/libstdc++.so.6(_ZSt10unexpectedv+0x0)[0x791e8b4abcac]
[tt-quietbox:1080833] [ 7] /home/ttuser/dev/muse-glimmer/tt-metal/build_Release/lib/libtt_metal.so(+0x6b37ce)[0x791e5b4b37ce]
[tt-quietbox:1080833] [ 8] /home/ttuser/dev/muse-glimmer/tt-metal/build_Release/lib/libtt_metal.so(+0xb60e61)[0x791e5b960e61]
[tt-quietbox:1080833] [ 9] /home/ttuser/dev/muse-glimmer/tt-metal/build_Release/lib/libtt_metal.so(_ZN2tt8tt_metal12MetalContext16destroy_instanceEbN4ttsl10StrongTypeIiNS0_12ContextIdTagEEE+0x90)[0x791e5b960450]
[tt-quietbox:1080833] [10] /home/ttuser/dev/muse-glimmer/tt-metal/build_Release/lib/libtt_metal.so(_ZN2tt8tt_metal12MetalContext21destroy_all_instancesEb+0xf)[0x791e5b96052f]
[tt-quietbox:1080833] [11] /lib/x86_64-linux-gnu/libc.so.6(+0x47a76)[0x791ea3247a76]
[tt-quietbox:1080833] [12] /lib/x86_64-linux-gnu/libc.so.6(+0x47bbe)[0x791ea3247bbe]
[tt-quietbox:1080833] [13] /lib/x86_64-linux-gnu/libc.so.6(+0x2a1d1)[0x791ea322a1d1]
[tt-quietbox:1080833] [14] /lib/x86_64-linux-gnu/libc.so.6(__libc_start_main+0x8b)[0x791ea322a28b]
[tt-quietbox:1080833] [15] python(_start+0x29)[0x1795ced]
[tt-quietbox:1080833] *** End of error message ***
timeout: the monitored command dumped core
