2026-08-12 20:45:41.562 | DEBUG    | ttnn:<module>:78 - Initial ttnn.CONFIG:
Config{cache_path=/home/ttuser/.cache/ttnn,model_cache_path=/home/ttuser/.cache/ttnn/models,tmp_dir=/tmp/ttnn,enable_model_cache=false,enable_fast_runtime_mode=true,validate_program_args=false,throw_exception_on_fallback=false,enable_logging=false,enable_graph_report=false,enable_graph_python_stack_traces=false,enable_detailed_buffer_report=false,enable_detailed_tensor_report=false,enable_comparison_mode=false,comparison_mode_should_raise_exception=false,comparison_mode_pcc=0.9999,root_report_path=generated/ttnn/reports,report_name=std::nullopt,std::nullopt}
2026-08-12 20:45:41.749 | info     |          Device | Opening user mode device driver (tt_cluster.cpp:228)
2026-08-12 20:45:41.749 | info     |             UMD | Cluster constructor started. (cluster.cpp:389)
2026-08-12 20:45:41.749 | info     |             UMD | Creating TopologyDiscovery for architecture: blackhole (topology_discovery.cpp:96)
2026-08-12 20:45:41.749 | info     |             UMD | Starting topology discovery. (topology_discovery.cpp:115)
2026-08-12 20:45:41.761 | info     |             UMD | Established firmware bundle version: 19.11.0 (topology_discovery.cpp:575)
2026-08-12 20:45:41.761 | info     |             UMD | Completed topology discovery. (topology_discovery.cpp:119)
2026-08-12 20:45:41.839 | info     |             UMD | Opening local chip ids/PCIe ids: {0, 1, 2, 3}/[0, 1, 2, 3] and remote chip ids {} (cluster.cpp:173)
2026-08-12 20:45:41.839 | info     |             UMD | IOMMU: enabled (cluster.cpp:147)
2026-08-12 20:45:41.839 | info     |             UMD | KMD version: 2.10.0 (cluster.cpp:150)
2026-08-12 20:45:41.839 | info     |             UMD | Cluster constructor completed. (cluster.cpp:648)
2026-08-12 20:45:41.840 | info     |             UMD | Starting devices in cluster (cluster.cpp:1184)
2026-08-12 20:45:42.053 | info     |             UMD | Starting devices in cluster completed. (cluster.cpp:1192)
2026-08-12 20:45:42.173 | info     |     Distributed | Using auto discovery to generate mesh graph. (metal_env.cpp:437)
2026-08-12 20:45:42.173 | info     |     Distributed | Constructing control plane using auto-discovery (no mesh graph descriptor). (metal_env.cpp:499)
2026-08-12 20:45:42.173 | warning  |          Always | Unknown motherboard 'B850M-C' for chip_id=0 (bus_id=0x1) — falling back to bus_id as tray_id. Add this motherboard and its bus IDs to mobo_to_bus_ids in physical_system_discovery.cpp. (physical_system_discovery.cpp:119)
2026-08-12 20:45:42.173 | info     |          Fabric | Logical multi-mesh adjacency: intermesh degree histogram {0:1}; intra-mesh degree histograms mesh0 {2:4} (topology_mapper_utils.cpp:3329)
2026-08-12 20:45:42.173 | info     |          Fabric | Physical multi-mesh adjacency: intermesh degree histogram {0:1}; intra-mesh degree histograms mesh0 {2:4} (topology_mapper_utils.cpp:3337)
2026-08-12 20:45:42.213 | warning  |           Metal | Unable to set process priority to 0, error code: -1 (thread_pool.cpp:107)
2026-08-12 20:45:42.214 | warning  |           Metal | Unable to set process priority to 0, error code: -1 (thread_pool.cpp:107)
2026-08-12 20:45:42.214 | warning  |           Metal | Unable to set process priority to 0, error code: -1 (thread_pool.cpp:107)
2026-08-12 20:45:42.215 | warning  |           Metal | Unable to set process priority to 0, error code: -1 (thread_pool.cpp:107)
2026-08-12 20:45:42.216 | warning  |           Metal | Unable to set process priority to 0, error code: -1 (thread_pool.cpp:107)
2026-08-12 20:45:42.216 | warning  |           Metal | Unable to set process priority to 0, error code: -1 (thread_pool.cpp:107)
2026-08-12 20:45:42.217 | warning  |           Metal | Unable to set process priority to 0, error code: -1 (thread_pool.cpp:107)
2026-08-12 20:45:42.217 | warning  |           Metal | Unable to set process priority to 0, error code: -1 (thread_pool.cpp:107)
2026-08-12 20:45:42.218 | info     |           Metal | Initializing Fabric (fabric_firmware_initializer.cpp:296)
2026-08-12 20:45:42.242 | info     |           Metal | Fabric initialized on Device 0 (device.cpp:550)
2026-08-12 20:45:42.243 | info     |           Metal | Fabric initialized on Device 1 (device.cpp:550)
2026-08-12 20:45:42.243 | info     |           Metal | Fabric initialized on Device 2 (device.cpp:550)
2026-08-12 20:45:42.244 | info     |           Metal | Fabric initialized on Device 3 (device.cpp:550)
2026-08-12 20:45:42.244 | info     |           Metal | Fabric initialized on 4 devices (fabric_firmware_initializer.cpp:444)
2026-08-12 20:45:42.244 | info     |           Metal | Fabric Initialized with config FabricConfig::FABRIC_1D_RING (fabric_firmware_initializer.cpp:313)
TOPO rows=32 tp=4 traced=True reducer=shipped(rs_w1+ag) S=416.0 KiB
TOPO replicated                   314.91 us   expected_ccl_bytes=    624.0 KiB (1.50 S)
2026-08-12 20:45:45.717 | warning  |              Op | Fabric packet size 8192 B is suboptimal for transporting 1088 B pages. Configure 4352 B packet size to maximize throughput. (ccl_common.cpp:70)
2026-08-12 20:45:45.717 | warning  |              Op | Fabric packet size 8192 B is suboptimal for transporting 1088 B pages. Configure 4352 B packet size to maximize throughput. (ccl_common.cpp:70)
2026-08-12 20:45:45.717 | warning  |              Op | Fabric packet size 8192 B is suboptimal for transporting 1088 B pages. Configure 4352 B packet size to maximize throughput. (ccl_common.cpp:70)
2026-08-12 20:45:45.717 | warning  |              Op | Fabric packet size 8192 B is suboptimal for transporting 1088 B pages. Configure 4352 B packet size to maximize throughput. (ccl_common.cpp:70)
TOPO replicated_bfp8              312.46 us   expected_ccl_bytes=    312.0 KiB (0.75 S)
TOPO fractured                    282.21 us   expected_ccl_bytes=    624.0 KiB (1.50 S)
TOPO gather_heads                 343.71 us   expected_ccl_bytes=    504.0 KiB (1.21 S)
TOPO gather_heads_fractured       311.44 us   expected_ccl_bytes=    504.0 KiB (1.21 S)
nanobind: leaked 3 instances!
 - leaked instance 0x78fadd3c29d8 of type "ttnn._ttnn.multi_device.MeshCoordinate"
 - leaked instance 0x78fadd3c27f8 of type "ttnn._ttnn.multi_device.MeshCoordinate"
 - leaked instance 0x78fa8944a118 of type "ttnn._ttnn.tensor.CoreRangeSet"
nanobind: leaked 45 types!
 - leaked type "DispatchCoreAxis"
 - leaked type "ttnn._ttnn.device.SubDeviceManagerId"
 - leaked type "MathFidelity"
 - leaked type "ttnn._ttnn.operations.matmul.MatmulMultiCoreReuseMultiCast1DProgramConfig"
 - leaked type "ttnn._ttnn.types.Shape"
 - leaked type "ttnn._ttnn.operations.matmul.MatmulInputs"
 - leaked type "ttnn._ttnn.multi_device.MeshMapperConfig"
 - leaked type "ttnn._ttnn.operations.matmul.MatmulMultiCoreReuseMultiCastBatchedDRAMShardedProgramConfig"
 - leaked type "BufferType"
 - leaked type "UnaryOpType"
 - ... skipped remainder
nanobind: leaked 372 functions!
 - leaked function "from_json"
 - leaked function "subtract"
 - leaked function ""
 - leaked function "disable_asynchronous_slow_dispatch"
 - leaked function "is_sharded"
 - leaked function "deallocate"
 - leaked function ""
 - leaked function "buffer_num_pages"
 - leaked function "get_dtype"
 - leaked function ""
 - ... skipped remainder
nanobind: this is likely caused by a reference counting issue in the binding code.
See https://nanobind.readthedocs.io/en/latest/refleaks.html2026-08-12 20:45:46.296 | info     |    BuildKernels | JIT cache stats: 140/140 hits (100.0%) [140 cached, 50 build-once dedup, 0 merged artifacts, 0 merged genfiles] (build_cache_telemetry.cpp:207)
2026-08-12 20:45:46.296 | info     |    BuildKernels | JIT telemetry: 3 registered TelemetryTokens (build_cache_telemetry.cpp:230)
2026-08-12 20:45:46.310 | info     |          Device | Closing user mode device drivers (tt_cluster.cpp:513)
2026-08-12 20:45:46.310 | info     |             UMD | Closing devices in cluster (cluster.cpp:1197)
2026-08-12 20:45:46.877 | info     |             UMD | Closing devices in cluster completed. (cluster.cpp:1206)
2026-08-12 20:45:46.877 | info     |             UMD | Cluster destructor started. (cluster.cpp:912)
2026-08-12 20:45:46.877 | info     |             UMD | Cluster destructor completed. (cluster.cpp:915)
