2026-08-12 15:05:24.015 | DEBUG    | ttnn:<module>:78 - Initial ttnn.CONFIG:
Config{cache_path=/home/ttuser/.cache/ttnn,model_cache_path=/home/ttuser/.cache/ttnn/models,tmp_dir=/tmp/ttnn,enable_model_cache=false,enable_fast_runtime_mode=true,validate_program_args=false,throw_exception_on_fallback=false,enable_logging=false,enable_graph_report=false,enable_graph_python_stack_traces=false,enable_detailed_buffer_report=false,enable_detailed_tensor_report=false,enable_comparison_mode=false,comparison_mode_should_raise_exception=false,comparison_mode_pcc=0.9999,root_report_path=generated/ttnn/reports,report_name=std::nullopt,std::nullopt}
2026-08-12 15:05:24.196 | info     |          Device | Opening user mode device driver (tt_cluster.cpp:228)
2026-08-12 15:05:24.196 | info     |             UMD | Cluster constructor started. (cluster.cpp:389)
2026-08-12 15:05:24.196 | info     |             UMD | Creating TopologyDiscovery for architecture: blackhole (topology_discovery.cpp:96)
2026-08-12 15:05:24.196 | info     |             UMD | Starting topology discovery. (topology_discovery.cpp:115)
2026-08-12 15:05:24.208 | info     |             UMD | Established firmware bundle version: 19.11.0 (topology_discovery.cpp:575)
2026-08-12 15:05:24.208 | info     |             UMD | Completed topology discovery. (topology_discovery.cpp:119)
2026-08-12 15:05:24.285 | info     |             UMD | Opening local chip ids/PCIe ids: {0, 1, 2, 3}/[0, 1, 2, 3] and remote chip ids {} (cluster.cpp:173)
2026-08-12 15:05:24.285 | info     |             UMD | IOMMU: enabled (cluster.cpp:147)
2026-08-12 15:05:24.285 | info     |             UMD | KMD version: 2.10.0 (cluster.cpp:150)
2026-08-12 15:05:24.285 | info     |             UMD | Cluster constructor completed. (cluster.cpp:648)
2026-08-12 15:05:24.287 | info     |             UMD | Starting devices in cluster (cluster.cpp:1184)
2026-08-12 15:05:24.422 | info     |             UMD | Starting devices in cluster completed. (cluster.cpp:1192)
2026-08-12 15:05:24.540 | info     |     Distributed | Using auto discovery to generate mesh graph. (metal_env.cpp:437)
2026-08-12 15:05:24.540 | info     |     Distributed | Constructing control plane using auto-discovery (no mesh graph descriptor). (metal_env.cpp:499)
2026-08-12 15:05:24.540 | warning  |          Always | Unknown motherboard 'B850M-C' for chip_id=0 (bus_id=0x1) — falling back to bus_id as tray_id. Add this motherboard and its bus IDs to mobo_to_bus_ids in physical_system_discovery.cpp. (physical_system_discovery.cpp:119)
2026-08-12 15:05:24.541 | info     |          Fabric | Logical multi-mesh adjacency: intermesh degree histogram {0:1}; intra-mesh degree histograms mesh0 {2:4} (topology_mapper_utils.cpp:3329)
2026-08-12 15:05:24.541 | info     |          Fabric | Physical multi-mesh adjacency: intermesh degree histogram {0:1}; intra-mesh degree histograms mesh0 {2:4} (topology_mapper_utils.cpp:3337)
2026-08-12 15:05:24.581 | warning  |           Metal | Unable to set process priority to 0, error code: -1 (thread_pool.cpp:107)
2026-08-12 15:05:24.582 | warning  |           Metal | Unable to set process priority to 0, error code: -1 (thread_pool.cpp:107)
2026-08-12 15:05:24.582 | warning  |           Metal | Unable to set process priority to 0, error code: -1 (thread_pool.cpp:107)
2026-08-12 15:05:24.583 | warning  |           Metal | Unable to set process priority to 0, error code: -1 (thread_pool.cpp:107)
2026-08-12 15:05:24.583 | warning  |           Metal | Unable to set process priority to 0, error code: -1 (thread_pool.cpp:107)
2026-08-12 15:05:24.584 | warning  |           Metal | Unable to set process priority to 0, error code: -1 (thread_pool.cpp:107)
2026-08-12 15:05:24.584 | warning  |           Metal | Unable to set process priority to 0, error code: -1 (thread_pool.cpp:107)
2026-08-12 15:05:24.585 | warning  |           Metal | Unable to set process priority to 0, error code: -1 (thread_pool.cpp:107)
2026-08-12 15:05:24.585 | info     |           Metal | Initializing Fabric (fabric_firmware_initializer.cpp:296)
2026-08-12 15:05:24.625 | info     |           Metal | Fabric initialized on Device 0 (device.cpp:550)
2026-08-12 15:05:24.626 | info     |           Metal | Fabric initialized on Device 1 (device.cpp:550)
2026-08-12 15:05:24.627 | info     |           Metal | Fabric initialized on Device 2 (device.cpp:550)
2026-08-12 15:05:24.627 | info     |           Metal | Fabric initialized on Device 3 (device.cpp:550)
2026-08-12 15:05:24.627 | info     |           Metal | Fabric initialized on 4 devices (fabric_firmware_initializer.cpp:444)
2026-08-12 15:05:24.627 | info     |           Metal | Fabric Initialized with config FabricConfig::FABRIC_1D_RING (fabric_firmware_initializer.cpp:313)
2026-08-12 15:05:28.416 | warning  |              Op | Allocating semaphores in L1, which may fragment L1 and reduce headroom for subsequent op allocations. Configure an L1_SMALL region to mitigate this. (all_gather_multicast_factory.cpp:42)
2026-08-12 15:05:28.416 | warning  |              Op | Fabric packet size 4352 B is suboptimal for transporting 2048 B pages. Configure 8192 B packet size to maximize throughput. (ccl_common.cpp:70)
2026-08-12 15:05:28.416 | warning  |              Op | Fabric packet size 4352 B is suboptimal for transporting 2048 B pages. Configure 8192 B packet size to maximize throughput. (ccl_common.cpp:70)
2026-08-12 15:05:28.416 | warning  |              Op | Fabric packet size 4352 B is suboptimal for transporting 2048 B pages. Configure 8192 B packet size to maximize throughput. (ccl_common.cpp:70)
2026-08-12 15:05:28.416 | warning  |              Op | Fabric packet size 4352 B is suboptimal for transporting 2048 B pages. Configure 8192 B packet size to maximize throughput. (ccl_common.cpp:70)
TOPO rows=32 tp=4 traced=True S=416.0 KiB
TOPO replicated                   317.24 us   expected_ccl_bytes=    624.0 KiB (1.50 S)
2026-08-12 15:05:30.389 | warning  |              Op | Allocating semaphores in L1, which may fragment L1 and reduce headroom for subsequent op allocations. Configure an L1_SMALL region to mitigate this. (all_gather_multicast_factory.cpp:42)
TOPO replicated_bfp8              312.87 us   expected_ccl_bytes=    312.0 KiB (0.75 S)
2026-08-12 15:05:32.202 | warning  |              Op | Allocating semaphores in L1, which may fragment L1 and reduce headroom for subsequent op allocations. Configure an L1_SMALL region to mitigate this. (all_gather_multicast_factory.cpp:42)
2026-08-12 15:05:32.202 | warning  |              Op | Fabric packet size 4352 B is suboptimal for transporting 2048 B pages. Configure 8192 B packet size to maximize throughput. (ccl_common.cpp:70)
2026-08-12 15:05:32.202 | warning  |              Op | Fabric packet size 4352 B is suboptimal for transporting 2048 B pages. Configure 8192 B packet size to maximize throughput. (ccl_common.cpp:70)
2026-08-12 15:05:32.202 | warning  |              Op | Fabric packet size 4352 B is suboptimal for transporting 2048 B pages. Configure 8192 B packet size to maximize throughput. (ccl_common.cpp:70)
2026-08-12 15:05:32.202 | warning  |              Op | Fabric packet size 4352 B is suboptimal for transporting 2048 B pages. Configure 8192 B packet size to maximize throughput. (ccl_common.cpp:70)
TOPO fractured                    284.30 us   expected_ccl_bytes=    624.0 KiB (1.50 S)
2026-08-12 15:05:33.479 | warning  |              Op | Allocating semaphores in L1, which may fragment L1 and reduce headroom for subsequent op allocations. Configure an L1_SMALL region to mitigate this. (all_gather_multicast_factory.cpp:42)
2026-08-12 15:05:33.479 | warning  |              Op | Fabric packet size 4352 B is suboptimal for transporting 2048 B pages. Configure 8192 B packet size to maximize throughput. (ccl_common.cpp:70)
2026-08-12 15:05:33.479 | warning  |              Op | Fabric packet size 4352 B is suboptimal for transporting 2048 B pages. Configure 8192 B packet size to maximize throughput. (ccl_common.cpp:70)
2026-08-12 15:05:33.479 | warning  |              Op | Fabric packet size 4352 B is suboptimal for transporting 2048 B pages. Configure 8192 B packet size to maximize throughput. (ccl_common.cpp:70)
2026-08-12 15:05:33.479 | warning  |              Op | Fabric packet size 4352 B is suboptimal for transporting 2048 B pages. Configure 8192 B packet size to maximize throughput. (ccl_common.cpp:70)
TOPO gather_heads                 345.08 us   expected_ccl_bytes=    504.0 KiB (1.21 S)
TOPO gather_heads_fractured       312.79 us   expected_ccl_bytes=    504.0 KiB (1.21 S)
nanobind: leaked 3 instances!
 - leaked instance 0x704b100ca4d8 of type "ttnn._ttnn.multi_device.MeshCoordinate"
 - leaked instance 0x704b100ca2f8 of type "ttnn._ttnn.multi_device.MeshCoordinate"
 - leaked instance 0x704abc235248 of type "ttnn._ttnn.tensor.CoreRangeSet"
nanobind: leaked 45 types!
 - leaked type "DispatchCoreAxis"
 - leaked type "ttnn._ttnn.device.SubDeviceManagerId"
 - leaked type "MathFidelity"
 - leaked type "ttnn._ttnn.operations.matmul.MatmulMultiCoreReuseMultiCast1DProgramConfig"
 - leaked type "ttnn._ttnn.types.Shape"
 - leaked type "ttnn._ttnn.operations.matmul.MatmulInputs"
 - leaked type "ttnn._ttnn.multi_device.MeshMapperConfig"
 - leaked type "ttnn._ttnn.operations.matmul.MatmulMultiCoreReuseMultiCastBatchedDRAMShardedProgramConfig"
 - leaked type "BufferType"
 - leaked type "UnaryOpType"
 - ... skipped remainder
nanobind: leaked 372 functions!
 - leaked function "ClearKernelCache"
 - leaked function "quiesce_devices"
 - leaked function "__init__"
 - leaked function "deallocate"
 - leaked function "get_layout"
 - leaked function "ranges"
 - leaked function "set_sub_device_stall_group"
 - leaked function "get_dtype"
 - leaked function "__init__"
 - leaked function ""
 - ... skipped remainder
nanobind: this is likely caused by a reference counting issue in the binding code.
See https://nanobind.readthedocs.io/en/latest/refleaks.html2026-08-12 15:05:34.376 | info     |    BuildKernels | JIT cache stats: 92/142 hits (64.8%) [92 cached, 112 build-once dedup, 0 merged artifacts, 0 merged genfiles] (build_cache_telemetry.cpp:207)
2026-08-12 15:05:34.376 | info     |    BuildKernels | JIT telemetry: 3 registered TelemetryTokens (build_cache_telemetry.cpp:230)
2026-08-12 15:05:34.389 | info     |          Device | Closing user mode device drivers (tt_cluster.cpp:513)
2026-08-12 15:05:34.389 | info     |             UMD | Closing devices in cluster (cluster.cpp:1197)
2026-08-12 15:05:34.783 | info     |             UMD | Closing devices in cluster completed. (cluster.cpp:1206)
2026-08-12 15:05:34.783 | info     |             UMD | Cluster destructor started. (cluster.cpp:912)
2026-08-12 15:05:34.783 | info     |             UMD | Cluster destructor completed. (cluster.cpp:915)
